Feb 16 06:27:17 ip-172-31-69-25 systemd[1]: Starting Daily apt upgrade and clean activities...
Feb 16 06:27:19 ip-172-31-69-25 systemd[1]: Started Daily apt upgrade and clean activities.
Feb 16 06:35:54 ip-172-31-69-25 dhclient[922]: DHCPREQUEST of 172.31.69.25 on eth0 to 172.31.69.1 port 67 (xid=0x6df277b)
Feb 16 06:35:54 ip-172-31-69-25 dhclient[922]: DHCPACK of 172.31.69.25 from 172.31.69.1
Feb 16 06:35:54 ip-172-31-69-25 dhclient[922]: bound to 172.31.69.25 -- renewal in 1484 seconds.
Feb 16 06:39:01 ip-172-31-69-25 CRON[11418]: (root) CMD (  [ -x /usr/lib/php/sessionclean ] && /usr/lib/php/sessionclean)
Feb 16 07:00:39 ip-172-31-69-25 dhclient[922]: DHCPREQUEST of 172.31.69.25 on eth0 to 172.31.69.1 port 67 (xid=0x6df277b)
Feb 16 07:00:39 ip-172-31-69-25 dhclient[922]: DHCPACK of 172.31.69.25 from 172.31.69.1
Feb 16 07:00:39 ip-172-31-69-25 dhclient[922]: bound to 172.31.69.25 -- renewal in 1495 seconds.
Feb 16 07:09:01 ip-172-31-69-25 CRON[11517]: (root) CMD (  [ -x /usr/lib/php/sessionclean ] && /usr/lib/php/sessionclean)
Feb 16 07:17:02 ip-172-31-69-25 CRON[11604]: (root) CMD (   cd / && run-parts --report /etc/cron.hourly)
Feb 16 07:25:35 ip-172-31-69-25 dhclient[922]: DHCPREQUEST of 172.31.69.25 on eth0 to 172.31.69.1 port 67 (xid=0x6df277b)
Feb 16 07:25:35 ip-172-31-69-25 dhclient[922]: DHCPACK of 172.31.69.25 from 172.31.69.1
Feb 16 07:25:35 ip-172-31-69-25 dhclient[922]: bound to 172.31.69.25 -- renewal in 1354 seconds.
Feb 16 07:39:01 ip-172-31-69-25 CRON[11625]: (root) CMD (  [ -x /usr/lib/php/sessionclean ] && /usr/lib/php/sessionclean)
Feb 16 07:48:09 ip-172-31-69-25 dhclient[922]: DHCPREQUEST of 172.31.69.25 on eth0 to 172.31.69.1 port 67 (xid=0x6df277b)
Feb 16 07:48:09 ip-172-31-69-25 dhclient[922]: DHCPACK of 172.31.69.25 from 172.31.69.1
Feb 16 07:48:09 ip-172-31-69-25 dhclient[922]: bound to 172.31.69.25 -- renewal in 1760 seconds.
Feb 16 08:09:01 ip-172-31-69-25 CRON[11722]: (root) CMD (  [ -x /usr/lib/php/sessionclean ] && /usr/lib/php/sessionclean)
Feb 16 08:15:12 ip-172-31-69-25 systemd[1]: Received SIGINT.
Feb 16 08:15:12 ip-172-31-69-25 systemd[1]: Stopped target Cloud-init target.
Feb 16 08:15:12 ip-172-31-69-25 systemd[1]: Stopping ACPI event daemon...
Feb 16 08:15:12 ip-172-31-69-25 systemd[1]: Stopping Session 819 of user ubuntu.
Feb 16 08:15:12 ip-172-31-69-25 systemd[1]: Stopped Execute cloud user/final scripts.
Feb 16 08:15:12 ip-172-31-69-25 systemd[1]: Stopped Apply the settings specified in cloud-config.
Feb 16 08:15:12 ip-172-31-69-25 systemd[1]: Stopped target Timers.
Feb 16 08:15:12 ip-172-31-69-25 systemd[1]: Stopped Timer to automatically refresh installed snaps.
Feb 16 08:15:12 ip-172-31-69-25 systemd[1]: Stopped Daily Cleanup of Temporary Directories.
Feb 16 08:15:12 ip-172-31-69-25 kernel: [1031302.416958] device eth0 left promiscuous mode
Feb 16 08:15:12 ip-172-31-69-25 systemd[1]: Stopping Session 1 of user ubuntu.
Feb 16 08:15:12 ip-172-31-69-25 systemd[1]: Stopping Session 861 of user ubuntu.
Feb 16 08:15:12 ip-172-31-69-25 systemd[1]: Stopped Daily apt upgrade and clean activities.
Feb 16 08:15:12 ip-172-31-69-25 systemd[1]: Stopped Daily apt download activities.
Feb 16 08:15:12 ip-172-31-69-25 systemd[1]: Stopped target System Time Synchronized.
Feb 16 08:15:12 ip-172-31-69-25 systemd[1]: Stopped target Graphical Interface.
Feb 16 08:15:12 ip-172-31-69-25 systemd[1]: Stopping Accounts Service...
Feb 16 08:15:12 ip-172-31-69-25 systemd[1]: Stopped target Multi-User System.
Feb 16 06:25:01 ip-172-31-69-25 rsyslogd: message repeated 14 times: [ [origin software="rsyslogd" swVersion="8.16.0" x-pid="1134" x-info="http://www.rsyslog.com"] rsyslogd was HUPed]
Feb 16 08:15:12 ip-172-31-69-25 rsyslogd: [origin software="rsyslogd" swVersion="8.16.0" x-pid="1134" x-info="http://www.rsyslog.com"] exiting on signal 15.
Feb 16 08:15:48 ip-172-31-69-25 rsyslogd: [origin software="rsyslogd" swVersion="8.16.0" x-pid="1119" x-info="http://www.rsyslog.com"] start
Feb 16 08:15:48 ip-172-31-69-25 rsyslogd-2222: command 'KLogPermitNonKernelFacility' is currently not permitted - did you already set it via a RainerScript command (v6+ config)? [v8.16.0 try http://www.rsyslog.com/e/2222 ]
Feb 16 08:15:48 ip-172-31-69-25 rsyslogd: rsyslogd's groupid changed to 108
Feb 16 08:15:48 ip-172-31-69-25 rsyslogd: rsyslogd's userid changed to 104
Feb 16 08:15:48 ip-172-31-69-25 rsyslogd-2039: Could not open output pipe '/dev/xconsole':: No such file or directory [v8.16.0 try http://www.rsyslog.com/e/2039 ]
Feb 16 08:15:48 ip-172-31-69-25 rsyslogd-2007: action 'action 11' suspended, next retry is Wed Feb 16 08:16:18 2018 [v8.16.0 try http://www.rsyslog.com/e/2007 ]
Feb 16 08:15:48 ip-172-31-69-25 kernel: [    0.000000] Initializing cgroup subsys cpuset
Feb 16 08:15:48 ip-172-31-69-25 kernel: [    0.000000] Initializing cgroup subsys cpu
Feb 16 08:15:48 ip-172-31-69-25 kernel: [    0.000000] Initializing cgroup subsys cpuacct
Feb 16 08:15:48 ip-172-31-69-25 kernel: [    0.000000] Linux version 4.4.0-1052-aws (buildd@lgw01-amd64-031) (gcc version 5.4.0 20160609 (Ubuntu 5.4.0-6ubuntu1~16.04.9) ) #61-Ubuntu SMP Mon Feb 12 23:05:58 UTC 2018 (Ubuntu 4.4.0-1052.61-aws 4.4.98)
Feb 16 08:15:48 ip-172-31-69-25 kernel: [    0.000000] Command line: BOOT_IMAGE=/boot/vmlinuz-4.4.0-1052-aws root=UUID=ccee1a8d-0785-4b3a-a578-812d59f5d3e1 ro console=tty1 console=ttyS0 nvme.io_timeout=4294967295
Feb 16 08:15:48 ip-172-31-69-25 kernel: [    0.000000] KERNEL supported cpus:
Feb 16 08:15:48 ip-172-31-69-25 kernel: [    0.000000]   Intel GenuineIntel
Feb 16 08:15:48 ip-172-31-69-25 kernel: [    0.000000]   AMD AuthenticAMD
Feb 16 08:15:48 ip-172-31-69-25 kernel: [    0.000000]   Centaur CentaurHauls
Feb 16 08:15:48 ip-172-31-69-25 kernel: [    0.000000] x86/fpu: xstate_offset[2]:  576, xstate_sizes[2]:  256
Feb 16 08:15:48 ip-172-31-69-25 kernel: [    0.000000] x86/fpu: Supporting XSAVE feature 0x01: 'x87 floating point registers'
Feb 16 08:15:48 ip-172-31-69-25 kernel: [    0.000000] x86/fpu: Supporting XSAVE feature 0x02: 'SSE registers'
Feb 16 08:15:48 ip-172-31-69-25 kernel: [    0.000000] x86/fpu: Supporting XSAVE feature 0x04: 'AVX registers'
Feb 16 08:15:48 ip-172-31-69-25 kernel: [    0.000000] x86/fpu: Enabled xstate features 0x7, context size is 832 bytes, using 'standard' format.
Feb 16 08:15:48 ip-172-31-69-25 kernel: [    0.000000] x86/fpu: Using 'eager' FPU context switches.
Feb 16 08:15:48 ip-172-31-69-25 kernel: [    0.000000] e820: BIOS-provided physical RAM map:
Feb 16 08:15:48 ip-172-31-69-25 kernel: [    0.000000] BIOS-e820: [mem 0x0000000000000000-0x000000000009dfff] usable
Feb 16 08:15:48 ip-172-31-69-25 kernel: [    0.000000] BIOS-e820: [mem 0x000000000009e000-0x000000000009ffff] reserved
Feb 16 08:15:48 ip-172-31-69-25 kernel: [    0.000000] BIOS-e820: [mem 0x00000000000e0000-0x00000000000fffff] reserved
Feb 16 08:15:48 ip-172-31-69-25 kernel: [    0.000000] BIOS-e820: [mem 0x0000000000100000-0x000000003fffffff] usable
Feb 16 08:15:48 ip-172-31-69-25 kernel: [    0.000000] BIOS-e820: [mem 0x00000000fc000000-0x00000000ffffffff] reserved
Feb 16 08:15:48 ip-172-31-69-25 kernel: [    0.000000] NX (Execute Disable) protection: active
Feb 16 08:15:48 ip-172-31-69-25 kernel: [    0.000000] SMBIOS 2.7 present.
Feb 16 08:15:48 ip-172-31-69-25 kernel: [    0.000000] DMI: Xen HVM domU, BIOS 4.2.amazon 08/24/2006
Feb 16 08:15:48 ip-172-31-69-25 kernel: [    0.000000] Hypervisor detected: Xen
Feb 16 08:15:48 ip-172-31-69-25 kernel: [    0.000000] Xen version 4.2.
Feb 16 08:15:48 ip-172-31-69-25 kernel: [    0.000000] Xen Platform PCI: I/O protocol version 1
Feb 16 08:15:48 ip-172-31-69-25 kernel: [    0.000000] Netfront and the Xen platform PCI driver have been compiled for this kernel: unplug emulated NICs.
Feb 16 08:15:48 ip-172-31-69-25 kernel: [    0.000000] Blkfront and the Xen platform PCI driver have been compiled for this kernel: unplug emulated disks.
Feb 16 08:15:48 ip-172-31-69-25 kernel: [    0.000000] You might have to change the root device
Feb 16 08:15:48 ip-172-31-69-25 kernel: [    0.000000] from /dev/hd[a-d] to /dev/xvd[a-d]
Feb 16 08:15:48 ip-172-31-69-25 kernel: [    0.000000] in your root= kernel command line option
Feb 16 08:15:48 ip-172-31-69-25 kernel: [    0.000000] HVMOP_pagetable_dying not supported
Feb 16 08:15:48 ip-172-31-69-25 kernel: [    0.000000] e820: update [mem 0x00000000-0x00000fff] usable ==> reserved
Feb 16 08:15:48 ip-172-31-69-25 kernel: [    0.000000] e820: remove [mem 0x000a0000-0x000fffff] usable
Feb 16 08:15:48 ip-172-31-69-25 kernel: [    0.000000] e820: last_pfn = 0x40000 max_arch_pfn = 0x400000000
Feb 16 08:15:48 ip-172-31-69-25 kernel: [    0.000000] MTRR default type: write-back
Feb 16 08:15:48 ip-172-31-69-25 kernel: [    0.000000] MTRR fixed ranges enabled:
Feb 16 08:15:48 ip-172-31-69-25 kernel: [    0.000000]   00000-9FFFF write-back
Feb 16 08:15:48 ip-172-31-69-25 kernel: [    0.000000]   A0000-BFFFF write-combining
Feb 16 08:15:48 ip-172-31-69-25 kernel: [    0.000000]   C0000-FFFFF write-back
Feb 16 08:15:48 ip-172-31-69-25 kernel: [    0.000000] MTRR variable ranges enabled:
Feb 16 08:15:48 ip-172-31-69-25 kernel: [    0.000000]   0 base 0000F0000000 mask 3FFFF8000000 uncachable
Feb 16 08:15:48 ip-172-31-69-25 kernel: [    0.000000]   1 base 0000F8000000 mask 3FFFFC000000 uncachable
Feb 16 08:15:48 ip-172-31-69-25 kernel: [    0.000000]   2 disabled
Feb 16 08:15:48 ip-172-31-69-25 kernel: [    0.000000]   3 disabled
Feb 16 08:15:48 ip-172-31-69-25 kernel: [    0.000000]   4 disabled
Feb 16 08:15:48 ip-172-31-69-25 kernel: [    0.000000]   5 disabled
Feb 16 08:15:48 ip-172-31-69-25 kernel: [    0.000000]   6 disabled
Feb 16 08:15:48 ip-172-31-69-25 kernel: [    0.000000]   7 disabled
Feb 16 08:15:48 ip-172-31-69-25 kernel: [    0.000000] x86/PAT: Configuration [0-7]: WB  WC  UC- UC  WB  WC  UC- WT  
Feb 16 08:15:48 ip-172-31-69-25 kernel: [    0.000000] found SMP MP-table at [mem 0x000fbc20-0x000fbc2f] mapped at [ffff8800000fbc20]
Feb 16 08:15:48 ip-172-31-69-25 kernel: [    0.000000] Scanning 1 areas for low memory corruption
Feb 16 08:15:48 ip-172-31-69-25 kernel: [    0.000000] Base memory trampoline at [ffff880000098000] 98000 size 24576
Feb 16 08:15:48 ip-172-31-69-25 kernel: [    0.000000] BRK [0x021fd000, 0x021fdfff] PGTABLE
Feb 16 08:15:48 ip-172-31-69-25 kernel: [    0.000000] BRK [0x021fe000, 0x021fefff] PGTABLE
Feb 16 08:15:48 ip-172-31-69-25 kernel: [    0.000000] BRK [0x021ff000, 0x021fffff] PGTABLE
Feb 16 08:15:48 ip-172-31-69-25 kernel: [    0.000000] RAMDISK: [mem 0x367d6000-0x373e2fff]
Feb 16 08:15:48 ip-172-31-69-25 kernel: [    0.000000] ACPI: Early table checksum verification disabled
Feb 16 08:15:48 ip-172-31-69-25 kernel: [    0.000000] ACPI: RSDP 0x00000000000EA020 000024 (v02 Xen   )
Feb 16 08:15:48 ip-172-31-69-25 kernel: [    0.000000] ACPI: XSDT 0x00000000FC00DDC0 000054 (v01 Xen    HVM      00000000 HVML 00000000)
Feb 16 08:15:48 ip-172-31-69-25 kernel: [    0.000000] ACPI: FACP 0x00000000FC00DA80 0000F4 (v04 Xen    HVM      00000000 HVML 00000000)
Feb 16 08:15:48 ip-172-31-69-25 kernel: [    0.000000] ACPI: DSDT 0x00000000FC001CE0 00BD19 (v02 Xen    HVM      00000000 INTL 20090123)
Feb 16 08:15:48 ip-172-31-69-25 kernel: [    0.000000] ACPI: FACS 0x00000000FC001CA0 000040
Feb 16 08:15:48 ip-172-31-69-25 kernel: [    0.000000] ACPI: FACS 0x00000000FC001CA0 000040
Feb 16 08:15:48 ip-172-31-69-25 kernel: [    0.000000] ACPI: APIC 0x00000000FC00DB80 0000D8 (v02 Xen    HVM      00000000 HVML 00000000)
Feb 16 08:15:48 ip-172-31-69-25 kernel: [    0.000000] ACPI: HPET 0x00000000FC00DCD0 000038 (v01 Xen    HVM      00000000 HVML 00000000)
Feb 16 08:15:48 ip-172-31-69-25 kernel: [    0.000000] ACPI: WAET 0x00000000FC00DD10 000028 (v01 Xen    HVM      00000000 HVML 00000000)
Feb 16 08:15:48 ip-172-31-69-25 kernel: [    0.000000] ACPI: SSDT 0x00000000FC00DD40 000031 (v02 Xen    HVM      00000000 INTL 20090123)
Feb 16 08:15:48 ip-172-31-69-25 kernel: [    0.000000] ACPI: SSDT 0x00000000FC00DD80 000031 (v02 Xen    HVM      00000000 INTL 20090123)
Feb 16 08:15:48 ip-172-31-69-25 kernel: [    0.000000] ACPI: Local APIC address 0xfee00000
Feb 16 08:15:48 ip-172-31-69-25 kernel: [    0.000000] No NUMA configuration found
Feb 16 08:15:48 ip-172-31-69-25 kernel: [    0.000000] Faking a node at [mem 0x0000000000000000-0x000000003fffffff]
Feb 16 08:15:48 ip-172-31-69-25 kernel: [    0.000000] NODE_DATA(0) allocated [mem 0x3fffb000-0x3fffffff]
Feb 16 08:15:48 ip-172-31-69-25 kernel: [    0.000000] Zone ranges:
Feb 16 08:15:48 ip-172-31-69-25 kernel: [    0.000000]   DMA      [mem 0x0000000000001000-0x0000000000ffffff]
Feb 16 08:15:48 ip-172-31-69-25 kernel: [    0.000000]   DMA32    [mem 0x0000000001000000-0x000000003fffffff]
Feb 16 08:15:48 ip-172-31-69-25 kernel: [    0.000000]   Normal   empty
Feb 16 08:15:48 ip-172-31-69-25 kernel: [    0.000000]   Device   empty
Feb 16 08:15:48 ip-172-31-69-25 kernel: [    0.000000] Movable zone start for each node
Feb 16 08:15:48 ip-172-31-69-25 kernel: [    0.000000] Early memory node ranges
Feb 16 08:15:48 ip-172-31-69-25 kernel: [    0.000000]   node   0: [mem 0x0000000000001000-0x000000000009dfff]
Feb 16 08:15:48 ip-172-31-69-25 kernel: [    0.000000]   node   0: [mem 0x0000000000100000-0x000000003fffffff]
Feb 16 08:15:48 ip-172-31-69-25 kernel: [    0.000000] Initmem setup node 0 [mem 0x0000000000001000-0x000000003fffffff]
Feb 16 08:15:48 ip-172-31-69-25 kernel: [    0.000000] On node 0 totalpages: 262045
Feb 16 08:15:48 ip-172-31-69-25 kernel: [    0.000000]   DMA zone: 64 pages used for memmap
Feb 16 08:15:48 ip-172-31-69-25 kernel: [    0.000000]   DMA zone: 21 pages reserved
Feb 16 08:15:48 ip-172-31-69-25 kernel: [    0.000000]   DMA zone: 3997 pages, LIFO batch:0
Feb 16 08:15:48 ip-172-31-69-25 kernel: [    0.000000]   DMA32 zone: 4032 pages used for memmap
Feb 16 08:15:48 ip-172-31-69-25 kernel: [    0.000000]   DMA32 zone: 258048 pages, LIFO batch:31
Feb 16 08:15:48 ip-172-31-69-25 kernel: [    0.000000] ACPI: PM-Timer IO Port: 0xb008
Feb 16 08:15:48 ip-172-31-69-25 kernel: [    0.000000] ACPI: Local APIC address 0xfee00000
Feb 16 08:15:48 ip-172-31-69-25 kernel: [    0.000000] IOAPIC[0]: apic_id 1, version 17, address 0xfec00000, GSI 0-47
Feb 16 08:15:48 ip-172-31-69-25 kernel: [    0.000000] ACPI: INT_SRC_OVR (bus 0 bus_irq 0 global_irq 2 dfl dfl)
Feb 16 08:15:48 ip-172-31-69-25 kernel: [    0.000000] ACPI: INT_SRC_OVR (bus 0 bus_irq 5 global_irq 5 low level)
Feb 16 08:15:48 ip-172-31-69-25 kernel: [    0.000000] ACPI: INT_SRC_OVR (bus 0 bus_irq 10 global_irq 10 low level)
Feb 16 08:15:48 ip-172-31-69-25 kernel: [    0.000000] ACPI: INT_SRC_OVR (bus 0 bus_irq 11 global_irq 11 low level)
Feb 16 08:15:48 ip-172-31-69-25 kernel: [    0.000000] ACPI: IRQ0 used by override.
Feb 16 08:15:48 ip-172-31-69-25 kernel: [    0.000000] ACPI: IRQ5 used by override.
Feb 16 08:15:48 ip-172-31-69-25 kernel: [    0.000000] ACPI: IRQ9 used by override.
Feb 16 08:15:48 ip-172-31-69-25 kernel: [    0.000000] ACPI: IRQ10 used by override.
Feb 16 08:15:48 ip-172-31-69-25 kernel: [    0.000000] ACPI: IRQ11 used by override.
Feb 16 08:15:48 ip-172-31-69-25 kernel: [    0.000000] Using ACPI (MADT) for SMP configuration information
Feb 16 08:15:48 ip-172-31-69-25 kernel: [    0.000000] ACPI: HPET id: 0x8086a201 base: 0xfed00000
Feb 16 08:15:48 ip-172-31-69-25 kernel: [    0.000000] smpboot: Allowing 15 CPUs, 14 hotplug CPUs
Feb 16 08:15:48 ip-172-31-69-25 kernel: [    0.000000] PM: Registered nosave memory: [mem 0x00000000-0x00000fff]
Feb 16 08:15:48 ip-172-31-69-25 kernel: [    0.000000] PM: Registered nosave memory: [mem 0x0009e000-0x0009ffff]
Feb 16 08:15:48 ip-172-31-69-25 kernel: [    0.000000] PM: Registered nosave memory: [mem 0x000a0000-0x000dffff]
Feb 16 08:15:48 ip-172-31-69-25 kernel: [    0.000000] PM: Registered nosave memory: [mem 0x000e0000-0x000fffff]
Feb 16 08:15:48 ip-172-31-69-25 kernel: [    0.000000] e820: [mem 0x40000000-0xfbffffff] available for PCI devices
Feb 16 08:15:48 ip-172-31-69-25 kernel: [    0.000000] Booting paravirtualized kernel on Xen HVM
Feb 16 08:15:48 ip-172-31-69-25 kernel: [    0.000000] clocksource: refined-jiffies: mask: 0xffffffff max_cycles: 0xffffffff, max_idle_ns: 7645519600211568 ns
Feb 16 08:15:48 ip-172-31-69-25 kernel: [    0.000000] setup_percpu: NR_CPUS:256 nr_cpumask_bits:256 nr_cpu_ids:15 nr_node_ids:1
Feb 16 08:15:48 ip-172-31-69-25 kernel: [    0.000000] PERCPU: Embedded 34 pages/cpu @ffff88003e200000 s99160 r8192 d31912 u262144
Feb 16 08:15:48 ip-172-31-69-25 kernel: [    0.000000] pcpu-alloc: s99160 r8192 d31912 u262144 alloc=1*2097152
Feb 16 08:15:48 ip-172-31-69-25 kernel: [    0.000000] pcpu-alloc: [0] 00 01 02 03 04 05 06 07 [0] 08 09 10 11 12 13 14 -- 
Feb 16 08:15:48 ip-172-31-69-25 kernel: [    0.000000] xen: PV spinlocks enabled
Feb 16 08:15:48 ip-172-31-69-25 kernel: [    0.000000] PV qspinlock hash table entries: 256 (order: 0, 4096 bytes)
Feb 16 08:15:48 ip-172-31-69-25 kernel: [    0.000000] Built 1 zonelists in Node order, mobility grouping on.  Total pages: 257928
Feb 16 08:15:48 ip-172-31-69-25 kernel: [    0.000000] Policy zone: DMA32
Feb 16 08:15:48 ip-172-31-69-25 kernel: [    0.000000] Kernel command line: BOOT_IMAGE=/boot/vmlinuz-4.4.0-1052-aws root=UUID=ccee1a8d-0785-4b3a-a578-812d59f5d3e1 ro console=tty1 console=ttyS0 nvme.io_timeout=4294967295
Feb 16 08:15:48 ip-172-31-69-25 kernel: [    0.000000] PID hash table entries: 4096 (order: 3, 32768 bytes)
Feb 16 08:15:48 ip-172-31-69-25 kernel: [    0.000000] Calgary: detecting Calgary via BIOS EBDA area
Feb 16 08:15:48 ip-172-31-69-25 kernel: [    0.000000] Calgary: Unable to locate Rio Grande table in EBDA - bailing!
Feb 16 08:15:48 ip-172-31-69-25 kernel: [    0.000000] Memory: 998612K/1048180K available (8351K kernel code, 1276K rwdata, 3876K rodata, 1492K init, 1264K bss, 49568K reserved, 0K cma-reserved)
Feb 16 08:15:48 ip-172-31-69-25 kernel: [    0.000000] SLUB: HWalign=64, Order=0-3, MinObjects=0, CPUs=15, Nodes=1
Feb 16 08:15:48 ip-172-31-69-25 kernel: [    0.000000] Kernel/User page tables isolation: enabled
Feb 16 08:15:48 ip-172-31-69-25 kernel: [    0.000000] Hierarchical RCU implementation.
Feb 16 08:15:48 ip-172-31-69-25 kernel: [    0.000000] 	Build-time adjustment of leaf fanout to 64.
Feb 16 08:15:48 ip-172-31-69-25 kernel: [    0.000000] 	RCU restricting CPUs from NR_CPUS=256 to nr_cpu_ids=15.
Feb 16 08:15:48 ip-172-31-69-25 kernel: [    0.000000] RCU: Adjusting geometry for rcu_fanout_leaf=64, nr_cpu_ids=15
Feb 16 08:15:48 ip-172-31-69-25 kernel: [    0.000000] NR_IRQS:16640 nr_irqs:952 16
Feb 16 08:15:48 ip-172-31-69-25 kernel: [    0.000000] xen:events: Using 2-level ABI
Feb 16 08:15:48 ip-172-31-69-25 kernel: [    0.000000] xen:events: Xen HVM callback vector for event delivery is enabled
Feb 16 08:15:48 ip-172-31-69-25 kernel: [    0.000000] Console: colour VGA+ 80x25
Feb 16 08:15:48 ip-172-31-69-25 kernel: [    0.000000] console [tty1] enabled
Feb 16 08:15:48 ip-172-31-69-25 kernel: [    0.000000] Cannot get hvm parameter CONSOLE_EVTCHN (18): -22!
Feb 16 08:15:48 ip-172-31-69-25 kernel: [    0.000000] console [ttyS0] enabled
Feb 16 08:15:48 ip-172-31-69-25 kernel: [    0.000000] clocksource: hpet: mask: 0xffffffff max_cycles: 0xffffffff, max_idle_ns: 30580167144 ns
Feb 16 08:15:48 ip-172-31-69-25 kernel: [    0.000000] hpet clockevent registered
Feb 16 08:15:48 ip-172-31-69-25 kernel: [    0.000000] tsc: Detected 2400.050 MHz processor
Feb 16 08:15:48 ip-172-31-69-25 kernel: [    0.012000] Calibrating delay loop (skipped), value calculated using timer frequency.. 4800.10 BogoMIPS (lpj=9600200)
Feb 16 08:15:48 ip-172-31-69-25 kernel: [    0.016003] pid_max: default: 32768 minimum: 301
Feb 16 08:15:48 ip-172-31-69-25 kernel: [    0.019162] ACPI: Core revision 20150930
Feb 16 08:15:48 ip-172-31-69-25 kernel: [    0.027525] ACPI: 3 ACPI AML tables successfully acquired and loaded
Feb 16 08:15:48 ip-172-31-69-25 kernel: [    0.032036] Security Framework initialized
Feb 16 08:15:48 ip-172-31-69-25 kernel: [    0.034669] Yama: becoming mindful.
Feb 16 08:15:48 ip-172-31-69-25 kernel: [    0.036026] AppArmor: AppArmor initialized
Feb 16 08:15:48 ip-172-31-69-25 kernel: [    0.038682] Dentry cache hash table entries: 131072 (order: 8, 1048576 bytes)
Feb 16 08:15:48 ip-172-31-69-25 kernel: [    0.044181] Inode-cache hash table entries: 65536 (order: 7, 524288 bytes)
Feb 16 08:15:48 ip-172-31-69-25 kernel: [    0.048087] Mount-cache hash table entries: 2048 (order: 2, 16384 bytes)
Feb 16 08:15:48 ip-172-31-69-25 kernel: [    0.052005] Mountpoint-cache hash table entries: 2048 (order: 2, 16384 bytes)
Feb 16 08:15:48 ip-172-31-69-25 kernel: [    0.056191] Initializing cgroup subsys io
Feb 16 08:15:48 ip-172-31-69-25 kernel: [    0.060007] Initializing cgroup subsys memory
Feb 16 08:15:48 ip-172-31-69-25 kernel: [    0.063254] Initializing cgroup subsys devices
Feb 16 08:15:48 ip-172-31-69-25 kernel: [    0.064007] Initializing cgroup subsys freezer
Feb 16 08:15:48 ip-172-31-69-25 kernel: [    0.068004] Initializing cgroup subsys net_cls
Feb 16 08:15:48 ip-172-31-69-25 kernel: [    0.072003] Initializing cgroup subsys perf_event
Feb 16 08:15:48 ip-172-31-69-25 kernel: [    0.076008] Initializing cgroup subsys net_prio
Feb 16 08:15:48 ip-172-31-69-25 kernel: [    0.079172] Initializing cgroup subsys hugetlb
Feb 16 08:15:48 ip-172-31-69-25 kernel: [    0.080006] Initializing cgroup subsys pids
Feb 16 08:15:48 ip-172-31-69-25 kernel: [    0.084070] CPU: Physical Processor ID: 0
Feb 16 08:15:48 ip-172-31-69-25 kernel: [    0.088010] FEATURE SPEC_CTRL Not Present
Feb 16 08:15:48 ip-172-31-69-25 kernel: [    0.092144] mce: CPU supports 2 MCE banks
Feb 16 08:15:48 ip-172-31-69-25 kernel: [    0.095032] Last level iTLB entries: 4KB 1024, 2MB 1024, 4MB 1024
Feb 16 08:15:48 ip-172-31-69-25 kernel: [    0.096004] Last level dTLB entries: 4KB 1024, 2MB 1024, 4MB 1024, 1GB 4
Feb 16 08:15:48 ip-172-31-69-25 kernel: [    0.100005] Spectre V2 mitigation: Mitigation: Full generic retpoline
Feb 16 08:15:48 ip-172-31-69-25 kernel: [    0.104004] Spectre V2 mitigation: Speculation control IBPB not-supported IBRS not-supported
Feb 16 08:15:48 ip-172-31-69-25 kernel: [    0.130594] ftrace: allocating 31292 entries in 123 pages
Feb 16 08:15:48 ip-172-31-69-25 kernel: [    0.176106] smpboot: APIC(0) Converting physical 0 to logical package 0
Feb 16 08:15:48 ip-172-31-69-25 kernel: [    0.180004] smpboot: Max logical packages: 15
Feb 16 08:15:48 ip-172-31-69-25 kernel: [    0.184608] x2apic: IRQ remapping doesn't support X2APIC mode
Feb 16 08:15:48 ip-172-31-69-25 kernel: [    0.192004] Switched APIC routing to physical flat.
Feb 16 08:15:48 ip-172-31-69-25 kernel: [    0.198064] ..TIMER: vector=0x30 apic1=0 pin1=2 apic2=0 pin2=0
Feb 16 08:15:48 ip-172-31-69-25 kernel: [    0.204004] clocksource: xen: mask: 0xffffffffffffffff max_cycles: 0x1cd42e4dffb, max_idle_ns: 881590591483 ns
Feb 16 08:15:48 ip-172-31-69-25 kernel: [    0.212009] Xen: using vcpuop timer interface
Feb 16 08:15:48 ip-172-31-69-25 kernel: [    0.212018] installing Xen timer for CPU 0
Feb 16 08:15:48 ip-172-31-69-25 kernel: [    0.216076] smpboot: CPU0: Intel(R) Xeon(R) CPU E5-2676 v3 @ 2.40GHz (family: 0x6, model: 0x3f, stepping: 0x2)
Feb 16 08:15:48 ip-172-31-69-25 kernel: [    0.224032] cpu 0 spinlock event irq 53
Feb 16 08:15:48 ip-172-31-69-25 kernel: [    0.228013] Performance Events: unsupported p6 CPU model 63 no PMU driver, software events only.
Feb 16 08:15:48 ip-172-31-69-25 kernel: [    0.236807] x86: Booted up 1 node, 1 CPUs
Feb 16 08:15:48 ip-172-31-69-25 kernel: [    0.240006] smpboot: Total of 1 processors activated (4800.10 BogoMIPS)
Feb 16 08:15:48 ip-172-31-69-25 kernel: [    0.244020] NMI watchdog: disabled (cpu0): hardware events not enabled
Feb 16 08:15:48 ip-172-31-69-25 kernel: [    0.248004] NMI watchdog: Shutting down hard lockup detector on all cpus
Feb 16 08:15:48 ip-172-31-69-25 kernel: [    0.252356] devtmpfs: initialized
Feb 16 08:15:48 ip-172-31-69-25 kernel: [    0.257409] evm: security.selinux
Feb 16 08:15:48 ip-172-31-69-25 kernel: [    0.260009] evm: security.SMACK64
Feb 16 08:15:48 ip-172-31-69-25 kernel: [    0.262449] evm: security.SMACK64EXEC
Feb 16 08:15:48 ip-172-31-69-25 kernel: [    0.264003] evm: security.SMACK64TRANSMUTE
Feb 16 08:15:48 ip-172-31-69-25 kernel: [    0.267121] evm: security.SMACK64MMAP
Feb 16 08:15:48 ip-172-31-69-25 kernel: [    0.268005] evm: security.ima
Feb 16 08:15:48 ip-172-31-69-25 kernel: [    0.270019] evm: security.capability
Feb 16 08:15:48 ip-172-31-69-25 kernel: [    0.272173] clocksource: jiffies: mask: 0xffffffff max_cycles: 0xffffffff, max_idle_ns: 7645041785100000 ns
Feb 16 08:15:48 ip-172-31-69-25 kernel: [    0.276029] futex hash table entries: 4096 (order: 6, 262144 bytes)
Feb 16 08:15:48 ip-172-31-69-25 kernel: [    0.279949] RTC time: 11:15:40, date: 03/14/18
Feb 16 08:15:48 ip-172-31-69-25 kernel: [    0.280132] NET: Registered protocol family 16
Feb 16 08:15:48 ip-172-31-69-25 kernel: [    0.284174] cpuidle: using governor ladder
Feb 16 08:15:48 ip-172-31-69-25 kernel: [    0.288013] cpuidle: using governor menu
Feb 16 08:15:48 ip-172-31-69-25 kernel: [    0.291580] PCCT header not found.
Feb 16 08:15:48 ip-172-31-69-25 kernel: [    0.292077] ACPI: bus type PCI registered
Feb 16 08:15:48 ip-172-31-69-25 kernel: [    0.295535] acpiphp: ACPI Hot Plug PCI Controller Driver version: 0.5
Feb 16 08:15:48 ip-172-31-69-25 kernel: [    0.296380] PCI: Using configuration type 1 for base access
Feb 16 08:15:48 ip-172-31-69-25 kernel: [    0.301103] ACPI: Added _OSI(Module Device)
Feb 16 08:15:48 ip-172-31-69-25 kernel: [    0.304006] ACPI: Added _OSI(Processor Device)
Feb 16 08:15:48 ip-172-31-69-25 kernel: [    0.307763] ACPI: Added _OSI(3.0 _SCP Extensions)
Feb 16 08:15:48 ip-172-31-69-25 kernel: [    0.308008] ACPI: Added _OSI(Processor Aggregator Device)
Feb 16 08:15:48 ip-172-31-69-25 kernel: [    0.313104] xen: --> pirq=16 -> irq=9 (gsi=9)
Feb 16 08:15:48 ip-172-31-69-25 kernel: [    0.316000] ACPI: Interpreter enabled
Feb 16 08:15:48 ip-172-31-69-25 kernel: [    0.316015] ACPI: (supports S0 S4 S5)
Feb 16 08:15:48 ip-172-31-69-25 kernel: [    0.319263] ACPI: Using IOAPIC for interrupt routing
Feb 16 08:15:48 ip-172-31-69-25 kernel: [    0.320039] PCI: Using host bridge windows from ACPI; if necessary, use "pci=nocrs" and report a bug
Feb 16 08:15:48 ip-172-31-69-25 kernel: [    0.373484] ACPI: PCI Root Bridge [PCI0] (domain 0000 [bus 00-ff])
Feb 16 08:15:48 ip-172-31-69-25 kernel: [    0.376012] acpi PNP0A03:00: _OSC: OS supports [ASPM ClockPM Segments MSI]
Feb 16 08:15:48 ip-172-31-69-25 kernel: [    0.380016] acpi PNP0A03:00: _OSC failed (AE_NOT_FOUND); disabling ASPM
Feb 16 08:15:48 ip-172-31-69-25 kernel: [    0.384016] acpi PNP0A03:00: fail to add MMCONFIG information, can't access extended PCI configuration space under this bridge.
Feb 16 08:15:48 ip-172-31-69-25 kernel: [    0.388983] acpiphp: Slot [0] registered
Feb 16 08:15:48 ip-172-31-69-25 kernel: [    0.393143] acpiphp: Slot [3] registered
Feb 16 08:15:48 ip-172-31-69-25 kernel: [    0.396380] acpiphp: Slot [4] registered
Feb 16 08:15:48 ip-172-31-69-25 kernel: [    0.400379] acpiphp: Slot [5] registered
Feb 16 08:15:48 ip-172-31-69-25 kernel: [    0.404400] acpiphp: Slot [6] registered
Feb 16 08:15:48 ip-172-31-69-25 kernel: [    0.408385] acpiphp: Slot [7] registered
Feb 16 08:15:48 ip-172-31-69-25 kernel: [    0.412412] acpiphp: Slot [8] registered
Feb 16 08:15:48 ip-172-31-69-25 kernel: [    0.416408] acpiphp: Slot [9] registered
Feb 16 08:15:48 ip-172-31-69-25 kernel: [    0.420467] acpiphp: Slot [10] registered
Feb 16 08:15:48 ip-172-31-69-25 kernel: [    0.424419] acpiphp: Slot [11] registered
Feb 16 08:15:48 ip-172-31-69-25 kernel: [    0.428395] acpiphp: Slot [12] registered
Feb 16 08:15:48 ip-172-31-69-25 kernel: [    0.432456] acpiphp: Slot [13] registered
Feb 16 08:15:48 ip-172-31-69-25 kernel: [    0.436356] acpiphp: Slot [14] registered
Feb 16 08:15:48 ip-172-31-69-25 kernel: [    0.440000] acpiphp: Slot [15] registered
Feb 16 08:15:48 ip-172-31-69-25 kernel: [    0.440348] acpiphp: Slot [16] registered
Feb 16 08:15:48 ip-172-31-69-25 kernel: [    0.444144] acpiphp: Slot [17] registered
Feb 16 08:15:48 ip-172-31-69-25 kernel: [    0.447921] acpiphp: Slot [18] registered
Feb 16 08:15:48 ip-172-31-69-25 kernel: [    0.448333] acpiphp: Slot [19] registered
Feb 16 08:15:48 ip-172-31-69-25 kernel: [    0.451990] acpiphp: Slot [20] registered
Feb 16 08:15:48 ip-172-31-69-25 kernel: [    0.452353] acpiphp: Slot [21] registered
Feb 16 08:15:48 ip-172-31-69-25 kernel: [    0.456191] acpiphp: Slot [22] registered
Feb 16 08:15:48 ip-172-31-69-25 kernel: [    0.459937] acpiphp: Slot [23] registered
Feb 16 08:15:48 ip-172-31-69-25 kernel: [    0.460363] acpiphp: Slot [24] registered
Feb 16 08:15:48 ip-172-31-69-25 kernel: [    0.464189] acpiphp: Slot [25] registered
Feb 16 08:15:48 ip-172-31-69-25 kernel: [    0.468018] acpiphp: Slot [26] registered
Feb 16 08:15:48 ip-172-31-69-25 kernel: [    0.471869] acpiphp: Slot [27] registered
Feb 16 08:15:48 ip-172-31-69-25 kernel: [    0.472346] acpiphp: Slot [28] registered
Feb 16 08:15:48 ip-172-31-69-25 kernel: [    0.476057] acpiphp: Slot [29] registered
Feb 16 08:15:48 ip-172-31-69-25 kernel: [    0.479769] acpiphp: Slot [30] registered
Feb 16 08:15:48 ip-172-31-69-25 kernel: [    0.480350] acpiphp: Slot [31] registered
Feb 16 08:15:48 ip-172-31-69-25 kernel: [    0.484196] PCI host bridge to bus 0000:00
Feb 16 08:15:48 ip-172-31-69-25 kernel: [    0.487725] pci_bus 0000:00: root bus resource [io  0x0000-0x0cf7 window]
Feb 16 08:15:48 ip-172-31-69-25 kernel: [    0.488008] pci_bus 0000:00: root bus resource [io  0x0d00-0xffff window]
Feb 16 08:15:48 ip-172-31-69-25 kernel: [    0.492008] pci_bus 0000:00: root bus resource [mem 0x000a0000-0x000bffff window]
Feb 16 08:15:48 ip-172-31-69-25 kernel: [    0.496007] pci_bus 0000:00: root bus resource [mem 0xf0000000-0xfbffffff window]
Feb 16 08:15:48 ip-172-31-69-25 systemd-modules-load[394]: Inserted module 'iscsi_tcp'
Feb 16 08:15:48 ip-172-31-69-25 loadkeys[382]: Loading /etc/console-setup/cached.kmap.gz
Feb 16 08:15:48 ip-172-31-69-25 systemd[1]: Started Remount Root and Kernel File Systems.
Feb 16 08:15:48 ip-172-31-69-25 systemd-modules-load[394]: Inserted module 'ib_iser'
Feb 16 08:15:48 ip-172-31-69-25 systemd[1]: Started Create list of required static device nodes for the current kernel.
Feb 16 08:15:48 ip-172-31-69-25 systemd[1]: Started Uncomplicated firewall.
Feb 16 08:15:48 ip-172-31-69-25 systemd[1]: Started Set console keymap.
Feb 16 08:15:48 ip-172-31-69-25 systemd[1]: Started Load Kernel Modules.
Feb 16 08:15:48 ip-172-31-69-25 systemd[1]: Started Nameserver information manager.
Feb 16 08:15:48 ip-172-31-69-25 systemd[1]: Started LVM2 metadata daemon.
Feb 16 08:15:48 ip-172-31-69-25 systemd[1]: Starting Apply Kernel Variables...
Feb 16 08:15:48 ip-172-31-69-25 systemd[1]: Mounting FUSE Control File System...
Feb 16 08:15:48 ip-172-31-69-25 systemd[1]: Starting Create Static Device Nodes in /dev...
Feb 16 08:15:48 ip-172-31-69-25 systemd[1]: Starting Load/Save Random Seed...
Feb 16 08:15:48 ip-172-31-69-25 systemd[1]: Starting Initial cloud-init job (pre-networking)...
Feb 16 08:15:48 ip-172-31-69-25 systemd[1]: Starting udev Coldplug all Devices...
Feb 16 08:15:48 ip-172-31-69-25 systemd[1]: Starting Flush Journal to Persistent Storage...
Feb 16 08:15:48 ip-172-31-69-25 systemd[1]: Mounted FUSE Control File System.
Feb 16 08:15:48 ip-172-31-69-25 systemd[1]: Started Apply Kernel Variables.
Feb 16 08:15:48 ip-172-31-69-25 systemd[1]: Started Create Static Device Nodes in /dev.
Feb 16 08:15:48 ip-172-31-69-25 systemd[1]: Started Load/Save Random Seed.
Feb 16 08:15:48 ip-172-31-69-25 systemd[1]: Starting udev Kernel Device Manager...
Feb 16 08:15:48 ip-172-31-69-25 systemd[1]: Started Flush Journal to Persistent Storage.
Feb 16 08:15:48 ip-172-31-69-25 systemd[1]: Started udev Coldplug all Devices.
Feb 16 08:15:48 ip-172-31-69-25 systemd[1]: Started udev Kernel Device Manager.
Feb 16 08:15:48 ip-172-31-69-25 systemd[1]: Started Dispatch Password Requests to Console Directory Watch.
Feb 16 08:15:48 ip-172-31-69-25 systemd[1]: Started Monitoring of LVM2 mirrors, snapshots etc. using dmeventd or progress polling.
Feb 16 08:15:48 ip-172-31-69-25 systemd[1]: Reached target Local File Systems (Pre).
Feb 16 08:15:48 ip-172-31-69-25 systemd[1]: Reached target Local File Systems.
Feb 16 08:15:48 ip-172-31-69-25 systemd[1]: Starting LSB: AppArmor initialization...
Feb 16 08:15:48 ip-172-31-69-25 systemd[1]: Starting Tell Plymouth To Write Out Runtime Data...
Feb 16 08:15:48 ip-172-31-69-25 systemd[1]: Starting Set console font and keymap...
Feb 16 08:15:48 ip-172-31-69-25 systemd[1]: Starting Create Volatile Files and Directories...
Feb 16 08:15:48 ip-172-31-69-25 systemd-tmpfiles[495]: [/usr/lib/tmpfiles.d/var.conf:14] Duplicate line for path "/var/log", ignoring.
Feb 16 08:15:48 ip-172-31-69-25 systemd[1]: Started Tell Plymouth To Write Out Runtime Data.
Feb 16 08:15:48 ip-172-31-69-25 systemd[1]: Started Create Volatile Files and Directories.
Feb 16 08:15:48 ip-172-31-69-25 systemd[1]: Starting Network Time Synchronization...
Feb 16 08:15:48 ip-172-31-69-25 apparmor[485]:  * Starting AppArmor profiles
Feb 16 08:15:48 ip-172-31-69-25 systemd[1]: Starting Update UTMP about System Boot/Shutdown...
Feb 16 08:15:48 ip-172-31-69-25 systemd[1]: Started Network Time Synchronization.
Feb 16 08:15:48 ip-172-31-69-25 systemd[1]: Reached target System Time Synchronized.
Feb 16 08:15:48 ip-172-31-69-25 systemd[1]: Started Update UTMP about System Boot/Shutdown.
Feb 16 08:15:48 ip-172-31-69-25 apparmor[485]: Skipping profile in /etc/apparmor.d/disable: usr.sbin.rsyslogd
Feb 16 08:15:48 ip-172-31-69-25 apparmor[485]:    ...done.
Feb 16 08:15:48 ip-172-31-69-25 systemd[1]: Started LSB: AppArmor initialization.
Feb 16 08:15:48 ip-172-31-69-25 systemd[1]: Found device /dev/ttyS0.
Feb 16 08:15:48 ip-172-31-69-25 systemd[1]: Found device /sys/subsystem/net/devices/eth0.
Feb 16 08:15:48 ip-172-31-69-25 systemd[1]: Started Set console font and keymap.
Feb 16 08:15:48 ip-172-31-69-25 systemd[1]: Created slice system-getty.slice.
Feb 16 08:15:48 ip-172-31-69-25 systemd[1]: Listening on Load/Save RF Kill Switch Status /dev/rfkill Watch.
Feb 16 08:15:48 ip-172-31-69-25 dhclient[830]: Internet Systems Consortium DHCP Client 4.3.3
Feb 16 08:15:48 ip-172-31-69-25 dhclient[830]: Copyright 2004-2015 Internet Systems Consortium.
Feb 16 08:15:48 ip-172-31-69-25 dhclient[830]: All rights reserved.
Feb 16 08:15:48 ip-172-31-69-25 dhclient[830]: For info, please visit https://www.isc.org/software/dhcp/
Feb 16 08:15:48 ip-172-31-69-25 dhclient[830]: 
Feb 16 08:15:48 ip-172-31-69-25 dhclient[830]: Listening on LPF/eth0/02:d8:a9:4e:38:42
Feb 16 08:15:48 ip-172-31-69-25 dhclient[830]: Sending on   LPF/eth0/02:d8:a9:4e:38:42
Feb 16 08:15:48 ip-172-31-69-25 dhclient[830]: Sending on   Socket/fallback
Feb 16 08:15:48 ip-172-31-69-25 dhclient[830]: DHCPDISCOVER on eth0 to 255.255.255.255 port 67 interval 3 (xid=0x16392402)
Feb 16 08:15:48 ip-172-31-69-25 dhclient[830]: DHCPREQUEST of 172.31.69.25 on eth0 to 255.255.255.255 port 67 (xid=0x2243916)
Feb 16 08:15:48 ip-172-31-69-25 dhclient[830]: DHCPOFFER of 172.31.69.25 from 172.31.69.1
Feb 16 08:15:48 ip-172-31-69-25 dhclient[830]: DHCPACK of 172.31.69.25 from 172.31.69.1
Feb 16 08:15:48 ip-172-31-69-25 dhclient[830]: bound to 172.31.69.25 -- renewal in 1686 seconds.
Feb 16 08:15:48 ip-172-31-69-25 cloud-init[455]: Cloud-init v. 17.1 running 'init-local' at Wed, 14 Feb 2018 11:15:46 +0000. Up 5.83 seconds.
Feb 16 08:15:48 ip-172-31-69-25 systemd[1]: Started Initial cloud-init job (pre-networking).
Feb 16 08:15:48 ip-172-31-69-25 systemd[1]: Reached target Network (Pre).
Feb 16 08:15:48 ip-172-31-69-25 systemd[1]: Starting Raise network interfaces...
Feb 16 08:15:48 ip-172-31-69-25 systemd[1]: Started ifup for eth0.
Feb 16 08:15:48 ip-172-31-69-25 dhclient[895]: Internet Systems Consortium DHCP Client 4.3.3
Feb 16 08:15:48 ip-172-31-69-25 sh[880]: Internet Systems Consortium DHCP Client 4.3.3
Feb 16 08:15:48 ip-172-31-69-25 dhclient[895]: Copyright 2004-2015 Internet Systems Consortium.
Feb 16 08:15:48 ip-172-31-69-25 sh[880]: Copyright 2004-2015 Internet Systems Consortium.
Feb 16 08:15:48 ip-172-31-69-25 dhclient[895]: All rights reserved.
Feb 16 08:15:48 ip-172-31-69-25 sh[880]: All rights reserved.
Feb 16 08:15:48 ip-172-31-69-25 dhclient[895]: For info, please visit https://www.isc.org/software/dhcp/
Feb 16 08:15:48 ip-172-31-69-25 sh[880]: For info, please visit https://www.isc.org/software/dhcp/
Feb 16 08:15:48 ip-172-31-69-25 dhclient[895]: 
Feb 16 08:15:48 ip-172-31-69-25 dhclient[895]: Listening on LPF/eth0/02:d8:a9:4e:38:42
Feb 16 08:15:48 ip-172-31-69-25 sh[880]: Listening on LPF/eth0/02:d8:a9:4e:38:42
Feb 16 08:15:48 ip-172-31-69-25 sh[880]: Sending on   LPF/eth0/02:d8:a9:4e:38:42
Feb 16 08:15:48 ip-172-31-69-25 sh[880]: Sending on   Socket/fallback
Feb 16 08:15:48 ip-172-31-69-25 sh[880]: DHCPDISCOVER on eth0 to 255.255.255.255 port 67 interval 3 (xid=0x58e0b555)
Feb 16 08:15:48 ip-172-31-69-25 dhclient[895]: Sending on   LPF/eth0/02:d8:a9:4e:38:42
Feb 16 08:15:48 ip-172-31-69-25 dhclient[895]: Sending on   Socket/fallback
Feb 16 08:15:48 ip-172-31-69-25 dhclient[895]: DHCPDISCOVER on eth0 to 255.255.255.255 port 67 interval 3 (xid=0x58e0b555)
Feb 16 08:15:48 ip-172-31-69-25 dhclient[895]: DHCPREQUEST of 172.31.69.25 on eth0 to 255.255.255.255 port 67 (xid=0x55b5e058)
Feb 16 08:15:48 ip-172-31-69-25 sh[880]: DHCPREQUEST of 172.31.69.25 on eth0 to 255.255.255.255 port 67 (xid=0x55b5e058)
Feb 16 08:15:48 ip-172-31-69-25 sh[880]: DHCPOFFER of 172.31.69.25 from 172.31.69.1
Feb 16 08:15:48 ip-172-31-69-25 dhclient[895]: DHCPOFFER of 172.31.69.25 from 172.31.69.1
Feb 16 08:15:48 ip-172-31-69-25 dhclient[895]: DHCPACK of 172.31.69.25 from 172.31.69.1
Feb 16 08:15:48 ip-172-31-69-25 sh[880]: DHCPACK of 172.31.69.25 from 172.31.69.1
Feb 16 08:15:48 ip-172-31-69-25 dhclient[895]: bound to 172.31.69.25 -- renewal in 1583 seconds.
Feb 16 08:15:48 ip-172-31-69-25 sh[880]: bound to 172.31.69.25 -- renewal in 1583 seconds.
Feb 16 08:15:48 ip-172-31-69-25 systemd[1]: Started Raise network interfaces.
Feb 16 08:15:48 ip-172-31-69-25 systemd[1]: Reached target Network.
Feb 16 08:15:48 ip-172-31-69-25 systemd[1]: Starting Initial cloud-init job (metadata service crawler)...
Feb 16 08:15:48 ip-172-31-69-25 cloud-init[1052]: Cloud-init v. 17.1 running 'init' at Wed, 14 Feb 2018 11:15:48 +0000. Up 7.80 seconds.
Feb 16 08:15:48 ip-172-31-69-25 cloud-init[1052]: ci-info: ++++++++++++++++++++++++++++++++++++++Net device info+++++++++++++++++++++++++++++++++++++++
Feb 16 08:15:48 ip-172-31-69-25 cloud-init[1052]: ci-info: +--------+------+----------------------------+-----------------+-------+-------------------+
Feb 16 08:15:48 ip-172-31-69-25 cloud-init[1052]: ci-info: | Device |  Up  |          Address           |       Mask      | Scope |     Hw-Address    |
Feb 16 08:15:48 ip-172-31-69-25 cloud-init[1052]: ci-info: +--------+------+----------------------------+-----------------+-------+-------------------+
Feb 16 08:15:48 ip-172-31-69-25 cloud-init[1052]: ci-info: |  eth0  | True |        172.31.69.25        | 255.255.255.224 |   .   | 02:d8:a9:4e:38:42 |
Feb 16 08:15:48 ip-172-31-69-25 cloud-init[1052]: ci-info: |  eth0  | True | fe80::d8:a9ff:fe4e:3842/64 |        .        |  link | 02:d8:a9:4e:38:42 |
Feb 16 08:15:48 ip-172-31-69-25 cloud-init[1052]: ci-info: |   lo   | True |         127.0.0.1          |    255.0.0.0    |   .   |         .         |
Feb 16 08:15:48 ip-172-31-69-25 cloud-init[1052]: ci-info: |   lo   | True |          ::1/128           |        .        |  host |         .         |
Feb 16 08:15:48 ip-172-31-69-25 cloud-init[1052]: ci-info: +--------+------+----------------------------+-----------------+-------+-------------------+
Feb 16 08:15:48 ip-172-31-69-25 cloud-init[1052]: ci-info: ++++++++++++++++++++++++++++++Route IPv4 info++++++++++++++++++++++++++++++
Feb 16 08:15:48 ip-172-31-69-25 cloud-init[1052]: ci-info: +-------+-------------+-------------+-----------------+-----------+-------+
Feb 16 08:15:48 ip-172-31-69-25 cloud-init[1052]: ci-info: | Route | Destination |   Gateway   |     Genmask     | Interface | Flags |
Feb 16 08:15:48 ip-172-31-69-25 cloud-init[1052]: ci-info: +-------+-------------+-------------+-----------------+-----------+-------+
Feb 16 08:15:48 ip-172-31-69-25 cloud-init[1052]: ci-info: |   0   |   0.0.0.0   | 172.31.69.1 |     0.0.0.0     |    eth0   |   UG  |
Feb 16 08:15:48 ip-172-31-69-25 cloud-init[1052]: ci-info: |   1   | 172.31.69.0 |   0.0.0.0   | 255.255.255.224 |    eth0   |   U   |
Feb 16 08:15:48 ip-172-31-69-25 cloud-init[1052]: ci-info: +-------+-------------+-------------+-----------------+-----------+-------+
Feb 16 08:15:48 ip-172-31-69-25 systemd[1]: Started Initial cloud-init job (metadata service crawler).
Feb 16 08:15:48 ip-172-31-69-25 systemd[1]: Reached target Network is Online.
Feb 16 08:15:48 ip-172-31-69-25 systemd[1]: Starting iSCSI initiator daemon (iscsid)...
Feb 16 08:15:48 ip-172-31-69-25 systemd[1]: Reached target Cloud-config availability.
Feb 16 08:15:48 ip-172-31-69-25 systemd[1]: Reached target System Initialization.
Feb 16 08:15:48 ip-172-31-69-25 systemd[1]: Listening on UUID daemon activation socket.
Feb 16 08:15:48 ip-172-31-69-25 systemd[1]: Starting Socket activation for snappy daemon.
Feb 16 08:15:48 ip-172-31-69-25 systemd[1]: Listening on ACPID Listen Socket.
Feb 16 08:15:48 ip-172-31-69-25 systemd[1]: Started Daily apt download activities.
Feb 16 08:15:48 ip-172-31-69-25 systemd[1]: Started ACPI Events Check.
Feb 16 08:15:48 ip-172-31-69-25 systemd[1]: Reached target Paths.
Feb 16 08:15:48 ip-172-31-69-25 systemd[1]: Listening on D-Bus System Message Bus Socket.
Feb 16 08:15:48 ip-172-31-69-25 systemd[1]: Starting LXD - unix socket.
Feb 16 08:15:48 ip-172-31-69-25 systemd[1]: Started Daily apt upgrade and clean activities.
Feb 16 08:15:48 ip-172-31-69-25 systemd[1]: Started Timer to automatically refresh installed snaps.
Feb 16 08:15:48 ip-172-31-69-25 systemd[1]: Started Daily Cleanup of Temporary Directories.
Feb 16 08:15:48 ip-172-31-69-25 systemd[1]: Reached target Timers.
Feb 16 08:15:48 ip-172-31-69-25 systemd[1]: Listening on Socket activation for snappy daemon.
Feb 16 08:15:48 ip-172-31-69-25 systemd[1]: Listening on LXD - unix socket.
Feb 16 08:15:48 ip-172-31-69-25 iscsid: iSCSI logger with pid=1108 started!
Feb 16 08:15:48 ip-172-31-69-25 iscsid: iSCSI daemon with pid=1109 started!
Feb 16 08:15:48 ip-172-31-69-25 systemd[1]: Started iSCSI initiator daemon (iscsid).
Feb 16 08:15:48 ip-172-31-69-25 systemd[1]: Starting Login to default iSCSI targets...
Feb 16 08:15:48 ip-172-31-69-25 systemd[1]: Reached target Sockets.
Feb 16 08:15:48 ip-172-31-69-25 systemd[1]: Reached target Basic System.
Feb 16 08:15:48 ip-172-31-69-25 systemd[1]: Started Regular background program processing daemon.
Feb 16 08:15:48 ip-172-31-69-25 systemd[1]: Starting MySQL Community Server...
Feb 16 08:15:48 ip-172-31-69-25 cron[1114]: (CRON) INFO (pidfile fd = 3)
Feb 16 08:15:48 ip-172-31-69-25 systemd[1]: Starting System Logging Service...
Feb 16 08:15:48 ip-172-31-69-25 cron[1114]: (CRON) INFO (Running @reboot jobs)
Feb 16 08:15:48 ip-172-31-69-25 systemd[1]: Starting The PHP 7.0 FastCGI Process Manager...
Feb 16 08:15:48 ip-172-31-69-25 systemd[1]: Starting LSB: MD monitoring daemon...
Feb 16 08:15:48 ip-172-31-69-25 systemd[1]: Started FUSE filesystem for LXC.
Feb 16 08:15:48 ip-172-31-69-25 kernel: [    0.500006] pci_bus 0000:00: root bus resource [bus 00-ff]
Feb 16 08:15:48 ip-172-31-69-25 kernel: [    0.504180] pci 0000:00:00.0: [8086:1237] type 00 class 0x060000
Feb 16 08:15:48 ip-172-31-69-25 kernel: [    0.506153] pci 0000:00:01.0: [8086:7000] type 00 class 0x060100
Feb 16 08:15:48 ip-172-31-69-25 kernel: [    0.508935] pci 0000:00:01.1: [8086:7010] type 00 class 0x010180
Feb 16 08:15:48 ip-172-31-69-25 kernel: [    0.510472] pci 0000:00:01.1: reg 0x20: [io  0xc100-0xc10f]
Feb 16 08:15:48 ip-172-31-69-25 kernel: [    0.511146] pci 0000:00:01.1: legacy IDE quirk: reg 0x10: [io  0x01f0-0x01f7]
Feb 16 08:15:48 ip-172-31-69-25 kernel: [    0.512007] pci 0000:00:01.1: legacy IDE quirk: reg 0x14: [io  0x03f6]
Feb 16 08:15:48 ip-172-31-69-25 kernel: [    0.516008] pci 0000:00:01.1: legacy IDE quirk: reg 0x18: [io  0x0170-0x0177]
Feb 16 08:15:48 ip-172-31-69-25 kernel: [    0.520007] pci 0000:00:01.1: legacy IDE quirk: reg 0x1c: [io  0x0376]
Feb 16 08:15:48 ip-172-31-69-25 kernel: [    0.524713] pci 0000:00:01.3: [8086:7113] type 00 class 0x068000
Feb 16 08:15:48 ip-172-31-69-25 kernel: [    0.524831] * Found PM-Timer Bug on the chipset. Due to workarounds for a bug,
Feb 16 08:15:48 ip-172-31-69-25 kernel: [    0.524831] * this clock source is slow. Consider trying other clock sources
Feb 16 08:15:48 ip-172-31-69-25 kernel: [    0.529704] pci 0000:00:01.3: quirk: [io  0xb000-0xb03f] claimed by PIIX4 ACPI
Feb 16 08:15:48 ip-172-31-69-25 kernel: [    0.533045] pci 0000:00:02.0: [1013:00b8] type 00 class 0x030000
Feb 16 08:15:48 ip-172-31-69-25 kernel: [    0.533505] pci 0000:00:02.0: reg 0x10: [mem 0xf0000000-0xf1ffffff pref]
Feb 16 08:15:48 ip-172-31-69-25 kernel: [    0.533819] pci 0000:00:02.0: reg 0x14: [mem 0xf3000000-0xf3000fff]
Feb 16 08:15:48 ip-172-31-69-25 kernel: [    0.536000] pci 0000:00:03.0: [5853:0001] type 00 class 0xff8000
Feb 16 08:15:48 ip-172-31-69-25 kernel: [    0.536481] pci 0000:00:03.0: reg 0x10: [io  0xc000-0xc0ff]
Feb 16 08:15:48 ip-172-31-69-25 kernel: [    0.536777] pci 0000:00:03.0: reg 0x14: [mem 0xf2000000-0xf2ffffff pref]
Feb 16 08:15:48 ip-172-31-69-25 kernel: [    0.540016] ACPI: PCI Interrupt Link [LNKA] (IRQs *5 10 11)
Feb 16 08:15:48 ip-172-31-69-25 kernel: [    0.547091] ACPI: PCI Interrupt Link [LNKB] (IRQs 5 *10 11)
Feb 16 08:15:48 ip-172-31-69-25 kernel: [    0.551984] ACPI: PCI Interrupt Link [LNKC] (IRQs 5 10 *11)
Feb 16 08:15:48 ip-172-31-69-25 kernel: [    0.555745] ACPI: PCI Interrupt Link [LNKD] (IRQs *5 10 11)
Feb 16 08:15:48 ip-172-31-69-25 kernel: [    0.580368] ACPI: Enabled 2 GPEs in block 00 to 0F
Feb 16 08:15:48 ip-172-31-69-25 kernel: [    0.584078] xen:balloon: Initialising balloon driver
Feb 16 08:15:48 ip-172-31-69-25 kernel: [    0.592248] vgaarb: setting as boot device: PCI:0000:00:02.0
Feb 16 08:15:48 ip-172-31-69-25 kernel: [    0.596000] vgaarb: device added: PCI:0000:00:02.0,decodes=io+mem,owns=io+mem,locks=none
Feb 16 08:15:48 ip-172-31-69-25 kernel: [    0.596008] vgaarb: loaded
Feb 16 08:15:48 ip-172-31-69-25 kernel: [    0.598039] vgaarb: bridge control possible 0000:00:02.0
Feb 16 08:15:48 ip-172-31-69-25 kernel: [    0.600230] SCSI subsystem initialized
Feb 16 08:15:48 ip-172-31-69-25 kernel: [    0.603026] libata version 3.00 loaded.
Feb 16 08:15:48 ip-172-31-69-25 kernel: [    0.603048] ACPI: bus type USB registered
Feb 16 08:15:48 ip-172-31-69-25 kernel: [    0.604020] usbcore: registered new interface driver usbfs
Feb 16 08:15:48 ip-172-31-69-25 kernel: [    0.607284] usbcore: registered new interface driver hub
Feb 16 08:15:48 ip-172-31-69-25 kernel: [    0.608022] usbcore: registered new device driver usb
Feb 16 08:15:48 ip-172-31-69-25 kernel: [    0.611444] PCI: Using ACPI for IRQ routing
Feb 16 08:15:48 ip-172-31-69-25 kernel: [    0.612006] PCI: pci_cache_line_size set to 64 bytes
Feb 16 08:15:48 ip-172-31-69-25 kernel: [    0.612370] e820: reserve RAM buffer [mem 0x0009e000-0x0009ffff]
Feb 16 08:15:48 ip-172-31-69-25 kernel: [    0.612490] NetLabel: Initializing
Feb 16 08:15:48 ip-172-31-69-25 kernel: [    0.614745] NetLabel:  domain hash size = 128
Feb 16 08:15:48 ip-172-31-69-25 kernel: [    0.616004] NetLabel:  protocols = UNLABELED CIPSOv4
Feb 16 08:15:48 ip-172-31-69-25 kernel: [    0.619106] NetLabel:  unlabeled traffic allowed by default
Feb 16 08:15:48 ip-172-31-69-25 kernel: [    0.620116] HPET: 3 timers in total, 0 timers will be used for per-cpu timer
Feb 16 08:15:48 ip-172-31-69-25 kernel: [    0.624018] hpet0: at MMIO 0xfed00000, IRQs 2, 8, 0
Feb 16 08:15:48 ip-172-31-69-25 kernel: [    0.628006] hpet0: 3 comparators, 64-bit 62.500000 MHz counter
Feb 16 08:15:48 ip-172-31-69-25 kernel: [    0.634059] amd_nb: Cannot enumerate AMD northbridges
Feb 16 08:15:48 ip-172-31-69-25 kernel: [    0.636017] clocksource: Switched to clocksource xen
Feb 16 08:15:48 ip-172-31-69-25 kernel: [    0.644199] AppArmor: AppArmor Filesystem Enabled
Feb 16 08:15:48 ip-172-31-69-25 kernel: [    0.647198] pnp: PnP ACPI init
Feb 16 08:15:48 ip-172-31-69-25 kernel: [    0.649400] system 00:00: [mem 0x00000000-0x0009ffff] could not be reserved
Feb 16 08:15:48 ip-172-31-69-25 kernel: [    0.653664] system 00:00: Plug and Play ACPI device, IDs PNP0c02 (active)
Feb 16 08:15:48 ip-172-31-69-25 kernel: [    0.653754] system 00:01: [io  0x08a0-0x08a3] has been reserved
Feb 16 08:15:48 ip-172-31-69-25 kernel: [    0.657241] system 00:01: [io  0x0cc0-0x0ccf] has been reserved
Feb 16 08:15:48 ip-172-31-69-25 kernel: [    0.660647] system 00:01: [io  0x04d0-0x04d1] has been reserved
Feb 16 08:15:48 ip-172-31-69-25 kernel: [    0.664267] system 00:01: Plug and Play ACPI device, IDs PNP0c02 (active)
Feb 16 08:15:48 ip-172-31-69-25 kernel: [    0.664295] xen: --> pirq=17 -> irq=8 (gsi=8)
Feb 16 08:15:48 ip-172-31-69-25 kernel: [    0.664317] pnp 00:02: Plug and Play ACPI device, IDs PNP0b00 (active)
Feb 16 08:15:48 ip-172-31-69-25 kernel: [    0.664340] xen: --> pirq=18 -> irq=12 (gsi=12)
Feb 16 08:15:48 ip-172-31-69-25 kernel: [    0.664355] pnp 00:03: Plug and Play ACPI device, IDs PNP0f13 (active)
Feb 16 08:15:48 ip-172-31-69-25 kernel: [    0.664372] xen: --> pirq=19 -> irq=1 (gsi=1)
Feb 16 08:15:48 ip-172-31-69-25 kernel: [    0.664384] pnp 00:04: Plug and Play ACPI device, IDs PNP0303 PNP030b (active)
Feb 16 08:15:48 ip-172-31-69-25 kernel: [    0.664401] xen: --> pirq=20 -> irq=6 (gsi=6)
Feb 16 08:15:48 ip-172-31-69-25 kernel: [    0.664403] pnp 00:05: [dma 2]
Feb 16 08:15:48 ip-172-31-69-25 kernel: [    0.664416] pnp 00:05: Plug and Play ACPI device, IDs PNP0700 (active)
Feb 16 08:15:48 ip-172-31-69-25 kernel: [    0.664438] xen: --> pirq=21 -> irq=4 (gsi=4)
Feb 16 08:15:48 ip-172-31-69-25 kernel: [    0.664451] pnp 00:06: Plug and Play ACPI device, IDs PNP0501 (active)
Feb 16 08:15:48 ip-172-31-69-25 kernel: [    0.664489] system 00:07: [io  0x10c0-0x1141] has been reserved
Feb 16 08:15:48 ip-172-31-69-25 kernel: [    0.667844] system 00:07: [io  0xb044-0xb047] has been reserved
Feb 16 08:15:48 ip-172-31-69-25 kernel: [    0.671247] system 00:07: Plug and Play ACPI device, IDs PNP0c02 (active)
Feb 16 08:15:48 ip-172-31-69-25 kernel: [    0.686817] pnp: PnP ACPI: found 8 devices
Feb 16 08:15:48 ip-172-31-69-25 kernel: [    0.694931] clocksource: acpi_pm: mask: 0xffffff max_cycles: 0xffffff, max_idle_ns: 2085701024 ns
Feb 16 08:15:48 ip-172-31-69-25 kernel: [    0.700372] pci_bus 0000:00: resource 4 [io  0x0000-0x0cf7 window]
Feb 16 08:15:48 ip-172-31-69-25 kernel: [    0.700374] pci_bus 0000:00: resource 5 [io  0x0d00-0xffff window]
Feb 16 08:15:48 ip-172-31-69-25 kernel: [    0.700376] pci_bus 0000:00: resource 6 [mem 0x000a0000-0x000bffff window]
Feb 16 08:15:48 ip-172-31-69-25 kernel: [    0.700378] pci_bus 0000:00: resource 7 [mem 0xf0000000-0xfbffffff window]
Feb 16 08:15:48 ip-172-31-69-25 kernel: [    0.700418] NET: Registered protocol family 2
Feb 16 08:15:48 ip-172-31-69-25 kernel: [    0.703548] TCP established hash table entries: 8192 (order: 4, 65536 bytes)
Feb 16 08:15:48 ip-172-31-69-25 kernel: [    0.707667] TCP bind hash table entries: 8192 (order: 5, 131072 bytes)
Feb 16 08:15:48 ip-172-31-69-25 kernel: [    0.711551] TCP: Hash tables configured (established 8192 bind 8192)
Feb 16 08:15:48 ip-172-31-69-25 kernel: [    0.715237] UDP hash table entries: 512 (order: 2, 16384 bytes)
Feb 16 08:15:48 ip-172-31-69-25 kernel: [    0.718851] UDP-Lite hash table entries: 512 (order: 2, 16384 bytes)
Feb 16 08:15:48 ip-172-31-69-25 kernel: [    0.722672] NET: Registered protocol family 1
Feb 16 08:15:48 ip-172-31-69-25 kernel: [    0.725574] pci 0000:00:00.0: Limiting direct PCI/PCI transfers
Feb 16 08:15:48 ip-172-31-69-25 kernel: [    0.729072] pci 0000:00:01.0: PIIX3: Enabling Passive Release
Feb 16 08:15:48 ip-172-31-69-25 kernel: [    0.732588] pci 0000:00:01.0: Activating ISA DMA hang workarounds
Feb 16 08:15:48 ip-172-31-69-25 kernel: [    0.736226] pci 0000:00:02.0: Video device with shadowed ROM
Feb 16 08:15:48 ip-172-31-69-25 kernel: [    0.736287] PCI: CLS 0 bytes, default 64
Feb 16 08:15:48 ip-172-31-69-25 kernel: [    0.736343] Trying to unpack rootfs image as initramfs...
Feb 16 08:15:48 ip-172-31-69-25 kernel: [    0.917402] Freeing initrd memory: 12340K
Feb 16 08:15:48 ip-172-31-69-25 kernel: [    0.920188] RAPL PMU detected, API unit is 2^-32 Joules, 3 fixed counters 655360 ms ovfl timer
Feb 16 08:15:48 ip-172-31-69-25 kernel: [    0.925234] hw unit of domain pp0-core 2^-14 Joules
Feb 16 08:15:48 ip-172-31-69-25 kernel: [    0.928322] hw unit of domain package 2^-14 Joules
Feb 16 08:15:48 ip-172-31-69-25 kernel: [    0.931219] hw unit of domain dram 2^-16 Joules
Feb 16 08:15:48 ip-172-31-69-25 kernel: [    0.934220] Scanning for low memory corruption every 60 seconds
Feb 16 08:15:48 ip-172-31-69-25 kernel: [    0.938294] audit: initializing netlink subsys (disabled)
Feb 16 08:15:48 ip-172-31-69-25 kernel: [    0.941614] audit: type=2000 audit(1521026140.888:1): initialized
Feb 16 08:15:48 ip-172-31-69-25 kernel: [    0.945525] Initialise system trusted keyring
Feb 16 08:15:48 ip-172-31-69-25 kernel: [    0.948643] HugeTLB registered 2 MB page size, pre-allocated 0 pages
Feb 16 08:15:48 ip-172-31-69-25 kernel: [    0.953721] zbud: loaded
Feb 16 08:15:48 ip-172-31-69-25 kernel: [    0.956145] VFS: Disk quotas dquot_6.6.0
Feb 16 08:15:48 ip-172-31-69-25 kernel: [    0.958977] VFS: Dquot-cache hash table entries: 512 (order 0, 4096 bytes)
Feb 16 08:15:48 ip-172-31-69-25 kernel: [    0.963494] squashfs: version 4.0 (2009/01/31) Phillip Lougher
Feb 16 08:15:48 ip-172-31-69-25 kernel: [    0.967495] fuse init (API version 7.23)
Feb 16 08:15:48 ip-172-31-69-25 kernel: [    0.970287] Key type big_key registered
Feb 16 08:15:48 ip-172-31-69-25 kernel: [    0.973010] Allocating IMA MOK and blacklist keyrings.
Feb 16 08:15:48 ip-172-31-69-25 kernel: [    0.976699] Key type asymmetric registered
Feb 16 08:15:48 ip-172-31-69-25 kernel: [    0.979259] Asymmetric key parser 'x509' registered
Feb 16 08:15:48 ip-172-31-69-25 kernel: [    0.982289] Block layer SCSI generic (bsg) driver version 0.4 loaded (major 249)
Feb 16 08:15:48 ip-172-31-69-25 kernel: [    0.986857] io scheduler noop registered
Feb 16 08:15:48 ip-172-31-69-25 kernel: [    0.989408] io scheduler deadline registered (default)
Feb 16 08:15:48 ip-172-31-69-25 kernel: [    0.992616] io scheduler cfq registered
Feb 16 08:15:48 ip-172-31-69-25 kernel: [    0.995222] pci_hotplug: PCI Hot Plug PCI Core version: 0.5
Feb 16 08:15:48 ip-172-31-69-25 kernel: [    0.998536] pciehp: PCI Express Hot Plug Controller Driver version: 0.4
Feb 16 08:15:48 ip-172-31-69-25 kernel: [    1.002421] intel_idle: does not run on family 6 model 63
Feb 16 08:15:48 ip-172-31-69-25 kernel: [    1.002499] input: Power Button as /devices/LNXSYSTM:00/LNXPWRBN:00/input/input0
Feb 16 08:15:48 ip-172-31-69-25 kernel: [    1.007421] ACPI: Power Button [PWRF]
Feb 16 08:15:48 ip-172-31-69-25 kernel: [    1.010111] input: Sleep Button as /devices/LNXSYSTM:00/LNXSLPBN:00/input/input1
Feb 16 08:15:48 ip-172-31-69-25 kernel: [    1.014869] ACPI: Sleep Button [SLPF]
Feb 16 08:15:48 ip-172-31-69-25 kernel: [    1.018156] xen: --> pirq=22 -> irq=28 (gsi=28)
Feb 16 08:15:48 ip-172-31-69-25 kernel: [    1.018254] xen:grant_table: Grant tables using version 1 layout
Feb 16 08:15:48 ip-172-31-69-25 kernel: [    1.022218] Grant table initialized
Feb 16 08:15:48 ip-172-31-69-25 kernel: [    1.024767] Cannot get hvm parameter CONSOLE_EVTCHN (18): -22!
Feb 16 08:15:48 ip-172-31-69-25 kernel: [    1.028312] Serial: 8250/16550 driver, 4 ports, IRQ sharing enabled
Feb 16 08:15:48 ip-172-31-69-25 kernel: [    1.058693] 00:06: ttyS0 at I/O 0x3f8 (irq = 4, base_baud = 115200) is a 16550A
Feb 16 08:15:48 ip-172-31-69-25 kernel: [    1.064500] Linux agpgart interface v0.103
Feb 16 08:15:48 ip-172-31-69-25 kernel: [    1.069115] brd: module loaded
Feb 16 08:15:48 ip-172-31-69-25 kernel: [    1.072386] loop: module loaded
Feb 16 08:15:48 ip-172-31-69-25 kernel: [    1.074645] Invalid max_queues (4), will use default max: 1.
Feb 16 08:15:48 ip-172-31-69-25 kernel: [    1.079337] ata_piix 0000:00:01.1: version 2.13
Feb 16 08:15:48 ip-172-31-69-25 kernel: [    1.082535] scsi host0: ata_piix
Feb 16 08:15:48 ip-172-31-69-25 kernel: [    1.085224] scsi host1: ata_piix
Feb 16 08:15:48 ip-172-31-69-25 kernel: [    1.090034] ata1: PATA max MWDMA2 cmd 0x1f0 ctl 0x3f6 bmdma 0xc100 irq 14
Feb 16 08:15:48 ip-172-31-69-25 kernel: [    1.095147] ata2: PATA max MWDMA2 cmd 0x170 ctl 0x376 bmdma 0xc108 irq 15
Feb 16 08:15:48 ip-172-31-69-25 kernel: [    1.101393] libphy: Fixed MDIO Bus: probed
Feb 16 08:15:48 ip-172-31-69-25 kernel: [    1.110660] tun: Universal TUN/TAP device driver, 1.6
Feb 16 08:15:48 ip-172-31-69-25 kernel: [    1.114104] tun: (C) 1999-2004 Max Krasnyansky <maxk@qualcomm.com>
Feb 16 08:15:48 ip-172-31-69-25 kernel: [    1.118111] PPP generic driver version 2.4.2
Feb 16 08:15:48 ip-172-31-69-25 kernel: [    1.122033] xen_netfront: Initialising Xen virtual ethernet driver
Feb 16 08:15:48 ip-172-31-69-25 kernel: [    1.132888] blkfront: xvda: barrier or flush: disabled; persistent grants: disabled; indirect descriptors: enabled;
Feb 16 08:15:48 ip-172-31-69-25 kernel: [    1.140718] ehci_hcd: USB 2.0 'Enhanced' Host Controller (EHCI) Driver
Feb 16 08:15:48 ip-172-31-69-25 kernel: [    1.144773] ehci-pci: EHCI PCI platform driver
Feb 16 08:15:48 ip-172-31-69-25 kernel: [    1.148771] ehci-platform: EHCI generic platform driver
Feb 16 08:15:48 ip-172-31-69-25 kernel: [    1.152245] ohci_hcd: USB 1.1 'Open' Host Controller (OHCI) Driver
Feb 16 08:15:48 ip-172-31-69-25 kernel: [    1.156114] ohci-pci: OHCI PCI platform driver
Feb 16 08:15:48 ip-172-31-69-25 kernel: [    1.160685] ohci-platform: OHCI generic platform driver
Feb 16 08:15:48 ip-172-31-69-25 kernel: [    1.164123]  xvda: xvda1
Feb 16 08:15:48 ip-172-31-69-25 kernel: [    1.166234] uhci_hcd: USB Universal Host Controller Interface driver
Feb 16 08:15:48 ip-172-31-69-25 kernel: [    1.170647] i8042: PNP: PS/2 Controller [PNP0303:PS2K,PNP0f13:PS2M] at 0x60,0x64 irq 1,12
Feb 16 08:15:48 ip-172-31-69-25 kernel: [    1.180059] serio: i8042 KBD port at 0x60,0x64 irq 1
Feb 16 08:15:48 ip-172-31-69-25 kernel: [    1.196223] serio: i8042 AUX port at 0x60,0x64 irq 12
Feb 16 08:15:48 ip-172-31-69-25 kernel: [    1.199299] mousedev: PS/2 mouse device common for all mice
Feb 16 08:15:48 ip-172-31-69-25 kernel: [    1.203412] input: AT Translated Set 2 keyboard as /devices/platform/i8042/serio0/input/input2
Feb 16 08:15:48 ip-172-31-69-25 kernel: [    1.208194] rtc_cmos 00:02: rtc core: registered rtc_cmos as rtc0
Feb 16 08:15:48 ip-172-31-69-25 kernel: [    1.214201] rtc_cmos 00:02: alarms up to one day, 114 bytes nvram, hpet irqs
Feb 16 08:15:48 ip-172-31-69-25 kernel: [    1.219189] i2c /dev entries driver
Feb 16 08:15:48 ip-172-31-69-25 kernel: [    1.224720] device-mapper: uevent: version 1.0.3
Feb 16 08:15:48 ip-172-31-69-25 kernel: [    1.228555] device-mapper: ioctl: 4.34.0-ioctl (2015-10-28) initialised: dm-devel@redhat.com
Feb 16 08:15:48 ip-172-31-69-25 kernel: [    1.234827] NET: Registered protocol family 10
Feb 16 08:15:48 ip-172-31-69-25 kernel: [    1.238817] NET: Registered protocol family 17
Feb 16 08:15:48 ip-172-31-69-25 kernel: [    1.242406] Key type dns_resolver registered
Feb 16 08:15:48 ip-172-31-69-25 kernel: [    1.245863] microcode: CPU0 sig=0x306f2, pf=0x1, revision=0x3b
Feb 16 08:15:48 ip-172-31-69-25 kernel: [    1.252431] microcode: Microcode Update Driver: v2.01 <tigran@aivazian.fsnet.co.uk>, Peter Oruba
Feb 16 08:15:48 ip-172-31-69-25 kernel: [    1.259873] registered taskstats version 1
Feb 16 08:15:48 ip-172-31-69-25 kernel: [    1.263222] Loading compiled-in X.509 certificates
Feb 16 08:15:48 ip-172-31-69-25 kernel: [    1.267345] Loaded X.509 cert 'Build time autogenerated kernel key: eec6339c199f7c061573bf7e1d5d111f4e89c8c0'
Feb 16 08:15:48 ip-172-31-69-25 kernel: [    1.273423] zswap: loaded using pool lzo/zbud
Feb 16 08:15:48 ip-172-31-69-25 kernel: [    1.278291] Key type trusted registered
Feb 16 08:15:48 ip-172-31-69-25 kernel: [    1.283253] Key type encrypted registered
Feb 16 08:15:48 ip-172-31-69-25 kernel: [    1.285936] AppArmor: AppArmor sha1 policy hashing enabled
Feb 16 08:15:48 ip-172-31-69-25 kernel: [    1.289393] ima: No TPM chip found, activating TPM-bypass!
Feb 16 08:15:48 ip-172-31-69-25 kernel: [    1.292797] evm: HMAC attrs: 0x1
Feb 16 08:15:48 ip-172-31-69-25 kernel: [    1.295371]   Magic number: 10:916:276
Feb 16 08:15:48 ip-172-31-69-25 kernel: [    1.298094] tty tty13: hash matches
Feb 16 08:15:48 ip-172-31-69-25 kernel: [    1.300780] acpi device:7e: hash matches
Feb 16 08:15:48 ip-172-31-69-25 kernel: [    1.303617] rtc_cmos 00:02: setting system clock to 2018-03-14 11:15:41 UTC (1521026141)
Feb 16 08:15:48 ip-172-31-69-25 kernel: [    1.307956] BIOS EDD facility v0.16 2004-Jun-25, 0 devices found
Feb 16 08:15:48 ip-172-31-69-25 kernel: [    1.311352] EDD information not available.
Feb 16 08:15:48 ip-172-31-69-25 kernel: [    1.313987] PM: Hibernation image not present or could not be loaded.
Feb 16 08:15:48 ip-172-31-69-25 kernel: [    1.315601] Freeing unused kernel memory: 1492K
Feb 16 08:15:48 ip-172-31-69-25 kernel: [    1.318132] Write protecting the kernel read-only data: 14336k
Feb 16 08:15:48 ip-172-31-69-25 kernel: [    1.321887] Freeing unused kernel memory: 1876K
Feb 16 08:15:48 ip-172-31-69-25 kernel: [    1.324916] Freeing unused kernel memory: 220K
Feb 16 08:15:48 ip-172-31-69-25 kernel: [    1.339518] random: udevadm: uninitialized urandom read (16 bytes read, 9 bits of entropy available)
Feb 16 08:15:48 ip-172-31-69-25 kernel: [    1.345379] random: systemd-udevd: uninitialized urandom read (16 bytes read, 9 bits of entropy available)
Feb 16 08:15:48 ip-172-31-69-25 kernel: [    1.350506] random: systemd-udevd: uninitialized urandom read (16 bytes read, 9 bits of entropy available)
Feb 16 08:15:48 ip-172-31-69-25 kernel: [    1.355540] random: udevadm: uninitialized urandom read (16 bytes read, 9 bits of entropy available)
Feb 16 08:15:48 ip-172-31-69-25 kernel: [    1.360481] random: systemd-udevd: uninitialized urandom read (16 bytes read, 9 bits of entropy available)
Feb 16 08:15:48 ip-172-31-69-25 kernel: [    1.371991] random: systemd-udevd: uninitialized urandom read (16 bytes read, 9 bits of entropy available)
Feb 16 08:15:48 ip-172-31-69-25 kernel: [    1.378995] random: udevadm: uninitialized urandom read (16 bytes read, 9 bits of entropy available)
Feb 16 08:15:48 ip-172-31-69-25 kernel: [    1.385907] random: systemd-udevd: uninitialized urandom read (16 bytes read, 9 bits of entropy available)
Feb 16 08:15:48 ip-172-31-69-25 kernel: [    1.392408] random: udevadm: uninitialized urandom read (16 bytes read, 9 bits of entropy available)
Feb 16 08:15:48 ip-172-31-69-25 kernel: [    1.398074] random: systemd-udevd: uninitialized urandom read (16 bytes read, 9 bits of entropy available)
Feb 16 08:15:48 ip-172-31-69-25 kernel: [    1.532361] AVX2 version of gcm_enc/dec engaged.
Feb 16 08:15:48 ip-172-31-69-25 kernel: [    1.535632] AES CTR mode by8 optimization enabled
Feb 16 08:15:48 ip-172-31-69-25 kernel: [    1.932132] tsc: Refined TSC clocksource calibration: 2399.998 MHz
Feb 16 08:15:48 ip-172-31-69-25 kernel: [    1.936162] clocksource: tsc: mask: 0xffffffffffffffff max_cycles: 0x229835b7123, max_idle_ns: 440795242976 ns
Feb 16 08:15:48 ip-172-31-69-25 kernel: [    3.014305] md: linear personality registered for level -1
Feb 16 08:15:48 ip-172-31-69-25 kernel: [    3.020704] md: multipath personality registered for level -4
Feb 16 08:15:48 ip-172-31-69-25 kernel: [    3.027538] md: raid0 personality registered for level 0
Feb 16 08:15:48 ip-172-31-69-25 kernel: [    3.034261] md: raid1 personality registered for level 1
Feb 16 08:15:48 ip-172-31-69-25 kernel: [    3.088068] raid6: sse2x1   gen()  8248 MB/s
Feb 16 08:15:48 ip-172-31-69-25 kernel: [    3.136060] raid6: sse2x1   xor()  6412 MB/s
Feb 16 08:15:48 ip-172-31-69-25 kernel: [    3.184066] raid6: sse2x2   gen() 10428 MB/s
Feb 16 08:15:48 ip-172-31-69-25 kernel: [    3.236062] raid6: sse2x2   xor()  7006 MB/s
Feb 16 08:15:48 ip-172-31-69-25 kernel: [    3.284061] raid6: sse2x4   gen() 12071 MB/s
Feb 16 08:15:48 ip-172-31-69-25 kernel: [    3.332059] raid6: sse2x4   xor()  8498 MB/s
Feb 16 08:15:48 ip-172-31-69-25 kernel: [    3.380063] raid6: avx2x1   gen() 16019 MB/s
Feb 16 08:15:48 ip-172-31-69-25 kernel: [    3.428064] raid6: avx2x2   gen() 18599 MB/s
Feb 16 08:15:48 ip-172-31-69-25 kernel: [    3.476060] raid6: avx2x4   gen() 21632 MB/s
Feb 16 08:15:48 ip-172-31-69-25 kernel: [    3.478947] raid6: using algorithm avx2x4 gen() 21632 MB/s
Feb 16 08:15:48 ip-172-31-69-25 kernel: [    3.482232] raid6: using avx2x2 recovery algorithm
Feb 16 08:15:48 ip-172-31-69-25 kernel: [    3.487288] xor: automatically using best checksumming function:
Feb 16 08:15:48 ip-172-31-69-25 kernel: [    3.528063]    avx       : 24411.000 MB/sec
Feb 16 08:15:48 ip-172-31-69-25 kernel: [    3.533642] async_tx: api initialized (async)
Feb 16 08:15:48 ip-172-31-69-25 kernel: [    3.548713] md: raid6 personality registered for level 6
Feb 16 08:15:48 ip-172-31-69-25 kernel: [    3.552429] md: raid5 personality registered for level 5
Feb 16 08:15:48 ip-172-31-69-25 kernel: [    3.555823] md: raid4 personality registered for level 4
Feb 16 08:15:48 ip-172-31-69-25 kernel: [    3.565152] md: raid10 personality registered for level 10
Feb 16 08:15:48 ip-172-31-69-25 kernel: [    3.606924] Btrfs loaded
Feb 16 08:15:48 ip-172-31-69-25 kernel: [    3.654064] EXT4-fs (xvda1): mounted filesystem with ordered data mode. Opts: (null)
Feb 16 08:15:48 ip-172-31-69-25 kernel: [    4.191497] EXT4-fs (xvda1): re-mounted. Opts: discard
Feb 16 08:15:48 ip-172-31-69-25 kernel: [    4.312958] Loading iSCSI transport class v2.0-870.
Feb 16 08:15:48 ip-172-31-69-25 kernel: [    4.329624] iscsi: registered transport (tcp)
Feb 16 08:15:48 ip-172-31-69-25 kernel: [    4.407938] iscsi: registered transport (iser)
Feb 16 08:15:48 ip-172-31-69-25 kernel: [    5.027480] audit: type=1400 audit(1521026145.220:2): apparmor="STATUS" operation="profile_load" profile="unconfined" name="lxc-container-default" pid=570 comm="apparmor_parser"
Feb 16 08:15:48 ip-172-31-69-25 kernel: [    5.027485] audit: type=1400 audit(1521026145.220:3): apparmor="STATUS" operation="profile_load" profile="unconfined" name="lxc-container-default-cgns" pid=570 comm="apparmor_parser"
Feb 16 08:15:48 ip-172-31-69-25 kernel: [    5.027488] audit: type=1400 audit(1521026145.220:4): apparmor="STATUS" operation="profile_load" profile="unconfined" name="lxc-container-default-with-mounting" pid=570 comm="apparmor_parser"
Feb 16 08:15:48 ip-172-31-69-25 kernel: [    5.027491] audit: type=1400 audit(1521026145.220:5): apparmor="STATUS" operation="profile_load" profile="unconfined" name="lxc-container-default-with-nesting" pid=570 comm="apparmor_parser"
Feb 16 08:15:48 ip-172-31-69-25 kernel: [    5.041634] audit: type=1400 audit(1521026145.236:6): apparmor="STATUS" operation="profile_load" profile="unconfined" name="/sbin/dhclient" pid=571 comm="apparmor_parser"
Feb 16 08:15:48 ip-172-31-69-25 kernel: [    5.041639] audit: type=1400 audit(1521026145.236:7): apparmor="STATUS" operation="profile_load" profile="unconfined" name="/usr/lib/NetworkManager/nm-dhcp-client.action" pid=571 comm="apparmor_parser"
Feb 16 08:15:48 ip-172-31-69-25 kernel: [    5.041643] audit: type=1400 audit(1521026145.236:8): apparmor="STATUS" operation="profile_load" profile="unconfined" name="/usr/lib/NetworkManager/nm-dhcp-helper" pid=571 comm="apparmor_parser"
Feb 16 08:15:48 ip-172-31-69-25 kernel: [    5.041647] audit: type=1400 audit(1521026145.236:9): apparmor="STATUS" operation="profile_load" profile="unconfined" name="/usr/lib/connman/scripts/dhclient-script" pid=571 comm="apparmor_parser"
Feb 16 08:15:48 ip-172-31-69-25 kernel: [    5.043698] audit: type=1400 audit(1521026145.236:10): apparmor="STATUS" operation="profile_load" profile="unconfined" name="/usr/bin/lxc-start" pid=572 comm="apparmor_parser"
Feb 16 08:15:48 ip-172-31-69-25 kernel: [    6.475243] ppdev: user-space parallel port driver
Feb 16 08:15:48 ip-172-31-69-25 kernel: [    8.203026] random: nonblocking pool is initialized
Feb 16 08:15:48 ip-172-31-69-25 systemd[1]: Starting Login Service...
Feb 16 08:15:48 ip-172-31-69-25 systemd[1]: Starting LSB: Record successful boot for GRUB...
Feb 16 08:15:48 ip-172-31-69-25 lxcfs[1138]: hierarchies:
Feb 16 08:15:48 ip-172-31-69-25 lxcfs[1138]:   0: fd:   5: devices
Feb 16 08:15:48 ip-172-31-69-25 lxcfs[1138]:   1: fd:   6: perf_event
Feb 16 08:15:48 ip-172-31-69-25 lxcfs[1138]:   2: fd:   7: pids
Feb 16 08:15:48 ip-172-31-69-25 lxcfs[1138]:   3: fd:   8: cpuset
Feb 16 08:15:48 ip-172-31-69-25 lxcfs[1138]:   4: fd:   9: blkio
Feb 16 08:15:48 ip-172-31-69-25 lxcfs[1138]:   5: fd:  10: net_cls,net_prio
Feb 16 08:15:48 ip-172-31-69-25 lxcfs[1138]:   6: fd:  11: memory
Feb 16 08:15:48 ip-172-31-69-25 lxcfs[1138]:   7: fd:  12: cpu,cpuacct
Feb 16 08:15:48 ip-172-31-69-25 lxcfs[1138]:   8: fd:  13: freezer
Feb 16 08:15:48 ip-172-31-69-25 lxcfs[1138]:   9: fd:  14: hugetlb
Feb 16 08:15:48 ip-172-31-69-25 lxcfs[1138]:  10: fd:  15: name=systemd
Feb 16 08:15:48 ip-172-31-69-25 systemd[1]: Starting LXD - container startup/shutdown...
Feb 16 08:15:48 ip-172-31-69-25 systemd[1]: Started Deferred execution scheduler.
Feb 16 08:15:48 ip-172-31-69-25 kernel: [    8.460418] cgroup: new mount options do not match the existing superblock, will be ignored
Feb 16 08:15:48 ip-172-31-69-25 systemd[1]: Starting Accounts Service...
Feb 16 08:15:48 ip-172-31-69-25 systemd[1]: Started D-Bus System Message Bus.
Feb 16 08:15:48 ip-172-31-69-25 dbus[1164]: [system] AppArmor D-Bus mediation is enabled
Feb 16 08:15:48 ip-172-31-69-25 systemd[1]: Starting Apply the settings specified in cloud-config...
Feb 16 08:15:48 ip-172-31-69-25 systemd[1]: Started ACPI event daemon.
Feb 16 08:15:48 ip-172-31-69-25 systemd[1]: Started Unattended Upgrades Shutdown.
Feb 16 08:15:48 ip-172-31-69-25 acpid: starting up with netlink and the input layer
Feb 16 08:15:48 ip-172-31-69-25 acpid: 1 rule loaded
Feb 16 08:15:48 ip-172-31-69-25 acpid: waiting for events: event logging is off
Feb 16 08:15:48 ip-172-31-69-25 systemd[1]: Starting Snappy daemon...
Feb 16 08:15:48 ip-172-31-69-25 systemd[1]: Starting OpenBSD Secure Shell server...
Feb 16 08:15:48 ip-172-31-69-25 dbus[1164]: [system] Activating via systemd: service name='org.freedesktop.PolicyKit1' unit='polkitd.service'
Feb 16 08:15:48 ip-172-31-69-25 systemd[1]: Starting /etc/rc.local Compatibility...
Feb 16 08:15:48 ip-172-31-69-25 systemd[1]: Started System Logging Service.
Feb 16 08:15:48 ip-172-31-69-25 systemd[1]: Started /etc/rc.local Compatibility.
Feb 16 08:15:48 ip-172-31-69-25 iscsiadm[1198]: iscsiadm: No records found
Feb 16 08:15:48 ip-172-31-69-25 systemd[1]: Started OpenBSD Secure Shell server.
Feb 16 08:15:48 ip-172-31-69-25 systemd[1]: Started Login to default iSCSI targets.
Feb 16 08:15:48 ip-172-31-69-25 mdadm[1130]:  * Starting MD monitoring service mdadm --monitor
Feb 16 08:15:48 ip-172-31-69-25 mdadm[1130]:    ...done.
Feb 16 08:15:48 ip-172-31-69-25 systemd[1]: Started LSB: MD monitoring daemon.
Feb 16 08:15:48 ip-172-31-69-25 systemd[1]: Started LSB: Record successful boot for GRUB.
Feb 16 08:15:48 ip-172-31-69-25 kernel: [    8.745658] audit_printk_skb: 18 callbacks suppressed
Feb 16 08:15:48 ip-172-31-69-25 kernel: [    8.745661] audit: type=1400 audit(1521026148.940:17): apparmor="DENIED" operation="open" profile="/usr/sbin/mysqld" name="/proc/1190/status" pid=1190 comm="mysqld" requested_mask="r" denied_mask="r" fsuid=112 ouid=112
Feb 16 08:15:48 ip-172-31-69-25 kernel: [    8.745700] audit: type=1400 audit(1521026148.940:18): apparmor="DENIED" operation="open" profile="/usr/sbin/mysqld" name="/sys/devices/system/node/" pid=1190 comm="mysqld" requested_mask="r" denied_mask="r" fsuid=112 ouid=0
Feb 16 08:15:48 ip-172-31-69-25 kernel: [    8.745746] audit: type=1400 audit(1521026148.940:19): apparmor="DENIED" operation="open" profile="/usr/sbin/mysqld" name="/proc/1190/status" pid=1190 comm="mysqld" requested_mask="r" denied_mask="r" fsuid=112 ouid=112
Feb 16 08:15:48 ip-172-31-69-25 systemd[1]: Started LXD - container startup/shutdown.
Feb 16 08:15:49 ip-172-31-69-25 systemd[1]: Started Login Service.
Feb 16 08:15:49 ip-172-31-69-25 systemd[1]: Starting Authenticate and Authorize Users to Run Privileged Tasks...
Feb 16 08:15:49 ip-172-31-69-25 systemd[1]: Reached target Remote File Systems (Pre).
Feb 16 08:15:49 ip-172-31-69-25 systemd[1]: Reached target Remote File Systems.
Feb 16 08:15:49 ip-172-31-69-25 systemd[1]: Starting LSB: daemon to balance interrupts for SMP systems...
Feb 16 08:15:49 ip-172-31-69-25 systemd[1]: Starting LSB: Apache2 web server...
Feb 16 08:15:49 ip-172-31-69-25 systemd[1]: Starting Permit User Sessions...
Feb 16 08:15:49 ip-172-31-69-25 systemd[1]: Starting LSB: Set the CPU Frequency Scaling governor to "ondemand"...
Feb 16 08:15:49 ip-172-31-69-25 systemd[1]: Starting LSB: automatic crash report generation...
Feb 16 08:15:49 ip-172-31-69-25 snapd[1177]: AppArmor status: apparmor is enabled and all features are available
Feb 16 08:15:49 ip-172-31-69-25 systemd[1]: Started Permit User Sessions.
Feb 16 08:15:49 ip-172-31-69-25 polkitd[1220]: started daemon version 0.105 using authority implementation `local' version `0.105'
Feb 16 08:15:49 ip-172-31-69-25 snapd[1177]: 2018/03/14 08:15:49.131462 daemon.go:306: started snapd/2.29.4.2 (series 16; classic) ubuntu/16.04 (amd64) linux/4.4.0-1052-aws.
Feb 16 08:15:49 ip-172-31-69-25 dbus[1164]: [system] Successfully activated service 'org.freedesktop.PolicyKit1'
Feb 16 08:15:49 ip-172-31-69-25 systemd[1]: Started Authenticate and Authorize Users to Run Privileged Tasks.
Feb 16 08:15:49 ip-172-31-69-25 accounts-daemon[1162]: started daemon version 0.6.40
Feb 16 08:15:49 ip-172-31-69-25 systemd[1]: Started Snappy daemon.
Feb 16 08:15:49 ip-172-31-69-25 apache2[1228]:  * Starting Apache httpd web server apache2
Feb 16 08:15:49 ip-172-31-69-25 systemd[1]: Started Accounts Service.
Feb 16 08:15:49 ip-172-31-69-25 systemd[1]: Starting Terminate Plymouth Boot Screen...
Feb 16 08:15:49 ip-172-31-69-25 apport[1243]:  * Starting automatic crash report generation: apport
Feb 16 08:15:49 ip-172-31-69-25 systemd[1]: Starting Hold until boot process finishes up...
Feb 16 08:15:49 ip-172-31-69-25 systemd[1]: Started Hold until boot process finishes up.
Feb 16 08:15:49 ip-172-31-69-25 apport[1243]:    ...done.
Feb 16 08:15:49 ip-172-31-69-25 systemd[1]: Started Terminate Plymouth Boot Screen.
Feb 16 08:15:49 ip-172-31-69-25 systemd[1]: Started Getty on tty1.
Feb 16 08:15:49 ip-172-31-69-25 irqbalance[1226]:  * Starting SMP IRQ Balancer: irqbalance
Feb 16 08:15:49 ip-172-31-69-25 systemd[1]: Started Serial Getty on ttyS0.
Feb 16 08:15:49 ip-172-31-69-25 systemd[1]: Reached target Login Prompts.
Feb 16 08:15:49 ip-172-31-69-25 /usr/sbin/irqbalance: Balancing is ineffective on systems with a single cpu.  Shutting down
Feb 16 08:15:49 ip-172-31-69-25 irqbalance[1226]:    ...done.
Feb 16 08:15:49 ip-172-31-69-25 systemd[1]: Starting Set console scheme...
Feb 16 08:15:49 ip-172-31-69-25 systemd[1]: Started LSB: daemon to balance interrupts for SMP systems.
Feb 16 08:15:49 ip-172-31-69-25 systemd[1]: Started LSB: Set the CPU Frequency Scaling governor to "ondemand".
Feb 16 08:15:49 ip-172-31-69-25 systemd[1]: Started LSB: automatic crash report generation.
Feb 16 08:15:49 ip-172-31-69-25 systemd[1]: Started Set console scheme.
Feb 16 08:15:49 ip-172-31-69-25 systemd[1]: Started The PHP 7.0 FastCGI Process Manager.
Feb 16 08:15:49 ip-172-31-69-25 cloud-init[1171]: Cloud-init v. 17.1 running 'modules:config' at Wed, 14 Feb 2018 11:15:49 +0000. Up 9.50 seconds.
Feb 16 08:15:49 ip-172-31-69-25 systemd[1]: Started MySQL Community Server.
Feb 16 08:15:49 ip-172-31-69-25 systemd[1]: Started Apply the settings specified in cloud-config.
Feb 16 08:15:50 ip-172-31-69-25 apache2[1228]:  *
Feb 16 08:15:50 ip-172-31-69-25 systemd[1]: Started LSB: Apache2 web server.
Feb 16 08:15:50 ip-172-31-69-25 systemd[1]: Reached target Multi-User System.
Feb 16 08:15:50 ip-172-31-69-25 systemd[1]: Starting Execute cloud user/final scripts...
Feb 16 08:15:50 ip-172-31-69-25 systemd[1]: Reached target Graphical Interface.
Feb 16 08:15:50 ip-172-31-69-25 systemd[1]: Starting Update UTMP about System Runlevel Changes...
Feb 16 08:15:50 ip-172-31-69-25 systemd[1]: Started Update UTMP about System Runlevel Changes.
Feb 16 08:15:50 ip-172-31-69-25 cloud-init[1357]: Cloud-init v. 17.1 running 'modules:final' at Wed, 14 Feb 2018 11:15:50 +0000. Up 10.62 seconds.
Feb 16 08:15:50 ip-172-31-69-25 cloud-init[1357]: Cloud-init v. 17.1 finished at Wed, 14 Feb 2018 11:15:50 +0000. Datasource DataSourceEc2Local.  Up 10.73 seconds
Feb 16 08:15:51 ip-172-31-69-25 systemd[1]: Started Execute cloud user/final scripts.
Feb 16 08:15:51 ip-172-31-69-25 systemd[1]: Reached target Cloud-init target.
Feb 16 08:15:51 ip-172-31-69-25 systemd[1]: Startup finished in 3.769s (kernel) + 7.074s (userspace) = 10.844s.
Feb 16 08:15:51 ip-172-31-69-25 systemd[1]: Created slice User Slice of ubuntu.
Feb 16 08:15:51 ip-172-31-69-25 systemd[1]: Starting User Manager for UID 1000...
Feb 16 08:15:51 ip-172-31-69-25 systemd[1]: Started Session 1 of user ubuntu.
Feb 16 08:15:51 ip-172-31-69-25 systemd[1380]: Reached target Sockets.
Feb 16 08:15:51 ip-172-31-69-25 systemd[1380]: Reached target Timers.
Feb 16 08:15:51 ip-172-31-69-25 systemd[1380]: Reached target Paths.
Feb 16 08:15:51 ip-172-31-69-25 systemd[1380]: Reached target Basic System.
Feb 16 08:15:51 ip-172-31-69-25 systemd[1380]: Reached target Default.
Feb 16 08:15:51 ip-172-31-69-25 systemd[1380]: Startup finished in 21ms.
Feb 16 08:15:51 ip-172-31-69-25 systemd[1]: Started User Manager for UID 1000.
Feb 16 08:16:15 ip-172-31-69-25 systemd[1]: Time has been changed
Feb 16 08:16:15 ip-172-31-69-25 systemd[1380]: Time has been changed
Feb 16 08:16:15 ip-172-31-69-25 systemd-timesyncd[509]: Synchronized to time server 91.189.89.199:123 (ntp.ubuntu.com).
Feb 16 08:17:02 ip-172-31-69-25 CRON[1474]: (root) CMD (   cd / && run-parts --report /etc/cron.hourly)
Feb 16 08:17:53 ip-172-31-69-25 systemd[1]: Stopping User Manager for UID 1000...
Feb 16 08:17:53 ip-172-31-69-25 systemd[1380]: Stopped target Default.
Feb 16 08:17:53 ip-172-31-69-25 systemd[1380]: Reached target Shutdown.
Feb 16 08:17:53 ip-172-31-69-25 systemd[1380]: Starting Exit the Session...
Feb 16 08:17:53 ip-172-31-69-25 systemd[1380]: Stopped target Basic System.
Feb 16 08:17:53 ip-172-31-69-25 systemd[1380]: Stopped target Timers.
Feb 16 08:17:53 ip-172-31-69-25 systemd[1380]: Stopped target Sockets.
Feb 16 08:17:53 ip-172-31-69-25 systemd[1380]: Stopped target Paths.
Feb 16 08:17:53 ip-172-31-69-25 systemd[1380]: Received SIGRTMIN+24 from PID 1477 (kill).
Feb 16 08:17:53 ip-172-31-69-25 systemd[1]: Stopped User Manager for UID 1000.
Feb 16 08:17:53 ip-172-31-69-25 systemd[1]: Removed slice User Slice of ubuntu.
Feb 16 08:18:02 ip-172-31-69-25 systemd[1]: Created slice User Slice of ubuntu.
Feb 16 08:18:02 ip-172-31-69-25 systemd[1]: Starting User Manager for UID 1000...
Feb 16 08:18:02 ip-172-31-69-25 systemd[1]: Started Session 3 of user ubuntu.
Feb 16 08:18:02 ip-172-31-69-25 systemd[1486]: Reached target Sockets.
Feb 16 08:18:02 ip-172-31-69-25 systemd[1486]: Reached target Timers.
Feb 16 08:18:02 ip-172-31-69-25 systemd[1486]: Reached target Paths.
Feb 16 08:18:02 ip-172-31-69-25 systemd[1486]: Reached target Basic System.
Feb 16 08:18:02 ip-172-31-69-25 systemd[1486]: Reached target Default.
Feb 16 08:18:02 ip-172-31-69-25 systemd[1486]: Startup finished in 19ms.
Feb 16 08:18:02 ip-172-31-69-25 systemd[1]: Started User Manager for UID 1000.
Feb 16 08:20:31 ip-172-31-69-25 kernel: [  290.616612] Netfilter messages via NETLINK v0.30.
Feb 16 08:20:31 ip-172-31-69-25 kernel: [  290.623847] device eth0 entered promiscuous mode
Feb 16 08:30:42 ip-172-31-69-25 systemd[1]: Starting Cleanup of Temporary Directories...
Feb 16 08:30:42 ip-172-31-69-25 systemd-tmpfiles[1578]: [/usr/lib/tmpfiles.d/var.conf:14] Duplicate line for path "/var/log", ignoring.
Feb 16 08:30:42 ip-172-31-69-25 systemd[1]: Started Cleanup of Temporary Directories.
Feb 16 08:39:01 ip-172-31-69-25 CRON[1593]: (root) CMD (  [ -x /usr/lib/php/sessionclean ] && /usr/lib/php/sessionclean)
Feb 16 08:42:10 ip-172-31-69-25 dhclient[930]: DHCPREQUEST of 172.31.69.25 on eth0 to 172.31.69.1 port 67 (xid=0x55b5e058)
Feb 16 08:42:10 ip-172-31-69-25 dhclient[930]: DHCPACK of 172.31.69.25 from 172.31.69.1
Feb 16 08:42:10 ip-172-31-69-25 dhclient[930]: bound to 172.31.69.25 -- renewal in 1364 seconds.
Feb 16 08:56:00 ip-172-31-69-25 systemd[1]: Starting Daily apt download activities...
Feb 16 08:56:07 ip-172-31-69-25 systemd[1]: Started Daily apt download activities.
Feb 16 09:04:54 ip-172-31-69-25 dhclient[930]: DHCPREQUEST of 172.31.69.25 on eth0 to 172.31.69.1 port 67 (xid=0x55b5e058)
Feb 16 09:04:54 ip-172-31-69-25 dhclient[930]: DHCPACK of 172.31.69.25 from 172.31.69.1
Feb 16 09:04:54 ip-172-31-69-25 dhclient[930]: bound to 172.31.69.25 -- renewal in 1742 seconds.
Feb 16 09:09:01 ip-172-31-69-25 CRON[2020]: (root) CMD (  [ -x /usr/lib/php/sessionclean ] && /usr/lib/php/sessionclean)
Feb 16 09:17:01 ip-172-31-69-25 CRON[2109]: (root) CMD (   cd / && run-parts --report /etc/cron.hourly)
Feb 16 09:33:56 ip-172-31-69-25 dhclient[930]: DHCPREQUEST of 172.31.69.25 on eth0 to 172.31.69.1 port 67 (xid=0x55b5e058)
Feb 16 09:33:56 ip-172-31-69-25 dhclient[930]: DHCPACK of 172.31.69.25 from 172.31.69.1
Feb 16 09:33:56 ip-172-31-69-25 dhclient[930]: bound to 172.31.69.25 -- renewal in 1465 seconds.
Feb 16 09:39:01 ip-172-31-69-25 CRON[2140]: (root) CMD (  [ -x /usr/lib/php/sessionclean ] && /usr/lib/php/sessionclean)
Feb 16 09:58:21 ip-172-31-69-25 dhclient[930]: DHCPREQUEST of 172.31.69.25 on eth0 to 172.31.69.1 port 67 (xid=0x55b5e058)
Feb 16 09:58:21 ip-172-31-69-25 dhclient[930]: DHCPACK of 172.31.69.25 from 172.31.69.1
Feb 16 09:58:21 ip-172-31-69-25 dhclient[930]: bound to 172.31.69.25 -- renewal in 1728 seconds.
Feb 16 10:09:01 ip-172-31-69-25 CRON[2269]: (root) CMD (  [ -x /usr/lib/php/sessionclean ] && /usr/lib/php/sessionclean)
Feb 16 10:17:01 ip-172-31-69-25 CRON[2358]: (root) CMD (   cd / && run-parts --report /etc/cron.hourly)
Feb 16 10:27:09 ip-172-31-69-25 dhclient[930]: DHCPREQUEST of 172.31.69.25 on eth0 to 172.31.69.1 port 67 (xid=0x55b5e058)
Feb 16 10:27:09 ip-172-31-69-25 dhclient[930]: DHCPACK of 172.31.69.25 from 172.31.69.1
Feb 16 10:27:09 ip-172-31-69-25 dhclient[930]: bound to 172.31.69.25 -- renewal in 1589 seconds.
Feb 16 10:39:01 ip-172-31-69-25 CRON[2386]: (root) CMD (  [ -x /usr/lib/php/sessionclean ] && /usr/lib/php/sessionclean)
Feb 16 10:53:38 ip-172-31-69-25 dhclient[930]: DHCPREQUEST of 172.31.69.25 on eth0 to 172.31.69.1 port 67 (xid=0x55b5e058)
Feb 16 10:53:38 ip-172-31-69-25 dhclient[930]: DHCPACK of 172.31.69.25 from 172.31.69.1
Feb 16 10:53:38 ip-172-31-69-25 dhclient[930]: bound to 172.31.69.25 -- renewal in 1390 seconds.
Feb 16 11:09:01 ip-172-31-69-25 CRON[2497]: (root) CMD (  [ -x /usr/lib/php/sessionclean ] && /usr/lib/php/sessionclean)
Feb 16 11:16:48 ip-172-31-69-25 dhclient[930]: DHCPREQUEST of 172.31.69.25 on eth0 to 172.31.69.1 port 67 (xid=0x55b5e058)
Feb 16 11:16:48 ip-172-31-69-25 dhclient[930]: DHCPACK of 172.31.69.25 from 172.31.69.1
Feb 16 11:16:48 ip-172-31-69-25 dhclient[930]: bound to 172.31.69.25 -- renewal in 1490 seconds.
Feb 16 11:17:01 ip-172-31-69-25 CRON[2596]: (root) CMD (   cd / && run-parts --report /etc/cron.hourly)
Feb 16 11:39:01 ip-172-31-69-25 CRON[2602]: (root) CMD (  [ -x /usr/lib/php/sessionclean ] && /usr/lib/php/sessionclean)
Feb 16 11:41:38 ip-172-31-69-25 dhclient[930]: DHCPREQUEST of 172.31.69.25 on eth0 to 172.31.69.1 port 67 (xid=0x55b5e058)
Feb 16 11:41:38 ip-172-31-69-25 dhclient[930]: DHCPACK of 172.31.69.25 from 172.31.69.1
Feb 16 11:41:38 ip-172-31-69-25 dhclient[930]: bound to 172.31.69.25 -- renewal in 1416 seconds.
Feb 16 12:05:14 ip-172-31-69-25 dhclient[930]: DHCPREQUEST of 172.31.69.25 on eth0 to 172.31.69.1 port 67 (xid=0x55b5e058)
Feb 16 12:05:14 ip-172-31-69-25 dhclient[930]: DHCPACK of 172.31.69.25 from 172.31.69.1
Feb 16 12:05:14 ip-172-31-69-25 dhclient[930]: bound to 172.31.69.25 -- renewal in 1738 seconds.
Feb 16 12:09:01 ip-172-31-69-25 CRON[2720]: (root) CMD (  [ -x /usr/lib/php/sessionclean ] && /usr/lib/php/sessionclean)
Feb 16 12:17:01 ip-172-31-69-25 CRON[2813]: (root) CMD (   cd / && run-parts --report /etc/cron.hourly)
Feb 16 12:34:12 ip-172-31-69-25 dhclient[930]: DHCPREQUEST of 172.31.69.25 on eth0 to 172.31.69.1 port 67 (xid=0x55b5e058)
Feb 16 12:34:12 ip-172-31-69-25 dhclient[930]: DHCPACK of 172.31.69.25 from 172.31.69.1
Feb 16 12:34:12 ip-172-31-69-25 dhclient[930]: bound to 172.31.69.25 -- renewal in 1778 seconds.
Feb 16 12:39:01 ip-172-31-69-25 CRON[2838]: (root) CMD (  [ -x /usr/lib/php/sessionclean ] && /usr/lib/php/sessionclean)
Feb 16 13:03:50 ip-172-31-69-25 dhclient[930]: DHCPREQUEST of 172.31.69.25 on eth0 to 172.31.69.1 port 67 (xid=0x55b5e058)
Feb 16 13:03:50 ip-172-31-69-25 dhclient[930]: DHCPACK of 172.31.69.25 from 172.31.69.1
Feb 16 13:03:50 ip-172-31-69-25 dhclient[930]: bound to 172.31.69.25 -- renewal in 1762 seconds.
Feb 16 13:09:01 ip-172-31-69-25 CRON[2952]: (root) CMD (  [ -x /usr/lib/php/sessionclean ] && /usr/lib/php/sessionclean)
Feb 16 13:17:01 ip-172-31-69-25 CRON[3039]: (root) CMD (   cd / && run-parts --report /etc/cron.hourly)
Feb 16 13:33:12 ip-172-31-69-25 dhclient[930]: DHCPREQUEST of 172.31.69.25 on eth0 to 172.31.69.1 port 67 (xid=0x55b5e058)
Feb 16 13:33:12 ip-172-31-69-25 dhclient[930]: DHCPACK of 172.31.69.25 from 172.31.69.1
Feb 16 13:33:12 ip-172-31-69-25 dhclient[930]: bound to 172.31.69.25 -- renewal in 1455 seconds.
Feb 16 13:39:01 ip-172-31-69-25 CRON[3071]: (root) CMD (  [ -x /usr/lib/php/sessionclean ] && /usr/lib/php/sessionclean)
Feb 16 13:45:30 ip-172-31-69-25 kernel: [19789.996474] TCP: request_sock_TCP: Possible SYN flooding on port 80. Sending cookies.  Check SNMP counters.
Feb 16 13:57:27 ip-172-31-69-25 dhclient[930]: DHCPREQUEST of 172.31.69.25 on eth0 to 172.31.69.1 port 67 (xid=0x55b5e058)
Feb 16 13:57:27 ip-172-31-69-25 dhclient[930]: DHCPACK of 172.31.69.25 from 172.31.69.1
Feb 16 13:57:27 ip-172-31-69-25 dhclient[930]: bound to 172.31.69.25 -- renewal in 1787 seconds.
Feb 16 14:06:25 ip-172-31-69-25 systemd[1]: Received SIGINT.
Feb 16 14:06:25 ip-172-31-69-25 systemd[1]: Stopping ACPI event daemon...
Feb 16 14:06:25 ip-172-31-69-25 systemd[1]: Stopped target Cloud-init target.
Feb 16 14:06:25 ip-172-31-69-25 systemd[1]: Stopped Execute cloud user/final scripts.
Feb 16 14:06:25 ip-172-31-69-25 systemd[1]: Stopped Apply the settings specified in cloud-config.
Feb 16 14:06:25 ip-172-31-69-25 systemd[1]: Stopping Authenticate and Authorize Users to Run Privileged Tasks...
Feb 16 14:06:25 ip-172-31-69-25 systemd[1]: Stopped target Cloud-config availability.
Feb 16 14:06:25 ip-172-31-69-25 systemd[1]: Stopped target Graphical Interface.
Feb 16 14:06:25 ip-172-31-69-25 systemd[1]: Stopping Accounts Service...
Feb 16 14:06:25 ip-172-31-69-25 systemd[1]: Stopped target Multi-User System.
Feb 16 14:06:25 ip-172-31-69-25 systemd[1]: Stopping LSB: MD monitoring daemon...
Feb 16 14:06:25 ip-172-31-69-25 systemd[1]: Stopping FUSE filesystem for LXC...
Feb 16 14:06:25 ip-172-31-69-25 systemd[1]: Stopping Deferred execution scheduler...
Feb 16 14:06:25 ip-172-31-69-25 systemd[1]: Stopping LSB: Set the CPU Frequency Scaling governor to "ondemand"...
Feb 16 14:06:25 ip-172-31-69-25 systemd[1]: Stopping D-Bus System Message Bus...
Feb 16 14:06:25 ip-172-31-69-25 systemd[1]: Stopping Regular background program processing daemon...
Feb 16 14:06:25 ip-172-31-69-25 systemd[1]: Stopped target Login Prompts.
Feb 16 14:06:25 ip-172-31-69-25 systemd[1]: Stopping Getty on tty1...
Feb 16 14:06:25 ip-172-31-69-25 systemd[1]: Stopping Serial Getty on ttyS0...
Feb 16 14:06:25 ip-172-31-69-25 systemd[1]: Stopping MySQL Community Server...
Feb 16 14:06:25 ip-172-31-69-25 systemd[1]: Stopping Snappy daemon...
Feb 16 14:06:25 ip-172-31-69-25 snapd[1177]: 2018/03/14 14:06:25.639259 main.go:78: Exiting on terminated signal.
Feb 16 14:06:25 ip-172-31-69-25 systemd[1]: Stopping LSB: automatic crash report generation...
Feb 16 14:06:25 ip-172-31-69-25 systemd[1]: Stopping System Logging Service...
Feb 16 14:06:25 ip-172-31-69-25 rsyslogd: [origin software="rsyslogd" swVersion="8.16.0" x-pid="1119" x-info="http://www.rsyslog.com"] exiting on signal 15.
Feb 16 14:06:58 ip-172-31-69-25 rsyslogd: [origin software="rsyslogd" swVersion="8.16.0" x-pid="1114" x-info="http://www.rsyslog.com"] start
Feb 16 14:06:58 ip-172-31-69-25 rsyslogd-2222: command 'KLogPermitNonKernelFacility' is currently not permitted - did you already set it via a RainerScript command (v6+ config)? [v8.16.0 try http://www.rsyslog.com/e/2222 ]
Feb 16 14:06:58 ip-172-31-69-25 rsyslogd: rsyslogd's groupid changed to 108
Feb 16 14:06:58 ip-172-31-69-25 rsyslogd: rsyslogd's userid changed to 104
Feb 16 14:06:58 ip-172-31-69-25 rsyslogd-2039: Could not open output pipe '/dev/xconsole':: No such file or directory [v8.16.0 try http://www.rsyslog.com/e/2039 ]
Feb 16 14:06:58 ip-172-31-69-25 rsyslogd-2007: action 'action 11' suspended, next retry is Wed Feb 16 14:07:28 2018 [v8.16.0 try http://www.rsyslog.com/e/2007 ]
Feb 16 14:06:58 ip-172-31-69-25 kernel: [    0.000000] Initializing cgroup subsys cpuset
Feb 16 14:06:58 ip-172-31-69-25 kernel: [    0.000000] Initializing cgroup subsys cpu
Feb 16 14:06:58 ip-172-31-69-25 kernel: [    0.000000] Initializing cgroup subsys cpuacct
Feb 16 14:06:58 ip-172-31-69-25 kernel: [    0.000000] Linux version 4.4.0-1052-aws (buildd@lgw01-amd64-031) (gcc version 5.4.0 20160609 (Ubuntu 5.4.0-6ubuntu1~16.04.9) ) #61-Ubuntu SMP Mon Feb 12 23:05:58 UTC 2018 (Ubuntu 4.4.0-1052.61-aws 4.4.98)
Feb 16 14:06:58 ip-172-31-69-25 kernel: [    0.000000] Command line: BOOT_IMAGE=/boot/vmlinuz-4.4.0-1052-aws root=UUID=ccee1a8d-0785-4b3a-a578-812d59f5d3e1 ro console=tty1 console=ttyS0 nvme.io_timeout=4294967295
Feb 16 14:06:58 ip-172-31-69-25 kernel: [    0.000000] KERNEL supported cpus:
Feb 16 14:06:58 ip-172-31-69-25 kernel: [    0.000000]   Intel GenuineIntel
Feb 16 14:06:58 ip-172-31-69-25 kernel: [    0.000000]   AMD AuthenticAMD
Feb 16 14:06:58 ip-172-31-69-25 kernel: [    0.000000]   Centaur CentaurHauls
Feb 16 14:06:58 ip-172-31-69-25 kernel: [    0.000000] x86/fpu: xstate_offset[2]:  576, xstate_sizes[2]:  256
Feb 16 14:06:58 ip-172-31-69-25 kernel: [    0.000000] x86/fpu: Supporting XSAVE feature 0x01: 'x87 floating point registers'
Feb 16 14:06:58 ip-172-31-69-25 kernel: [    0.000000] x86/fpu: Supporting XSAVE feature 0x02: 'SSE registers'
Feb 16 14:06:58 ip-172-31-69-25 kernel: [    0.000000] x86/fpu: Supporting XSAVE feature 0x04: 'AVX registers'
Feb 16 14:06:58 ip-172-31-69-25 kernel: [    0.000000] x86/fpu: Enabled xstate features 0x7, context size is 832 bytes, using 'standard' format.
Feb 16 14:06:58 ip-172-31-69-25 kernel: [    0.000000] x86/fpu: Using 'eager' FPU context switches.
Feb 16 14:06:58 ip-172-31-69-25 kernel: [    0.000000] e820: BIOS-provided physical RAM map:
Feb 16 14:06:58 ip-172-31-69-25 kernel: [    0.000000] BIOS-e820: [mem 0x0000000000000000-0x000000000009dfff] usable
Feb 16 14:06:58 ip-172-31-69-25 kernel: [    0.000000] BIOS-e820: [mem 0x000000000009e000-0x000000000009ffff] reserved
Feb 16 14:06:58 ip-172-31-69-25 kernel: [    0.000000] BIOS-e820: [mem 0x00000000000e0000-0x00000000000fffff] reserved
Feb 16 14:06:58 ip-172-31-69-25 kernel: [    0.000000] BIOS-e820: [mem 0x0000000000100000-0x000000003fffffff] usable
Feb 16 14:06:58 ip-172-31-69-25 kernel: [    0.000000] BIOS-e820: [mem 0x00000000fc000000-0x00000000ffffffff] reserved
Feb 16 14:06:58 ip-172-31-69-25 kernel: [    0.000000] NX (Execute Disable) protection: active
Feb 16 14:06:58 ip-172-31-69-25 kernel: [    0.000000] SMBIOS 2.7 present.
Feb 16 14:06:58 ip-172-31-69-25 kernel: [    0.000000] DMI: Xen HVM domU, BIOS 4.2.amazon 08/24/2006
Feb 16 14:06:58 ip-172-31-69-25 kernel: [    0.000000] Hypervisor detected: Xen
Feb 16 14:06:58 ip-172-31-69-25 kernel: [    0.000000] Xen version 4.2.
Feb 16 14:06:58 ip-172-31-69-25 kernel: [    0.000000] Xen Platform PCI: I/O protocol version 1
Feb 16 14:06:58 ip-172-31-69-25 kernel: [    0.000000] Netfront and the Xen platform PCI driver have been compiled for this kernel: unplug emulated NICs.
Feb 16 14:06:58 ip-172-31-69-25 kernel: [    0.000000] Blkfront and the Xen platform PCI driver have been compiled for this kernel: unplug emulated disks.
Feb 16 14:06:58 ip-172-31-69-25 kernel: [    0.000000] You might have to change the root device
Feb 16 14:06:58 ip-172-31-69-25 kernel: [    0.000000] from /dev/hd[a-d] to /dev/xvd[a-d]
Feb 16 14:06:58 ip-172-31-69-25 kernel: [    0.000000] in your root= kernel command line option
Feb 16 14:06:58 ip-172-31-69-25 kernel: [    0.000000] HVMOP_pagetable_dying not supported
Feb 16 14:06:58 ip-172-31-69-25 kernel: [    0.000000] e820: update [mem 0x00000000-0x00000fff] usable ==> reserved
Feb 16 14:06:58 ip-172-31-69-25 kernel: [    0.000000] e820: remove [mem 0x000a0000-0x000fffff] usable
Feb 16 14:06:58 ip-172-31-69-25 kernel: [    0.000000] e820: last_pfn = 0x40000 max_arch_pfn = 0x400000000
Feb 16 14:06:58 ip-172-31-69-25 kernel: [    0.000000] MTRR default type: write-back
Feb 16 14:06:58 ip-172-31-69-25 kernel: [    0.000000] MTRR fixed ranges enabled:
Feb 16 14:06:58 ip-172-31-69-25 kernel: [    0.000000]   00000-9FFFF write-back
Feb 16 14:06:58 ip-172-31-69-25 kernel: [    0.000000]   A0000-BFFFF write-combining
Feb 16 14:06:58 ip-172-31-69-25 kernel: [    0.000000]   C0000-FFFFF write-back
Feb 16 14:06:58 ip-172-31-69-25 kernel: [    0.000000] MTRR variable ranges enabled:
Feb 16 14:06:58 ip-172-31-69-25 kernel: [    0.000000]   0 base 0000F0000000 mask 3FFFF8000000 uncachable
Feb 16 14:06:58 ip-172-31-69-25 kernel: [    0.000000]   1 base 0000F8000000 mask 3FFFFC000000 uncachable
Feb 16 14:06:58 ip-172-31-69-25 kernel: [    0.000000]   2 disabled
Feb 16 14:06:58 ip-172-31-69-25 kernel: [    0.000000]   3 disabled
Feb 16 14:06:58 ip-172-31-69-25 kernel: [    0.000000]   4 disabled
Feb 16 14:06:58 ip-172-31-69-25 kernel: [    0.000000]   5 disabled
Feb 16 14:06:58 ip-172-31-69-25 kernel: [    0.000000]   6 disabled
Feb 16 14:06:58 ip-172-31-69-25 kernel: [    0.000000]   7 disabled
Feb 16 14:06:58 ip-172-31-69-25 kernel: [    0.000000] x86/PAT: Configuration [0-7]: WB  WC  UC- UC  WB  WC  UC- WT  
Feb 16 14:06:58 ip-172-31-69-25 kernel: [    0.000000] found SMP MP-table at [mem 0x000fbc20-0x000fbc2f] mapped at [ffff8800000fbc20]
Feb 16 14:06:58 ip-172-31-69-25 kernel: [    0.000000] Scanning 1 areas for low memory corruption
Feb 16 14:06:58 ip-172-31-69-25 kernel: [    0.000000] Base memory trampoline at [ffff880000098000] 98000 size 24576
Feb 16 14:06:58 ip-172-31-69-25 kernel: [    0.000000] BRK [0x021fd000, 0x021fdfff] PGTABLE
Feb 16 14:06:58 ip-172-31-69-25 kernel: [    0.000000] BRK [0x021fe000, 0x021fefff] PGTABLE
Feb 16 14:06:58 ip-172-31-69-25 kernel: [    0.000000] BRK [0x021ff000, 0x021fffff] PGTABLE
Feb 16 14:06:58 ip-172-31-69-25 kernel: [    0.000000] RAMDISK: [mem 0x367d6000-0x373e2fff]
Feb 16 14:06:58 ip-172-31-69-25 kernel: [    0.000000] ACPI: Early table checksum verification disabled
Feb 16 14:06:58 ip-172-31-69-25 kernel: [    0.000000] ACPI: RSDP 0x00000000000EA020 000024 (v02 Xen   )
Feb 16 14:06:58 ip-172-31-69-25 kernel: [    0.000000] ACPI: XSDT 0x00000000FC00DDC0 000054 (v01 Xen    HVM      00000000 HVML 00000000)
Feb 16 14:06:58 ip-172-31-69-25 kernel: [    0.000000] ACPI: FACP 0x00000000FC00DA80 0000F4 (v04 Xen    HVM      00000000 HVML 00000000)
Feb 16 14:06:58 ip-172-31-69-25 kernel: [    0.000000] ACPI: DSDT 0x00000000FC001CE0 00BD19 (v02 Xen    HVM      00000000 INTL 20090123)
Feb 16 14:06:58 ip-172-31-69-25 kernel: [    0.000000] ACPI: FACS 0x00000000FC001CA0 000040
Feb 16 14:06:58 ip-172-31-69-25 kernel: [    0.000000] ACPI: FACS 0x00000000FC001CA0 000040
Feb 16 14:06:58 ip-172-31-69-25 kernel: [    0.000000] ACPI: APIC 0x00000000FC00DB80 0000D8 (v02 Xen    HVM      00000000 HVML 00000000)
Feb 16 14:06:58 ip-172-31-69-25 kernel: [    0.000000] ACPI: HPET 0x00000000FC00DCD0 000038 (v01 Xen    HVM      00000000 HVML 00000000)
Feb 16 14:06:58 ip-172-31-69-25 kernel: [    0.000000] ACPI: WAET 0x00000000FC00DD10 000028 (v01 Xen    HVM      00000000 HVML 00000000)
Feb 16 14:06:58 ip-172-31-69-25 kernel: [    0.000000] ACPI: SSDT 0x00000000FC00DD40 000031 (v02 Xen    HVM      00000000 INTL 20090123)
Feb 16 14:06:58 ip-172-31-69-25 kernel: [    0.000000] ACPI: SSDT 0x00000000FC00DD80 000031 (v02 Xen    HVM      00000000 INTL 20090123)
Feb 16 14:06:58 ip-172-31-69-25 kernel: [    0.000000] ACPI: Local APIC address 0xfee00000
Feb 16 14:06:58 ip-172-31-69-25 kernel: [    0.000000] No NUMA configuration found
Feb 16 14:06:58 ip-172-31-69-25 kernel: [    0.000000] Faking a node at [mem 0x0000000000000000-0x000000003fffffff]
Feb 16 14:06:58 ip-172-31-69-25 kernel: [    0.000000] NODE_DATA(0) allocated [mem 0x3fffb000-0x3fffffff]
Feb 16 14:06:58 ip-172-31-69-25 kernel: [    0.000000] Zone ranges:
Feb 16 14:06:58 ip-172-31-69-25 kernel: [    0.000000]   DMA      [mem 0x0000000000001000-0x0000000000ffffff]
Feb 16 14:06:58 ip-172-31-69-25 kernel: [    0.000000]   DMA32    [mem 0x0000000001000000-0x000000003fffffff]
Feb 16 14:06:58 ip-172-31-69-25 kernel: [    0.000000]   Normal   empty
Feb 16 14:06:58 ip-172-31-69-25 kernel: [    0.000000]   Device   empty
Feb 16 14:06:58 ip-172-31-69-25 kernel: [    0.000000] Movable zone start for each node
Feb 16 14:06:58 ip-172-31-69-25 kernel: [    0.000000] Early memory node ranges
Feb 16 14:06:58 ip-172-31-69-25 kernel: [    0.000000]   node   0: [mem 0x0000000000001000-0x000000000009dfff]
Feb 16 14:06:58 ip-172-31-69-25 kernel: [    0.000000]   node   0: [mem 0x0000000000100000-0x000000003fffffff]
Feb 16 14:06:58 ip-172-31-69-25 kernel: [    0.000000] Initmem setup node 0 [mem 0x0000000000001000-0x000000003fffffff]
Feb 16 14:06:58 ip-172-31-69-25 kernel: [    0.000000] On node 0 totalpages: 262045
Feb 16 14:06:58 ip-172-31-69-25 kernel: [    0.000000]   DMA zone: 64 pages used for memmap
Feb 16 14:06:58 ip-172-31-69-25 kernel: [    0.000000]   DMA zone: 21 pages reserved
Feb 16 14:06:58 ip-172-31-69-25 kernel: [    0.000000]   DMA zone: 3997 pages, LIFO batch:0
Feb 16 14:06:58 ip-172-31-69-25 kernel: [    0.000000]   DMA32 zone: 4032 pages used for memmap
Feb 16 14:06:58 ip-172-31-69-25 kernel: [    0.000000]   DMA32 zone: 258048 pages, LIFO batch:31
Feb 16 14:06:58 ip-172-31-69-25 kernel: [    0.000000] ACPI: PM-Timer IO Port: 0xb008
Feb 16 14:06:58 ip-172-31-69-25 kernel: [    0.000000] ACPI: Local APIC address 0xfee00000
Feb 16 14:06:58 ip-172-31-69-25 kernel: [    0.000000] IOAPIC[0]: apic_id 1, version 17, address 0xfec00000, GSI 0-47
