Feb 16 06:26:22 ip-172-31-69-7 dhclient[913]: DHCPREQUEST of 172.31.69.7 on eth0 to 172.31.69.1 port 67 (xid=0x48d70529)
Feb 16 06:26:22 ip-172-31-69-7 dhclient[913]: DHCPACK of 172.31.69.7 from 172.31.69.1
Feb 16 06:26:22 ip-172-31-69-7 dhclient[913]: bound to 172.31.69.7 -- renewal in 1523 seconds.
Feb 16 06:51:45 ip-172-31-69-7 dhclient[913]: DHCPREQUEST of 172.31.69.7 on eth0 to 172.31.69.1 port 67 (xid=0x48d70529)
Feb 16 06:51:45 ip-172-31-69-7 dhclient[913]: DHCPACK of 172.31.69.7 from 172.31.69.1
Feb 16 06:51:45 ip-172-31-69-7 dhclient[913]: bound to 172.31.69.7 -- renewal in 1661 seconds.
Feb 16 07:17:01 ip-172-31-69-7 CRON[3332]: (root) CMD (   cd / && run-parts --report /etc/cron.hourly)
Feb 16 07:19:27 ip-172-31-69-7 dhclient[913]: DHCPREQUEST of 172.31.69.7 on eth0 to 172.31.69.1 port 67 (xid=0x48d70529)
Feb 16 07:19:27 ip-172-31-69-7 dhclient[913]: DHCPACK of 172.31.69.7 from 172.31.69.1
Feb 16 07:19:27 ip-172-31-69-7 dhclient[913]: bound to 172.31.69.7 -- renewal in 1684 seconds.
Feb 16 07:47:31 ip-172-31-69-7 dhclient[913]: DHCPREQUEST of 172.31.69.7 on eth0 to 172.31.69.1 port 67 (xid=0x48d70529)
Feb 16 07:47:31 ip-172-31-69-7 dhclient[913]: DHCPACK of 172.31.69.7 from 172.31.69.1
Feb 16 07:47:31 ip-172-31-69-7 dhclient[913]: bound to 172.31.69.7 -- renewal in 1531 seconds.
Feb 16 08:13:02 ip-172-31-69-7 dhclient[913]: DHCPREQUEST of 172.31.69.7 on eth0 to 172.31.69.1 port 67 (xid=0x48d70529)
Feb 16 08:13:02 ip-172-31-69-7 dhclient[913]: DHCPACK of 172.31.69.7 from 172.31.69.1
Feb 16 08:13:02 ip-172-31-69-7 dhclient[913]: bound to 172.31.69.7 -- renewal in 1728 seconds.
Feb 16 08:17:01 ip-172-31-69-7 CRON[3380]: (root) CMD (   cd / && run-parts --report /etc/cron.hourly)
Feb 16 08:37:42 ip-172-31-69-7 systemd[1]: Received SIGINT.
Feb 16 08:37:42 ip-172-31-69-7 systemd[1]: Closed Load/Save RF Kill Switch Status /dev/rfkill Watch.
Feb 16 08:37:42 ip-172-31-69-7 systemd[1]: Stopping ACPI event daemon...
Feb 16 08:37:42 ip-172-31-69-7 systemd[1]: Stopped target Cloud-init target.
Feb 16 08:37:42 ip-172-31-69-7 systemd[1]: Stopping Authenticate and Authorize Users to Run Privileged Tasks...
Feb 16 08:37:42 ip-172-31-69-7 systemd[1]: Stopped target Graphical Interface.
Feb 16 08:37:42 ip-172-31-69-7 systemd[1]: Stopping User Manager for UID 1000...
Feb 16 08:37:42 ip-172-31-69-7 systemd[1294]: Reached target Shutdown.
Feb 16 08:37:42 ip-172-31-69-7 systemd[1294]: Starting Exit the Session...
Feb 16 08:37:42 ip-172-31-69-7 systemd[1294]: Stopped target Default.
Feb 16 08:37:42 ip-172-31-69-7 systemd[1294]: Stopped target Basic System.
Feb 16 08:37:42 ip-172-31-69-7 systemd[1294]: Stopped target Sockets.
Feb 16 08:37:42 ip-172-31-69-7 systemd[1294]: Stopped target Timers.
Feb 16 08:37:42 ip-172-31-69-7 systemd[1294]: Stopped target Paths.
Feb 16 08:37:42 ip-172-31-69-7 systemd[1]: Stopping Session 1 of user ubuntu.
Feb 16 08:37:42 ip-172-31-69-7 systemd[1]: Stopped target Timers.
Feb 16 08:37:42 ip-172-31-69-7 kernel: [87219.122027] device eth0 left promiscuous mode
Feb 16 08:37:42 ip-172-31-69-7 systemd[1294]: Received SIGRTMIN+24 from PID 3392 (kill).
Feb 16 08:37:42 ip-172-31-69-7 systemd[1]: Stopped Daily apt upgrade and clean activities.
Feb 16 08:37:42 ip-172-31-69-7 systemd[1]: Stopped Daily Cleanup of Temporary Directories.
Feb 16 08:37:42 ip-172-31-69-7 systemd[1]: Stopped Daily apt download activities.
Feb 16 08:37:42 ip-172-31-69-7 systemd[1]: Stopping Accounts Service...
Feb 16 08:37:42 ip-172-31-69-7 systemd[1]: Stopped Timer to automatically refresh installed snaps.
Feb 16 08:37:42 ip-172-31-69-7 systemd[1]: Stopped target System Time Synchronized.
Feb 16 08:37:42 ip-172-31-69-7 systemd[1]: Stopped Execute cloud user/final scripts.
Feb 16 08:37:42 ip-172-31-69-7 systemd[1]: Stopped target Multi-User System.
Feb 16 08:37:42 ip-172-31-69-7 systemd[1]: Stopped Initialize hardware monitoring sensors.
Feb 16 08:37:42 ip-172-31-69-7 systemd[1]: Stopping LSB: daemon to balance interrupts for SMP systems...
Feb 16 08:37:42 ip-172-31-69-7 rsyslogd: [origin software="rsyslogd" swVersion="8.16.0" x-pid="1145" x-info="http://www.rsyslog.com"] exiting on signal 15.
Feb 16 08:38:15 ip-172-31-69-7 rsyslogd: [origin software="rsyslogd" swVersion="8.16.0" x-pid="1116" x-info="http://www.rsyslog.com"] start
Feb 16 08:38:15 ip-172-31-69-7 rsyslogd-2222: command 'KLogPermitNonKernelFacility' is currently not permitted - did you already set it via a RainerScript command (v6+ config)? [v8.16.0 try http://www.rsyslog.com/e/2222 ]
Feb 16 08:38:15 ip-172-31-69-7 rsyslogd: rsyslogd's groupid changed to 108
Feb 16 08:38:15 ip-172-31-69-7 rsyslogd: rsyslogd's userid changed to 104
Feb 16 08:38:15 ip-172-31-69-7 rsyslogd-2039: Could not open output pipe '/dev/xconsole':: No such file or directory [v8.16.0 try http://www.rsyslog.com/e/2039 ]
Feb 16 08:38:15 ip-172-31-69-7 rsyslogd-2007: action 'action 11' suspended, next retry is Fri Feb 16 08:38:45 2018 [v8.16.0 try http://www.rsyslog.com/e/2007 ]
Feb 16 08:38:15 ip-172-31-69-7 kernel: [    0.000000] Initializing cgroup subsys cpuset
Feb 16 08:38:15 ip-172-31-69-7 kernel: [    0.000000] Initializing cgroup subsys cpu
Feb 16 08:38:15 ip-172-31-69-7 kernel: [    0.000000] Initializing cgroup subsys cpuacct
Feb 16 08:38:15 ip-172-31-69-7 kernel: [    0.000000] Linux version 4.4.0-1049-aws (buildd@lcy01-amd64-001) (gcc version 5.4.0 20160609 (Ubuntu 5.4.0-6ubuntu1~16.04.5) ) #58-Ubuntu SMP Fri Jan 12 23:17:09 UTC 2018 (Ubuntu 4.4.0-1049.58-aws 4.4.98)
Feb 16 08:38:15 ip-172-31-69-7 kernel: [    0.000000] Command line: BOOT_IMAGE=/boot/vmlinuz-4.4.0-1049-aws root=UUID=ccee1a8d-0785-4b3a-a578-812d59f5d3e1 ro console=tty1 console=ttyS0 nvme.io_timeout=4294967295
Feb 16 08:38:15 ip-172-31-69-7 kernel: [    0.000000] KERNEL supported cpus:
Feb 16 08:38:15 ip-172-31-69-7 kernel: [    0.000000]   Intel GenuineIntel
Feb 16 08:38:15 ip-172-31-69-7 kernel: [    0.000000]   AMD AuthenticAMD
Feb 16 08:38:15 ip-172-31-69-7 kernel: [    0.000000]   Centaur CentaurHauls
Feb 16 08:38:15 ip-172-31-69-7 kernel: [    0.000000] x86/fpu: xstate_offset[2]:  576, xstate_sizes[2]:  256
Feb 16 08:38:15 ip-172-31-69-7 kernel: [    0.000000] x86/fpu: Supporting XSAVE feature 0x01: 'x87 floating point registers'
Feb 16 08:38:15 ip-172-31-69-7 kernel: [    0.000000] x86/fpu: Supporting XSAVE feature 0x02: 'SSE registers'
Feb 16 08:38:15 ip-172-31-69-7 kernel: [    0.000000] x86/fpu: Supporting XSAVE feature 0x04: 'AVX registers'
Feb 16 08:38:15 ip-172-31-69-7 kernel: [    0.000000] x86/fpu: Enabled xstate features 0x7, context size is 832 bytes, using 'standard' format.
Feb 16 08:38:15 ip-172-31-69-7 kernel: [    0.000000] x86/fpu: Using 'eager' FPU context switches.
Feb 16 08:38:15 ip-172-31-69-7 kernel: [    0.000000] e820: BIOS-provided physical RAM map:
Feb 16 08:38:15 ip-172-31-69-7 kernel: [    0.000000] BIOS-e820: [mem 0x0000000000000000-0x000000000009dfff] usable
Feb 16 08:38:15 ip-172-31-69-7 kernel: [    0.000000] BIOS-e820: [mem 0x000000000009e000-0x000000000009ffff] reserved
Feb 16 08:38:15 ip-172-31-69-7 kernel: [    0.000000] BIOS-e820: [mem 0x00000000000e0000-0x00000000000fffff] reserved
Feb 16 08:38:15 ip-172-31-69-7 kernel: [    0.000000] BIOS-e820: [mem 0x0000000000100000-0x000000003fffffff] usable
Feb 16 08:38:15 ip-172-31-69-7 kernel: [    0.000000] BIOS-e820: [mem 0x00000000fc000000-0x00000000ffffffff] reserved
Feb 16 08:38:15 ip-172-31-69-7 kernel: [    0.000000] NX (Execute Disable) protection: active
Feb 16 08:38:15 ip-172-31-69-7 kernel: [    0.000000] SMBIOS 2.7 present.
Feb 16 08:38:15 ip-172-31-69-7 kernel: [    0.000000] DMI: Xen HVM domU, BIOS 4.2.amazon 08/24/2006
Feb 16 08:38:15 ip-172-31-69-7 kernel: [    0.000000] Hypervisor detected: Xen
Feb 16 08:38:15 ip-172-31-69-7 kernel: [    0.000000] Xen version 4.2.
Feb 16 08:38:15 ip-172-31-69-7 kernel: [    0.000000] Xen Platform PCI: I/O protocol version 1
Feb 16 08:38:15 ip-172-31-69-7 kernel: [    0.000000] Netfront and the Xen platform PCI driver have been compiled for this kernel: unplug emulated NICs.
Feb 16 08:38:15 ip-172-31-69-7 kernel: [    0.000000] Blkfront and the Xen platform PCI driver have been compiled for this kernel: unplug emulated disks.
Feb 16 08:38:15 ip-172-31-69-7 kernel: [    0.000000] You might have to change the root device
Feb 16 08:38:15 ip-172-31-69-7 kernel: [    0.000000] from /dev/hd[a-d] to /dev/xvd[a-d]
Feb 16 08:38:15 ip-172-31-69-7 kernel: [    0.000000] in your root= kernel command line option
Feb 16 08:38:15 ip-172-31-69-7 kernel: [    0.000000] HVMOP_pagetable_dying not supported
Feb 16 08:38:15 ip-172-31-69-7 kernel: [    0.000000] e820: update [mem 0x00000000-0x00000fff] usable ==> reserved
Feb 16 08:38:15 ip-172-31-69-7 kernel: [    0.000000] e820: remove [mem 0x000a0000-0x000fffff] usable
Feb 16 08:38:15 ip-172-31-69-7 kernel: [    0.000000] e820: last_pfn = 0x40000 max_arch_pfn = 0x400000000
Feb 16 08:38:15 ip-172-31-69-7 kernel: [    0.000000] MTRR default type: write-back
Feb 16 08:38:15 ip-172-31-69-7 kernel: [    0.000000] MTRR fixed ranges enabled:
Feb 16 08:38:15 ip-172-31-69-7 kernel: [    0.000000]   00000-9FFFF write-back
Feb 16 08:38:15 ip-172-31-69-7 kernel: [    0.000000]   A0000-BFFFF write-combining
Feb 16 08:38:15 ip-172-31-69-7 kernel: [    0.000000]   C0000-FFFFF write-back
Feb 16 08:38:15 ip-172-31-69-7 kernel: [    0.000000] MTRR variable ranges enabled:
Feb 16 08:38:15 ip-172-31-69-7 kernel: [    0.000000]   0 base 0000F0000000 mask 3FFFF8000000 uncachable
Feb 16 08:38:15 ip-172-31-69-7 kernel: [    0.000000]   1 base 0000F8000000 mask 3FFFFC000000 uncachable
Feb 16 08:38:15 ip-172-31-69-7 kernel: [    0.000000]   2 disabled
Feb 16 08:38:15 ip-172-31-69-7 kernel: [    0.000000]   3 disabled
Feb 16 08:38:15 ip-172-31-69-7 kernel: [    0.000000]   4 disabled
Feb 16 08:38:15 ip-172-31-69-7 kernel: [    0.000000]   5 disabled
Feb 16 08:38:15 ip-172-31-69-7 kernel: [    0.000000]   6 disabled
Feb 16 08:38:15 ip-172-31-69-7 kernel: [    0.000000]   7 disabled
Feb 16 08:38:15 ip-172-31-69-7 kernel: [    0.000000] x86/PAT: Configuration [0-7]: WB  WC  UC- UC  WB  WC  UC- WT  
Feb 16 08:38:15 ip-172-31-69-7 kernel: [    0.000000] found SMP MP-table at [mem 0x000fbc20-0x000fbc2f] mapped at [ffff8800000fbc20]
Feb 16 08:38:15 ip-172-31-69-7 kernel: [    0.000000] Scanning 1 areas for low memory corruption
Feb 16 08:38:15 ip-172-31-69-7 kernel: [    0.000000] Base memory trampoline at [ffff880000098000] 98000 size 24576
Feb 16 08:38:15 ip-172-31-69-7 kernel: [    0.000000] BRK [0x02201000, 0x02201fff] PGTABLE
Feb 16 08:38:15 ip-172-31-69-7 kernel: [    0.000000] BRK [0x02202000, 0x02202fff] PGTABLE
Feb 16 08:38:15 ip-172-31-69-7 kernel: [    0.000000] BRK [0x02203000, 0x02203fff] PGTABLE
Feb 16 08:38:15 ip-172-31-69-7 kernel: [    0.000000] RAMDISK: [mem 0x367e6000-0x373eafff]
Feb 16 08:38:15 ip-172-31-69-7 kernel: [    0.000000] ACPI: Early table checksum verification disabled
Feb 16 08:38:15 ip-172-31-69-7 kernel: [    0.000000] ACPI: RSDP 0x00000000000EA020 000024 (v02 Xen   )
Feb 16 08:38:15 ip-172-31-69-7 kernel: [    0.000000] ACPI: XSDT 0x00000000FC00DDC0 000054 (v01 Xen    HVM      00000000 HVML 00000000)
Feb 16 08:38:15 ip-172-31-69-7 kernel: [    0.000000] ACPI: FACP 0x00000000FC00DA80 0000F4 (v04 Xen    HVM      00000000 HVML 00000000)
Feb 16 08:38:15 ip-172-31-69-7 kernel: [    0.000000] ACPI: DSDT 0x00000000FC001CE0 00BD19 (v02 Xen    HVM      00000000 INTL 20090123)
Feb 16 08:38:15 ip-172-31-69-7 kernel: [    0.000000] ACPI: FACS 0x00000000FC001CA0 000040
Feb 16 08:38:15 ip-172-31-69-7 kernel: [    0.000000] ACPI: FACS 0x00000000FC001CA0 000040
Feb 16 08:38:15 ip-172-31-69-7 kernel: [    0.000000] ACPI: APIC 0x00000000FC00DB80 0000D8 (v02 Xen    HVM      00000000 HVML 00000000)
Feb 16 08:38:15 ip-172-31-69-7 kernel: [    0.000000] ACPI: HPET 0x00000000FC00DCD0 000038 (v01 Xen    HVM      00000000 HVML 00000000)
Feb 16 08:38:15 ip-172-31-69-7 kernel: [    0.000000] ACPI: WAET 0x00000000FC00DD10 000028 (v01 Xen    HVM      00000000 HVML 00000000)
Feb 16 08:38:15 ip-172-31-69-7 kernel: [    0.000000] ACPI: SSDT 0x00000000FC00DD40 000031 (v02 Xen    HVM      00000000 INTL 20090123)
Feb 16 08:38:15 ip-172-31-69-7 kernel: [    0.000000] ACPI: SSDT 0x00000000FC00DD80 000031 (v02 Xen    HVM      00000000 INTL 20090123)
Feb 16 08:38:15 ip-172-31-69-7 kernel: [    0.000000] ACPI: Local APIC address 0xfee00000
Feb 16 08:38:15 ip-172-31-69-7 kernel: [    0.000000] No NUMA configuration found
Feb 16 08:38:15 ip-172-31-69-7 kernel: [    0.000000] Faking a node at [mem 0x0000000000000000-0x000000003fffffff]
Feb 16 08:38:15 ip-172-31-69-7 kernel: [    0.000000] NODE_DATA(0) allocated [mem 0x3fffb000-0x3fffffff]
Feb 16 08:38:15 ip-172-31-69-7 kernel: [    0.000000] Zone ranges:
Feb 16 08:38:15 ip-172-31-69-7 kernel: [    0.000000]   DMA      [mem 0x0000000000001000-0x0000000000ffffff]
Feb 16 08:38:15 ip-172-31-69-7 kernel: [    0.000000]   DMA32    [mem 0x0000000001000000-0x000000003fffffff]
Feb 16 08:38:15 ip-172-31-69-7 kernel: [    0.000000]   Normal   empty
Feb 16 08:38:15 ip-172-31-69-7 kernel: [    0.000000]   Device   empty
Feb 16 08:38:15 ip-172-31-69-7 kernel: [    0.000000] Movable zone start for each node
Feb 16 08:38:15 ip-172-31-69-7 kernel: [    0.000000] Early memory node ranges
Feb 16 08:38:15 ip-172-31-69-7 kernel: [    0.000000]   node   0: [mem 0x0000000000001000-0x000000000009dfff]
Feb 16 08:38:15 ip-172-31-69-7 kernel: [    0.000000]   node   0: [mem 0x0000000000100000-0x000000003fffffff]
Feb 16 08:38:15 ip-172-31-69-7 kernel: [    0.000000] Initmem setup node 0 [mem 0x0000000000001000-0x000000003fffffff]
Feb 16 08:38:15 ip-172-31-69-7 kernel: [    0.000000] On node 0 totalpages: 262045
Feb 16 08:38:15 ip-172-31-69-7 kernel: [    0.000000]   DMA zone: 64 pages used for memmap
Feb 16 08:38:15 ip-172-31-69-7 kernel: [    0.000000]   DMA zone: 21 pages reserved
Feb 16 08:38:15 ip-172-31-69-7 kernel: [    0.000000]   DMA zone: 3997 pages, LIFO batch:0
Feb 16 08:38:15 ip-172-31-69-7 kernel: [    0.000000]   DMA32 zone: 4032 pages used for memmap
Feb 16 08:38:15 ip-172-31-69-7 kernel: [    0.000000]   DMA32 zone: 258048 pages, LIFO batch:31
Feb 16 08:38:15 ip-172-31-69-7 kernel: [    0.000000] ACPI: PM-Timer IO Port: 0xb008
Feb 16 08:38:15 ip-172-31-69-7 kernel: [    0.000000] ACPI: Local APIC address 0xfee00000
Feb 16 08:38:15 ip-172-31-69-7 kernel: [    0.000000] IOAPIC[0]: apic_id 1, version 17, address 0xfec00000, GSI 0-47
Feb 16 08:38:15 ip-172-31-69-7 kernel: [    0.000000] ACPI: INT_SRC_OVR (bus 0 bus_irq 0 global_irq 2 dfl dfl)
Feb 16 08:38:15 ip-172-31-69-7 kernel: [    0.000000] ACPI: INT_SRC_OVR (bus 0 bus_irq 5 global_irq 5 low level)
Feb 16 08:38:15 ip-172-31-69-7 kernel: [    0.000000] ACPI: INT_SRC_OVR (bus 0 bus_irq 10 global_irq 10 low level)
Feb 16 08:38:15 ip-172-31-69-7 kernel: [    0.000000] ACPI: INT_SRC_OVR (bus 0 bus_irq 11 global_irq 11 low level)
Feb 16 08:38:15 ip-172-31-69-7 kernel: [    0.000000] ACPI: IRQ0 used by override.
Feb 16 08:38:15 ip-172-31-69-7 kernel: [    0.000000] ACPI: IRQ5 used by override.
Feb 16 08:38:15 ip-172-31-69-7 kernel: [    0.000000] ACPI: IRQ9 used by override.
Feb 16 08:38:15 ip-172-31-69-7 kernel: [    0.000000] ACPI: IRQ10 used by override.
Feb 16 08:38:15 ip-172-31-69-7 kernel: [    0.000000] ACPI: IRQ11 used by override.
Feb 16 08:38:15 ip-172-31-69-7 kernel: [    0.000000] Using ACPI (MADT) for SMP configuration information
Feb 16 08:38:15 ip-172-31-69-7 kernel: [    0.000000] ACPI: HPET id: 0x8086a201 base: 0xfed00000
Feb 16 08:38:15 ip-172-31-69-7 kernel: [    0.000000] smpboot: Allowing 15 CPUs, 14 hotplug CPUs
Feb 16 08:38:15 ip-172-31-69-7 kernel: [    0.000000] PM: Registered nosave memory: [mem 0x00000000-0x00000fff]
Feb 16 08:38:15 ip-172-31-69-7 kernel: [    0.000000] PM: Registered nosave memory: [mem 0x0009e000-0x0009ffff]
Feb 16 08:38:15 ip-172-31-69-7 kernel: [    0.000000] PM: Registered nosave memory: [mem 0x000a0000-0x000dffff]
Feb 16 08:38:15 ip-172-31-69-7 kernel: [    0.000000] PM: Registered nosave memory: [mem 0x000e0000-0x000fffff]
Feb 16 08:38:15 ip-172-31-69-7 kernel: [    0.000000] e820: [mem 0x40000000-0xfbffffff] available for PCI devices
Feb 16 08:38:15 ip-172-31-69-7 kernel: [    0.000000] Booting paravirtualized kernel on Xen HVM
Feb 16 08:38:15 ip-172-31-69-7 kernel: [    0.000000] clocksource: refined-jiffies: mask: 0xffffffff max_cycles: 0xffffffff, max_idle_ns: 7645519600211568 ns
Feb 16 08:38:15 ip-172-31-69-7 kernel: [    0.000000] setup_percpu: NR_CPUS:256 nr_cpumask_bits:256 nr_cpu_ids:15 nr_node_ids:1
Feb 16 08:38:15 ip-172-31-69-7 kernel: [    0.000000] PERCPU: Embedded 34 pages/cpu @ffff88003e200000 s99160 r8192 d31912 u262144
Feb 16 08:38:15 ip-172-31-69-7 kernel: [    0.000000] pcpu-alloc: s99160 r8192 d31912 u262144 alloc=1*2097152
Feb 16 08:38:15 ip-172-31-69-7 kernel: [    0.000000] pcpu-alloc: [0] 00 01 02 03 04 05 06 07 [0] 08 09 10 11 12 13 14 -- 
Feb 16 08:38:15 ip-172-31-69-7 kernel: [    0.000000] xen: PV spinlocks enabled
Feb 16 08:38:15 ip-172-31-69-7 kernel: [    0.000000] PV qspinlock hash table entries: 256 (order: 0, 4096 bytes)
Feb 16 08:38:15 ip-172-31-69-7 kernel: [    0.000000] Built 1 zonelists in Node order, mobility grouping on.  Total pages: 257928
Feb 16 08:38:15 ip-172-31-69-7 kernel: [    0.000000] Policy zone: DMA32
Feb 16 08:38:15 ip-172-31-69-7 kernel: [    0.000000] Kernel command line: BOOT_IMAGE=/boot/vmlinuz-4.4.0-1049-aws root=UUID=ccee1a8d-0785-4b3a-a578-812d59f5d3e1 ro console=tty1 console=ttyS0 nvme.io_timeout=4294967295
Feb 16 08:38:15 ip-172-31-69-7 kernel: [    0.000000] PID hash table entries: 4096 (order: 3, 32768 bytes)
Feb 16 08:38:15 ip-172-31-69-7 kernel: [    0.000000] Calgary: detecting Calgary via BIOS EBDA area
Feb 16 08:38:15 ip-172-31-69-7 kernel: [    0.000000] Calgary: Unable to locate Rio Grande table in EBDA - bailing!
Feb 16 08:38:15 ip-172-31-69-7 kernel: [    0.000000] Memory: 998628K/1048180K available (8320K kernel code, 1276K rwdata, 3872K rodata, 1484K init, 1288K bss, 49552K reserved, 0K cma-reserved)
Feb 16 08:38:15 ip-172-31-69-7 kernel: [    0.000000] SLUB: HWalign=64, Order=0-3, MinObjects=0, CPUs=15, Nodes=1
Feb 16 08:38:15 ip-172-31-69-7 kernel: [    0.000000] Kernel/User page tables isolation: enabled
Feb 16 08:38:15 ip-172-31-69-7 kernel: [    0.000000] Hierarchical RCU implementation.
Feb 16 08:38:15 ip-172-31-69-7 kernel: [    0.000000] 	Build-time adjustment of leaf fanout to 64.
Feb 16 08:38:15 ip-172-31-69-7 kernel: [    0.000000] 	RCU restricting CPUs from NR_CPUS=256 to nr_cpu_ids=15.
Feb 16 08:38:15 ip-172-31-69-7 kernel: [    0.000000] RCU: Adjusting geometry for rcu_fanout_leaf=64, nr_cpu_ids=15
Feb 16 08:38:15 ip-172-31-69-7 kernel: [    0.000000] NR_IRQS:16640 nr_irqs:952 16
Feb 16 08:38:15 ip-172-31-69-7 kernel: [    0.000000] xen:events: Using 2-level ABI
Feb 16 08:38:15 ip-172-31-69-7 kernel: [    0.000000] xen:events: Xen HVM callback vector for event delivery is enabled
Feb 16 08:38:15 ip-172-31-69-7 kernel: [    0.000000] Console: colour VGA+ 80x25
Feb 16 08:38:15 ip-172-31-69-7 kernel: [    0.000000] console [tty1] enabled
Feb 16 08:38:15 ip-172-31-69-7 kernel: [    0.000000] Cannot get hvm parameter CONSOLE_EVTCHN (18): -22!
Feb 16 08:38:15 ip-172-31-69-7 kernel: [    0.000000] console [ttyS0] enabled
Feb 16 08:38:15 ip-172-31-69-7 kernel: [    0.000000] clocksource: hpet: mask: 0xffffffff max_cycles: 0xffffffff, max_idle_ns: 30580167144 ns
Feb 16 08:38:15 ip-172-31-69-7 kernel: [    0.000000] hpet clockevent registered
Feb 16 08:38:15 ip-172-31-69-7 kernel: [    0.000000] tsc: Detected 2400.042 MHz processor
Feb 16 08:38:15 ip-172-31-69-7 kernel: [    0.008000] Calibrating delay loop (skipped), value calculated using timer frequency.. 4800.08 BogoMIPS (lpj=9600168)
Feb 16 08:38:15 ip-172-31-69-7 kernel: [    0.014136] pid_max: default: 32768 minimum: 301
Feb 16 08:38:15 ip-172-31-69-7 kernel: [    0.016013] ACPI: Core revision 20150930
Feb 16 08:38:15 ip-172-31-69-7 kernel: [    0.026131] ACPI: 3 ACPI AML tables successfully acquired and loaded
Feb 16 08:38:15 ip-172-31-69-7 kernel: [    0.028939] Security Framework initialized
Feb 16 08:38:15 ip-172-31-69-7 kernel: [    0.032003] Yama: becoming mindful.
Feb 16 08:38:15 ip-172-31-69-7 kernel: [    0.036021] AppArmor: AppArmor initialized
Feb 16 08:38:15 ip-172-31-69-7 kernel: [    0.038841] Dentry cache hash table entries: 131072 (order: 8, 1048576 bytes)
Feb 16 08:38:15 ip-172-31-69-7 kernel: [    0.044108] Inode-cache hash table entries: 65536 (order: 7, 524288 bytes)
Feb 16 08:38:15 ip-172-31-69-7 kernel: [    0.048086] Mount-cache hash table entries: 2048 (order: 2, 16384 bytes)
Feb 16 08:38:15 ip-172-31-69-7 kernel: [    0.052009] Mountpoint-cache hash table entries: 2048 (order: 2, 16384 bytes)
Feb 16 08:38:15 ip-172-31-69-7 kernel: [    0.056187] Initializing cgroup subsys io
Feb 16 08:38:15 ip-172-31-69-7 kernel: [    0.060006] Initializing cgroup subsys memory
Feb 16 08:38:15 ip-172-31-69-7 kernel: [    0.063028] Initializing cgroup subsys devices
Feb 16 08:38:15 ip-172-31-69-7 kernel: [    0.064009] Initializing cgroup subsys freezer
Feb 16 08:38:15 ip-172-31-69-7 kernel: [    0.068006] Initializing cgroup subsys net_cls
Feb 16 08:38:15 ip-172-31-69-7 kernel: [    0.072004] Initializing cgroup subsys perf_event
Feb 16 08:38:15 ip-172-31-69-7 kernel: [    0.075006] Initializing cgroup subsys net_prio
Feb 16 08:38:15 ip-172-31-69-7 kernel: [    0.076013] Initializing cgroup subsys hugetlb
Feb 16 08:38:15 ip-172-31-69-7 kernel: [    0.080006] Initializing cgroup subsys pids
Feb 16 08:38:15 ip-172-31-69-7 kernel: [    0.084068] CPU: Physical Processor ID: 0
Feb 16 08:38:15 ip-172-31-69-7 kernel: [    0.086766] FEATURE SPEC_CTRL Not Present
Feb 16 08:38:15 ip-172-31-69-7 kernel: [    0.088725] mce: CPU supports 2 MCE banks
Feb 16 08:38:15 ip-172-31-69-7 kernel: [    0.092025] Last level iTLB entries: 4KB 1024, 2MB 1024, 4MB 1024
Feb 16 08:38:15 ip-172-31-69-7 kernel: [    0.096002] Last level dTLB entries: 4KB 1024, 2MB 1024, 4MB 1024, 1GB 4
Feb 16 08:38:15 ip-172-31-69-7 kernel: [    0.117479] ftrace: allocating 31285 entries in 123 pages
Feb 16 08:38:15 ip-172-31-69-7 kernel: [    0.148093] smpboot: APIC(0) Converting physical 0 to logical package 0
Feb 16 08:38:15 ip-172-31-69-7 kernel: [    0.152006] smpboot: Max logical packages: 15
Feb 16 08:38:15 ip-172-31-69-7 kernel: [    0.155739] x2apic: IRQ remapping doesn't support X2APIC mode
Feb 16 08:38:15 ip-172-31-69-7 kernel: [    0.160004] Switched APIC routing to physical flat.
Feb 16 08:38:15 ip-172-31-69-7 kernel: [    0.164000] ..TIMER: vector=0x30 apic1=0 pin1=2 apic2=0 pin2=0
Feb 16 08:38:15 ip-172-31-69-7 kernel: [    0.168004] clocksource: xen: mask: 0xffffffffffffffff max_cycles: 0x1cd42e4dffb, max_idle_ns: 881590591483 ns
Feb 16 08:38:15 ip-172-31-69-7 kernel: [    0.172008] Xen: using vcpuop timer interface
Feb 16 08:38:15 ip-172-31-69-7 kernel: [    0.172015] installing Xen timer for CPU 0
Feb 16 08:38:15 ip-172-31-69-7 kernel: [    0.176064] smpboot: CPU0: Intel(R) Xeon(R) CPU E5-2676 v3 @ 2.40GHz (family: 0x6, model: 0x3f, stepping: 0x2)
Feb 16 08:38:15 ip-172-31-69-7 kernel: [    0.183422] cpu 0 spinlock event irq 53
Feb 16 08:38:15 ip-172-31-69-7 kernel: [    0.184016] Performance Events: unsupported p6 CPU model 63 no PMU driver, software events only.
Feb 16 08:38:15 ip-172-31-69-7 kernel: [    0.188791] x86: Booted up 1 node, 1 CPUs
Feb 16 08:38:15 ip-172-31-69-7 kernel: [    0.191798] smpboot: Total of 1 processors activated (4800.08 BogoMIPS)
Feb 16 08:38:15 ip-172-31-69-7 kernel: [    0.192011] NMI watchdog: disabled (cpu0): hardware events not enabled
Feb 16 08:38:15 ip-172-31-69-7 kernel: [    0.196006] NMI watchdog: Shutting down hard lockup detector on all cpus
Feb 16 08:38:15 ip-172-31-69-7 kernel: [    0.200359] devtmpfs: initialized
Feb 16 08:38:15 ip-172-31-69-7 kernel: [    0.204331] evm: security.selinux
Feb 16 08:38:15 ip-172-31-69-7 kernel: [    0.206817] evm: security.SMACK64
Feb 16 08:38:15 ip-172-31-69-7 kernel: [    0.208007] evm: security.SMACK64EXEC
Feb 16 08:38:15 ip-172-31-69-7 kernel: [    0.210696] evm: security.SMACK64TRANSMUTE
Feb 16 08:38:15 ip-172-31-69-7 kernel: [    0.212004] evm: security.SMACK64MMAP
Feb 16 08:38:15 ip-172-31-69-7 kernel: [    0.214713] evm: security.ima
Feb 16 08:38:15 ip-172-31-69-7 kernel: [    0.216006] evm: security.capability
Feb 16 08:38:15 ip-172-31-69-7 kernel: [    0.218857] clocksource: jiffies: mask: 0xffffffff max_cycles: 0xffffffff, max_idle_ns: 7645041785100000 ns
Feb 16 08:38:15 ip-172-31-69-7 kernel: [    0.220033] futex hash table entries: 4096 (order: 6, 262144 bytes)
Feb 16 08:38:15 ip-172-31-69-7 kernel: [    0.224164] RTC time: 12:38:07, date: 02/16/18
Feb 16 08:38:15 ip-172-31-69-7 kernel: [    0.227277] NET: Registered protocol family 16
Feb 16 08:38:15 ip-172-31-69-7 kernel: [    0.228139] cpuidle: using governor ladder
Feb 16 08:38:15 ip-172-31-69-7 kernel: [    0.231103] cpuidle: using governor menu
Feb 16 08:38:15 ip-172-31-69-7 kernel: [    0.232010] PCCT header not found.
Feb 16 08:38:15 ip-172-31-69-7 kernel: [    0.236088] ACPI: bus type PCI registered
Feb 16 08:38:15 ip-172-31-69-7 kernel: [    0.238949] acpiphp: ACPI Hot Plug PCI Controller Driver version: 0.5
Feb 16 08:38:15 ip-172-31-69-7 kernel: [    0.240342] PCI: Using configuration type 1 for base access
Feb 16 08:38:15 ip-172-31-69-7 kernel: [    0.245045] ACPI: Added _OSI(Module Device)
Feb 16 08:38:15 ip-172-31-69-7 kernel: [    0.248006] ACPI: Added _OSI(Processor Device)
Feb 16 08:38:15 ip-172-31-69-7 kernel: [    0.251025] ACPI: Added _OSI(3.0 _SCP Extensions)
Feb 16 08:38:15 ip-172-31-69-7 kernel: [    0.252006] ACPI: Added _OSI(Processor Aggregator Device)
Feb 16 08:38:15 ip-172-31-69-7 kernel: [    0.256533] xen: --> pirq=16 -> irq=9 (gsi=9)
Feb 16 08:38:15 ip-172-31-69-7 kernel: [    0.258962] ACPI: Interpreter enabled
Feb 16 08:38:15 ip-172-31-69-7 kernel: [    0.260018] ACPI: (supports S0 S4 S5)
Feb 16 08:38:15 ip-172-31-69-7 kernel: [    0.262761] ACPI: Using IOAPIC for interrupt routing
Feb 16 08:38:15 ip-172-31-69-7 kernel: [    0.264034] PCI: Using host bridge windows from ACPI; if necessary, use "pci=nocrs" and report a bug
Feb 16 08:38:15 ip-172-31-69-7 kernel: [    0.312560] ACPI: PCI Root Bridge [PCI0] (domain 0000 [bus 00-ff])
Feb 16 08:38:15 ip-172-31-69-7 kernel: [    0.316015] acpi PNP0A03:00: _OSC: OS supports [ASPM ClockPM Segments MSI]
Feb 16 08:38:15 ip-172-31-69-7 kernel: [    0.320016] acpi PNP0A03:00: _OSC failed (AE_NOT_FOUND); disabling ASPM
Feb 16 08:38:15 ip-172-31-69-7 kernel: [    0.324018] acpi PNP0A03:00: fail to add MMCONFIG information, can't access extended PCI configuration space under this bridge.
Feb 16 08:38:15 ip-172-31-69-7 kernel: [    0.328906] acpiphp: Slot [0] registered
Feb 16 08:38:15 ip-172-31-69-7 kernel: [    0.332549] acpiphp: Slot [3] registered
Feb 16 08:38:15 ip-172-31-69-7 kernel: [    0.335942] acpiphp: Slot [4] registered
Feb 16 08:38:15 ip-172-31-69-7 kernel: [    0.336334] acpiphp: Slot [5] registered
Feb 16 08:38:15 ip-172-31-69-7 kernel: [    0.339491] acpiphp: Slot [6] registered
Feb 16 08:38:15 ip-172-31-69-7 kernel: [    0.340300] acpiphp: Slot [7] registered
Feb 16 08:38:15 ip-172-31-69-7 kernel: [    0.343414] acpiphp: Slot [8] registered
Feb 16 08:38:15 ip-172-31-69-7 kernel: [    0.344294] acpiphp: Slot [9] registered
Feb 16 08:38:15 ip-172-31-69-7 kernel: [    0.347528] acpiphp: Slot [10] registered
Feb 16 08:38:15 ip-172-31-69-7 kernel: [    0.348290] acpiphp: Slot [11] registered
Feb 16 08:38:15 ip-172-31-69-7 kernel: [    0.351412] acpiphp: Slot [12] registered
Feb 16 08:38:15 ip-172-31-69-7 kernel: [    0.352293] acpiphp: Slot [13] registered
Feb 16 08:38:15 ip-172-31-69-7 kernel: [    0.355377] acpiphp: Slot [14] registered
Feb 16 08:38:15 ip-172-31-69-7 kernel: [    0.356292] acpiphp: Slot [15] registered
Feb 16 08:38:15 ip-172-31-69-7 kernel: [    0.359911] acpiphp: Slot [16] registered
Feb 16 08:38:15 ip-172-31-69-7 kernel: [    0.360349] acpiphp: Slot [17] registered
Feb 16 08:38:15 ip-172-31-69-7 kernel: [    0.363793] acpiphp: Slot [18] registered
Feb 16 08:38:15 ip-172-31-69-7 kernel: [    0.364310] acpiphp: Slot [19] registered
Feb 16 08:38:15 ip-172-31-69-7 kernel: [    0.367453] acpiphp: Slot [20] registered
Feb 16 08:38:15 ip-172-31-69-7 kernel: [    0.368300] acpiphp: Slot [21] registered
Feb 16 08:38:15 ip-172-31-69-7 kernel: [    0.371693] acpiphp: Slot [22] registered
Feb 16 08:38:15 ip-172-31-69-7 kernel: [    0.372315] acpiphp: Slot [23] registered
Feb 16 08:38:15 ip-172-31-69-7 kernel: [    0.375590] acpiphp: Slot [24] registered
Feb 16 08:38:15 ip-172-31-69-7 kernel: [    0.376301] acpiphp: Slot [25] registered
Feb 16 08:38:15 ip-172-31-69-7 kernel: [    0.379504] acpiphp: Slot [26] registered
Feb 16 08:38:15 ip-172-31-69-7 kernel: [    0.380376] acpiphp: Slot [27] registered
Feb 16 08:38:15 ip-172-31-69-7 kernel: [    0.383737] acpiphp: Slot [28] registered
Feb 16 08:38:15 ip-172-31-69-7 kernel: [    0.384295] acpiphp: Slot [29] registered
Feb 16 08:38:15 ip-172-31-69-7 kernel: [    0.387581] acpiphp: Slot [30] registered
Feb 16 08:38:15 ip-172-31-69-7 kernel: [    0.388311] acpiphp: Slot [31] registered
Feb 16 08:38:15 ip-172-31-69-7 kernel: [    0.391504] PCI host bridge to bus 0000:00
Feb 16 08:38:15 ip-172-31-69-7 kernel: [    0.392009] pci_bus 0000:00: root bus resource [io  0x0000-0x0cf7 window]
Feb 16 08:38:15 ip-172-31-69-7 kernel: [    0.396005] pci_bus 0000:00: root bus resource [io  0x0d00-0xffff window]
Feb 16 08:38:15 ip-172-31-69-7 kernel: [    0.400004] pci_bus 0000:00: root bus resource [mem 0x000a0000-0x000bffff window]
Feb 16 08:38:15 ip-172-31-69-7 kernel: [    0.404007] pci_bus 0000:00: root bus resource [mem 0xf0000000-0xfbffffff window]
Feb 16 08:38:15 ip-172-31-69-7 kernel: [    0.408005] pci_bus 0000:00: root bus resource [bus 00-ff]
Feb 16 08:38:15 ip-172-31-69-7 kernel: [    0.411888] pci 0000:00:00.0: [8086:1237] type 00 class 0x060000
Feb 16 08:38:15 ip-172-31-69-7 kernel: [    0.413402] pci 0000:00:01.0: [8086:7000] type 00 class 0x060100
Feb 16 08:38:15 ip-172-31-69-7 kernel: [    0.415732] pci 0000:00:01.1: [8086:7010] type 00 class 0x010180
Feb 16 08:38:15 ip-172-31-69-7 kernel: [    0.416950] pci 0000:00:01.1: reg 0x20: [io  0xc100-0xc10f]
Feb 16 08:38:15 ip-172-31-69-7 kernel: [    0.417589] pci 0000:00:01.1: legacy IDE quirk: reg 0x10: [io  0x01f0-0x01f7]
Feb 16 08:38:15 ip-172-31-69-7 kernel: [    0.420007] pci 0000:00:01.1: legacy IDE quirk: reg 0x14: [io  0x03f6]
Feb 16 08:38:15 ip-172-31-69-7 kernel: [    0.424007] pci 0000:00:01.1: legacy IDE quirk: reg 0x18: [io  0x0170-0x0177]
Feb 16 08:38:15 ip-172-31-69-7 kernel: [    0.428008] pci 0000:00:01.1: legacy IDE quirk: reg 0x1c: [io  0x0376]
Feb 16 08:38:15 ip-172-31-69-7 kernel: [    0.432630] pci 0000:00:01.3: [8086:7113] type 00 class 0x068000
Feb 16 08:38:15 ip-172-31-69-7 kernel: [    0.432730] * Found PM-Timer Bug on the chipset. Due to workarounds for a bug,
Feb 16 08:38:15 ip-172-31-69-7 kernel: [    0.432730] * this clock source is slow. Consider trying other clock sources
Feb 16 08:38:15 ip-172-31-69-7 kernel: [    0.437373] pci 0000:00:01.3: quirk: [io  0xb000-0xb03f] claimed by PIIX4 ACPI
Feb 16 08:38:15 ip-172-31-69-7 kernel: [    0.440869] pci 0000:00:02.0: [1013:00b8] type 00 class 0x030000
Feb 16 08:38:15 ip-172-31-69-7 kernel: [    0.441231] pci 0000:00:02.0: reg 0x10: [mem 0xf0000000-0xf1ffffff pref]
Feb 16 08:38:15 ip-172-31-69-7 kernel: [    0.441526] pci 0000:00:02.0: reg 0x14: [mem 0xf3000000-0xf3000fff]
Feb 16 08:38:15 ip-172-31-69-7 kernel: [    0.443292] pci 0000:00:03.0: [5853:0001] type 00 class 0xff8000
Feb 16 08:38:15 ip-172-31-69-7 kernel: [    0.443699] pci 0000:00:03.0: reg 0x10: [io  0xc000-0xc0ff]
Feb 16 08:38:15 ip-172-31-69-7 kernel: [    0.443918] pci 0000:00:03.0: reg 0x14: [mem 0xf2000000-0xf2ffffff pref]
Feb 16 08:38:15 ip-172-31-69-7 kernel: [    0.446545] ACPI: PCI Interrupt Link [LNKA] (IRQs *5 10 11)
Feb 16 08:38:15 ip-172-31-69-7 kernel: [    0.451329] ACPI: PCI Interrupt Link [LNKB] (IRQs 5 *10 11)
Feb 16 08:38:15 ip-172-31-69-7 kernel: [    0.455231] ACPI: PCI Interrupt Link [LNKC] (IRQs 5 10 *11)
Feb 16 08:38:15 ip-172-31-69-7 kernel: [    0.459213] ACPI: PCI Interrupt Link [LNKD] (IRQs *5 10 11)
Feb 16 08:38:15 ip-172-31-69-7 kernel: [    0.479158] ACPI: Enabled 2 GPEs in block 00 to 0F
Feb 16 08:38:15 ip-172-31-69-7 kernel: [    0.480070] xen:balloon: Initialising balloon driver
Feb 16 08:38:15 ip-172-31-69-7 kernel: [    0.484325] vgaarb: setting as boot device: PCI:0000:00:02.0
Feb 16 08:38:15 ip-172-31-69-7 kernel: [    0.488000] vgaarb: device added: PCI:0000:00:02.0,decodes=io+mem,owns=io+mem,locks=none
Feb 16 08:38:15 ip-172-31-69-7 kernel: [    0.488010] vgaarb: loaded
Feb 16 08:38:15 ip-172-31-69-7 kernel: [    0.490338] vgaarb: bridge control possible 0000:00:02.0
Feb 16 08:38:15 ip-172-31-69-7 kernel: [    0.492214] SCSI subsystem initialized
Feb 16 08:38:15 ip-172-31-69-7 kernel: [    0.495238] libata version 3.00 loaded.
Feb 16 08:38:15 ip-172-31-69-7 kernel: [    0.495261] ACPI: bus type USB registered
Feb 16 08:38:15 ip-172-31-69-7 kernel: [    0.496020] usbcore: registered new interface driver usbfs
Feb 16 08:38:15 ip-172-31-69-7 kernel: [    0.499775] usbcore: registered new interface driver hub
Feb 16 08:38:15 ip-172-31-69-7 kernel: [    0.500029] usbcore: registered new device driver usb
Feb 16 08:38:15 ip-172-31-69-7 kernel: [    0.503604] PCI: Using ACPI for IRQ routing
Feb 16 08:38:15 ip-172-31-69-7 kernel: [    0.504005] PCI: pci_cache_line_size set to 64 bytes
Feb 16 08:38:15 ip-172-31-69-7 kernel: [    0.504407] e820: reserve RAM buffer [mem 0x0009e000-0x0009ffff]
Feb 16 08:38:15 ip-172-31-69-7 kernel: [    0.504525] NetLabel: Initializing
Feb 16 08:38:15 ip-172-31-69-7 kernel: [    0.507149] NetLabel:  domain hash size = 128
Feb 16 08:38:15 ip-172-31-69-7 kernel: [    0.508004] NetLabel:  protocols = UNLABELED CIPSOv4
Feb 16 08:38:15 ip-172-31-69-7 kernel: [    0.511318] NetLabel:  unlabeled traffic allowed by default
Feb 16 08:38:15 ip-172-31-69-7 kernel: [    0.512121] HPET: 3 timers in total, 0 timers will be used for per-cpu timer
Feb 16 08:38:15 ip-172-31-69-7 kernel: [    0.516018] hpet0: at MMIO 0xfed00000, IRQs 2, 8, 0
Feb 16 08:38:15 ip-172-31-69-7 kernel: [    0.520846] hpet0: 3 comparators, 64-bit 62.500000 MHz counter
Feb 16 08:38:15 ip-172-31-69-7 kernel: [    0.526063] amd_nb: Cannot enumerate AMD northbridges
Feb 16 08:38:15 ip-172-31-69-7 kernel: [    0.528021] clocksource: Switched to clocksource xen
Feb 16 08:38:15 ip-172-31-69-7 kernel: [    0.536476] AppArmor: AppArmor Filesystem Enabled
Feb 16 08:38:15 ip-172-31-69-7 kernel: [    0.539801] pnp: PnP ACPI init
Feb 16 08:38:15 ip-172-31-69-7 kernel: [    0.542220] system 00:00: [mem 0x00000000-0x0009ffff] could not be reserved
Feb 16 08:38:15 ip-172-31-69-7 kernel: [    0.546718] system 00:00: Plug and Play ACPI device, IDs PNP0c02 (active)
Feb 16 08:38:15 ip-172-31-69-7 kernel: [    0.546802] system 00:01: [io  0x08a0-0x08a3] has been reserved
Feb 16 08:38:15 ip-172-31-69-7 kernel: [    0.550727] system 00:01: [io  0x0cc0-0x0ccf] has been reserved
Feb 16 08:38:15 ip-172-31-69-7 kernel: [    0.554520] system 00:01: [io  0x04d0-0x04d1] has been reserved
Feb 16 08:38:15 ip-172-31-69-7 kernel: [    0.558354] system 00:01: Plug and Play ACPI device, IDs PNP0c02 (active)
Feb 16 08:38:15 ip-172-31-69-7 kernel: [    0.558385] xen: --> pirq=17 -> irq=8 (gsi=8)
Feb 16 08:38:15 ip-172-31-69-7 kernel: [    0.558408] pnp 00:02: Plug and Play ACPI device, IDs PNP0b00 (active)
Feb 16 08:38:15 ip-172-31-69-7 kernel: [    0.558432] xen: --> pirq=18 -> irq=12 (gsi=12)
Feb 16 08:38:15 ip-172-31-69-7 kernel: [    0.558445] pnp 00:03: Plug and Play ACPI device, IDs PNP0f13 (active)
Feb 16 08:38:15 ip-172-31-69-7 kernel: [    0.558460] xen: --> pirq=19 -> irq=1 (gsi=1)
Feb 16 08:38:15 ip-172-31-69-7 kernel: [    0.558474] pnp 00:04: Plug and Play ACPI device, IDs PNP0303 PNP030b (active)
Feb 16 08:38:15 ip-172-31-69-7 kernel: [    0.558489] xen: --> pirq=20 -> irq=6 (gsi=6)
Feb 16 08:38:15 ip-172-31-69-7 kernel: [    0.558490] pnp 00:05: [dma 2]
Feb 16 08:38:15 ip-172-31-69-7 kernel: [    0.558503] pnp 00:05: Plug and Play ACPI device, IDs PNP0700 (active)
Feb 16 08:38:15 ip-172-31-69-7 kernel: [    0.558524] xen: --> pirq=21 -> irq=4 (gsi=4)
Feb 16 08:38:15 ip-172-31-69-7 kernel: [    0.558537] pnp 00:06: Plug and Play ACPI device, IDs PNP0501 (active)
Feb 16 08:38:15 ip-172-31-69-7 kernel: [    0.558573] system 00:07: [io  0x10c0-0x1141] has been reserved
Feb 16 08:38:15 ip-172-31-69-7 kernel: [    0.562591] system 00:07: [io  0xb044-0xb047] has been reserved
Feb 16 08:38:15 ip-172-31-69-7 kernel: [    0.566420] system 00:07: Plug and Play ACPI device, IDs PNP0c02 (active)
Feb 16 08:38:15 ip-172-31-69-7 kernel: [    0.582647] pnp: PnP ACPI: found 8 devices
Feb 16 08:38:15 ip-172-31-69-7 kernel: [    0.590836] clocksource: acpi_pm: mask: 0xffffff max_cycles: 0xffffff, max_idle_ns: 2085701024 ns
Feb 16 08:38:15 ip-172-31-69-7 kernel: [    0.596296] pci_bus 0000:00: resource 4 [io  0x0000-0x0cf7 window]
Feb 16 08:38:15 ip-172-31-69-7 kernel: [    0.596299] pci_bus 0000:00: resource 5 [io  0x0d00-0xffff window]
Feb 16 08:38:15 ip-172-31-69-7 kernel: [    0.596300] pci_bus 0000:00: resource 6 [mem 0x000a0000-0x000bffff window]
Feb 16 08:38:15 ip-172-31-69-7 kernel: [    0.596302] pci_bus 0000:00: resource 7 [mem 0xf0000000-0xfbffffff window]
Feb 16 08:38:15 ip-172-31-69-7 kernel: [    0.596345] NET: Registered protocol family 2
Feb 16 08:38:15 ip-172-31-69-7 kernel: [    0.599365] TCP established hash table entries: 8192 (order: 4, 65536 bytes)
Feb 16 08:38:15 ip-172-31-69-7 kernel: [    0.603534] TCP bind hash table entries: 8192 (order: 5, 131072 bytes)
Feb 16 08:38:15 ip-172-31-69-7 kernel: [    0.607244] TCP: Hash tables configured (established 8192 bind 8192)
Feb 16 08:38:15 ip-172-31-69-7 kernel: [    0.610973] UDP hash table entries: 512 (order: 2, 16384 bytes)
Feb 16 08:38:15 ip-172-31-69-7 kernel: [    0.614602] UDP-Lite hash table entries: 512 (order: 2, 16384 bytes)
Feb 16 08:38:15 ip-172-31-69-7 kernel: [    0.618451] NET: Registered protocol family 1
Feb 16 08:38:15 ip-172-31-69-7 kernel: [    0.621244] pci 0000:00:00.0: Limiting direct PCI/PCI transfers
Feb 16 08:38:15 ip-172-31-69-7 kernel: [    0.624715] pci 0000:00:01.0: PIIX3: Enabling Passive Release
Feb 16 08:38:15 ip-172-31-69-7 kernel: [    0.628137] pci 0000:00:01.0: Activating ISA DMA hang workarounds
Feb 16 08:38:15 ip-172-31-69-7 kernel: [    0.631801] pci 0000:00:02.0: Video device with shadowed ROM
Feb 16 08:38:15 ip-172-31-69-7 kernel: [    0.631870] PCI: CLS 0 bytes, default 64
Feb 16 08:38:15 ip-172-31-69-7 kernel: [    0.631925] Trying to unpack rootfs image as initramfs...
Feb 16 08:38:15 ip-172-31-69-7 kernel: [    0.809330] Freeing initrd memory: 12308K
Feb 16 08:38:15 ip-172-31-69-7 kernel: [    0.812467] RAPL PMU detected, API unit is 2^-32 Joules, 3 fixed counters 655360 ms ovfl timer
Feb 16 08:38:15 ip-172-31-69-7 kernel: [    0.817575] hw unit of domain pp0-core 2^-14 Joules
Feb 16 08:38:15 ip-172-31-69-7 kernel: [    0.820599] hw unit of domain package 2^-14 Joules
Feb 16 08:38:15 ip-172-31-69-7 kernel: [    0.823580] hw unit of domain dram 2^-16 Joules
Feb 16 08:38:15 ip-172-31-69-7 kernel: [    0.826412] Scanning for low memory corruption every 60 seconds
Feb 16 08:38:15 ip-172-31-69-7 kernel: [    0.830479] audit: initializing netlink subsys (disabled)
Feb 16 08:38:15 ip-172-31-69-7 kernel: [    0.833887] audit: type=2000 audit(1518784688.046:1): initialized
Feb 16 08:38:15 ip-172-31-69-7 kernel: [    0.837854] Initialise system trusted keyring
Feb 16 08:38:15 ip-172-31-69-7 kernel: [    0.840694] HugeTLB registered 2 MB page size, pre-allocated 0 pages
Feb 16 08:38:15 ip-172-31-69-7 kernel: [    0.845759] zbud: loaded
Feb 16 08:38:15 ip-172-31-69-7 kernel: [    0.847908] VFS: Disk quotas dquot_6.6.0
Feb 16 08:38:15 ip-172-31-69-7 kernel: [    0.850809] VFS: Dquot-cache hash table entries: 512 (order 0, 4096 bytes)
Feb 16 08:38:15 ip-172-31-69-7 kernel: [    0.855242] squashfs: version 4.0 (2009/01/31) Phillip Lougher
Feb 16 08:38:15 ip-172-31-69-7 kernel: [    0.859027] fuse init (API version 7.23)
Feb 16 08:38:15 ip-172-31-69-7 kernel: [    0.861847] Key type big_key registered
Feb 16 08:38:15 ip-172-31-69-7 kernel: [    0.864391] Allocating IMA MOK and blacklist keyrings.
Feb 16 08:38:15 ip-172-31-69-7 kernel: [    0.867601] Key type asymmetric registered
Feb 16 08:38:15 ip-172-31-69-7 kernel: [    0.870215] Asymmetric key parser 'x509' registered
Feb 16 08:38:15 ip-172-31-69-7 kernel: [    0.873288] Block layer SCSI generic (bsg) driver version 0.4 loaded (major 249)
Feb 16 08:38:15 ip-172-31-69-7 kernel: [    0.877801] io scheduler noop registered
Feb 16 08:38:15 ip-172-31-69-7 kernel: [    0.880258] io scheduler deadline registered (default)
Feb 16 08:38:15 ip-172-31-69-7 kernel: [    0.883478] io scheduler cfq registered
Feb 16 08:38:15 ip-172-31-69-7 kernel: [    0.885961] pci_hotplug: PCI Hot Plug PCI Core version: 0.5
Feb 16 08:38:15 ip-172-31-69-7 kernel: [    0.889375] pciehp: PCI Express Hot Plug Controller Driver version: 0.4
Feb 16 08:38:15 ip-172-31-69-7 kernel: [    0.893263] intel_idle: does not run on family 6 model 63
Feb 16 08:38:15 ip-172-31-69-7 kernel: [    0.893333] input: Power Button as /devices/LNXSYSTM:00/LNXPWRBN:00/input/input0
Feb 16 08:38:15 ip-172-31-69-7 kernel: [    0.897922] ACPI: Power Button [PWRF]
Feb 16 08:38:15 ip-172-31-69-7 kernel: [    0.900351] input: Sleep Button as /devices/LNXSYSTM:00/LNXSLPBN:00/input/input1
Feb 16 08:38:15 ip-172-31-69-7 kernel: [    0.904941] ACPI: Sleep Button [SLPF]
Feb 16 08:38:15 ip-172-31-69-7 kernel: [    0.907693] xen: --> pirq=22 -> irq=28 (gsi=28)
Feb 16 08:38:15 ip-172-31-69-7 kernel: [    0.907770] xen:grant_table: Grant tables using version 1 layout
Feb 16 08:38:15 ip-172-31-69-7 kernel: [    0.911331] Grant table initialized
Feb 16 08:38:15 ip-172-31-69-7 kernel: [    0.913949] Cannot get hvm parameter CONSOLE_EVTCHN (18): -22!
Feb 16 08:38:15 ip-172-31-69-7 kernel: [    0.917471] Serial: 8250/16550 driver, 32 ports, IRQ sharing enabled
Feb 16 08:38:15 ip-172-31-69-7 kernel: [    0.947828] 00:06: ttyS0 at I/O 0x3f8 (irq = 4, base_baud = 115200) is a 16550A
Feb 16 08:38:15 ip-172-31-69-7 kernel: [    0.953560] Linux agpgart interface v0.103
Feb 16 08:38:15 ip-172-31-69-7 kernel: [    0.957965] brd: module loaded
Feb 16 08:38:15 ip-172-31-69-7 kernel: [    0.961081] loop: module loaded
Feb 16 08:38:15 ip-172-31-69-7 kernel: [    0.963347] Invalid max_queues (4), will use default max: 1.
Feb 16 08:38:15 ip-172-31-69-7 kernel: [    0.967819] ata_piix 0000:00:01.1: version 2.13
Feb 16 08:38:15 ip-172-31-69-7 kernel: [    0.968764] scsi host0: ata_piix
Feb 16 08:38:15 ip-172-31-69-7 kernel: [    0.971715] scsi host1: ata_piix
Feb 16 08:38:15 ip-172-31-69-7 kernel: [    0.974082] ata1: PATA max MWDMA2 cmd 0x1f0 ctl 0x3f6 bmdma 0xc100 irq 14
Feb 16 08:38:15 ip-172-31-69-7 kernel: [    0.978038] ata2: PATA max MWDMA2 cmd 0x170 ctl 0x376 bmdma 0xc108 irq 15
Feb 16 08:38:15 ip-172-31-69-7 kernel: [    0.983629] libphy: Fixed MDIO Bus: probed
Feb 16 08:38:15 ip-172-31-69-7 kernel: [    0.986277] tun: Universal TUN/TAP device driver, 1.6
Feb 16 08:38:15 ip-172-31-69-7 systemd-modules-load[368]: Inserted module 'iscsi_tcp'
Feb 16 08:38:15 ip-172-31-69-7 loadkeys[357]: Loading /etc/console-setup/cached.kmap.gz
Feb 16 08:38:15 ip-172-31-69-7 systemd-modules-load[368]: Inserted module 'ib_iser'
Feb 16 08:38:15 ip-172-31-69-7 systemd[1]: Started Set console keymap.
Feb 16 08:38:15 ip-172-31-69-7 systemd[1]: Started Uncomplicated firewall.
Feb 16 08:38:15 ip-172-31-69-7 systemd[1]: Started Load Kernel Modules.
Feb 16 08:38:15 ip-172-31-69-7 systemd[1]: Started Remount Root and Kernel File Systems.
Feb 16 08:38:15 ip-172-31-69-7 systemd[1]: Started Create list of required static device nodes for the current kernel.
Feb 16 08:38:15 ip-172-31-69-7 systemd[1]: Started Nameserver information manager.
Feb 16 08:38:15 ip-172-31-69-7 systemd[1]: Started LVM2 metadata daemon.
Feb 16 08:38:15 ip-172-31-69-7 systemd[1]: Starting Create Static Device Nodes in /dev...
Feb 16 08:38:15 ip-172-31-69-7 systemd[1]: Starting Load/Save Random Seed...
Feb 16 08:38:15 ip-172-31-69-7 systemd[1]: Starting udev Coldplug all Devices...
Feb 16 08:38:15 ip-172-31-69-7 systemd[1]: Starting Initial cloud-init job (pre-networking)...
Feb 16 08:38:15 ip-172-31-69-7 systemd[1]: Mounting FUSE Control File System...
Feb 16 08:38:15 ip-172-31-69-7 systemd[1]: Starting Apply Kernel Variables...
Feb 16 08:38:15 ip-172-31-69-7 systemd[1]: Starting Flush Journal to Persistent Storage...
Feb 16 08:38:15 ip-172-31-69-7 systemd[1]: Mounted FUSE Control File System.
Feb 16 08:38:15 ip-172-31-69-7 systemd[1]: Started Create Static Device Nodes in /dev.
Feb 16 08:38:15 ip-172-31-69-7 systemd[1]: Started Load/Save Random Seed.
Feb 16 08:38:15 ip-172-31-69-7 systemd[1]: Started Apply Kernel Variables.
Feb 16 08:38:15 ip-172-31-69-7 systemd[1]: Starting udev Kernel Device Manager...
Feb 16 08:38:15 ip-172-31-69-7 systemd[1]: Started Flush Journal to Persistent Storage.
Feb 16 08:38:15 ip-172-31-69-7 systemd[1]: Started udev Coldplug all Devices.
Feb 16 08:38:15 ip-172-31-69-7 systemd[1]: Started udev Kernel Device Manager.
Feb 16 08:38:15 ip-172-31-69-7 systemd[1]: Started Dispatch Password Requests to Console Directory Watch.
Feb 16 08:38:15 ip-172-31-69-7 systemd[1]: Started Monitoring of LVM2 mirrors, snapshots etc. using dmeventd or progress polling.
Feb 16 08:38:15 ip-172-31-69-7 systemd[1]: Reached target Local File Systems (Pre).
Feb 16 08:38:15 ip-172-31-69-7 systemd[1]: Reached target Local File Systems.
Feb 16 08:38:15 ip-172-31-69-7 systemd[1]: Starting Create Volatile Files and Directories...
Feb 16 08:38:15 ip-172-31-69-7 systemd[1]: Starting Tell Plymouth To Write Out Runtime Data...
Feb 16 08:38:15 ip-172-31-69-7 systemd-tmpfiles[475]: [/usr/lib/tmpfiles.d/var.conf:14] Duplicate line for path "/var/log", ignoring.
Feb 16 08:38:15 ip-172-31-69-7 systemd[1]: Starting LSB: AppArmor initialization...
Feb 16 08:38:15 ip-172-31-69-7 systemd[1]: Starting Set console font and keymap...
Feb 16 08:38:15 ip-172-31-69-7 systemd[1]: Started Create Volatile Files and Directories.
Feb 16 08:38:15 ip-172-31-69-7 systemd[1]: Started Tell Plymouth To Write Out Runtime Data.
Feb 16 08:38:15 ip-172-31-69-7 systemd[1]: Starting Update UTMP about System Boot/Shutdown...
Feb 16 08:38:15 ip-172-31-69-7 systemd[1]: Starting Network Time Synchronization...
Feb 16 08:38:15 ip-172-31-69-7 apparmor[480]:  * Starting AppArmor profiles
Feb 16 08:38:15 ip-172-31-69-7 systemd[1]: Started Update UTMP about System Boot/Shutdown.
Feb 16 08:38:15 ip-172-31-69-7 systemd[1]: Started Network Time Synchronization.
Feb 16 08:38:15 ip-172-31-69-7 systemd[1]: Reached target System Time Synchronized.
Feb 16 08:38:15 ip-172-31-69-7 apparmor[480]: Skipping profile in /etc/apparmor.d/disable: usr.sbin.rsyslogd
Feb 16 08:38:15 ip-172-31-69-7 apparmor[480]:    ...done.
Feb 16 08:38:15 ip-172-31-69-7 systemd[1]: Started LSB: AppArmor initialization.
Feb 16 08:38:15 ip-172-31-69-7 systemd[1]: Found device /dev/ttyS0.
Feb 16 08:38:15 ip-172-31-69-7 systemd[1]: Found device /sys/subsystem/net/devices/eth0.
Feb 16 08:38:15 ip-172-31-69-7 systemd[1]: Listening on Load/Save RF Kill Switch Status /dev/rfkill Watch.
Feb 16 08:38:15 ip-172-31-69-7 systemd[1]: Started Set console font and keymap.
Feb 16 08:38:15 ip-172-31-69-7 dhclient[816]: Internet Systems Consortium DHCP Client 4.3.3
Feb 16 08:38:15 ip-172-31-69-7 dhclient[816]: Copyright 2004-2015 Internet Systems Consortium.
Feb 16 08:38:15 ip-172-31-69-7 dhclient[816]: All rights reserved.
Feb 16 08:38:15 ip-172-31-69-7 dhclient[816]: For info, please visit https://www.isc.org/software/dhcp/
Feb 16 08:38:15 ip-172-31-69-7 dhclient[816]: 
Feb 16 08:38:15 ip-172-31-69-7 dhclient[816]: Listening on LPF/eth0/02:c8:ef:26:67:c4
Feb 16 08:38:15 ip-172-31-69-7 dhclient[816]: Sending on   LPF/eth0/02:c8:ef:26:67:c4
Feb 16 08:38:15 ip-172-31-69-7 dhclient[816]: Sending on   Socket/fallback
Feb 16 08:38:15 ip-172-31-69-7 dhclient[816]: DHCPDISCOVER on eth0 to 255.255.255.255 port 67 interval 3 (xid=0x2c88a62a)
Feb 16 08:38:15 ip-172-31-69-7 dhclient[816]: DHCPREQUEST of 172.31.69.7 on eth0 to 255.255.255.255 port 67 (xid=0x2aa6882c)
Feb 16 08:38:15 ip-172-31-69-7 dhclient[816]: DHCPOFFER of 172.31.69.7 from 172.31.69.1
Feb 16 08:38:15 ip-172-31-69-7 dhclient[816]: DHCPACK of 172.31.69.7 from 172.31.69.1
Feb 16 08:38:15 ip-172-31-69-7 dhclient[816]: bound to 172.31.69.7 -- renewal in 1399 seconds.
Feb 16 08:38:15 ip-172-31-69-7 systemd[1]: Created slice system-getty.slice.
Feb 16 08:38:15 ip-172-31-69-7 cloud-init[441]: Cloud-init v. 17.1 running 'init-local' at Fri, 16 Feb 2018 12:38:13 +0000. Up 5.66 seconds.
Feb 16 08:38:15 ip-172-31-69-7 systemd[1]: Started Initial cloud-init job (pre-networking).
Feb 16 08:38:15 ip-172-31-69-7 systemd[1]: Reached target Network (Pre).
Feb 16 08:38:15 ip-172-31-69-7 systemd[1]: Started ifup for eth0.
Feb 16 08:38:15 ip-172-31-69-7 dhclient[875]: Internet Systems Consortium DHCP Client 4.3.3
Feb 16 08:38:15 ip-172-31-69-7 sh[863]: Internet Systems Consortium DHCP Client 4.3.3
Feb 16 08:38:15 ip-172-31-69-7 dhclient[875]: Copyright 2004-2015 Internet Systems Consortium.
Feb 16 08:38:15 ip-172-31-69-7 sh[863]: Copyright 2004-2015 Internet Systems Consortium.
Feb 16 08:38:15 ip-172-31-69-7 dhclient[875]: All rights reserved.
Feb 16 08:38:15 ip-172-31-69-7 sh[863]: All rights reserved.
Feb 16 08:38:15 ip-172-31-69-7 dhclient[875]: For info, please visit https://www.isc.org/software/dhcp/
Feb 16 08:38:15 ip-172-31-69-7 sh[863]: For info, please visit https://www.isc.org/software/dhcp/
Feb 16 08:38:15 ip-172-31-69-7 dhclient[875]: 
Feb 16 08:38:15 ip-172-31-69-7 dhclient[875]: Listening on LPF/eth0/02:c8:ef:26:67:c4
Feb 16 08:38:15 ip-172-31-69-7 sh[863]: Listening on LPF/eth0/02:c8:ef:26:67:c4
Feb 16 08:38:15 ip-172-31-69-7 sh[863]: Sending on   LPF/eth0/02:c8:ef:26:67:c4
Feb 16 08:38:15 ip-172-31-69-7 sh[863]: Sending on   Socket/fallback
Feb 16 08:38:15 ip-172-31-69-7 sh[863]: DHCPDISCOVER on eth0 to 255.255.255.255 port 67 interval 3 (xid=0x5a5fd86a)
Feb 16 08:38:15 ip-172-31-69-7 dhclient[875]: Sending on   LPF/eth0/02:c8:ef:26:67:c4
Feb 16 08:38:15 ip-172-31-69-7 dhclient[875]: Sending on   Socket/fallback
Feb 16 08:38:15 ip-172-31-69-7 dhclient[875]: DHCPDISCOVER on eth0 to 255.255.255.255 port 67 interval 3 (xid=0x5a5fd86a)
Feb 16 08:38:15 ip-172-31-69-7 dhclient[875]: DHCPREQUEST of 172.31.69.7 on eth0 to 255.255.255.255 port 67 (xid=0x6ad85f5a)
Feb 16 08:38:15 ip-172-31-69-7 sh[863]: DHCPREQUEST of 172.31.69.7 on eth0 to 255.255.255.255 port 67 (xid=0x6ad85f5a)
Feb 16 08:38:15 ip-172-31-69-7 sh[863]: DHCPOFFER of 172.31.69.7 from 172.31.69.1
Feb 16 08:38:15 ip-172-31-69-7 dhclient[875]: DHCPOFFER of 172.31.69.7 from 172.31.69.1
Feb 16 08:38:15 ip-172-31-69-7 dhclient[875]: DHCPACK of 172.31.69.7 from 172.31.69.1
Feb 16 08:38:15 ip-172-31-69-7 sh[863]: DHCPACK of 172.31.69.7 from 172.31.69.1
Feb 16 08:38:15 ip-172-31-69-7 dhclient[875]: bound to 172.31.69.7 -- renewal in 1359 seconds.
Feb 16 08:38:15 ip-172-31-69-7 sh[863]: bound to 172.31.69.7 -- renewal in 1359 seconds.
Feb 16 08:38:15 ip-172-31-69-7 systemd[1]: Starting Raise network interfaces...
Feb 16 08:38:15 ip-172-31-69-7 systemd[1]: Started Raise network interfaces.
Feb 16 08:38:15 ip-172-31-69-7 systemd[1]: Starting Initial cloud-init job (metadata service crawler)...
Feb 16 08:38:15 ip-172-31-69-7 systemd[1]: Reached target Network.
Feb 16 08:38:15 ip-172-31-69-7 cloud-init[1040]: Cloud-init v. 17.1 running 'init' at Fri, 16 Feb 2018 12:38:15 +0000. Up 7.84 seconds.
Feb 16 08:38:15 ip-172-31-69-7 cloud-init[1040]: ci-info: ++++++++++++++++++++++++++++++++++++++Net device info+++++++++++++++++++++++++++++++++++++++
Feb 16 08:38:15 ip-172-31-69-7 cloud-init[1040]: ci-info: +--------+------+----------------------------+-----------------+-------+-------------------+
Feb 16 08:38:15 ip-172-31-69-7 cloud-init[1040]: ci-info: | Device |  Up  |          Address           |       Mask      | Scope |     Hw-Address    |
Feb 16 08:38:15 ip-172-31-69-7 cloud-init[1040]: ci-info: +--------+------+----------------------------+-----------------+-------+-------------------+
Feb 16 08:38:15 ip-172-31-69-7 cloud-init[1040]: ci-info: |  eth0  | True |        172.31.69.7         | 255.255.255.224 |   .   | 02:c8:ef:26:67:c4 |
Feb 16 08:38:15 ip-172-31-69-7 cloud-init[1040]: ci-info: |  eth0  | True | fe80::c8:efff:fe26:67c4/64 |        .        |  link | 02:c8:ef:26:67:c4 |
Feb 16 08:38:15 ip-172-31-69-7 cloud-init[1040]: ci-info: |   lo   | True |         127.0.0.1          |    255.0.0.0    |   .   |         .         |
Feb 16 08:38:15 ip-172-31-69-7 cloud-init[1040]: ci-info: |   lo   | True |          ::1/128           |        .        |  host |         .         |
Feb 16 08:38:15 ip-172-31-69-7 cloud-init[1040]: ci-info: +--------+------+----------------------------+-----------------+-------+-------------------+
Feb 16 08:38:15 ip-172-31-69-7 cloud-init[1040]: ci-info: ++++++++++++++++++++++++++++++Route IPv4 info++++++++++++++++++++++++++++++
Feb 16 08:38:15 ip-172-31-69-7 cloud-init[1040]: ci-info: +-------+-------------+-------------+-----------------+-----------+-------+
Feb 16 08:38:15 ip-172-31-69-7 cloud-init[1040]: ci-info: | Route | Destination |   Gateway   |     Genmask     | Interface | Flags |
Feb 16 08:38:15 ip-172-31-69-7 cloud-init[1040]: ci-info: +-------+-------------+-------------+-----------------+-----------+-------+
Feb 16 08:38:15 ip-172-31-69-7 cloud-init[1040]: ci-info: |   0   |   0.0.0.0   | 172.31.69.1 |     0.0.0.0     |    eth0   |   UG  |
Feb 16 08:38:15 ip-172-31-69-7 cloud-init[1040]: ci-info: |   1   | 172.31.69.0 |   0.0.0.0   | 255.255.255.224 |    eth0   |   U   |
Feb 16 08:38:15 ip-172-31-69-7 cloud-init[1040]: ci-info: +-------+-------------+-------------+-----------------+-----------+-------+
Feb 16 08:38:15 ip-172-31-69-7 systemd[1]: Started Initial cloud-init job (metadata service crawler).
Feb 16 08:38:15 ip-172-31-69-7 systemd[1]: Reached target System Initialization.
Feb 16 08:38:15 ip-172-31-69-7 systemd[1]: Listening on UUID daemon activation socket.
Feb 16 08:38:15 ip-172-31-69-7 systemd[1]: Started Timer to automatically refresh installed snaps.
Feb 16 08:38:15 ip-172-31-69-7 systemd[1]: Listening on ACPID Listen Socket.
Feb 16 08:38:15 ip-172-31-69-7 systemd[1]: Started Daily Cleanup of Temporary Directories.
Feb 16 08:38:15 ip-172-31-69-7 systemd[1]: Starting Socket activation for snappy daemon.
Feb 16 08:38:15 ip-172-31-69-7 systemd[1]: Started ACPI Events Check.
Feb 16 08:38:15 ip-172-31-69-7 systemd[1]: Reached target Paths.
Feb 16 08:38:15 ip-172-31-69-7 systemd[1]: Listening on D-Bus System Message Bus Socket.
Feb 16 08:38:15 ip-172-31-69-7 systemd[1]: Starting LXD - unix socket.
Feb 16 08:38:15 ip-172-31-69-7 systemd[1]: Reached target Network is Online.
Feb 16 08:38:15 ip-172-31-69-7 systemd[1]: Starting iSCSI initiator daemon (iscsid)...
Feb 16 08:38:15 ip-172-31-69-7 systemd[1]: Started Daily apt download activities.
Feb 16 08:38:15 ip-172-31-69-7 systemd[1]: Started Daily apt upgrade and clean activities.
Feb 16 08:38:15 ip-172-31-69-7 systemd[1]: Reached target Timers.
Feb 16 08:38:15 ip-172-31-69-7 systemd[1]: Reached target Cloud-config availability.
Feb 16 08:38:15 ip-172-31-69-7 systemd[1]: Listening on Socket activation for snappy daemon.
Feb 16 08:38:15 ip-172-31-69-7 systemd[1]: Listening on LXD - unix socket.
Feb 16 08:38:15 ip-172-31-69-7 iscsid: iSCSI logger with pid=1096 started!
Feb 16 08:38:15 ip-172-31-69-7 iscsid: iSCSI daemon with pid=1097 started!
Feb 16 08:38:15 ip-172-31-69-7 systemd[1]: Started iSCSI initiator daemon (iscsid).
Feb 16 08:38:15 ip-172-31-69-7 systemd[1]: Starting Login to default iSCSI targets...
Feb 16 08:38:15 ip-172-31-69-7 systemd[1]: Reached target Sockets.
Feb 16 08:38:15 ip-172-31-69-7 systemd[1]: Reached target Basic System.
Feb 16 08:38:15 ip-172-31-69-7 systemd[1]: Started Unattended Upgrades Shutdown.
Feb 16 08:38:15 ip-172-31-69-7 systemd[1]: Starting LSB: MD monitoring daemon...
Feb 16 08:38:15 ip-172-31-69-7 systemd[1]: Starting Login Service...
Feb 16 08:38:15 ip-172-31-69-7 systemd[1]: Starting /etc/rc.local Compatibility...
Feb 16 08:38:15 ip-172-31-69-7 systemd[1]: Starting Initialize hardware monitoring sensors...
Feb 16 08:38:15 ip-172-31-69-7 systemd[1]: Starting System Logging Service...
Feb 16 08:38:15 ip-172-31-69-7 sensors[1113]: No sensors found!
Feb 16 08:38:15 ip-172-31-69-7 sensors[1113]: Make sure you loaded all the kernel drivers you need.
Feb 16 08:38:15 ip-172-31-69-7 sensors[1113]: Try sensors-detect to find out which these are.
Feb 16 08:38:15 ip-172-31-69-7 systemd[1]: Started Deferred execution scheduler.
Feb 16 08:38:15 ip-172-31-69-7 systemd[1]: Starting LXD - container startup/shutdown...
Feb 16 08:38:15 ip-172-31-69-7 systemd[1]: Starting Accounts Service...
Feb 16 08:38:15 ip-172-31-69-7 kernel: [    0.990544] tun: (C) 1999-2004 Max Krasnyansky <maxk@qualcomm.com>
Feb 16 08:38:15 ip-172-31-69-7 kernel: [    0.994150] PPP generic driver version 2.4.2
Feb 16 08:38:15 ip-172-31-69-7 kernel: [    0.997430] xen_netfront: Initialising Xen virtual ethernet driver
Feb 16 08:38:15 ip-172-31-69-7 kernel: [    1.004202] ehci_hcd: USB 2.0 'Enhanced' Host Controller (EHCI) Driver
Feb 16 08:38:15 ip-172-31-69-7 kernel: [    1.008685] ehci-pci: EHCI PCI platform driver
Feb 16 08:38:15 ip-172-31-69-7 kernel: [    1.012169] ehci-platform: EHCI generic platform driver
Feb 16 08:38:15 ip-172-31-69-7 kernel: [    1.015531] ohci_hcd: USB 1.1 'Open' Host Controller (OHCI) Driver
Feb 16 08:38:15 ip-172-31-69-7 kernel: [    1.019604] ohci-pci: OHCI PCI platform driver
Feb 16 08:38:15 ip-172-31-69-7 kernel: [    1.022587] ohci-platform: OHCI generic platform driver
Feb 16 08:38:15 ip-172-31-69-7 kernel: [    1.025884] uhci_hcd: USB Universal Host Controller Interface driver
Feb 16 08:38:15 ip-172-31-69-7 kernel: [    1.030505] i8042: PNP: PS/2 Controller [PNP0303:PS2K,PNP0f13:PS2M] at 0x60,0x64 irq 1,12
Feb 16 08:38:15 ip-172-31-69-7 kernel: [    1.037518] serio: i8042 KBD port at 0x60,0x64 irq 1
Feb 16 08:38:15 ip-172-31-69-7 kernel: [    1.040753] serio: i8042 AUX port at 0x60,0x64 irq 12
Feb 16 08:38:15 ip-172-31-69-7 kernel: [    1.044279] mousedev: PS/2 mouse device common for all mice
Feb 16 08:38:15 ip-172-31-69-7 kernel: [    1.048541] input: AT Translated Set 2 keyboard as /devices/platform/i8042/serio0/input/input2
Feb 16 08:38:15 ip-172-31-69-7 kernel: [    1.054150] rtc_cmos 00:02: rtc core: registered rtc_cmos as rtc0
Feb 16 08:38:15 ip-172-31-69-7 kernel: [    1.060138] rtc_cmos 00:02: alarms up to one day, 114 bytes nvram, hpet irqs
Feb 16 08:38:15 ip-172-31-69-7 kernel: [    1.077838] i2c /dev entries driver
Feb 16 08:38:15 ip-172-31-69-7 kernel: [    1.080982] device-mapper: uevent: version 1.0.3
Feb 16 08:38:15 ip-172-31-69-7 kernel: [    1.084019] device-mapper: ioctl: 4.34.0-ioctl (2015-10-28) initialised: dm-devel@redhat.com
Feb 16 08:38:15 ip-172-31-69-7 kernel: [    1.091315] NET: Registered protocol family 10
Feb 16 08:38:15 ip-172-31-69-7 kernel: [    1.094609] NET: Registered protocol family 17
Feb 16 08:38:15 ip-172-31-69-7 kernel: [    1.097632] Key type dns_resolver registered
Feb 16 08:38:15 ip-172-31-69-7 kernel: [    1.101072] registered taskstats version 1
Feb 16 08:38:15 ip-172-31-69-7 kernel: [    1.103757] Loading compiled-in X.509 certificates
Feb 16 08:38:15 ip-172-31-69-7 kernel: [    1.106782] blkfront: xvda: barrier or flush: disabled; persistent grants: disabled; indirect descriptors: enabled;
Feb 16 08:38:15 ip-172-31-69-7 kernel: [    1.114041] Loaded X.509 cert 'Build time autogenerated kernel key: 3202f79a2fa321ecce3869d36458fe9267f31118'
Feb 16 08:38:15 ip-172-31-69-7 kernel: [    1.119983] zswap: loaded using pool lzo/zbud
Feb 16 08:38:15 ip-172-31-69-7 kernel: [    1.124439]  xvda: xvda1
Feb 16 08:38:15 ip-172-31-69-7 kernel: [    1.126559] Key type trusted registered
Feb 16 08:38:15 ip-172-31-69-7 kernel: [    1.131709] Key type encrypted registered
Feb 16 08:38:15 ip-172-31-69-7 kernel: [    1.134444] AppArmor: AppArmor sha1 policy hashing enabled
Feb 16 08:38:15 ip-172-31-69-7 kernel: [    1.138606] ima: No TPM chip found, activating TPM-bypass!
Feb 16 08:38:15 ip-172-31-69-7 kernel: [    1.141981] evm: HMAC attrs: 0x1
Feb 16 08:38:15 ip-172-31-69-7 kernel: [    1.144583]   Magic number: 6:31:633
Feb 16 08:38:15 ip-172-31-69-7 kernel: [    1.147038] rtc_cmos 00:02: setting system clock to 2018-02-16 12:38:08 UTC (1518784688)
Feb 16 08:38:15 ip-172-31-69-7 kernel: [    1.152060] BIOS EDD facility v0.16 2004-Jun-25, 0 devices found
Feb 16 08:38:15 ip-172-31-69-7 kernel: [    1.155755] EDD information not available.
Feb 16 08:38:15 ip-172-31-69-7 kernel: [    1.158509] PM: Hibernation image not present or could not be loaded.
Feb 16 08:38:15 ip-172-31-69-7 kernel: [    1.160258] Freeing unused kernel memory: 1484K
Feb 16 08:38:15 ip-172-31-69-7 kernel: [    1.163274] Write protecting the kernel read-only data: 14336k
Feb 16 08:38:15 ip-172-31-69-7 kernel: [    1.167391] Freeing unused kernel memory: 1908K
Feb 16 08:38:15 ip-172-31-69-7 kernel: [    1.170703] Freeing unused kernel memory: 224K
Feb 16 08:38:15 ip-172-31-69-7 kernel: [    1.185136] random: udevadm: uninitialized urandom read (16 bytes read, 9 bits of entropy available)
Feb 16 08:38:15 ip-172-31-69-7 kernel: [    1.191068] random: systemd-udevd: uninitialized urandom read (16 bytes read, 9 bits of entropy available)
Feb 16 08:38:15 ip-172-31-69-7 kernel: [    1.197004] random: systemd-udevd: uninitialized urandom read (16 bytes read, 9 bits of entropy available)
Feb 16 08:38:15 ip-172-31-69-7 kernel: [    1.202339] random: udevadm: uninitialized urandom read (16 bytes read, 9 bits of entropy available)
Feb 16 08:38:15 ip-172-31-69-7 kernel: [    1.207558] random: systemd-udevd: uninitialized urandom read (16 bytes read, 9 bits of entropy available)
Feb 16 08:38:15 ip-172-31-69-7 kernel: [    1.218264] random: systemd-udevd: uninitialized urandom read (16 bytes read, 9 bits of entropy available)
Feb 16 08:38:15 ip-172-31-69-7 kernel: [    1.225067] random: udevadm: uninitialized urandom read (16 bytes read, 9 bits of entropy available)
Feb 16 08:38:15 ip-172-31-69-7 kernel: [    1.231215] random: systemd-udevd: uninitialized urandom read (16 bytes read, 9 bits of entropy available)
Feb 16 08:38:15 ip-172-31-69-7 kernel: [    1.236842] random: udevadm: uninitialized urandom read (16 bytes read, 9 bits of entropy available)
Feb 16 08:38:15 ip-172-31-69-7 kernel: [    1.242046] random: systemd-udevd: uninitialized urandom read (16 bytes read, 9 bits of entropy available)
Feb 16 08:38:15 ip-172-31-69-7 kernel: [    1.363411] AVX2 version of gcm_enc/dec engaged.
Feb 16 08:38:15 ip-172-31-69-7 kernel: [    1.367183] AES CTR mode by8 optimization enabled
Feb 16 08:38:15 ip-172-31-69-7 kernel: [    1.824098] tsc: Refined TSC clocksource calibration: 2399.997 MHz
Feb 16 08:38:15 ip-172-31-69-7 kernel: [    1.828316] clocksource: tsc: mask: 0xffffffffffffffff max_cycles: 0x229834d6ac9, max_idle_ns: 440795285103 ns
Feb 16 08:38:15 ip-172-31-69-7 kernel: [    2.866448] md: linear personality registered for level -1
Feb 16 08:38:15 ip-172-31-69-7 kernel: [    2.875313] md: multipath personality registered for level -4
Feb 16 08:38:15 ip-172-31-69-7 kernel: [    2.884463] md: raid0 personality registered for level 0
Feb 16 08:38:15 ip-172-31-69-7 kernel: [    2.893832] md: raid1 personality registered for level 1
Feb 16 08:38:15 ip-172-31-69-7 kernel: [    2.952064] raid6: sse2x1   gen()  8304 MB/s
Feb 16 08:38:15 ip-172-31-69-7 kernel: [    3.004059] raid6: sse2x1   xor()  6506 MB/s
Feb 16 08:38:15 ip-172-31-69-7 kernel: [    3.056061] raid6: sse2x2   gen() 10574 MB/s
Feb 16 08:38:15 ip-172-31-69-7 kernel: [    3.108086] raid6: sse2x2   xor()  7091 MB/s
Feb 16 08:38:15 ip-172-31-69-7 kernel: [    3.160068] raid6: sse2x4   gen() 12223 MB/s
Feb 16 08:38:15 ip-172-31-69-7 kernel: [    3.208061] raid6: sse2x4   xor()  8447 MB/s
Feb 16 08:38:15 ip-172-31-69-7 kernel: [    3.256065] raid6: avx2x1   gen() 16244 MB/s
Feb 16 08:38:15 ip-172-31-69-7 kernel: [    3.304061] raid6: avx2x2   gen() 18716 MB/s
Feb 16 08:38:15 ip-172-31-69-7 kernel: [    3.352062] raid6: avx2x4   gen() 21847 MB/s
Feb 16 08:38:15 ip-172-31-69-7 kernel: [    3.355957] raid6: using algorithm avx2x4 gen() 21847 MB/s
Feb 16 08:38:15 ip-172-31-69-7 kernel: [    3.360969] raid6: using avx2x2 recovery algorithm
Feb 16 08:38:15 ip-172-31-69-7 kernel: [    3.367726] xor: automatically using best checksumming function:
Feb 16 08:38:15 ip-172-31-69-7 kernel: [    3.412058]    avx       : 26176.000 MB/sec
Feb 16 08:38:15 ip-172-31-69-7 kernel: [    3.418042] async_tx: api initialized (async)
Feb 16 08:38:15 ip-172-31-69-7 kernel: [    3.432941] md: raid6 personality registered for level 6
Feb 16 08:38:15 ip-172-31-69-7 kernel: [    3.436829] md: raid5 personality registered for level 5
Feb 16 08:38:15 ip-172-31-69-7 kernel: [    3.440670] md: raid4 personality registered for level 4
Feb 16 08:38:15 ip-172-31-69-7 kernel: [    3.449822] md: raid10 personality registered for level 10
Feb 16 08:38:15 ip-172-31-69-7 kernel: [    3.490438] Btrfs loaded
Feb 16 08:38:15 ip-172-31-69-7 kernel: [    3.535588] EXT4-fs (xvda1): mounted filesystem with ordered data mode. Opts: (null)
Feb 16 08:38:15 ip-172-31-69-7 kernel: [    4.097504] Loading iSCSI transport class v2.0-870.
Feb 16 08:38:15 ip-172-31-69-7 kernel: [    4.128319] EXT4-fs (xvda1): re-mounted. Opts: discard
Feb 16 08:38:15 ip-172-31-69-7 kernel: [    4.146940] iscsi: registered transport (tcp)
Feb 16 08:38:15 ip-172-31-69-7 kernel: [    4.248299] iscsi: registered transport (iser)
Feb 16 08:38:15 ip-172-31-69-7 kernel: [    5.109655] audit: type=1400 audit(1518784692.460:2): apparmor="STATUS" operation="profile_load" profile="unconfined" name="lxc-container-default" pid=560 comm="apparmor_parser"
Feb 16 08:38:15 ip-172-31-69-7 kernel: [    5.109659] audit: type=1400 audit(1518784692.460:3): apparmor="STATUS" operation="profile_load" profile="unconfined" name="lxc-container-default-cgns" pid=560 comm="apparmor_parser"
Feb 16 08:38:15 ip-172-31-69-7 kernel: [    5.109662] audit: type=1400 audit(1518784692.460:4): apparmor="STATUS" operation="profile_load" profile="unconfined" name="lxc-container-default-with-mounting" pid=560 comm="apparmor_parser"
Feb 16 08:38:15 ip-172-31-69-7 kernel: [    5.109665] audit: type=1400 audit(1518784692.460:5): apparmor="STATUS" operation="profile_load" profile="unconfined" name="lxc-container-default-with-nesting" pid=560 comm="apparmor_parser"
Feb 16 08:38:15 ip-172-31-69-7 kernel: [    5.124521] audit: type=1400 audit(1518784692.476:6): apparmor="STATUS" operation="profile_load" profile="unconfined" name="/sbin/dhclient" pid=561 comm="apparmor_parser"
Feb 16 08:38:15 ip-172-31-69-7 kernel: [    5.124525] audit: type=1400 audit(1518784692.476:7): apparmor="STATUS" operation="profile_load" profile="unconfined" name="/usr/lib/NetworkManager/nm-dhcp-client.action" pid=561 comm="apparmor_parser"
Feb 16 08:38:15 ip-172-31-69-7 kernel: [    5.124528] audit: type=1400 audit(1518784692.476:8): apparmor="STATUS" operation="profile_load" profile="unconfined" name="/usr/lib/NetworkManager/nm-dhcp-helper" pid=561 comm="apparmor_parser"
Feb 16 08:38:15 ip-172-31-69-7 kernel: [    5.124530] audit: type=1400 audit(1518784692.476:9): apparmor="STATUS" operation="profile_load" profile="unconfined" name="/usr/lib/connman/scripts/dhclient-script" pid=561 comm="apparmor_parser"
Feb 16 08:38:15 ip-172-31-69-7 kernel: [    5.126436] audit: type=1400 audit(1518784692.476:10): apparmor="STATUS" operation="profile_load" profile="unconfined" name="/usr/bin/lxc-start" pid=562 comm="apparmor_parser"
Feb 16 08:38:15 ip-172-31-69-7 kernel: [    6.438337] ppdev: user-space parallel port driver
Feb 16 08:38:15 ip-172-31-69-7 kernel: [    7.916091] random: nonblocking pool is initialized
Feb 16 08:38:15 ip-172-31-69-7 systemd[1]: Starting LSB: Record successful boot for GRUB...
Feb 16 08:38:15 ip-172-31-69-7 systemd[1]: Starting Apply the settings specified in cloud-config...
Feb 16 08:38:15 ip-172-31-69-7 systemd[1]: Started ACPI event daemon.
Feb 16 08:38:15 ip-172-31-69-7 systemd[1]: Started FUSE filesystem for LXC.
Feb 16 08:38:15 ip-172-31-69-7 acpid: starting up with netlink and the input layer
Feb 16 08:38:15 ip-172-31-69-7 acpid: 1 rule loaded
Feb 16 08:38:15 ip-172-31-69-7 acpid: waiting for events: event logging is off
Feb 16 08:38:15 ip-172-31-69-7 systemd[1]: Started Regular background program processing daemon.
Feb 16 08:38:15 ip-172-31-69-7 cron[1147]: (CRON) INFO (pidfile fd = 3)
Feb 16 08:38:15 ip-172-31-69-7 systemd[1]: Starting OpenBSD Secure Shell server...
Feb 16 08:38:16 ip-172-31-69-7 kernel: [    8.648801] cgroup: new mount options do not match the existing superblock, will be ignored
Feb 16 08:38:16 ip-172-31-69-7 systemd[1]: Started D-Bus System Message Bus.
Feb 16 08:38:16 ip-172-31-69-7 lxcfs[1144]: hierarchies:
Feb 16 08:38:16 ip-172-31-69-7 lxcfs[1144]:   0: fd:   5: hugetlb
Feb 16 08:38:16 ip-172-31-69-7 lxcfs[1144]:   1: fd:   6: blkio
Feb 16 08:38:16 ip-172-31-69-7 lxcfs[1144]:   2: fd:   7: memory
Feb 16 08:38:16 ip-172-31-69-7 lxcfs[1144]:   3: fd:   8: devices
Feb 16 08:38:16 ip-172-31-69-7 lxcfs[1144]:   4: fd:   9: freezer
Feb 16 08:38:16 ip-172-31-69-7 lxcfs[1144]:   5: fd:  10: cpu,cpuacct
Feb 16 08:38:16 ip-172-31-69-7 lxcfs[1144]:   6: fd:  11: net_cls,net_prio
Feb 16 08:38:16 ip-172-31-69-7 lxcfs[1144]:   7: fd:  12: cpuset
Feb 16 08:38:16 ip-172-31-69-7 lxcfs[1144]:   8: fd:  13: perf_event
Feb 16 08:38:16 ip-172-31-69-7 lxcfs[1144]:   9: fd:  14: pids
Feb 16 08:38:16 ip-172-31-69-7 lxcfs[1144]:  10: fd:  15: name=systemd
Feb 16 08:38:16 ip-172-31-69-7 cron[1147]: (CRON) INFO (Running @reboot jobs)
Feb 16 08:38:16 ip-172-31-69-7 dbus[1153]: [system] AppArmor D-Bus mediation is enabled
Feb 16 08:38:16 ip-172-31-69-7 systemd[1]: Starting Snappy daemon...
Feb 16 08:38:16 ip-172-31-69-7 systemd[1]: Started System Logging Service.
Feb 16 08:38:16 ip-172-31-69-7 systemd[1]: Started OpenBSD Secure Shell server.
Feb 16 08:38:16 ip-172-31-69-7 systemd[1]: Started /etc/rc.local Compatibility.
Feb 16 08:38:16 ip-172-31-69-7 sensors[1168]: No sensors found!
Feb 16 08:38:16 ip-172-31-69-7 sensors[1168]: Make sure you loaded all the kernel drivers you need.
Feb 16 08:38:16 ip-172-31-69-7 sensors[1168]: Try sensors-detect to find out which these are.
Feb 16 08:38:16 ip-172-31-69-7 systemd[1]: Started Initialize hardware monitoring sensors.
Feb 16 08:38:16 ip-172-31-69-7 dbus[1153]: [system] Activating via systemd: service name='org.freedesktop.PolicyKit1' unit='polkitd.service'
Feb 16 08:38:16 ip-172-31-69-7 mdadm[1102]:  * Starting MD monitoring service mdadm --monitor
Feb 16 08:38:16 ip-172-31-69-7 iscsiadm[1177]: iscsiadm: No records found
Feb 16 08:38:16 ip-172-31-69-7 mdadm[1102]:    ...done.
Feb 16 08:38:16 ip-172-31-69-7 systemd[1]: Started LSB: MD monitoring daemon.
Feb 16 08:38:16 ip-172-31-69-7 systemd[1]: Started Login to default iSCSI targets.
Feb 16 08:38:16 ip-172-31-69-7 systemd[1]: Started LXD - container startup/shutdown.
Feb 16 08:38:16 ip-172-31-69-7 systemd[1]: Started LSB: Record successful boot for GRUB.
Feb 16 08:38:16 ip-172-31-69-7 systemd[1]: Started Login Service.
Feb 16 08:38:16 ip-172-31-69-7 systemd[1]: Starting Authenticate and Authorize Users to Run Privileged Tasks...
Feb 16 08:38:16 ip-172-31-69-7 systemd[1]: Reached target Remote File Systems (Pre).
Feb 16 08:38:16 ip-172-31-69-7 systemd[1]: Reached target Remote File Systems.
Feb 16 08:38:16 ip-172-31-69-7 systemd[1]: Starting Permit User Sessions...
Feb 16 08:38:16 ip-172-31-69-7 systemd[1]: Starting LSB: automatic crash report generation...
Feb 16 08:38:16 ip-172-31-69-7 systemd[1]: Starting LSB: daemon to balance interrupts for SMP systems...
Feb 16 08:38:16 ip-172-31-69-7 polkitd[1193]: started daemon version 0.105 using authority implementation `local' version `0.105'
Feb 16 08:38:16 ip-172-31-69-7 dbus[1153]: [system] Successfully activated service 'org.freedesktop.PolicyKit1'
Feb 16 08:38:16 ip-172-31-69-7 accounts-daemon[1125]: started daemon version 0.6.40
Feb 16 08:38:16 ip-172-31-69-7 systemd[1]: Starting LSB: Set the CPU Frequency Scaling governor to "ondemand"...
Feb 16 08:38:16 ip-172-31-69-7 systemd[1]: Starting LSB: disk temperature monitoring daemon...
Feb 16 08:38:16 ip-172-31-69-7 systemd[1]: Started Permit User Sessions.
Feb 16 08:38:16 ip-172-31-69-7 systemd[1]: Started Authenticate and Authorize Users to Run Privileged Tasks.
Feb 16 08:38:16 ip-172-31-69-7 snapd[1165]: AppArmor status: apparmor is enabled and all features are available
Feb 16 08:38:16 ip-172-31-69-7 systemd[1]: Started Accounts Service.
Feb 16 08:38:16 ip-172-31-69-7 snapd[1165]: 2018/02/16 08:38:16.404756 daemon.go:306: started snapd/2.29.4.2 (series 16; classic) ubuntu/16.04 (amd64) linux/4.4.0-1049-aws.
Feb 16 08:38:16 ip-172-31-69-7 systemd[1]: Started Snappy daemon.
Feb 16 08:38:16 ip-172-31-69-7 apport[1201]:  * Starting automatic crash report generation: apport
Feb 16 08:38:16 ip-172-31-69-7 systemd[1]: Starting Hold until boot process finishes up...
Feb 16 08:38:16 ip-172-31-69-7 irqbalance[1205]:  * Starting SMP IRQ Balancer: irqbalance
Feb 16 08:38:16 ip-172-31-69-7 systemd[1]: Starting Terminate Plymouth Boot Screen...
Feb 16 08:38:16 ip-172-31-69-7 apport[1201]:    ...done.
Feb 16 08:38:16 ip-172-31-69-7 /usr/sbin/irqbalance: Balancing is ineffective on systems with a single cpu.  Shutting down
Feb 16 08:38:16 ip-172-31-69-7 irqbalance[1205]:    ...done.
Feb 16 08:38:16 ip-172-31-69-7 systemd[1]: Started LSB: automatic crash report generation.
Feb 16 08:38:16 ip-172-31-69-7 systemd[1]: Started LSB: daemon to balance interrupts for SMP systems.
Feb 16 08:38:16 ip-172-31-69-7 systemd[1]: Started LSB: Set the CPU Frequency Scaling governor to "ondemand".
Feb 16 08:38:16 ip-172-31-69-7 systemd[1]: Started Hold until boot process finishes up.
Feb 16 08:38:16 ip-172-31-69-7 systemd[1]: Started Terminate Plymouth Boot Screen.
Feb 16 08:38:16 ip-172-31-69-7 systemd[1]: Started LSB: disk temperature monitoring daemon.
Feb 16 08:38:16 ip-172-31-69-7 systemd[1]: Started Getty on tty1.
Feb 16 08:38:16 ip-172-31-69-7 systemd[1]: Started Serial Getty on ttyS0.
Feb 16 08:38:16 ip-172-31-69-7 systemd[1]: Reached target Login Prompts.
Feb 16 08:38:16 ip-172-31-69-7 systemd[1]: Starting Set console scheme...
Feb 16 08:38:16 ip-172-31-69-7 systemd[1]: Reached target Multi-User System.
Feb 16 08:38:16 ip-172-31-69-7 systemd[1]: Reached target Graphical Interface.
Feb 16 08:38:16 ip-172-31-69-7 systemd[1]: Starting Update UTMP about System Runlevel Changes...
Feb 16 08:38:16 ip-172-31-69-7 systemd[1]: Started Set console scheme.
Feb 16 08:38:16 ip-172-31-69-7 systemd[1]: Started Update UTMP about System Runlevel Changes.
Feb 16 08:38:16 ip-172-31-69-7 cloud-init[1135]: Cloud-init v. 17.1 running 'modules:config' at Fri, 16 Feb 2018 12:38:16 +0000. Up 9.41 seconds.
Feb 16 08:38:16 ip-172-31-69-7 systemd[1]: Started Apply the settings specified in cloud-config.
Feb 16 08:38:16 ip-172-31-69-7 systemd[1]: Starting Execute cloud user/final scripts...
Feb 16 08:38:17 ip-172-31-69-7 cloud-init[1275]: Cloud-init v. 17.1 running 'modules:final' at Fri, 16 Feb 2018 12:38:17 +0000. Up 9.81 seconds.
Feb 16 08:38:17 ip-172-31-69-7 cloud-init[1275]: Cloud-init v. 17.1 finished at Fri, 16 Feb 2018 12:38:17 +0000. Datasource DataSourceEc2Local.  Up 9.92 seconds
Feb 16 08:38:17 ip-172-31-69-7 systemd[1]: Started Execute cloud user/final scripts.
Feb 16 08:38:17 ip-172-31-69-7 systemd[1]: Reached target Cloud-init target.
Feb 16 08:38:17 ip-172-31-69-7 systemd[1]: Startup finished in 3.653s (kernel) + 6.370s (userspace) = 10.023s.
Feb 16 08:38:43 ip-172-31-69-7 systemd[1]: Time has been changed
Feb 16 08:38:43 ip-172-31-69-7 systemd-timesyncd[506]: Synchronized to time server 91.189.89.198:123 (ntp.ubuntu.com).
Feb 16 08:40:50 ip-172-31-69-7 systemd[1]: Created slice User Slice of ubuntu.
Feb 16 08:40:50 ip-172-31-69-7 systemd[1]: Starting User Manager for UID 1000...
Feb 16 08:40:50 ip-172-31-69-7 systemd[1]: Started Session 1 of user ubuntu.
Feb 16 08:40:50 ip-172-31-69-7 systemd[1294]: Reached target Paths.
Feb 16 08:40:50 ip-172-31-69-7 systemd[1294]: Reached target Sockets.
Feb 16 08:40:50 ip-172-31-69-7 systemd[1294]: Reached target Timers.
Feb 16 08:40:50 ip-172-31-69-7 systemd[1294]: Reached target Basic System.
Feb 16 08:40:50 ip-172-31-69-7 systemd[1294]: Reached target Default.
Feb 16 08:40:50 ip-172-31-69-7 systemd[1294]: Startup finished in 24ms.
Feb 16 08:40:50 ip-172-31-69-7 systemd[1]: Started User Manager for UID 1000.
Feb 16 08:40:55 ip-172-31-69-7 kernel: [  167.930245] Netfilter messages via NETLINK v0.30.
Feb 16 08:40:55 ip-172-31-69-7 kernel: [  167.937744] device eth0 entered promiscuous mode
Feb 16 08:53:53 ip-172-31-69-7 systemd[1]: Starting Cleanup of Temporary Directories...
Feb 16 08:53:53 ip-172-31-69-7 systemd-tmpfiles[1398]: [/usr/lib/tmpfiles.d/var.conf:14] Duplicate line for path "/var/log", ignoring.
Feb 16 08:53:53 ip-172-31-69-7 systemd[1]: Started Cleanup of Temporary Directories.
Feb 16 09:00:53 ip-172-31-69-7 dhclient[910]: DHCPREQUEST of 172.31.69.7 on eth0 to 172.31.69.1 port 67 (xid=0x6ad85f5a)
Feb 16 09:00:53 ip-172-31-69-7 dhclient[910]: DHCPACK of 172.31.69.7 from 172.31.69.1
Feb 16 09:00:53 ip-172-31-69-7 dhclient[910]: bound to 172.31.69.7 -- renewal in 1513 seconds.
Feb 16 09:17:01 ip-172-31-69-7 CRON[1416]: (root) CMD (   cd / && run-parts --report /etc/cron.hourly)
Feb 16 09:26:06 ip-172-31-69-7 dhclient[910]: DHCPREQUEST of 172.31.69.7 on eth0 to 172.31.69.1 port 67 (xid=0x6ad85f5a)
Feb 16 09:26:06 ip-172-31-69-7 dhclient[910]: DHCPACK of 172.31.69.7 from 172.31.69.1
Feb 16 09:26:06 ip-172-31-69-7 dhclient[910]: bound to 172.31.69.7 -- renewal in 1493 seconds.
Feb 16 09:50:59 ip-172-31-69-7 dhclient[910]: DHCPREQUEST of 172.31.69.7 on eth0 to 172.31.69.1 port 67 (xid=0x6ad85f5a)
Feb 16 09:50:59 ip-172-31-69-7 dhclient[910]: DHCPACK of 172.31.69.7 from 172.31.69.1
Feb 16 09:50:59 ip-172-31-69-7 dhclient[910]: bound to 172.31.69.7 -- renewal in 1718 seconds.
Feb 16 10:17:01 ip-172-31-69-7 CRON[1449]: (root) CMD (   cd / && run-parts --report /etc/cron.hourly)
Feb 16 10:19:37 ip-172-31-69-7 dhclient[910]: DHCPREQUEST of 172.31.69.7 on eth0 to 172.31.69.1 port 67 (xid=0x6ad85f5a)
Feb 16 10:19:38 ip-172-31-69-7 dhclient[910]: DHCPACK of 172.31.69.7 from 172.31.69.1
Feb 16 10:19:38 ip-172-31-69-7 dhclient[910]: bound to 172.31.69.7 -- renewal in 1469 seconds.
Feb 16 10:44:07 ip-172-31-69-7 dhclient[910]: DHCPREQUEST of 172.31.69.7 on eth0 to 172.31.69.1 port 67 (xid=0x6ad85f5a)
Feb 16 10:44:07 ip-172-31-69-7 dhclient[910]: DHCPACK of 172.31.69.7 from 172.31.69.1
Feb 16 10:44:07 ip-172-31-69-7 dhclient[910]: bound to 172.31.69.7 -- renewal in 1699 seconds.
Feb 16 11:12:26 ip-172-31-69-7 dhclient[910]: DHCPREQUEST of 172.31.69.7 on eth0 to 172.31.69.1 port 67 (xid=0x6ad85f5a)
Feb 16 11:12:26 ip-172-31-69-7 dhclient[910]: DHCPACK of 172.31.69.7 from 172.31.69.1
Feb 16 11:12:26 ip-172-31-69-7 dhclient[910]: bound to 172.31.69.7 -- renewal in 1472 seconds.
Feb 16 11:17:01 ip-172-31-69-7 CRON[1488]: (root) CMD (   cd / && run-parts --report /etc/cron.hourly)
Feb 16 11:36:58 ip-172-31-69-7 dhclient[910]: DHCPREQUEST of 172.31.69.7 on eth0 to 172.31.69.1 port 67 (xid=0x6ad85f5a)
Feb 16 11:36:58 ip-172-31-69-7 dhclient[910]: DHCPACK of 172.31.69.7 from 172.31.69.1
Feb 16 11:36:58 ip-172-31-69-7 dhclient[910]: bound to 172.31.69.7 -- renewal in 1686 seconds.
Feb 16 12:05:05 ip-172-31-69-7 dhclient[910]: DHCPREQUEST of 172.31.69.7 on eth0 to 172.31.69.1 port 67 (xid=0x6ad85f5a)
Feb 16 12:05:05 ip-172-31-69-7 dhclient[910]: DHCPACK of 172.31.69.7 from 172.31.69.1
Feb 16 12:05:05 ip-172-31-69-7 dhclient[910]: bound to 172.31.69.7 -- renewal in 1569 seconds.
Feb 16 12:17:01 ip-172-31-69-7 CRON[1530]: (root) CMD (   cd / && run-parts --report /etc/cron.hourly)
Feb 16 12:31:14 ip-172-31-69-7 dhclient[910]: DHCPREQUEST of 172.31.69.7 on eth0 to 172.31.69.1 port 67 (xid=0x6ad85f5a)
Feb 16 12:31:14 ip-172-31-69-7 dhclient[910]: DHCPACK of 172.31.69.7 from 172.31.69.1
Feb 16 12:31:14 ip-172-31-69-7 dhclient[910]: bound to 172.31.69.7 -- renewal in 1413 seconds.
Feb 16 12:54:47 ip-172-31-69-7 dhclient[910]: DHCPREQUEST of 172.31.69.7 on eth0 to 172.31.69.1 port 67 (xid=0x6ad85f5a)
Feb 16 12:54:47 ip-172-31-69-7 dhclient[910]: DHCPACK of 172.31.69.7 from 172.31.69.1
Feb 16 12:54:47 ip-172-31-69-7 dhclient[910]: bound to 172.31.69.7 -- renewal in 1655 seconds.
Feb 16 13:17:01 ip-172-31-69-7 CRON[1592]: (root) CMD (   cd / && run-parts --report /etc/cron.hourly)
Feb 16 13:22:22 ip-172-31-69-7 dhclient[910]: DHCPREQUEST of 172.31.69.7 on eth0 to 172.31.69.1 port 67 (xid=0x6ad85f5a)
Feb 16 13:22:22 ip-172-31-69-7 dhclient[910]: DHCPACK of 172.31.69.7 from 172.31.69.1
Feb 16 13:22:22 ip-172-31-69-7 dhclient[910]: bound to 172.31.69.7 -- renewal in 1793 seconds.
Feb 16 13:47:01 ip-172-31-69-7 CRON[1607]: (root) CMD (nohup tcpdump > /home/ubuntu/capture/dump$(hostname -I) &  )
Feb 16 13:52:15 ip-172-31-69-7 dhclient[910]: DHCPREQUEST of 172.31.69.7 on eth0 to 172.31.69.1 port 67 (xid=0x6ad85f5a)
Feb 16 13:52:15 ip-172-31-69-7 dhclient[910]: DHCPACK of 172.31.69.7 from 172.31.69.1
Feb 16 13:52:15 ip-172-31-69-7 dhclient[910]: bound to 172.31.69.7 -- renewal in 1710 seconds.
Feb 16 14:09:46 ip-172-31-69-7 systemd[1]: Starting Daily apt download activities...
Feb 16 14:09:46 ip-172-31-69-7 systemd[1]: Started Daily apt download activities.
Feb 16 14:17:01 ip-172-31-69-7 CRON[1670]: (root) CMD (   cd / && run-parts --report /etc/cron.hourly)
Feb 16 14:20:45 ip-172-31-69-7 dhclient[910]: DHCPREQUEST of 172.31.69.7 on eth0 to 172.31.69.1 port 67 (xid=0x6ad85f5a)
Feb 16 14:20:45 ip-172-31-69-7 dhclient[910]: DHCPACK of 172.31.69.7 from 172.31.69.1
Feb 16 14:20:45 ip-172-31-69-7 dhclient[910]: bound to 172.31.69.7 -- renewal in 1575 seconds.
Feb 16 14:47:00 ip-172-31-69-7 dhclient[910]: DHCPREQUEST of 172.31.69.7 on eth0 to 172.31.69.1 port 67 (xid=0x6ad85f5a)
Feb 16 14:47:00 ip-172-31-69-7 dhclient[910]: DHCPACK of 172.31.69.7 from 172.31.69.1
Feb 16 14:47:00 ip-172-31-69-7 dhclient[910]: bound to 172.31.69.7 -- renewal in 1598 seconds.
Feb 16 15:13:38 ip-172-31-69-7 dhclient[910]: DHCPREQUEST of 172.31.69.7 on eth0 to 172.31.69.1 port 67 (xid=0x6ad85f5a)
Feb 16 15:13:38 ip-172-31-69-7 dhclient[910]: DHCPACK of 172.31.69.7 from 172.31.69.1
Feb 16 15:13:38 ip-172-31-69-7 dhclient[910]: bound to 172.31.69.7 -- renewal in 1467 seconds.
Feb 16 15:17:01 ip-172-31-69-7 CRON[1713]: (root) CMD (   cd / && run-parts --report /etc/cron.hourly)
Feb 16 15:38:05 ip-172-31-69-7 dhclient[910]: DHCPREQUEST of 172.31.69.7 on eth0 to 172.31.69.1 port 67 (xid=0x6ad85f5a)
Feb 16 15:38:05 ip-172-31-69-7 dhclient[910]: DHCPACK of 172.31.69.7 from 172.31.69.1
Feb 16 15:38:05 ip-172-31-69-7 dhclient[910]: bound to 172.31.69.7 -- renewal in 1671 seconds.
Feb 16 16:05:56 ip-172-31-69-7 dhclient[910]: DHCPREQUEST of 172.31.69.7 on eth0 to 172.31.69.1 port 67 (xid=0x6ad85f5a)
Feb 16 16:05:56 ip-172-31-69-7 dhclient[910]: DHCPACK of 172.31.69.7 from 172.31.69.1
Feb 16 16:05:56 ip-172-31-69-7 dhclient[910]: bound to 172.31.69.7 -- renewal in 1393 seconds.
Feb 16 16:17:01 ip-172-31-69-7 CRON[1740]: (root) CMD (   cd / && run-parts --report /etc/cron.hourly)
Feb 16 16:29:09 ip-172-31-69-7 dhclient[910]: DHCPREQUEST of 172.31.69.7 on eth0 to 172.31.69.1 port 67 (xid=0x6ad85f5a)
Feb 16 16:29:09 ip-172-31-69-7 dhclient[910]: DHCPACK of 172.31.69.7 from 172.31.69.1
Feb 16 16:29:09 ip-172-31-69-7 dhclient[910]: bound to 172.31.69.7 -- renewal in 1563 seconds.
Feb 16 16:55:12 ip-172-31-69-7 dhclient[910]: DHCPREQUEST of 172.31.69.7 on eth0 to 172.31.69.1 port 67 (xid=0x6ad85f5a)
Feb 16 16:55:12 ip-172-31-69-7 dhclient[910]: DHCPACK of 172.31.69.7 from 172.31.69.1
Feb 16 16:55:12 ip-172-31-69-7 dhclient[910]: bound to 172.31.69.7 -- renewal in 1791 seconds.
Feb 16 17:17:01 ip-172-31-69-7 CRON[1773]: (root) CMD (   cd / && run-parts --report /etc/cron.hourly)
Feb 16 17:25:03 ip-172-31-69-7 dhclient[910]: DHCPREQUEST of 172.31.69.7 on eth0 to 172.31.69.1 port 67 (xid=0x6ad85f5a)
Feb 16 17:25:03 ip-172-31-69-7 dhclient[910]: DHCPACK of 172.31.69.7 from 172.31.69.1
Feb 16 17:25:03 ip-172-31-69-7 dhclient[910]: bound to 172.31.69.7 -- renewal in 1759 seconds.
