Feb 15 06:26:05 ip-172-31-69-27 dhclient[940]: DHCPREQUEST of 172.31.69.27 on eth0 to 172.31.69.1 port 67 (xid=0xc36aa03)
Feb 15 06:26:05 ip-172-31-69-27 dhclient[940]: DHCPACK of 172.31.69.27 from 172.31.69.1
Feb 15 06:26:05 ip-172-31-69-27 dhclient[940]: bound to 172.31.69.27 -- renewal in 1547 seconds.
Feb 15 06:51:52 ip-172-31-69-27 dhclient[940]: DHCPREQUEST of 172.31.69.27 on eth0 to 172.31.69.1 port 67 (xid=0xc36aa03)
Feb 15 06:51:52 ip-172-31-69-27 dhclient[940]: DHCPACK of 172.31.69.27 from 172.31.69.1
Feb 15 06:51:52 ip-172-31-69-27 dhclient[940]: bound to 172.31.69.27 -- renewal in 1643 seconds.
Feb 15 07:17:01 ip-172-31-69-27 CRON[7020]: (root) CMD (   cd / && run-parts --report /etc/cron.hourly)
Feb 15 07:19:15 ip-172-31-69-27 dhclient[940]: DHCPREQUEST of 172.31.69.27 on eth0 to 172.31.69.1 port 67 (xid=0xc36aa03)
Feb 15 07:19:15 ip-172-31-69-27 dhclient[940]: DHCPACK of 172.31.69.27 from 172.31.69.1
Feb 15 07:19:15 ip-172-31-69-27 dhclient[940]: bound to 172.31.69.27 -- renewal in 1724 seconds.
Feb 15 07:47:59 ip-172-31-69-27 dhclient[940]: DHCPREQUEST of 172.31.69.27 on eth0 to 172.31.69.1 port 67 (xid=0xc36aa03)
Feb 15 07:47:59 ip-172-31-69-27 dhclient[940]: DHCPACK of 172.31.69.27 from 172.31.69.1
Feb 15 07:47:59 ip-172-31-69-27 dhclient[940]: bound to 172.31.69.27 -- renewal in 1370 seconds.
Feb 15 08:10:49 ip-172-31-69-27 dhclient[940]: DHCPREQUEST of 172.31.69.27 on eth0 to 172.31.69.1 port 67 (xid=0xc36aa03)
Feb 15 08:10:49 ip-172-31-69-27 dhclient[940]: DHCPACK of 172.31.69.27 from 172.31.69.1
Feb 15 08:10:49 ip-172-31-69-27 dhclient[940]: bound to 172.31.69.27 -- renewal in 1600 seconds.
Feb 15 08:17:01 ip-172-31-69-27 CRON[7071]: (root) CMD (   cd / && run-parts --report /etc/cron.hourly)
Feb 15 08:22:38 ip-172-31-69-27 systemd[1]: Received SIGINT.
Feb 15 08:22:38 ip-172-31-69-27 systemd[1]: Stopping Session 30 of user ubuntu.
Feb 15 08:22:38 ip-172-31-69-27 systemd[1]: Stopping ACPI event daemon...
Feb 15 08:22:38 ip-172-31-69-27 systemd[1]: Stopped target Cloud-init target.
Feb 15 08:22:38 ip-172-31-69-27 systemd[1]: Stopping Authenticate and Authorize Users to Run Privileged Tasks...
Feb 15 08:22:38 ip-172-31-69-27 systemd[1]: Stopping User Manager for UID 1000...
Feb 15 08:22:38 ip-172-31-69-27 systemd[1318]: Stopped target Default.
Feb 15 08:22:38 ip-172-31-69-27 systemd[1318]: Stopped target Basic System.
Feb 15 08:22:38 ip-172-31-69-27 systemd[1318]: Stopped target Paths.
Feb 15 08:22:38 ip-172-31-69-27 systemd[1318]: Stopped target Timers.
Feb 15 08:22:38 ip-172-31-69-27 systemd[1318]: Stopped target Sockets.
Feb 15 08:22:38 ip-172-31-69-27 systemd[1318]: Reached target Shutdown.
Feb 15 08:22:38 ip-172-31-69-27 systemd[1318]: Starting Exit the Session...
Feb 15 08:22:38 ip-172-31-69-27 systemd[1]: Stopped target Graphical Interface.
Feb 15 08:22:38 ip-172-31-69-27 systemd[1318]: Received SIGRTMIN+24 from PID 7079 (kill).
Feb 15 08:22:38 ip-172-31-69-27 systemd[1]: Stopping Accounts Service...
Feb 15 08:22:38 ip-172-31-69-27 systemd[1]: Closed Load/Save RF Kill Switch Status /dev/rfkill Watch.
Feb 15 08:22:38 ip-172-31-69-27 systemd[1]: Stopped target Timers.
Feb 15 08:22:38 ip-172-31-69-27 systemd[1]: Stopped Daily apt upgrade and clean activities.
Feb 15 08:22:38 ip-172-31-69-27 systemd[1]: Stopped Timer to automatically refresh installed snaps.
Feb 15 08:22:38 ip-172-31-69-27 systemd[1]: Stopped Daily apt download activities.
Feb 15 08:22:38 ip-172-31-69-27 systemd[1]: Stopped target System Time Synchronized.
Feb 15 08:22:38 ip-172-31-69-27 systemd[1]: Stopped Execute cloud user/final scripts.
Feb 15 08:22:38 ip-172-31-69-27 systemd[1]: Stopped Apply the settings specified in cloud-config.
Feb 15 08:22:38 ip-172-31-69-27 systemd[1]: Stopped target Cloud-config availability.
Feb 15 08:22:38 ip-172-31-69-27 kernel: [258686.503453] device eth0 left promiscuous mode
Feb 15 08:22:38 ip-172-31-69-27 systemd[1]: Stopping Session 1 of user ubuntu.
Feb 15 08:22:38 ip-172-31-69-27 systemd[1]: Stopping Session 61 of user ubuntu.
Feb 15 08:22:38 ip-172-31-69-27 systemd[1]: Stopped target Multi-User System.
Feb 15 08:22:38 ip-172-31-69-27 systemd[1]: Stopping Regular background program processing daemon...
Feb 15 08:22:38 ip-172-31-69-27 systemd[1]: Stopping LSB: MD monitoring daemon...
Feb 15 08:22:38 ip-172-31-69-27 systemd[1]: Stopping OpenBSD Secure Shell server...
Feb 15 08:22:38 ip-172-31-69-27 systemd[1]: Stopping LSB: Set the CPU Frequency Scaling governor to "ondemand"...
Feb 15 08:22:38 ip-172-31-69-27 systemd[1]: Stopping LSB: daemon to balance interrupts for SMP systems...
Feb 15 08:22:38 ip-172-31-69-27 systemd[1]: Stopping Deferred execution scheduler...
Feb 15 08:22:38 ip-172-31-69-27 systemd[1]: Stopping LXD - container startup/shutdown...
Feb 15 08:22:38 ip-172-31-69-27 systemd[1]: Stopping Unattended Upgrades Shutdown...
Feb 15 08:22:38 ip-172-31-69-27 systemd[1]: Stopping LSB: automatic crash report generation...
Feb 15 08:22:38 ip-172-31-69-27 systemd[1]: Stopped Initialize hardware monitoring sensors.
Feb 15 08:22:38 ip-172-31-69-27 systemd[1]: Stopping D-Bus System Message Bus...
Feb 15 08:22:38 ip-172-31-69-27 snapd[1173]: 2018/02/15 08:22:38.838251 main.go:78: Exiting on terminated signal.
Feb 15 08:22:38 ip-172-31-69-27 systemd[1]: Stopping Snappy daemon...
Feb 15 08:22:38 ip-172-31-69-27 systemd[1]: Stopped target Login Prompts.
Feb 15 08:22:38 ip-172-31-69-27 systemd[1]: Stopping Serial Getty on ttyS0...
Feb 15 08:22:38 ip-172-31-69-27 systemd[1]: Stopping Getty on tty1...
Feb 15 08:22:38 ip-172-31-69-27 systemd[1]: Stopping LSB: disk temperature monitoring daemon...
Feb 15 08:22:38 ip-172-31-69-27 systemd[1]: Stopping FUSE filesystem for LXC...
Feb 15 08:22:38 ip-172-31-69-27 systemd[1]: Stopping LSB: Record successful boot for GRUB...
Feb 15 08:22:38 ip-172-31-69-27 systemd[1]: Stopped Daily Cleanup of Temporary Directories.
Feb 15 06:25:01 ip-172-31-69-27 rsyslogd: message repeated 2 times: [ [origin software="rsyslogd" swVersion="8.16.0" x-pid="1154" x-info="http://www.rsyslog.com"] rsyslogd was HUPed]
Feb 15 08:22:38 ip-172-31-69-27 rsyslogd: [origin software="rsyslogd" swVersion="8.16.0" x-pid="1154" x-info="http://www.rsyslog.com"] exiting on signal 15.
Feb 15 08:23:13 ip-172-31-69-27 rsyslogd: [origin software="rsyslogd" swVersion="8.16.0" x-pid="1129" x-info="http://www.rsyslog.com"] start
Feb 15 08:23:13 ip-172-31-69-27 rsyslogd-2222: command 'KLogPermitNonKernelFacility' is currently not permitted - did you already set it via a RainerScript command (v6+ config)? [v8.16.0 try http://www.rsyslog.com/e/2222 ]
Feb 15 08:23:13 ip-172-31-69-27 rsyslogd: rsyslogd's groupid changed to 108
Feb 15 08:23:13 ip-172-31-69-27 rsyslogd: rsyslogd's userid changed to 104
Feb 15 08:23:13 ip-172-31-69-27 rsyslogd-2039: Could not open output pipe '/dev/xconsole':: No such file or directory [v8.16.0 try http://www.rsyslog.com/e/2039 ]
Feb 15 08:23:13 ip-172-31-69-27 rsyslogd-2007: action 'action 11' suspended, next retry is Thu Feb 15 08:23:43 2018 [v8.16.0 try http://www.rsyslog.com/e/2007 ]
Feb 15 08:23:13 ip-172-31-69-27 kernel: [    0.000000] Initializing cgroup subsys cpuset
Feb 15 08:23:13 ip-172-31-69-27 kernel: [    0.000000] Initializing cgroup subsys cpu
Feb 15 08:23:13 ip-172-31-69-27 kernel: [    0.000000] Initializing cgroup subsys cpuacct
Feb 15 08:23:13 ip-172-31-69-27 kernel: [    0.000000] Linux version 4.4.0-1049-aws (buildd@lcy01-amd64-001) (gcc version 5.4.0 20160609 (Ubuntu 5.4.0-6ubuntu1~16.04.5) ) #58-Ubuntu SMP Fri Jan 12 23:17:09 UTC 2018 (Ubuntu 4.4.0-1049.58-aws 4.4.98)
Feb 15 08:23:13 ip-172-31-69-27 kernel: [    0.000000] Command line: BOOT_IMAGE=/boot/vmlinuz-4.4.0-1049-aws root=UUID=ccee1a8d-0785-4b3a-a578-812d59f5d3e1 ro console=tty1 console=ttyS0 nvme.io_timeout=4294967295
Feb 15 08:23:13 ip-172-31-69-27 kernel: [    0.000000] KERNEL supported cpus:
Feb 15 08:23:13 ip-172-31-69-27 kernel: [    0.000000]   Intel GenuineIntel
Feb 15 08:23:13 ip-172-31-69-27 kernel: [    0.000000]   AMD AuthenticAMD
Feb 15 08:23:13 ip-172-31-69-27 kernel: [    0.000000]   Centaur CentaurHauls
Feb 15 08:23:13 ip-172-31-69-27 kernel: [    0.000000] x86/fpu: xstate_offset[2]:  576, xstate_sizes[2]:  256
Feb 15 08:23:13 ip-172-31-69-27 kernel: [    0.000000] x86/fpu: Supporting XSAVE feature 0x01: 'x87 floating point registers'
Feb 15 08:23:13 ip-172-31-69-27 kernel: [    0.000000] x86/fpu: Supporting XSAVE feature 0x02: 'SSE registers'
Feb 15 08:23:13 ip-172-31-69-27 kernel: [    0.000000] x86/fpu: Supporting XSAVE feature 0x04: 'AVX registers'
Feb 15 08:23:13 ip-172-31-69-27 kernel: [    0.000000] x86/fpu: Enabled xstate features 0x7, context size is 832 bytes, using 'standard' format.
Feb 15 08:23:13 ip-172-31-69-27 kernel: [    0.000000] x86/fpu: Using 'eager' FPU context switches.
Feb 15 08:23:13 ip-172-31-69-27 kernel: [    0.000000] e820: BIOS-provided physical RAM map:
Feb 15 08:23:13 ip-172-31-69-27 kernel: [    0.000000] BIOS-e820: [mem 0x0000000000000000-0x000000000009dfff] usable
Feb 15 08:23:13 ip-172-31-69-27 kernel: [    0.000000] BIOS-e820: [mem 0x000000000009e000-0x000000000009ffff] reserved
Feb 15 08:23:13 ip-172-31-69-27 kernel: [    0.000000] BIOS-e820: [mem 0x00000000000e0000-0x00000000000fffff] reserved
Feb 15 08:23:13 ip-172-31-69-27 kernel: [    0.000000] BIOS-e820: [mem 0x0000000000100000-0x000000003fffffff] usable
Feb 15 08:23:13 ip-172-31-69-27 kernel: [    0.000000] BIOS-e820: [mem 0x00000000fc000000-0x00000000ffffffff] reserved
Feb 15 08:23:13 ip-172-31-69-27 kernel: [    0.000000] NX (Execute Disable) protection: active
Feb 15 08:23:13 ip-172-31-69-27 kernel: [    0.000000] SMBIOS 2.7 present.
Feb 15 08:23:13 ip-172-31-69-27 kernel: [    0.000000] DMI: Xen HVM domU, BIOS 4.2.amazon 08/24/2006
Feb 15 08:23:13 ip-172-31-69-27 kernel: [    0.000000] Hypervisor detected: Xen
Feb 15 08:23:13 ip-172-31-69-27 kernel: [    0.000000] Xen version 4.2.
Feb 15 08:23:13 ip-172-31-69-27 kernel: [    0.000000] Xen Platform PCI: I/O protocol version 1
Feb 15 08:23:13 ip-172-31-69-27 kernel: [    0.000000] Netfront and the Xen platform PCI driver have been compiled for this kernel: unplug emulated NICs.
Feb 15 08:23:13 ip-172-31-69-27 kernel: [    0.000000] Blkfront and the Xen platform PCI driver have been compiled for this kernel: unplug emulated disks.
Feb 15 08:23:13 ip-172-31-69-27 kernel: [    0.000000] You might have to change the root device
Feb 15 08:23:13 ip-172-31-69-27 kernel: [    0.000000] from /dev/hd[a-d] to /dev/xvd[a-d]
Feb 15 08:23:13 ip-172-31-69-27 kernel: [    0.000000] in your root= kernel command line option
Feb 15 08:23:13 ip-172-31-69-27 kernel: [    0.000000] HVMOP_pagetable_dying not supported
Feb 15 08:23:13 ip-172-31-69-27 kernel: [    0.000000] e820: update [mem 0x00000000-0x00000fff] usable ==> reserved
Feb 15 08:23:13 ip-172-31-69-27 kernel: [    0.000000] e820: remove [mem 0x000a0000-0x000fffff] usable
Feb 15 08:23:13 ip-172-31-69-27 kernel: [    0.000000] e820: last_pfn = 0x40000 max_arch_pfn = 0x400000000
Feb 15 08:23:13 ip-172-31-69-27 kernel: [    0.000000] MTRR default type: write-back
Feb 15 08:23:13 ip-172-31-69-27 kernel: [    0.000000] MTRR fixed ranges enabled:
Feb 15 08:23:13 ip-172-31-69-27 kernel: [    0.000000]   00000-9FFFF write-back
Feb 15 08:23:13 ip-172-31-69-27 kernel: [    0.000000]   A0000-BFFFF write-combining
Feb 15 08:23:13 ip-172-31-69-27 kernel: [    0.000000]   C0000-FFFFF write-back
Feb 15 08:23:13 ip-172-31-69-27 kernel: [    0.000000] MTRR variable ranges enabled:
Feb 15 08:23:13 ip-172-31-69-27 kernel: [    0.000000]   0 base 0000F0000000 mask 3FFFF8000000 uncachable
Feb 15 08:23:13 ip-172-31-69-27 kernel: [    0.000000]   1 base 0000F8000000 mask 3FFFFC000000 uncachable
Feb 15 08:23:13 ip-172-31-69-27 kernel: [    0.000000]   2 disabled
Feb 15 08:23:13 ip-172-31-69-27 kernel: [    0.000000]   3 disabled
Feb 15 08:23:13 ip-172-31-69-27 kernel: [    0.000000]   4 disabled
Feb 15 08:23:13 ip-172-31-69-27 kernel: [    0.000000]   5 disabled
Feb 15 08:23:13 ip-172-31-69-27 kernel: [    0.000000]   6 disabled
Feb 15 08:23:13 ip-172-31-69-27 kernel: [    0.000000]   7 disabled
Feb 15 08:23:13 ip-172-31-69-27 kernel: [    0.000000] x86/PAT: Configuration [0-7]: WB  WC  UC- UC  WB  WC  UC- WT  
Feb 15 08:23:13 ip-172-31-69-27 kernel: [    0.000000] found SMP MP-table at [mem 0x000fbc20-0x000fbc2f] mapped at [ffff8800000fbc20]
Feb 15 08:23:13 ip-172-31-69-27 kernel: [    0.000000] Scanning 1 areas for low memory corruption
Feb 15 08:23:13 ip-172-31-69-27 kernel: [    0.000000] Base memory trampoline at [ffff880000098000] 98000 size 24576
Feb 15 08:23:13 ip-172-31-69-27 kernel: [    0.000000] BRK [0x02201000, 0x02201fff] PGTABLE
Feb 15 08:23:13 ip-172-31-69-27 kernel: [    0.000000] BRK [0x02202000, 0x02202fff] PGTABLE
Feb 15 08:23:13 ip-172-31-69-27 kernel: [    0.000000] BRK [0x02203000, 0x02203fff] PGTABLE
Feb 15 08:23:13 ip-172-31-69-27 kernel: [    0.000000] RAMDISK: [mem 0x367e6000-0x373eafff]
Feb 15 08:23:13 ip-172-31-69-27 kernel: [    0.000000] ACPI: Early table checksum verification disabled
Feb 15 08:23:13 ip-172-31-69-27 kernel: [    0.000000] ACPI: RSDP 0x00000000000EA020 000024 (v02 Xen   )
Feb 15 08:23:13 ip-172-31-69-27 kernel: [    0.000000] ACPI: XSDT 0x00000000FC00DDC0 000054 (v01 Xen    HVM      00000000 HVML 00000000)
Feb 15 08:23:13 ip-172-31-69-27 kernel: [    0.000000] ACPI: FACP 0x00000000FC00DA80 0000F4 (v04 Xen    HVM      00000000 HVML 00000000)
Feb 15 08:23:13 ip-172-31-69-27 kernel: [    0.000000] ACPI: DSDT 0x00000000FC001CE0 00BD19 (v02 Xen    HVM      00000000 INTL 20090123)
Feb 15 08:23:13 ip-172-31-69-27 kernel: [    0.000000] ACPI: FACS 0x00000000FC001CA0 000040
Feb 15 08:23:13 ip-172-31-69-27 kernel: [    0.000000] ACPI: FACS 0x00000000FC001CA0 000040
Feb 15 08:23:13 ip-172-31-69-27 kernel: [    0.000000] ACPI: APIC 0x00000000FC00DB80 0000D8 (v02 Xen    HVM      00000000 HVML 00000000)
Feb 15 08:23:13 ip-172-31-69-27 kernel: [    0.000000] ACPI: HPET 0x00000000FC00DCD0 000038 (v01 Xen    HVM      00000000 HVML 00000000)
Feb 15 08:23:13 ip-172-31-69-27 kernel: [    0.000000] ACPI: WAET 0x00000000FC00DD10 000028 (v01 Xen    HVM      00000000 HVML 00000000)
Feb 15 08:23:13 ip-172-31-69-27 kernel: [    0.000000] ACPI: SSDT 0x00000000FC00DD40 000031 (v02 Xen    HVM      00000000 INTL 20090123)
Feb 15 08:23:13 ip-172-31-69-27 kernel: [    0.000000] ACPI: SSDT 0x00000000FC00DD80 000031 (v02 Xen    HVM      00000000 INTL 20090123)
Feb 15 08:23:13 ip-172-31-69-27 kernel: [    0.000000] ACPI: Local APIC address 0xfee00000
Feb 15 08:23:13 ip-172-31-69-27 kernel: [    0.000000] No NUMA configuration found
Feb 15 08:23:13 ip-172-31-69-27 kernel: [    0.000000] Faking a node at [mem 0x0000000000000000-0x000000003fffffff]
Feb 15 08:23:13 ip-172-31-69-27 kernel: [    0.000000] NODE_DATA(0) allocated [mem 0x3fffb000-0x3fffffff]
Feb 15 08:23:13 ip-172-31-69-27 kernel: [    0.000000] Zone ranges:
Feb 15 08:23:13 ip-172-31-69-27 kernel: [    0.000000]   DMA      [mem 0x0000000000001000-0x0000000000ffffff]
Feb 15 08:23:13 ip-172-31-69-27 kernel: [    0.000000]   DMA32    [mem 0x0000000001000000-0x000000003fffffff]
Feb 15 08:23:13 ip-172-31-69-27 kernel: [    0.000000]   Normal   empty
Feb 15 08:23:13 ip-172-31-69-27 kernel: [    0.000000]   Device   empty
Feb 15 08:23:13 ip-172-31-69-27 kernel: [    0.000000] Movable zone start for each node
Feb 15 08:23:13 ip-172-31-69-27 kernel: [    0.000000] Early memory node ranges
Feb 15 08:23:13 ip-172-31-69-27 kernel: [    0.000000]   node   0: [mem 0x0000000000001000-0x000000000009dfff]
Feb 15 08:23:13 ip-172-31-69-27 kernel: [    0.000000]   node   0: [mem 0x0000000000100000-0x000000003fffffff]
Feb 15 08:23:13 ip-172-31-69-27 kernel: [    0.000000] Initmem setup node 0 [mem 0x0000000000001000-0x000000003fffffff]
Feb 15 08:23:13 ip-172-31-69-27 kernel: [    0.000000] On node 0 totalpages: 262045
Feb 15 08:23:13 ip-172-31-69-27 kernel: [    0.000000]   DMA zone: 64 pages used for memmap
Feb 15 08:23:13 ip-172-31-69-27 kernel: [    0.000000]   DMA zone: 21 pages reserved
Feb 15 08:23:13 ip-172-31-69-27 kernel: [    0.000000]   DMA zone: 3997 pages, LIFO batch:0
Feb 15 08:23:13 ip-172-31-69-27 kernel: [    0.000000]   DMA32 zone: 4032 pages used for memmap
Feb 15 08:23:13 ip-172-31-69-27 kernel: [    0.000000]   DMA32 zone: 258048 pages, LIFO batch:31
Feb 15 08:23:13 ip-172-31-69-27 kernel: [    0.000000] ACPI: PM-Timer IO Port: 0xb008
Feb 15 08:23:13 ip-172-31-69-27 kernel: [    0.000000] ACPI: Local APIC address 0xfee00000
Feb 15 08:23:13 ip-172-31-69-27 kernel: [    0.000000] IOAPIC[0]: apic_id 1, version 17, address 0xfec00000, GSI 0-47
Feb 15 08:23:13 ip-172-31-69-27 kernel: [    0.000000] ACPI: INT_SRC_OVR (bus 0 bus_irq 0 global_irq 2 dfl dfl)
Feb 15 08:23:13 ip-172-31-69-27 kernel: [    0.000000] ACPI: INT_SRC_OVR (bus 0 bus_irq 5 global_irq 5 low level)
Feb 15 08:23:13 ip-172-31-69-27 kernel: [    0.000000] ACPI: INT_SRC_OVR (bus 0 bus_irq 10 global_irq 10 low level)
Feb 15 08:23:13 ip-172-31-69-27 kernel: [    0.000000] ACPI: INT_SRC_OVR (bus 0 bus_irq 11 global_irq 11 low level)
Feb 15 08:23:13 ip-172-31-69-27 kernel: [    0.000000] ACPI: IRQ0 used by override.
Feb 15 08:23:13 ip-172-31-69-27 kernel: [    0.000000] ACPI: IRQ5 used by override.
Feb 15 08:23:13 ip-172-31-69-27 kernel: [    0.000000] ACPI: IRQ9 used by override.
Feb 15 08:23:13 ip-172-31-69-27 kernel: [    0.000000] ACPI: IRQ10 used by override.
Feb 15 08:23:13 ip-172-31-69-27 kernel: [    0.000000] ACPI: IRQ11 used by override.
Feb 15 08:23:13 ip-172-31-69-27 kernel: [    0.000000] Using ACPI (MADT) for SMP configuration information
Feb 15 08:23:13 ip-172-31-69-27 kernel: [    0.000000] ACPI: HPET id: 0x8086a201 base: 0xfed00000
Feb 15 08:23:13 ip-172-31-69-27 kernel: [    0.000000] smpboot: Allowing 15 CPUs, 14 hotplug CPUs
Feb 15 08:23:13 ip-172-31-69-27 kernel: [    0.000000] PM: Registered nosave memory: [mem 0x00000000-0x00000fff]
Feb 15 08:23:13 ip-172-31-69-27 kernel: [    0.000000] PM: Registered nosave memory: [mem 0x0009e000-0x0009ffff]
Feb 15 08:23:13 ip-172-31-69-27 kernel: [    0.000000] PM: Registered nosave memory: [mem 0x000a0000-0x000dffff]
Feb 15 08:23:13 ip-172-31-69-27 kernel: [    0.000000] PM: Registered nosave memory: [mem 0x000e0000-0x000fffff]
Feb 15 08:23:13 ip-172-31-69-27 kernel: [    0.000000] e820: [mem 0x40000000-0xfbffffff] available for PCI devices
Feb 15 08:23:13 ip-172-31-69-27 kernel: [    0.000000] Booting paravirtualized kernel on Xen HVM
Feb 15 08:23:13 ip-172-31-69-27 kernel: [    0.000000] clocksource: refined-jiffies: mask: 0xffffffff max_cycles: 0xffffffff, max_idle_ns: 7645519600211568 ns
Feb 15 08:23:13 ip-172-31-69-27 kernel: [    0.000000] setup_percpu: NR_CPUS:256 nr_cpumask_bits:256 nr_cpu_ids:15 nr_node_ids:1
Feb 15 08:23:13 ip-172-31-69-27 kernel: [    0.000000] PERCPU: Embedded 34 pages/cpu @ffff88003e200000 s99160 r8192 d31912 u262144
Feb 15 08:23:13 ip-172-31-69-27 kernel: [    0.000000] pcpu-alloc: s99160 r8192 d31912 u262144 alloc=1*2097152
Feb 15 08:23:13 ip-172-31-69-27 kernel: [    0.000000] pcpu-alloc: [0] 00 01 02 03 04 05 06 07 [0] 08 09 10 11 12 13 14 -- 
Feb 15 08:23:13 ip-172-31-69-27 kernel: [    0.000000] xen: PV spinlocks enabled
Feb 15 08:23:13 ip-172-31-69-27 kernel: [    0.000000] PV qspinlock hash table entries: 256 (order: 0, 4096 bytes)
Feb 15 08:23:13 ip-172-31-69-27 kernel: [    0.000000] Built 1 zonelists in Node order, mobility grouping on.  Total pages: 257928
Feb 15 08:23:13 ip-172-31-69-27 kernel: [    0.000000] Policy zone: DMA32
Feb 15 08:23:13 ip-172-31-69-27 kernel: [    0.000000] Kernel command line: BOOT_IMAGE=/boot/vmlinuz-4.4.0-1049-aws root=UUID=ccee1a8d-0785-4b3a-a578-812d59f5d3e1 ro console=tty1 console=ttyS0 nvme.io_timeout=4294967295
Feb 15 08:23:13 ip-172-31-69-27 kernel: [    0.000000] PID hash table entries: 4096 (order: 3, 32768 bytes)
Feb 15 08:23:13 ip-172-31-69-27 kernel: [    0.000000] Calgary: detecting Calgary via BIOS EBDA area
Feb 15 08:23:13 ip-172-31-69-27 kernel: [    0.000000] Calgary: Unable to locate Rio Grande table in EBDA - bailing!
Feb 15 08:23:13 ip-172-31-69-27 kernel: [    0.000000] Memory: 998628K/1048180K available (8320K kernel code, 1276K rwdata, 3872K rodata, 1484K init, 1288K bss, 49552K reserved, 0K cma-reserved)
Feb 15 08:23:13 ip-172-31-69-27 kernel: [    0.000000] SLUB: HWalign=64, Order=0-3, MinObjects=0, CPUs=15, Nodes=1
Feb 15 08:23:13 ip-172-31-69-27 kernel: [    0.000000] Kernel/User page tables isolation: enabled
Feb 15 08:23:13 ip-172-31-69-27 kernel: [    0.000000] Hierarchical RCU implementation.
Feb 15 08:23:13 ip-172-31-69-27 kernel: [    0.000000] 	Build-time adjustment of leaf fanout to 64.
Feb 15 08:23:13 ip-172-31-69-27 kernel: [    0.000000] 	RCU restricting CPUs from NR_CPUS=256 to nr_cpu_ids=15.
Feb 15 08:23:13 ip-172-31-69-27 kernel: [    0.000000] RCU: Adjusting geometry for rcu_fanout_leaf=64, nr_cpu_ids=15
Feb 15 08:23:13 ip-172-31-69-27 kernel: [    0.000000] NR_IRQS:16640 nr_irqs:952 16
Feb 15 08:23:13 ip-172-31-69-27 kernel: [    0.000000] xen:events: Using 2-level ABI
Feb 15 08:23:13 ip-172-31-69-27 kernel: [    0.000000] xen:events: Xen HVM callback vector for event delivery is enabled
Feb 15 08:23:13 ip-172-31-69-27 kernel: [    0.000000] Console: colour VGA+ 80x25
Feb 15 08:23:13 ip-172-31-69-27 kernel: [    0.000000] console [tty1] enabled
Feb 15 08:23:13 ip-172-31-69-27 kernel: [    0.000000] Cannot get hvm parameter CONSOLE_EVTCHN (18): -22!
Feb 15 08:23:13 ip-172-31-69-27 kernel: [    0.000000] console [ttyS0] enabled
Feb 15 08:23:13 ip-172-31-69-27 kernel: [    0.000000] clocksource: hpet: mask: 0xffffffff max_cycles: 0xffffffff, max_idle_ns: 30580167144 ns
Feb 15 08:23:13 ip-172-31-69-27 kernel: [    0.000000] hpet clockevent registered
Feb 15 08:23:13 ip-172-31-69-27 kernel: [    0.000000] tsc: Detected 2400.064 MHz processor
Feb 15 08:23:13 ip-172-31-69-27 kernel: [    0.012000] Calibrating delay loop (skipped), value calculated using timer frequency.. 4800.12 BogoMIPS (lpj=9600256)
Feb 15 08:23:13 ip-172-31-69-27 kernel: [    0.016004] pid_max: default: 32768 minimum: 301
Feb 15 08:23:13 ip-172-31-69-27 kernel: [    0.019069] ACPI: Core revision 20150930
Feb 15 08:23:13 ip-172-31-69-27 kernel: [    0.028421] ACPI: 3 ACPI AML tables successfully acquired and loaded
Feb 15 08:23:13 ip-172-31-69-27 kernel: [    0.032745] Security Framework initialized
Feb 15 08:23:13 ip-172-31-69-27 kernel: [    0.036004] Yama: becoming mindful.
Feb 15 08:23:13 ip-172-31-69-27 kernel: [    0.038592] AppArmor: AppArmor initialized
Feb 15 08:23:13 ip-172-31-69-27 kernel: [    0.040091] Dentry cache hash table entries: 131072 (order: 8, 1048576 bytes)
Feb 15 08:23:13 ip-172-31-69-27 kernel: [    0.044177] Inode-cache hash table entries: 65536 (order: 7, 524288 bytes)
Feb 15 08:23:13 ip-172-31-69-27 kernel: [    0.048086] Mount-cache hash table entries: 2048 (order: 2, 16384 bytes)
Feb 15 08:23:13 ip-172-31-69-27 kernel: [    0.052005] Mountpoint-cache hash table entries: 2048 (order: 2, 16384 bytes)
Feb 15 08:23:13 ip-172-31-69-27 kernel: [    0.056187] Initializing cgroup subsys io
Feb 15 08:23:13 ip-172-31-69-27 kernel: [    0.060008] Initializing cgroup subsys memory
Feb 15 08:23:13 ip-172-31-69-27 kernel: [    0.064013] Initializing cgroup subsys devices
Feb 15 08:23:13 ip-172-31-69-27 kernel: [    0.067210] Initializing cgroup subsys freezer
Feb 15 08:23:13 ip-172-31-69-27 kernel: [    0.068004] Initializing cgroup subsys net_cls
Feb 15 08:23:13 ip-172-31-69-27 kernel: [    0.072008] Initializing cgroup subsys perf_event
Feb 15 08:23:13 ip-172-31-69-27 kernel: [    0.076009] Initializing cgroup subsys net_prio
Feb 15 08:23:13 ip-172-31-69-27 kernel: [    0.080012] Initializing cgroup subsys hugetlb
Feb 15 08:23:13 ip-172-31-69-27 kernel: [    0.082603] Initializing cgroup subsys pids
Feb 15 08:23:13 ip-172-31-69-27 kernel: [    0.084068] CPU: Physical Processor ID: 0
Feb 15 08:23:13 ip-172-31-69-27 kernel: [    0.086584] FEATURE SPEC_CTRL Not Present
Feb 15 08:23:13 ip-172-31-69-27 kernel: [    0.088721] mce: CPU supports 2 MCE banks
Feb 15 08:23:13 ip-172-31-69-27 kernel: [    0.092022] Last level iTLB entries: 4KB 1024, 2MB 1024, 4MB 1024
Feb 15 08:23:13 ip-172-31-69-27 kernel: [    0.096004] Last level dTLB entries: 4KB 1024, 2MB 1024, 4MB 1024, 1GB 4
Feb 15 08:23:13 ip-172-31-69-27 kernel: [    0.118089] ftrace: allocating 31285 entries in 123 pages
Feb 15 08:23:13 ip-172-31-69-27 kernel: [    0.148092] smpboot: APIC(0) Converting physical 0 to logical package 0
Feb 15 08:23:13 ip-172-31-69-27 kernel: [    0.152006] smpboot: Max logical packages: 15
Feb 15 08:23:13 ip-172-31-69-27 kernel: [    0.160408] x2apic: IRQ remapping doesn't support X2APIC mode
Feb 15 08:23:13 ip-172-31-69-27 kernel: [    0.168003] Switched APIC routing to physical flat.
Feb 15 08:23:13 ip-172-31-69-27 kernel: [    0.174065] ..TIMER: vector=0x30 apic1=0 pin1=2 apic2=0 pin2=0
Feb 15 08:23:13 ip-172-31-69-27 kernel: [    0.180003] clocksource: xen: mask: 0xffffffffffffffff max_cycles: 0x1cd42e4dffb, max_idle_ns: 881590591483 ns
Feb 15 08:23:13 ip-172-31-69-27 kernel: [    0.188008] Xen: using vcpuop timer interface
Feb 15 08:23:13 ip-172-31-69-27 kernel: [    0.188015] installing Xen timer for CPU 0
Feb 15 08:23:13 ip-172-31-69-27 kernel: [    0.192068] smpboot: CPU0: Intel(R) Xeon(R) CPU E5-2676 v3 @ 2.40GHz (family: 0x6, model: 0x3f, stepping: 0x2)
Feb 15 08:23:13 ip-172-31-69-27 kernel: [    0.200032] cpu 0 spinlock event irq 53
Feb 15 08:23:13 ip-172-31-69-27 kernel: [    0.203546] Performance Events: unsupported p6 CPU model 63 no PMU driver, software events only.
Feb 15 08:23:13 ip-172-31-69-27 kernel: [    0.208810] x86: Booted up 1 node, 1 CPUs
Feb 15 08:23:13 ip-172-31-69-27 kernel: [    0.212007] smpboot: Total of 1 processors activated (4800.12 BogoMIPS)
Feb 15 08:23:13 ip-172-31-69-27 kernel: [    0.216016] NMI watchdog: disabled (cpu0): hardware events not enabled
Feb 15 08:23:13 ip-172-31-69-27 kernel: [    0.220009] NMI watchdog: Shutting down hard lockup detector on all cpus
Feb 15 08:23:13 ip-172-31-69-27 kernel: [    0.224371] devtmpfs: initialized
Feb 15 08:23:13 ip-172-31-69-27 kernel: [    0.229400] evm: security.selinux
Feb 15 08:23:13 ip-172-31-69-27 kernel: [    0.232007] evm: security.SMACK64
Feb 15 08:23:13 ip-172-31-69-27 kernel: [    0.236004] evm: security.SMACK64EXEC
Feb 15 08:23:13 ip-172-31-69-27 kernel: [    0.240005] evm: security.SMACK64TRANSMUTE
Feb 15 08:23:13 ip-172-31-69-27 kernel: [    0.244004] evm: security.SMACK64MMAP
Feb 15 08:23:13 ip-172-31-69-27 kernel: [    0.248006] evm: security.ima
Feb 15 08:23:13 ip-172-31-69-27 kernel: [    0.251725] evm: security.capability
Feb 15 08:23:13 ip-172-31-69-27 kernel: [    0.252174] clocksource: jiffies: mask: 0xffffffff max_cycles: 0xffffffff, max_idle_ns: 7645041785100000 ns
Feb 15 08:23:13 ip-172-31-69-27 kernel: [    0.256046] futex hash table entries: 4096 (order: 6, 262144 bytes)
Feb 15 08:23:13 ip-172-31-69-27 kernel: [    0.260266] RTC time: 12:23:04, date: 02/15/18
Feb 15 08:23:13 ip-172-31-69-27 kernel: [    0.264141] NET: Registered protocol family 16
Feb 15 08:23:13 ip-172-31-69-27 kernel: [    0.268168] cpuidle: using governor ladder
Feb 15 08:23:13 ip-172-31-69-27 kernel: [    0.272018] cpuidle: using governor menu
Feb 15 08:23:13 ip-172-31-69-27 kernel: [    0.276008] PCCT header not found.
Feb 15 08:23:13 ip-172-31-69-27 kernel: [    0.280095] ACPI: bus type PCI registered
Feb 15 08:23:13 ip-172-31-69-27 kernel: [    0.284007] acpiphp: ACPI Hot Plug PCI Controller Driver version: 0.5
Feb 15 08:23:13 ip-172-31-69-27 kernel: [    0.288588] PCI: Using configuration type 1 for base access
Feb 15 08:23:13 ip-172-31-69-27 kernel: [    0.293042] ACPI: Added _OSI(Module Device)
Feb 15 08:23:13 ip-172-31-69-27 kernel: [    0.296006] ACPI: Added _OSI(Processor Device)
Feb 15 08:23:13 ip-172-31-69-27 kernel: [    0.300000] ACPI: Added _OSI(3.0 _SCP Extensions)
Feb 15 08:23:13 ip-172-31-69-27 kernel: [    0.300005] ACPI: Added _OSI(Processor Aggregator Device)
Feb 15 08:23:13 ip-172-31-69-27 kernel: [    0.305015] xen: --> pirq=16 -> irq=9 (gsi=9)
Feb 15 08:23:13 ip-172-31-69-27 kernel: [    0.307433] ACPI: Interpreter enabled
Feb 15 08:23:13 ip-172-31-69-27 kernel: [    0.308014] ACPI: (supports S0 S4 S5)
Feb 15 08:23:13 ip-172-31-69-27 kernel: [    0.312005] ACPI: Using IOAPIC for interrupt routing
Feb 15 08:23:13 ip-172-31-69-27 kernel: [    0.316035] PCI: Using host bridge windows from ACPI; if necessary, use "pci=nocrs" and report a bug
Feb 15 08:23:13 ip-172-31-69-27 kernel: [    0.384324] ACPI: PCI Root Bridge [PCI0] (domain 0000 [bus 00-ff])
Feb 15 08:23:13 ip-172-31-69-27 kernel: [    0.388014] acpi PNP0A03:00: _OSC: OS supports [ASPM ClockPM Segments MSI]
Feb 15 08:23:13 ip-172-31-69-27 kernel: [    0.392018] acpi PNP0A03:00: _OSC failed (AE_NOT_FOUND); disabling ASPM
Feb 15 08:23:13 ip-172-31-69-27 kernel: [    0.396020] acpi PNP0A03:00: fail to add MMCONFIG information, can't access extended PCI configuration space under this bridge.
Feb 15 08:23:13 ip-172-31-69-27 kernel: [    0.400988] acpiphp: Slot [0] registered
Feb 15 08:23:13 ip-172-31-69-27 kernel: [    0.405513] acpiphp: Slot [3] registered
Feb 15 08:23:13 ip-172-31-69-27 kernel: [    0.408497] acpiphp: Slot [4] registered
Feb 15 08:23:13 ip-172-31-69-27 kernel: [    0.412838] acpiphp: Slot [5] registered
Feb 15 08:23:13 ip-172-31-69-27 kernel: [    0.416457] acpiphp: Slot [6] registered
Feb 15 08:23:13 ip-172-31-69-27 kernel: [    0.421973] acpiphp: Slot [7] registered
Feb 15 08:23:13 ip-172-31-69-27 kernel: [    0.424306] acpiphp: Slot [8] registered
Feb 15 08:23:13 ip-172-31-69-27 kernel: [    0.427564] acpiphp: Slot [9] registered
Feb 15 08:23:13 ip-172-31-69-27 kernel: [    0.428383] acpiphp: Slot [10] registered
Feb 15 08:23:13 ip-172-31-69-27 kernel: [    0.432381] acpiphp: Slot [11] registered
Feb 15 08:23:13 ip-172-31-69-27 kernel: [    0.436248] acpiphp: Slot [12] registered
Feb 15 08:23:13 ip-172-31-69-27 kernel: [    0.440504] acpiphp: Slot [13] registered
Feb 15 08:23:13 ip-172-31-69-27 kernel: [    0.444395] acpiphp: Slot [14] registered
Feb 15 08:23:13 ip-172-31-69-27 kernel: [    0.448321] acpiphp: Slot [15] registered
Feb 15 08:23:13 ip-172-31-69-27 kernel: [    0.452352] acpiphp: Slot [16] registered
Feb 15 08:23:13 ip-172-31-69-27 kernel: [    0.456411] acpiphp: Slot [17] registered
Feb 15 08:23:13 ip-172-31-69-27 kernel: [    0.460394] acpiphp: Slot [18] registered
Feb 15 08:23:13 ip-172-31-69-27 kernel: [    0.464380] acpiphp: Slot [19] registered
Feb 15 08:23:13 ip-172-31-69-27 kernel: [    0.468395] acpiphp: Slot [20] registered
Feb 15 08:23:13 ip-172-31-69-27 kernel: [    0.472402] acpiphp: Slot [21] registered
Feb 15 08:23:13 ip-172-31-69-27 kernel: [    0.476330] acpiphp: Slot [22] registered
Feb 15 08:23:13 ip-172-31-69-27 kernel: [    0.480439] acpiphp: Slot [23] registered
Feb 15 08:23:13 ip-172-31-69-27 kernel: [    0.484368] acpiphp: Slot [24] registered
Feb 15 08:23:13 ip-172-31-69-27 kernel: [    0.488385] acpiphp: Slot [25] registered
Feb 15 08:23:13 ip-172-31-69-27 kernel: [    0.492414] acpiphp: Slot [26] registered
Feb 15 08:23:13 ip-172-31-69-27 kernel: [    0.496369] acpiphp: Slot [27] registered
Feb 15 08:23:13 ip-172-31-69-27 kernel: [    0.500368] acpiphp: Slot [28] registered
Feb 15 08:23:13 ip-172-31-69-27 kernel: [    0.504318] acpiphp: Slot [29] registered
Feb 15 08:23:13 ip-172-31-69-27 kernel: [    0.508382] acpiphp: Slot [30] registered
Feb 15 08:23:13 ip-172-31-69-27 kernel: [    0.512295] acpiphp: Slot [31] registered
Feb 15 08:23:13 ip-172-31-69-27 kernel: [    0.516244] PCI host bridge to bus 0000:00
Feb 15 08:23:13 ip-172-31-69-27 kernel: [    0.519986] pci_bus 0000:00: root bus resource [io  0x0000-0x0cf7 window]
Feb 15 08:23:13 ip-172-31-69-27 kernel: [    0.520007] pci_bus 0000:00: root bus resource [io  0x0d00-0xffff window]
Feb 15 08:23:13 ip-172-31-69-27 kernel: [    0.524004] pci_bus 0000:00: root bus resource [mem 0x000a0000-0x000bffff window]
Feb 15 08:23:13 ip-172-31-69-27 kernel: [    0.528007] pci_bus 0000:00: root bus resource [mem 0xf0000000-0xfbffffff window]
Feb 15 08:23:13 ip-172-31-69-27 kernel: [    0.532005] pci_bus 0000:00: root bus resource [bus 00-ff]
Feb 15 08:23:13 ip-172-31-69-27 kernel: [    0.536160] pci 0000:00:00.0: [8086:1237] type 00 class 0x060000
Feb 15 08:23:13 ip-172-31-69-27 kernel: [    0.537982] pci 0000:00:01.0: [8086:7000] type 00 class 0x060100
Feb 15 08:23:13 ip-172-31-69-27 kernel: [    0.540551] pci 0000:00:01.1: [8086:7010] type 00 class 0x010180
Feb 15 08:23:13 ip-172-31-69-27 kernel: [    0.542084] pci 0000:00:01.1: reg 0x20: [io  0xc100-0xc10f]
Feb 15 08:23:13 ip-172-31-69-27 kernel: [    0.542708] pci 0000:00:01.1: legacy IDE quirk: reg 0x10: [io  0x01f0-0x01f7]
Feb 15 08:23:13 ip-172-31-69-27 kernel: [    0.544007] pci 0000:00:01.1: legacy IDE quirk: reg 0x14: [io  0x03f6]
Feb 15 08:23:13 ip-172-31-69-27 kernel: [    0.548004] pci 0000:00:01.1: legacy IDE quirk: reg 0x18: [io  0x0170-0x0177]
Feb 15 08:23:13 ip-172-31-69-27 kernel: [    0.552009] pci 0000:00:01.1: legacy IDE quirk: reg 0x1c: [io  0x0376]
Feb 15 08:23:13 ip-172-31-69-27 kernel: [    0.556843] pci 0000:00:01.3: [8086:7113] type 00 class 0x068000
Feb 15 08:23:13 ip-172-31-69-27 kernel: [    0.556998] * Found PM-Timer Bug on the chipset. Due to workarounds for a bug,
Feb 15 08:23:13 ip-172-31-69-27 kernel: [    0.556998] * this clock source is slow. Consider trying other clock sources
Feb 15 08:23:13 ip-172-31-69-27 kernel: [    0.562121] pci 0000:00:01.3: quirk: [io  0xb000-0xb03f] claimed by PIIX4 ACPI
Feb 15 08:23:13 ip-172-31-69-27 kernel: [    0.565328] pci 0000:00:02.0: [1013:00b8] type 00 class 0x030000
Feb 15 08:23:13 ip-172-31-69-27 kernel: [    0.565940] pci 0000:00:02.0: reg 0x10: [mem 0xf0000000-0xf1ffffff pref]
Feb 15 08:23:13 ip-172-31-69-27 kernel: [    0.566325] pci 0000:00:02.0: reg 0x14: [mem 0xf3000000-0xf3000fff]
Feb 15 08:23:13 ip-172-31-69-27 kernel: [    0.569074] pci 0000:00:03.0: [5853:0001] type 00 class 0xff8000
Feb 15 08:23:13 ip-172-31-69-27 kernel: [    0.569904] pci 0000:00:03.0: reg 0x10: [io  0xc000-0xc0ff]
Feb 15 08:23:13 ip-172-31-69-27 kernel: [    0.570273] pci 0000:00:03.0: reg 0x14: [mem 0xf2000000-0xf2ffffff pref]
Feb 15 08:23:13 ip-172-31-69-27 kernel: [    0.575285] ACPI: PCI Interrupt Link [LNKA] (IRQs *5 10 11)
Feb 15 08:23:13 ip-172-31-69-27 kernel: [    0.580315] ACPI: PCI Interrupt Link [LNKB] (IRQs 5 *10 11)
Feb 15 08:23:13 ip-172-31-69-27 kernel: [    0.588268] ACPI: PCI Interrupt Link [LNKC] (IRQs 5 10 *11)
Feb 15 08:23:13 ip-172-31-69-27 kernel: [    0.597438] ACPI: PCI Interrupt Link [LNKD] (IRQs *5 10 11)
Feb 15 08:23:13 ip-172-31-69-27 kernel: [    0.625872] ACPI: Enabled 2 GPEs in block 00 to 0F
Feb 15 08:23:13 ip-172-31-69-27 kernel: [    0.628079] xen:balloon: Initialising balloon driver
Feb 15 08:23:13 ip-172-31-69-27 kernel: [    0.636189] vgaarb: setting as boot device: PCI:0000:00:02.0
Feb 15 08:23:13 ip-172-31-69-27 kernel: [    0.640000] vgaarb: device added: PCI:0000:00:02.0,decodes=io+mem,owns=io+mem,locks=none
Feb 15 08:23:13 ip-172-31-69-27 kernel: [    0.640010] vgaarb: loaded
Feb 15 08:23:13 ip-172-31-69-27 kernel: [    0.643245] vgaarb: bridge control possible 0000:00:02.0
Feb 15 08:23:13 ip-172-31-69-27 kernel: [    0.644212] SCSI subsystem initialized
Feb 15 08:23:13 ip-172-31-69-27 kernel: [    0.648051] libata version 3.00 loaded.
Feb 15 08:23:13 ip-172-31-69-27 kernel: [    0.648074] ACPI: bus type USB registered
Feb 15 08:23:13 ip-172-31-69-27 kernel: [    0.652023] usbcore: registered new interface driver usbfs
Feb 15 08:23:13 ip-172-31-69-27 kernel: [    0.656020] usbcore: registered new interface driver hub
Feb 15 08:23:13 ip-172-31-69-27 kernel: [    0.660029] usbcore: registered new device driver usb
Feb 15 08:23:13 ip-172-31-69-27 kernel: [    0.664156] PCI: Using ACPI for IRQ routing
Feb 15 08:23:13 ip-172-31-69-27 kernel: [    0.668007] PCI: pci_cache_line_size set to 64 bytes
Feb 15 08:23:13 ip-172-31-69-27 kernel: [    0.668583] e820: reserve RAM buffer [mem 0x0009e000-0x0009ffff]
Feb 15 08:23:13 ip-172-31-69-27 kernel: [    0.668710] NetLabel: Initializing
Feb 15 08:23:13 ip-172-31-69-27 kernel: [    0.672006] NetLabel:  domain hash size = 128
Feb 15 08:23:13 ip-172-31-69-27 kernel: [    0.676005] NetLabel:  protocols = UNLABELED CIPSOv4
Feb 15 08:23:13 ip-172-31-69-27 kernel: [    0.680022] NetLabel:  unlabeled traffic allowed by default
Feb 15 08:23:13 ip-172-31-69-27 kernel: [    0.684121] HPET: 3 timers in total, 0 timers will be used for per-cpu timer
Feb 15 08:23:13 ip-172-31-69-27 kernel: [    0.688022] hpet0: at MMIO 0xfed00000, IRQs 2, 8, 0
Feb 15 08:23:13 ip-172-31-69-27 kernel: [    0.694474] hpet0: 3 comparators, 64-bit 62.500000 MHz counter
Feb 15 08:23:13 ip-172-31-69-27 kernel: [    0.699078] amd_nb: Cannot enumerate AMD northbridges
Feb 15 08:23:13 ip-172-31-69-27 kernel: [    0.700023] clocksource: Switched to clocksource xen
Feb 15 08:23:13 ip-172-31-69-27 kernel: [    0.715009] AppArmor: AppArmor Filesystem Enabled
Feb 15 08:23:13 ip-172-31-69-27 kernel: [    0.720739] pnp: PnP ACPI init
Feb 15 08:23:13 ip-172-31-69-27 kernel: [    0.724522] system 00:00: [mem 0x00000000-0x0009ffff] could not be reserved
Feb 15 08:23:13 ip-172-31-69-27 kernel: [    0.731422] system 00:00: Plug and Play ACPI device, IDs PNP0c02 (active)
Feb 15 08:23:13 ip-172-31-69-27 kernel: [    0.731511] system 00:01: [io  0x08a0-0x08a3] has been reserved
Feb 15 08:23:13 ip-172-31-69-27 kernel: [    0.737749] system 00:01: [io  0x0cc0-0x0ccf] has been reserved
Feb 15 08:23:13 ip-172-31-69-27 kernel: [    0.750330] system 00:01: [io  0x04d0-0x04d1] has been reserved
Feb 15 08:23:13 ip-172-31-69-27 kernel: [    0.770488] system 00:01: Plug and Play ACPI device, IDs PNP0c02 (active)
Feb 15 08:23:13 ip-172-31-69-27 kernel: [    0.770524] xen: --> pirq=17 -> irq=8 (gsi=8)
Feb 15 08:23:13 ip-172-31-69-27 kernel: [    0.770557] pnp 00:02: Plug and Play ACPI device, IDs PNP0b00 (active)
Feb 15 08:23:13 ip-172-31-69-27 kernel: [    0.770583] xen: --> pirq=18 -> irq=12 (gsi=12)
Feb 15 08:23:13 ip-172-31-69-27 kernel: [    0.770595] pnp 00:03: Plug and Play ACPI device, IDs PNP0f13 (active)
Feb 15 08:23:13 ip-172-31-69-27 kernel: [    0.770611] xen: --> pirq=19 -> irq=1 (gsi=1)
Feb 15 08:23:13 ip-172-31-69-27 kernel: [    0.770624] pnp 00:04: Plug and Play ACPI device, IDs PNP0303 PNP030b (active)
Feb 15 08:23:13 ip-172-31-69-27 kernel: [    0.770639] xen: --> pirq=20 -> irq=6 (gsi=6)
Feb 15 08:23:13 ip-172-31-69-27 kernel: [    0.770641] pnp 00:05: [dma 2]
Feb 15 08:23:13 ip-172-31-69-27 kernel: [    0.770653] pnp 00:05: Plug and Play ACPI device, IDs PNP0700 (active)
Feb 15 08:23:13 ip-172-31-69-27 kernel: [    0.770676] xen: --> pirq=21 -> irq=4 (gsi=4)
Feb 15 08:23:13 ip-172-31-69-27 kernel: [    0.770689] pnp 00:06: Plug and Play ACPI device, IDs PNP0501 (active)
Feb 15 08:23:13 ip-172-31-69-27 kernel: [    0.770727] system 00:07: [io  0x10c0-0x1141] has been reserved
Feb 15 08:23:13 ip-172-31-69-27 kernel: [    0.776355] system 00:07: [io  0xb044-0xb047] has been reserved
Feb 15 08:23:13 ip-172-31-69-27 kernel: [    0.787132] system 00:07: Plug and Play ACPI device, IDs PNP0c02 (active)
Feb 15 08:23:13 ip-172-31-69-27 kernel: [    0.810130] pnp: PnP ACPI: found 8 devices
Feb 15 08:23:13 ip-172-31-69-27 kernel: [    0.820181] clocksource: acpi_pm: mask: 0xffffff max_cycles: 0xffffff, max_idle_ns: 2085701024 ns
Feb 15 08:23:13 ip-172-31-69-27 kernel: [    0.837484] pci_bus 0000:00: resource 4 [io  0x0000-0x0cf7 window]
Feb 15 08:23:13 ip-172-31-69-27 kernel: [    0.837487] pci_bus 0000:00: resource 5 [io  0x0d00-0xffff window]
Feb 15 08:23:13 ip-172-31-69-27 kernel: [    0.837488] pci_bus 0000:00: resource 6 [mem 0x000a0000-0x000bffff window]
Feb 15 08:23:13 ip-172-31-69-27 kernel: [    0.837490] pci_bus 0000:00: resource 7 [mem 0xf0000000-0xfbffffff window]
Feb 15 08:23:13 ip-172-31-69-27 kernel: [    0.837533] NET: Registered protocol family 2
Feb 15 08:23:13 ip-172-31-69-27 kernel: [    0.843488] TCP established hash table entries: 8192 (order: 4, 65536 bytes)
Feb 15 08:23:13 ip-172-31-69-27 kernel: [    0.852276] TCP bind hash table entries: 8192 (order: 5, 131072 bytes)
Feb 15 08:23:13 ip-172-31-69-27 kernel: [    0.859965] TCP: Hash tables configured (established 8192 bind 8192)
Feb 15 08:23:13 ip-172-31-69-27 kernel: [    0.866611] UDP hash table entries: 512 (order: 2, 16384 bytes)
Feb 15 08:23:13 ip-172-31-69-27 kernel: [    0.872026] UDP-Lite hash table entries: 512 (order: 2, 16384 bytes)
Feb 15 08:23:13 ip-172-31-69-27 kernel: [    0.878912] NET: Registered protocol family 1
Feb 15 08:23:13 ip-172-31-69-27 kernel: [    0.883782] pci 0000:00:00.0: Limiting direct PCI/PCI transfers
Feb 15 08:23:13 ip-172-31-69-27 kernel: [    0.891036] pci 0000:00:01.0: PIIX3: Enabling Passive Release
Feb 15 08:23:13 ip-172-31-69-27 kernel: [    0.896912] pci 0000:00:01.0: Activating ISA DMA hang workarounds
Feb 15 08:23:13 ip-172-31-69-27 kernel: [    0.904226] pci 0000:00:02.0: Video device with shadowed ROM
Feb 15 08:23:13 ip-172-31-69-27 kernel: [    0.904324] PCI: CLS 0 bytes, default 64
Feb 15 08:23:13 ip-172-31-69-27 kernel: [    0.904384] Trying to unpack rootfs image as initramfs...
Feb 15 08:23:13 ip-172-31-69-27 kernel: [    1.085301] Freeing initrd memory: 12308K
Feb 15 08:23:13 ip-172-31-69-27 kernel: [    1.098769] RAPL PMU detected, API unit is 2^-32 Joules, 3 fixed counters 655360 ms ovfl timer
Feb 15 08:23:13 ip-172-31-69-27 kernel: [    1.106559] hw unit of domain pp0-core 2^-14 Joules
Feb 15 08:23:13 ip-172-31-69-27 kernel: [    1.111131] hw unit of domain package 2^-14 Joules
Feb 15 08:23:13 ip-172-31-69-27 kernel: [    1.115408] hw unit of domain dram 2^-16 Joules
Feb 15 08:23:13 ip-172-31-69-27 kernel: [    1.119988] Scanning for low memory corruption every 60 seconds
Feb 15 08:23:13 ip-172-31-69-27 kernel: [    1.128175] audit: initializing netlink subsys (disabled)
Feb 15 08:23:13 ip-172-31-69-27 kernel: [    1.134175] audit: type=2000 audit(1518697385.302:1): initialized
Feb 15 08:23:13 ip-172-31-69-27 kernel: [    1.140764] Initialise system trusted keyring
Feb 15 08:23:13 ip-172-31-69-27 kernel: [    1.145374] HugeTLB registered 2 MB page size, pre-allocated 0 pages
Feb 15 08:23:13 ip-172-31-69-27 kernel: [    1.152169] zbud: loaded
Feb 15 08:23:13 ip-172-31-69-27 kernel: [    1.155173] VFS: Disk quotas dquot_6.6.0
Feb 15 08:23:13 ip-172-31-69-27 kernel: [    1.159045] VFS: Dquot-cache hash table entries: 512 (order 0, 4096 bytes)
Feb 15 08:23:13 ip-172-31-69-27 kernel: [    1.165530] squashfs: version 4.0 (2009/01/31) Phillip Lougher
Feb 15 08:23:13 ip-172-31-69-27 kernel: [    1.171304] fuse init (API version 7.23)
Feb 15 08:23:13 ip-172-31-69-27 kernel: [    1.175629] Key type big_key registered
Feb 15 08:23:13 ip-172-31-69-27 kernel: [    1.179657] Allocating IMA MOK and blacklist keyrings.
Feb 15 08:23:13 ip-172-31-69-27 kernel: [    1.185131] Key type asymmetric registered
Feb 15 08:23:13 ip-172-31-69-27 kernel: [    1.189288] Asymmetric key parser 'x509' registered
Feb 15 08:23:13 ip-172-31-69-27 kernel: [    1.194008] Block layer SCSI generic (bsg) driver version 0.4 loaded (major 249)
Feb 15 08:23:13 ip-172-31-69-27 kernel: [    1.203274] io scheduler noop registered
Feb 15 08:23:13 ip-172-31-69-27 kernel: [    1.207364] io scheduler deadline registered (default)
Feb 15 08:23:13 ip-172-31-69-27 kernel: [    1.213776] io scheduler cfq registered
Feb 15 08:23:13 ip-172-31-69-27 kernel: [    1.217968] pci_hotplug: PCI Hot Plug PCI Core version: 0.5
Feb 15 08:23:13 ip-172-31-69-27 kernel: [    1.229947] pciehp: PCI Express Hot Plug Controller Driver version: 0.4
Feb 15 08:23:13 ip-172-31-69-27 kernel: [    1.236051] intel_idle: does not run on family 6 model 63
Feb 15 08:23:13 ip-172-31-69-27 kernel: [    1.236125] input: Power Button as /devices/LNXSYSTM:00/LNXPWRBN:00/input/input0
Feb 15 08:23:13 ip-172-31-69-27 kernel: [    1.254749] ACPI: Power Button [PWRF]
Feb 15 08:23:13 ip-172-31-69-27 kernel: [    1.259525] input: Sleep Button as /devices/LNXSYSTM:00/LNXSLPBN:00/input/input1
Feb 15 08:23:13 ip-172-31-69-27 kernel: [    1.267968] ACPI: Sleep Button [SLPF]
Feb 15 08:23:13 ip-172-31-69-27 kernel: [    1.272949] xen: --> pirq=22 -> irq=28 (gsi=28)
Feb 15 08:23:13 ip-172-31-69-27 kernel: [    1.273081] xen:grant_table: Grant tables using version 1 layout
Feb 15 08:23:13 ip-172-31-69-27 kernel: [    1.283511] Grant table initialized
Feb 15 08:23:13 ip-172-31-69-27 kernel: [    1.289667] Cannot get hvm parameter CONSOLE_EVTCHN (18): -22!
Feb 15 08:23:13 ip-172-31-69-27 kernel: [    1.295462] Serial: 8250/16550 driver, 32 ports, IRQ sharing enabled
Feb 15 08:23:13 ip-172-31-69-27 kernel: [    1.334273] 00:06: ttyS0 at I/O 0x3f8 (irq = 4, base_baud = 115200) is a 16550A
Feb 15 08:23:13 ip-172-31-69-27 kernel: [    1.344832] Linux agpgart interface v0.103
Feb 15 08:23:13 ip-172-31-69-27 kernel: [    1.351470] brd: module loaded
Feb 15 08:23:13 ip-172-31-69-27 kernel: [    1.356173] loop: module loaded
Feb 15 08:23:13 ip-172-31-69-27 kernel: [    1.359698] Invalid max_queues (4), will use default max: 1.
Feb 15 08:23:13 ip-172-31-69-27 kernel: [    1.366763] ata_piix 0000:00:01.1: version 2.13
Feb 15 08:23:13 ip-172-31-69-27 kernel: [    1.368079] scsi host0: ata_piix
Feb 15 08:23:13 ip-172-31-69-27 kernel: [    1.371343] scsi host1: ata_piix
Feb 15 08:23:13 ip-172-31-69-27 kernel: [    1.381789] ata1: PATA max MWDMA2 cmd 0x1f0 ctl 0x3f6 bmdma 0xc100 irq 14
Feb 15 08:23:13 ip-172-31-69-27 kernel: [    1.388856] ata2: PATA max MWDMA2 cmd 0x170 ctl 0x376 bmdma 0xc108 irq 15
Feb 15 08:23:13 ip-172-31-69-27 kernel: [    1.398824] libphy: Fixed MDIO Bus: probed
Feb 15 08:23:13 ip-172-31-69-27 kernel: [    1.404157] tun: Universal TUN/TAP device driver, 1.6
Feb 15 08:23:13 ip-172-31-69-27 kernel: [    1.409568] tun: (C) 1999-2004 Max Krasnyansky <maxk@qualcomm.com>
Feb 15 08:23:13 ip-172-31-69-27 kernel: [    1.415829] PPP generic driver version 2.4.2
Feb 15 08:23:13 ip-172-31-69-27 kernel: [    1.420654] xen_netfront: Initialising Xen virtual ethernet driver
Feb 15 08:23:13 ip-172-31-69-27 kernel: [    1.430719] ehci_hcd: USB 2.0 'Enhanced' Host Controller (EHCI) Driver
Feb 15 08:23:13 ip-172-31-69-27 kernel: [    1.437820] ehci-pci: EHCI PCI platform driver
Feb 15 08:23:13 ip-172-31-69-27 kernel: [    1.442721] ehci-platform: EHCI generic platform driver
Feb 15 08:23:13 ip-172-31-69-27 kernel: [    1.450307] ohci_hcd: USB 1.1 'Open' Host Controller (OHCI) Driver
Feb 15 08:23:13 ip-172-31-69-27 kernel: [    1.457610] ohci-pci: OHCI PCI platform driver
Feb 15 08:23:13 ip-172-31-69-27 kernel: [    1.463868] ohci-platform: OHCI generic platform driver
Feb 15 08:23:13 ip-172-31-69-27 kernel: [    1.469879] uhci_hcd: USB Universal Host Controller Interface driver
Feb 15 08:23:13 ip-172-31-69-27 kernel: [    1.477247] i8042: PNP: PS/2 Controller [PNP0303:PS2K,PNP0f13:PS2M] at 0x60,0x64 irq 1,12
Feb 15 08:23:13 ip-172-31-69-27 kernel: [    1.489820] serio: i8042 KBD port at 0x60,0x64 irq 1
Feb 15 08:23:13 ip-172-31-69-27 kernel: [    1.497127] serio: i8042 AUX port at 0x60,0x64 irq 12
Feb 15 08:23:13 ip-172-31-69-27 kernel: [    1.503829] mousedev: PS/2 mouse device common for all mice
Feb 15 08:23:13 ip-172-31-69-27 kernel: [    1.509496] input: AT Translated Set 2 keyboard as /devices/platform/i8042/serio0/input/input2
Feb 15 08:23:13 ip-172-31-69-27 kernel: [    1.517596] rtc_cmos 00:02: rtc core: registered rtc_cmos as rtc0
Feb 15 08:23:13 ip-172-31-69-27 kernel: [    1.524482] rtc_cmos 00:02: alarms up to one day, 114 bytes nvram, hpet irqs
Feb 15 08:23:13 ip-172-31-69-27 kernel: [    1.558452] hpet1: lost 1 rtc interrupts
Feb 15 08:23:13 ip-172-31-69-27 kernel: [    1.564680] i2c /dev entries driver
Feb 15 08:23:13 ip-172-31-69-27 kernel: [    1.568520] device-mapper: uevent: version 1.0.3
Feb 15 08:23:13 ip-172-31-69-27 kernel: [    1.572939] device-mapper: ioctl: 4.34.0-ioctl (2015-10-28) initialised: dm-devel@redhat.com
Feb 15 08:23:13 ip-172-31-69-27 kernel: [    1.581201] NET: Registered protocol family 10
Feb 15 08:23:13 ip-172-31-69-27 kernel: [    1.587020] NET: Registered protocol family 17
Feb 15 08:23:13 ip-172-31-69-27 kernel: [    1.591384] Key type dns_resolver registered
Feb 15 08:23:13 ip-172-31-69-27 kernel: [    1.601900] registered taskstats version 1
Feb 15 08:23:13 ip-172-31-69-27 kernel: [    1.606518] Loading compiled-in X.509 certificates
Feb 15 08:23:13 ip-172-31-69-27 kernel: [    1.612241] Loaded X.509 cert 'Build time autogenerated kernel key: 3202f79a2fa321ecce3869d36458fe9267f31118'
Feb 15 08:23:13 ip-172-31-69-27 kernel: [    1.624243] zswap: loaded using pool lzo/zbud
Feb 15 08:23:13 ip-172-31-69-27 kernel: [    1.630711] blkfront: xvda: barrier or flush: disabled; persistent grants: disabled; indirect descriptors: enabled;
Feb 15 08:23:13 ip-172-31-69-27 kernel: [    1.643297] Key type trusted registered
Feb 15 08:23:13 ip-172-31-69-27 kernel: [    1.650846] Key type encrypted registered
Feb 15 08:23:13 ip-172-31-69-27 kernel: [    1.660485] AppArmor: AppArmor sha1 policy hashing enabled
Feb 15 08:23:13 ip-172-31-69-27 kernel: [    1.667298]  xvda: xvda1
Feb 15 08:23:13 ip-172-31-69-27 kernel: [    1.670674] ima: No TPM chip found, activating TPM-bypass!
Feb 15 08:23:13 ip-172-31-69-27 kernel: [    1.676800] evm: HMAC attrs: 0x1
Feb 15 08:23:13 ip-172-31-69-27 kernel: [    1.681844]   Magic number: 6:197:380
Feb 15 08:23:13 ip-172-31-69-27 kernel: [    1.686553] rtc_cmos 00:02: setting system clock to 2018-02-15 12:23:06 UTC (1518697386)
Feb 15 08:23:13 ip-172-31-69-27 kernel: [    1.696355] BIOS EDD facility v0.16 2004-Jun-25, 0 devices found
Feb 15 08:23:13 ip-172-31-69-27 kernel: [    1.703641] EDD information not available.
Feb 15 08:23:13 ip-172-31-69-27 kernel: [    1.708599] PM: Hibernation image not present or could not be loaded.
Feb 15 08:23:13 ip-172-31-69-27 kernel: [    1.711018] Freeing unused kernel memory: 1484K
Feb 15 08:23:13 ip-172-31-69-27 kernel: [    1.716543] Write protecting the kernel read-only data: 14336k
Feb 15 08:23:13 ip-172-31-69-27 kernel: [    1.721616] Freeing unused kernel memory: 1908K
Feb 15 08:23:13 ip-172-31-69-27 kernel: [    1.725930] Freeing unused kernel memory: 224K
Feb 15 08:23:13 ip-172-31-69-27 kernel: [    1.742248] random: udevadm: uninitialized urandom read (16 bytes read, 10 bits of entropy available)
Feb 15 08:23:13 ip-172-31-69-27 kernel: [    1.749974] random: systemd-udevd: uninitialized urandom read (16 bytes read, 10 bits of entropy available)
Feb 15 08:23:13 ip-172-31-69-27 kernel: [    1.758216] random: systemd-udevd: uninitialized urandom read (16 bytes read, 10 bits of entropy available)
Feb 15 08:23:13 ip-172-31-69-27 kernel: [    1.766050] random: udevadm: uninitialized urandom read (16 bytes read, 10 bits of entropy available)
Feb 15 08:23:13 ip-172-31-69-27 kernel: [    1.774584] random: systemd-udevd: uninitialized urandom read (16 bytes read, 10 bits of entropy available)
Feb 15 08:23:13 ip-172-31-69-27 kernel: [    1.788843] random: systemd-udevd: uninitialized urandom read (16 bytes read, 10 bits of entropy available)
Feb 15 08:23:13 ip-172-31-69-27 kernel: [    1.798207] random: udevadm: uninitialized urandom read (16 bytes read, 10 bits of entropy available)
Feb 15 08:23:13 ip-172-31-69-27 kernel: [    1.807556] random: systemd-udevd: uninitialized urandom read (16 bytes read, 10 bits of entropy available)
Feb 15 08:23:13 ip-172-31-69-27 kernel: [    1.816065] random: udevadm: uninitialized urandom read (16 bytes read, 10 bits of entropy available)
Feb 15 08:23:13 ip-172-31-69-27 kernel: [    1.824236] random: systemd-udevd: uninitialized urandom read (16 bytes read, 10 bits of entropy available)
Feb 15 08:23:13 ip-172-31-69-27 kernel: [    1.949116] AVX2 version of gcm_enc/dec engaged.
Feb 15 08:23:13 ip-172-31-69-27 kernel: [    1.951774] AES CTR mode by8 optimization enabled
Feb 15 08:23:13 ip-172-31-69-27 kernel: [    2.116103] tsc: Refined TSC clocksource calibration: 2399.997 MHz
Feb 15 08:23:13 ip-172-31-69-27 kernel: [    2.119892] clocksource: tsc: mask: 0xffffffffffffffff max_cycles: 0x229834d6ac9, max_idle_ns: 440795285103 ns
Feb 15 08:23:13 ip-172-31-69-27 kernel: [    3.445942] md: linear personality registered for level -1
Feb 15 08:23:13 ip-172-31-69-27 kernel: [    3.451710] md: multipath personality registered for level -4
Feb 15 08:23:13 ip-172-31-69-27 kernel: [    3.457316] md: raid0 personality registered for level 0
Feb 15 08:23:13 ip-172-31-69-27 kernel: [    3.463290] md: raid1 personality registered for level 1
Feb 15 08:23:13 ip-172-31-69-27 kernel: [    3.516059] raid6: sse2x1   gen()  8310 MB/s
Feb 15 08:23:13 ip-172-31-69-27 kernel: [    3.564023] raid6: sse2x1   xor()  6460 MB/s
Feb 15 08:23:13 ip-172-31-69-27 kernel: [    3.612060] raid6: sse2x2   gen() 10437 MB/s
Feb 15 08:23:13 ip-172-31-69-27 kernel: [    3.660059] raid6: sse2x2   xor()  6962 MB/s
Feb 15 08:23:13 ip-172-31-69-27 kernel: [    3.708060] raid6: sse2x4   gen() 12073 MB/s
Feb 15 08:23:13 ip-172-31-69-27 kernel: [    3.756061] raid6: sse2x4   xor()  8556 MB/s
Feb 15 08:23:13 ip-172-31-69-27 kernel: [    3.804062] raid6: avx2x1   gen() 16282 MB/s
Feb 15 08:23:13 ip-172-31-69-27 kernel: [    3.852061] raid6: avx2x2   gen() 18867 MB/s
Feb 15 08:23:13 ip-172-31-69-27 kernel: [    3.900060] raid6: avx2x4   gen() 21568 MB/s
Feb 15 08:23:13 ip-172-31-69-27 kernel: [    3.902768] raid6: using algorithm avx2x4 gen() 21568 MB/s
Feb 15 08:23:13 ip-172-31-69-27 kernel: [    3.905642] raid6: using avx2x2 recovery algorithm
Feb 15 08:23:13 ip-172-31-69-27 kernel: [    3.910337] xor: automatically using best checksumming function:
Feb 15 08:23:13 ip-172-31-69-27 kernel: [    3.952059]    avx       : 26254.000 MB/sec
Feb 15 08:23:13 ip-172-31-69-27 kernel: [    3.956806] async_tx: api initialized (async)
Feb 15 08:23:13 ip-172-31-69-27 kernel: [    3.971565] md: raid6 personality registered for level 6
Feb 15 08:23:13 ip-172-31-69-27 kernel: [    3.974521] md: raid5 personality registered for level 5
Feb 15 08:23:13 ip-172-31-69-27 kernel: [    3.977246] md: raid4 personality registered for level 4
Feb 15 08:23:13 ip-172-31-69-27 kernel: [    3.985431] md: raid10 personality registered for level 10
Feb 15 08:23:13 ip-172-31-69-27 kernel: [    4.023182] Btrfs loaded
Feb 15 08:23:13 ip-172-31-69-27 kernel: [    4.063417] EXT4-fs (xvda1): mounted filesystem with ordered data mode. Opts: (null)
Feb 15 08:23:13 ip-172-31-69-27 kernel: [    4.580766] EXT4-fs (xvda1): re-mounted. Opts: discard
Feb 15 08:23:13 ip-172-31-69-27 kernel: [    4.647396] Loading iSCSI transport class v2.0-870.
Feb 15 08:23:13 ip-172-31-69-27 kernel: [    4.664359] iscsi: registered transport (tcp)
Feb 15 08:23:13 ip-172-31-69-27 kernel: [    4.728488] iscsi: registered transport (iser)
Feb 15 08:23:13 ip-172-31-69-27 kernel: [    5.497467] audit: type=1400 audit(1518697390.308:2): apparmor="STATUS" operation="profile_load" profile="unconfined" name="lxc-container-default" pid=569 comm="apparmor_parser"
Feb 15 08:23:13 ip-172-31-69-27 kernel: [    5.497472] audit: type=1400 audit(1518697390.308:3): apparmor="STATUS" operation="profile_load" profile="unconfined" name="lxc-container-default-cgns" pid=569 comm="apparmor_parser"
Feb 15 08:23:13 ip-172-31-69-27 kernel: [    5.497475] audit: type=1400 audit(1518697390.308:4): apparmor="STATUS" operation="profile_load" profile="unconfined" name="lxc-container-default-with-mounting" pid=569 comm="apparmor_parser"
Feb 15 08:23:13 ip-172-31-69-27 kernel: [    5.497477] audit: type=1400 audit(1518697390.308:5): apparmor="STATUS" operation="profile_load" profile="unconfined" name="lxc-container-default-with-nesting" pid=569 comm="apparmor_parser"
Feb 15 08:23:13 ip-172-31-69-27 kernel: [    5.507426] audit: type=1400 audit(1518697390.316:6): apparmor="STATUS" operation="profile_load" profile="unconfined" name="/sbin/dhclient" pid=570 comm="apparmor_parser"
Feb 15 08:23:13 ip-172-31-69-27 kernel: [    5.507431] audit: type=1400 audit(1518697390.316:7): apparmor="STATUS" operation="profile_load" profile="unconfined" name="/usr/lib/NetworkManager/nm-dhcp-client.action" pid=570 comm="apparmor_parser"
Feb 15 08:23:13 ip-172-31-69-27 kernel: [    5.507434] audit: type=1400 audit(1518697390.316:8): apparmor="STATUS" operation="profile_load" profile="unconfined" name="/usr/lib/NetworkManager/nm-dhcp-helper" pid=570 comm="apparmor_parser"
Feb 15 08:23:13 ip-172-31-69-27 kernel: [    5.507437] audit: type=1400 audit(1518697390.316:9): apparmor="STATUS" operation="profile_load" profile="unconfined" name="/usr/lib/connman/scripts/dhclient-script" pid=570 comm="apparmor_parser"
Feb 15 08:23:13 ip-172-31-69-27 kernel: [    6.926354] ppdev: user-space parallel port driver
Feb 15 08:23:13 ip-172-31-69-27 kernel: [    8.016093] random: nonblocking pool is initialized
Feb 15 08:23:13 ip-172-31-69-27 loadkeys[359]: Loading /etc/console-setup/cached.kmap.gz
Feb 15 08:23:13 ip-172-31-69-27 systemd-modules-load[378]: Inserted module 'iscsi_tcp'
Feb 15 08:23:13 ip-172-31-69-27 systemd-modules-load[378]: Inserted module 'ib_iser'
Feb 15 08:23:13 ip-172-31-69-27 systemd[1]: Started Set console keymap.
Feb 15 08:23:13 ip-172-31-69-27 systemd[1]: Started Create list of required static device nodes for the current kernel.
Feb 15 08:23:13 ip-172-31-69-27 systemd[1]: Started Remount Root and Kernel File Systems.
Feb 15 08:23:13 ip-172-31-69-27 systemd[1]: Started Load Kernel Modules.
Feb 15 08:23:13 ip-172-31-69-27 systemd[1]: Started Uncomplicated firewall.
Feb 15 08:23:13 ip-172-31-69-27 systemd[1]: Started Nameserver information manager.
Feb 15 08:23:13 ip-172-31-69-27 systemd[1]: Started LVM2 metadata daemon.
Feb 15 08:23:13 ip-172-31-69-27 systemd[1]: Starting Apply Kernel Variables...
Feb 15 08:23:13 ip-172-31-69-27 systemd[1]: Mounting FUSE Control File System...
Feb 15 08:23:13 ip-172-31-69-27 systemd[1]: Starting Load/Save Random Seed...
Feb 15 08:23:13 ip-172-31-69-27 systemd[1]: Starting Initial cloud-init job (pre-networking)...
Feb 15 08:23:13 ip-172-31-69-27 systemd[1]: Starting udev Coldplug all Devices...
Feb 15 08:23:13 ip-172-31-69-27 systemd[1]: Starting Create Static Device Nodes in /dev...
Feb 15 08:23:13 ip-172-31-69-27 systemd[1]: Starting Flush Journal to Persistent Storage...
Feb 15 08:23:13 ip-172-31-69-27 systemd[1]: Mounted FUSE Control File System.
Feb 15 08:23:13 ip-172-31-69-27 systemd[1]: Started Apply Kernel Variables.
Feb 15 08:23:13 ip-172-31-69-27 systemd[1]: Started Load/Save Random Seed.
Feb 15 08:23:13 ip-172-31-69-27 systemd[1]: Started Create Static Device Nodes in /dev.
Feb 15 08:23:13 ip-172-31-69-27 systemd[1]: Starting udev Kernel Device Manager...
Feb 15 08:23:13 ip-172-31-69-27 systemd[1]: Started Flush Journal to Persistent Storage.
Feb 15 08:23:13 ip-172-31-69-27 systemd[1]: Started udev Coldplug all Devices.
Feb 15 08:23:13 ip-172-31-69-27 systemd[1]: Started udev Kernel Device Manager.
Feb 15 08:23:13 ip-172-31-69-27 systemd[1]: Started Dispatch Password Requests to Console Directory Watch.
Feb 15 08:23:13 ip-172-31-69-27 systemd[1]: Started Monitoring of LVM2 mirrors, snapshots etc. using dmeventd or progress polling.
Feb 15 08:23:13 ip-172-31-69-27 systemd[1]: Reached target Local File Systems (Pre).
Feb 15 08:23:13 ip-172-31-69-27 systemd[1]: Reached target Local File Systems.
Feb 15 08:23:13 ip-172-31-69-27 systemd[1]: Starting Create Volatile Files and Directories...
Feb 15 08:23:13 ip-172-31-69-27 systemd-tmpfiles[484]: [/usr/lib/tmpfiles.d/var.conf:14] Duplicate line for path "/var/log", ignoring.
Feb 15 08:23:13 ip-172-31-69-27 systemd[1]: Starting Set console font and keymap...
Feb 15 08:23:13 ip-172-31-69-27 systemd[1]: Starting LSB: AppArmor initialization...
Feb 15 08:23:13 ip-172-31-69-27 systemd[1]: Starting Tell Plymouth To Write Out Runtime Data...
Feb 15 08:23:13 ip-172-31-69-27 systemd[1]: Started Create Volatile Files and Directories.
Feb 15 08:23:13 ip-172-31-69-27 systemd[1]: Started Tell Plymouth To Write Out Runtime Data.
Feb 15 08:23:13 ip-172-31-69-27 systemd[1]: Starting Network Time Synchronization...
Feb 15 08:23:13 ip-172-31-69-27 systemd[1]: Starting Update UTMP about System Boot/Shutdown...
Feb 15 08:23:13 ip-172-31-69-27 apparmor[489]:  * Starting AppArmor profiles
Feb 15 08:23:13 ip-172-31-69-27 systemd[1]: Started Update UTMP about System Boot/Shutdown.
Feb 15 08:23:13 ip-172-31-69-27 systemd[1]: Started Network Time Synchronization.
Feb 15 08:23:13 ip-172-31-69-27 apparmor[489]: Skipping profile in /etc/apparmor.d/disable: usr.sbin.rsyslogd
Feb 15 08:23:13 ip-172-31-69-27 apparmor[489]:    ...done.
Feb 15 08:23:13 ip-172-31-69-27 systemd[1]: Started LSB: AppArmor initialization.
Feb 15 08:23:13 ip-172-31-69-27 systemd[1]: Reached target System Time Synchronized.
Feb 15 08:23:13 ip-172-31-69-27 systemd[1]: Found device /dev/ttyS0.
Feb 15 08:23:13 ip-172-31-69-27 systemd[1]: Found device /sys/subsystem/net/devices/eth0.
Feb 15 08:23:13 ip-172-31-69-27 systemd[1]: Started Set console font and keymap.
Feb 15 08:23:13 ip-172-31-69-27 systemd[1]: Created slice system-getty.slice.
Feb 15 08:23:13 ip-172-31-69-27 systemd[1]: Listening on Load/Save RF Kill Switch Status /dev/rfkill Watch.
Feb 15 08:23:13 ip-172-31-69-27 dhclient[819]: Internet Systems Consortium DHCP Client 4.3.3
Feb 15 08:23:13 ip-172-31-69-27 dhclient[819]: Copyright 2004-2015 Internet Systems Consortium.
Feb 15 08:23:13 ip-172-31-69-27 dhclient[819]: All rights reserved.
Feb 15 08:23:13 ip-172-31-69-27 dhclient[819]: For info, please visit https://www.isc.org/software/dhcp/
Feb 15 08:23:13 ip-172-31-69-27 dhclient[819]: 
Feb 15 08:23:13 ip-172-31-69-27 dhclient[819]: Listening on LPF/eth0/02:0f:db:2b:f4:de
Feb 15 08:23:13 ip-172-31-69-27 dhclient[819]: Sending on   LPF/eth0/02:0f:db:2b:f4:de
Feb 15 08:23:13 ip-172-31-69-27 dhclient[819]: Sending on   Socket/fallback
Feb 15 08:23:13 ip-172-31-69-27 dhclient[819]: DHCPDISCOVER on eth0 to 255.255.255.255 port 67 interval 3 (xid=0x7853f961)
Feb 15 08:23:13 ip-172-31-69-27 dhclient[819]: DHCPREQUEST of 172.31.69.27 on eth0 to 255.255.255.255 port 67 (xid=0x61f95378)
Feb 15 08:23:13 ip-172-31-69-27 dhclient[819]: DHCPOFFER of 172.31.69.27 from 172.31.69.1
Feb 15 08:23:13 ip-172-31-69-27 dhclient[819]: DHCPACK of 172.31.69.27 from 172.31.69.1
Feb 15 08:23:13 ip-172-31-69-27 dhclient[819]: bound to 172.31.69.27 -- renewal in 1428 seconds.
Feb 15 08:23:13 ip-172-31-69-27 cloud-init[440]: Cloud-init v. 17.1 running 'init-local' at Thu, 15 Feb 2018 12:23:10 +0000. Up 6.07 seconds.
Feb 15 08:23:13 ip-172-31-69-27 systemd[1]: Started Initial cloud-init job (pre-networking).
Feb 15 08:23:13 ip-172-31-69-27 systemd[1]: Reached target Network (Pre).
Feb 15 08:23:13 ip-172-31-69-27 systemd[1]: Starting Raise network interfaces...
Feb 15 08:23:13 ip-172-31-69-27 systemd[1]: Started ifup for eth0.
Feb 15 08:23:13 ip-172-31-69-27 dhclient[899]: Internet Systems Consortium DHCP Client 4.3.3
Feb 15 08:23:13 ip-172-31-69-27 sh[887]: Internet Systems Consortium DHCP Client 4.3.3
Feb 15 08:23:13 ip-172-31-69-27 dhclient[899]: Copyright 2004-2015 Internet Systems Consortium.
Feb 15 08:23:13 ip-172-31-69-27 sh[887]: Copyright 2004-2015 Internet Systems Consortium.
Feb 15 08:23:13 ip-172-31-69-27 dhclient[899]: All rights reserved.
Feb 15 08:23:13 ip-172-31-69-27 sh[887]: All rights reserved.
Feb 15 08:23:13 ip-172-31-69-27 dhclient[899]: For info, please visit https://www.isc.org/software/dhcp/
Feb 15 08:23:13 ip-172-31-69-27 sh[887]: For info, please visit https://www.isc.org/software/dhcp/
Feb 15 08:23:13 ip-172-31-69-27 dhclient[899]: 
Feb 15 08:23:13 ip-172-31-69-27 dhclient[899]: Listening on LPF/eth0/02:0f:db:2b:f4:de
Feb 15 08:23:13 ip-172-31-69-27 sh[887]: Listening on LPF/eth0/02:0f:db:2b:f4:de
Feb 15 08:23:13 ip-172-31-69-27 sh[887]: Sending on   LPF/eth0/02:0f:db:2b:f4:de
Feb 15 08:23:13 ip-172-31-69-27 sh[887]: Sending on   Socket/fallback
Feb 15 08:23:13 ip-172-31-69-27 sh[887]: DHCPDISCOVER on eth0 to 255.255.255.255 port 67 interval 3 (xid=0xdfbebe65)
Feb 15 08:23:13 ip-172-31-69-27 dhclient[899]: Sending on   LPF/eth0/02:0f:db:2b:f4:de
Feb 15 08:23:13 ip-172-31-69-27 dhclient[899]: Sending on   Socket/fallback
Feb 15 08:23:13 ip-172-31-69-27 dhclient[899]: DHCPDISCOVER on eth0 to 255.255.255.255 port 67 interval 3 (xid=0xdfbebe65)
Feb 15 08:23:13 ip-172-31-69-27 dhclient[899]: DHCPREQUEST of 172.31.69.27 on eth0 to 255.255.255.255 port 67 (xid=0x65bebedf)
Feb 15 08:23:13 ip-172-31-69-27 sh[887]: DHCPREQUEST of 172.31.69.27 on eth0 to 255.255.255.255 port 67 (xid=0x65bebedf)
Feb 15 08:23:13 ip-172-31-69-27 sh[887]: DHCPOFFER of 172.31.69.27 from 172.31.69.1
Feb 15 08:23:13 ip-172-31-69-27 dhclient[899]: DHCPOFFER of 172.31.69.27 from 172.31.69.1
Feb 15 08:23:13 ip-172-31-69-27 dhclient[899]: DHCPACK of 172.31.69.27 from 172.31.69.1
Feb 15 08:23:13 ip-172-31-69-27 sh[887]: DHCPACK of 172.31.69.27 from 172.31.69.1
Feb 15 08:23:13 ip-172-31-69-27 dhclient[899]: bound to 172.31.69.27 -- renewal in 1492 seconds.
Feb 15 08:23:13 ip-172-31-69-27 sh[887]: bound to 172.31.69.27 -- renewal in 1492 seconds.
Feb 15 08:23:13 ip-172-31-69-27 systemd[1]: Started Raise network interfaces.
Feb 15 08:23:13 ip-172-31-69-27 systemd[1]: Reached target Network.
Feb 15 08:23:13 ip-172-31-69-27 systemd[1]: Starting Initial cloud-init job (metadata service crawler)...
Feb 15 08:23:13 ip-172-31-69-27 cloud-init[1056]: Cloud-init v. 17.1 running 'init' at Thu, 15 Feb 2018 12:23:13 +0000. Up 8.22 seconds.
Feb 15 08:23:13 ip-172-31-69-27 cloud-init[1056]: ci-info: ++++++++++++++++++++++++++++++++++++++Net device info++++++++++++++++++++++++++++++++++++++
Feb 15 08:23:13 ip-172-31-69-27 cloud-init[1056]: ci-info: +--------+------+---------------------------+-----------------+-------+-------------------+
Feb 15 08:23:13 ip-172-31-69-27 cloud-init[1056]: ci-info: | Device |  Up  |          Address          |       Mask      | Scope |     Hw-Address    |
Feb 15 08:23:13 ip-172-31-69-27 cloud-init[1056]: ci-info: +--------+------+---------------------------+-----------------+-------+-------------------+
Feb 15 08:23:13 ip-172-31-69-27 cloud-init[1056]: ci-info: |  eth0  | True |        172.31.69.27       | 255.255.255.224 |   .   | 02:0f:db:2b:f4:de |
Feb 15 08:23:13 ip-172-31-69-27 cloud-init[1056]: ci-info: |  eth0  | True | fe80::f:dbff:fe2b:f4de/64 |        .        |  link | 02:0f:db:2b:f4:de |
Feb 15 08:23:13 ip-172-31-69-27 cloud-init[1056]: ci-info: |   lo   | True |         127.0.0.1         |    255.0.0.0    |   .   |         .         |
Feb 15 08:23:13 ip-172-31-69-27 cloud-init[1056]: ci-info: |   lo   | True |          ::1/128          |        .        |  host |         .         |
Feb 15 08:23:13 ip-172-31-69-27 cloud-init[1056]: ci-info: +--------+------+---------------------------+-----------------+-------+-------------------+
Feb 15 08:23:13 ip-172-31-69-27 cloud-init[1056]: ci-info: ++++++++++++++++++++++++++++++Route IPv4 info++++++++++++++++++++++++++++++
Feb 15 08:23:13 ip-172-31-69-27 cloud-init[1056]: ci-info: +-------+-------------+-------------+-----------------+-----------+-------+
Feb 15 08:23:13 ip-172-31-69-27 cloud-init[1056]: ci-info: | Route | Destination |   Gateway   |     Genmask     | Interface | Flags |
Feb 15 08:23:13 ip-172-31-69-27 cloud-init[1056]: ci-info: +-------+-------------+-------------+-----------------+-----------+-------+
Feb 15 08:23:13 ip-172-31-69-27 cloud-init[1056]: ci-info: |   0   |   0.0.0.0   | 172.31.69.1 |     0.0.0.0     |    eth0   |   UG  |
Feb 15 08:23:13 ip-172-31-69-27 cloud-init[1056]: ci-info: |   1   | 172.31.69.0 |   0.0.0.0   | 255.255.255.224 |    eth0   |   U   |
Feb 15 08:23:13 ip-172-31-69-27 cloud-init[1056]: ci-info: +-------+-------------+-------------+-----------------+-----------+-------+
Feb 15 08:23:13 ip-172-31-69-27 systemd[1]: Started Initial cloud-init job (metadata service crawler).
Feb 15 08:23:13 ip-172-31-69-27 systemd[1]: Reached target Cloud-config availability.
Feb 15 08:23:13 ip-172-31-69-27 systemd[1]: Reached target Network is Online.
Feb 15 08:23:13 ip-172-31-69-27 systemd[1]: Starting iSCSI initiator daemon (iscsid)...
Feb 15 08:23:13 ip-172-31-69-27 systemd[1]: Reached target System Initialization.
Feb 15 08:23:13 ip-172-31-69-27 systemd[1]: Starting LXD - unix socket.
Feb 15 08:23:13 ip-172-31-69-27 systemd[1]: Starting Socket activation for snappy daemon.
Feb 15 08:23:13 ip-172-31-69-27 systemd[1]: Listening on ACPID Listen Socket.
Feb 15 08:23:13 ip-172-31-69-27 systemd[1]: Started Daily apt download activities.
Feb 15 08:23:13 ip-172-31-69-27 systemd[1]: Listening on UUID daemon activation socket.
Feb 15 08:23:13 ip-172-31-69-27 systemd[1]: Started ACPI Events Check.
Feb 15 08:23:13 ip-172-31-69-27 systemd[1]: Reached target Paths.
Feb 15 08:23:13 ip-172-31-69-27 systemd[1]: Started Daily apt upgrade and clean activities.
Feb 15 08:23:13 ip-172-31-69-27 systemd[1]: Started Daily Cleanup of Temporary Directories.
Feb 15 08:23:13 ip-172-31-69-27 systemd[1]: Listening on D-Bus System Message Bus Socket.
Feb 15 08:23:13 ip-172-31-69-27 systemd[1]: Started Timer to automatically refresh installed snaps.
Feb 15 08:23:13 ip-172-31-69-27 systemd[1]: Reached target Timers.
Feb 15 08:23:13 ip-172-31-69-27 systemd[1]: Listening on LXD - unix socket.
Feb 15 08:23:13 ip-172-31-69-27 systemd[1]: Listening on Socket activation for snappy daemon.
Feb 15 08:23:13 ip-172-31-69-27 iscsid: iSCSI logger with pid=1112 started!
Feb 15 08:23:13 ip-172-31-69-27 iscsid: iSCSI daemon with pid=1113 started!
Feb 15 08:23:13 ip-172-31-69-27 systemd[1]: Started iSCSI initiator daemon (iscsid).
Feb 15 08:23:13 ip-172-31-69-27 systemd[1]: Starting Login to default iSCSI targets...
Feb 15 08:23:13 ip-172-31-69-27 systemd[1]: Reached target Sockets.
Feb 15 08:23:13 ip-172-31-69-27 systemd[1]: Reached target Basic System.
Feb 15 08:23:13 ip-172-31-69-27 systemd[1]: Starting Accounts Service...
Feb 15 08:23:13 ip-172-31-69-27 systemd[1]: Started Deferred execution scheduler.
Feb 15 08:23:13 ip-172-31-69-27 systemd[1]: Starting Apply the settings specified in cloud-config...
Feb 15 08:23:13 ip-172-31-69-27 systemd[1]: Starting /etc/rc.local Compatibility...
Feb 15 08:23:13 ip-172-31-69-27 systemd[1]: Starting System Logging Service...
Feb 15 08:23:13 ip-172-31-69-27 systemd[1]: Starting LSB: MD monitoring daemon...
Feb 15 08:23:13 ip-172-31-69-27 systemd[1]: Started D-Bus System Message Bus.
Feb 15 08:23:13 ip-172-31-69-27 dbus[1135]: [system] AppArmor D-Bus mediation is enabled
Feb 15 08:23:13 ip-172-31-69-27 systemd[1]: Started FUSE filesystem for LXC.
Feb 15 08:23:13 ip-172-31-69-27 systemd[1]: Starting OpenBSD Secure Shell server...
Feb 15 08:23:13 ip-172-31-69-27 systemd[1]: Started Regular background program processing daemon.
Feb 15 08:23:13 ip-172-31-69-27 kernel: [    8.859049] cgroup: new mount options do not match the existing superblock, will be ignored
Feb 15 08:23:13 ip-172-31-69-27 lxcfs[1147]: hierarchies:
Feb 15 08:23:13 ip-172-31-69-27 lxcfs[1147]:   0: fd:   5: cpuset
Feb 15 08:23:13 ip-172-31-69-27 lxcfs[1147]:   1: fd:   6: blkio
Feb 15 08:23:13 ip-172-31-69-27 lxcfs[1147]:   2: fd:   7: perf_event
Feb 15 08:23:13 ip-172-31-69-27 lxcfs[1147]:   3: fd:   8: freezer
Feb 15 08:23:13 ip-172-31-69-27 lxcfs[1147]:   4: fd:   9: devices
Feb 15 08:23:13 ip-172-31-69-27 lxcfs[1147]:   5: fd:  10: cpu,cpuacct
Feb 15 08:23:13 ip-172-31-69-27 lxcfs[1147]:   6: fd:  11: hugetlb
Feb 15 08:23:13 ip-172-31-69-27 lxcfs[1147]:   7: fd:  12: pids
Feb 15 08:23:13 ip-172-31-69-27 lxcfs[1147]:   8: fd:  13: memory
Feb 15 08:23:13 ip-172-31-69-27 lxcfs[1147]:   9: fd:  14: net_cls,net_prio
Feb 15 08:23:13 ip-172-31-69-27 lxcfs[1147]:  10: fd:  15: name=systemd
Feb 15 08:23:13 ip-172-31-69-27 cron[1152]: (CRON) INFO (pidfile fd = 3)
Feb 15 08:23:13 ip-172-31-69-27 systemd[1]: Starting Initialize hardware monitoring sensors...
Feb 15 08:23:13 ip-172-31-69-27 systemd[1]: Started Unattended Upgrades Shutdown.
Feb 15 08:23:13 ip-172-31-69-27 dbus[1135]: [system] Activating via systemd: service name='org.freedesktop.PolicyKit1' unit='polkitd.service'
Feb 15 08:23:13 ip-172-31-69-27 systemd[1]: Starting Snappy daemon...
Feb 15 08:23:13 ip-172-31-69-27 cron[1152]: (CRON) INFO (Running @reboot jobs)
Feb 15 08:23:13 ip-172-31-69-27 sensors[1159]: No sensors found!
Feb 15 08:23:13 ip-172-31-69-27 sensors[1159]: Make sure you loaded all the kernel drivers you need.
Feb 15 08:23:13 ip-172-31-69-27 sensors[1159]: Try sensors-detect to find out which these are.
Feb 15 08:23:13 ip-172-31-69-27 systemd[1]: Starting Login Service...
Feb 15 08:23:13 ip-172-31-69-27 systemd[1]: Started ACPI event daemon.
Feb 15 08:23:13 ip-172-31-69-27 systemd[1]: Starting LSB: Record successful boot for GRUB...
Feb 15 08:23:13 ip-172-31-69-27 systemd[1]: Starting LXD - container startup/shutdown...
Feb 15 08:23:13 ip-172-31-69-27 acpid: starting up with netlink and the input layer
Feb 15 08:23:13 ip-172-31-69-27 acpid: 1 rule loaded
Feb 15 08:23:13 ip-172-31-69-27 acpid: waiting for events: event logging is off
Feb 15 08:23:13 ip-172-31-69-27 systemd[1]: Started System Logging Service.
Feb 15 08:23:13 ip-172-31-69-27 systemd[1]: Started OpenBSD Secure Shell server.
Feb 15 08:23:13 ip-172-31-69-27 systemd[1]: Started /etc/rc.local Compatibility.
Feb 15 08:23:13 ip-172-31-69-27 sensors[1182]: No sensors found!
Feb 15 08:23:13 ip-172-31-69-27 sensors[1182]: Make sure you loaded all the kernel drivers you need.
Feb 15 08:23:13 ip-172-31-69-27 sensors[1182]: Try sensors-detect to find out which these are.
Feb 15 08:23:13 ip-172-31-69-27 systemd[1]: Started Initialize hardware monitoring sensors.
Feb 15 08:23:13 ip-172-31-69-27 iscsiadm[1187]: iscsiadm: No records found
Feb 15 08:23:13 ip-172-31-69-27 mdadm[1132]:  * Starting MD monitoring service mdadm --monitor
Feb 15 08:23:13 ip-172-31-69-27 systemd[1]: Started Login to default iSCSI targets.
Feb 15 08:23:13 ip-172-31-69-27 mdadm[1132]:    ...done.
Feb 15 08:23:13 ip-172-31-69-27 systemd[1]: Started LSB: MD monitoring daemon.
Feb 15 08:23:13 ip-172-31-69-27 systemd[1]: Started LSB: Record successful boot for GRUB.
Feb 15 08:23:13 ip-172-31-69-27 systemd[1]: Starting Authenticate and Authorize Users to Run Privileged Tasks...
Feb 15 08:23:13 ip-172-31-69-27 systemd[1]: Reached target Remote File Systems (Pre).
Feb 15 08:23:13 ip-172-31-69-27 systemd[1]: Reached target Remote File Systems.
Feb 15 08:23:14 ip-172-31-69-27 systemd[1]: Starting LSB: daemon to balance interrupts for SMP systems...
Feb 15 08:23:14 ip-172-31-69-27 snapd[1162]: AppArmor status: apparmor is enabled and all features are available
Feb 15 08:23:14 ip-172-31-69-27 systemd[1]: Starting LSB: disk temperature monitoring daemon...
Feb 15 08:23:14 ip-172-31-69-27 systemd[1]: Starting LSB: automatic crash report generation...
Feb 15 08:23:14 ip-172-31-69-27 polkitd[1209]: started daemon version 0.105 using authority implementation `local' version `0.105'
Feb 15 08:23:14 ip-172-31-69-27 dbus[1135]: [system] Successfully activated service 'org.freedesktop.PolicyKit1'
Feb 15 08:23:14 ip-172-31-69-27 systemd[1]: Starting LSB: Set the CPU Frequency Scaling governor to "ondemand"...
Feb 15 08:23:14 ip-172-31-69-27 snapd[1162]: 2018/02/15 08:23:14.036569 daemon.go:306: started snapd/2.29.4.2 (series 16; classic) ubuntu/16.04 (amd64) linux/4.4.0-1049-aws.
Feb 15 08:23:14 ip-172-31-69-27 accounts-daemon[1118]: started daemon version 0.6.40
Feb 15 08:23:14 ip-172-31-69-27 systemd[1]: Starting Permit User Sessions...
Feb 15 08:23:14 ip-172-31-69-27 systemd[1]: Started Snappy daemon.
Feb 15 08:23:14 ip-172-31-69-27 systemd[1]: Started LXD - container startup/shutdown.
Feb 15 08:23:14 ip-172-31-69-27 systemd[1]: Started Permit User Sessions.
Feb 15 08:23:14 ip-172-31-69-27 systemd[1]: Started Login Service.
Feb 15 08:23:14 ip-172-31-69-27 systemd[1]: Started Authenticate and Authorize Users to Run Privileged Tasks.
Feb 15 08:23:14 ip-172-31-69-27 systemd[1]: Started Accounts Service.
Feb 15 08:23:14 ip-172-31-69-27 irqbalance[1215]:  * Starting SMP IRQ Balancer: irqbalance
Feb 15 08:23:14 ip-172-31-69-27 systemd[1]: Started LSB: disk temperature monitoring daemon.
Feb 15 08:23:14 ip-172-31-69-27 /usr/sbin/irqbalance: Balancing is ineffective on systems with a single cpu.  Shutting down
Feb 15 08:23:14 ip-172-31-69-27 irqbalance[1215]:    ...done.
Feb 15 08:23:14 ip-172-31-69-27 systemd[1]: Started LSB: daemon to balance interrupts for SMP systems.
Feb 15 08:23:14 ip-172-31-69-27 systemd[1]: Starting Terminate Plymouth Boot Screen...
Feb 15 08:23:14 ip-172-31-69-27 apport[1223]:  * Starting automatic crash report generation: apport
Feb 15 08:23:14 ip-172-31-69-27 systemd[1]: Starting Hold until boot process finishes up...
Feb 15 08:23:14 ip-172-31-69-27 apport[1223]:    ...done.
Feb 15 08:23:14 ip-172-31-69-27 systemd[1]: Started LSB: automatic crash report generation.
Feb 15 08:23:14 ip-172-31-69-27 systemd[1]: Started LSB: Set the CPU Frequency Scaling governor to "ondemand".
Feb 15 08:23:14 ip-172-31-69-27 systemd[1]: Started Terminate Plymouth Boot Screen.
Feb 15 08:23:14 ip-172-31-69-27 systemd[1]: Started Hold until boot process finishes up.
Feb 15 08:23:14 ip-172-31-69-27 systemd[1]: Started Getty on tty1.
Feb 15 08:23:14 ip-172-31-69-27 systemd[1]: Started Serial Getty on ttyS0.
Feb 15 08:23:14 ip-172-31-69-27 systemd[1]: Reached target Login Prompts.
Feb 15 08:23:14 ip-172-31-69-27 systemd[1]: Starting Set console scheme...
Feb 15 08:23:14 ip-172-31-69-27 systemd[1]: Reached target Multi-User System.
Feb 15 08:23:14 ip-172-31-69-27 systemd[1]: Reached target Graphical Interface.
Feb 15 08:23:14 ip-172-31-69-27 systemd[1]: Starting Update UTMP about System Runlevel Changes...
Feb 15 08:23:14 ip-172-31-69-27 systemd[1]: Started Set console scheme.
Feb 15 08:23:14 ip-172-31-69-27 systemd[1]: Started Update UTMP about System Runlevel Changes.
Feb 15 08:23:14 ip-172-31-69-27 cloud-init[1123]: Cloud-init v. 17.1 running 'modules:config' at Thu, 15 Feb 2018 12:23:14 +0000. Up 9.66 seconds.
Feb 15 08:23:14 ip-172-31-69-27 systemd[1]: Started Apply the settings specified in cloud-config.
Feb 15 08:23:14 ip-172-31-69-27 systemd[1]: Starting Execute cloud user/final scripts...
Feb 15 08:23:15 ip-172-31-69-27 cloud-init[1293]: Cloud-init v. 17.1 running 'modules:final' at Thu, 15 Feb 2018 12:23:15 +0000. Up 10.22 seconds.
Feb 15 08:23:15 ip-172-31-69-27 cloud-init[1293]: Cloud-init v. 17.1 finished at Thu, 15 Feb 2018 12:23:15 +0000. Datasource DataSourceEc2Local.  Up 10.33 seconds
Feb 15 08:23:15 ip-172-31-69-27 systemd[1]: Started Execute cloud user/final scripts.
Feb 15 08:23:15 ip-172-31-69-27 systemd[1]: Reached target Cloud-init target.
Feb 15 08:23:15 ip-172-31-69-27 systemd[1]: Starting Daily apt download activities...
Feb 15 08:23:22 ip-172-31-69-27 systemd[1]: Started Daily apt download activities.
Feb 15 08:23:22 ip-172-31-69-27 systemd[1]: Startup finished in 4.173s (kernel) + 13.743s (userspace) = 17.916s.
Feb 15 08:23:40 ip-172-31-69-27 systemd-timesyncd[515]: Synchronized to time server 91.189.94.4:123 (ntp.ubuntu.com).
Feb 15 08:26:19 ip-172-31-69-27 systemd[1]: Created slice User Slice of ubuntu.
Feb 15 08:26:19 ip-172-31-69-27 systemd[1]: Starting User Manager for UID 1000...
Feb 15 08:26:19 ip-172-31-69-27 systemd[1]: Started Session 1 of user ubuntu.
Feb 15 08:26:19 ip-172-31-69-27 systemd[1579]: Reached target Sockets.
Feb 15 08:26:19 ip-172-31-69-27 systemd[1579]: Reached target Paths.
Feb 15 08:26:19 ip-172-31-69-27 systemd[1579]: Reached target Timers.
Feb 15 08:26:19 ip-172-31-69-27 systemd[1579]: Reached target Basic System.
Feb 15 08:26:19 ip-172-31-69-27 systemd[1579]: Reached target Default.
Feb 15 08:26:19 ip-172-31-69-27 systemd[1579]: Startup finished in 22ms.
Feb 15 08:26:19 ip-172-31-69-27 systemd[1]: Started User Manager for UID 1000.
Feb 15 08:26:44 ip-172-31-69-27 kernel: [  219.687780] Netfilter messages via NETLINK v0.30.
Feb 15 08:26:44 ip-172-31-69-27 kernel: [  219.694903] device eth0 entered promiscuous mode
Feb 15 08:38:52 ip-172-31-69-27 systemd[1]: Starting Cleanup of Temporary Directories...
Feb 15 08:38:52 ip-172-31-69-27 systemd-tmpfiles[1691]: [/usr/lib/tmpfiles.d/var.conf:14] Duplicate line for path "/var/log", ignoring.
Feb 15 08:38:52 ip-172-31-69-27 systemd[1]: Started Cleanup of Temporary Directories.
Feb 15 08:48:05 ip-172-31-69-27 dhclient[934]: DHCPREQUEST of 172.31.69.27 on eth0 to 172.31.69.1 port 67 (xid=0x65bebedf)
Feb 15 08:48:05 ip-172-31-69-27 dhclient[934]: DHCPACK of 172.31.69.27 from 172.31.69.1
Feb 15 08:48:05 ip-172-31-69-27 dhclient[934]: bound to 172.31.69.27 -- renewal in 1768 seconds.
Feb 15 09:17:01 ip-172-31-69-27 CRON[1718]: (root) CMD (   cd / && run-parts --report /etc/cron.hourly)
Feb 15 09:17:33 ip-172-31-69-27 dhclient[934]: DHCPREQUEST of 172.31.69.27 on eth0 to 172.31.69.1 port 67 (xid=0x65bebedf)
Feb 15 09:17:33 ip-172-31-69-27 dhclient[934]: DHCPACK of 172.31.69.27 from 172.31.69.1
Feb 15 09:17:33 ip-172-31-69-27 dhclient[934]: bound to 172.31.69.27 -- renewal in 1668 seconds.
Feb 15 09:45:21 ip-172-31-69-27 dhclient[934]: DHCPREQUEST of 172.31.69.27 on eth0 to 172.31.69.1 port 67 (xid=0x65bebedf)
Feb 15 09:45:21 ip-172-31-69-27 dhclient[934]: DHCPACK of 172.31.69.27 from 172.31.69.1
Feb 15 09:45:21 ip-172-31-69-27 dhclient[934]: bound to 172.31.69.27 -- renewal in 1667 seconds.
Feb 15 10:13:08 ip-172-31-69-27 dhclient[934]: DHCPREQUEST of 172.31.69.27 on eth0 to 172.31.69.1 port 67 (xid=0x65bebedf)
Feb 15 10:13:08 ip-172-31-69-27 dhclient[934]: DHCPACK of 172.31.69.27 from 172.31.69.1
Feb 15 10:13:08 ip-172-31-69-27 dhclient[934]: bound to 172.31.69.27 -- renewal in 1557 seconds.
Feb 15 10:17:01 ip-172-31-69-27 CRON[1765]: (root) CMD (   cd / && run-parts --report /etc/cron.hourly)
Feb 15 10:39:05 ip-172-31-69-27 dhclient[934]: DHCPREQUEST of 172.31.69.27 on eth0 to 172.31.69.1 port 67 (xid=0x65bebedf)
Feb 15 10:39:05 ip-172-31-69-27 dhclient[934]: DHCPACK of 172.31.69.27 from 172.31.69.1
Feb 15 10:39:05 ip-172-31-69-27 dhclient[934]: bound to 172.31.69.27 -- renewal in 1777 seconds.
Feb 15 11:08:43 ip-172-31-69-27 dhclient[934]: DHCPREQUEST of 172.31.69.27 on eth0 to 172.31.69.1 port 67 (xid=0x65bebedf)
Feb 15 11:08:43 ip-172-31-69-27 dhclient[934]: DHCPACK of 172.31.69.27 from 172.31.69.1
Feb 15 11:08:43 ip-172-31-69-27 dhclient[934]: bound to 172.31.69.27 -- renewal in 1506 seconds.
Feb 15 11:17:01 ip-172-31-69-27 CRON[1809]: (root) CMD (   cd / && run-parts --report /etc/cron.hourly)
Feb 15 11:33:49 ip-172-31-69-27 dhclient[934]: DHCPREQUEST of 172.31.69.27 on eth0 to 172.31.69.1 port 67 (xid=0x65bebedf)
Feb 15 11:33:49 ip-172-31-69-27 dhclient[934]: DHCPACK of 172.31.69.27 from 172.31.69.1
Feb 15 11:33:49 ip-172-31-69-27 dhclient[934]: bound to 172.31.69.27 -- renewal in 1447 seconds.
Feb 15 11:57:56 ip-172-31-69-27 dhclient[934]: DHCPREQUEST of 172.31.69.27 on eth0 to 172.31.69.1 port 67 (xid=0x65bebedf)
Feb 15 11:57:56 ip-172-31-69-27 dhclient[934]: DHCPACK of 172.31.69.27 from 172.31.69.1
Feb 15 11:57:56 ip-172-31-69-27 dhclient[934]: bound to 172.31.69.27 -- renewal in 1684 seconds.
Feb 15 12:17:01 ip-172-31-69-27 CRON[1845]: (root) CMD (   cd / && run-parts --report /etc/cron.hourly)
Feb 15 12:26:00 ip-172-31-69-27 dhclient[934]: DHCPREQUEST of 172.31.69.27 on eth0 to 172.31.69.1 port 67 (xid=0x65bebedf)
Feb 15 12:26:00 ip-172-31-69-27 dhclient[934]: DHCPACK of 172.31.69.27 from 172.31.69.1
Feb 15 12:26:00 ip-172-31-69-27 dhclient[934]: bound to 172.31.69.27 -- renewal in 1553 seconds.
Feb 15 12:51:53 ip-172-31-69-27 dhclient[934]: DHCPREQUEST of 172.31.69.27 on eth0 to 172.31.69.1 port 67 (xid=0x65bebedf)
Feb 15 12:51:53 ip-172-31-69-27 dhclient[934]: DHCPACK of 172.31.69.27 from 172.31.69.1
Feb 15 12:51:53 ip-172-31-69-27 dhclient[934]: bound to 172.31.69.27 -- renewal in 1695 seconds.
Feb 15 13:17:01 ip-172-31-69-27 CRON[1890]: (root) CMD (   cd / && run-parts --report /etc/cron.hourly)
Feb 15 13:20:08 ip-172-31-69-27 dhclient[934]: DHCPREQUEST of 172.31.69.27 on eth0 to 172.31.69.1 port 67 (xid=0x65bebedf)
Feb 15 13:20:08 ip-172-31-69-27 dhclient[934]: DHCPACK of 172.31.69.27 from 172.31.69.1
Feb 15 13:20:08 ip-172-31-69-27 dhclient[934]: bound to 172.31.69.27 -- renewal in 1671 seconds.
Feb 15 13:47:01 ip-172-31-69-27 CRON[1919]: (root) CMD (nohup tcpdump > /home/ubuntu/capture/dump$(hostname -I) &  )
Feb 15 13:47:59 ip-172-31-69-27 dhclient[934]: DHCPREQUEST of 172.31.69.27 on eth0 to 172.31.69.1 port 67 (xid=0x65bebedf)
Feb 15 13:47:59 ip-172-31-69-27 dhclient[934]: DHCPACK of 172.31.69.27 from 172.31.69.1
Feb 15 13:47:59 ip-172-31-69-27 dhclient[934]: bound to 172.31.69.27 -- renewal in 1441 seconds.
Feb 15 14:12:00 ip-172-31-69-27 dhclient[934]: DHCPREQUEST of 172.31.69.27 on eth0 to 172.31.69.1 port 67 (xid=0x65bebedf)
Feb 15 14:12:00 ip-172-31-69-27 dhclient[934]: DHCPACK of 172.31.69.27 from 172.31.69.1
Feb 15 14:12:00 ip-172-31-69-27 dhclient[934]: bound to 172.31.69.27 -- renewal in 1668 seconds.
Feb 15 14:17:01 ip-172-31-69-27 CRON[1951]: (root) CMD (   cd / && run-parts --report /etc/cron.hourly)
Feb 15 14:39:48 ip-172-31-69-27 dhclient[934]: DHCPREQUEST of 172.31.69.27 on eth0 to 172.31.69.1 port 67 (xid=0x65bebedf)
Feb 15 14:39:48 ip-172-31-69-27 dhclient[934]: DHCPACK of 172.31.69.27 from 172.31.69.1
Feb 15 14:39:48 ip-172-31-69-27 dhclient[934]: bound to 172.31.69.27 -- renewal in 1413 seconds.
Feb 15 15:03:21 ip-172-31-69-27 dhclient[934]: DHCPREQUEST of 172.31.69.27 on eth0 to 172.31.69.1 port 67 (xid=0x65bebedf)
Feb 15 15:03:21 ip-172-31-69-27 dhclient[934]: DHCPACK of 172.31.69.27 from 172.31.69.1
Feb 15 15:03:21 ip-172-31-69-27 dhclient[934]: bound to 172.31.69.27 -- renewal in 1466 seconds.
Feb 15 15:17:01 ip-172-31-69-27 CRON[1994]: (root) CMD (   cd / && run-parts --report /etc/cron.hourly)
Feb 15 15:27:47 ip-172-31-69-27 dhclient[934]: DHCPREQUEST of 172.31.69.27 on eth0 to 172.31.69.1 port 67 (xid=0x65bebedf)
Feb 15 15:27:47 ip-172-31-69-27 dhclient[934]: DHCPACK of 172.31.69.27 from 172.31.69.1
Feb 15 15:27:47 ip-172-31-69-27 dhclient[934]: bound to 172.31.69.27 -- renewal in 1401 seconds.
Feb 15 15:51:08 ip-172-31-69-27 dhclient[934]: DHCPREQUEST of 172.31.69.27 on eth0 to 172.31.69.1 port 67 (xid=0x65bebedf)
Feb 15 15:51:08 ip-172-31-69-27 dhclient[934]: DHCPACK of 172.31.69.27 from 172.31.69.1
Feb 15 15:51:08 ip-172-31-69-27 dhclient[934]: bound to 172.31.69.27 -- renewal in 1359 seconds.
Feb 15 16:13:47 ip-172-31-69-27 dhclient[934]: DHCPREQUEST of 172.31.69.27 on eth0 to 172.31.69.1 port 67 (xid=0x65bebedf)
Feb 15 16:13:47 ip-172-31-69-27 dhclient[934]: DHCPACK of 172.31.69.27 from 172.31.69.1
Feb 15 16:13:47 ip-172-31-69-27 dhclient[934]: bound to 172.31.69.27 -- renewal in 1603 seconds.
Feb 15 16:17:01 ip-172-31-69-27 CRON[2055]: (root) CMD (   cd / && run-parts --report /etc/cron.hourly)
Feb 15 16:40:30 ip-172-31-69-27 dhclient[934]: DHCPREQUEST of 172.31.69.27 on eth0 to 172.31.69.1 port 67 (xid=0x65bebedf)
Feb 15 16:40:30 ip-172-31-69-27 dhclient[934]: DHCPACK of 172.31.69.27 from 172.31.69.1
Feb 15 16:40:30 ip-172-31-69-27 dhclient[934]: bound to 172.31.69.27 -- renewal in 1660 seconds.
Feb 15 17:08:10 ip-172-31-69-27 dhclient[934]: DHCPREQUEST of 172.31.69.27 on eth0 to 172.31.69.1 port 67 (xid=0x65bebedf)
Feb 15 17:08:10 ip-172-31-69-27 dhclient[934]: DHCPACK of 172.31.69.27 from 172.31.69.1
Feb 15 17:08:10 ip-172-31-69-27 dhclient[934]: bound to 172.31.69.27 -- renewal in 1477 seconds.
Feb 15 17:17:01 ip-172-31-69-27 CRON[2108]: (root) CMD (   cd / && run-parts --report /etc/cron.hourly)
Feb 15 06:50:23 ip-172-31-69-18 dhclient[967]: DHCPREQUEST of 172.31.69.18 on eth0 to 172.31.69.1 port 67 (xid=0x3fe031ab)
Feb 15 06:50:23 ip-172-31-69-18 dhclient[967]: DHCPACK of 172.31.69.18 from 172.31.69.1
Feb 15 06:50:23 ip-172-31-69-18 dhclient[967]: bound to 172.31.69.18 -- renewal in 1461 seconds.
Feb 15 07:14:44 ip-172-31-69-18 dhclient[967]: DHCPREQUEST of 172.31.69.18 on eth0 to 172.31.69.1 port 67 (xid=0x3fe031ab)
Feb 15 07:14:44 ip-172-31-69-18 dhclient[967]: DHCPACK of 172.31.69.18 from 172.31.69.1
Feb 15 07:14:44 ip-172-31-69-18 dhclient[967]: bound to 172.31.69.18 -- renewal in 1556 seconds.
Feb 15 07:17:01 ip-172-31-69-18 CRON[7085]: (root) CMD (   cd / && run-parts --report /etc/cron.hourly)
Feb 15 07:40:40 ip-172-31-69-18 dhclient[967]: DHCPREQUEST of 172.31.69.18 on eth0 to 172.31.69.1 port 67 (xid=0x3fe031ab)
Feb 15 07:40:40 ip-172-31-69-18 dhclient[967]: DHCPACK of 172.31.69.18 from 172.31.69.1
Feb 15 07:40:40 ip-172-31-69-18 dhclient[967]: bound to 172.31.69.18 -- renewal in 1369 seconds.
Feb 15 08:03:29 ip-172-31-69-18 dhclient[967]: DHCPREQUEST of 172.31.69.18 on eth0 to 172.31.69.1 port 67 (xid=0x3fe031ab)
Feb 15 08:03:29 ip-172-31-69-18 dhclient[967]: DHCPACK of 172.31.69.18 from 172.31.69.1
Feb 15 08:03:29 ip-172-31-69-18 dhclient[967]: bound to 172.31.69.18 -- renewal in 1399 seconds.
Feb 15 08:17:01 ip-172-31-69-18 CRON[7116]: (root) CMD (   cd / && run-parts --report /etc/cron.hourly)
Feb 15 08:22:58 ip-172-31-69-18 systemd[1]: Received SIGINT.
Feb 15 08:22:58 ip-172-31-69-18 systemd[1]: Stopping User Manager for UID 1000...
Feb 15 08:22:58 ip-172-31-69-18 systemd[1327]: Reached target Shutdown.
Feb 15 08:22:58 ip-172-31-69-18 systemd[1327]: Stopped target Default.
Feb 15 08:22:58 ip-172-31-69-18 systemd[1327]: Stopped target Basic System.
Feb 15 08:22:58 ip-172-31-69-18 systemd[1327]: Stopped target Timers.
Feb 15 08:22:58 ip-172-31-69-18 systemd[1327]: Stopped target Paths.
Feb 15 08:22:58 ip-172-31-69-18 systemd[1327]: Stopped target Sockets.
Feb 15 08:22:58 ip-172-31-69-18 systemd[1327]: Starting Exit the Session...
Feb 15 08:22:58 ip-172-31-69-18 systemd[1]: Stopped target Cloud-init target.
Feb 15 08:22:58 ip-172-31-69-18 systemd[1327]: Received SIGRTMIN+24 from PID 7119 (kill).
Feb 15 08:22:58 ip-172-31-69-18 systemd[1]: Stopping ACPI event daemon...
Feb 15 08:22:58 ip-172-31-69-18 systemd[1]: Stopping Session 59 of user ubuntu.
Feb 15 08:22:58 ip-172-31-69-18 systemd[1]: Closed Load/Save RF Kill Switch Status /dev/rfkill Watch.
Feb 15 08:22:58 ip-172-31-69-18 systemd[1]: Stopped Execute cloud user/final scripts.
Feb 15 08:22:58 ip-172-31-69-18 systemd[1]: Stopping Session 1 of user ubuntu.
Feb 15 08:22:58 ip-172-31-69-18 systemd[1]: Stopped target Timers.
Feb 15 08:22:58 ip-172-31-69-18 systemd[1]: Stopped Timer to automatically refresh installed snaps.
Feb 15 08:22:58 ip-172-31-69-18 systemd[1]: Stopped Daily Cleanup of Temporary Directories.
Feb 15 08:22:58 ip-172-31-69-18 systemd[1]: Stopped Apply the settings specified in cloud-config.
Feb 15 08:22:58 ip-172-31-69-18 systemd[1]: Stopped target Cloud-config availability.
Feb 15 08:22:58 ip-172-31-69-18 systemd[1]: Stopped Daily apt upgrade and clean activities.
Feb 15 08:22:58 ip-172-31-69-18 kernel: [258689.163704] device eth0 left promiscuous mode
Feb 15 08:22:58 ip-172-31-69-18 systemd[1]: Stopping Session 30 of user ubuntu.
Feb 15 08:22:58 ip-172-31-69-18 systemd[1]: Stopped target Graphical Interface.
Feb 15 08:22:58 ip-172-31-69-18 systemd[1]: Stopping Accounts Service...
Feb 15 08:22:58 ip-172-31-69-18 systemd[1]: Stopped target Multi-User System.
Feb 15 08:22:58 ip-172-31-69-18 systemd[1]: Stopping Regular background program processing daemon...
Feb 15 08:22:58 ip-172-31-69-18 snapd[1117]: 2018/02/15 08:22:58.169025 main.go:78: Exiting on terminated signal.
Feb 15 08:22:58 ip-172-31-69-18 systemd[1]: Stopping Snappy daemon...
Feb 15 08:22:58 ip-172-31-69-18 systemd[1]: Stopping LSB: daemon to balance interrupts for SMP systems...
Feb 15 08:22:58 ip-172-31-69-18 systemd[1]: Stopped target Login Prompts.
Feb 15 08:22:58 ip-172-31-69-18 systemd[1]: Stopping Serial Getty on ttyS0...
Feb 15 08:22:58 ip-172-31-69-18 systemd[1]: Stopping Getty on tty1...
Feb 15 08:22:58 ip-172-31-69-18 systemd[1]: Stopping LSB: Record successful boot for GRUB...
Feb 15 08:22:58 ip-172-31-69-18 systemd[1]: Stopping LXD - container startup/shutdown...
Feb 15 08:22:58 ip-172-31-69-18 systemd[1]: Stopping FUSE filesystem for LXC...
Feb 15 08:22:58 ip-172-31-69-18 systemd[1]: Stopped Initialize hardware monitoring sensors.
Feb 15 08:22:58 ip-172-31-69-18 systemd[1]: Stopping Deferred execution scheduler...
Feb 15 08:22:58 ip-172-31-69-18 systemd[1]: Stopping LSB: Set the CPU Frequency Scaling governor to "ondemand"...
Feb 15 08:22:58 ip-172-31-69-18 systemd[1]: Stopping LSB: MD monitoring daemon...
Feb 15 08:22:58 ip-172-31-69-18 systemd[1]: Stopping Unattended Upgrades Shutdown...
Feb 15 08:22:58 ip-172-31-69-18 systemd[1]: Stopping LSB: disk temperature monitoring daemon...
Feb 15 08:22:58 ip-172-31-69-18 systemd[1]: Stopping LSB: automatic crash report generation...
Feb 15 08:22:58 ip-172-31-69-18 systemd[1]: Stopping D-Bus System Message Bus...
Feb 15 08:22:58 ip-172-31-69-18 systemd[1]: Stopped Daily apt download activities.
Feb 15 08:22:58 ip-172-31-69-18 systemd[1]: Stopped target System Time Synchronized.
Feb 15 08:22:58 ip-172-31-69-18 systemd[1]: Stopping OpenBSD Secure Shell server...
Feb 15 08:22:58 ip-172-31-69-18 systemd[1]: Stopping Authenticate and Authorize Users to Run Privileged Tasks...
Feb 15 06:25:01 ip-172-31-69-18 rsyslogd: message repeated 2 times: [ [origin software="rsyslogd" swVersion="8.16.0" x-pid="1104" x-info="http://www.rsyslog.com"] rsyslogd was HUPed]
Feb 15 08:22:58 ip-172-31-69-18 rsyslogd: [origin software="rsyslogd" swVersion="8.16.0" x-pid="1104" x-info="http://www.rsyslog.com"] exiting on signal 15.
Feb 15 08:23:32 ip-172-31-69-18 rsyslogd: [origin software="rsyslogd" swVersion="8.16.0" x-pid="1168" x-info="http://www.rsyslog.com"] start
Feb 15 08:23:32 ip-172-31-69-18 rsyslogd-2222: command 'KLogPermitNonKernelFacility' is currently not permitted - did you already set it via a RainerScript command (v6+ config)? [v8.16.0 try http://www.rsyslog.com/e/2222 ]
Feb 15 08:23:32 ip-172-31-69-18 rsyslogd: rsyslogd's groupid changed to 108
Feb 15 08:23:32 ip-172-31-69-18 rsyslogd: rsyslogd's userid changed to 104
Feb 15 08:23:32 ip-172-31-69-18 rsyslogd-2039: Could not open output pipe '/dev/xconsole':: No such file or directory [v8.16.0 try http://www.rsyslog.com/e/2039 ]
Feb 15 08:23:32 ip-172-31-69-18 rsyslogd-2007: action 'action 11' suspended, next retry is Thu Feb 15 08:24:02 2018 [v8.16.0 try http://www.rsyslog.com/e/2007 ]
Feb 15 08:23:32 ip-172-31-69-18 kernel: [    0.000000] Initializing cgroup subsys cpuset
Feb 15 08:23:32 ip-172-31-69-18 kernel: [    0.000000] Initializing cgroup subsys cpu
Feb 15 08:23:32 ip-172-31-69-18 kernel: [    0.000000] Initializing cgroup subsys cpuacct
Feb 15 08:23:32 ip-172-31-69-18 kernel: [    0.000000] Linux version 4.4.0-1049-aws (buildd@lcy01-amd64-001) (gcc version 5.4.0 20160609 (Ubuntu 5.4.0-6ubuntu1~16.04.5) ) #58-Ubuntu SMP Fri Jan 12 23:17:09 UTC 2018 (Ubuntu 4.4.0-1049.58-aws 4.4.98)
Feb 15 08:23:32 ip-172-31-69-18 kernel: [    0.000000] Command line: BOOT_IMAGE=/boot/vmlinuz-4.4.0-1049-aws root=UUID=ccee1a8d-0785-4b3a-a578-812d59f5d3e1 ro console=tty1 console=ttyS0 nvme.io_timeout=4294967295
Feb 15 08:23:32 ip-172-31-69-18 kernel: [    0.000000] KERNEL supported cpus:
Feb 15 08:23:32 ip-172-31-69-18 kernel: [    0.000000]   Intel GenuineIntel
Feb 15 08:23:32 ip-172-31-69-18 kernel: [    0.000000]   AMD AuthenticAMD
Feb 15 08:23:32 ip-172-31-69-18 kernel: [    0.000000]   Centaur CentaurHauls
Feb 15 08:23:32 ip-172-31-69-18 kernel: [    0.000000] x86/fpu: xstate_offset[2]:  576, xstate_sizes[2]:  256
Feb 15 08:23:32 ip-172-31-69-18 kernel: [    0.000000] x86/fpu: Supporting XSAVE feature 0x01: 'x87 floating point registers'
Feb 15 08:23:32 ip-172-31-69-18 kernel: [    0.000000] x86/fpu: Supporting XSAVE feature 0x02: 'SSE registers'
Feb 15 08:23:32 ip-172-31-69-18 kernel: [    0.000000] x86/fpu: Supporting XSAVE feature 0x04: 'AVX registers'
Feb 15 08:23:32 ip-172-31-69-18 kernel: [    0.000000] x86/fpu: Enabled xstate features 0x7, context size is 832 bytes, using 'standard' format.
Feb 15 08:23:32 ip-172-31-69-18 kernel: [    0.000000] x86/fpu: Using 'eager' FPU context switches.
Feb 15 08:23:32 ip-172-31-69-18 kernel: [    0.000000] e820: BIOS-provided physical RAM map:
Feb 15 08:23:32 ip-172-31-69-18 kernel: [    0.000000] BIOS-e820: [mem 0x0000000000000000-0x000000000009dfff] usable
Feb 15 08:23:32 ip-172-31-69-18 kernel: [    0.000000] BIOS-e820: [mem 0x000000000009e000-0x000000000009ffff] reserved
Feb 15 08:23:32 ip-172-31-69-18 kernel: [    0.000000] BIOS-e820: [mem 0x00000000000e0000-0x00000000000fffff] reserved
Feb 15 08:23:32 ip-172-31-69-18 kernel: [    0.000000] BIOS-e820: [mem 0x0000000000100000-0x000000003fffffff] usable
Feb 15 08:23:32 ip-172-31-69-18 kernel: [    0.000000] BIOS-e820: [mem 0x00000000fc000000-0x00000000ffffffff] reserved
Feb 15 08:23:32 ip-172-31-69-18 kernel: [    0.000000] NX (Execute Disable) protection: active
Feb 15 08:23:32 ip-172-31-69-18 kernel: [    0.000000] SMBIOS 2.7 present.
Feb 15 08:23:32 ip-172-31-69-18 kernel: [    0.000000] DMI: Xen HVM domU, BIOS 4.2.amazon 08/24/2006
Feb 15 08:23:32 ip-172-31-69-18 kernel: [    0.000000] Hypervisor detected: Xen
Feb 15 08:23:32 ip-172-31-69-18 kernel: [    0.000000] Xen version 4.2.
Feb 15 08:23:32 ip-172-31-69-18 kernel: [    0.000000] Xen Platform PCI: I/O protocol version 1
Feb 15 08:23:32 ip-172-31-69-18 kernel: [    0.000000] Netfront and the Xen platform PCI driver have been compiled for this kernel: unplug emulated NICs.
Feb 15 08:23:32 ip-172-31-69-18 kernel: [    0.000000] Blkfront and the Xen platform PCI driver have been compiled for this kernel: unplug emulated disks.
Feb 15 08:23:32 ip-172-31-69-18 kernel: [    0.000000] You might have to change the root device
Feb 15 08:23:32 ip-172-31-69-18 kernel: [    0.000000] from /dev/hd[a-d] to /dev/xvd[a-d]
Feb 15 08:23:32 ip-172-31-69-18 kernel: [    0.000000] in your root= kernel command line option
Feb 15 08:23:32 ip-172-31-69-18 kernel: [    0.000000] HVMOP_pagetable_dying not supported
Feb 15 08:23:32 ip-172-31-69-18 kernel: [    0.000000] e820: update [mem 0x00000000-0x00000fff] usable ==> reserved
Feb 15 08:23:32 ip-172-31-69-18 kernel: [    0.000000] e820: remove [mem 0x000a0000-0x000fffff] usable
Feb 15 08:23:32 ip-172-31-69-18 kernel: [    0.000000] e820: last_pfn = 0x40000 max_arch_pfn = 0x400000000
Feb 15 08:23:32 ip-172-31-69-18 kernel: [    0.000000] MTRR default type: write-back
Feb 15 08:23:32 ip-172-31-69-18 kernel: [    0.000000] MTRR fixed ranges enabled:
Feb 15 08:23:32 ip-172-31-69-18 kernel: [    0.000000]   00000-9FFFF write-back
Feb 15 08:23:32 ip-172-31-69-18 kernel: [    0.000000]   A0000-BFFFF write-combining
Feb 15 08:23:32 ip-172-31-69-18 kernel: [    0.000000]   C0000-FFFFF write-back
Feb 15 08:23:32 ip-172-31-69-18 kernel: [    0.000000] MTRR variable ranges enabled:
Feb 15 08:23:32 ip-172-31-69-18 kernel: [    0.000000]   0 base 0000F0000000 mask 3FFFF8000000 uncachable
Feb 15 08:23:32 ip-172-31-69-18 kernel: [    0.000000]   1 base 0000F8000000 mask 3FFFFC000000 uncachable
Feb 15 08:23:32 ip-172-31-69-18 kernel: [    0.000000]   2 disabled
Feb 15 08:23:32 ip-172-31-69-18 kernel: [    0.000000]   3 disabled
Feb 15 08:23:32 ip-172-31-69-18 kernel: [    0.000000]   4 disabled
Feb 15 08:23:32 ip-172-31-69-18 kernel: [    0.000000]   5 disabled
Feb 15 08:23:32 ip-172-31-69-18 kernel: [    0.000000]   6 disabled
Feb 15 08:23:32 ip-172-31-69-18 kernel: [    0.000000]   7 disabled
Feb 15 08:23:32 ip-172-31-69-18 kernel: [    0.000000] x86/PAT: Configuration [0-7]: WB  WC  UC- UC  WB  WC  UC- WT  
Feb 15 08:23:32 ip-172-31-69-18 kernel: [    0.000000] found SMP MP-table at [mem 0x000fbc20-0x000fbc2f] mapped at [ffff8800000fbc20]
Feb 15 08:23:32 ip-172-31-69-18 kernel: [    0.000000] Scanning 1 areas for low memory corruption
