Mar  1 06:41:23 ip-172-31-69-15 dhclient[911]: DHCPREQUEST of 172.31.69.15 on eth0 to 172.31.69.1 port 67 (xid=0x7c5a7b9c)
Mar  1 06:41:23 ip-172-31-69-15 dhclient[911]: DHCPACK of 172.31.69.15 from 172.31.69.1
Mar  1 06:41:23 ip-172-31-69-15 dhclient[911]: bound to 172.31.69.15 -- renewal in 1750 seconds.
Mar  1 06:52:01 ip-172-31-69-15 CRON[3126]: (root) CMD (test -x /usr/sbin/anacron || ( cd / && run-parts --report /etc/cron.monthly ))
Mar  1 07:10:33 ip-172-31-69-15 dhclient[911]: DHCPREQUEST of 172.31.69.15 on eth0 to 172.31.69.1 port 67 (xid=0x7c5a7b9c)
Mar  1 07:10:33 ip-172-31-69-15 dhclient[911]: DHCPACK of 172.31.69.15 from 172.31.69.1
Mar  1 07:10:33 ip-172-31-69-15 dhclient[911]: bound to 172.31.69.15 -- renewal in 1461 seconds.
Mar  1 07:17:01 ip-172-31-69-15 CRON[3143]: (root) CMD (   cd / && run-parts --report /etc/cron.hourly)
Mar  1 07:34:54 ip-172-31-69-15 dhclient[911]: DHCPREQUEST of 172.31.69.15 on eth0 to 172.31.69.1 port 67 (xid=0x7c5a7b9c)
Mar  1 07:34:54 ip-172-31-69-15 dhclient[911]: DHCPACK of 172.31.69.15 from 172.31.69.1
Mar  1 07:34:54 ip-172-31-69-15 dhclient[911]: bound to 172.31.69.15 -- renewal in 1429 seconds.
Mar  1 07:58:43 ip-172-31-69-15 dhclient[911]: DHCPREQUEST of 172.31.69.15 on eth0 to 172.31.69.1 port 67 (xid=0x7c5a7b9c)
Mar  1 07:58:43 ip-172-31-69-15 dhclient[911]: DHCPACK of 172.31.69.15 from 172.31.69.1
Mar  1 07:58:43 ip-172-31-69-15 dhclient[911]: bound to 172.31.69.15 -- renewal in 1537 seconds.
Mar  1 08:15:41 ip-172-31-69-15 systemd[1]: Received SIGINT.
Mar  1 08:15:41 ip-172-31-69-15 systemd[1]: Stopping ACPI event daemon...
Mar  1 08:15:41 ip-172-31-69-15 systemd[1]: Stopped target Graphical Interface.
Mar  1 08:15:41 ip-172-31-69-15 systemd[1]: Stopping Accounts Service...
Mar  1 08:15:41 ip-172-31-69-15 systemd[1]: Closed Load/Save RF Kill Switch Status /dev/rfkill Watch.
Mar  1 08:15:41 ip-172-31-69-15 systemd[1]: Stopped target Cloud-init target.
Mar  1 08:15:41 ip-172-31-69-15 systemd[1]: Stopped Execute cloud user/final scripts.
Mar  1 08:15:41 ip-172-31-69-15 systemd[1]: Stopped Apply the settings specified in cloud-config.
Mar  1 08:15:41 ip-172-31-69-15 systemd[1]: Stopping Authenticate and Authorize Users to Run Privileged Tasks...
Mar  1 08:15:41 ip-172-31-69-15 systemd[1]: Stopped target Multi-User System.
Mar  1 08:15:41 ip-172-31-69-15 systemd[1]: Stopped Initialize hardware monitoring sensors.
Mar  1 08:15:41 ip-172-31-69-15 systemd[1]: Stopping LSB: disk temperature monitoring daemon...
Mar  1 08:15:41 ip-172-31-69-15 systemd[1]: Stopped target Login Prompts.
Mar  1 08:15:41 ip-172-31-69-15 systemd[1]: Stopping Getty on tty1...
Mar  1 08:15:41 ip-172-31-69-15 systemd[1]: Stopping FUSE filesystem for LXC...
Mar  1 08:15:41 ip-172-31-69-15 systemd[1]: Stopping LSB: MD monitoring daemon...
Mar  1 08:15:41 ip-172-31-69-15 systemd[1]: Stopping LXD - container startup/shutdown...
Mar  1 08:15:41 ip-172-31-69-15 systemd[1]: Stopping Deferred execution scheduler...
Mar  1 08:15:41 ip-172-31-69-15 systemd[1]: Stopping Unattended Upgrades Shutdown...
Mar  1 08:15:41 ip-172-31-69-15 systemd[1]: Stopping LSB: Record successful boot for GRUB...
Mar  1 08:15:41 ip-172-31-69-15 systemd[1]: Stopping D-Bus System Message Bus...
Mar  1 08:15:41 ip-172-31-69-15 systemd[1]: Stopping Regular background program processing daemon...
Mar  1 08:15:41 ip-172-31-69-15 systemd[1]: Stopped target Timers.
Mar  1 08:15:41 ip-172-31-69-15 systemd[1]: Stopped Timer to automatically refresh installed snaps.
Mar  1 08:15:41 ip-172-31-69-15 systemd[1]: Stopped Daily Cleanup of Temporary Directories.
Mar  1 08:15:41 ip-172-31-69-15 systemd[1]: Stopping Serial Getty on ttyS0...
Mar  1 08:15:41 ip-172-31-69-15 systemd[1]: Stopped target Cloud-config availability.
Mar  1 08:15:41 ip-172-31-69-15 kernel: [86047.303294] device eth0 left promiscuous mode
Mar  1 08:15:41 ip-172-31-69-15 systemd[1]: Stopping Session 1 of user ubuntu.
Mar  1 08:15:41 ip-172-31-69-15 systemd[1]: Stopping LSB: Set the CPU Frequency Scaling governor to "ondemand"...
Mar  1 08:15:41 ip-172-31-69-15 systemd[1]: Stopping OpenBSD Secure Shell server...
Mar  1 08:15:41 ip-172-31-69-15 systemd[1]: Stopped Daily apt upgrade and clean activities.
Mar  1 08:15:41 ip-172-31-69-15 systemd[1]: Stopped Daily apt download activities.
Mar  1 08:15:41 ip-172-31-69-15 systemd[1]: Stopped target System Time Synchronized.
Mar  1 08:15:41 ip-172-31-69-15 systemd[1]: Stopping LSB: daemon to balance interrupts for SMP systems...
Mar  1 08:15:41 ip-172-31-69-15 systemd[1]: Stopping Snappy daemon...
Mar  1 08:15:41 ip-172-31-69-15 snapd[1131]: 2018/03/01 08:15:41.602363 main.go:78: Exiting on terminated signal.
Mar  1 08:15:41 ip-172-31-69-15 systemd[1]: Stopping User Manager for UID 1000...
Mar  1 08:15:41 ip-172-31-69-15 systemd[1295]: Stopped target Default.
Mar  1 08:15:41 ip-172-31-69-15 systemd[1295]: Stopped target Basic System.
Mar  1 08:15:41 ip-172-31-69-15 systemd[1295]: Stopped target Paths.
Mar  1 08:15:41 ip-172-31-69-15 systemd[1295]: Reached target Shutdown.
Mar  1 08:15:41 ip-172-31-69-15 systemd[1295]: Starting Exit the Session...
Mar  1 08:15:41 ip-172-31-69-15 systemd[1295]: Stopped target Sockets.
Mar  1 08:15:41 ip-172-31-69-15 systemd[1295]: Stopped target Timers.
Mar  1 08:15:41 ip-172-31-69-15 systemd[1295]: Received SIGRTMIN+24 from PID 3229 (kill).
Mar  1 08:15:41 ip-172-31-69-15 systemd[1]: Stopping LSB: automatic crash report generation...
Mar  1 08:15:41 ip-172-31-69-15 rsyslogd: [origin software="rsyslogd" swVersion="8.16.0" x-pid="1125" x-info="http://www.rsyslog.com"] exiting on signal 15.
Mar  1 08:16:14 ip-172-31-69-15 rsyslogd: [origin software="rsyslogd" swVersion="8.16.0" x-pid="1142" x-info="http://www.rsyslog.com"] start
Mar  1 08:16:14 ip-172-31-69-15 rsyslogd-2222: command 'KLogPermitNonKernelFacility' is currently not permitted - did you already set it via a RainerScript command (v6+ config)? [v8.16.0 try http://www.rsyslog.com/e/2222 ]
Mar  1 08:16:14 ip-172-31-69-15 rsyslogd: rsyslogd's groupid changed to 108
Mar  1 08:16:14 ip-172-31-69-15 rsyslogd: rsyslogd's userid changed to 104
Mar  1 08:16:14 ip-172-31-69-15 rsyslogd-2039: Could not open output pipe '/dev/xconsole':: No such file or directory [v8.16.0 try http://www.rsyslog.com/e/2039 ]
Mar  1 08:16:14 ip-172-31-69-15 rsyslogd-2007: action 'action 11' suspended, next retry is Thu Mar  1 08:16:44 2018 [v8.16.0 try http://www.rsyslog.com/e/2007 ]
Mar  1 08:16:14 ip-172-31-69-15 kernel: [    0.000000] Initializing cgroup subsys cpuset
Mar  1 08:16:14 ip-172-31-69-15 kernel: [    0.000000] Initializing cgroup subsys cpu
Mar  1 08:16:14 ip-172-31-69-15 kernel: [    0.000000] Initializing cgroup subsys cpuacct
Mar  1 08:16:14 ip-172-31-69-15 kernel: [    0.000000] Linux version 4.4.0-1052-aws (buildd@lgw01-amd64-031) (gcc version 5.4.0 20160609 (Ubuntu 5.4.0-6ubuntu1~16.04.9) ) #61-Ubuntu SMP Mon Feb 12 23:05:58 UTC 2018 (Ubuntu 4.4.0-1052.61-aws 4.4.98)
Mar  1 08:16:14 ip-172-31-69-15 kernel: [    0.000000] Command line: BOOT_IMAGE=/boot/vmlinuz-4.4.0-1052-aws root=UUID=ccee1a8d-0785-4b3a-a578-812d59f5d3e1 ro console=tty1 console=ttyS0 nvme.io_timeout=4294967295
Mar  1 08:16:14 ip-172-31-69-15 kernel: [    0.000000] KERNEL supported cpus:
Mar  1 08:16:14 ip-172-31-69-15 kernel: [    0.000000]   Intel GenuineIntel
Mar  1 08:16:14 ip-172-31-69-15 kernel: [    0.000000]   AMD AuthenticAMD
Mar  1 08:16:14 ip-172-31-69-15 kernel: [    0.000000]   Centaur CentaurHauls
Mar  1 08:16:14 ip-172-31-69-15 kernel: [    0.000000] x86/fpu: xstate_offset[2]:  576, xstate_sizes[2]:  256
Mar  1 08:16:14 ip-172-31-69-15 kernel: [    0.000000] x86/fpu: Supporting XSAVE feature 0x01: 'x87 floating point registers'
Mar  1 08:16:14 ip-172-31-69-15 kernel: [    0.000000] x86/fpu: Supporting XSAVE feature 0x02: 'SSE registers'
Mar  1 08:16:14 ip-172-31-69-15 kernel: [    0.000000] x86/fpu: Supporting XSAVE feature 0x04: 'AVX registers'
Mar  1 08:16:14 ip-172-31-69-15 kernel: [    0.000000] x86/fpu: Enabled xstate features 0x7, context size is 832 bytes, using 'standard' format.
Mar  1 08:16:14 ip-172-31-69-15 kernel: [    0.000000] x86/fpu: Using 'eager' FPU context switches.
Mar  1 08:16:14 ip-172-31-69-15 kernel: [    0.000000] e820: BIOS-provided physical RAM map:
Mar  1 08:16:14 ip-172-31-69-15 kernel: [    0.000000] BIOS-e820: [mem 0x0000000000000000-0x000000000009dfff] usable
Mar  1 08:16:14 ip-172-31-69-15 kernel: [    0.000000] BIOS-e820: [mem 0x000000000009e000-0x000000000009ffff] reserved
Mar  1 08:16:14 ip-172-31-69-15 kernel: [    0.000000] BIOS-e820: [mem 0x00000000000e0000-0x00000000000fffff] reserved
Mar  1 08:16:14 ip-172-31-69-15 kernel: [    0.000000] BIOS-e820: [mem 0x0000000000100000-0x000000003fffffff] usable
Mar  1 08:16:14 ip-172-31-69-15 kernel: [    0.000000] BIOS-e820: [mem 0x00000000fc000000-0x00000000ffffffff] reserved
Mar  1 08:16:14 ip-172-31-69-15 kernel: [    0.000000] NX (Execute Disable) protection: active
Mar  1 08:16:14 ip-172-31-69-15 kernel: [    0.000000] SMBIOS 2.7 present.
Mar  1 08:16:14 ip-172-31-69-15 kernel: [    0.000000] DMI: Xen HVM domU, BIOS 4.2.amazon 08/24/2006
Mar  1 08:16:14 ip-172-31-69-15 kernel: [    0.000000] Hypervisor detected: Xen
Mar  1 08:16:14 ip-172-31-69-15 kernel: [    0.000000] Xen version 4.2.
Mar  1 08:16:14 ip-172-31-69-15 kernel: [    0.000000] Xen Platform PCI: I/O protocol version 1
Mar  1 08:16:14 ip-172-31-69-15 kernel: [    0.000000] Netfront and the Xen platform PCI driver have been compiled for this kernel: unplug emulated NICs.
Mar  1 08:16:14 ip-172-31-69-15 kernel: [    0.000000] Blkfront and the Xen platform PCI driver have been compiled for this kernel: unplug emulated disks.
Mar  1 08:16:14 ip-172-31-69-15 kernel: [    0.000000] You might have to change the root device
Mar  1 08:16:14 ip-172-31-69-15 kernel: [    0.000000] from /dev/hd[a-d] to /dev/xvd[a-d]
Mar  1 08:16:14 ip-172-31-69-15 kernel: [    0.000000] in your root= kernel command line option
Mar  1 08:16:14 ip-172-31-69-15 kernel: [    0.000000] HVMOP_pagetable_dying not supported
Mar  1 08:16:14 ip-172-31-69-15 kernel: [    0.000000] e820: update [mem 0x00000000-0x00000fff] usable ==> reserved
Mar  1 08:16:14 ip-172-31-69-15 kernel: [    0.000000] e820: remove [mem 0x000a0000-0x000fffff] usable
Mar  1 08:16:14 ip-172-31-69-15 kernel: [    0.000000] e820: last_pfn = 0x40000 max_arch_pfn = 0x400000000
Mar  1 08:16:14 ip-172-31-69-15 kernel: [    0.000000] MTRR default type: write-back
Mar  1 08:16:14 ip-172-31-69-15 kernel: [    0.000000] MTRR fixed ranges enabled:
Mar  1 08:16:14 ip-172-31-69-15 kernel: [    0.000000]   00000-9FFFF write-back
Mar  1 08:16:14 ip-172-31-69-15 kernel: [    0.000000]   A0000-BFFFF write-combining
Mar  1 08:16:14 ip-172-31-69-15 kernel: [    0.000000]   C0000-FFFFF write-back
Mar  1 08:16:14 ip-172-31-69-15 kernel: [    0.000000] MTRR variable ranges enabled:
Mar  1 08:16:14 ip-172-31-69-15 kernel: [    0.000000]   0 base 0000F0000000 mask 3FFFF8000000 uncachable
Mar  1 08:16:14 ip-172-31-69-15 kernel: [    0.000000]   1 base 0000F8000000 mask 3FFFFC000000 uncachable
Mar  1 08:16:14 ip-172-31-69-15 kernel: [    0.000000]   2 disabled
Mar  1 08:16:14 ip-172-31-69-15 kernel: [    0.000000]   3 disabled
Mar  1 08:16:14 ip-172-31-69-15 kernel: [    0.000000]   4 disabled
Mar  1 08:16:14 ip-172-31-69-15 kernel: [    0.000000]   5 disabled
Mar  1 08:16:14 ip-172-31-69-15 kernel: [    0.000000]   6 disabled
Mar  1 08:16:14 ip-172-31-69-15 kernel: [    0.000000]   7 disabled
Mar  1 08:16:14 ip-172-31-69-15 kernel: [    0.000000] x86/PAT: Configuration [0-7]: WB  WC  UC- UC  WB  WC  UC- WT  
Mar  1 08:16:14 ip-172-31-69-15 kernel: [    0.000000] found SMP MP-table at [mem 0x000fbc20-0x000fbc2f] mapped at [ffff8800000fbc20]
Mar  1 08:16:14 ip-172-31-69-15 kernel: [    0.000000] Scanning 1 areas for low memory corruption
Mar  1 08:16:14 ip-172-31-69-15 kernel: [    0.000000] Base memory trampoline at [ffff880000098000] 98000 size 24576
Mar  1 08:16:14 ip-172-31-69-15 kernel: [    0.000000] BRK [0x021fd000, 0x021fdfff] PGTABLE
Mar  1 08:16:14 ip-172-31-69-15 kernel: [    0.000000] BRK [0x021fe000, 0x021fefff] PGTABLE
Mar  1 08:16:14 ip-172-31-69-15 kernel: [    0.000000] BRK [0x021ff000, 0x021fffff] PGTABLE
Mar  1 08:16:14 ip-172-31-69-15 kernel: [    0.000000] RAMDISK: [mem 0x367d8000-0x373e3fff]
Mar  1 08:16:14 ip-172-31-69-15 kernel: [    0.000000] ACPI: Early table checksum verification disabled
Mar  1 08:16:14 ip-172-31-69-15 kernel: [    0.000000] ACPI: RSDP 0x00000000000EA020 000024 (v02 Xen   )
Mar  1 08:16:14 ip-172-31-69-15 kernel: [    0.000000] ACPI: XSDT 0x00000000FC00DDC0 000054 (v01 Xen    HVM      00000000 HVML 00000000)
Mar  1 08:16:14 ip-172-31-69-15 kernel: [    0.000000] ACPI: FACP 0x00000000FC00DA80 0000F4 (v04 Xen    HVM      00000000 HVML 00000000)
Mar  1 08:16:14 ip-172-31-69-15 kernel: [    0.000000] ACPI: DSDT 0x00000000FC001CE0 00BD19 (v02 Xen    HVM      00000000 INTL 20090123)
Mar  1 08:16:14 ip-172-31-69-15 kernel: [    0.000000] ACPI: FACS 0x00000000FC001CA0 000040
Mar  1 08:16:14 ip-172-31-69-15 kernel: [    0.000000] ACPI: FACS 0x00000000FC001CA0 000040
Mar  1 08:16:14 ip-172-31-69-15 kernel: [    0.000000] ACPI: APIC 0x00000000FC00DB80 0000D8 (v02 Xen    HVM      00000000 HVML 00000000)
Mar  1 08:16:14 ip-172-31-69-15 kernel: [    0.000000] ACPI: HPET 0x00000000FC00DCD0 000038 (v01 Xen    HVM      00000000 HVML 00000000)
Mar  1 08:16:14 ip-172-31-69-15 kernel: [    0.000000] ACPI: WAET 0x00000000FC00DD10 000028 (v01 Xen    HVM      00000000 HVML 00000000)
Mar  1 08:16:14 ip-172-31-69-15 kernel: [    0.000000] ACPI: SSDT 0x00000000FC00DD40 000031 (v02 Xen    HVM      00000000 INTL 20090123)
Mar  1 08:16:14 ip-172-31-69-15 kernel: [    0.000000] ACPI: SSDT 0x00000000FC00DD80 000031 (v02 Xen    HVM      00000000 INTL 20090123)
Mar  1 08:16:14 ip-172-31-69-15 kernel: [    0.000000] ACPI: Local APIC address 0xfee00000
Mar  1 08:16:14 ip-172-31-69-15 kernel: [    0.000000] No NUMA configuration found
Mar  1 08:16:14 ip-172-31-69-15 kernel: [    0.000000] Faking a node at [mem 0x0000000000000000-0x000000003fffffff]
Mar  1 08:16:14 ip-172-31-69-15 kernel: [    0.000000] NODE_DATA(0) allocated [mem 0x3fffb000-0x3fffffff]
Mar  1 08:16:14 ip-172-31-69-15 kernel: [    0.000000] Zone ranges:
Mar  1 08:16:14 ip-172-31-69-15 kernel: [    0.000000]   DMA      [mem 0x0000000000001000-0x0000000000ffffff]
Mar  1 08:16:14 ip-172-31-69-15 kernel: [    0.000000]   DMA32    [mem 0x0000000001000000-0x000000003fffffff]
Mar  1 08:16:14 ip-172-31-69-15 kernel: [    0.000000]   Normal   empty
Mar  1 08:16:14 ip-172-31-69-15 kernel: [    0.000000]   Device   empty
Mar  1 08:16:14 ip-172-31-69-15 kernel: [    0.000000] Movable zone start for each node
Mar  1 08:16:14 ip-172-31-69-15 kernel: [    0.000000] Early memory node ranges
Mar  1 08:16:14 ip-172-31-69-15 kernel: [    0.000000]   node   0: [mem 0x0000000000001000-0x000000000009dfff]
Mar  1 08:16:14 ip-172-31-69-15 kernel: [    0.000000]   node   0: [mem 0x0000000000100000-0x000000003fffffff]
Mar  1 08:16:14 ip-172-31-69-15 kernel: [    0.000000] Initmem setup node 0 [mem 0x0000000000001000-0x000000003fffffff]
Mar  1 08:16:14 ip-172-31-69-15 kernel: [    0.000000] On node 0 totalpages: 262045
Mar  1 08:16:14 ip-172-31-69-15 kernel: [    0.000000]   DMA zone: 64 pages used for memmap
Mar  1 08:16:14 ip-172-31-69-15 kernel: [    0.000000]   DMA zone: 21 pages reserved
Mar  1 08:16:14 ip-172-31-69-15 kernel: [    0.000000]   DMA zone: 3997 pages, LIFO batch:0
Mar  1 08:16:14 ip-172-31-69-15 kernel: [    0.000000]   DMA32 zone: 4032 pages used for memmap
Mar  1 08:16:14 ip-172-31-69-15 kernel: [    0.000000]   DMA32 zone: 258048 pages, LIFO batch:31
Mar  1 08:16:14 ip-172-31-69-15 kernel: [    0.000000] ACPI: PM-Timer IO Port: 0xb008
Mar  1 08:16:14 ip-172-31-69-15 kernel: [    0.000000] ACPI: Local APIC address 0xfee00000
Mar  1 08:16:14 ip-172-31-69-15 kernel: [    0.000000] IOAPIC[0]: apic_id 1, version 17, address 0xfec00000, GSI 0-47
Mar  1 08:16:14 ip-172-31-69-15 kernel: [    0.000000] ACPI: INT_SRC_OVR (bus 0 bus_irq 0 global_irq 2 dfl dfl)
Mar  1 08:16:14 ip-172-31-69-15 kernel: [    0.000000] ACPI: INT_SRC_OVR (bus 0 bus_irq 5 global_irq 5 low level)
Mar  1 08:16:14 ip-172-31-69-15 kernel: [    0.000000] ACPI: INT_SRC_OVR (bus 0 bus_irq 10 global_irq 10 low level)
Mar  1 08:16:14 ip-172-31-69-15 kernel: [    0.000000] ACPI: INT_SRC_OVR (bus 0 bus_irq 11 global_irq 11 low level)
Mar  1 08:16:14 ip-172-31-69-15 kernel: [    0.000000] ACPI: IRQ0 used by override.
Mar  1 08:16:14 ip-172-31-69-15 kernel: [    0.000000] ACPI: IRQ5 used by override.
Mar  1 08:16:14 ip-172-31-69-15 kernel: [    0.000000] ACPI: IRQ9 used by override.
Mar  1 08:16:14 ip-172-31-69-15 kernel: [    0.000000] ACPI: IRQ10 used by override.
Mar  1 08:16:14 ip-172-31-69-15 kernel: [    0.000000] ACPI: IRQ11 used by override.
Mar  1 08:16:14 ip-172-31-69-15 kernel: [    0.000000] Using ACPI (MADT) for SMP configuration information
Mar  1 08:16:14 ip-172-31-69-15 kernel: [    0.000000] ACPI: HPET id: 0x8086a201 base: 0xfed00000
Mar  1 08:16:14 ip-172-31-69-15 kernel: [    0.000000] smpboot: Allowing 15 CPUs, 14 hotplug CPUs
Mar  1 08:16:14 ip-172-31-69-15 kernel: [    0.000000] PM: Registered nosave memory: [mem 0x00000000-0x00000fff]
Mar  1 08:16:14 ip-172-31-69-15 kernel: [    0.000000] PM: Registered nosave memory: [mem 0x0009e000-0x0009ffff]
Mar  1 08:16:14 ip-172-31-69-15 kernel: [    0.000000] PM: Registered nosave memory: [mem 0x000a0000-0x000dffff]
Mar  1 08:16:14 ip-172-31-69-15 kernel: [    0.000000] PM: Registered nosave memory: [mem 0x000e0000-0x000fffff]
Mar  1 08:16:14 ip-172-31-69-15 kernel: [    0.000000] e820: [mem 0x40000000-0xfbffffff] available for PCI devices
Mar  1 08:16:14 ip-172-31-69-15 kernel: [    0.000000] Booting paravirtualized kernel on Xen HVM
Mar  1 08:16:14 ip-172-31-69-15 kernel: [    0.000000] clocksource: refined-jiffies: mask: 0xffffffff max_cycles: 0xffffffff, max_idle_ns: 7645519600211568 ns
Mar  1 08:16:14 ip-172-31-69-15 kernel: [    0.000000] setup_percpu: NR_CPUS:256 nr_cpumask_bits:256 nr_cpu_ids:15 nr_node_ids:1
Mar  1 08:16:14 ip-172-31-69-15 kernel: [    0.000000] PERCPU: Embedded 34 pages/cpu @ffff88003e200000 s99160 r8192 d31912 u262144
Mar  1 08:16:14 ip-172-31-69-15 kernel: [    0.000000] pcpu-alloc: s99160 r8192 d31912 u262144 alloc=1*2097152
Mar  1 08:16:14 ip-172-31-69-15 kernel: [    0.000000] pcpu-alloc: [0] 00 01 02 03 04 05 06 07 [0] 08 09 10 11 12 13 14 -- 
Mar  1 08:16:14 ip-172-31-69-15 kernel: [    0.000000] xen: PV spinlocks enabled
Mar  1 08:16:14 ip-172-31-69-15 kernel: [    0.000000] PV qspinlock hash table entries: 256 (order: 0, 4096 bytes)
Mar  1 08:16:14 ip-172-31-69-15 kernel: [    0.000000] Built 1 zonelists in Node order, mobility grouping on.  Total pages: 257928
Mar  1 08:16:14 ip-172-31-69-15 kernel: [    0.000000] Policy zone: DMA32
Mar  1 08:16:14 ip-172-31-69-15 kernel: [    0.000000] Kernel command line: BOOT_IMAGE=/boot/vmlinuz-4.4.0-1052-aws root=UUID=ccee1a8d-0785-4b3a-a578-812d59f5d3e1 ro console=tty1 console=ttyS0 nvme.io_timeout=4294967295
Mar  1 08:16:14 ip-172-31-69-15 kernel: [    0.000000] PID hash table entries: 4096 (order: 3, 32768 bytes)
Mar  1 08:16:14 ip-172-31-69-15 kernel: [    0.000000] Calgary: detecting Calgary via BIOS EBDA area
Mar  1 08:16:14 ip-172-31-69-15 kernel: [    0.000000] Calgary: Unable to locate Rio Grande table in EBDA - bailing!
Mar  1 08:16:14 ip-172-31-69-15 kernel: [    0.000000] Memory: 998616K/1048180K available (8351K kernel code, 1276K rwdata, 3876K rodata, 1492K init, 1264K bss, 49564K reserved, 0K cma-reserved)
Mar  1 08:16:14 ip-172-31-69-15 kernel: [    0.000000] SLUB: HWalign=64, Order=0-3, MinObjects=0, CPUs=15, Nodes=1
Mar  1 08:16:14 ip-172-31-69-15 kernel: [    0.000000] Kernel/User page tables isolation: enabled
Mar  1 08:16:14 ip-172-31-69-15 kernel: [    0.000000] Hierarchical RCU implementation.
Mar  1 08:16:14 ip-172-31-69-15 kernel: [    0.000000] 	Build-time adjustment of leaf fanout to 64.
Mar  1 08:16:14 ip-172-31-69-15 kernel: [    0.000000] 	RCU restricting CPUs from NR_CPUS=256 to nr_cpu_ids=15.
Mar  1 08:16:14 ip-172-31-69-15 kernel: [    0.000000] RCU: Adjusting geometry for rcu_fanout_leaf=64, nr_cpu_ids=15
Mar  1 08:16:14 ip-172-31-69-15 kernel: [    0.000000] NR_IRQS:16640 nr_irqs:952 16
Mar  1 08:16:14 ip-172-31-69-15 kernel: [    0.000000] xen:events: Using 2-level ABI
Mar  1 08:16:14 ip-172-31-69-15 kernel: [    0.000000] xen:events: Xen HVM callback vector for event delivery is enabled
Mar  1 08:16:14 ip-172-31-69-15 kernel: [    0.000000] Console: colour VGA+ 80x25
Mar  1 08:16:14 ip-172-31-69-15 kernel: [    0.000000] console [tty1] enabled
Mar  1 08:16:14 ip-172-31-69-15 kernel: [    0.000000] Cannot get hvm parameter CONSOLE_EVTCHN (18): -22!
Mar  1 08:16:14 ip-172-31-69-15 kernel: [    0.000000] console [ttyS0] enabled
Mar  1 08:16:14 ip-172-31-69-15 kernel: [    0.000000] clocksource: hpet: mask: 0xffffffff max_cycles: 0xffffffff, max_idle_ns: 30580167144 ns
Mar  1 08:16:14 ip-172-31-69-15 kernel: [    0.000000] hpet clockevent registered
Mar  1 08:16:14 ip-172-31-69-15 kernel: [    0.000000] tsc: Detected 2400.072 MHz processor
Mar  1 08:16:14 ip-172-31-69-15 kernel: [    0.008000] Calibrating delay loop (skipped), value calculated using timer frequency.. 4800.14 BogoMIPS (lpj=9600288)
Mar  1 08:16:14 ip-172-31-69-15 kernel: [    0.012005] pid_max: default: 32768 minimum: 301
Mar  1 08:16:14 ip-172-31-69-15 kernel: [    0.016014] ACPI: Core revision 20150930
Mar  1 08:16:14 ip-172-31-69-15 kernel: [    0.025577] ACPI: 3 ACPI AML tables successfully acquired and loaded
Mar  1 08:16:14 ip-172-31-69-15 kernel: [    0.028940] Security Framework initialized
Mar  1 08:16:14 ip-172-31-69-15 kernel: [    0.032005] Yama: becoming mindful.
Mar  1 08:16:14 ip-172-31-69-15 kernel: [    0.034485] AppArmor: AppArmor initialized
Mar  1 08:16:14 ip-172-31-69-15 kernel: [    0.036091] Dentry cache hash table entries: 131072 (order: 8, 1048576 bytes)
Mar  1 08:16:14 ip-172-31-69-15 kernel: [    0.040181] Inode-cache hash table entries: 65536 (order: 7, 524288 bytes)
Mar  1 08:16:14 ip-172-31-69-15 kernel: [    0.044082] Mount-cache hash table entries: 2048 (order: 2, 16384 bytes)
Mar  1 08:16:14 ip-172-31-69-15 kernel: [    0.048005] Mountpoint-cache hash table entries: 2048 (order: 2, 16384 bytes)
Mar  1 08:16:14 ip-172-31-69-15 kernel: [    0.056186] Initializing cgroup subsys io
Mar  1 08:16:14 ip-172-31-69-15 kernel: [    0.058959] Initializing cgroup subsys memory
Mar  1 08:16:14 ip-172-31-69-15 kernel: [    0.060014] Initializing cgroup subsys devices
Mar  1 08:16:14 ip-172-31-69-15 kernel: [    0.064007] Initializing cgroup subsys freezer
Mar  1 08:16:14 ip-172-31-69-15 kernel: [    0.068004] Initializing cgroup subsys net_cls
Mar  1 08:16:14 ip-172-31-69-15 kernel: [    0.072008] Initializing cgroup subsys perf_event
Mar  1 08:16:14 ip-172-31-69-15 kernel: [    0.075106] Initializing cgroup subsys net_prio
Mar  1 08:16:14 ip-172-31-69-15 kernel: [    0.076012] Initializing cgroup subsys hugetlb
Mar  1 08:16:14 ip-172-31-69-15 kernel: [    0.080005] Initializing cgroup subsys pids
Mar  1 08:16:14 ip-172-31-69-15 kernel: [    0.084078] CPU: Physical Processor ID: 0
Mar  1 08:16:14 ip-172-31-69-15 kernel: [    0.086796] FEATURE SPEC_CTRL Not Present
Mar  1 08:16:14 ip-172-31-69-15 kernel: [    0.088743] mce: CPU supports 2 MCE banks
Mar  1 08:16:14 ip-172-31-69-15 kernel: [    0.092025] Last level iTLB entries: 4KB 1024, 2MB 1024, 4MB 1024
Mar  1 08:16:14 ip-172-31-69-15 kernel: [    0.096003] Last level dTLB entries: 4KB 1024, 2MB 1024, 4MB 1024, 1GB 4
Mar  1 08:16:14 ip-172-31-69-15 kernel: [    0.100006] Spectre V2 mitigation: Mitigation: Full generic retpoline
Mar  1 08:16:14 ip-172-31-69-15 kernel: [    0.108003] Spectre V2 mitigation: Speculation control IBPB not-supported IBRS not-supported
Mar  1 08:16:14 ip-172-31-69-15 kernel: [    0.133477] ftrace: allocating 31292 entries in 123 pages
Mar  1 08:16:14 ip-172-31-69-15 kernel: [    0.180099] smpboot: APIC(0) Converting physical 0 to logical package 0
Mar  1 08:16:14 ip-172-31-69-15 kernel: [    0.184007] smpboot: Max logical packages: 15
Mar  1 08:16:14 ip-172-31-69-15 kernel: [    0.188622] x2apic: IRQ remapping doesn't support X2APIC mode
Mar  1 08:16:14 ip-172-31-69-15 kernel: [    0.192006] Switched APIC routing to physical flat.
Mar  1 08:16:14 ip-172-31-69-15 kernel: [    0.198103] ..TIMER: vector=0x30 apic1=0 pin1=2 apic2=0 pin2=0
Mar  1 08:16:14 ip-172-31-69-15 kernel: [    0.204003] clocksource: xen: mask: 0xffffffffffffffff max_cycles: 0x1cd42e4dffb, max_idle_ns: 881590591483 ns
Mar  1 08:16:14 ip-172-31-69-15 kernel: [    0.208011] Xen: using vcpuop timer interface
Mar  1 08:16:14 ip-172-31-69-15 kernel: [    0.208018] installing Xen timer for CPU 0
Mar  1 08:16:14 ip-172-31-69-15 kernel: [    0.212067] smpboot: CPU0: Intel(R) Xeon(R) CPU E5-2676 v3 @ 2.40GHz (family: 0x6, model: 0x3f, stepping: 0x2)
Mar  1 08:16:14 ip-172-31-69-15 kernel: [    0.219668] cpu 0 spinlock event irq 53
Mar  1 08:16:14 ip-172-31-69-15 kernel: [    0.220015] Performance Events: unsupported p6 CPU model 63 no PMU driver, software events only.
Mar  1 08:16:14 ip-172-31-69-15 kernel: [    0.224796] x86: Booted up 1 node, 1 CPUs
Mar  1 08:16:14 ip-172-31-69-15 kernel: [    0.228006] smpboot: Total of 1 processors activated (4800.14 BogoMIPS)
Mar  1 08:16:14 ip-172-31-69-15 kernel: [    0.232016] NMI watchdog: disabled (cpu0): hardware events not enabled
Mar  1 08:16:14 ip-172-31-69-15 kernel: [    0.236003] NMI watchdog: Shutting down hard lockup detector on all cpus
Mar  1 08:16:14 ip-172-31-69-15 kernel: [    0.240382] devtmpfs: initialized
Mar  1 08:16:14 ip-172-31-69-15 kernel: [    0.244280] evm: security.selinux
Mar  1 08:16:14 ip-172-31-69-15 kernel: [    0.246943] evm: security.SMACK64
Mar  1 08:16:14 ip-172-31-69-15 kernel: [    0.248009] evm: security.SMACK64EXEC
Mar  1 08:16:14 ip-172-31-69-15 kernel: [    0.252006] evm: security.SMACK64TRANSMUTE
Mar  1 08:16:14 ip-172-31-69-15 kernel: [    0.256006] evm: security.SMACK64MMAP
Mar  1 08:16:14 ip-172-31-69-15 kernel: [    0.260004] evm: security.ima
Mar  1 08:16:14 ip-172-31-69-15 kernel: [    0.262241] evm: security.capability
Mar  1 08:16:14 ip-172-31-69-15 kernel: [    0.264175] clocksource: jiffies: mask: 0xffffffff max_cycles: 0xffffffff, max_idle_ns: 7645041785100000 ns
Mar  1 08:16:14 ip-172-31-69-15 kernel: [    0.268037] futex hash table entries: 4096 (order: 6, 262144 bytes)
Mar  1 08:16:14 ip-172-31-69-15 kernel: [    0.272191] RTC time: 12:16:06, date: 03/01/18
Mar  1 08:16:14 ip-172-31-69-15 kernel: [    0.275586] NET: Registered protocol family 16
Mar  1 08:16:14 ip-172-31-69-15 kernel: [    0.276176] cpuidle: using governor ladder
Mar  1 08:16:14 ip-172-31-69-15 kernel: [    0.280013] cpuidle: using governor menu
Mar  1 08:16:14 ip-172-31-69-15 kernel: [    0.283397] PCCT header not found.
Mar  1 08:16:14 ip-172-31-69-15 kernel: [    0.284071] ACPI: bus type PCI registered
Mar  1 08:16:14 ip-172-31-69-15 kernel: [    0.287227] acpiphp: ACPI Hot Plug PCI Controller Driver version: 0.5
Mar  1 08:16:14 ip-172-31-69-15 kernel: [    0.288320] PCI: Using configuration type 1 for base access
Mar  1 08:16:14 ip-172-31-69-15 kernel: [    0.292902] ACPI: Added _OSI(Module Device)
Mar  1 08:16:14 ip-172-31-69-15 kernel: [    0.296005] ACPI: Added _OSI(Processor Device)
Mar  1 08:16:14 ip-172-31-69-15 kernel: [    0.300006] ACPI: Added _OSI(3.0 _SCP Extensions)
Mar  1 08:16:14 ip-172-31-69-15 kernel: [    0.303734] ACPI: Added _OSI(Processor Aggregator Device)
Mar  1 08:16:14 ip-172-31-69-15 kernel: [    0.305084] xen: --> pirq=16 -> irq=9 (gsi=9)
Mar  1 08:16:14 ip-172-31-69-15 kernel: [    0.307832] ACPI: Interpreter enabled
Mar  1 08:16:14 ip-172-31-69-15 kernel: [    0.308024] ACPI: (supports S0 S4 S5)
Mar  1 08:16:14 ip-172-31-69-15 kernel: [    0.311514] ACPI: Using IOAPIC for interrupt routing
Mar  1 08:16:14 ip-172-31-69-15 kernel: [    0.312032] PCI: Using host bridge windows from ACPI; if necessary, use "pci=nocrs" and report a bug
Mar  1 08:16:14 ip-172-31-69-15 kernel: [    0.361914] ACPI: PCI Root Bridge [PCI0] (domain 0000 [bus 00-ff])
Mar  1 08:16:14 ip-172-31-69-15 kernel: [    0.364016] acpi PNP0A03:00: _OSC: OS supports [ASPM ClockPM Segments MSI]
Mar  1 08:16:14 ip-172-31-69-15 kernel: [    0.368017] acpi PNP0A03:00: _OSC failed (AE_NOT_FOUND); disabling ASPM
Mar  1 08:16:14 ip-172-31-69-15 kernel: [    0.372026] acpi PNP0A03:00: fail to add MMCONFIG information, can't access extended PCI configuration space under this bridge.
Mar  1 08:16:14 ip-172-31-69-15 kernel: [    0.376985] acpiphp: Slot [0] registered
Mar  1 08:16:14 ip-172-31-69-15 kernel: [    0.380644] acpiphp: Slot [3] registered
Mar  1 08:16:14 ip-172-31-69-15 kernel: [    0.383878] acpiphp: Slot [4] registered
Mar  1 08:16:14 ip-172-31-69-15 kernel: [    0.384363] acpiphp: Slot [5] registered
Mar  1 08:16:14 ip-172-31-69-15 kernel: [    0.387625] acpiphp: Slot [6] registered
Mar  1 08:16:14 ip-172-31-69-15 kernel: [    0.388508] acpiphp: Slot [7] registered
Mar  1 08:16:14 ip-172-31-69-15 kernel: [    0.392400] acpiphp: Slot [8] registered
Mar  1 08:16:14 ip-172-31-69-15 kernel: [    0.396323] acpiphp: Slot [9] registered
Mar  1 08:16:14 ip-172-31-69-15 kernel: [    0.399653] acpiphp: Slot [10] registered
Mar  1 08:16:14 ip-172-31-69-15 kernel: [    0.400291] acpiphp: Slot [11] registered
Mar  1 08:16:14 ip-172-31-69-15 kernel: [    0.403504] acpiphp: Slot [12] registered
Mar  1 08:16:14 ip-172-31-69-15 kernel: [    0.404313] acpiphp: Slot [13] registered
Mar  1 08:16:14 ip-172-31-69-15 kernel: [    0.407617] acpiphp: Slot [14] registered
Mar  1 08:16:14 ip-172-31-69-15 kernel: [    0.408296] acpiphp: Slot [15] registered
Mar  1 08:16:14 ip-172-31-69-15 kernel: [    0.411642] acpiphp: Slot [16] registered
Mar  1 08:16:14 ip-172-31-69-15 kernel: [    0.412280] acpiphp: Slot [17] registered
Mar  1 08:16:14 ip-172-31-69-15 kernel: [    0.415524] acpiphp: Slot [18] registered
Mar  1 08:16:14 ip-172-31-69-15 kernel: [    0.416320] acpiphp: Slot [19] registered
Mar  1 08:16:14 ip-172-31-69-15 kernel: [    0.419576] acpiphp: Slot [20] registered
Mar  1 08:16:14 ip-172-31-69-15 kernel: [    0.420275] acpiphp: Slot [21] registered
Mar  1 08:16:14 ip-172-31-69-15 kernel: [    0.423393] acpiphp: Slot [22] registered
Mar  1 08:16:14 ip-172-31-69-15 kernel: [    0.424337] acpiphp: Slot [23] registered
Mar  1 08:16:14 ip-172-31-69-15 kernel: [    0.427899] acpiphp: Slot [24] registered
Mar  1 08:16:14 ip-172-31-69-15 kernel: [    0.428327] acpiphp: Slot [25] registered
Mar  1 08:16:14 ip-172-31-69-15 kernel: [    0.431716] acpiphp: Slot [26] registered
Mar  1 08:16:14 ip-172-31-69-15 kernel: [    0.432298] acpiphp: Slot [27] registered
Mar  1 08:16:14 ip-172-31-69-15 kernel: [    0.435605] acpiphp: Slot [28] registered
Mar  1 08:16:14 ip-172-31-69-15 kernel: [    0.436352] acpiphp: Slot [29] registered
Mar  1 08:16:14 ip-172-31-69-15 kernel: [    0.439661] acpiphp: Slot [30] registered
Mar  1 08:16:14 ip-172-31-69-15 kernel: [    0.440306] acpiphp: Slot [31] registered
Mar  1 08:16:14 ip-172-31-69-15 kernel: [    0.444200] PCI host bridge to bus 0000:00
Mar  1 08:16:14 ip-172-31-69-15 kernel: [    0.447387] pci_bus 0000:00: root bus resource [io  0x0000-0x0cf7 window]
Mar  1 08:16:14 ip-172-31-69-15 kernel: [    0.448008] pci_bus 0000:00: root bus resource [io  0x0d00-0xffff window]
Mar  1 08:16:14 ip-172-31-69-15 kernel: [    0.452008] pci_bus 0000:00: root bus resource [mem 0x000a0000-0x000bffff window]
Mar  1 08:16:14 ip-172-31-69-15 kernel: [    0.456008] pci_bus 0000:00: root bus resource [mem 0xf0000000-0xfbffffff window]
Mar  1 08:16:14 ip-172-31-69-15 kernel: [    0.460008] pci_bus 0000:00: root bus resource [bus 00-ff]
Mar  1 08:16:14 ip-172-31-69-15 kernel: [    0.464045] pci 0000:00:00.0: [8086:1237] type 00 class 0x060000
Mar  1 08:16:14 ip-172-31-69-15 kernel: [    0.466058] pci 0000:00:01.0: [8086:7000] type 00 class 0x060100
Mar  1 08:16:14 ip-172-31-69-15 kernel: [    0.468508] pci 0000:00:01.1: [8086:7010] type 00 class 0x010180
Mar  1 08:16:14 ip-172-31-69-15 kernel: [    0.469812] pci 0000:00:01.1: reg 0x20: [io  0xc100-0xc10f]
Mar  1 08:16:14 ip-172-31-69-15 kernel: [    0.470363] pci 0000:00:01.1: legacy IDE quirk: reg 0x10: [io  0x01f0-0x01f7]
Mar  1 08:16:14 ip-172-31-69-15 kernel: [    0.472008] pci 0000:00:01.1: legacy IDE quirk: reg 0x14: [io  0x03f6]
Mar  1 08:16:14 ip-172-31-69-15 kernel: [    0.476007] pci 0000:00:01.1: legacy IDE quirk: reg 0x18: [io  0x0170-0x0177]
Mar  1 08:16:14 ip-172-31-69-15 kernel: [    0.480007] pci 0000:00:01.1: legacy IDE quirk: reg 0x1c: [io  0x0376]
Mar  1 08:16:14 ip-172-31-69-15 kernel: [    0.484700] pci 0000:00:01.3: [8086:7113] type 00 class 0x068000
Mar  1 08:16:14 ip-172-31-69-15 kernel: [    0.484870] * Found PM-Timer Bug on the chipset. Due to workarounds for a bug,
Mar  1 08:16:14 ip-172-31-69-15 kernel: [    0.484870] * this clock source is slow. Consider trying other clock sources
Mar  1 08:16:14 ip-172-31-69-15 kernel: [    0.489315] pci 0000:00:01.3: quirk: [io  0xb000-0xb03f] claimed by PIIX4 ACPI
Mar  1 08:16:14 ip-172-31-69-15 kernel: [    0.492936] pci 0000:00:02.0: [1013:00b8] type 00 class 0x030000
Mar  1 08:16:14 ip-172-31-69-15 kernel: [    0.493317] pci 0000:00:02.0: reg 0x10: [mem 0xf0000000-0xf1ffffff pref]
Mar  1 08:16:14 ip-172-31-69-15 kernel: [    0.493548] pci 0000:00:02.0: reg 0x14: [mem 0xf3000000-0xf3000fff]
Mar  1 08:16:14 ip-172-31-69-15 kernel: [    0.495350] pci 0000:00:03.0: [5853:0001] type 00 class 0xff8000
Mar  1 08:16:14 ip-172-31-69-15 kernel: [    0.495758] pci 0000:00:03.0: reg 0x10: [io  0xc000-0xc0ff]
Mar  1 08:16:14 ip-172-31-69-15 kernel: [    0.495938] pci 0000:00:03.0: reg 0x14: [mem 0xf2000000-0xf2ffffff pref]
Mar  1 08:16:14 ip-172-31-69-15 kernel: [    0.498288] ACPI: PCI Interrupt Link [LNKA] (IRQs *5 10 11)
Mar  1 08:16:14 ip-172-31-69-15 kernel: [    0.503390] ACPI: PCI Interrupt Link [LNKB] (IRQs 5 *10 11)
Mar  1 08:16:14 ip-172-31-69-15 kernel: [    0.507306] ACPI: PCI Interrupt Link [LNKC] (IRQs 5 10 *11)
Mar  1 08:16:14 ip-172-31-69-15 kernel: [    0.511136] ACPI: PCI Interrupt Link [LNKD] (IRQs *5 10 11)
Mar  1 08:16:14 ip-172-31-69-15 kernel: [    0.533743] ACPI: Enabled 2 GPEs in block 00 to 0F
Mar  1 08:16:14 ip-172-31-69-15 kernel: [    0.536083] xen:balloon: Initialising balloon driver
Mar  1 08:16:14 ip-172-31-69-15 kernel: [    0.540128] vgaarb: setting as boot device: PCI:0000:00:02.0
Mar  1 08:16:14 ip-172-31-69-15 kernel: [    0.544000] vgaarb: device added: PCI:0000:00:02.0,decodes=io+mem,owns=io+mem,locks=none
Mar  1 08:16:14 ip-172-31-69-15 kernel: [    0.544012] vgaarb: loaded
Mar  1 08:16:14 ip-172-31-69-15 kernel: [    0.546689] vgaarb: bridge control possible 0000:00:02.0
Mar  1 08:16:14 ip-172-31-69-15 kernel: [    0.548241] SCSI subsystem initialized
Mar  1 08:16:14 ip-172-31-69-15 kernel: [    0.551388] libata version 3.00 loaded.
Mar  1 08:16:14 ip-172-31-69-15 kernel: [    0.551412] ACPI: bus type USB registered
Mar  1 08:16:14 ip-172-31-69-15 kernel: [    0.552027] usbcore: registered new interface driver usbfs
Mar  1 08:16:14 ip-172-31-69-15 kernel: [    0.556020] usbcore: registered new interface driver hub
Mar  1 08:16:14 ip-172-31-69-15 kernel: [    0.560025] usbcore: registered new device driver usb
Mar  1 08:16:14 ip-172-31-69-15 kernel: [    0.564164] PCI: Using ACPI for IRQ routing
Mar  1 08:16:14 ip-172-31-69-15 kernel: [    0.567993] PCI: pci_cache_line_size set to 64 bytes
Mar  1 08:16:14 ip-172-31-69-15 kernel: [    0.568463] e820: reserve RAM buffer [mem 0x0009e000-0x0009ffff]
Mar  1 08:16:14 ip-172-31-69-15 kernel: [    0.568585] NetLabel: Initializing
Mar  1 08:16:14 ip-172-31-69-15 kernel: [    0.572004] NetLabel:  domain hash size = 128
Mar  1 08:16:14 ip-172-31-69-15 kernel: [    0.576005] NetLabel:  protocols = UNLABELED CIPSOv4
Mar  1 08:16:14 ip-172-31-69-15 kernel: [    0.580019] NetLabel:  unlabeled traffic allowed by default
Mar  1 08:16:14 ip-172-31-69-15 kernel: [    0.584122] HPET: 3 timers in total, 0 timers will be used for per-cpu timer
Mar  1 08:16:14 ip-172-31-69-15 kernel: [    0.588021] hpet0: at MMIO 0xfed00000, IRQs 2, 8, 0
Mar  1 08:16:14 ip-172-31-69-15 kernel: [    0.594450] hpet0: 3 comparators, 64-bit 62.500000 MHz counter
Mar  1 08:16:14 ip-172-31-69-15 kernel: [    0.598055] amd_nb: Cannot enumerate AMD northbridges
Mar  1 08:16:14 ip-172-31-69-15 kernel: [    0.600024] clocksource: Switched to clocksource xen
Mar  1 08:16:14 ip-172-31-69-15 kernel: [    0.609920] AppArmor: AppArmor Filesystem Enabled
Mar  1 08:16:14 ip-172-31-69-15 kernel: [    0.615801] pnp: PnP ACPI init
Mar  1 08:16:14 ip-172-31-69-15 kernel: [    0.619907] system 00:00: [mem 0x00000000-0x0009ffff] could not be reserved
Mar  1 08:16:14 ip-172-31-69-15 kernel: [    0.625675] system 00:00: Plug and Play ACPI device, IDs PNP0c02 (active)
Mar  1 08:16:14 ip-172-31-69-15 kernel: [    0.625771] system 00:01: [io  0x08a0-0x08a3] has been reserved
Mar  1 08:16:14 ip-172-31-69-15 kernel: [    0.630667] system 00:01: [io  0x0cc0-0x0ccf] has been reserved
Mar  1 08:16:14 ip-172-31-69-15 kernel: [    0.637315] system 00:01: [io  0x04d0-0x04d1] has been reserved
Mar  1 08:16:14 ip-172-31-69-15 kernel: [    0.641905] system 00:01: Plug and Play ACPI device, IDs PNP0c02 (active)
Mar  1 08:16:14 ip-172-31-69-15 kernel: [    0.641937] xen: --> pirq=17 -> irq=8 (gsi=8)
Mar  1 08:16:14 ip-172-31-69-15 kernel: [    0.641963] pnp 00:02: Plug and Play ACPI device, IDs PNP0b00 (active)
Mar  1 08:16:14 ip-172-31-69-15 kernel: [    0.641991] xen: --> pirq=18 -> irq=12 (gsi=12)
Mar  1 08:16:14 ip-172-31-69-15 kernel: [    0.642005] pnp 00:03: Plug and Play ACPI device, IDs PNP0f13 (active)
Mar  1 08:16:14 ip-172-31-69-15 kernel: [    0.642022] xen: --> pirq=19 -> irq=1 (gsi=1)
Mar  1 08:16:14 ip-172-31-69-15 kernel: [    0.642035] pnp 00:04: Plug and Play ACPI device, IDs PNP0303 PNP030b (active)
Mar  1 08:16:14 ip-172-31-69-15 kernel: [    0.642051] xen: --> pirq=20 -> irq=6 (gsi=6)
Mar  1 08:16:14 ip-172-31-69-15 kernel: [    0.642053] pnp 00:05: [dma 2]
Mar  1 08:16:14 ip-172-31-69-15 kernel: [    0.642066] pnp 00:05: Plug and Play ACPI device, IDs PNP0700 (active)
Mar  1 08:16:14 ip-172-31-69-15 kernel: [    0.642089] xen: --> pirq=21 -> irq=4 (gsi=4)
Mar  1 08:16:14 ip-172-31-69-15 kernel: [    0.642102] pnp 00:06: Plug and Play ACPI device, IDs PNP0501 (active)
Mar  1 08:16:14 ip-172-31-69-15 kernel: [    0.642141] system 00:07: [io  0x10c0-0x1141] has been reserved
Mar  1 08:16:14 ip-172-31-69-15 kernel: [    0.646754] system 00:07: [io  0xb044-0xb047] has been reserved
Mar  1 08:16:14 ip-172-31-69-15 kernel: [    0.650826] system 00:07: Plug and Play ACPI device, IDs PNP0c02 (active)
Mar  1 08:16:14 ip-172-31-69-15 kernel: [    0.668968] pnp: PnP ACPI: found 8 devices
Mar  1 08:16:14 ip-172-31-69-15 kernel: [    0.677608] clocksource: acpi_pm: mask: 0xffffff max_cycles: 0xffffff, max_idle_ns: 2085701024 ns
Mar  1 08:16:14 ip-172-31-69-15 kernel: [    0.690713] pci_bus 0000:00: resource 4 [io  0x0000-0x0cf7 window]
Mar  1 08:16:14 ip-172-31-69-15 kernel: [    0.690716] pci_bus 0000:00: resource 5 [io  0x0d00-0xffff window]
Mar  1 08:16:14 ip-172-31-69-15 kernel: [    0.690718] pci_bus 0000:00: resource 6 [mem 0x000a0000-0x000bffff window]
Mar  1 08:16:14 ip-172-31-69-15 kernel: [    0.690720] pci_bus 0000:00: resource 7 [mem 0xf0000000-0xfbffffff window]
Mar  1 08:16:14 ip-172-31-69-15 kernel: [    0.690765] NET: Registered protocol family 2
Mar  1 08:16:14 ip-172-31-69-15 kernel: [    0.694390] TCP established hash table entries: 8192 (order: 4, 65536 bytes)
Mar  1 08:16:14 ip-172-31-69-15 kernel: [    0.699431] TCP bind hash table entries: 8192 (order: 5, 131072 bytes)
Mar  1 08:16:14 ip-172-31-69-15 kernel: [    0.703997] TCP: Hash tables configured (established 8192 bind 8192)
Mar  1 08:16:14 ip-172-31-69-15 kernel: [    0.708586] UDP hash table entries: 512 (order: 2, 16384 bytes)
Mar  1 08:16:14 ip-172-31-69-15 kernel: [    0.713786] UDP-Lite hash table entries: 512 (order: 2, 16384 bytes)
Mar  1 08:16:14 ip-172-31-69-15 kernel: [    0.719637] NET: Registered protocol family 1
Mar  1 08:16:14 ip-172-31-69-15 kernel: [    0.723989] pci 0000:00:00.0: Limiting direct PCI/PCI transfers
Mar  1 08:16:14 ip-172-31-69-15 kernel: [    0.729116] pci 0000:00:01.0: PIIX3: Enabling Passive Release
Mar  1 08:16:14 ip-172-31-69-15 kernel: [    0.733199] pci 0000:00:01.0: Activating ISA DMA hang workarounds
Mar  1 08:16:14 ip-172-31-69-15 kernel: [    0.737621] pci 0000:00:02.0: Video device with shadowed ROM
Mar  1 08:16:14 ip-172-31-69-15 kernel: [    0.737695] PCI: CLS 0 bytes, default 64
Mar  1 08:16:14 ip-172-31-69-15 kernel: [    0.737753] Trying to unpack rootfs image as initramfs...
Mar  1 08:16:14 ip-172-31-69-15 kernel: [    0.920434] Freeing initrd memory: 12336K
Mar  1 08:16:14 ip-172-31-69-15 kernel: [    0.925646] RAPL PMU detected, API unit is 2^-32 Joules, 3 fixed counters 655360 ms ovfl timer
Mar  1 08:16:14 ip-172-31-69-15 kernel: [    0.934562] hw unit of domain pp0-core 2^-14 Joules
Mar  1 08:16:14 ip-172-31-69-15 kernel: [    0.940028] hw unit of domain package 2^-14 Joules
Mar  1 08:16:14 ip-172-31-69-15 kernel: [    0.944689] hw unit of domain dram 2^-16 Joules
Mar  1 08:16:14 ip-172-31-69-15 kernel: [    0.947934] Scanning for low memory corruption every 60 seconds
Mar  1 08:16:14 ip-172-31-69-15 kernel: [    0.952389] audit: initializing netlink subsys (disabled)
Mar  1 08:16:14 ip-172-31-69-15 kernel: [    0.956318] audit: type=2000 audit(1519906566.906:1): initialized
Mar  1 08:16:14 ip-172-31-69-15 kernel: [    0.960766] Initialise system trusted keyring
Mar  1 08:16:14 ip-172-31-69-15 kernel: [    0.964043] HugeTLB registered 2 MB page size, pre-allocated 0 pages
Mar  1 08:16:14 ip-172-31-69-15 kernel: [    0.969322] zbud: loaded
Mar  1 08:16:14 ip-172-31-69-15 kernel: [    0.971986] VFS: Disk quotas dquot_6.6.0
Mar  1 08:16:14 ip-172-31-69-15 kernel: [    0.974903] VFS: Dquot-cache hash table entries: 512 (order 0, 4096 bytes)
Mar  1 08:16:14 ip-172-31-69-15 kernel: [    0.979091] squashfs: version 4.0 (2009/01/31) Phillip Lougher
Mar  1 08:16:14 ip-172-31-69-15 kernel: [    0.982765] fuse init (API version 7.23)
Mar  1 08:16:14 ip-172-31-69-15 kernel: [    0.985388] Key type big_key registered
Mar  1 08:16:14 ip-172-31-69-15 kernel: [    0.988172] Allocating IMA MOK and blacklist keyrings.
Mar  1 08:16:14 ip-172-31-69-15 kernel: [    0.991556] Key type asymmetric registered
Mar  1 08:16:14 ip-172-31-69-15 kernel: [    0.994137] Asymmetric key parser 'x509' registered
Mar  1 08:16:14 ip-172-31-69-15 kernel: [    0.997380] Block layer SCSI generic (bsg) driver version 0.4 loaded (major 249)
Mar  1 08:16:14 ip-172-31-69-15 kernel: [    1.003006] io scheduler noop registered
Mar  1 08:16:14 ip-172-31-69-15 kernel: [    1.005646] io scheduler deadline registered (default)
Mar  1 08:16:14 ip-172-31-69-15 kernel: [    1.009048] io scheduler cfq registered
Mar  1 08:16:14 ip-172-31-69-15 kernel: [    1.013060] pci_hotplug: PCI Hot Plug PCI Core version: 0.5
Mar  1 08:16:14 ip-172-31-69-15 kernel: [    1.016945] pciehp: PCI Express Hot Plug Controller Driver version: 0.4
Mar  1 08:16:14 ip-172-31-69-15 kernel: [    1.024894] intel_idle: does not run on family 6 model 63
Mar  1 08:16:14 ip-172-31-69-15 kernel: [    1.024970] input: Power Button as /devices/LNXSYSTM:00/LNXPWRBN:00/input/input0
Mar  1 08:16:14 ip-172-31-69-15 kernel: [    1.033395] ACPI: Power Button [PWRF]
Mar  1 08:16:14 ip-172-31-69-15 kernel: [    1.037192] input: Sleep Button as /devices/LNXSYSTM:00/LNXSLPBN:00/input/input1
Mar  1 08:16:14 ip-172-31-69-15 kernel: [    1.042419] ACPI: Sleep Button [SLPF]
Mar  1 08:16:14 ip-172-31-69-15 kernel: [    1.047247] xen: --> pirq=22 -> irq=28 (gsi=28)
Mar  1 08:16:14 ip-172-31-69-15 kernel: [    1.047349] xen:grant_table: Grant tables using version 1 layout
Mar  1 08:16:14 ip-172-31-69-15 kernel: [    1.053507] Grant table initialized
Mar  1 08:16:14 ip-172-31-69-15 kernel: [    1.056616] Cannot get hvm parameter CONSOLE_EVTCHN (18): -22!
Mar  1 08:16:14 ip-172-31-69-15 kernel: [    1.060708] Serial: 8250/16550 driver, 4 ports, IRQ sharing enabled
Mar  1 08:16:14 ip-172-31-69-15 kernel: [    1.094360] 00:06: ttyS0 at I/O 0x3f8 (irq = 4, base_baud = 115200) is a 16550A
Mar  1 08:16:14 ip-172-31-69-15 kernel: [    1.100593] Linux agpgart interface v0.103
Mar  1 08:16:14 ip-172-31-69-15 kernel: [    1.105518] brd: module loaded
Mar  1 08:16:14 ip-172-31-69-15 kernel: [    1.109001] loop: module loaded
Mar  1 08:16:14 ip-172-31-69-15 kernel: [    1.111444] Invalid max_queues (4), will use default max: 1.
Mar  1 08:16:14 ip-172-31-69-15 kernel: [    1.116703] ata_piix 0000:00:01.1: version 2.13
Mar  1 08:16:14 ip-172-31-69-15 kernel: [    1.118029] scsi host0: ata_piix
Mar  1 08:16:14 ip-172-31-69-15 kernel: [    1.121231] scsi host1: ata_piix
Mar  1 08:16:14 ip-172-31-69-15 kernel: [    1.123923] ata1: PATA max MWDMA2 cmd 0x1f0 ctl 0x3f6 bmdma 0xc100 irq 14
Mar  1 08:16:14 ip-172-31-69-15 kernel: [    1.128370] ata2: PATA max MWDMA2 cmd 0x170 ctl 0x376 bmdma 0xc108 irq 15
Mar  1 08:16:14 ip-172-31-69-15 kernel: [    1.134745] libphy: Fixed MDIO Bus: probed
Mar  1 08:16:14 ip-172-31-69-15 kernel: [    1.137923] tun: Universal TUN/TAP device driver, 1.6
Mar  1 08:16:14 ip-172-31-69-15 kernel: [    1.142512] tun: (C) 1999-2004 Max Krasnyansky <maxk@qualcomm.com>
Mar  1 08:16:14 ip-172-31-69-15 kernel: [    1.146302] PPP generic driver version 2.4.2
Mar  1 08:16:14 ip-172-31-69-15 kernel: [    1.150863] xen_netfront: Initialising Xen virtual ethernet driver
Mar  1 08:16:14 ip-172-31-69-15 kernel: [    1.162246] ehci_hcd: USB 2.0 'Enhanced' Host Controller (EHCI) Driver
Mar  1 08:16:14 ip-172-31-69-15 kernel: [    1.176197] ehci-pci: EHCI PCI platform driver
Mar  1 08:16:14 ip-172-31-69-15 kernel: [    1.179706] ehci-platform: EHCI generic platform driver
Mar  1 08:16:14 ip-172-31-69-15 kernel: [    1.183889] ohci_hcd: USB 1.1 'Open' Host Controller (OHCI) Driver
Mar  1 08:16:14 ip-172-31-69-15 kernel: [    1.188464] ohci-pci: OHCI PCI platform driver
Mar  1 08:16:14 ip-172-31-69-15 kernel: [    1.191984] ohci-platform: OHCI generic platform driver
Mar  1 08:16:14 ip-172-31-69-15 kernel: [    1.195925] uhci_hcd: USB Universal Host Controller Interface driver
Mar  1 08:16:14 ip-172-31-69-15 kernel: [    1.203470] i8042: PNP: PS/2 Controller [PNP0303:PS2K,PNP0f13:PS2M] at 0x60,0x64 irq 1,12
Mar  1 08:16:14 ip-172-31-69-15 kernel: [    1.213680] serio: i8042 KBD port at 0x60,0x64 irq 1
Mar  1 08:16:14 ip-172-31-69-15 kernel: [    1.217304] serio: i8042 AUX port at 0x60,0x64 irq 12
Mar  1 08:16:14 ip-172-31-69-15 kernel: [    1.221502] mousedev: PS/2 mouse device common for all mice
Mar  1 08:16:14 ip-172-31-69-15 kernel: [    1.227240] input: AT Translated Set 2 keyboard as /devices/platform/i8042/serio0/input/input2
Mar  1 08:16:14 ip-172-31-69-15 kernel: [    1.246979] rtc_cmos 00:02: rtc core: registered rtc_cmos as rtc0
Mar  1 08:16:14 ip-172-31-69-15 kernel: [    1.254870] rtc_cmos 00:02: alarms up to one day, 114 bytes nvram, hpet irqs
Mar  1 08:16:14 ip-172-31-69-15 kernel: [    1.260303] i2c /dev entries driver
Mar  1 08:16:14 ip-172-31-69-15 kernel: [    1.269500] device-mapper: uevent: version 1.0.3
Mar  1 08:16:14 ip-172-31-69-15 kernel: [    1.274490] device-mapper: ioctl: 4.34.0-ioctl (2015-10-28) initialised: dm-devel@redhat.com
Mar  1 08:16:14 ip-172-31-69-15 kernel: [    1.280677] NET: Registered protocol family 10
Mar  1 08:16:14 ip-172-31-69-15 kernel: [    1.284995] NET: Registered protocol family 17
Mar  1 08:16:14 ip-172-31-69-15 kernel: [    1.289480] Key type dns_resolver registered
Mar  1 08:16:14 ip-172-31-69-15 kernel: [    1.292965] microcode: CPU0 sig=0x306f2, pf=0x1, revision=0x3b
Mar  1 08:16:14 ip-172-31-69-15 kernel: [    1.297195] microcode: Microcode Update Driver: v2.01 <tigran@aivazian.fsnet.co.uk>, Peter Oruba
Mar  1 08:16:14 ip-172-31-69-15 kernel: [    1.305013] registered taskstats version 1
Mar  1 08:16:14 ip-172-31-69-15 kernel: [    1.308211] blkfront: xvda: barrier or flush: disabled; persistent grants: disabled; indirect descriptors: enabled;
Mar  1 08:16:14 ip-172-31-69-15 kernel: [    1.315171] Loading compiled-in X.509 certificates
Mar  1 08:16:14 ip-172-31-69-15 kernel: [    1.319491] Loaded X.509 cert 'Build time autogenerated kernel key: eec6339c199f7c061573bf7e1d5d111f4e89c8c0'
Mar  1 08:16:14 ip-172-31-69-15 kernel: [    1.326362] zswap: loaded using pool lzo/zbud
Mar  1 08:16:14 ip-172-31-69-15 kernel: [    1.330909]  xvda: xvda1
Mar  1 08:16:14 ip-172-31-69-15 kernel: [    1.333599] Key type trusted registered
Mar  1 08:16:14 ip-172-31-69-15 kernel: [    1.339412] Key type encrypted registered
Mar  1 08:16:14 ip-172-31-69-15 kernel: [    1.343203] AppArmor: AppArmor sha1 policy hashing enabled
Mar  1 08:16:14 ip-172-31-69-15 kernel: [    1.346975] ima: No TPM chip found, activating TPM-bypass!
Mar  1 08:16:14 ip-172-31-69-15 kernel: [    1.351263] evm: HMAC attrs: 0x1
Mar  1 08:16:14 ip-172-31-69-15 kernel: [    1.354837]   Magic number: 10:47:278
Mar  1 08:16:14 ip-172-31-69-15 kernel: [    1.357678] tty tty15: hash matches
Mar  1 08:16:14 ip-172-31-69-15 kernel: [    1.360384] rtc_cmos 00:02: setting system clock to 2018-03-01 12:16:07 UTC (1519906567)
Mar  1 08:16:14 ip-172-31-69-15 kernel: [    1.365896] BIOS EDD facility v0.16 2004-Jun-25, 0 devices found
Mar  1 08:16:14 ip-172-31-69-15 kernel: [    1.370508] EDD information not available.
Mar  1 08:16:14 ip-172-31-69-15 kernel: [    1.373414] PM: Hibernation image not present or could not be loaded.
Mar  1 08:16:14 ip-172-31-69-15 kernel: [    1.375208] Freeing unused kernel memory: 1492K
Mar  1 08:16:14 ip-172-31-69-15 kernel: [    1.378901] Write protecting the kernel read-only data: 14336k
Mar  1 08:16:14 ip-172-31-69-15 kernel: [    1.383894] Freeing unused kernel memory: 1876K
Mar  1 08:16:14 ip-172-31-69-15 kernel: [    1.387689] Freeing unused kernel memory: 220K
Mar  1 08:16:14 ip-172-31-69-15 kernel: [    1.410355] random: udevadm: uninitialized urandom read (16 bytes read, 9 bits of entropy available)
Mar  1 08:16:14 ip-172-31-69-15 kernel: [    1.416797] random: systemd-udevd: uninitialized urandom read (16 bytes read, 9 bits of entropy available)
Mar  1 08:16:14 ip-172-31-69-15 kernel: [    1.423584] random: systemd-udevd: uninitialized urandom read (16 bytes read, 9 bits of entropy available)
Mar  1 08:16:14 ip-172-31-69-15 kernel: [    1.430368] random: udevadm: uninitialized urandom read (16 bytes read, 9 bits of entropy available)
Mar  1 08:16:14 ip-172-31-69-15 kernel: [    1.436636] random: systemd-udevd: uninitialized urandom read (16 bytes read, 9 bits of entropy available)
Mar  1 08:16:14 ip-172-31-69-15 kernel: [    1.453714] random: udevadm: uninitialized urandom read (16 bytes read, 9 bits of entropy available)
Mar  1 08:16:14 ip-172-31-69-15 kernel: [    1.460160] random: systemd-udevd: uninitialized urandom read (16 bytes read, 9 bits of entropy available)
Mar  1 08:16:14 ip-172-31-69-15 kernel: [    1.466619] random: udevadm: uninitialized urandom read (16 bytes read, 9 bits of entropy available)
Mar  1 08:16:14 ip-172-31-69-15 kernel: [    1.473421] random: systemd-udevd: uninitialized urandom read (16 bytes read, 9 bits of entropy available)
Mar  1 08:16:14 ip-172-31-69-15 kernel: [    1.479842] random: udevadm: uninitialized urandom read (16 bytes read, 9 bits of entropy available)
Mar  1 08:16:14 ip-172-31-69-15 kernel: [    1.615376] AVX2 version of gcm_enc/dec engaged.
Mar  1 08:16:14 ip-172-31-69-15 kernel: [    1.624164] AES CTR mode by8 optimization enabled
Mar  1 08:16:14 ip-172-31-69-15 kernel: [    1.944138] tsc: Refined TSC clocksource calibration: 2399.998 MHz
Mar  1 08:16:14 ip-172-31-69-15 kernel: [    1.948719] clocksource: tsc: mask: 0xffffffffffffffff max_cycles: 0x229835b7123, max_idle_ns: 440795242976 ns
Mar  1 08:16:14 ip-172-31-69-15 kernel: [    3.123665] md: linear personality registered for level -1
Mar  1 08:16:14 ip-172-31-69-15 kernel: [    3.131401] md: multipath personality registered for level -4
Mar  1 08:16:14 ip-172-31-69-15 kernel: [    3.139406] md: raid0 personality registered for level 0
Mar  1 08:16:14 ip-172-31-69-15 kernel: [    3.147546] md: raid1 personality registered for level 1
Mar  1 08:16:14 ip-172-31-69-15 kernel: [    3.204061] raid6: sse2x1   gen()  8299 MB/s
Mar  1 08:16:14 ip-172-31-69-15 kernel: [    3.256065] raid6: sse2x1   xor()  6516 MB/s
Mar  1 08:16:14 ip-172-31-69-15 kernel: [    3.304061] raid6: sse2x2   gen() 10425 MB/s
Mar  1 08:16:14 ip-172-31-69-15 kernel: [    3.352062] raid6: sse2x2   xor()  7114 MB/s
Mar  1 08:16:14 ip-172-31-69-15 kernel: [    3.400063] raid6: sse2x4   gen() 12213 MB/s
Mar  1 08:16:14 ip-172-31-69-15 kernel: [    3.448060] raid6: sse2x4   xor()  8536 MB/s
Mar  1 08:16:14 ip-172-31-69-15 kernel: [    3.500063] raid6: avx2x1   gen() 16125 MB/s
Mar  1 08:16:14 ip-172-31-69-15 kernel: [    3.548064] raid6: avx2x2   gen() 18681 MB/s
Mar  1 08:16:14 ip-172-31-69-15 kernel: [    3.596062] raid6: avx2x4   gen() 21768 MB/s
Mar  1 08:16:14 ip-172-31-69-15 kernel: [    3.599313] raid6: using algorithm avx2x4 gen() 21768 MB/s
Mar  1 08:16:14 ip-172-31-69-15 kernel: [    3.604563] raid6: using avx2x2 recovery algorithm
Mar  1 08:16:14 ip-172-31-69-15 kernel: [    3.609907] xor: automatically using best checksumming function:
Mar  1 08:16:14 ip-172-31-69-15 kernel: [    3.652065]    avx       : 24500.000 MB/sec
Mar  1 08:16:14 ip-172-31-69-15 kernel: [    3.657393] async_tx: api initialized (async)
Mar  1 08:16:14 ip-172-31-69-15 kernel: [    3.670431] md: raid6 personality registered for level 6
Mar  1 08:16:14 ip-172-31-69-15 kernel: [    3.674859] md: raid5 personality registered for level 5
Mar  1 08:16:14 ip-172-31-69-15 kernel: [    3.678940] md: raid4 personality registered for level 4
Mar  1 08:16:14 ip-172-31-69-15 kernel: [    3.688172] md: raid10 personality registered for level 10
Mar  1 08:16:14 ip-172-31-69-15 kernel: [    3.728275] Btrfs loaded
Mar  1 08:16:14 ip-172-31-69-15 kernel: [    3.779438] EXT4-fs (xvda1): mounted filesystem with ordered data mode. Opts: (null)
Mar  1 08:16:14 ip-172-31-69-15 kernel: [    4.286095] Loading iSCSI transport class v2.0-870.
Mar  1 08:16:14 ip-172-31-69-15 kernel: [    4.318106] iscsi: registered transport (tcp)
Mar  1 08:16:14 ip-172-31-69-15 kernel: [    4.356517] EXT4-fs (xvda1): re-mounted. Opts: discard
Mar  1 08:16:14 ip-172-31-69-15 kernel: [    4.395924] iscsi: registered transport (iser)
Mar  1 08:16:14 ip-172-31-69-15 kernel: [    5.446179] audit: type=1400 audit(1519906571.580:2): apparmor="STATUS" operation="profile_load" profile="unconfined" name="lxc-container-default" pid=576 comm="apparmor_parser"
Mar  1 08:16:14 ip-172-31-69-15 kernel: [    5.446183] audit: type=1400 audit(1519906571.580:3): apparmor="STATUS" operation="profile_load" profile="unconfined" name="lxc-container-default-cgns" pid=576 comm="apparmor_parser"
Mar  1 08:16:14 ip-172-31-69-15 kernel: [    5.446187] audit: type=1400 audit(1519906571.580:4): apparmor="STATUS" operation="profile_load" profile="unconfined" name="lxc-container-default-with-mounting" pid=576 comm="apparmor_parser"
Mar  1 08:16:14 ip-172-31-69-15 kernel: [    5.446191] audit: type=1400 audit(1519906571.580:5): apparmor="STATUS" operation="profile_load" profile="unconfined" name="lxc-container-default-with-nesting" pid=576 comm="apparmor_parser"
Mar  1 08:16:14 ip-172-31-69-15 kernel: [    5.456774] audit: type=1400 audit(1519906571.592:6): apparmor="STATUS" operation="profile_load" profile="unconfined" name="/sbin/dhclient" pid=579 comm="apparmor_parser"
Mar  1 08:16:14 ip-172-31-69-15 kernel: [    5.456779] audit: type=1400 audit(1519906571.592:7): apparmor="STATUS" operation="profile_load" profile="unconfined" name="/usr/lib/NetworkManager/nm-dhcp-client.action" pid=579 comm="apparmor_parser"
Mar  1 08:16:14 ip-172-31-69-15 kernel: [    5.456788] audit: type=1400 audit(1519906571.592:8): apparmor="STATUS" operation="profile_load" profile="unconfined" name="/usr/lib/NetworkManager/nm-dhcp-helper" pid=579 comm="apparmor_parser"
Mar  1 08:16:14 ip-172-31-69-15 kernel: [    5.456791] audit: type=1400 audit(1519906571.592:9): apparmor="STATUS" operation="profile_load" profile="unconfined" name="/usr/lib/connman/scripts/dhclient-script" pid=579 comm="apparmor_parser"
Mar  1 08:16:14 ip-172-31-69-15 kernel: [    5.461542] audit: type=1400 audit(1519906571.596:10): apparmor="STATUS" operation="profile_load" profile="unconfined" name="/usr/bin/lxc-start" pid=584 comm="apparmor_parser"
Mar  1 08:16:14 ip-172-31-69-15 kernel: [    6.624750] ppdev: user-space parallel port driver
Mar  1 08:16:14 ip-172-31-69-15 kernel: [    8.236115] random: nonblocking pool is initialized
Mar  1 08:16:14 ip-172-31-69-15 systemd-modules-load[382]: Inserted module 'iscsi_tcp'
Mar  1 08:16:14 ip-172-31-69-15 systemd-modules-load[382]: Inserted module 'ib_iser'
Mar  1 08:16:14 ip-172-31-69-15 loadkeys[374]: Loading /etc/console-setup/cached.kmap.gz
Mar  1 08:16:14 ip-172-31-69-15 systemd[1]: Started Set console keymap.
Mar  1 08:16:14 ip-172-31-69-15 systemd[1]: Started Load Kernel Modules.
Mar  1 08:16:14 ip-172-31-69-15 systemd[1]: Started Uncomplicated firewall.
Mar  1 08:16:14 ip-172-31-69-15 systemd[1]: Started Remount Root and Kernel File Systems.
Mar  1 08:16:14 ip-172-31-69-15 systemd[1]: Started Create list of required static device nodes for the current kernel.
Mar  1 08:16:14 ip-172-31-69-15 systemd[1]: Started Nameserver information manager.
Mar  1 08:16:14 ip-172-31-69-15 systemd[1]: Started LVM2 metadata daemon.
Mar  1 08:16:14 ip-172-31-69-15 systemd[1]: Starting Create Static Device Nodes in /dev...
Mar  1 08:16:14 ip-172-31-69-15 systemd[1]: Starting Load/Save Random Seed...
Mar  1 08:16:14 ip-172-31-69-15 systemd[1]: Starting Initial cloud-init job (pre-networking)...
Mar  1 08:16:14 ip-172-31-69-15 systemd[1]: Starting udev Coldplug all Devices...
Mar  1 08:16:14 ip-172-31-69-15 systemd[1]: Starting Apply Kernel Variables...
Mar  1 08:16:14 ip-172-31-69-15 systemd[1]: Mounting FUSE Control File System...
Mar  1 08:16:14 ip-172-31-69-15 systemd[1]: Starting Flush Journal to Persistent Storage...
Mar  1 08:16:14 ip-172-31-69-15 systemd[1]: Mounted FUSE Control File System.
Mar  1 08:16:14 ip-172-31-69-15 systemd[1]: Started Create Static Device Nodes in /dev.
Mar  1 08:16:14 ip-172-31-69-15 systemd[1]: Started Load/Save Random Seed.
Mar  1 08:16:14 ip-172-31-69-15 systemd[1]: Started Apply Kernel Variables.
Mar  1 08:16:14 ip-172-31-69-15 systemd[1]: Starting udev Kernel Device Manager...
Mar  1 08:16:14 ip-172-31-69-15 systemd[1]: Started Flush Journal to Persistent Storage.
Mar  1 08:16:14 ip-172-31-69-15 systemd[1]: Started udev Coldplug all Devices.
Mar  1 08:16:14 ip-172-31-69-15 systemd[1]: Started udev Kernel Device Manager.
Mar  1 08:16:14 ip-172-31-69-15 systemd[1]: Started Dispatch Password Requests to Console Directory Watch.
Mar  1 08:16:14 ip-172-31-69-15 systemd[1]: Started Monitoring of LVM2 mirrors, snapshots etc. using dmeventd or progress polling.
Mar  1 08:16:14 ip-172-31-69-15 systemd[1]: Reached target Local File Systems (Pre).
Mar  1 08:16:14 ip-172-31-69-15 systemd[1]: Reached target Local File Systems.
Mar  1 08:16:14 ip-172-31-69-15 systemd[1]: Starting LSB: AppArmor initialization...
Mar  1 08:16:14 ip-172-31-69-15 systemd[1]: Starting Tell Plymouth To Write Out Runtime Data...
Mar  1 08:16:14 ip-172-31-69-15 systemd[1]: Starting Set console font and keymap...
Mar  1 08:16:14 ip-172-31-69-15 systemd[1]: Starting Create Volatile Files and Directories...
Mar  1 08:16:14 ip-172-31-69-15 systemd[1]: Started Tell Plymouth To Write Out Runtime Data.
Mar  1 08:16:14 ip-172-31-69-15 systemd-tmpfiles[500]: [/usr/lib/tmpfiles.d/var.conf:14] Duplicate line for path "/var/log", ignoring.
Mar  1 08:16:14 ip-172-31-69-15 systemd[1]: Started Create Volatile Files and Directories.
Mar  1 08:16:14 ip-172-31-69-15 systemd[1]: Starting Update UTMP about System Boot/Shutdown...
Mar  1 08:16:14 ip-172-31-69-15 apparmor[489]:  * Starting AppArmor profiles
Mar  1 08:16:14 ip-172-31-69-15 systemd[1]: Starting Network Time Synchronization...
Mar  1 08:16:14 ip-172-31-69-15 systemd[1]: Started Update UTMP about System Boot/Shutdown.
Mar  1 08:16:14 ip-172-31-69-15 systemd[1]: Started Network Time Synchronization.
Mar  1 08:16:14 ip-172-31-69-15 systemd[1]: Reached target System Time Synchronized.
Mar  1 08:16:14 ip-172-31-69-15 systemd[1]: Found device /dev/ttyS0.
Mar  1 08:16:14 ip-172-31-69-15 apparmor[489]: Skipping profile in /etc/apparmor.d/disable: usr.sbin.rsyslogd
Mar  1 08:16:14 ip-172-31-69-15 apparmor[489]:    ...done.
Mar  1 08:16:14 ip-172-31-69-15 systemd[1]: Started LSB: AppArmor initialization.
Mar  1 08:16:14 ip-172-31-69-15 systemd[1]: Found device /sys/subsystem/net/devices/eth0.
Mar  1 08:16:14 ip-172-31-69-15 systemd[1]: Listening on Load/Save RF Kill Switch Status /dev/rfkill Watch.
Mar  1 08:16:14 ip-172-31-69-15 dhclient[817]: Internet Systems Consortium DHCP Client 4.3.3
Mar  1 08:16:14 ip-172-31-69-15 dhclient[817]: Copyright 2004-2015 Internet Systems Consortium.
Mar  1 08:16:14 ip-172-31-69-15 dhclient[817]: All rights reserved.
Mar  1 08:16:14 ip-172-31-69-15 dhclient[817]: For info, please visit https://www.isc.org/software/dhcp/
Mar  1 08:16:14 ip-172-31-69-15 dhclient[817]: 
Mar  1 08:16:14 ip-172-31-69-15 dhclient[817]: Listening on LPF/eth0/02:93:46:70:cd:82
Mar  1 08:16:14 ip-172-31-69-15 dhclient[817]: Sending on   LPF/eth0/02:93:46:70:cd:82
Mar  1 08:16:14 ip-172-31-69-15 dhclient[817]: Sending on   Socket/fallback
Mar  1 08:16:14 ip-172-31-69-15 dhclient[817]: DHCPDISCOVER on eth0 to 255.255.255.255 port 67 interval 3 (xid=0xc494a876)
Mar  1 08:16:14 ip-172-31-69-15 dhclient[817]: DHCPREQUEST of 172.31.69.15 on eth0 to 255.255.255.255 port 67 (xid=0x76a894c4)
Mar  1 08:16:14 ip-172-31-69-15 dhclient[817]: DHCPOFFER of 172.31.69.15 from 172.31.69.1
Mar  1 08:16:14 ip-172-31-69-15 dhclient[817]: DHCPACK of 172.31.69.15 from 172.31.69.1
Mar  1 08:16:14 ip-172-31-69-15 dhclient[817]: bound to 172.31.69.15 -- renewal in 1788 seconds.
Mar  1 08:16:14 ip-172-31-69-15 systemd[1]: Started Set console font and keymap.
Mar  1 08:16:14 ip-172-31-69-15 cloud-init[449]: Cloud-init v. 17.1 running 'init-local' at Thu, 01 Mar 2018 12:16:11 +0000. Up 5.77 seconds.
Mar  1 08:16:14 ip-172-31-69-15 systemd[1]: Created slice system-getty.slice.
Mar  1 08:16:14 ip-172-31-69-15 systemd[1]: Started Initial cloud-init job (pre-networking).
Mar  1 08:16:14 ip-172-31-69-15 systemd[1]: Reached target Network (Pre).
Mar  1 08:16:14 ip-172-31-69-15 systemd[1]: Starting Raise network interfaces...
Mar  1 08:16:14 ip-172-31-69-15 systemd[1]: Started ifup for eth0.
Mar  1 08:16:14 ip-172-31-69-15 dhclient[904]: Internet Systems Consortium DHCP Client 4.3.3
Mar  1 08:16:14 ip-172-31-69-15 sh[892]: Internet Systems Consortium DHCP Client 4.3.3
Mar  1 08:16:14 ip-172-31-69-15 dhclient[904]: Copyright 2004-2015 Internet Systems Consortium.
Mar  1 08:16:14 ip-172-31-69-15 sh[892]: Copyright 2004-2015 Internet Systems Consortium.
Mar  1 08:16:14 ip-172-31-69-15 dhclient[904]: All rights reserved.
Mar  1 08:16:14 ip-172-31-69-15 sh[892]: All rights reserved.
Mar  1 08:16:14 ip-172-31-69-15 dhclient[904]: For info, please visit https://www.isc.org/software/dhcp/
Mar  1 08:16:14 ip-172-31-69-15 sh[892]: For info, please visit https://www.isc.org/software/dhcp/
Mar  1 08:16:14 ip-172-31-69-15 dhclient[904]: 
Mar  1 08:16:14 ip-172-31-69-15 dhclient[904]: Listening on LPF/eth0/02:93:46:70:cd:82
Mar  1 08:16:14 ip-172-31-69-15 sh[892]: Listening on LPF/eth0/02:93:46:70:cd:82
Mar  1 08:16:14 ip-172-31-69-15 sh[892]: Sending on   LPF/eth0/02:93:46:70:cd:82
Mar  1 08:16:14 ip-172-31-69-15 sh[892]: Sending on   Socket/fallback
Mar  1 08:16:14 ip-172-31-69-15 sh[892]: DHCPDISCOVER on eth0 to 255.255.255.255 port 67 interval 3 (xid=0x699c23b)
Mar  1 08:16:14 ip-172-31-69-15 dhclient[904]: Sending on   LPF/eth0/02:93:46:70:cd:82
Mar  1 08:16:14 ip-172-31-69-15 dhclient[904]: Sending on   Socket/fallback
Mar  1 08:16:14 ip-172-31-69-15 dhclient[904]: DHCPDISCOVER on eth0 to 255.255.255.255 port 67 interval 3 (xid=0x699c23b)
Mar  1 08:16:14 ip-172-31-69-15 dhclient[904]: DHCPREQUEST of 172.31.69.15 on eth0 to 255.255.255.255 port 67 (xid=0x3bc29906)
Mar  1 08:16:14 ip-172-31-69-15 sh[892]: DHCPREQUEST of 172.31.69.15 on eth0 to 255.255.255.255 port 67 (xid=0x3bc29906)
Mar  1 08:16:14 ip-172-31-69-15 sh[892]: DHCPOFFER of 172.31.69.15 from 172.31.69.1
Mar  1 08:16:14 ip-172-31-69-15 dhclient[904]: DHCPOFFER of 172.31.69.15 from 172.31.69.1
Mar  1 08:16:14 ip-172-31-69-15 dhclient[904]: DHCPACK of 172.31.69.15 from 172.31.69.1
Mar  1 08:16:14 ip-172-31-69-15 sh[892]: DHCPACK of 172.31.69.15 from 172.31.69.1
Mar  1 08:16:14 ip-172-31-69-15 dhclient[904]: bound to 172.31.69.15 -- renewal in 1746 seconds.
Mar  1 08:16:14 ip-172-31-69-15 sh[892]: bound to 172.31.69.15 -- renewal in 1746 seconds.
Mar  1 08:16:14 ip-172-31-69-15 systemd[1]: Started Raise network interfaces.
Mar  1 08:16:14 ip-172-31-69-15 systemd[1]: Starting Initial cloud-init job (metadata service crawler)...
Mar  1 08:16:14 ip-172-31-69-15 systemd[1]: Reached target Network.
Mar  1 08:16:14 ip-172-31-69-15 cloud-init[1058]: Cloud-init v. 17.1 running 'init' at Thu, 01 Mar 2018 12:16:14 +0000. Up 7.98 seconds.
Mar  1 08:16:14 ip-172-31-69-15 cloud-init[1058]: ci-info: ++++++++++++++++++++++++++++++++++++++Net device info+++++++++++++++++++++++++++++++++++++++
Mar  1 08:16:14 ip-172-31-69-15 cloud-init[1058]: ci-info: +--------+------+----------------------------+-----------------+-------+-------------------+
Mar  1 08:16:14 ip-172-31-69-15 cloud-init[1058]: ci-info: | Device |  Up  |          Address           |       Mask      | Scope |     Hw-Address    |
Mar  1 08:16:14 ip-172-31-69-15 cloud-init[1058]: ci-info: +--------+------+----------------------------+-----------------+-------+-------------------+
Mar  1 08:16:14 ip-172-31-69-15 cloud-init[1058]: ci-info: |  eth0  | True |        172.31.69.15        | 255.255.255.224 |   .   | 02:93:46:70:cd:82 |
Mar  1 08:16:14 ip-172-31-69-15 cloud-init[1058]: ci-info: |  eth0  | True | fe80::93:46ff:fe70:cd82/64 |        .        |  link | 02:93:46:70:cd:82 |
Mar  1 08:16:14 ip-172-31-69-15 cloud-init[1058]: ci-info: |   lo   | True |         127.0.0.1          |    255.0.0.0    |   .   |         .         |
Mar  1 08:16:14 ip-172-31-69-15 cloud-init[1058]: ci-info: |   lo   | True |          ::1/128           |        .        |  host |         .         |
Mar  1 08:16:14 ip-172-31-69-15 cloud-init[1058]: ci-info: +--------+------+----------------------------+-----------------+-------+-------------------+
Mar  1 08:16:14 ip-172-31-69-15 cloud-init[1058]: ci-info: ++++++++++++++++++++++++++++++Route IPv4 info++++++++++++++++++++++++++++++
Mar  1 08:16:14 ip-172-31-69-15 cloud-init[1058]: ci-info: +-------+-------------+-------------+-----------------+-----------+-------+
Mar  1 08:16:14 ip-172-31-69-15 cloud-init[1058]: ci-info: | Route | Destination |   Gateway   |     Genmask     | Interface | Flags |
Mar  1 08:16:14 ip-172-31-69-15 cloud-init[1058]: ci-info: +-------+-------------+-------------+-----------------+-----------+-------+
Mar  1 08:16:14 ip-172-31-69-15 cloud-init[1058]: ci-info: |   0   |   0.0.0.0   | 172.31.69.1 |     0.0.0.0     |    eth0   |   UG  |
Mar  1 08:16:14 ip-172-31-69-15 cloud-init[1058]: ci-info: |   1   | 172.31.69.0 |   0.0.0.0   | 255.255.255.224 |    eth0   |   U   |
Mar  1 08:16:14 ip-172-31-69-15 cloud-init[1058]: ci-info: +-------+-------------+-------------+-----------------+-----------+-------+
Mar  1 08:16:14 ip-172-31-69-15 systemd[1]: Started Initial cloud-init job (metadata service crawler).
Mar  1 08:16:14 ip-172-31-69-15 systemd[1]: Reached target Cloud-config availability.
Mar  1 08:16:14 ip-172-31-69-15 systemd[1]: Reached target System Initialization.
Mar  1 08:16:14 ip-172-31-69-15 systemd[1]: Starting Socket activation for snappy daemon.
Mar  1 08:16:14 ip-172-31-69-15 systemd[1]: Listening on ACPID Listen Socket.
Mar  1 08:16:14 ip-172-31-69-15 systemd[1]: Listening on D-Bus System Message Bus Socket.
Mar  1 08:16:14 ip-172-31-69-15 systemd[1]: Listening on UUID daemon activation socket.
Mar  1 08:16:14 ip-172-31-69-15 systemd[1]: Started Timer to automatically refresh installed snaps.
Mar  1 08:16:14 ip-172-31-69-15 systemd[1]: Started Daily Cleanup of Temporary Directories.
Mar  1 08:16:14 ip-172-31-69-15 systemd[1]: Started ACPI Events Check.
Mar  1 08:16:14 ip-172-31-69-15 systemd[1]: Reached target Paths.
Mar  1 08:16:14 ip-172-31-69-15 systemd[1]: Starting LXD - unix socket.
Mar  1 08:16:14 ip-172-31-69-15 systemd[1]: Reached target Network is Online.
Mar  1 08:16:14 ip-172-31-69-15 systemd[1]: Starting iSCSI initiator daemon (iscsid)...
Mar  1 08:16:14 ip-172-31-69-15 systemd[1]: Started Daily apt download activities.
Mar  1 08:16:14 ip-172-31-69-15 systemd[1]: Started Daily apt upgrade and clean activities.
Mar  1 08:16:14 ip-172-31-69-15 systemd[1]: Reached target Timers.
Mar  1 08:16:14 ip-172-31-69-15 systemd[1]: Listening on Socket activation for snappy daemon.
Mar  1 08:16:14 ip-172-31-69-15 systemd[1]: Listening on LXD - unix socket.
Mar  1 08:16:14 ip-172-31-69-15 iscsid: iSCSI logger with pid=1114 started!
Mar  1 08:16:14 ip-172-31-69-15 iscsid: iSCSI daemon with pid=1115 started!
Mar  1 08:16:14 ip-172-31-69-15 systemd[1]: Started iSCSI initiator daemon (iscsid).
Mar  1 08:16:14 ip-172-31-69-15 systemd[1]: Starting Login to default iSCSI targets...
Mar  1 08:16:14 ip-172-31-69-15 systemd[1]: Reached target Sockets.
Mar  1 08:16:14 ip-172-31-69-15 systemd[1]: Reached target Basic System.
Mar  1 08:16:14 ip-172-31-69-15 systemd[1]: Starting Accounts Service...
Mar  1 08:16:14 ip-172-31-69-15 systemd[1]: Starting /etc/rc.local Compatibility...
Mar  1 08:16:14 ip-172-31-69-15 systemd[1]: Starting Login Service...
Mar  1 08:16:14 ip-172-31-69-15 systemd[1]: Starting LSB: MD monitoring daemon...
Mar  1 08:16:14 ip-172-31-69-15 systemd[1]: Started D-Bus System Message Bus.
Mar  1 08:16:14 ip-172-31-69-15 dbus[1133]: [system] AppArmor D-Bus mediation is enabled
Mar  1 08:16:14 ip-172-31-69-15 systemd[1]: Started ACPI event daemon.
Mar  1 08:16:14 ip-172-31-69-15 acpid: starting up with netlink and the input layer
Mar  1 08:16:14 ip-172-31-69-15 acpid: 1 rule loaded
Mar  1 08:16:14 ip-172-31-69-15 acpid: waiting for events: event logging is off
Mar  1 08:16:14 ip-172-31-69-15 systemd[1]: Starting System Logging Service...
Mar  1 08:16:14 ip-172-31-69-15 systemd[1]: Starting LXD - container startup/shutdown...
Mar  1 08:16:14 ip-172-31-69-15 systemd[1]: Starting Apply the settings specified in cloud-config...
Mar  1 08:16:14 ip-172-31-69-15 dbus[1133]: [system] Activating via systemd: service name='org.freedesktop.PolicyKit1' unit='polkitd.service'
Mar  1 08:16:14 ip-172-31-69-15 systemd[1]: Started Deferred execution scheduler.
Mar  1 08:16:14 ip-172-31-69-15 systemd[1]: Started Unattended Upgrades Shutdown.
Mar  1 08:16:14 ip-172-31-69-15 systemd[1]: Starting Snappy daemon...
Mar  1 08:16:14 ip-172-31-69-15 systemd[1]: Started FUSE filesystem for LXC.
Mar  1 08:16:14 ip-172-31-69-15 systemd[1]: Started Regular background program processing daemon.
Mar  1 08:16:14 ip-172-31-69-15 systemd[1]: Starting LSB: Record successful boot for GRUB...
Mar  1 08:16:14 ip-172-31-69-15 lxcfs[1160]: hierarchies:
Mar  1 08:16:14 ip-172-31-69-15 lxcfs[1160]:   0: fd:   5: blkio
Mar  1 08:16:14 ip-172-31-69-15 lxcfs[1160]:   1: fd:   6: freezer
Mar  1 08:16:14 ip-172-31-69-15 lxcfs[1160]:   2: fd:   7: pids
Mar  1 08:16:14 ip-172-31-69-15 lxcfs[1160]:   3: fd:   8: net_cls,net_prio
Mar  1 08:16:14 ip-172-31-69-15 lxcfs[1160]:   4: fd:   9: devices
Mar  1 08:16:14 ip-172-31-69-15 lxcfs[1160]:   5: fd:  10: memory
Mar  1 08:16:14 ip-172-31-69-15 lxcfs[1160]:   6: fd:  11: perf_event
Mar  1 08:16:14 ip-172-31-69-15 lxcfs[1160]:   7: fd:  12: hugetlb
Mar  1 08:16:14 ip-172-31-69-15 lxcfs[1160]:   8: fd:  13: cpuset
Mar  1 08:16:14 ip-172-31-69-15 lxcfs[1160]:   9: fd:  14: cpu,cpuacct
Mar  1 08:16:14 ip-172-31-69-15 lxcfs[1160]:  10: fd:  15: name=systemd
Mar  1 08:16:14 ip-172-31-69-15 kernel: [    8.674072] cgroup: new mount options do not match the existing superblock, will be ignored
Mar  1 08:16:14 ip-172-31-69-15 cron[1163]: (CRON) INFO (pidfile fd = 3)
Mar  1 08:16:14 ip-172-31-69-15 systemd[1]: Starting OpenBSD Secure Shell server...
Mar  1 08:16:14 ip-172-31-69-15 systemd[1]: Starting Initialize hardware monitoring sensors...
Mar  1 08:16:14 ip-172-31-69-15 cron[1163]: (CRON) INFO (Running @reboot jobs)
Mar  1 08:16:14 ip-172-31-69-15 systemd[1]: Started System Logging Service.
Mar  1 08:16:14 ip-172-31-69-15 systemd[1]: Started /etc/rc.local Compatibility.
Mar  1 08:16:14 ip-172-31-69-15 sensors[1179]: No sensors found!
Mar  1 08:16:14 ip-172-31-69-15 sensors[1179]: Make sure you loaded all the kernel drivers you need.
Mar  1 08:16:14 ip-172-31-69-15 sensors[1179]: Try sensors-detect to find out which these are.
Mar  1 08:16:14 ip-172-31-69-15 sensors[1186]: No sensors found!
Mar  1 08:16:14 ip-172-31-69-15 sensors[1186]: Make sure you loaded all the kernel drivers you need.
Mar  1 08:16:14 ip-172-31-69-15 sensors[1186]: Try sensors-detect to find out which these are.
Mar  1 08:16:14 ip-172-31-69-15 systemd[1]: Started Initialize hardware monitoring sensors.
Mar  1 08:16:14 ip-172-31-69-15 systemd[1]: Started OpenBSD Secure Shell server.
Mar  1 08:16:14 ip-172-31-69-15 iscsiadm[1191]: iscsiadm: No records found
Mar  1 08:16:14 ip-172-31-69-15 mdadm[1128]:  * Starting MD monitoring service mdadm --monitor
Mar  1 08:16:14 ip-172-31-69-15 systemd[1]: Started Login to default iSCSI targets.
Mar  1 08:16:14 ip-172-31-69-15 mdadm[1128]:    ...done.
Mar  1 08:16:14 ip-172-31-69-15 systemd[1]: Started LSB: MD monitoring daemon.
Mar  1 08:16:15 ip-172-31-69-15 systemd[1]: Started LXD - container startup/shutdown.
Mar  1 08:16:15 ip-172-31-69-15 systemd[1]: Started LSB: Record successful boot for GRUB.
Mar  1 08:16:15 ip-172-31-69-15 snapd[1158]: AppArmor status: apparmor is enabled and all features are available
Mar  1 08:16:15 ip-172-31-69-15 snapd[1158]: 2018/03/01 08:16:15.085525 daemon.go:306: started snapd/2.29.4.2 (series 16; classic) ubuntu/16.04 (amd64) linux/4.4.0-1052-aws.
Mar  1 08:16:15 ip-172-31-69-15 systemd[1]: Started Snappy daemon.
Mar  1 08:16:15 ip-172-31-69-15 systemd[1]: Started Login Service.
Mar  1 08:16:15 ip-172-31-69-15 systemd[1]: Starting Authenticate and Authorize Users to Run Privileged Tasks...
Mar  1 08:16:15 ip-172-31-69-15 systemd[1]: Reached target Remote File Systems (Pre).
Mar  1 08:16:15 ip-172-31-69-15 systemd[1]: Reached target Remote File Systems.
Mar  1 08:16:15 ip-172-31-69-15 systemd[1]: Starting LSB: disk temperature monitoring daemon...
Mar  1 08:16:15 ip-172-31-69-15 systemd[1]: Starting LSB: daemon to balance interrupts for SMP systems...
Mar  1 08:16:15 ip-172-31-69-15 systemd[1]: Starting Permit User Sessions...
Mar  1 08:16:15 ip-172-31-69-15 systemd[1]: Starting LSB: automatic crash report generation...
Mar  1 08:16:15 ip-172-31-69-15 polkitd[1213]: started daemon version 0.105 using authority implementation `local' version `0.105'
Mar  1 08:16:15 ip-172-31-69-15 dbus[1133]: [system] Successfully activated service 'org.freedesktop.PolicyKit1'
Mar  1 08:16:15 ip-172-31-69-15 systemd[1]: Starting LSB: Set the CPU Frequency Scaling governor to "ondemand"...
Mar  1 08:16:15 ip-172-31-69-15 accounts-daemon[1120]: started daemon version 0.6.40
Mar  1 08:16:15 ip-172-31-69-15 systemd[1]: Started Permit User Sessions.
Mar  1 08:16:15 ip-172-31-69-15 systemd[1]: Started Authenticate and Authorize Users to Run Privileged Tasks.
Mar  1 08:16:15 ip-172-31-69-15 systemd[1]: Started Accounts Service.
Mar  1 08:16:15 ip-172-31-69-15 systemd[1]: Started LSB: disk temperature monitoring daemon.
Mar  1 08:16:15 ip-172-31-69-15 irqbalance[1221]:  * Starting SMP IRQ Balancer: irqbalance
Mar  1 08:16:15 ip-172-31-69-15 systemd[1]: Starting Terminate Plymouth Boot Screen...
Mar  1 08:16:15 ip-172-31-69-15 apport[1232]:  * Starting automatic crash report generation: apport
Mar  1 08:16:15 ip-172-31-69-15 systemd[1]: Starting Hold until boot process finishes up...
Mar  1 08:16:15 ip-172-31-69-15 /usr/sbin/irqbalance: Balancing is ineffective on systems with a single cpu.  Shutting down
Mar  1 08:16:15 ip-172-31-69-15 irqbalance[1221]:    ...done.
Mar  1 08:16:15 ip-172-31-69-15 systemd[1]: Started Hold until boot process finishes up.
Mar  1 08:16:15 ip-172-31-69-15 systemd[1]: Started LSB: daemon to balance interrupts for SMP systems.
Mar  1 08:16:15 ip-172-31-69-15 apport[1232]:    ...done.
Mar  1 08:16:15 ip-172-31-69-15 systemd[1]: Started LSB: automatic crash report generation.
Mar  1 08:16:15 ip-172-31-69-15 systemd[1]: Started Terminate Plymouth Boot Screen.
Mar  1 08:16:15 ip-172-31-69-15 systemd[1]: Started LSB: Set the CPU Frequency Scaling governor to "ondemand".
Mar  1 08:16:15 ip-172-31-69-15 systemd[1]: Started Getty on tty1.
Mar  1 08:16:15 ip-172-31-69-15 systemd[1]: Started Serial Getty on ttyS0.
Mar  1 08:16:15 ip-172-31-69-15 systemd[1]: Reached target Login Prompts.
Mar  1 08:16:15 ip-172-31-69-15 systemd[1]: Reached target Multi-User System.
Mar  1 08:16:15 ip-172-31-69-15 systemd[1]: Reached target Graphical Interface.
Mar  1 08:16:15 ip-172-31-69-15 systemd[1]: Starting Update UTMP about System Runlevel Changes...
Mar  1 08:16:15 ip-172-31-69-15 systemd[1]: Starting Set console scheme...
Mar  1 08:16:15 ip-172-31-69-15 systemd[1]: Started Set console scheme.
Mar  1 08:16:15 ip-172-31-69-15 systemd[1]: Started Update UTMP about System Runlevel Changes.
Mar  1 08:16:15 ip-172-31-69-15 cloud-init[1148]: Cloud-init v. 17.1 running 'modules:config' at Thu, 01 Mar 2018 12:16:15 +0000. Up 9.41 seconds.
Mar  1 08:16:15 ip-172-31-69-15 systemd[1]: Started Apply the settings specified in cloud-config.
Mar  1 08:16:15 ip-172-31-69-15 systemd[1]: Starting Execute cloud user/final scripts...
Mar  1 08:16:16 ip-172-31-69-15 cloud-init[1294]: Cloud-init v. 17.1 running 'modules:final' at Thu, 01 Mar 2018 12:16:15 +0000. Up 9.80 seconds.
Mar  1 08:16:16 ip-172-31-69-15 cloud-init[1294]: Cloud-init v. 17.1 finished at Thu, 01 Mar 2018 12:16:16 +0000. Datasource DataSourceEc2Local.  Up 9.91 seconds
Mar  1 08:16:16 ip-172-31-69-15 systemd[1]: Started Execute cloud user/final scripts.
Mar  1 08:16:16 ip-172-31-69-15 systemd[1]: Reached target Cloud-init target.
Mar  1 08:16:16 ip-172-31-69-15 systemd[1]: Startup finished in 3.903s (kernel) + 6.107s (userspace) = 10.011s.
Mar  1 08:16:42 ip-172-31-69-15 systemd[1]: Time has been changed
Mar  1 08:16:42 ip-172-31-69-15 systemd-timesyncd[523]: Synchronized to time server 91.189.89.199:123 (ntp.ubuntu.com).
Mar  1 08:17:02 ip-172-31-69-15 CRON[1311]: (root) CMD (   cd / && run-parts --report /etc/cron.hourly)
Mar  1 08:20:31 ip-172-31-69-15 systemd[1]: Created slice User Slice of ubuntu.
Mar  1 08:20:31 ip-172-31-69-15 systemd[1]: Starting User Manager for UID 1000...
Mar  1 08:20:31 ip-172-31-69-15 systemd[1]: Started Session 2 of user ubuntu.
Mar  1 08:20:31 ip-172-31-69-15 systemd[1316]: Reached target Sockets.
Mar  1 08:20:31 ip-172-31-69-15 systemd[1316]: Reached target Paths.
Mar  1 08:20:31 ip-172-31-69-15 systemd[1316]: Reached target Timers.
Mar  1 08:20:31 ip-172-31-69-15 systemd[1316]: Reached target Basic System.
Mar  1 08:20:31 ip-172-31-69-15 systemd[1316]: Reached target Default.
Mar  1 08:20:31 ip-172-31-69-15 systemd[1316]: Startup finished in 21ms.
Mar  1 08:20:31 ip-172-31-69-15 systemd[1]: Started User Manager for UID 1000.
Mar  1 08:20:45 ip-172-31-69-15 kernel: [  279.270500] Netfilter messages via NETLINK v0.30.
Mar  1 08:20:45 ip-172-31-69-15 kernel: [  279.277982] device eth0 entered promiscuous mode
Mar  1 08:31:06 ip-172-31-69-15 systemd[1]: Starting Cleanup of Temporary Directories...
Mar  1 08:31:06 ip-172-31-69-15 systemd-tmpfiles[1417]: [/usr/lib/tmpfiles.d/var.conf:14] Duplicate line for path "/var/log", ignoring.
Mar  1 08:31:06 ip-172-31-69-15 systemd[1]: Started Cleanup of Temporary Directories.
Mar  1 08:45:19 ip-172-31-69-15 dhclient[939]: DHCPREQUEST of 172.31.69.15 on eth0 to 172.31.69.1 port 67 (xid=0x3bc29906)
Mar  1 08:45:19 ip-172-31-69-15 dhclient[939]: DHCPACK of 172.31.69.15 from 172.31.69.1
Mar  1 08:45:19 ip-172-31-69-15 dhclient[939]: bound to 172.31.69.15 -- renewal in 1461 seconds.
Mar  1 09:09:40 ip-172-31-69-15 dhclient[939]: DHCPREQUEST of 172.31.69.15 on eth0 to 172.31.69.1 port 67 (xid=0x3bc29906)
Mar  1 09:09:43 ip-172-31-69-15 dhclient[939]: DHCPREQUEST of 172.31.69.15 on eth0 to 172.31.69.1 port 67 (xid=0x3bc29906)
Mar  1 09:09:43 ip-172-31-69-15 dhclient[939]: DHCPACK of 172.31.69.15 from 172.31.69.1
Mar  1 09:09:43 ip-172-31-69-15 dhclient[939]: bound to 172.31.69.15 -- renewal in 1662 seconds.
Mar  1 09:17:01 ip-172-31-69-15 CRON[1449]: (root) CMD (   cd / && run-parts --report /etc/cron.hourly)
Mar  1 09:37:25 ip-172-31-69-15 dhclient[939]: DHCPREQUEST of 172.31.69.15 on eth0 to 172.31.69.1 port 67 (xid=0x3bc29906)
Mar  1 09:37:25 ip-172-31-69-15 dhclient[939]: DHCPACK of 172.31.69.15 from 172.31.69.1
Mar  1 09:37:25 ip-172-31-69-15 dhclient[939]: bound to 172.31.69.15 -- renewal in 1389 seconds.
Mar  1 10:00:34 ip-172-31-69-15 dhclient[939]: DHCPREQUEST of 172.31.69.15 on eth0 to 172.31.69.1 port 67 (xid=0x3bc29906)
Mar  1 10:00:34 ip-172-31-69-15 dhclient[939]: DHCPACK of 172.31.69.15 from 172.31.69.1
Mar  1 10:00:34 ip-172-31-69-15 dhclient[939]: bound to 172.31.69.15 -- renewal in 1586 seconds.
Mar  1 10:17:01 ip-172-31-69-15 CRON[1476]: (root) CMD (   cd / && run-parts --report /etc/cron.hourly)
Mar  1 10:27:00 ip-172-31-69-15 dhclient[939]: DHCPREQUEST of 172.31.69.15 on eth0 to 172.31.69.1 port 67 (xid=0x3bc29906)
Mar  1 10:27:00 ip-172-31-69-15 dhclient[939]: DHCPACK of 172.31.69.15 from 172.31.69.1
Mar  1 10:27:00 ip-172-31-69-15 dhclient[939]: bound to 172.31.69.15 -- renewal in 1727 seconds.
Mar  1 10:55:47 ip-172-31-69-15 dhclient[939]: DHCPREQUEST of 172.31.69.15 on eth0 to 172.31.69.1 port 67 (xid=0x3bc29906)
Mar  1 10:55:47 ip-172-31-69-15 dhclient[939]: DHCPACK of 172.31.69.15 from 172.31.69.1
Mar  1 10:55:47 ip-172-31-69-15 dhclient[939]: bound to 172.31.69.15 -- renewal in 1661 seconds.
Mar  1 11:17:01 ip-172-31-69-15 CRON[1543]: (root) CMD (   cd / && run-parts --report /etc/cron.hourly)
Mar  1 11:23:28 ip-172-31-69-15 dhclient[939]: DHCPREQUEST of 172.31.69.15 on eth0 to 172.31.69.1 port 67 (xid=0x3bc29906)
Mar  1 11:23:28 ip-172-31-69-15 dhclient[939]: DHCPACK of 172.31.69.15 from 172.31.69.1
Mar  1 11:23:28 ip-172-31-69-15 dhclient[939]: bound to 172.31.69.15 -- renewal in 1563 seconds.
Mar  1 11:49:31 ip-172-31-69-15 dhclient[939]: DHCPREQUEST of 172.31.69.15 on eth0 to 172.31.69.1 port 67 (xid=0x3bc29906)
Mar  1 11:49:31 ip-172-31-69-15 dhclient[939]: DHCPACK of 172.31.69.15 from 172.31.69.1
Mar  1 11:49:31 ip-172-31-69-15 dhclient[939]: bound to 172.31.69.15 -- renewal in 1421 seconds.
Mar  1 12:13:12 ip-172-31-69-15 dhclient[939]: DHCPREQUEST of 172.31.69.15 on eth0 to 172.31.69.1 port 67 (xid=0x3bc29906)
Mar  1 12:13:12 ip-172-31-69-15 dhclient[939]: DHCPACK of 172.31.69.15 from 172.31.69.1
Mar  1 12:13:12 ip-172-31-69-15 dhclient[939]: bound to 172.31.69.15 -- renewal in 1427 seconds.
Mar  1 12:17:01 ip-172-31-69-15 CRON[1596]: (root) CMD (   cd / && run-parts --report /etc/cron.hourly)
Mar  1 12:36:59 ip-172-31-69-15 dhclient[939]: DHCPREQUEST of 172.31.69.15 on eth0 to 172.31.69.1 port 67 (xid=0x3bc29906)
Mar  1 12:36:59 ip-172-31-69-15 dhclient[939]: DHCPACK of 172.31.69.15 from 172.31.69.1
Mar  1 12:36:59 ip-172-31-69-15 dhclient[939]: bound to 172.31.69.15 -- renewal in 1382 seconds.
Mar  1 13:00:01 ip-172-31-69-15 dhclient[939]: DHCPREQUEST of 172.31.69.15 on eth0 to 172.31.69.1 port 67 (xid=0x3bc29906)
Mar  1 13:00:01 ip-172-31-69-15 dhclient[939]: DHCPACK of 172.31.69.15 from 172.31.69.1
Mar  1 13:00:01 ip-172-31-69-15 dhclient[939]: bound to 172.31.69.15 -- renewal in 1529 seconds.
Mar  1 13:17:01 ip-172-31-69-15 CRON[1674]: (root) CMD (   cd / && run-parts --report /etc/cron.hourly)
Mar  1 13:25:30 ip-172-31-69-15 dhclient[939]: DHCPREQUEST of 172.31.69.15 on eth0 to 172.31.69.1 port 67 (xid=0x3bc29906)
Mar  1 13:25:30 ip-172-31-69-15 dhclient[939]: DHCPACK of 172.31.69.15 from 172.31.69.1
Mar  1 13:25:30 ip-172-31-69-15 dhclient[939]: bound to 172.31.69.15 -- renewal in 1498 seconds.
Mar  1 13:47:01 ip-172-31-69-15 CRON[1702]: (root) CMD (nohup tcpdump > /home/ubuntu/capture/dump$(hostname -I) &  )
Mar  1 13:50:28 ip-172-31-69-15 dhclient[939]: DHCPREQUEST of 172.31.69.15 on eth0 to 172.31.69.1 port 67 (xid=0x3bc29906)
Mar  1 13:50:28 ip-172-31-69-15 dhclient[939]: DHCPACK of 172.31.69.15 from 172.31.69.1
Mar  1 13:50:28 ip-172-31-69-15 dhclient[939]: bound to 172.31.69.15 -- renewal in 1553 seconds.
Mar  1 14:16:21 ip-172-31-69-15 dhclient[939]: DHCPREQUEST of 172.31.69.15 on eth0 to 172.31.69.1 port 67 (xid=0x3bc29906)
Mar  1 14:16:21 ip-172-31-69-15 dhclient[939]: DHCPACK of 172.31.69.15 from 172.31.69.1
Mar  1 14:16:21 ip-172-31-69-15 dhclient[939]: bound to 172.31.69.15 -- renewal in 1677 seconds.
Mar  1 14:17:01 ip-172-31-69-15 CRON[1736]: (root) CMD (   cd / && run-parts --report /etc/cron.hourly)
Mar  1 14:44:18 ip-172-31-69-15 dhclient[939]: DHCPREQUEST of 172.31.69.15 on eth0 to 172.31.69.1 port 67 (xid=0x3bc29906)
Mar  1 14:44:18 ip-172-31-69-15 dhclient[939]: DHCPACK of 172.31.69.15 from 172.31.69.1
Mar  1 14:44:18 ip-172-31-69-15 dhclient[939]: bound to 172.31.69.15 -- renewal in 1660 seconds.
Mar  1 15:11:58 ip-172-31-69-15 dhclient[939]: DHCPREQUEST of 172.31.69.15 on eth0 to 172.31.69.1 port 67 (xid=0x3bc29906)
Mar  1 15:11:58 ip-172-31-69-15 dhclient[939]: DHCPACK of 172.31.69.15 from 172.31.69.1
Mar  1 15:11:58 ip-172-31-69-15 dhclient[939]: bound to 172.31.69.15 -- renewal in 1730 seconds.
Mar  1 15:17:01 ip-172-31-69-15 CRON[1800]: (root) CMD (   cd / && run-parts --report /etc/cron.hourly)
Mar  1 15:40:48 ip-172-31-69-15 dhclient[939]: DHCPREQUEST of 172.31.69.15 on eth0 to 172.31.69.1 port 67 (xid=0x3bc29906)
Mar  1 15:40:48 ip-172-31-69-15 dhclient[939]: DHCPACK of 172.31.69.15 from 172.31.69.1
Mar  1 15:40:48 ip-172-31-69-15 dhclient[939]: bound to 172.31.69.15 -- renewal in 1531 seconds.
Mar  1 15:43:46 ip-172-31-69-15 systemd[1]: Starting Daily apt download activities...
Mar  1 15:43:47 ip-172-31-69-15 systemd[1]: Started Daily apt download activities.
Mar  1 16:06:19 ip-172-31-69-15 dhclient[939]: DHCPREQUEST of 172.31.69.15 on eth0 to 172.31.69.1 port 67 (xid=0x3bc29906)
Mar  1 16:06:19 ip-172-31-69-15 dhclient[939]: DHCPACK of 172.31.69.15 from 172.31.69.1
Mar  1 16:06:19 ip-172-31-69-15 dhclient[939]: bound to 172.31.69.15 -- renewal in 1795 seconds.
Mar  1 16:17:01 ip-172-31-69-15 CRON[1912]: (root) CMD (   cd / && run-parts --report /etc/cron.hourly)
Mar  1 16:36:15 ip-172-31-69-15 dhclient[939]: DHCPREQUEST of 172.31.69.15 on eth0 to 172.31.69.1 port 67 (xid=0x3bc29906)
Mar  1 16:36:15 ip-172-31-69-15 dhclient[939]: DHCPACK of 172.31.69.15 from 172.31.69.1
Mar  1 16:36:15 ip-172-31-69-15 dhclient[939]: bound to 172.31.69.15 -- renewal in 1460 seconds.
Mar  1 17:00:35 ip-172-31-69-15 dhclient[939]: DHCPREQUEST of 172.31.69.15 on eth0 to 172.31.69.1 port 67 (xid=0x3bc29906)
Mar  1 17:00:35 ip-172-31-69-15 dhclient[939]: DHCPACK of 172.31.69.15 from 172.31.69.1
Mar  1 17:00:35 ip-172-31-69-15 dhclient[939]: bound to 172.31.69.15 -- renewal in 1504 seconds.
Mar  1 17:17:01 ip-172-31-69-15 CRON[1950]: (root) CMD (   cd / && run-parts --report /etc/cron.hourly)
Mar  1 17:25:39 ip-172-31-69-15 dhclient[939]: DHCPREQUEST of 172.31.69.15 on eth0 to 172.31.69.1 port 67 (xid=0x3bc29906)
Mar  1 17:25:39 ip-172-31-69-15 dhclient[939]: DHCPACK of 172.31.69.15 from 172.31.69.1
Mar  1 17:25:39 ip-172-31-69-15 dhclient[939]: bound to 172.31.69.15 -- renewal in 1659 seconds.
