Mar  1 06:28:49 ip-172-31-69-25 dhclient[932]: DHCPREQUEST of 172.31.69.25 on eth0 to 172.31.69.1 port 67 (xid=0x28597deb)
Mar  1 06:28:49 ip-172-31-69-25 dhclient[932]: DHCPACK of 172.31.69.25 from 172.31.69.1
Mar  1 06:28:49 ip-172-31-69-25 dhclient[932]: bound to 172.31.69.25 -- renewal in 1606 seconds.
Mar  1 06:39:01 ip-172-31-69-25 CRON[7043]: (root) CMD (  [ -x /usr/lib/php/sessionclean ] && /usr/lib/php/sessionclean)
Mar  1 06:47:33 ip-172-31-69-25 systemd[1]: Starting Daily apt upgrade and clean activities...
Mar  1 06:47:35 ip-172-31-69-25 systemd[1]: Started Daily apt upgrade and clean activities.
Mar  1 06:52:01 ip-172-31-69-25 CRON[7199]: (root) CMD (test -x /usr/sbin/anacron || ( cd / && run-parts --report /etc/cron.monthly ))
Mar  1 06:55:35 ip-172-31-69-25 dhclient[932]: DHCPREQUEST of 172.31.69.25 on eth0 to 172.31.69.1 port 67 (xid=0x28597deb)
Mar  1 06:55:35 ip-172-31-69-25 dhclient[932]: DHCPACK of 172.31.69.25 from 172.31.69.1
Mar  1 06:55:35 ip-172-31-69-25 dhclient[932]: bound to 172.31.69.25 -- renewal in 1506 seconds.
Mar  1 07:09:01 ip-172-31-69-25 CRON[7222]: (root) CMD (  [ -x /usr/lib/php/sessionclean ] && /usr/lib/php/sessionclean)
Mar  1 07:17:01 ip-172-31-69-25 CRON[7309]: (root) CMD (   cd / && run-parts --report /etc/cron.hourly)
Mar  1 07:20:41 ip-172-31-69-25 dhclient[932]: DHCPREQUEST of 172.31.69.25 on eth0 to 172.31.69.1 port 67 (xid=0x28597deb)
Mar  1 07:20:41 ip-172-31-69-25 dhclient[932]: DHCPACK of 172.31.69.25 from 172.31.69.1
Mar  1 07:20:41 ip-172-31-69-25 dhclient[932]: bound to 172.31.69.25 -- renewal in 1749 seconds.
Mar  1 07:39:01 ip-172-31-69-25 CRON[7340]: (root) CMD (  [ -x /usr/lib/php/sessionclean ] && /usr/lib/php/sessionclean)
Mar  1 07:49:51 ip-172-31-69-25 dhclient[932]: DHCPREQUEST of 172.31.69.25 on eth0 to 172.31.69.1 port 67 (xid=0x28597deb)
Mar  1 07:49:51 ip-172-31-69-25 dhclient[932]: DHCPACK of 172.31.69.25 from 172.31.69.1
Mar  1 07:49:51 ip-172-31-69-25 dhclient[932]: bound to 172.31.69.25 -- renewal in 1528 seconds.
Mar  1 08:09:01 ip-172-31-69-25 CRON[7443]: (root) CMD (  [ -x /usr/lib/php/sessionclean ] && /usr/lib/php/sessionclean)
Mar  1 08:15:19 ip-172-31-69-25 dhclient[932]: DHCPREQUEST of 172.31.69.25 on eth0 to 172.31.69.1 port 67 (xid=0x28597deb)
Mar  1 08:15:19 ip-172-31-69-25 dhclient[932]: DHCPACK of 172.31.69.25 from 172.31.69.1
Mar  1 08:15:19 ip-172-31-69-25 dhclient[932]: bound to 172.31.69.25 -- renewal in 1647 seconds.
Mar  1 08:15:41 ip-172-31-69-25 systemd[1]: Received SIGINT.
Mar  1 08:15:41 ip-172-31-69-25 kernel: [86046.447854] device eth0 left promiscuous mode
Mar  1 08:15:41 ip-172-31-69-25 systemd[1]: Stopping User Manager for UID 1000...
Mar  1 08:15:41 ip-172-31-69-25 systemd[1388]: Reached target Shutdown.
Mar  1 08:15:41 ip-172-31-69-25 systemd[1388]: Starting Exit the Session...
Mar  1 08:15:41 ip-172-31-69-25 systemd[1388]: Stopped target Default.
Mar  1 08:15:41 ip-172-31-69-25 systemd[1388]: Stopped target Basic System.
Mar  1 08:15:41 ip-172-31-69-25 systemd[1388]: Stopped target Sockets.
Mar  1 08:15:41 ip-172-31-69-25 systemd[1388]: Stopped target Paths.
Mar  1 08:15:41 ip-172-31-69-25 systemd[1388]: Stopped target Timers.
Mar  1 08:15:41 ip-172-31-69-25 systemd[1388]: Received SIGRTMIN+24 from PID 7542 (kill).
Mar  1 08:15:41 ip-172-31-69-25 systemd[1]: Stopping Session 1 of user ubuntu.
Mar  1 08:15:41 ip-172-31-69-25 systemd[1]: Stopping ACPI event daemon...
Mar  1 08:15:41 ip-172-31-69-25 systemd[1]: Stopped target Cloud-init target.
Mar  1 08:15:41 ip-172-31-69-25 systemd[1]: Stopped Execute cloud user/final scripts.
Mar  1 08:15:41 ip-172-31-69-25 systemd[1]: Stopped Apply the settings specified in cloud-config.
Mar  1 08:15:41 ip-172-31-69-25 systemd[1]: Stopped target Graphical Interface.
Mar  1 08:15:41 ip-172-31-69-25 systemd[1]: Closed Load/Save RF Kill Switch Status /dev/rfkill Watch.
Mar  1 08:15:41 ip-172-31-69-25 systemd[1]: Stopped target Timers.
Mar  1 08:15:41 ip-172-31-69-25 systemd[1]: Stopped Timer to automatically refresh installed snaps.
Mar  1 08:15:41 ip-172-31-69-25 systemd[1]: Stopped Daily Cleanup of Temporary Directories.
Mar  1 08:15:41 ip-172-31-69-25 systemd[1]: Stopping Authenticate and Authorize Users to Run Privileged Tasks...
Mar  1 08:15:41 ip-172-31-69-25 systemd[1]: Stopping Session 21 of user ubuntu.
Mar  1 08:15:41 ip-172-31-69-25 systemd[1]: Stopped target Multi-User System.
Mar  1 08:15:41 ip-172-31-69-25 systemd[1]: Stopping Unattended Upgrades Shutdown...
Mar  1 08:15:41 ip-172-31-69-25 systemd[1]: Stopping LSB: daemon to balance interrupts for SMP systems...
Mar  1 08:15:41 ip-172-31-69-25 systemd[1]: Stopping D-Bus System Message Bus...
Mar  1 08:15:41 ip-172-31-69-25 systemd[1]: Stopped target Login Prompts.
Mar  1 08:15:41 ip-172-31-69-25 systemd[1]: Stopping Getty on tty1...
Mar  1 08:15:41 ip-172-31-69-25 systemd[1]: Stopping Serial Getty on ttyS0...
Mar  1 08:15:41 ip-172-31-69-25 systemd[1]: Stopping Regular background program processing daemon...
Mar  1 08:15:41 ip-172-31-69-25 systemd[1]: Stopping FUSE filesystem for LXC...
Mar  1 08:15:41 ip-172-31-69-25 systemd[1]: Stopping OpenBSD Secure Shell server...
Mar  1 08:15:41 ip-172-31-69-25 systemd[1]: Stopping LSB: Apache2 web server...
Mar  1 08:15:41 ip-172-31-69-25 systemd[1]: Stopping The PHP 7.0 FastCGI Process Manager...
Mar  1 08:15:41 ip-172-31-69-25 systemd[1]: Stopping LSB: Record successful boot for GRUB...
Mar  1 08:15:41 ip-172-31-69-25 rsyslogd: [origin software="rsyslogd" swVersion="8.16.0" x-pid="1180" x-info="http://www.rsyslog.com"] exiting on signal 15.
Mar  1 08:16:14 ip-172-31-69-25 rsyslogd: [origin software="rsyslogd" swVersion="8.16.0" x-pid="1126" x-info="http://www.rsyslog.com"] start
Mar  1 08:16:14 ip-172-31-69-25 rsyslogd-2222: command 'KLogPermitNonKernelFacility' is currently not permitted - did you already set it via a RainerScript command (v6+ config)? [v8.16.0 try http://www.rsyslog.com/e/2222 ]
Mar  1 08:16:14 ip-172-31-69-25 rsyslogd: rsyslogd's groupid changed to 108
Mar  1 08:16:14 ip-172-31-69-25 rsyslogd: rsyslogd's userid changed to 104
Mar  1 08:16:14 ip-172-31-69-25 rsyslogd-2039: Could not open output pipe '/dev/xconsole':: No such file or directory [v8.16.0 try http://www.rsyslog.com/e/2039 ]
Mar  1 08:16:14 ip-172-31-69-25 rsyslogd-2007: action 'action 11' suspended, next retry is Thu Mar  1 08:16:44 2018 [v8.16.0 try http://www.rsyslog.com/e/2007 ]
Mar  1 08:16:14 ip-172-31-69-25 kernel: [    0.000000] Initializing cgroup subsys cpuset
Mar  1 08:16:14 ip-172-31-69-25 kernel: [    0.000000] Initializing cgroup subsys cpu
Mar  1 08:16:14 ip-172-31-69-25 kernel: [    0.000000] Initializing cgroup subsys cpuacct
Mar  1 08:16:14 ip-172-31-69-25 kernel: [    0.000000] Linux version 4.4.0-1052-aws (buildd@lgw01-amd64-031) (gcc version 5.4.0 20160609 (Ubuntu 5.4.0-6ubuntu1~16.04.9) ) #61-Ubuntu SMP Mon Feb 12 23:05:58 UTC 2018 (Ubuntu 4.4.0-1052.61-aws 4.4.98)
Mar  1 08:16:14 ip-172-31-69-25 kernel: [    0.000000] Command line: BOOT_IMAGE=/boot/vmlinuz-4.4.0-1052-aws root=UUID=ccee1a8d-0785-4b3a-a578-812d59f5d3e1 ro console=tty1 console=ttyS0 nvme.io_timeout=4294967295
Mar  1 08:16:14 ip-172-31-69-25 kernel: [    0.000000] KERNEL supported cpus:
Mar  1 08:16:14 ip-172-31-69-25 kernel: [    0.000000]   Intel GenuineIntel
Mar  1 08:16:14 ip-172-31-69-25 kernel: [    0.000000]   AMD AuthenticAMD
Mar  1 08:16:14 ip-172-31-69-25 kernel: [    0.000000]   Centaur CentaurHauls
Mar  1 08:16:14 ip-172-31-69-25 kernel: [    0.000000] x86/fpu: xstate_offset[2]:  576, xstate_sizes[2]:  256
Mar  1 08:16:14 ip-172-31-69-25 kernel: [    0.000000] x86/fpu: Supporting XSAVE feature 0x01: 'x87 floating point registers'
Mar  1 08:16:14 ip-172-31-69-25 kernel: [    0.000000] x86/fpu: Supporting XSAVE feature 0x02: 'SSE registers'
Mar  1 08:16:14 ip-172-31-69-25 kernel: [    0.000000] x86/fpu: Supporting XSAVE feature 0x04: 'AVX registers'
Mar  1 08:16:14 ip-172-31-69-25 kernel: [    0.000000] x86/fpu: Enabled xstate features 0x7, context size is 832 bytes, using 'standard' format.
Mar  1 08:16:14 ip-172-31-69-25 kernel: [    0.000000] x86/fpu: Using 'eager' FPU context switches.
Mar  1 08:16:14 ip-172-31-69-25 kernel: [    0.000000] e820: BIOS-provided physical RAM map:
Mar  1 08:16:14 ip-172-31-69-25 kernel: [    0.000000] BIOS-e820: [mem 0x0000000000000000-0x000000000009dfff] usable
Mar  1 08:16:14 ip-172-31-69-25 kernel: [    0.000000] BIOS-e820: [mem 0x000000000009e000-0x000000000009ffff] reserved
Mar  1 08:16:14 ip-172-31-69-25 kernel: [    0.000000] BIOS-e820: [mem 0x00000000000e0000-0x00000000000fffff] reserved
Mar  1 08:16:14 ip-172-31-69-25 kernel: [    0.000000] BIOS-e820: [mem 0x0000000000100000-0x000000003fffffff] usable
Mar  1 08:16:14 ip-172-31-69-25 kernel: [    0.000000] BIOS-e820: [mem 0x00000000fc000000-0x00000000ffffffff] reserved
Mar  1 08:16:14 ip-172-31-69-25 kernel: [    0.000000] NX (Execute Disable) protection: active
Mar  1 08:16:14 ip-172-31-69-25 kernel: [    0.000000] SMBIOS 2.7 present.
Mar  1 08:16:14 ip-172-31-69-25 kernel: [    0.000000] DMI: Xen HVM domU, BIOS 4.2.amazon 08/24/2006
Mar  1 08:16:14 ip-172-31-69-25 kernel: [    0.000000] Hypervisor detected: Xen
Mar  1 08:16:14 ip-172-31-69-25 kernel: [    0.000000] Xen version 4.2.
Mar  1 08:16:14 ip-172-31-69-25 kernel: [    0.000000] Xen Platform PCI: I/O protocol version 1
Mar  1 08:16:14 ip-172-31-69-25 kernel: [    0.000000] Netfront and the Xen platform PCI driver have been compiled for this kernel: unplug emulated NICs.
Mar  1 08:16:14 ip-172-31-69-25 kernel: [    0.000000] Blkfront and the Xen platform PCI driver have been compiled for this kernel: unplug emulated disks.
Mar  1 08:16:14 ip-172-31-69-25 kernel: [    0.000000] You might have to change the root device
Mar  1 08:16:14 ip-172-31-69-25 kernel: [    0.000000] from /dev/hd[a-d] to /dev/xvd[a-d]
Mar  1 08:16:14 ip-172-31-69-25 kernel: [    0.000000] in your root= kernel command line option
Mar  1 08:16:14 ip-172-31-69-25 kernel: [    0.000000] HVMOP_pagetable_dying not supported
Mar  1 08:16:14 ip-172-31-69-25 kernel: [    0.000000] e820: update [mem 0x00000000-0x00000fff] usable ==> reserved
Mar  1 08:16:14 ip-172-31-69-25 kernel: [    0.000000] e820: remove [mem 0x000a0000-0x000fffff] usable
Mar  1 08:16:14 ip-172-31-69-25 kernel: [    0.000000] e820: last_pfn = 0x40000 max_arch_pfn = 0x400000000
Mar  1 08:16:14 ip-172-31-69-25 kernel: [    0.000000] MTRR default type: write-back
Mar  1 08:16:14 ip-172-31-69-25 kernel: [    0.000000] MTRR fixed ranges enabled:
Mar  1 08:16:14 ip-172-31-69-25 kernel: [    0.000000]   00000-9FFFF write-back
Mar  1 08:16:14 ip-172-31-69-25 kernel: [    0.000000]   A0000-BFFFF write-combining
Mar  1 08:16:14 ip-172-31-69-25 kernel: [    0.000000]   C0000-FFFFF write-back
Mar  1 08:16:14 ip-172-31-69-25 kernel: [    0.000000] MTRR variable ranges enabled:
Mar  1 08:16:14 ip-172-31-69-25 kernel: [    0.000000]   0 base 0000F0000000 mask 3FFFF8000000 uncachable
Mar  1 08:16:14 ip-172-31-69-25 kernel: [    0.000000]   1 base 0000F8000000 mask 3FFFFC000000 uncachable
Mar  1 08:16:14 ip-172-31-69-25 kernel: [    0.000000]   2 disabled
Mar  1 08:16:14 ip-172-31-69-25 kernel: [    0.000000]   3 disabled
Mar  1 08:16:14 ip-172-31-69-25 kernel: [    0.000000]   4 disabled
Mar  1 08:16:14 ip-172-31-69-25 kernel: [    0.000000]   5 disabled
Mar  1 08:16:14 ip-172-31-69-25 kernel: [    0.000000]   6 disabled
Mar  1 08:16:14 ip-172-31-69-25 kernel: [    0.000000]   7 disabled
Mar  1 08:16:14 ip-172-31-69-25 kernel: [    0.000000] x86/PAT: Configuration [0-7]: WB  WC  UC- UC  WB  WC  UC- WT  
Mar  1 08:16:14 ip-172-31-69-25 kernel: [    0.000000] found SMP MP-table at [mem 0x000fbc20-0x000fbc2f] mapped at [ffff8800000fbc20]
Mar  1 08:16:14 ip-172-31-69-25 kernel: [    0.000000] Scanning 1 areas for low memory corruption
Mar  1 08:16:14 ip-172-31-69-25 kernel: [    0.000000] Base memory trampoline at [ffff880000098000] 98000 size 24576
Mar  1 08:16:14 ip-172-31-69-25 kernel: [    0.000000] BRK [0x021fd000, 0x021fdfff] PGTABLE
Mar  1 08:16:14 ip-172-31-69-25 kernel: [    0.000000] BRK [0x021fe000, 0x021fefff] PGTABLE
Mar  1 08:16:14 ip-172-31-69-25 kernel: [    0.000000] BRK [0x021ff000, 0x021fffff] PGTABLE
Mar  1 08:16:14 ip-172-31-69-25 kernel: [    0.000000] RAMDISK: [mem 0x367d6000-0x373e2fff]
Mar  1 08:16:14 ip-172-31-69-25 kernel: [    0.000000] ACPI: Early table checksum verification disabled
Mar  1 08:16:14 ip-172-31-69-25 kernel: [    0.000000] ACPI: RSDP 0x00000000000EA020 000024 (v02 Xen   )
Mar  1 08:16:14 ip-172-31-69-25 kernel: [    0.000000] ACPI: XSDT 0x00000000FC00DDC0 000054 (v01 Xen    HVM      00000000 HVML 00000000)
Mar  1 08:16:14 ip-172-31-69-25 kernel: [    0.000000] ACPI: FACP 0x00000000FC00DA80 0000F4 (v04 Xen    HVM      00000000 HVML 00000000)
Mar  1 08:16:14 ip-172-31-69-25 kernel: [    0.000000] ACPI: DSDT 0x00000000FC001CE0 00BD19 (v02 Xen    HVM      00000000 INTL 20090123)
Mar  1 08:16:14 ip-172-31-69-25 kernel: [    0.000000] ACPI: FACS 0x00000000FC001CA0 000040
Mar  1 08:16:14 ip-172-31-69-25 kernel: [    0.000000] ACPI: FACS 0x00000000FC001CA0 000040
Mar  1 08:16:14 ip-172-31-69-25 kernel: [    0.000000] ACPI: APIC 0x00000000FC00DB80 0000D8 (v02 Xen    HVM      00000000 HVML 00000000)
Mar  1 08:16:14 ip-172-31-69-25 kernel: [    0.000000] ACPI: HPET 0x00000000FC00DCD0 000038 (v01 Xen    HVM      00000000 HVML 00000000)
Mar  1 08:16:14 ip-172-31-69-25 kernel: [    0.000000] ACPI: WAET 0x00000000FC00DD10 000028 (v01 Xen    HVM      00000000 HVML 00000000)
Mar  1 08:16:14 ip-172-31-69-25 kernel: [    0.000000] ACPI: SSDT 0x00000000FC00DD40 000031 (v02 Xen    HVM      00000000 INTL 20090123)
Mar  1 08:16:14 ip-172-31-69-25 kernel: [    0.000000] ACPI: SSDT 0x00000000FC00DD80 000031 (v02 Xen    HVM      00000000 INTL 20090123)
Mar  1 08:16:14 ip-172-31-69-25 kernel: [    0.000000] ACPI: Local APIC address 0xfee00000
Mar  1 08:16:14 ip-172-31-69-25 kernel: [    0.000000] No NUMA configuration found
Mar  1 08:16:14 ip-172-31-69-25 kernel: [    0.000000] Faking a node at [mem 0x0000000000000000-0x000000003fffffff]
Mar  1 08:16:14 ip-172-31-69-25 kernel: [    0.000000] NODE_DATA(0) allocated [mem 0x3fffb000-0x3fffffff]
Mar  1 08:16:14 ip-172-31-69-25 kernel: [    0.000000] Zone ranges:
Mar  1 08:16:14 ip-172-31-69-25 kernel: [    0.000000]   DMA      [mem 0x0000000000001000-0x0000000000ffffff]
Mar  1 08:16:14 ip-172-31-69-25 kernel: [    0.000000]   DMA32    [mem 0x0000000001000000-0x000000003fffffff]
Mar  1 08:16:14 ip-172-31-69-25 kernel: [    0.000000]   Normal   empty
Mar  1 08:16:14 ip-172-31-69-25 kernel: [    0.000000]   Device   empty
Mar  1 08:16:14 ip-172-31-69-25 kernel: [    0.000000] Movable zone start for each node
Mar  1 08:16:14 ip-172-31-69-25 kernel: [    0.000000] Early memory node ranges
Mar  1 08:16:14 ip-172-31-69-25 kernel: [    0.000000]   node   0: [mem 0x0000000000001000-0x000000000009dfff]
Mar  1 08:16:14 ip-172-31-69-25 kernel: [    0.000000]   node   0: [mem 0x0000000000100000-0x000000003fffffff]
Mar  1 08:16:14 ip-172-31-69-25 kernel: [    0.000000] Initmem setup node 0 [mem 0x0000000000001000-0x000000003fffffff]
Mar  1 08:16:14 ip-172-31-69-25 kernel: [    0.000000] On node 0 totalpages: 262045
Mar  1 08:16:14 ip-172-31-69-25 kernel: [    0.000000]   DMA zone: 64 pages used for memmap
Mar  1 08:16:14 ip-172-31-69-25 kernel: [    0.000000]   DMA zone: 21 pages reserved
Mar  1 08:16:14 ip-172-31-69-25 kernel: [    0.000000]   DMA zone: 3997 pages, LIFO batch:0
Mar  1 08:16:14 ip-172-31-69-25 kernel: [    0.000000]   DMA32 zone: 4032 pages used for memmap
Mar  1 08:16:14 ip-172-31-69-25 kernel: [    0.000000]   DMA32 zone: 258048 pages, LIFO batch:31
Mar  1 08:16:14 ip-172-31-69-25 kernel: [    0.000000] ACPI: PM-Timer IO Port: 0xb008
Mar  1 08:16:14 ip-172-31-69-25 kernel: [    0.000000] ACPI: Local APIC address 0xfee00000
Mar  1 08:16:14 ip-172-31-69-25 kernel: [    0.000000] IOAPIC[0]: apic_id 1, version 17, address 0xfec00000, GSI 0-47
Mar  1 08:16:14 ip-172-31-69-25 kernel: [    0.000000] ACPI: INT_SRC_OVR (bus 0 bus_irq 0 global_irq 2 dfl dfl)
Mar  1 08:16:14 ip-172-31-69-25 kernel: [    0.000000] ACPI: INT_SRC_OVR (bus 0 bus_irq 5 global_irq 5 low level)
Mar  1 08:16:14 ip-172-31-69-25 kernel: [    0.000000] ACPI: INT_SRC_OVR (bus 0 bus_irq 10 global_irq 10 low level)
Mar  1 08:16:14 ip-172-31-69-25 kernel: [    0.000000] ACPI: INT_SRC_OVR (bus 0 bus_irq 11 global_irq 11 low level)
Mar  1 08:16:14 ip-172-31-69-25 kernel: [    0.000000] ACPI: IRQ0 used by override.
Mar  1 08:16:14 ip-172-31-69-25 kernel: [    0.000000] ACPI: IRQ5 used by override.
Mar  1 08:16:14 ip-172-31-69-25 kernel: [    0.000000] ACPI: IRQ9 used by override.
Mar  1 08:16:14 ip-172-31-69-25 kernel: [    0.000000] ACPI: IRQ10 used by override.
Mar  1 08:16:14 ip-172-31-69-25 kernel: [    0.000000] ACPI: IRQ11 used by override.
Mar  1 08:16:14 ip-172-31-69-25 kernel: [    0.000000] Using ACPI (MADT) for SMP configuration information
Mar  1 08:16:14 ip-172-31-69-25 kernel: [    0.000000] ACPI: HPET id: 0x8086a201 base: 0xfed00000
Mar  1 08:16:14 ip-172-31-69-25 kernel: [    0.000000] smpboot: Allowing 15 CPUs, 14 hotplug CPUs
Mar  1 08:16:14 ip-172-31-69-25 kernel: [    0.000000] PM: Registered nosave memory: [mem 0x00000000-0x00000fff]
Mar  1 08:16:14 ip-172-31-69-25 kernel: [    0.000000] PM: Registered nosave memory: [mem 0x0009e000-0x0009ffff]
Mar  1 08:16:14 ip-172-31-69-25 kernel: [    0.000000] PM: Registered nosave memory: [mem 0x000a0000-0x000dffff]
Mar  1 08:16:14 ip-172-31-69-25 kernel: [    0.000000] PM: Registered nosave memory: [mem 0x000e0000-0x000fffff]
Mar  1 08:16:14 ip-172-31-69-25 kernel: [    0.000000] e820: [mem 0x40000000-0xfbffffff] available for PCI devices
Mar  1 08:16:14 ip-172-31-69-25 kernel: [    0.000000] Booting paravirtualized kernel on Xen HVM
Mar  1 08:16:14 ip-172-31-69-25 kernel: [    0.000000] clocksource: refined-jiffies: mask: 0xffffffff max_cycles: 0xffffffff, max_idle_ns: 7645519600211568 ns
Mar  1 08:16:14 ip-172-31-69-25 kernel: [    0.000000] setup_percpu: NR_CPUS:256 nr_cpumask_bits:256 nr_cpu_ids:15 nr_node_ids:1
Mar  1 08:16:14 ip-172-31-69-25 kernel: [    0.000000] PERCPU: Embedded 34 pages/cpu @ffff88003e200000 s99160 r8192 d31912 u262144
Mar  1 08:16:14 ip-172-31-69-25 kernel: [    0.000000] pcpu-alloc: s99160 r8192 d31912 u262144 alloc=1*2097152
Mar  1 08:16:14 ip-172-31-69-25 kernel: [    0.000000] pcpu-alloc: [0] 00 01 02 03 04 05 06 07 [0] 08 09 10 11 12 13 14 -- 
Mar  1 08:16:14 ip-172-31-69-25 kernel: [    0.000000] xen: PV spinlocks enabled
Mar  1 08:16:14 ip-172-31-69-25 kernel: [    0.000000] PV qspinlock hash table entries: 256 (order: 0, 4096 bytes)
Mar  1 08:16:14 ip-172-31-69-25 kernel: [    0.000000] Built 1 zonelists in Node order, mobility grouping on.  Total pages: 257928
Mar  1 08:16:14 ip-172-31-69-25 kernel: [    0.000000] Policy zone: DMA32
Mar  1 08:16:14 ip-172-31-69-25 kernel: [    0.000000] Kernel command line: BOOT_IMAGE=/boot/vmlinuz-4.4.0-1052-aws root=UUID=ccee1a8d-0785-4b3a-a578-812d59f5d3e1 ro console=tty1 console=ttyS0 nvme.io_timeout=4294967295
Mar  1 08:16:14 ip-172-31-69-25 kernel: [    0.000000] PID hash table entries: 4096 (order: 3, 32768 bytes)
Mar  1 08:16:14 ip-172-31-69-25 kernel: [    0.000000] Calgary: detecting Calgary via BIOS EBDA area
Mar  1 08:16:14 ip-172-31-69-25 kernel: [    0.000000] Calgary: Unable to locate Rio Grande table in EBDA - bailing!
Mar  1 08:16:14 ip-172-31-69-25 kernel: [    0.000000] Memory: 998612K/1048180K available (8351K kernel code, 1276K rwdata, 3876K rodata, 1492K init, 1264K bss, 49568K reserved, 0K cma-reserved)
Mar  1 08:16:14 ip-172-31-69-25 kernel: [    0.000000] SLUB: HWalign=64, Order=0-3, MinObjects=0, CPUs=15, Nodes=1
Mar  1 08:16:14 ip-172-31-69-25 kernel: [    0.000000] Kernel/User page tables isolation: enabled
Mar  1 08:16:14 ip-172-31-69-25 kernel: [    0.000000] Hierarchical RCU implementation.
Mar  1 08:16:14 ip-172-31-69-25 kernel: [    0.000000] 	Build-time adjustment of leaf fanout to 64.
Mar  1 08:16:14 ip-172-31-69-25 kernel: [    0.000000] 	RCU restricting CPUs from NR_CPUS=256 to nr_cpu_ids=15.
Mar  1 08:16:14 ip-172-31-69-25 kernel: [    0.000000] RCU: Adjusting geometry for rcu_fanout_leaf=64, nr_cpu_ids=15
Mar  1 08:16:14 ip-172-31-69-25 kernel: [    0.000000] NR_IRQS:16640 nr_irqs:952 16
Mar  1 08:16:14 ip-172-31-69-25 kernel: [    0.000000] xen:events: Using 2-level ABI
Mar  1 08:16:14 ip-172-31-69-25 kernel: [    0.000000] xen:events: Xen HVM callback vector for event delivery is enabled
Mar  1 08:16:14 ip-172-31-69-25 kernel: [    0.000000] Console: colour VGA+ 80x25
Mar  1 08:16:14 ip-172-31-69-25 kernel: [    0.000000] console [tty1] enabled
Mar  1 08:16:14 ip-172-31-69-25 kernel: [    0.000000] Cannot get hvm parameter CONSOLE_EVTCHN (18): -22!
Mar  1 08:16:14 ip-172-31-69-25 kernel: [    0.000000] console [ttyS0] enabled
Mar  1 08:16:14 ip-172-31-69-25 kernel: [    0.000000] clocksource: hpet: mask: 0xffffffff max_cycles: 0xffffffff, max_idle_ns: 30580167144 ns
Mar  1 08:16:14 ip-172-31-69-25 kernel: [    0.000000] hpet clockevent registered
Mar  1 08:16:14 ip-172-31-69-25 kernel: [    0.000000] tsc: Detected 2400.050 MHz processor
Mar  1 08:16:14 ip-172-31-69-25 kernel: [    0.008000] Calibrating delay loop (skipped), value calculated using timer frequency.. 4800.10 BogoMIPS (lpj=9600200)
Mar  1 08:16:14 ip-172-31-69-25 kernel: [    0.010068] pid_max: default: 32768 minimum: 301
Mar  1 08:16:14 ip-172-31-69-25 kernel: [    0.012010] ACPI: Core revision 20150930
Mar  1 08:16:14 ip-172-31-69-25 kernel: [    0.023022] ACPI: 3 ACPI AML tables successfully acquired and loaded
Mar  1 08:16:14 ip-172-31-69-25 kernel: [    0.027693] Security Framework initialized
Mar  1 08:16:14 ip-172-31-69-25 kernel: [    0.028004] Yama: becoming mindful.
Mar  1 08:16:14 ip-172-31-69-25 kernel: [    0.032028] AppArmor: AppArmor initialized
Mar  1 08:16:14 ip-172-31-69-25 kernel: [    0.034564] Dentry cache hash table entries: 131072 (order: 8, 1048576 bytes)
Mar  1 08:16:14 ip-172-31-69-25 kernel: [    0.040176] Inode-cache hash table entries: 65536 (order: 7, 524288 bytes)
Mar  1 08:16:14 ip-172-31-69-25 kernel: [    0.048084] Mount-cache hash table entries: 2048 (order: 2, 16384 bytes)
Mar  1 08:16:14 ip-172-31-69-25 kernel: [    0.052004] Mountpoint-cache hash table entries: 2048 (order: 2, 16384 bytes)
Mar  1 08:16:14 ip-172-31-69-25 kernel: [    0.056194] Initializing cgroup subsys io
Mar  1 08:16:14 ip-172-31-69-25 kernel: [    0.058700] Initializing cgroup subsys memory
Mar  1 08:16:14 ip-172-31-69-25 kernel: [    0.060012] Initializing cgroup subsys devices
Mar  1 08:16:14 ip-172-31-69-25 kernel: [    0.064007] Initializing cgroup subsys freezer
Mar  1 08:16:14 ip-172-31-69-25 kernel: [    0.068004] Initializing cgroup subsys net_cls
Mar  1 08:16:14 ip-172-31-69-25 kernel: [    0.070721] Initializing cgroup subsys perf_event
Mar  1 08:16:14 ip-172-31-69-25 kernel: [    0.072008] Initializing cgroup subsys net_prio
Mar  1 08:16:14 ip-172-31-69-25 kernel: [    0.076008] Initializing cgroup subsys hugetlb
Mar  1 08:16:14 ip-172-31-69-25 kernel: [    0.078655] Initializing cgroup subsys pids
Mar  1 08:16:14 ip-172-31-69-25 kernel: [    0.080064] CPU: Physical Processor ID: 0
Mar  1 08:16:14 ip-172-31-69-25 kernel: [    0.084009] FEATURE SPEC_CTRL Not Present
Mar  1 08:16:14 ip-172-31-69-25 kernel: [    0.088080] mce: CPU supports 2 MCE banks
Mar  1 08:16:14 ip-172-31-69-25 kernel: [    0.090938] Last level iTLB entries: 4KB 1024, 2MB 1024, 4MB 1024
Mar  1 08:16:14 ip-172-31-69-25 kernel: [    0.092005] Last level dTLB entries: 4KB 1024, 2MB 1024, 4MB 1024, 1GB 4
Mar  1 08:16:14 ip-172-31-69-25 kernel: [    0.096004] Spectre V2 mitigation: Mitigation: Full generic retpoline
Mar  1 08:16:14 ip-172-31-69-25 kernel: [    0.100002] Spectre V2 mitigation: Speculation control IBPB not-supported IBRS not-supported
Mar  1 08:16:14 ip-172-31-69-25 kernel: [    0.125286] ftrace: allocating 31292 entries in 123 pages
Mar  1 08:16:14 ip-172-31-69-25 kernel: [    0.168098] smpboot: APIC(0) Converting physical 0 to logical package 0
Mar  1 08:16:14 ip-172-31-69-25 kernel: [    0.176003] smpboot: Max logical packages: 15
Mar  1 08:16:14 ip-172-31-69-25 kernel: [    0.180439] x2apic: IRQ remapping doesn't support X2APIC mode
Mar  1 08:16:14 ip-172-31-69-25 kernel: [    0.184004] Switched APIC routing to physical flat.
Mar  1 08:16:14 ip-172-31-69-25 kernel: [    0.188000] ..TIMER: vector=0x30 apic1=0 pin1=2 apic2=0 pin2=0
Mar  1 08:16:14 ip-172-31-69-25 kernel: [    0.192004] clocksource: xen: mask: 0xffffffffffffffff max_cycles: 0x1cd42e4dffb, max_idle_ns: 881590591483 ns
Mar  1 08:16:14 ip-172-31-69-25 kernel: [    0.200009] Xen: using vcpuop timer interface
Mar  1 08:16:14 ip-172-31-69-25 kernel: [    0.200017] installing Xen timer for CPU 0
Mar  1 08:16:14 ip-172-31-69-25 kernel: [    0.202577] smpboot: CPU0: Intel(R) Xeon(R) CPU E5-2676 v3 @ 2.40GHz (family: 0x6, model: 0x3f, stepping: 0x2)
Mar  1 08:16:14 ip-172-31-69-25 kernel: [    0.205459] cpu 0 spinlock event irq 53
Mar  1 08:16:14 ip-172-31-69-25 kernel: [    0.207954] Performance Events: unsupported p6 CPU model 63 no PMU driver, software events only.
Mar  1 08:16:14 ip-172-31-69-25 kernel: [    0.212691] x86: Booted up 1 node, 1 CPUs
Mar  1 08:16:14 ip-172-31-69-25 kernel: [    0.215323] smpboot: Total of 1 processors activated (4800.10 BogoMIPS)
Mar  1 08:16:14 ip-172-31-69-25 kernel: [    0.216015] NMI watchdog: disabled (cpu0): hardware events not enabled
Mar  1 08:16:14 ip-172-31-69-25 kernel: [    0.220005] NMI watchdog: Shutting down hard lockup detector on all cpus
Mar  1 08:16:14 ip-172-31-69-25 kernel: [    0.224170] devtmpfs: initialized
Mar  1 08:16:14 ip-172-31-69-25 kernel: [    0.227668] evm: security.selinux
Mar  1 08:16:14 ip-172-31-69-25 kernel: [    0.228008] evm: security.SMACK64
Mar  1 08:16:14 ip-172-31-69-25 kernel: [    0.232005] evm: security.SMACK64EXEC
Mar  1 08:16:14 ip-172-31-69-25 kernel: [    0.234360] evm: security.SMACK64TRANSMUTE
Mar  1 08:16:14 ip-172-31-69-25 kernel: [    0.236005] evm: security.SMACK64MMAP
Mar  1 08:16:14 ip-172-31-69-25 kernel: [    0.238276] evm: security.ima
Mar  1 08:16:14 ip-172-31-69-25 kernel: [    0.240003] evm: security.capability
Mar  1 08:16:14 ip-172-31-69-25 kernel: [    0.242700] clocksource: jiffies: mask: 0xffffffff max_cycles: 0xffffffff, max_idle_ns: 7645041785100000 ns
Mar  1 08:16:14 ip-172-31-69-25 kernel: [    0.244032] futex hash table entries: 4096 (order: 6, 262144 bytes)
Mar  1 08:16:14 ip-172-31-69-25 kernel: [    0.247826] RTC time: 12:16:05, date: 03/01/18
Mar  1 08:16:14 ip-172-31-69-25 kernel: [    0.248136] NET: Registered protocol family 16
Mar  1 08:16:14 ip-172-31-69-25 kernel: [    0.252156] cpuidle: using governor ladder
Mar  1 08:16:14 ip-172-31-69-25 kernel: [    0.256018] cpuidle: using governor menu
Mar  1 08:16:14 ip-172-31-69-25 kernel: [    0.258489] PCCT header not found.
Mar  1 08:16:14 ip-172-31-69-25 kernel: [    0.260087] ACPI: bus type PCI registered
Mar  1 08:16:14 ip-172-31-69-25 kernel: [    0.262683] acpiphp: ACPI Hot Plug PCI Controller Driver version: 0.5
Mar  1 08:16:14 ip-172-31-69-25 kernel: [    0.264302] PCI: Using configuration type 1 for base access
Mar  1 08:16:14 ip-172-31-69-25 kernel: [    0.268644] ACPI: Added _OSI(Module Device)
Mar  1 08:16:14 ip-172-31-69-25 kernel: [    0.271342] ACPI: Added _OSI(Processor Device)
Mar  1 08:16:14 ip-172-31-69-25 kernel: [    0.272007] ACPI: Added _OSI(3.0 _SCP Extensions)
Mar  1 08:16:14 ip-172-31-69-25 kernel: [    0.274856] ACPI: Added _OSI(Processor Aggregator Device)
Mar  1 08:16:14 ip-172-31-69-25 kernel: [    0.277060] xen: --> pirq=16 -> irq=9 (gsi=9)
Mar  1 08:16:14 ip-172-31-69-25 kernel: [    0.279804] ACPI: Interpreter enabled
Mar  1 08:16:14 ip-172-31-69-25 kernel: [    0.280013] ACPI: (supports S0 S4 S5)
Mar  1 08:16:14 ip-172-31-69-25 kernel: [    0.282358] ACPI: Using IOAPIC for interrupt routing
Mar  1 08:16:14 ip-172-31-69-25 kernel: [    0.284039] PCI: Using host bridge windows from ACPI; if necessary, use "pci=nocrs" and report a bug
Mar  1 08:16:14 ip-172-31-69-25 kernel: [    0.331684] ACPI: PCI Root Bridge [PCI0] (domain 0000 [bus 00-ff])
Mar  1 08:16:14 ip-172-31-69-25 kernel: [    0.332016] acpi PNP0A03:00: _OSC: OS supports [ASPM ClockPM Segments MSI]
Mar  1 08:16:14 ip-172-31-69-25 kernel: [    0.335950] acpi PNP0A03:00: _OSC failed (AE_NOT_FOUND); disabling ASPM
Mar  1 08:16:14 ip-172-31-69-25 kernel: [    0.336020] acpi PNP0A03:00: fail to add MMCONFIG information, can't access extended PCI configuration space under this bridge.
Mar  1 08:16:14 ip-172-31-69-25 kernel: [    0.340954] acpiphp: Slot [0] registered
Mar  1 08:16:14 ip-172-31-69-25 kernel: [    0.344310] acpiphp: Slot [3] registered
Mar  1 08:16:14 ip-172-31-69-25 kernel: [    0.347295] acpiphp: Slot [4] registered
Mar  1 08:16:14 ip-172-31-69-25 kernel: [    0.348261] acpiphp: Slot [5] registered
Mar  1 08:16:14 ip-172-31-69-25 kernel: [    0.351149] acpiphp: Slot [6] registered
Mar  1 08:16:14 ip-172-31-69-25 kernel: [    0.352253] acpiphp: Slot [7] registered
Mar  1 08:16:14 ip-172-31-69-25 kernel: [    0.354907] acpiphp: Slot [8] registered
Mar  1 08:16:14 ip-172-31-69-25 kernel: [    0.356269] acpiphp: Slot [9] registered
Mar  1 08:16:14 ip-172-31-69-25 kernel: [    0.358969] acpiphp: Slot [10] registered
Mar  1 08:16:14 ip-172-31-69-25 kernel: [    0.360264] acpiphp: Slot [11] registered
Mar  1 08:16:14 ip-172-31-69-25 kernel: [    0.362938] acpiphp: Slot [12] registered
Mar  1 08:16:14 ip-172-31-69-25 kernel: [    0.364265] acpiphp: Slot [13] registered
Mar  1 08:16:14 ip-172-31-69-25 kernel: [    0.367117] acpiphp: Slot [14] registered
Mar  1 08:16:14 ip-172-31-69-25 kernel: [    0.368250] acpiphp: Slot [15] registered
Mar  1 08:16:14 ip-172-31-69-25 kernel: [    0.371603] acpiphp: Slot [16] registered
Mar  1 08:16:14 ip-172-31-69-25 kernel: [    0.372254] acpiphp: Slot [17] registered
Mar  1 08:16:14 ip-172-31-69-25 kernel: [    0.375036] acpiphp: Slot [18] registered
Mar  1 08:16:14 ip-172-31-69-25 kernel: [    0.376294] acpiphp: Slot [19] registered
Mar  1 08:16:14 ip-172-31-69-25 kernel: [    0.379142] acpiphp: Slot [20] registered
Mar  1 08:16:14 ip-172-31-69-25 kernel: [    0.380323] acpiphp: Slot [21] registered
Mar  1 08:16:14 ip-172-31-69-25 kernel: [    0.384314] acpiphp: Slot [22] registered
Mar  1 08:16:14 ip-172-31-69-25 kernel: [    0.387064] acpiphp: Slot [23] registered
Mar  1 08:16:14 ip-172-31-69-25 kernel: [    0.388260] acpiphp: Slot [24] registered
Mar  1 08:16:14 ip-172-31-69-25 kernel: [    0.390977] acpiphp: Slot [25] registered
Mar  1 08:16:14 ip-172-31-69-25 kernel: [    0.392496] acpiphp: Slot [26] registered
Mar  1 08:16:14 ip-172-31-69-25 kernel: [    0.396588] acpiphp: Slot [27] registered
Mar  1 08:16:14 ip-172-31-69-25 kernel: [    0.399910] acpiphp: Slot [28] registered
Mar  1 08:16:14 ip-172-31-69-25 kernel: [    0.400289] acpiphp: Slot [29] registered
Mar  1 08:16:14 ip-172-31-69-25 kernel: [    0.403094] acpiphp: Slot [30] registered
Mar  1 08:16:14 ip-172-31-69-25 kernel: [    0.404283] acpiphp: Slot [31] registered
Mar  1 08:16:14 ip-172-31-69-25 kernel: [    0.407243] PCI host bridge to bus 0000:00
Mar  1 08:16:14 ip-172-31-69-25 kernel: [    0.408007] pci_bus 0000:00: root bus resource [io  0x0000-0x0cf7 window]
Mar  1 08:16:14 ip-172-31-69-25 kernel: [    0.411773] pci_bus 0000:00: root bus resource [io  0x0d00-0xffff window]
Mar  1 08:16:14 ip-172-31-69-25 kernel: [    0.412008] pci_bus 0000:00: root bus resource [mem 0x000a0000-0x000bffff window]
Mar  1 08:16:14 ip-172-31-69-25 kernel: [    0.416008] pci_bus 0000:00: root bus resource [mem 0xf0000000-0xfbffffff window]
Mar  1 08:16:14 ip-172-31-69-25 kernel: [    0.420008] pci_bus 0000:00: root bus resource [bus 00-ff]
Mar  1 08:16:14 ip-172-31-69-25 kernel: [    0.423570] pci 0000:00:00.0: [8086:1237] type 00 class 0x060000
Mar  1 08:16:14 ip-172-31-69-25 kernel: [    0.425171] pci 0000:00:01.0: [8086:7000] type 00 class 0x060100
Mar  1 08:16:14 ip-172-31-69-25 kernel: [    0.427169] pci 0000:00:01.1: [8086:7010] type 00 class 0x010180
Mar  1 08:16:14 ip-172-31-69-25 kernel: [    0.428132] pci 0000:00:01.1: reg 0x20: [io  0xc100-0xc10f]
Mar  1 08:16:14 ip-172-31-69-25 kernel: [    0.428558] pci 0000:00:01.1: legacy IDE quirk: reg 0x10: [io  0x01f0-0x01f7]
Mar  1 08:16:14 ip-172-31-69-25 kernel: [    0.432008] pci 0000:00:01.1: legacy IDE quirk: reg 0x14: [io  0x03f6]
Mar  1 08:16:14 ip-172-31-69-25 kernel: [    0.436008] pci 0000:00:01.1: legacy IDE quirk: reg 0x18: [io  0x0170-0x0177]
Mar  1 08:16:14 ip-172-31-69-25 kernel: [    0.440007] pci 0000:00:01.1: legacy IDE quirk: reg 0x1c: [io  0x0376]
Mar  1 08:16:14 ip-172-31-69-25 kernel: [    0.444200] pci 0000:00:01.3: [8086:7113] type 00 class 0x068000
Mar  1 08:16:14 ip-172-31-69-25 kernel: [    0.444282] * Found PM-Timer Bug on the chipset. Due to workarounds for a bug,
Mar  1 08:16:14 ip-172-31-69-25 kernel: [    0.444282] * this clock source is slow. Consider trying other clock sources
Mar  1 08:16:14 ip-172-31-69-25 kernel: [    0.449086] pci 0000:00:01.3: quirk: [io  0xb000-0xb03f] claimed by PIIX4 ACPI
Mar  1 08:16:14 ip-172-31-69-25 kernel: [    0.452764] pci 0000:00:02.0: [1013:00b8] type 00 class 0x030000
Mar  1 08:16:14 ip-172-31-69-25 kernel: [    0.453039] pci 0000:00:02.0: reg 0x10: [mem 0xf0000000-0xf1ffffff pref]
Mar  1 08:16:14 ip-172-31-69-25 kernel: [    0.453253] pci 0000:00:02.0: reg 0x14: [mem 0xf3000000-0xf3000fff]
Mar  1 08:16:14 ip-172-31-69-25 kernel: [    0.454856] pci 0000:00:03.0: [5853:0001] type 00 class 0xff8000
Mar  1 08:16:14 ip-172-31-69-25 kernel: [    0.455242] pci 0000:00:03.0: reg 0x10: [io  0xc000-0xc0ff]
Mar  1 08:16:14 ip-172-31-69-25 kernel: [    0.455421] pci 0000:00:03.0: reg 0x14: [mem 0xf2000000-0xf2ffffff pref]
Mar  1 08:16:14 ip-172-31-69-25 kernel: [    0.457937] ACPI: PCI Interrupt Link [LNKA] (IRQs *5 10 11)
Mar  1 08:16:14 ip-172-31-69-25 kernel: [    0.462906] ACPI: PCI Interrupt Link [LNKB] (IRQs 5 *10 11)
Mar  1 08:16:14 ip-172-31-69-25 kernel: [    0.466649] ACPI: PCI Interrupt Link [LNKC] (IRQs 5 10 *11)
Mar  1 08:16:14 ip-172-31-69-25 kernel: [    0.470665] ACPI: PCI Interrupt Link [LNKD] (IRQs *5 10 11)
Mar  1 08:16:14 ip-172-31-69-25 kernel: [    0.490823] ACPI: Enabled 2 GPEs in block 00 to 0F
Mar  1 08:16:14 ip-172-31-69-25 kernel: [    0.492074] xen:balloon: Initialising balloon driver
Mar  1 08:16:14 ip-172-31-69-25 kernel: [    0.496332] vgaarb: setting as boot device: PCI:0000:00:02.0
Mar  1 08:16:14 ip-172-31-69-25 kernel: [    0.500000] vgaarb: device added: PCI:0000:00:02.0,decodes=io+mem,owns=io+mem,locks=none
Mar  1 08:16:14 ip-172-31-69-25 kernel: [    0.500014] vgaarb: loaded
Mar  1 08:16:14 ip-172-31-69-25 kernel: [    0.502057] vgaarb: bridge control possible 0000:00:02.0
Mar  1 08:16:14 ip-172-31-69-25 kernel: [    0.504253] SCSI subsystem initialized
Mar  1 08:16:14 ip-172-31-69-25 kernel: [    0.507113] libata version 3.00 loaded.
Mar  1 08:16:14 ip-172-31-69-25 kernel: [    0.507139] ACPI: bus type USB registered
Mar  1 08:16:14 ip-172-31-69-25 kernel: [    0.508023] usbcore: registered new interface driver usbfs
Mar  1 08:16:14 ip-172-31-69-25 kernel: [    0.511111] usbcore: registered new interface driver hub
Mar  1 08:16:14 ip-172-31-69-25 kernel: [    0.512034] usbcore: registered new device driver usb
Mar  1 08:16:14 ip-172-31-69-25 kernel: [    0.515984] PCI: Using ACPI for IRQ routing
Mar  1 08:16:14 ip-172-31-69-25 kernel: [    0.516006] PCI: pci_cache_line_size set to 64 bytes
Mar  1 08:16:14 ip-172-31-69-25 kernel: [    0.516345] e820: reserve RAM buffer [mem 0x0009e000-0x0009ffff]
Mar  1 08:16:14 ip-172-31-69-25 kernel: [    0.516476] NetLabel: Initializing
Mar  1 08:16:14 ip-172-31-69-25 kernel: [    0.518602] NetLabel:  domain hash size = 128
Mar  1 08:16:14 ip-172-31-69-25 kernel: [    0.520004] NetLabel:  protocols = UNLABELED CIPSOv4
Mar  1 08:16:14 ip-172-31-69-25 kernel: [    0.523212] NetLabel:  unlabeled traffic allowed by default
Mar  1 08:16:14 ip-172-31-69-25 kernel: [    0.524112] HPET: 3 timers in total, 0 timers will be used for per-cpu timer
Mar  1 08:16:14 ip-172-31-69-25 kernel: [    0.528015] hpet0: at MMIO 0xfed00000, IRQs 2, 8, 0
Mar  1 08:16:14 ip-172-31-69-25 kernel: [    0.532006] hpet0: 3 comparators, 64-bit 62.500000 MHz counter
Mar  1 08:16:14 ip-172-31-69-25 kernel: [    0.537039] amd_nb: Cannot enumerate AMD northbridges
Mar  1 08:16:14 ip-172-31-69-25 kernel: [    0.540020] clocksource: Switched to clocksource xen
Mar  1 08:16:14 ip-172-31-69-25 kernel: [    0.548288] AppArmor: AppArmor Filesystem Enabled
Mar  1 08:16:14 ip-172-31-69-25 kernel: [    0.551230] pnp: PnP ACPI init
Mar  1 08:16:14 ip-172-31-69-25 kernel: [    0.553503] system 00:00: [mem 0x00000000-0x0009ffff] could not be reserved
Mar  1 08:16:14 ip-172-31-69-25 kernel: [    0.557487] system 00:00: Plug and Play ACPI device, IDs PNP0c02 (active)
Mar  1 08:16:14 ip-172-31-69-25 kernel: [    0.557577] system 00:01: [io  0x08a0-0x08a3] has been reserved
Mar  1 08:16:14 ip-172-31-69-25 kernel: [    0.561157] system 00:01: [io  0x0cc0-0x0ccf] has been reserved
Mar  1 08:16:14 ip-172-31-69-25 kernel: [    0.564532] system 00:01: [io  0x04d0-0x04d1] has been reserved
Mar  1 08:16:14 ip-172-31-69-25 kernel: [    0.567845] system 00:01: Plug and Play ACPI device, IDs PNP0c02 (active)
Mar  1 08:16:14 ip-172-31-69-25 kernel: [    0.567871] xen: --> pirq=17 -> irq=8 (gsi=8)
Mar  1 08:16:14 ip-172-31-69-25 kernel: [    0.567892] pnp 00:02: Plug and Play ACPI device, IDs PNP0b00 (active)
Mar  1 08:16:14 ip-172-31-69-25 kernel: [    0.567915] xen: --> pirq=18 -> irq=12 (gsi=12)
Mar  1 08:16:14 ip-172-31-69-25 kernel: [    0.567929] pnp 00:03: Plug and Play ACPI device, IDs PNP0f13 (active)
Mar  1 08:16:14 ip-172-31-69-25 kernel: [    0.567946] xen: --> pirq=19 -> irq=1 (gsi=1)
Mar  1 08:16:14 ip-172-31-69-25 kernel: [    0.567959] pnp 00:04: Plug and Play ACPI device, IDs PNP0303 PNP030b (active)
Mar  1 08:16:14 ip-172-31-69-25 kernel: [    0.567975] xen: --> pirq=20 -> irq=6 (gsi=6)
Mar  1 08:16:14 ip-172-31-69-25 kernel: [    0.567977] pnp 00:05: [dma 2]
Mar  1 08:16:14 ip-172-31-69-25 kernel: [    0.567990] pnp 00:05: Plug and Play ACPI device, IDs PNP0700 (active)
Mar  1 08:16:14 ip-172-31-69-25 kernel: [    0.568012] xen: --> pirq=21 -> irq=4 (gsi=4)
Mar  1 08:16:14 ip-172-31-69-25 kernel: [    0.568024] pnp 00:06: Plug and Play ACPI device, IDs PNP0501 (active)
Mar  1 08:16:14 ip-172-31-69-25 kernel: [    0.568076] system 00:07: [io  0x10c0-0x1141] has been reserved
Mar  1 08:16:14 ip-172-31-69-25 kernel: [    0.571429] system 00:07: [io  0xb044-0xb047] has been reserved
Mar  1 08:16:14 ip-172-31-69-25 kernel: [    0.575000] system 00:07: Plug and Play ACPI device, IDs PNP0c02 (active)
Mar  1 08:16:14 ip-172-31-69-25 kernel: [    0.590954] pnp: PnP ACPI: found 8 devices
Mar  1 08:16:14 ip-172-31-69-25 kernel: [    0.599095] clocksource: acpi_pm: mask: 0xffffff max_cycles: 0xffffff, max_idle_ns: 2085701024 ns
Mar  1 08:16:14 ip-172-31-69-25 kernel: [    0.604642] pci_bus 0000:00: resource 4 [io  0x0000-0x0cf7 window]
Mar  1 08:16:14 ip-172-31-69-25 kernel: [    0.604645] pci_bus 0000:00: resource 5 [io  0x0d00-0xffff window]
Mar  1 08:16:14 ip-172-31-69-25 kernel: [    0.604647] pci_bus 0000:00: resource 6 [mem 0x000a0000-0x000bffff window]
Mar  1 08:16:14 ip-172-31-69-25 kernel: [    0.604649] pci_bus 0000:00: resource 7 [mem 0xf0000000-0xfbffffff window]
Mar  1 08:16:14 ip-172-31-69-25 kernel: [    0.604688] NET: Registered protocol family 2
Mar  1 08:16:14 ip-172-31-69-25 kernel: [    0.607521] TCP established hash table entries: 8192 (order: 4, 65536 bytes)
Mar  1 08:16:14 ip-172-31-69-25 kernel: [    0.611563] TCP bind hash table entries: 8192 (order: 5, 131072 bytes)
Mar  1 08:16:14 ip-172-31-69-25 kernel: [    0.615355] TCP: Hash tables configured (established 8192 bind 8192)
Mar  1 08:16:14 ip-172-31-69-25 kernel: [    0.619582] UDP hash table entries: 512 (order: 2, 16384 bytes)
Mar  1 08:16:14 ip-172-31-69-25 kernel: [    0.623117] UDP-Lite hash table entries: 512 (order: 2, 16384 bytes)
Mar  1 08:16:14 ip-172-31-69-25 kernel: [    0.627139] NET: Registered protocol family 1
Mar  1 08:16:14 ip-172-31-69-25 kernel: [    0.629900] pci 0000:00:00.0: Limiting direct PCI/PCI transfers
Mar  1 08:16:14 ip-172-31-69-25 kernel: [    0.633425] pci 0000:00:01.0: PIIX3: Enabling Passive Release
Mar  1 08:16:14 ip-172-31-69-25 systemd-modules-load[383]: Inserted module 'iscsi_tcp'
Mar  1 08:16:14 ip-172-31-69-25 systemd-modules-load[383]: Inserted module 'ib_iser'
Mar  1 08:16:14 ip-172-31-69-25 loadkeys[392]: Loading /etc/console-setup/cached.kmap.gz
Mar  1 08:16:14 ip-172-31-69-25 systemd[1]: Started Uncomplicated firewall.
Mar  1 08:16:14 ip-172-31-69-25 systemd[1]: Started Remount Root and Kernel File Systems.
Mar  1 08:16:14 ip-172-31-69-25 systemd[1]: Started Load Kernel Modules.
Mar  1 08:16:14 ip-172-31-69-25 systemd[1]: Started Set console keymap.
Mar  1 08:16:14 ip-172-31-69-25 systemd[1]: Started Create list of required static device nodes for the current kernel.
Mar  1 08:16:14 ip-172-31-69-25 systemd[1]: Started Nameserver information manager.
Mar  1 08:16:14 ip-172-31-69-25 systemd[1]: Started LVM2 metadata daemon.
Mar  1 08:16:14 ip-172-31-69-25 systemd[1]: Starting Create Static Device Nodes in /dev...
Mar  1 08:16:14 ip-172-31-69-25 systemd[1]: Starting Apply Kernel Variables...
Mar  1 08:16:14 ip-172-31-69-25 systemd[1]: Mounting FUSE Control File System...
Mar  1 08:16:14 ip-172-31-69-25 systemd[1]: Starting Initial cloud-init job (pre-networking)...
Mar  1 08:16:14 ip-172-31-69-25 systemd[1]: Starting Load/Save Random Seed...
Mar  1 08:16:14 ip-172-31-69-25 systemd[1]: Starting udev Coldplug all Devices...
Mar  1 08:16:14 ip-172-31-69-25 systemd[1]: Starting Flush Journal to Persistent Storage...
Mar  1 08:16:14 ip-172-31-69-25 systemd[1]: Mounted FUSE Control File System.
Mar  1 08:16:14 ip-172-31-69-25 systemd[1]: Started Create Static Device Nodes in /dev.
Mar  1 08:16:14 ip-172-31-69-25 systemd[1]: Started Apply Kernel Variables.
Mar  1 08:16:14 ip-172-31-69-25 systemd[1]: Started Load/Save Random Seed.
Mar  1 08:16:14 ip-172-31-69-25 systemd[1]: Starting udev Kernel Device Manager...
Mar  1 08:16:14 ip-172-31-69-25 systemd[1]: Started Flush Journal to Persistent Storage.
Mar  1 08:16:14 ip-172-31-69-25 systemd[1]: Started udev Coldplug all Devices.
Mar  1 08:16:14 ip-172-31-69-25 systemd[1]: Started Monitoring of LVM2 mirrors, snapshots etc. using dmeventd or progress polling.
Mar  1 08:16:14 ip-172-31-69-25 systemd[1]: Started udev Kernel Device Manager.
Mar  1 08:16:14 ip-172-31-69-25 systemd[1]: Reached target Local File Systems (Pre).
Mar  1 08:16:14 ip-172-31-69-25 systemd[1]: Reached target Local File Systems.
Mar  1 08:16:14 ip-172-31-69-25 systemd[1]: Starting Create Volatile Files and Directories...
Mar  1 08:16:14 ip-172-31-69-25 systemd[1]: Starting LSB: AppArmor initialization...
Mar  1 08:16:14 ip-172-31-69-25 systemd-tmpfiles[485]: [/usr/lib/tmpfiles.d/var.conf:14] Duplicate line for path "/var/log", ignoring.
Mar  1 08:16:14 ip-172-31-69-25 systemd[1]: Starting Set console font and keymap...
Mar  1 08:16:14 ip-172-31-69-25 systemd[1]: Starting Tell Plymouth To Write Out Runtime Data...
Mar  1 08:16:14 ip-172-31-69-25 systemd[1]: Started Dispatch Password Requests to Console Directory Watch.
Mar  1 08:16:14 ip-172-31-69-25 systemd[1]: Started Create Volatile Files and Directories.
Mar  1 08:16:14 ip-172-31-69-25 systemd[1]: Started Tell Plymouth To Write Out Runtime Data.
Mar  1 08:16:14 ip-172-31-69-25 systemd[1]: Starting Network Time Synchronization...
Mar  1 08:16:14 ip-172-31-69-25 systemd[1]: Starting Update UTMP about System Boot/Shutdown...
Mar  1 08:16:14 ip-172-31-69-25 apparmor[490]:  * Starting AppArmor profiles
Mar  1 08:16:14 ip-172-31-69-25 systemd[1]: Started Update UTMP about System Boot/Shutdown.
Mar  1 08:16:14 ip-172-31-69-25 systemd[1]: Started Network Time Synchronization.
Mar  1 08:16:14 ip-172-31-69-25 systemd[1]: Reached target System Time Synchronized.
Mar  1 08:16:14 ip-172-31-69-25 apparmor[490]: Skipping profile in /etc/apparmor.d/disable: usr.sbin.rsyslogd
Mar  1 08:16:14 ip-172-31-69-25 apparmor[490]:    ...done.
Mar  1 08:16:14 ip-172-31-69-25 systemd[1]: Started LSB: AppArmor initialization.
Mar  1 08:16:14 ip-172-31-69-25 systemd[1]: Found device /dev/ttyS0.
Mar  1 08:16:14 ip-172-31-69-25 systemd[1]: Found device /sys/subsystem/net/devices/eth0.
Mar  1 08:16:14 ip-172-31-69-25 systemd[1]: Started Set console font and keymap.
Mar  1 08:16:14 ip-172-31-69-25 systemd[1]: Created slice system-getty.slice.
Mar  1 08:16:14 ip-172-31-69-25 systemd[1]: Listening on Load/Save RF Kill Switch Status /dev/rfkill Watch.
Mar  1 08:16:14 ip-172-31-69-25 dhclient[839]: Internet Systems Consortium DHCP Client 4.3.3
Mar  1 08:16:14 ip-172-31-69-25 dhclient[839]: Copyright 2004-2015 Internet Systems Consortium.
Mar  1 08:16:14 ip-172-31-69-25 dhclient[839]: All rights reserved.
Mar  1 08:16:14 ip-172-31-69-25 dhclient[839]: For info, please visit https://www.isc.org/software/dhcp/
Mar  1 08:16:14 ip-172-31-69-25 dhclient[839]: 
Mar  1 08:16:14 ip-172-31-69-25 dhclient[839]: Listening on LPF/eth0/02:d8:a9:4e:38:42
Mar  1 08:16:14 ip-172-31-69-25 dhclient[839]: Sending on   LPF/eth0/02:d8:a9:4e:38:42
Mar  1 08:16:14 ip-172-31-69-25 dhclient[839]: Sending on   Socket/fallback
Mar  1 08:16:14 ip-172-31-69-25 dhclient[839]: DHCPDISCOVER on eth0 to 255.255.255.255 port 67 interval 3 (xid=0xd1832811)
Mar  1 08:16:14 ip-172-31-69-25 dhclient[839]: DHCPREQUEST of 172.31.69.25 on eth0 to 255.255.255.255 port 67 (xid=0x112883d1)
Mar  1 08:16:14 ip-172-31-69-25 dhclient[839]: DHCPOFFER of 172.31.69.25 from 172.31.69.1
Mar  1 08:16:14 ip-172-31-69-25 dhclient[839]: DHCPACK of 172.31.69.25 from 172.31.69.1
Mar  1 08:16:14 ip-172-31-69-25 dhclient[839]: bound to 172.31.69.25 -- renewal in 1436 seconds.
Mar  1 08:16:14 ip-172-31-69-25 cloud-init[453]: Cloud-init v. 17.1 running 'init-local' at Thu, 01 Mar 2018 12:16:11 +0000. Up 5.77 seconds.
Mar  1 08:16:14 ip-172-31-69-25 systemd[1]: Started Initial cloud-init job (pre-networking).
Mar  1 08:16:14 ip-172-31-69-25 systemd[1]: Reached target Network (Pre).
Mar  1 08:16:14 ip-172-31-69-25 systemd[1]: Starting Raise network interfaces...
Mar  1 08:16:14 ip-172-31-69-25 systemd[1]: Started ifup for eth0.
Mar  1 08:16:14 ip-172-31-69-25 dhclient[910]: Internet Systems Consortium DHCP Client 4.3.3
Mar  1 08:16:14 ip-172-31-69-25 sh[895]: Internet Systems Consortium DHCP Client 4.3.3
Mar  1 08:16:14 ip-172-31-69-25 dhclient[910]: Copyright 2004-2015 Internet Systems Consortium.
Mar  1 08:16:14 ip-172-31-69-25 sh[895]: Copyright 2004-2015 Internet Systems Consortium.
Mar  1 08:16:14 ip-172-31-69-25 dhclient[910]: All rights reserved.
Mar  1 08:16:14 ip-172-31-69-25 sh[895]: All rights reserved.
Mar  1 08:16:14 ip-172-31-69-25 dhclient[910]: For info, please visit https://www.isc.org/software/dhcp/
Mar  1 08:16:14 ip-172-31-69-25 sh[895]: For info, please visit https://www.isc.org/software/dhcp/
Mar  1 08:16:14 ip-172-31-69-25 dhclient[910]: 
Mar  1 08:16:14 ip-172-31-69-25 dhclient[910]: Listening on LPF/eth0/02:d8:a9:4e:38:42
Mar  1 08:16:14 ip-172-31-69-25 sh[895]: Listening on LPF/eth0/02:d8:a9:4e:38:42
Mar  1 08:16:14 ip-172-31-69-25 sh[895]: Sending on   LPF/eth0/02:d8:a9:4e:38:42
Mar  1 08:16:14 ip-172-31-69-25 sh[895]: Sending on   Socket/fallback
Mar  1 08:16:14 ip-172-31-69-25 sh[895]: DHCPDISCOVER on eth0 to 255.255.255.255 port 67 interval 3 (xid=0x5ac0b537)
Mar  1 08:16:14 ip-172-31-69-25 dhclient[910]: Sending on   LPF/eth0/02:d8:a9:4e:38:42
Mar  1 08:16:14 ip-172-31-69-25 dhclient[910]: Sending on   Socket/fallback
Mar  1 08:16:14 ip-172-31-69-25 dhclient[910]: DHCPDISCOVER on eth0 to 255.255.255.255 port 67 interval 3 (xid=0x5ac0b537)
Mar  1 08:16:14 ip-172-31-69-25 dhclient[910]: DHCPREQUEST of 172.31.69.25 on eth0 to 255.255.255.255 port 67 (xid=0x37b5c05a)
Mar  1 08:16:14 ip-172-31-69-25 sh[895]: DHCPREQUEST of 172.31.69.25 on eth0 to 255.255.255.255 port 67 (xid=0x37b5c05a)
Mar  1 08:16:14 ip-172-31-69-25 sh[895]: DHCPOFFER of 172.31.69.25 from 172.31.69.1
Mar  1 08:16:14 ip-172-31-69-25 dhclient[910]: DHCPOFFER of 172.31.69.25 from 172.31.69.1
Mar  1 08:16:14 ip-172-31-69-25 dhclient[910]: DHCPACK of 172.31.69.25 from 172.31.69.1
Mar  1 08:16:14 ip-172-31-69-25 sh[895]: DHCPACK of 172.31.69.25 from 172.31.69.1
Mar  1 08:16:14 ip-172-31-69-25 dhclient[910]: bound to 172.31.69.25 -- renewal in 1508 seconds.
Mar  1 08:16:14 ip-172-31-69-25 sh[895]: bound to 172.31.69.25 -- renewal in 1508 seconds.
Mar  1 08:16:14 ip-172-31-69-25 systemd[1]: Started Raise network interfaces.
Mar  1 08:16:14 ip-172-31-69-25 systemd[1]: Starting Initial cloud-init job (metadata service crawler)...
Mar  1 08:16:14 ip-172-31-69-25 systemd[1]: Reached target Network.
Mar  1 08:16:14 ip-172-31-69-25 cloud-init[1067]: Cloud-init v. 17.1 running 'init' at Thu, 01 Mar 2018 12:16:14 +0000. Up 7.86 seconds.
Mar  1 08:16:14 ip-172-31-69-25 cloud-init[1067]: ci-info: ++++++++++++++++++++++++++++++++++++++Net device info+++++++++++++++++++++++++++++++++++++++
Mar  1 08:16:14 ip-172-31-69-25 cloud-init[1067]: ci-info: +--------+------+----------------------------+-----------------+-------+-------------------+
Mar  1 08:16:14 ip-172-31-69-25 cloud-init[1067]: ci-info: | Device |  Up  |          Address           |       Mask      | Scope |     Hw-Address    |
Mar  1 08:16:14 ip-172-31-69-25 cloud-init[1067]: ci-info: +--------+------+----------------------------+-----------------+-------+-------------------+
Mar  1 08:16:14 ip-172-31-69-25 cloud-init[1067]: ci-info: |  eth0  | True |        172.31.69.25        | 255.255.255.224 |   .   | 02:d8:a9:4e:38:42 |
Mar  1 08:16:14 ip-172-31-69-25 cloud-init[1067]: ci-info: |  eth0  | True | fe80::d8:a9ff:fe4e:3842/64 |        .        |  link | 02:d8:a9:4e:38:42 |
Mar  1 08:16:14 ip-172-31-69-25 cloud-init[1067]: ci-info: |   lo   | True |         127.0.0.1          |    255.0.0.0    |   .   |         .         |
Mar  1 08:16:14 ip-172-31-69-25 cloud-init[1067]: ci-info: |   lo   | True |          ::1/128           |        .        |  host |         .         |
Mar  1 08:16:14 ip-172-31-69-25 cloud-init[1067]: ci-info: +--------+------+----------------------------+-----------------+-------+-------------------+
Mar  1 08:16:14 ip-172-31-69-25 cloud-init[1067]: ci-info: ++++++++++++++++++++++++++++++Route IPv4 info++++++++++++++++++++++++++++++
Mar  1 08:16:14 ip-172-31-69-25 cloud-init[1067]: ci-info: +-------+-------------+-------------+-----------------+-----------+-------+
Mar  1 08:16:14 ip-172-31-69-25 cloud-init[1067]: ci-info: | Route | Destination |   Gateway   |     Genmask     | Interface | Flags |
Mar  1 08:16:14 ip-172-31-69-25 cloud-init[1067]: ci-info: +-------+-------------+-------------+-----------------+-----------+-------+
Mar  1 08:16:14 ip-172-31-69-25 cloud-init[1067]: ci-info: |   0   |   0.0.0.0   | 172.31.69.1 |     0.0.0.0     |    eth0   |   UG  |
Mar  1 08:16:14 ip-172-31-69-25 cloud-init[1067]: ci-info: |   1   | 172.31.69.0 |   0.0.0.0   | 255.255.255.224 |    eth0   |   U   |
Mar  1 08:16:14 ip-172-31-69-25 cloud-init[1067]: ci-info: +-------+-------------+-------------+-----------------+-----------+-------+
Mar  1 08:16:14 ip-172-31-69-25 systemd[1]: Started Initial cloud-init job (metadata service crawler).
Mar  1 08:16:14 ip-172-31-69-25 systemd[1]: Reached target Cloud-config availability.
Mar  1 08:16:14 ip-172-31-69-25 systemd[1]: Reached target System Initialization.
Mar  1 08:16:14 ip-172-31-69-25 systemd[1]: Starting Socket activation for snappy daemon.
Mar  1 08:16:14 ip-172-31-69-25 systemd[1]: Starting LXD - unix socket.
Mar  1 08:16:14 ip-172-31-69-25 systemd[1]: Started Timer to automatically refresh installed snaps.
Mar  1 08:16:14 ip-172-31-69-25 systemd[1]: Listening on UUID daemon activation socket.
Mar  1 08:16:14 ip-172-31-69-25 systemd[1]: Started ACPI Events Check.
Mar  1 08:16:14 ip-172-31-69-25 systemd[1]: Reached target Paths.
Mar  1 08:16:14 ip-172-31-69-25 systemd[1]: Listening on ACPID Listen Socket.
Mar  1 08:16:14 ip-172-31-69-25 systemd[1]: Started Daily Cleanup of Temporary Directories.
Mar  1 08:16:14 ip-172-31-69-25 systemd[1]: Listening on D-Bus System Message Bus Socket.
Mar  1 08:16:14 ip-172-31-69-25 systemd[1]: Reached target Network is Online.
Mar  1 08:16:14 ip-172-31-69-25 systemd[1]: Starting iSCSI initiator daemon (iscsid)...
Mar  1 08:16:14 ip-172-31-69-25 systemd[1]: Started Daily apt download activities.
Mar  1 08:16:14 ip-172-31-69-25 systemd[1]: Started Daily apt upgrade and clean activities.
Mar  1 08:16:14 ip-172-31-69-25 systemd[1]: Reached target Timers.
Mar  1 08:16:14 ip-172-31-69-25 systemd[1]: Listening on Socket activation for snappy daemon.
Mar  1 08:16:14 ip-172-31-69-25 systemd[1]: Listening on LXD - unix socket.
Mar  1 08:16:14 ip-172-31-69-25 systemd[1]: Reached target Sockets.
Mar  1 08:16:14 ip-172-31-69-25 iscsid: iSCSI logger with pid=1123 started!
Mar  1 08:16:14 ip-172-31-69-25 iscsid: iSCSI daemon with pid=1124 started!
Mar  1 08:16:14 ip-172-31-69-25 systemd[1]: Reached target Basic System.
Mar  1 08:16:14 ip-172-31-69-25 systemd[1]: Starting System Logging Service...
Mar  1 08:16:14 ip-172-31-69-25 systemd[1]: Started ACPI event daemon.
Mar  1 08:16:14 ip-172-31-69-25 acpid: starting up with netlink and the input layer
Mar  1 08:16:14 ip-172-31-69-25 acpid: 1 rule loaded
Mar  1 08:16:14 ip-172-31-69-25 acpid: waiting for events: event logging is off
Mar  1 08:16:14 ip-172-31-69-25 systemd[1]: Started Unattended Upgrades Shutdown.
Mar  1 08:16:14 ip-172-31-69-25 systemd[1]: Starting LXD - container startup/shutdown...
Mar  1 08:16:14 ip-172-31-69-25 systemd[1]: Starting /etc/rc.local Compatibility...
Mar  1 08:16:14 ip-172-31-69-25 systemd[1]: Starting Apply the settings specified in cloud-config...
Mar  1 08:16:14 ip-172-31-69-25 systemd[1]: Starting LSB: Record successful boot for GRUB...
Mar  1 08:16:14 ip-172-31-69-25 systemd[1]: Starting OpenBSD Secure Shell server...
Mar  1 08:16:14 ip-172-31-69-25 systemd[1]: Starting MySQL Community Server...
Mar  1 08:16:14 ip-172-31-69-25 systemd[1]: Started FUSE filesystem for LXC.
Mar  1 08:16:14 ip-172-31-69-25 systemd[1]: Started D-Bus System Message Bus.
Mar  1 08:16:14 ip-172-31-69-25 lxcfs[1153]: hierarchies:
Mar  1 08:16:14 ip-172-31-69-25 lxcfs[1153]:   0: fd:   5: perf_event
Mar  1 08:16:14 ip-172-31-69-25 lxcfs[1153]:   1: fd:   6: net_cls,net_prio
Mar  1 08:16:14 ip-172-31-69-25 lxcfs[1153]:   2: fd:   7: cpu,cpuacct
Mar  1 08:16:14 ip-172-31-69-25 lxcfs[1153]:   3: fd:   8: freezer
Mar  1 08:16:14 ip-172-31-69-25 lxcfs[1153]:   4: fd:   9: hugetlb
Mar  1 08:16:14 ip-172-31-69-25 lxcfs[1153]:   5: fd:  10: cpuset
Mar  1 08:16:14 ip-172-31-69-25 lxcfs[1153]:   6: fd:  11: pids
Mar  1 08:16:14 ip-172-31-69-25 lxcfs[1153]:   7: fd:  12: memory
Mar  1 08:16:14 ip-172-31-69-25 lxcfs[1153]:   8: fd:  13: devices
Mar  1 08:16:14 ip-172-31-69-25 lxcfs[1153]:   9: fd:  14: blkio
Mar  1 08:16:14 ip-172-31-69-25 lxcfs[1153]:  10: fd:  15: name=systemd
Mar  1 08:16:14 ip-172-31-69-25 kernel: [    0.637087] pci 0000:00:01.0: Activating ISA DMA hang workarounds
Mar  1 08:16:14 ip-172-31-69-25 kernel: [    0.640829] pci 0000:00:02.0: Video device with shadowed ROM
Mar  1 08:16:14 ip-172-31-69-25 kernel: [    0.640978] PCI: CLS 0 bytes, default 64
Mar  1 08:16:14 ip-172-31-69-25 kernel: [    0.641034] Trying to unpack rootfs image as initramfs...
Mar  1 08:16:14 ip-172-31-69-25 kernel: [    0.823981] Freeing initrd memory: 12340K
Mar  1 08:16:14 ip-172-31-69-25 kernel: [    0.827698] RAPL PMU detected, API unit is 2^-32 Joules, 3 fixed counters 655360 ms ovfl timer
Mar  1 08:16:14 ip-172-31-69-25 kernel: [    0.834554] hw unit of domain pp0-core 2^-14 Joules
Mar  1 08:16:14 ip-172-31-69-25 kernel: [    0.838653] hw unit of domain package 2^-14 Joules
Mar  1 08:16:14 ip-172-31-69-25 kernel: [    0.842740] hw unit of domain dram 2^-16 Joules
Mar  1 08:16:14 ip-172-31-69-25 kernel: [    0.846582] Scanning for low memory corruption every 60 seconds
Mar  1 08:16:14 ip-172-31-69-25 kernel: [    0.851697] audit: initializing netlink subsys (disabled)
Mar  1 08:16:14 ip-172-31-69-25 kernel: [    0.856147] audit: type=2000 audit(1519906566.478:1): initialized
Mar  1 08:16:14 ip-172-31-69-25 kernel: [    0.861718] Initialise system trusted keyring
Mar  1 08:16:14 ip-172-31-69-25 kernel: [    0.865463] HugeTLB registered 2 MB page size, pre-allocated 0 pages
Mar  1 08:16:14 ip-172-31-69-25 kernel: [    0.871521] zbud: loaded
Mar  1 08:16:14 ip-172-31-69-25 kernel: [    0.874329] VFS: Disk quotas dquot_6.6.0
Mar  1 08:16:14 ip-172-31-69-25 kernel: [    0.877779] VFS: Dquot-cache hash table entries: 512 (order 0, 4096 bytes)
Mar  1 08:16:14 ip-172-31-69-25 kernel: [    0.883520] squashfs: version 4.0 (2009/01/31) Phillip Lougher
Mar  1 08:16:14 ip-172-31-69-25 kernel: [    0.888403] fuse init (API version 7.23)
Mar  1 08:16:14 ip-172-31-69-25 kernel: [    0.892177] Key type big_key registered
Mar  1 08:16:14 ip-172-31-69-25 kernel: [    0.895921] Allocating IMA MOK and blacklist keyrings.
Mar  1 08:16:14 ip-172-31-69-25 kernel: [    0.900921] Key type asymmetric registered
Mar  1 08:16:14 ip-172-31-69-25 kernel: [    0.904870] Asymmetric key parser 'x509' registered
Mar  1 08:16:14 ip-172-31-69-25 kernel: [    0.908944] Block layer SCSI generic (bsg) driver version 0.4 loaded (major 249)
Mar  1 08:16:14 ip-172-31-69-25 kernel: [    0.915159] io scheduler noop registered
Mar  1 08:16:14 ip-172-31-69-25 kernel: [    0.918676] io scheduler deadline registered (default)
Mar  1 08:16:14 ip-172-31-69-25 kernel: [    0.922934] io scheduler cfq registered
Mar  1 08:16:14 ip-172-31-69-25 kernel: [    0.926754] pci_hotplug: PCI Hot Plug PCI Core version: 0.5
Mar  1 08:16:14 ip-172-31-69-25 kernel: [    0.931512] pciehp: PCI Express Hot Plug Controller Driver version: 0.4
Mar  1 08:16:14 ip-172-31-69-25 kernel: [    0.936919] intel_idle: does not run on family 6 model 63
Mar  1 08:16:14 ip-172-31-69-25 kernel: [    0.936996] input: Power Button as /devices/LNXSYSTM:00/LNXPWRBN:00/input/input0
Mar  1 08:16:14 ip-172-31-69-25 kernel: [    0.942815] ACPI: Power Button [PWRF]
Mar  1 08:16:14 ip-172-31-69-25 kernel: [    0.946155] input: Sleep Button as /devices/LNXSYSTM:00/LNXSLPBN:00/input/input1
Mar  1 08:16:14 ip-172-31-69-25 kernel: [    0.952170] ACPI: Sleep Button [SLPF]
Mar  1 08:16:14 ip-172-31-69-25 kernel: [    0.955700] xen: --> pirq=22 -> irq=28 (gsi=28)
Mar  1 08:16:14 ip-172-31-69-25 kernel: [    0.955806] xen:grant_table: Grant tables using version 1 layout
Mar  1 08:16:14 ip-172-31-69-25 kernel: [    0.960544] Grant table initialized
Mar  1 08:16:14 ip-172-31-69-25 kernel: [    0.963696] Cannot get hvm parameter CONSOLE_EVTCHN (18): -22!
Mar  1 08:16:14 ip-172-31-69-25 kernel: [    0.968575] Serial: 8250/16550 driver, 4 ports, IRQ sharing enabled
Mar  1 08:16:14 ip-172-31-69-25 kernel: [    1.002365] 00:06: ttyS0 at I/O 0x3f8 (irq = 4, base_baud = 115200) is a 16550A
Mar  1 08:16:14 ip-172-31-69-25 kernel: [    1.008548] Linux agpgart interface v0.103
Mar  1 08:16:14 ip-172-31-69-25 kernel: [    1.013974] brd: module loaded
Mar  1 08:16:14 ip-172-31-69-25 kernel: [    1.019190] loop: module loaded
Mar  1 08:16:14 ip-172-31-69-25 kernel: [    1.022432] Invalid max_queues (4), will use default max: 1.
Mar  1 08:16:14 ip-172-31-69-25 kernel: [    1.035247] ata_piix 0000:00:01.1: version 2.13
Mar  1 08:16:14 ip-172-31-69-25 kernel: [    1.036195] scsi host0: ata_piix
Mar  1 08:16:14 ip-172-31-69-25 kernel: [    1.039528] scsi host1: ata_piix
Mar  1 08:16:14 ip-172-31-69-25 kernel: [    1.042704] ata1: PATA max MWDMA2 cmd 0x1f0 ctl 0x3f6 bmdma 0xc100 irq 14
Mar  1 08:16:14 ip-172-31-69-25 kernel: [    1.048575] ata2: PATA max MWDMA2 cmd 0x170 ctl 0x376 bmdma 0xc108 irq 15
Mar  1 08:16:14 ip-172-31-69-25 kernel: [    1.056657] libphy: Fixed MDIO Bus: probed
Mar  1 08:16:14 ip-172-31-69-25 kernel: [    1.060576] tun: Universal TUN/TAP device driver, 1.6
Mar  1 08:16:14 ip-172-31-69-25 kernel: [    1.065399] tun: (C) 1999-2004 Max Krasnyansky <maxk@qualcomm.com>
Mar  1 08:16:14 ip-172-31-69-25 kernel: [    1.070441] PPP generic driver version 2.4.2
Mar  1 08:16:14 ip-172-31-69-25 kernel: [    1.074154] xen_netfront: Initialising Xen virtual ethernet driver
Mar  1 08:16:14 ip-172-31-69-25 kernel: [    1.087031] ehci_hcd: USB 2.0 'Enhanced' Host Controller (EHCI) Driver
Mar  1 08:16:14 ip-172-31-69-25 kernel: [    1.097482] ehci-pci: EHCI PCI platform driver
Mar  1 08:16:14 ip-172-31-69-25 kernel: [    1.101932] ehci-platform: EHCI generic platform driver
Mar  1 08:16:14 ip-172-31-69-25 kernel: [    1.110913] ohci_hcd: USB 1.1 'Open' Host Controller (OHCI) Driver
Mar  1 08:16:14 ip-172-31-69-25 kernel: [    1.116996] ohci-pci: OHCI PCI platform driver
Mar  1 08:16:14 ip-172-31-69-25 kernel: [    1.121692] ohci-platform: OHCI generic platform driver
Mar  1 08:16:14 ip-172-31-69-25 kernel: [    1.127092] uhci_hcd: USB Universal Host Controller Interface driver
Mar  1 08:16:14 ip-172-31-69-25 kernel: [    1.134136] i8042: PNP: PS/2 Controller [PNP0303:PS2K,PNP0f13:PS2M] at 0x60,0x64 irq 1,12
Mar  1 08:16:14 ip-172-31-69-25 kernel: [    1.147187] serio: i8042 KBD port at 0x60,0x64 irq 1
Mar  1 08:16:14 ip-172-31-69-25 kernel: [    1.152038] serio: i8042 AUX port at 0x60,0x64 irq 12
Mar  1 08:16:14 ip-172-31-69-25 kernel: [    1.157613] mousedev: PS/2 mouse device common for all mice
Mar  1 08:16:14 ip-172-31-69-25 kernel: [    1.164507] input: AT Translated Set 2 keyboard as /devices/platform/i8042/serio0/input/input2
Mar  1 08:16:14 ip-172-31-69-25 kernel: [    1.186532] rtc_cmos 00:02: rtc core: registered rtc_cmos as rtc0
Mar  1 08:16:14 ip-172-31-69-25 kernel: [    1.197324] rtc_cmos 00:02: alarms up to one day, 114 bytes nvram, hpet irqs
Mar  1 08:16:14 ip-172-31-69-25 kernel: [    1.203759] i2c /dev entries driver
Mar  1 08:16:14 ip-172-31-69-25 kernel: [    1.209129] device-mapper: uevent: version 1.0.3
Mar  1 08:16:14 ip-172-31-69-25 kernel: [    1.214708] device-mapper: ioctl: 4.34.0-ioctl (2015-10-28) initialised: dm-devel@redhat.com
Mar  1 08:16:14 ip-172-31-69-25 kernel: [    1.222290] NET: Registered protocol family 10
Mar  1 08:16:14 ip-172-31-69-25 kernel: [    1.225381] NET: Registered protocol family 17
Mar  1 08:16:14 ip-172-31-69-25 kernel: [    1.234223] Key type dns_resolver registered
Mar  1 08:16:14 ip-172-31-69-25 kernel: [    1.237249] microcode: CPU0 sig=0x306f2, pf=0x1, revision=0x3b
Mar  1 08:16:14 ip-172-31-69-25 kernel: [    1.240806] microcode: Microcode Update Driver: v2.01 <tigran@aivazian.fsnet.co.uk>, Peter Oruba
Mar  1 08:16:14 ip-172-31-69-25 kernel: [    1.246614] registered taskstats version 1
Mar  1 08:16:14 ip-172-31-69-25 kernel: [    1.249410] Loading compiled-in X.509 certificates
Mar  1 08:16:14 ip-172-31-69-25 kernel: [    1.252926] Loaded X.509 cert 'Build time autogenerated kernel key: eec6339c199f7c061573bf7e1d5d111f4e89c8c0'
Mar  1 08:16:14 ip-172-31-69-25 kernel: [    1.259708] zswap: loaded using pool lzo/zbud
Mar  1 08:16:14 ip-172-31-69-25 kernel: [    1.264153] blkfront: xvda: barrier or flush: disabled; persistent grants: disabled; indirect descriptors: enabled;
Mar  1 08:16:14 ip-172-31-69-25 kernel: [    1.271244] Key type trusted registered
Mar  1 08:16:14 ip-172-31-69-25 kernel: [    1.277306]  xvda: xvda1
Mar  1 08:16:14 ip-172-31-69-25 kernel: [    1.280484] Key type encrypted registered
Mar  1 08:16:14 ip-172-31-69-25 kernel: [    1.283034] AppArmor: AppArmor sha1 policy hashing enabled
Mar  1 08:16:14 ip-172-31-69-25 kernel: [    1.286076] ima: No TPM chip found, activating TPM-bypass!
Mar  1 08:16:14 ip-172-31-69-25 kernel: [    1.289106] evm: HMAC attrs: 0x1
Mar  1 08:16:14 ip-172-31-69-25 kernel: [    1.291338]   Magic number: 10:47:278
Mar  1 08:16:14 ip-172-31-69-25 kernel: [    1.293554] tty tty15: hash matches
Mar  1 08:16:14 ip-172-31-69-25 kernel: [    1.295708] rtc_cmos 00:02: setting system clock to 2018-03-01 12:16:07 UTC (1519906567)
Mar  1 08:16:14 ip-172-31-69-25 kernel: [    1.300582] BIOS EDD facility v0.16 2004-Jun-25, 0 devices found
Mar  1 08:16:14 ip-172-31-69-25 kernel: [    1.304325] EDD information not available.
Mar  1 08:16:14 ip-172-31-69-25 kernel: [    1.307008] PM: Hibernation image not present or could not be loaded.
Mar  1 08:16:14 ip-172-31-69-25 kernel: [    1.308616] Freeing unused kernel memory: 1492K
Mar  1 08:16:14 ip-172-31-69-25 kernel: [    1.311691] Write protecting the kernel read-only data: 14336k
Mar  1 08:16:14 ip-172-31-69-25 kernel: [    1.316657] Freeing unused kernel memory: 1876K
Mar  1 08:16:14 ip-172-31-69-25 kernel: [    1.319905] Freeing unused kernel memory: 220K
Mar  1 08:16:14 ip-172-31-69-25 kernel: [    1.337789] random: udevadm: uninitialized urandom read (16 bytes read, 9 bits of entropy available)
Mar  1 08:16:14 ip-172-31-69-25 kernel: [    1.344038] random: systemd-udevd: uninitialized urandom read (16 bytes read, 9 bits of entropy available)
Mar  1 08:16:14 ip-172-31-69-25 kernel: [    1.349616] random: systemd-udevd: uninitialized urandom read (16 bytes read, 9 bits of entropy available)
Mar  1 08:16:14 ip-172-31-69-25 kernel: [    1.357963] random: udevadm: uninitialized urandom read (16 bytes read, 9 bits of entropy available)
Mar  1 08:16:14 ip-172-31-69-25 kernel: [    1.364102] random: systemd-udevd: uninitialized urandom read (16 bytes read, 9 bits of entropy available)
Mar  1 08:16:14 ip-172-31-69-25 kernel: [    1.378963] random: udevadm: uninitialized urandom read (16 bytes read, 9 bits of entropy available)
Mar  1 08:16:14 ip-172-31-69-25 kernel: [    1.385098] random: systemd-udevd: uninitialized urandom read (16 bytes read, 9 bits of entropy available)
Mar  1 08:16:14 ip-172-31-69-25 kernel: [    1.391609] random: systemd-udevd: uninitialized urandom read (16 bytes read, 9 bits of entropy available)
Mar  1 08:16:14 ip-172-31-69-25 kernel: [    1.397072] random: udevadm: uninitialized urandom read (16 bytes read, 9 bits of entropy available)
Mar  1 08:16:14 ip-172-31-69-25 kernel: [    1.402743] random: udevadm: uninitialized urandom read (16 bytes read, 9 bits of entropy available)
Mar  1 08:16:14 ip-172-31-69-25 kernel: [    1.534386] AVX2 version of gcm_enc/dec engaged.
Mar  1 08:16:14 ip-172-31-69-25 kernel: [    1.539197] AES CTR mode by8 optimization enabled
Mar  1 08:16:14 ip-172-31-69-25 kernel: [    1.844121] tsc: Refined TSC clocksource calibration: 2399.999 MHz
Mar  1 08:16:14 ip-172-31-69-25 kernel: [    1.852904] clocksource: tsc: mask: 0xffffffffffffffff max_cycles: 0x2298364cab5, max_idle_ns: 440795214892 ns
Mar  1 08:16:14 ip-172-31-69-25 kernel: [    3.038983] md: linear personality registered for level -1
Mar  1 08:16:14 ip-172-31-69-25 kernel: [    3.047240] md: multipath personality registered for level -4
Mar  1 08:16:14 ip-172-31-69-25 kernel: [    3.054894] md: raid0 personality registered for level 0
Mar  1 08:16:14 ip-172-31-69-25 kernel: [    3.062627] md: raid1 personality registered for level 1
Mar  1 08:16:14 ip-172-31-69-25 kernel: [    3.120069] raid6: sse2x1   gen()  8328 MB/s
Mar  1 08:16:14 ip-172-31-69-25 kernel: [    3.172065] raid6: sse2x1   xor()  6484 MB/s
Mar  1 08:16:14 ip-172-31-69-25 kernel: [    3.220061] raid6: sse2x2   gen() 10425 MB/s
Mar  1 08:16:14 ip-172-31-69-25 kernel: [    3.268060] raid6: sse2x2   xor()  7056 MB/s
Mar  1 08:16:14 ip-172-31-69-25 kernel: [    3.320064] raid6: sse2x4   gen() 12046 MB/s
Mar  1 08:16:14 ip-172-31-69-25 kernel: [    3.368061] raid6: sse2x4   xor()  8492 MB/s
Mar  1 08:16:14 ip-172-31-69-25 kernel: [    3.416063] raid6: avx2x1   gen() 16080 MB/s
Mar  1 08:16:14 ip-172-31-69-25 kernel: [    3.464063] raid6: avx2x2   gen() 18774 MB/s
Mar  1 08:16:14 ip-172-31-69-25 kernel: [    3.516064] raid6: avx2x4   gen() 21810 MB/s
Mar  1 08:16:14 ip-172-31-69-25 kernel: [    3.518831] raid6: using algorithm avx2x4 gen() 21810 MB/s
Mar  1 08:16:14 ip-172-31-69-25 kernel: [    3.522532] raid6: using avx2x2 recovery algorithm
Mar  1 08:16:14 ip-172-31-69-25 kernel: [    3.528453] xor: automatically using best checksumming function:
Mar  1 08:16:14 ip-172-31-69-25 kernel: [    3.572060]    avx       : 24329.000 MB/sec
Mar  1 08:16:14 ip-172-31-69-25 kernel: [    3.577165] async_tx: api initialized (async)
Mar  1 08:16:14 ip-172-31-69-25 kernel: [    3.592430] md: raid6 personality registered for level 6
Mar  1 08:16:14 ip-172-31-69-25 kernel: [    3.595825] md: raid5 personality registered for level 5
Mar  1 08:16:14 ip-172-31-69-25 kernel: [    3.599075] md: raid4 personality registered for level 4
Mar  1 08:16:14 ip-172-31-69-25 kernel: [    3.607913] md: raid10 personality registered for level 10
Mar  1 08:16:14 ip-172-31-69-25 kernel: [    3.648217] Btrfs loaded
Mar  1 08:16:14 ip-172-31-69-25 kernel: [    3.696314] EXT4-fs (xvda1): mounted filesystem with ordered data mode. Opts: (null)
Mar  1 08:16:14 ip-172-31-69-25 kernel: [    4.209450] EXT4-fs (xvda1): re-mounted. Opts: discard
Mar  1 08:16:14 ip-172-31-69-25 kernel: [    4.243592] Loading iSCSI transport class v2.0-870.
Mar  1 08:16:14 ip-172-31-69-25 kernel: [    4.260951] iscsi: registered transport (tcp)
Mar  1 08:16:14 ip-172-31-69-25 kernel: [    4.357138] iscsi: registered transport (iser)
Mar  1 08:16:14 ip-172-31-69-25 kernel: [    5.052508] audit: type=1400 audit(1519906571.256:2): apparmor="STATUS" operation="profile_load" profile="unconfined" name="lxc-container-default" pid=573 comm="apparmor_parser"
Mar  1 08:16:14 ip-172-31-69-25 kernel: [    5.052513] audit: type=1400 audit(1519906571.256:3): apparmor="STATUS" operation="profile_load" profile="unconfined" name="lxc-container-default-cgns" pid=573 comm="apparmor_parser"
Mar  1 08:16:14 ip-172-31-69-25 kernel: [    5.052517] audit: type=1400 audit(1519906571.256:4): apparmor="STATUS" operation="profile_load" profile="unconfined" name="lxc-container-default-with-mounting" pid=573 comm="apparmor_parser"
Mar  1 08:16:14 ip-172-31-69-25 kernel: [    5.052521] audit: type=1400 audit(1519906571.256:5): apparmor="STATUS" operation="profile_load" profile="unconfined" name="lxc-container-default-with-nesting" pid=573 comm="apparmor_parser"
Mar  1 08:16:14 ip-172-31-69-25 kernel: [    5.065709] audit: type=1400 audit(1519906571.268:6): apparmor="STATUS" operation="profile_load" profile="unconfined" name="/sbin/dhclient" pid=574 comm="apparmor_parser"
Mar  1 08:16:14 ip-172-31-69-25 kernel: [    5.065715] audit: type=1400 audit(1519906571.268:7): apparmor="STATUS" operation="profile_load" profile="unconfined" name="/usr/lib/NetworkManager/nm-dhcp-client.action" pid=574 comm="apparmor_parser"
Mar  1 08:16:14 ip-172-31-69-25 kernel: [    5.065718] audit: type=1400 audit(1519906571.268:8): apparmor="STATUS" operation="profile_load" profile="unconfined" name="/usr/lib/NetworkManager/nm-dhcp-helper" pid=574 comm="apparmor_parser"
Mar  1 08:16:14 ip-172-31-69-25 kernel: [    5.065722] audit: type=1400 audit(1519906571.268:9): apparmor="STATUS" operation="profile_load" profile="unconfined" name="/usr/lib/connman/scripts/dhclient-script" pid=574 comm="apparmor_parser"
Mar  1 08:16:14 ip-172-31-69-25 kernel: [    5.068568] audit: type=1400 audit(1519906571.272:10): apparmor="STATUS" operation="profile_load" profile="unconfined" name="/usr/bin/lxc-start" pid=575 comm="apparmor_parser"
Mar  1 08:16:14 ip-172-31-69-25 kernel: [    6.552934] ppdev: user-space parallel port driver
Mar  1 08:16:14 ip-172-31-69-25 kernel: [    8.206107] random: nonblocking pool is initialized
Mar  1 08:16:14 ip-172-31-69-25 kernel: [    8.517941] cgroup: new mount options do not match the existing superblock, will be ignored
Mar  1 08:16:14 ip-172-31-69-25 dbus[1161]: [system] AppArmor D-Bus mediation is enabled
Mar  1 08:16:14 ip-172-31-69-25 systemd[1]: Starting Login Service...
Mar  1 08:16:14 ip-172-31-69-25 systemd[1]: Started Regular background program processing daemon.
Mar  1 08:16:14 ip-172-31-69-25 systemd[1]: Starting The PHP 7.0 FastCGI Process Manager...
Mar  1 08:16:14 ip-172-31-69-25 cron[1177]: (CRON) INFO (pidfile fd = 3)
Mar  1 08:16:14 ip-172-31-69-25 systemd[1]: Starting Accounts Service...
Mar  1 08:16:14 ip-172-31-69-25 cron[1177]: (CRON) INFO (Running @reboot jobs)
Mar  1 08:16:14 ip-172-31-69-25 systemd[1]: Started Deferred execution scheduler.
Mar  1 08:16:14 ip-172-31-69-25 systemd[1]: Starting Snappy daemon...
Mar  1 08:16:14 ip-172-31-69-25 systemd[1]: Starting LSB: MD monitoring daemon...
Mar  1 08:16:14 ip-172-31-69-25 systemd[1]: Started System Logging Service.
Mar  1 08:16:14 ip-172-31-69-25 systemd[1]: Started OpenBSD Secure Shell server.
Mar  1 08:16:14 ip-172-31-69-25 systemd[1]: Started iSCSI initiator daemon (iscsid).
Mar  1 08:16:14 ip-172-31-69-25 systemd[1]: Started /etc/rc.local Compatibility.
Mar  1 08:16:14 ip-172-31-69-25 systemd[1]: Started LXD - container startup/shutdown.
Mar  1 08:16:14 ip-172-31-69-25 dbus[1161]: [system] Activating via systemd: service name='org.freedesktop.PolicyKit1' unit='polkitd.service'
Mar  1 08:16:14 ip-172-31-69-25 systemd[1]: Started LSB: Record successful boot for GRUB.
Mar  1 08:16:15 ip-172-31-69-25 kernel: [    8.813686] audit_printk_skb: 18 callbacks suppressed
Mar  1 08:16:15 ip-172-31-69-25 kernel: [    8.813690] audit: type=1400 audit(1519906575.016:17): apparmor="DENIED" operation="open" profile="/usr/sbin/mysqld" name="/proc/1200/status" pid=1200 comm="mysqld" requested_mask="r" denied_mask="r" fsuid=112 ouid=112
Mar  1 08:16:15 ip-172-31-69-25 kernel: [    8.813718] audit: type=1400 audit(1519906575.016:18): apparmor="DENIED" operation="open" profile="/usr/sbin/mysqld" name="/sys/devices/system/node/" pid=1200 comm="mysqld" requested_mask="r" denied_mask="r" fsuid=112 ouid=0
Mar  1 08:16:15 ip-172-31-69-25 kernel: [    8.813780] audit: type=1400 audit(1519906575.016:19): apparmor="DENIED" operation="open" profile="/usr/sbin/mysqld" name="/proc/1200/status" pid=1200 comm="mysqld" requested_mask="r" denied_mask="r" fsuid=112 ouid=112
Mar  1 08:16:15 ip-172-31-69-25 systemd[1]: Started Login Service.
Mar  1 08:16:15 ip-172-31-69-25 mdadm[1191]:  * Starting MD monitoring service mdadm --monitor
Mar  1 08:16:15 ip-172-31-69-25 systemd[1]: Starting Authenticate and Authorize Users to Run Privileged Tasks...
Mar  1 08:16:15 ip-172-31-69-25 systemd[1]: Starting Login to default iSCSI targets...
Mar  1 08:16:15 ip-172-31-69-25 mdadm[1191]:    ...done.
Mar  1 08:16:15 ip-172-31-69-25 systemd[1]: Started LSB: MD monitoring daemon.
Mar  1 08:16:15 ip-172-31-69-25 polkitd[1219]: started daemon version 0.105 using authority implementation `local' version `0.105'
Mar  1 08:16:15 ip-172-31-69-25 dbus[1161]: [system] Successfully activated service 'org.freedesktop.PolicyKit1'
Mar  1 08:16:15 ip-172-31-69-25 systemd[1]: Started Authenticate and Authorize Users to Run Privileged Tasks.
Mar  1 08:16:15 ip-172-31-69-25 accounts-daemon[1182]: started daemon version 0.6.40
Mar  1 08:16:15 ip-172-31-69-25 systemd[1]: Started Accounts Service.
Mar  1 08:16:15 ip-172-31-69-25 iscsiadm[1231]: iscsiadm: No records found
Mar  1 08:16:15 ip-172-31-69-25 systemd[1]: Started Login to default iSCSI targets.
Mar  1 08:16:15 ip-172-31-69-25 systemd[1]: Reached target Remote File Systems (Pre).
Mar  1 08:16:15 ip-172-31-69-25 snapd[1189]: AppArmor status: apparmor is enabled and all features are available
Mar  1 08:16:15 ip-172-31-69-25 systemd[1]: Reached target Remote File Systems.
Mar  1 08:16:15 ip-172-31-69-25 snapd[1189]: 2018/03/01 08:16:15.131859 daemon.go:306: started snapd/2.29.4.2 (series 16; classic) ubuntu/16.04 (amd64) linux/4.4.0-1052-aws.
Mar  1 08:16:15 ip-172-31-69-25 systemd[1]: Starting LSB: Apache2 web server...
Mar  1 08:16:15 ip-172-31-69-25 systemd[1]: Starting LSB: daemon to balance interrupts for SMP systems...
Mar  1 08:16:15 ip-172-31-69-25 systemd[1]: Starting Permit User Sessions...
Mar  1 08:16:15 ip-172-31-69-25 systemd[1]: Starting LSB: automatic crash report generation...
Mar  1 08:16:15 ip-172-31-69-25 systemd[1]: Starting LSB: Set the CPU Frequency Scaling governor to "ondemand"...
Mar  1 08:16:15 ip-172-31-69-25 systemd[1]: Started Snappy daemon.
Mar  1 08:16:15 ip-172-31-69-25 systemd[1]: Started Permit User Sessions.
Mar  1 08:16:15 ip-172-31-69-25 apache2[1238]:  * Starting Apache httpd web server apache2
Mar  1 08:16:15 ip-172-31-69-25 systemd[1]: Starting Hold until boot process finishes up...
Mar  1 08:16:15 ip-172-31-69-25 irqbalance[1241]:  * Starting SMP IRQ Balancer: irqbalance
Mar  1 08:16:15 ip-172-31-69-25 systemd[1]: Starting Terminate Plymouth Boot Screen...
Mar  1 08:16:15 ip-172-31-69-25 systemd[1]: Started LSB: Set the CPU Frequency Scaling governor to "ondemand".
Mar  1 08:16:15 ip-172-31-69-25 /usr/sbin/irqbalance: Balancing is ineffective on systems with a single cpu.  Shutting down
Mar  1 08:16:15 ip-172-31-69-25 systemd[1]: Started Hold until boot process finishes up.
Mar  1 08:16:15 ip-172-31-69-25 systemd[1]: Started Terminate Plymouth Boot Screen.
Mar  1 08:16:15 ip-172-31-69-25 systemd[1]: Started Serial Getty on ttyS0.
Mar  1 08:16:15 ip-172-31-69-25 apport[1253]:  * Starting automatic crash report generation: apport
Mar  1 08:16:15 ip-172-31-69-25 irqbalance[1241]:    ...done.
Mar  1 08:16:15 ip-172-31-69-25 systemd[1]: Starting Set console scheme...
Mar  1 08:16:15 ip-172-31-69-25 apport[1253]:    ...done.
Mar  1 08:16:15 ip-172-31-69-25 systemd[1]: Started Getty on tty1.
Mar  1 08:16:15 ip-172-31-69-25 systemd[1]: Reached target Login Prompts.
Mar  1 08:16:15 ip-172-31-69-25 systemd[1]: Started LSB: daemon to balance interrupts for SMP systems.
Mar  1 08:16:15 ip-172-31-69-25 systemd[1]: Started LSB: automatic crash report generation.
Mar  1 08:16:15 ip-172-31-69-25 systemd[1]: Started Set console scheme.
Mar  1 08:16:15 ip-172-31-69-25 systemd[1]: Started The PHP 7.0 FastCGI Process Manager.
Mar  1 08:16:15 ip-172-31-69-25 cloud-init[1138]: Cloud-init v. 17.1 running 'modules:config' at Thu, 01 Mar 2018 12:16:15 +0000. Up 9.47 seconds.
Mar  1 08:16:15 ip-172-31-69-25 systemd[1]: Started Apply the settings specified in cloud-config.
Mar  1 08:16:15 ip-172-31-69-25 systemd[1]: Started MySQL Community Server.
Mar  1 08:16:16 ip-172-31-69-25 apache2[1238]:  *
Mar  1 08:16:16 ip-172-31-69-25 systemd[1]: Started LSB: Apache2 web server.
Mar  1 08:16:16 ip-172-31-69-25 systemd[1]: Reached target Multi-User System.
Mar  1 08:16:16 ip-172-31-69-25 systemd[1]: Starting Execute cloud user/final scripts...
Mar  1 08:16:16 ip-172-31-69-25 systemd[1]: Reached target Graphical Interface.
Mar  1 08:16:16 ip-172-31-69-25 systemd[1]: Starting Update UTMP about System Runlevel Changes...
Mar  1 08:16:16 ip-172-31-69-25 systemd[1]: Started Update UTMP about System Runlevel Changes.
Mar  1 08:16:16 ip-172-31-69-25 cloud-init[1369]: Cloud-init v. 17.1 running 'modules:final' at Thu, 01 Mar 2018 12:16:16 +0000. Up 10.65 seconds.
Mar  1 08:16:16 ip-172-31-69-25 cloud-init[1369]: Cloud-init v. 17.1 finished at Thu, 01 Mar 2018 12:16:16 +0000. Datasource DataSourceEc2Local.  Up 10.75 seconds
Mar  1 08:16:17 ip-172-31-69-25 systemd[1]: Started Execute cloud user/final scripts.
Mar  1 08:16:17 ip-172-31-69-25 systemd[1]: Reached target Cloud-init target.
Mar  1 08:16:17 ip-172-31-69-25 systemd[1]: Startup finished in 3.815s (kernel) + 7.023s (userspace) = 10.838s.
Mar  1 08:16:41 ip-172-31-69-25 systemd-timesyncd[517]: Synchronized to time server 91.189.89.199:123 (ntp.ubuntu.com).
Mar  1 08:17:01 ip-172-31-69-25 CRON[1392]: (root) CMD (   cd / && run-parts --report /etc/cron.hourly)
Mar  1 08:17:12 ip-172-31-69-25 systemd[1]: Created slice User Slice of ubuntu.
Mar  1 08:17:12 ip-172-31-69-25 systemd[1]: Starting User Manager for UID 1000...
Mar  1 08:17:12 ip-172-31-69-25 systemd[1]: Started Session 2 of user ubuntu.
Mar  1 08:17:12 ip-172-31-69-25 systemd[1396]: Reached target Timers.
Mar  1 08:17:12 ip-172-31-69-25 systemd[1396]: Reached target Sockets.
Mar  1 08:17:12 ip-172-31-69-25 systemd[1396]: Reached target Paths.
Mar  1 08:17:12 ip-172-31-69-25 systemd[1396]: Reached target Basic System.
Mar  1 08:17:12 ip-172-31-69-25 systemd[1396]: Reached target Default.
Mar  1 08:17:12 ip-172-31-69-25 systemd[1396]: Startup finished in 20ms.
Mar  1 08:17:12 ip-172-31-69-25 systemd[1]: Started User Manager for UID 1000.
Mar  1 08:17:31 ip-172-31-69-25 kernel: [   85.730089] Netfilter messages via NETLINK v0.30.
Mar  1 08:17:31 ip-172-31-69-25 kernel: [   85.737417] device eth0 entered promiscuous mode
Mar  1 08:31:06 ip-172-31-69-25 systemd[1]: Starting Cleanup of Temporary Directories...
Mar  1 08:31:06 ip-172-31-69-25 systemd-tmpfiles[1498]: [/usr/lib/tmpfiles.d/var.conf:14] Duplicate line for path "/var/log", ignoring.
Mar  1 08:31:07 ip-172-31-69-25 systemd[1]: Started Cleanup of Temporary Directories.
Mar  1 08:39:01 ip-172-31-69-25 CRON[1506]: (root) CMD (  [ -x /usr/lib/php/sessionclean ] && /usr/lib/php/sessionclean)
Mar  1 08:41:21 ip-172-31-69-25 dhclient[945]: DHCPREQUEST of 172.31.69.25 on eth0 to 172.31.69.1 port 67 (xid=0x37b5c05a)
Mar  1 08:41:21 ip-172-31-69-25 dhclient[945]: DHCPACK of 172.31.69.25 from 172.31.69.1
Mar  1 08:41:21 ip-172-31-69-25 dhclient[945]: bound to 172.31.69.25 -- renewal in 1690 seconds.
Mar  1 09:09:01 ip-172-31-69-25 CRON[1607]: (root) CMD (  [ -x /usr/lib/php/sessionclean ] && /usr/lib/php/sessionclean)
Mar  1 09:09:32 ip-172-31-69-25 dhclient[945]: DHCPREQUEST of 172.31.69.25 on eth0 to 172.31.69.1 port 67 (xid=0x37b5c05a)
Mar  1 09:09:32 ip-172-31-69-25 dhclient[945]: DHCPACK of 172.31.69.25 from 172.31.69.1
Mar  1 09:09:32 ip-172-31-69-25 dhclient[945]: bound to 172.31.69.25 -- renewal in 1364 seconds.
Mar  1 09:17:01 ip-172-31-69-25 CRON[1708]: (root) CMD (   cd / && run-parts --report /etc/cron.hourly)
Mar  1 09:20:05 ip-172-31-69-25 systemd[1]: Starting Daily apt download activities...
Mar  1 09:20:06 ip-172-31-69-25 systemd[1]: Started Daily apt download activities.
Mar  1 09:32:16 ip-172-31-69-25 dhclient[945]: DHCPREQUEST of 172.31.69.25 on eth0 to 172.31.69.1 port 67 (xid=0x37b5c05a)
Mar  1 09:32:16 ip-172-31-69-25 dhclient[945]: DHCPACK of 172.31.69.25 from 172.31.69.1
Mar  1 09:32:16 ip-172-31-69-25 dhclient[945]: bound to 172.31.69.25 -- renewal in 1706 seconds.
Mar  1 09:39:01 ip-172-31-69-25 CRON[1778]: (root) CMD (  [ -x /usr/lib/php/sessionclean ] && /usr/lib/php/sessionclean)
Mar  1 10:00:42 ip-172-31-69-25 dhclient[945]: DHCPREQUEST of 172.31.69.25 on eth0 to 172.31.69.1 port 67 (xid=0x37b5c05a)
Mar  1 10:00:42 ip-172-31-69-25 dhclient[945]: DHCPACK of 172.31.69.25 from 172.31.69.1
Mar  1 10:00:42 ip-172-31-69-25 dhclient[945]: bound to 172.31.69.25 -- renewal in 1649 seconds.
Mar  1 10:09:01 ip-172-31-69-25 CRON[1883]: (root) CMD (  [ -x /usr/lib/php/sessionclean ] && /usr/lib/php/sessionclean)
Mar  1 10:17:01 ip-172-31-69-25 CRON[1968]: (root) CMD (   cd / && run-parts --report /etc/cron.hourly)
Mar  1 10:28:11 ip-172-31-69-25 dhclient[945]: DHCPREQUEST of 172.31.69.25 on eth0 to 172.31.69.1 port 67 (xid=0x37b5c05a)
Mar  1 10:28:11 ip-172-31-69-25 dhclient[945]: DHCPACK of 172.31.69.25 from 172.31.69.1
Mar  1 10:28:11 ip-172-31-69-25 dhclient[945]: bound to 172.31.69.25 -- renewal in 1378 seconds.
Mar  1 10:39:01 ip-172-31-69-25 CRON[1991]: (root) CMD (  [ -x /usr/lib/php/sessionclean ] && /usr/lib/php/sessionclean)
Mar  1 10:51:09 ip-172-31-69-25 dhclient[945]: DHCPREQUEST of 172.31.69.25 on eth0 to 172.31.69.1 port 67 (xid=0x37b5c05a)
Mar  1 10:51:09 ip-172-31-69-25 dhclient[945]: DHCPACK of 172.31.69.25 from 172.31.69.1
Mar  1 10:51:09 ip-172-31-69-25 dhclient[945]: bound to 172.31.69.25 -- renewal in 1728 seconds.
Mar  1 11:09:01 ip-172-31-69-25 CRON[2103]: (root) CMD (  [ -x /usr/lib/php/sessionclean ] && /usr/lib/php/sessionclean)
Mar  1 11:17:01 ip-172-31-69-25 CRON[2190]: (root) CMD (   cd / && run-parts --report /etc/cron.hourly)
Mar  1 11:19:57 ip-172-31-69-25 dhclient[945]: DHCPREQUEST of 172.31.69.25 on eth0 to 172.31.69.1 port 67 (xid=0x37b5c05a)
Mar  1 11:19:57 ip-172-31-69-25 dhclient[945]: DHCPACK of 172.31.69.25 from 172.31.69.1
Mar  1 11:19:57 ip-172-31-69-25 dhclient[945]: bound to 172.31.69.25 -- renewal in 1417 seconds.
Mar  1 11:39:01 ip-172-31-69-25 CRON[2221]: (root) CMD (  [ -x /usr/lib/php/sessionclean ] && /usr/lib/php/sessionclean)
Mar  1 11:43:34 ip-172-31-69-25 dhclient[945]: DHCPREQUEST of 172.31.69.25 on eth0 to 172.31.69.1 port 67 (xid=0x37b5c05a)
Mar  1 11:43:34 ip-172-31-69-25 dhclient[945]: DHCPACK of 172.31.69.25 from 172.31.69.1
Mar  1 11:43:34 ip-172-31-69-25 dhclient[945]: bound to 172.31.69.25 -- renewal in 1653 seconds.
Mar  1 12:09:01 ip-172-31-69-25 CRON[2334]: (root) CMD (  [ -x /usr/lib/php/sessionclean ] && /usr/lib/php/sessionclean)
Mar  1 12:11:07 ip-172-31-69-25 dhclient[945]: DHCPREQUEST of 172.31.69.25 on eth0 to 172.31.69.1 port 67 (xid=0x37b5c05a)
Mar  1 12:11:07 ip-172-31-69-25 dhclient[945]: DHCPACK of 172.31.69.25 from 172.31.69.1
Mar  1 12:11:07 ip-172-31-69-25 dhclient[945]: bound to 172.31.69.25 -- renewal in 1495 seconds.
Mar  1 12:17:01 ip-172-31-69-25 CRON[2437]: (root) CMD (   cd / && run-parts --report /etc/cron.hourly)
Mar  1 12:36:03 ip-172-31-69-25 dhclient[945]: DHCPREQUEST of 172.31.69.25 on eth0 to 172.31.69.1 port 67 (xid=0x37b5c05a)
Mar  1 12:36:03 ip-172-31-69-25 dhclient[945]: DHCPACK of 172.31.69.25 from 172.31.69.1
Mar  1 12:36:03 ip-172-31-69-25 dhclient[945]: bound to 172.31.69.25 -- renewal in 1650 seconds.
Mar  1 12:39:01 ip-172-31-69-25 CRON[2462]: (root) CMD (  [ -x /usr/lib/php/sessionclean ] && /usr/lib/php/sessionclean)
Mar  1 13:03:33 ip-172-31-69-25 dhclient[945]: DHCPREQUEST of 172.31.69.25 on eth0 to 172.31.69.1 port 67 (xid=0x37b5c05a)
Mar  1 13:03:33 ip-172-31-69-25 dhclient[945]: DHCPACK of 172.31.69.25 from 172.31.69.1
Mar  1 13:03:33 ip-172-31-69-25 dhclient[945]: bound to 172.31.69.25 -- renewal in 1426 seconds.
Mar  1 13:09:01 ip-172-31-69-25 CRON[2604]: (root) CMD (  [ -x /usr/lib/php/sessionclean ] && /usr/lib/php/sessionclean)
Mar  1 13:17:01 ip-172-31-69-25 CRON[2703]: (root) CMD (   cd / && run-parts --report /etc/cron.hourly)
Mar  1 13:27:19 ip-172-31-69-25 dhclient[945]: DHCPREQUEST of 172.31.69.25 on eth0 to 172.31.69.1 port 67 (xid=0x37b5c05a)
Mar  1 13:27:19 ip-172-31-69-25 dhclient[945]: DHCPACK of 172.31.69.25 from 172.31.69.1
Mar  1 13:27:19 ip-172-31-69-25 dhclient[945]: bound to 172.31.69.25 -- renewal in 1387 seconds.
Mar  1 13:39:01 ip-172-31-69-25 CRON[2734]: (root) CMD (  [ -x /usr/lib/php/sessionclean ] && /usr/lib/php/sessionclean)
Mar  1 13:50:26 ip-172-31-69-25 dhclient[945]: DHCPREQUEST of 172.31.69.25 on eth0 to 172.31.69.1 port 67 (xid=0x37b5c05a)
Mar  1 13:50:26 ip-172-31-69-25 dhclient[945]: DHCPACK of 172.31.69.25 from 172.31.69.1
Mar  1 13:50:26 ip-172-31-69-25 dhclient[945]: bound to 172.31.69.25 -- renewal in 1652 seconds.
Mar  1 14:09:01 ip-172-31-69-25 CRON[2843]: (root) CMD (  [ -x /usr/lib/php/sessionclean ] && /usr/lib/php/sessionclean)
Mar  1 14:17:01 ip-172-31-69-25 CRON[2932]: (root) CMD (   cd / && run-parts --report /etc/cron.hourly)
Mar  1 14:17:58 ip-172-31-69-25 dhclient[945]: DHCPREQUEST of 172.31.69.25 on eth0 to 172.31.69.1 port 67 (xid=0x37b5c05a)
Mar  1 14:17:58 ip-172-31-69-25 dhclient[945]: DHCPACK of 172.31.69.25 from 172.31.69.1
Mar  1 14:17:58 ip-172-31-69-25 dhclient[945]: bound to 172.31.69.25 -- renewal in 1364 seconds.
Mar  1 14:39:01 ip-172-31-69-25 CRON[2957]: (root) CMD (  [ -x /usr/lib/php/sessionclean ] && /usr/lib/php/sessionclean)
Mar  1 14:40:42 ip-172-31-69-25 dhclient[945]: DHCPREQUEST of 172.31.69.25 on eth0 to 172.31.69.1 port 67 (xid=0x37b5c05a)
Mar  1 14:40:42 ip-172-31-69-25 dhclient[945]: DHCPACK of 172.31.69.25 from 172.31.69.1
Mar  1 14:40:42 ip-172-31-69-25 dhclient[945]: bound to 172.31.69.25 -- renewal in 1372 seconds.
Mar  1 15:03:34 ip-172-31-69-25 dhclient[945]: DHCPREQUEST of 172.31.69.25 on eth0 to 172.31.69.1 port 67 (xid=0x37b5c05a)
Mar  1 15:03:34 ip-172-31-69-25 dhclient[945]: DHCPACK of 172.31.69.25 from 172.31.69.1
Mar  1 15:03:34 ip-172-31-69-25 dhclient[945]: bound to 172.31.69.25 -- renewal in 1709 seconds.
Mar  1 15:09:01 ip-172-31-69-25 CRON[3076]: (root) CMD (  [ -x /usr/lib/php/sessionclean ] && /usr/lib/php/sessionclean)
Mar  1 15:17:01 ip-172-31-69-25 CRON[3163]: (root) CMD (   cd / && run-parts --report /etc/cron.hourly)
Mar  1 15:32:03 ip-172-31-69-25 dhclient[945]: DHCPREQUEST of 172.31.69.25 on eth0 to 172.31.69.1 port 67 (xid=0x37b5c05a)
Mar  1 15:32:03 ip-172-31-69-25 dhclient[945]: DHCPACK of 172.31.69.25 from 172.31.69.1
Mar  1 15:32:03 ip-172-31-69-25 dhclient[945]: bound to 172.31.69.25 -- renewal in 1636 seconds.
Mar  1 15:39:01 ip-172-31-69-25 CRON[3190]: (root) CMD (  [ -x /usr/lib/php/sessionclean ] && /usr/lib/php/sessionclean)
Mar  1 15:59:19 ip-172-31-69-25 dhclient[945]: DHCPREQUEST of 172.31.69.25 on eth0 to 172.31.69.1 port 67 (xid=0x37b5c05a)
Mar  1 15:59:19 ip-172-31-69-25 dhclient[945]: DHCPACK of 172.31.69.25 from 172.31.69.1
Mar  1 15:59:19 ip-172-31-69-25 dhclient[945]: bound to 172.31.69.25 -- renewal in 1746 seconds.
Mar  1 16:09:01 ip-172-31-69-25 CRON[3307]: (root) CMD (  [ -x /usr/lib/php/sessionclean ] && /usr/lib/php/sessionclean)
Mar  1 16:17:01 ip-172-31-69-25 CRON[3396]: (root) CMD (   cd / && run-parts --report /etc/cron.hourly)
Mar  1 16:28:25 ip-172-31-69-25 dhclient[945]: DHCPREQUEST of 172.31.69.25 on eth0 to 172.31.69.1 port 67 (xid=0x37b5c05a)
Mar  1 16:28:25 ip-172-31-69-25 dhclient[945]: DHCPACK of 172.31.69.25 from 172.31.69.1
Mar  1 16:28:25 ip-172-31-69-25 dhclient[945]: bound to 172.31.69.25 -- renewal in 1485 seconds.
Mar  1 16:39:01 ip-172-31-69-25 CRON[3439]: (root) CMD (  [ -x /usr/lib/php/sessionclean ] && /usr/lib/php/sessionclean)
Mar  1 16:53:10 ip-172-31-69-25 dhclient[945]: DHCPREQUEST of 172.31.69.25 on eth0 to 172.31.69.1 port 67 (xid=0x37b5c05a)
Mar  1 16:53:10 ip-172-31-69-25 dhclient[945]: DHCPACK of 172.31.69.25 from 172.31.69.1
Mar  1 16:53:10 ip-172-31-69-25 dhclient[945]: bound to 172.31.69.25 -- renewal in 1783 seconds.
Mar  1 17:09:01 ip-172-31-69-25 CRON[3546]: (root) CMD (  [ -x /usr/lib/php/sessionclean ] && /usr/lib/php/sessionclean)
Mar  1 17:17:01 ip-172-31-69-25 CRON[3639]: (root) CMD (   cd / && run-parts --report /etc/cron.hourly)
Mar  1 17:22:53 ip-172-31-69-25 dhclient[945]: DHCPREQUEST of 172.31.69.25 on eth0 to 172.31.69.1 port 67 (xid=0x37b5c05a)
Mar  1 17:22:53 ip-172-31-69-25 dhclient[945]: DHCPACK of 172.31.69.25 from 172.31.69.1
Mar  1 17:22:53 ip-172-31-69-25 dhclient[945]: bound to 172.31.69.25 -- renewal in 1718 seconds.
