Feb 20 06:31:17 ip-172-31-69-7 dhclient[928]: DHCPREQUEST of 172.31.69.7 on eth0 to 172.31.69.1 port 67 (xid=0x7834d586)
Feb 20 06:31:17 ip-172-31-69-7 dhclient[928]: DHCPACK of 172.31.69.7 from 172.31.69.1
Feb 20 06:31:17 ip-172-31-69-7 dhclient[928]: bound to 172.31.69.7 -- renewal in 1673 seconds.
Feb 20 06:59:10 ip-172-31-69-7 dhclient[928]: DHCPREQUEST of 172.31.69.7 on eth0 to 172.31.69.1 port 67 (xid=0x7834d586)
Feb 20 06:59:10 ip-172-31-69-7 dhclient[928]: DHCPACK of 172.31.69.7 from 172.31.69.1
Feb 20 06:59:10 ip-172-31-69-7 dhclient[928]: bound to 172.31.69.7 -- renewal in 1596 seconds.
Feb 20 07:17:02 ip-172-31-69-7 CRON[4186]: (root) CMD (   cd / && run-parts --report /etc/cron.hourly)
Feb 20 07:25:47 ip-172-31-69-7 dhclient[928]: DHCPREQUEST of 172.31.69.7 on eth0 to 172.31.69.1 port 67 (xid=0x7834d586)
Feb 20 07:25:47 ip-172-31-69-7 dhclient[928]: DHCPACK of 172.31.69.7 from 172.31.69.1
Feb 20 07:25:47 ip-172-31-69-7 dhclient[928]: bound to 172.31.69.7 -- renewal in 1628 seconds.
Feb 20 07:52:55 ip-172-31-69-7 dhclient[928]: DHCPREQUEST of 172.31.69.7 on eth0 to 172.31.69.1 port 67 (xid=0x7834d586)
Feb 20 07:52:55 ip-172-31-69-7 dhclient[928]: DHCPACK of 172.31.69.7 from 172.31.69.1
Feb 20 07:52:55 ip-172-31-69-7 dhclient[928]: bound to 172.31.69.7 -- renewal in 1354 seconds.
Feb 20 08:15:29 ip-172-31-69-7 dhclient[928]: DHCPREQUEST of 172.31.69.7 on eth0 to 172.31.69.1 port 67 (xid=0x7834d586)
Feb 20 08:15:29 ip-172-31-69-7 dhclient[928]: DHCPACK of 172.31.69.7 from 172.31.69.1
Feb 20 08:15:29 ip-172-31-69-7 dhclient[928]: bound to 172.31.69.7 -- renewal in 1679 seconds.
Feb 20 08:17:01 ip-172-31-69-7 CRON[4303]: (root) CMD (   cd / && run-parts --report /etc/cron.hourly)
Feb 20 08:28:31 ip-172-31-69-7 systemd[1]: Received SIGINT.
Feb 20 08:28:31 ip-172-31-69-7 systemd[1]: Stopping Authenticate and Authorize Users to Run Privileged Tasks...
Feb 20 08:28:31 ip-172-31-69-7 systemd[1]: Stopped target Graphical Interface.
Feb 20 08:28:31 ip-172-31-69-7 systemd[1]: Stopping ACPI event daemon...
Feb 20 08:28:31 ip-172-31-69-7 systemd[1]: Stopped target Timers.
Feb 20 08:28:31 ip-172-31-69-7 systemd[1]: Stopped Timer to automatically refresh installed snaps.
Feb 20 08:28:31 ip-172-31-69-7 systemd[1]: Stopped Daily apt upgrade and clean activities.
Feb 20 08:28:31 ip-172-31-69-7 systemd[1]: Stopped Daily apt download activities.
Feb 20 08:28:31 ip-172-31-69-7 systemd[1]: Stopped target System Time Synchronized.
Feb 20 08:28:31 ip-172-31-69-7 systemd[1]: Closed Load/Save RF Kill Switch Status /dev/rfkill Watch.
Feb 20 08:28:31 ip-172-31-69-7 systemd[1]: Stopping Accounts Service...
Feb 20 08:28:31 ip-172-31-69-7 systemd[1]: Stopped target Cloud-init target.
Feb 20 08:28:31 ip-172-31-69-7 systemd[1]: Stopped Execute cloud user/final scripts.
Feb 20 08:28:31 ip-172-31-69-7 systemd[1]: Stopped Apply the settings specified in cloud-config.
Feb 20 08:28:31 ip-172-31-69-7 systemd[1]: Stopped target Cloud-config availability.
Feb 20 08:28:31 ip-172-31-69-7 systemd[1]: Stopped target Multi-User System.
Feb 20 08:28:31 ip-172-31-69-7 systemd[1]: Stopping Unattended Upgrades Shutdown...
Feb 20 08:28:31 ip-172-31-69-7 systemd[1]: Stopping LSB: disk temperature monitoring daemon...
Feb 20 08:28:31 ip-172-31-69-7 systemd[1]: Stopping LSB: Set the CPU Frequency Scaling governor to "ondemand"...
Feb 20 08:28:31 ip-172-31-69-7 systemd[1]: Stopping Login Service...
Feb 20 08:28:31 ip-172-31-69-7 systemd[1]: Stopping Regular background program processing daemon...
Feb 20 08:28:31 ip-172-31-69-7 systemd[1]: Stopping Deferred execution scheduler...
Feb 20 08:28:31 ip-172-31-69-7 systemd[1]: Stopping LSB: MD monitoring daemon...
Feb 20 08:28:31 ip-172-31-69-7 systemd[1]: Stopped target Login Prompts.
Feb 20 08:28:31 ip-172-31-69-7 systemd[1]: Stopping Getty on tty1...
Feb 20 08:28:31 ip-172-31-69-7 systemd[1]: Stopping Serial Getty on ttyS0...
Feb 20 08:28:31 ip-172-31-69-7 systemd[1]: Stopping LXD - container startup/shutdown...
Feb 20 08:28:31 ip-172-31-69-7 systemd[1]: Stopping OpenBSD Secure Shell server...
Feb 20 08:28:31 ip-172-31-69-7 systemd[1]: Stopping FUSE filesystem for LXC...
Feb 20 08:28:31 ip-172-31-69-7 systemd[1]: Stopping Snappy daemon...
Feb 20 08:28:31 ip-172-31-69-7 snapd[1167]: 2018/02/20 08:28:31.702558 main.go:78: Exiting on terminated signal.
Feb 20 08:28:31 ip-172-31-69-7 systemd[1]: Stopping LSB: Record successful boot for GRUB...
Feb 20 08:28:31 ip-172-31-69-7 systemd[1]: Stopping LSB: daemon to balance interrupts for SMP systems...
Feb 20 08:28:31 ip-172-31-69-7 systemd[1]: Stopping D-Bus System Message Bus...
Feb 20 08:28:31 ip-172-31-69-7 systemd[1]: Stopping LSB: automatic crash report generation...
Feb 20 06:25:01 ip-172-31-69-7 rsyslogd: message repeated 2 times: [ [origin software="rsyslogd" swVersion="8.16.0" x-pid="1162" x-info="http://www.rsyslog.com"] rsyslogd was HUPed]
Feb 20 08:28:31 ip-172-31-69-7 rsyslogd: [origin software="rsyslogd" swVersion="8.16.0" x-pid="1162" x-info="http://www.rsyslog.com"] exiting on signal 15.
Feb 20 08:29:06 ip-172-31-69-7 rsyslogd: [origin software="rsyslogd" swVersion="8.16.0" x-pid="1178" x-info="http://www.rsyslog.com"] start
Feb 20 08:29:06 ip-172-31-69-7 rsyslogd-2222: command 'KLogPermitNonKernelFacility' is currently not permitted - did you already set it via a RainerScript command (v6+ config)? [v8.16.0 try http://www.rsyslog.com/e/2222 ]
Feb 20 08:29:06 ip-172-31-69-7 rsyslogd: rsyslogd's groupid changed to 108
Feb 20 08:29:06 ip-172-31-69-7 rsyslogd: rsyslogd's userid changed to 104
Feb 20 08:29:06 ip-172-31-69-7 rsyslogd-2039: Could not open output pipe '/dev/xconsole':: No such file or directory [v8.16.0 try http://www.rsyslog.com/e/2039 ]
Feb 20 08:29:06 ip-172-31-69-7 rsyslogd-2007: action 'action 11' suspended, next retry is Tue Feb 20 08:29:36 2018 [v8.16.0 try http://www.rsyslog.com/e/2007 ]
Feb 20 08:29:06 ip-172-31-69-7 kernel: [    0.000000] Initializing cgroup subsys cpuset
Feb 20 08:29:06 ip-172-31-69-7 kernel: [    0.000000] Initializing cgroup subsys cpu
Feb 20 08:29:06 ip-172-31-69-7 kernel: [    0.000000] Initializing cgroup subsys cpuacct
Feb 20 08:29:06 ip-172-31-69-7 kernel: [    0.000000] Linux version 4.4.0-1049-aws (buildd@lcy01-amd64-001) (gcc version 5.4.0 20160609 (Ubuntu 5.4.0-6ubuntu1~16.04.5) ) #58-Ubuntu SMP Fri Jan 12 23:17:09 UTC 2018 (Ubuntu 4.4.0-1049.58-aws 4.4.98)
Feb 20 08:29:06 ip-172-31-69-7 kernel: [    0.000000] Command line: BOOT_IMAGE=/boot/vmlinuz-4.4.0-1049-aws root=UUID=ccee1a8d-0785-4b3a-a578-812d59f5d3e1 ro console=tty1 console=ttyS0 nvme.io_timeout=4294967295
Feb 20 08:29:06 ip-172-31-69-7 kernel: [    0.000000] KERNEL supported cpus:
Feb 20 08:29:06 ip-172-31-69-7 kernel: [    0.000000]   Intel GenuineIntel
Feb 20 08:29:06 ip-172-31-69-7 kernel: [    0.000000]   AMD AuthenticAMD
Feb 20 08:29:06 ip-172-31-69-7 kernel: [    0.000000]   Centaur CentaurHauls
Feb 20 08:29:06 ip-172-31-69-7 kernel: [    0.000000] x86/fpu: xstate_offset[2]:  576, xstate_sizes[2]:  256
Feb 20 08:29:06 ip-172-31-69-7 kernel: [    0.000000] x86/fpu: Supporting XSAVE feature 0x01: 'x87 floating point registers'
Feb 20 08:29:06 ip-172-31-69-7 kernel: [    0.000000] x86/fpu: Supporting XSAVE feature 0x02: 'SSE registers'
Feb 20 08:29:06 ip-172-31-69-7 kernel: [    0.000000] x86/fpu: Supporting XSAVE feature 0x04: 'AVX registers'
Feb 20 08:29:06 ip-172-31-69-7 kernel: [    0.000000] x86/fpu: Enabled xstate features 0x7, context size is 832 bytes, using 'standard' format.
Feb 20 08:29:06 ip-172-31-69-7 kernel: [    0.000000] x86/fpu: Using 'eager' FPU context switches.
Feb 20 08:29:06 ip-172-31-69-7 kernel: [    0.000000] e820: BIOS-provided physical RAM map:
Feb 20 08:29:06 ip-172-31-69-7 kernel: [    0.000000] BIOS-e820: [mem 0x0000000000000000-0x000000000009dfff] usable
Feb 20 08:29:06 ip-172-31-69-7 kernel: [    0.000000] BIOS-e820: [mem 0x000000000009e000-0x000000000009ffff] reserved
Feb 20 08:29:06 ip-172-31-69-7 kernel: [    0.000000] BIOS-e820: [mem 0x00000000000e0000-0x00000000000fffff] reserved
Feb 20 08:29:06 ip-172-31-69-7 kernel: [    0.000000] BIOS-e820: [mem 0x0000000000100000-0x000000003fffffff] usable
Feb 20 08:29:06 ip-172-31-69-7 kernel: [    0.000000] BIOS-e820: [mem 0x00000000fc000000-0x00000000ffffffff] reserved
Feb 20 08:29:06 ip-172-31-69-7 kernel: [    0.000000] NX (Execute Disable) protection: active
Feb 20 08:29:06 ip-172-31-69-7 kernel: [    0.000000] SMBIOS 2.7 present.
Feb 20 08:29:06 ip-172-31-69-7 kernel: [    0.000000] DMI: Xen HVM domU, BIOS 4.2.amazon 08/24/2006
Feb 20 08:29:06 ip-172-31-69-7 kernel: [    0.000000] Hypervisor detected: Xen
Feb 20 08:29:06 ip-172-31-69-7 kernel: [    0.000000] Xen version 4.2.
Feb 20 08:29:06 ip-172-31-69-7 kernel: [    0.000000] Xen Platform PCI: I/O protocol version 1
Feb 20 08:29:06 ip-172-31-69-7 kernel: [    0.000000] Netfront and the Xen platform PCI driver have been compiled for this kernel: unplug emulated NICs.
Feb 20 08:29:06 ip-172-31-69-7 kernel: [    0.000000] Blkfront and the Xen platform PCI driver have been compiled for this kernel: unplug emulated disks.
Feb 20 08:29:06 ip-172-31-69-7 kernel: [    0.000000] You might have to change the root device
Feb 20 08:29:06 ip-172-31-69-7 kernel: [    0.000000] from /dev/hd[a-d] to /dev/xvd[a-d]
Feb 20 08:29:06 ip-172-31-69-7 kernel: [    0.000000] in your root= kernel command line option
Feb 20 08:29:06 ip-172-31-69-7 kernel: [    0.000000] HVMOP_pagetable_dying not supported
Feb 20 08:29:06 ip-172-31-69-7 kernel: [    0.000000] e820: update [mem 0x00000000-0x00000fff] usable ==> reserved
Feb 20 08:29:06 ip-172-31-69-7 kernel: [    0.000000] e820: remove [mem 0x000a0000-0x000fffff] usable
Feb 20 08:29:06 ip-172-31-69-7 kernel: [    0.000000] e820: last_pfn = 0x40000 max_arch_pfn = 0x400000000
Feb 20 08:29:06 ip-172-31-69-7 kernel: [    0.000000] MTRR default type: write-back
Feb 20 08:29:06 ip-172-31-69-7 kernel: [    0.000000] MTRR fixed ranges enabled:
Feb 20 08:29:06 ip-172-31-69-7 kernel: [    0.000000]   00000-9FFFF write-back
Feb 20 08:29:06 ip-172-31-69-7 kernel: [    0.000000]   A0000-BFFFF write-combining
Feb 20 08:29:06 ip-172-31-69-7 kernel: [    0.000000]   C0000-FFFFF write-back
Feb 20 08:29:06 ip-172-31-69-7 kernel: [    0.000000] MTRR variable ranges enabled:
Feb 20 08:29:06 ip-172-31-69-7 kernel: [    0.000000]   0 base 0000F0000000 mask 3FFFF8000000 uncachable
Feb 20 08:29:06 ip-172-31-69-7 kernel: [    0.000000]   1 base 0000F8000000 mask 3FFFFC000000 uncachable
Feb 20 08:29:06 ip-172-31-69-7 kernel: [    0.000000]   2 disabled
Feb 20 08:29:06 ip-172-31-69-7 kernel: [    0.000000]   3 disabled
Feb 20 08:29:06 ip-172-31-69-7 kernel: [    0.000000]   4 disabled
Feb 20 08:29:06 ip-172-31-69-7 kernel: [    0.000000]   5 disabled
Feb 20 08:29:06 ip-172-31-69-7 kernel: [    0.000000]   6 disabled
Feb 20 08:29:06 ip-172-31-69-7 kernel: [    0.000000]   7 disabled
Feb 20 08:29:06 ip-172-31-69-7 kernel: [    0.000000] x86/PAT: Configuration [0-7]: WB  WC  UC- UC  WB  WC  UC- WT  
Feb 20 08:29:06 ip-172-31-69-7 kernel: [    0.000000] found SMP MP-table at [mem 0x000fbc20-0x000fbc2f] mapped at [ffff8800000fbc20]
Feb 20 08:29:06 ip-172-31-69-7 kernel: [    0.000000] Scanning 1 areas for low memory corruption
Feb 20 08:29:06 ip-172-31-69-7 kernel: [    0.000000] Base memory trampoline at [ffff880000098000] 98000 size 24576
Feb 20 08:29:06 ip-172-31-69-7 kernel: [    0.000000] BRK [0x02201000, 0x02201fff] PGTABLE
Feb 20 08:29:06 ip-172-31-69-7 kernel: [    0.000000] BRK [0x02202000, 0x02202fff] PGTABLE
Feb 20 08:29:06 ip-172-31-69-7 kernel: [    0.000000] BRK [0x02203000, 0x02203fff] PGTABLE
Feb 20 08:29:06 ip-172-31-69-7 kernel: [    0.000000] RAMDISK: [mem 0x367e6000-0x373eafff]
Feb 20 08:29:06 ip-172-31-69-7 kernel: [    0.000000] ACPI: Early table checksum verification disabled
Feb 20 08:29:06 ip-172-31-69-7 kernel: [    0.000000] ACPI: RSDP 0x00000000000EA020 000024 (v02 Xen   )
Feb 20 08:29:06 ip-172-31-69-7 kernel: [    0.000000] ACPI: XSDT 0x00000000FC00DDC0 000054 (v01 Xen    HVM      00000000 HVML 00000000)
Feb 20 08:29:06 ip-172-31-69-7 kernel: [    0.000000] ACPI: FACP 0x00000000FC00DA80 0000F4 (v04 Xen    HVM      00000000 HVML 00000000)
Feb 20 08:29:06 ip-172-31-69-7 kernel: [    0.000000] ACPI: DSDT 0x00000000FC001CE0 00BD19 (v02 Xen    HVM      00000000 INTL 20090123)
Feb 20 08:29:06 ip-172-31-69-7 kernel: [    0.000000] ACPI: FACS 0x00000000FC001CA0 000040
Feb 20 08:29:06 ip-172-31-69-7 kernel: [    0.000000] ACPI: FACS 0x00000000FC001CA0 000040
Feb 20 08:29:06 ip-172-31-69-7 kernel: [    0.000000] ACPI: APIC 0x00000000FC00DB80 0000D8 (v02 Xen    HVM      00000000 HVML 00000000)
Feb 20 08:29:06 ip-172-31-69-7 kernel: [    0.000000] ACPI: HPET 0x00000000FC00DCD0 000038 (v01 Xen    HVM      00000000 HVML 00000000)
Feb 20 08:29:06 ip-172-31-69-7 kernel: [    0.000000] ACPI: WAET 0x00000000FC00DD10 000028 (v01 Xen    HVM      00000000 HVML 00000000)
Feb 20 08:29:06 ip-172-31-69-7 kernel: [    0.000000] ACPI: SSDT 0x00000000FC00DD40 000031 (v02 Xen    HVM      00000000 INTL 20090123)
Feb 20 08:29:06 ip-172-31-69-7 kernel: [    0.000000] ACPI: SSDT 0x00000000FC00DD80 000031 (v02 Xen    HVM      00000000 INTL 20090123)
Feb 20 08:29:06 ip-172-31-69-7 kernel: [    0.000000] ACPI: Local APIC address 0xfee00000
Feb 20 08:29:06 ip-172-31-69-7 kernel: [    0.000000] No NUMA configuration found
Feb 20 08:29:06 ip-172-31-69-7 kernel: [    0.000000] Faking a node at [mem 0x0000000000000000-0x000000003fffffff]
Feb 20 08:29:06 ip-172-31-69-7 kernel: [    0.000000] NODE_DATA(0) allocated [mem 0x3fffb000-0x3fffffff]
Feb 20 08:29:06 ip-172-31-69-7 kernel: [    0.000000] Zone ranges:
Feb 20 08:29:06 ip-172-31-69-7 kernel: [    0.000000]   DMA      [mem 0x0000000000001000-0x0000000000ffffff]
Feb 20 08:29:06 ip-172-31-69-7 kernel: [    0.000000]   DMA32    [mem 0x0000000001000000-0x000000003fffffff]
Feb 20 08:29:06 ip-172-31-69-7 kernel: [    0.000000]   Normal   empty
Feb 20 08:29:06 ip-172-31-69-7 kernel: [    0.000000]   Device   empty
Feb 20 08:29:06 ip-172-31-69-7 kernel: [    0.000000] Movable zone start for each node
Feb 20 08:29:06 ip-172-31-69-7 kernel: [    0.000000] Early memory node ranges
Feb 20 08:29:06 ip-172-31-69-7 kernel: [    0.000000]   node   0: [mem 0x0000000000001000-0x000000000009dfff]
Feb 20 08:29:06 ip-172-31-69-7 kernel: [    0.000000]   node   0: [mem 0x0000000000100000-0x000000003fffffff]
Feb 20 08:29:06 ip-172-31-69-7 kernel: [    0.000000] Initmem setup node 0 [mem 0x0000000000001000-0x000000003fffffff]
Feb 20 08:29:06 ip-172-31-69-7 kernel: [    0.000000] On node 0 totalpages: 262045
Feb 20 08:29:06 ip-172-31-69-7 kernel: [    0.000000]   DMA zone: 64 pages used for memmap
Feb 20 08:29:06 ip-172-31-69-7 kernel: [    0.000000]   DMA zone: 21 pages reserved
Feb 20 08:29:06 ip-172-31-69-7 kernel: [    0.000000]   DMA zone: 3997 pages, LIFO batch:0
Feb 20 08:29:06 ip-172-31-69-7 kernel: [    0.000000]   DMA32 zone: 4032 pages used for memmap
Feb 20 08:29:06 ip-172-31-69-7 kernel: [    0.000000]   DMA32 zone: 258048 pages, LIFO batch:31
Feb 20 08:29:06 ip-172-31-69-7 kernel: [    0.000000] ACPI: PM-Timer IO Port: 0xb008
Feb 20 08:29:06 ip-172-31-69-7 kernel: [    0.000000] ACPI: Local APIC address 0xfee00000
Feb 20 08:29:06 ip-172-31-69-7 kernel: [    0.000000] IOAPIC[0]: apic_id 1, version 17, address 0xfec00000, GSI 0-47
Feb 20 08:29:06 ip-172-31-69-7 kernel: [    0.000000] ACPI: INT_SRC_OVR (bus 0 bus_irq 0 global_irq 2 dfl dfl)
Feb 20 08:29:06 ip-172-31-69-7 kernel: [    0.000000] ACPI: INT_SRC_OVR (bus 0 bus_irq 5 global_irq 5 low level)
Feb 20 08:29:06 ip-172-31-69-7 kernel: [    0.000000] ACPI: INT_SRC_OVR (bus 0 bus_irq 10 global_irq 10 low level)
Feb 20 08:29:06 ip-172-31-69-7 kernel: [    0.000000] ACPI: INT_SRC_OVR (bus 0 bus_irq 11 global_irq 11 low level)
Feb 20 08:29:06 ip-172-31-69-7 kernel: [    0.000000] ACPI: IRQ0 used by override.
Feb 20 08:29:06 ip-172-31-69-7 kernel: [    0.000000] ACPI: IRQ5 used by override.
Feb 20 08:29:06 ip-172-31-69-7 kernel: [    0.000000] ACPI: IRQ9 used by override.
Feb 20 08:29:06 ip-172-31-69-7 kernel: [    0.000000] ACPI: IRQ10 used by override.
Feb 20 08:29:06 ip-172-31-69-7 kernel: [    0.000000] ACPI: IRQ11 used by override.
Feb 20 08:29:06 ip-172-31-69-7 kernel: [    0.000000] Using ACPI (MADT) for SMP configuration information
Feb 20 08:29:06 ip-172-31-69-7 kernel: [    0.000000] ACPI: HPET id: 0x8086a201 base: 0xfed00000
Feb 20 08:29:06 ip-172-31-69-7 kernel: [    0.000000] smpboot: Allowing 15 CPUs, 14 hotplug CPUs
Feb 20 08:29:06 ip-172-31-69-7 kernel: [    0.000000] PM: Registered nosave memory: [mem 0x00000000-0x00000fff]
Feb 20 08:29:06 ip-172-31-69-7 kernel: [    0.000000] PM: Registered nosave memory: [mem 0x0009e000-0x0009ffff]
Feb 20 08:29:06 ip-172-31-69-7 kernel: [    0.000000] PM: Registered nosave memory: [mem 0x000a0000-0x000dffff]
Feb 20 08:29:06 ip-172-31-69-7 kernel: [    0.000000] PM: Registered nosave memory: [mem 0x000e0000-0x000fffff]
Feb 20 08:29:06 ip-172-31-69-7 kernel: [    0.000000] e820: [mem 0x40000000-0xfbffffff] available for PCI devices
Feb 20 08:29:06 ip-172-31-69-7 kernel: [    0.000000] Booting paravirtualized kernel on Xen HVM
Feb 20 08:29:06 ip-172-31-69-7 kernel: [    0.000000] clocksource: refined-jiffies: mask: 0xffffffff max_cycles: 0xffffffff, max_idle_ns: 7645519600211568 ns
Feb 20 08:29:06 ip-172-31-69-7 kernel: [    0.000000] setup_percpu: NR_CPUS:256 nr_cpumask_bits:256 nr_cpu_ids:15 nr_node_ids:1
Feb 20 08:29:06 ip-172-31-69-7 kernel: [    0.000000] PERCPU: Embedded 34 pages/cpu @ffff88003e200000 s99160 r8192 d31912 u262144
Feb 20 08:29:06 ip-172-31-69-7 kernel: [    0.000000] pcpu-alloc: s99160 r8192 d31912 u262144 alloc=1*2097152
Feb 20 08:29:06 ip-172-31-69-7 kernel: [    0.000000] pcpu-alloc: [0] 00 01 02 03 04 05 06 07 [0] 08 09 10 11 12 13 14 -- 
Feb 20 08:29:06 ip-172-31-69-7 kernel: [    0.000000] xen: PV spinlocks enabled
Feb 20 08:29:06 ip-172-31-69-7 kernel: [    0.000000] PV qspinlock hash table entries: 256 (order: 0, 4096 bytes)
Feb 20 08:29:06 ip-172-31-69-7 kernel: [    0.000000] Built 1 zonelists in Node order, mobility grouping on.  Total pages: 257928
Feb 20 08:29:06 ip-172-31-69-7 kernel: [    0.000000] Policy zone: DMA32
Feb 20 08:29:06 ip-172-31-69-7 kernel: [    0.000000] Kernel command line: BOOT_IMAGE=/boot/vmlinuz-4.4.0-1049-aws root=UUID=ccee1a8d-0785-4b3a-a578-812d59f5d3e1 ro console=tty1 console=ttyS0 nvme.io_timeout=4294967295
Feb 20 08:29:06 ip-172-31-69-7 kernel: [    0.000000] PID hash table entries: 4096 (order: 3, 32768 bytes)
Feb 20 08:29:06 ip-172-31-69-7 kernel: [    0.000000] Calgary: detecting Calgary via BIOS EBDA area
Feb 20 08:29:06 ip-172-31-69-7 kernel: [    0.000000] Calgary: Unable to locate Rio Grande table in EBDA - bailing!
Feb 20 08:29:06 ip-172-31-69-7 kernel: [    0.000000] Memory: 998628K/1048180K available (8320K kernel code, 1276K rwdata, 3872K rodata, 1484K init, 1288K bss, 49552K reserved, 0K cma-reserved)
Feb 20 08:29:06 ip-172-31-69-7 kernel: [    0.000000] SLUB: HWalign=64, Order=0-3, MinObjects=0, CPUs=15, Nodes=1
Feb 20 08:29:06 ip-172-31-69-7 kernel: [    0.000000] Kernel/User page tables isolation: enabled
Feb 20 08:29:06 ip-172-31-69-7 kernel: [    0.000000] Hierarchical RCU implementation.
Feb 20 08:29:06 ip-172-31-69-7 kernel: [    0.000000] 	Build-time adjustment of leaf fanout to 64.
Feb 20 08:29:06 ip-172-31-69-7 kernel: [    0.000000] 	RCU restricting CPUs from NR_CPUS=256 to nr_cpu_ids=15.
Feb 20 08:29:06 ip-172-31-69-7 kernel: [    0.000000] RCU: Adjusting geometry for rcu_fanout_leaf=64, nr_cpu_ids=15
Feb 20 08:29:06 ip-172-31-69-7 kernel: [    0.000000] NR_IRQS:16640 nr_irqs:952 16
Feb 20 08:29:06 ip-172-31-69-7 kernel: [    0.000000] xen:events: Using 2-level ABI
Feb 20 08:29:06 ip-172-31-69-7 kernel: [    0.000000] xen:events: Xen HVM callback vector for event delivery is enabled
Feb 20 08:29:06 ip-172-31-69-7 kernel: [    0.000000] Console: colour VGA+ 80x25
Feb 20 08:29:06 ip-172-31-69-7 kernel: [    0.000000] console [tty1] enabled
Feb 20 08:29:06 ip-172-31-69-7 kernel: [    0.000000] Cannot get hvm parameter CONSOLE_EVTCHN (18): -22!
Feb 20 08:29:06 ip-172-31-69-7 kernel: [    0.000000] console [ttyS0] enabled
Feb 20 08:29:06 ip-172-31-69-7 kernel: [    0.000000] clocksource: hpet: mask: 0xffffffff max_cycles: 0xffffffff, max_idle_ns: 30580167144 ns
Feb 20 08:29:06 ip-172-31-69-7 kernel: [    0.000000] hpet clockevent registered
Feb 20 08:29:06 ip-172-31-69-7 kernel: [    0.000000] tsc: Detected 2400.042 MHz processor
Feb 20 08:29:06 ip-172-31-69-7 kernel: [    0.008000] Calibrating delay loop (skipped), value calculated using timer frequency.. 4800.08 BogoMIPS (lpj=9600168)
Feb 20 08:29:06 ip-172-31-69-7 kernel: [    0.016005] pid_max: default: 32768 minimum: 301
Feb 20 08:29:06 ip-172-31-69-7 kernel: [    0.020016] ACPI: Core revision 20150930
Feb 20 08:29:06 ip-172-31-69-7 kernel: [    0.030297] ACPI: 3 ACPI AML tables successfully acquired and loaded
Feb 20 08:29:06 ip-172-31-69-7 kernel: [    0.037179] Security Framework initialized
Feb 20 08:29:06 ip-172-31-69-7 kernel: [    0.040005] Yama: becoming mindful.
Feb 20 08:29:06 ip-172-31-69-7 kernel: [    0.048028] AppArmor: AppArmor initialized
Feb 20 08:29:06 ip-172-31-69-7 kernel: [    0.052099] Dentry cache hash table entries: 131072 (order: 8, 1048576 bytes)
Feb 20 08:29:06 ip-172-31-69-7 kernel: [    0.060180] Inode-cache hash table entries: 65536 (order: 7, 524288 bytes)
Feb 20 08:29:06 ip-172-31-69-7 kernel: [    0.064087] Mount-cache hash table entries: 2048 (order: 2, 16384 bytes)
Feb 20 08:29:06 ip-172-31-69-7 kernel: [    0.072007] Mountpoint-cache hash table entries: 2048 (order: 2, 16384 bytes)
Feb 20 08:29:06 ip-172-31-69-7 kernel: [    0.080193] Initializing cgroup subsys io
Feb 20 08:29:06 ip-172-31-69-7 kernel: [    0.084009] Initializing cgroup subsys memory
Feb 20 08:29:06 ip-172-31-69-7 kernel: [    0.088015] Initializing cgroup subsys devices
Feb 20 08:29:06 ip-172-31-69-7 kernel: [    0.092007] Initializing cgroup subsys freezer
Feb 20 08:29:06 ip-172-31-69-7 kernel: [    0.104008] Initializing cgroup subsys net_cls
Feb 20 08:29:06 ip-172-31-69-7 kernel: [    0.108007] Initializing cgroup subsys perf_event
Feb 20 08:29:06 ip-172-31-69-7 kernel: [    0.112010] Initializing cgroup subsys net_prio
Feb 20 08:29:06 ip-172-31-69-7 kernel: [    0.120010] Initializing cgroup subsys hugetlb
Feb 20 08:29:06 ip-172-31-69-7 kernel: [    0.124006] Initializing cgroup subsys pids
Feb 20 08:29:06 ip-172-31-69-7 kernel: [    0.128070] CPU: Physical Processor ID: 0
Feb 20 08:29:06 ip-172-31-69-7 kernel: [    0.132011] FEATURE SPEC_CTRL Not Present
Feb 20 08:29:06 ip-172-31-69-7 kernel: [    0.140436] mce: CPU supports 2 MCE banks
Feb 20 08:29:06 ip-172-31-69-7 kernel: [    0.144025] Last level iTLB entries: 4KB 1024, 2MB 1024, 4MB 1024
Feb 20 08:29:06 ip-172-31-69-7 kernel: [    0.148004] Last level dTLB entries: 4KB 1024, 2MB 1024, 4MB 1024, 1GB 4
Feb 20 08:29:06 ip-172-31-69-7 kernel: [    0.175015] ftrace: allocating 31285 entries in 123 pages
Feb 20 08:29:06 ip-172-31-69-7 kernel: [    0.208099] smpboot: APIC(0) Converting physical 0 to logical package 0
Feb 20 08:29:06 ip-172-31-69-7 kernel: [    0.212005] smpboot: Max logical packages: 15
Feb 20 08:29:06 ip-172-31-69-7 kernel: [    0.216675] x2apic: IRQ remapping doesn't support X2APIC mode
Feb 20 08:29:06 ip-172-31-69-7 kernel: [    0.224003] Switched APIC routing to physical flat.
Feb 20 08:29:06 ip-172-31-69-7 kernel: [    0.230303] ..TIMER: vector=0x30 apic1=0 pin1=2 apic2=0 pin2=0
Feb 20 08:29:06 ip-172-31-69-7 kernel: [    0.236002] clocksource: xen: mask: 0xffffffffffffffff max_cycles: 0x1cd42e4dffb, max_idle_ns: 881590591483 ns
Feb 20 08:29:06 ip-172-31-69-7 kernel: [    0.244012] Xen: using vcpuop timer interface
Feb 20 08:29:06 ip-172-31-69-7 kernel: [    0.244020] installing Xen timer for CPU 0
Feb 20 08:29:06 ip-172-31-69-7 kernel: [    0.248075] smpboot: CPU0: Intel(R) Xeon(R) CPU E5-2676 v3 @ 2.40GHz (family: 0x6, model: 0x3f, stepping: 0x2)
Feb 20 08:29:06 ip-172-31-69-7 kernel: [    0.256033] cpu 0 spinlock event irq 53
Feb 20 08:29:06 ip-172-31-69-7 kernel: [    0.259387] Performance Events: unsupported p6 CPU model 63 no PMU driver, software events only.
Feb 20 08:29:06 ip-172-31-69-7 kernel: [    0.264786] x86: Booted up 1 node, 1 CPUs
Feb 20 08:29:06 ip-172-31-69-7 kernel: [    0.268018] smpboot: Total of 1 processors activated (4800.08 BogoMIPS)
Feb 20 08:29:06 ip-172-31-69-7 kernel: [    0.272009] NMI watchdog: disabled (cpu0): hardware events not enabled
Feb 20 08:29:06 ip-172-31-69-7 kernel: [    0.276006] NMI watchdog: Shutting down hard lockup detector on all cpus
Feb 20 08:29:06 ip-172-31-69-7 kernel: [    0.280387] devtmpfs: initialized
Feb 20 08:29:06 ip-172-31-69-7 kernel: [    0.284770] evm: security.selinux
Feb 20 08:29:06 ip-172-31-69-7 kernel: [    0.287764] evm: security.SMACK64
Feb 20 08:29:06 ip-172-31-69-7 kernel: [    0.288009] evm: security.SMACK64EXEC
Feb 20 08:29:06 ip-172-31-69-7 kernel: [    0.291413] evm: security.SMACK64TRANSMUTE
Feb 20 08:29:06 ip-172-31-69-7 kernel: [    0.292007] evm: security.SMACK64MMAP
Feb 20 08:29:06 ip-172-31-69-7 kernel: [    0.295399] evm: security.ima
Feb 20 08:29:06 ip-172-31-69-7 kernel: [    0.296006] evm: security.capability
Feb 20 08:29:06 ip-172-31-69-7 kernel: [    0.299852] clocksource: jiffies: mask: 0xffffffff max_cycles: 0xffffffff, max_idle_ns: 7645041785100000 ns
Feb 20 08:29:06 ip-172-31-69-7 kernel: [    0.300036] futex hash table entries: 4096 (order: 6, 262144 bytes)
Feb 20 08:29:06 ip-172-31-69-7 kernel: [    0.304274] RTC time: 12:28:57, date: 02/20/18
Feb 20 08:29:06 ip-172-31-69-7 kernel: [    0.308142] NET: Registered protocol family 16
Feb 20 08:29:06 ip-172-31-69-7 kernel: [    0.312091] cpuidle: using governor ladder
Feb 20 08:29:06 ip-172-31-69-7 kernel: [    0.315702] cpuidle: using governor menu
Feb 20 08:29:06 ip-172-31-69-7 kernel: [    0.316008] PCCT header not found.
Feb 20 08:29:06 ip-172-31-69-7 kernel: [    0.320079] ACPI: bus type PCI registered
Feb 20 08:29:06 ip-172-31-69-7 kernel: [    0.323577] acpiphp: ACPI Hot Plug PCI Controller Driver version: 0.5
Feb 20 08:29:06 ip-172-31-69-7 kernel: [    0.324443] PCI: Using configuration type 1 for base access
Feb 20 08:29:06 ip-172-31-69-7 kernel: [    0.329036] ACPI: Added _OSI(Module Device)
Feb 20 08:29:06 ip-172-31-69-7 kernel: [    0.332007] ACPI: Added _OSI(Processor Device)
Feb 20 08:29:06 ip-172-31-69-7 kernel: [    0.336006] ACPI: Added _OSI(3.0 _SCP Extensions)
Feb 20 08:29:06 ip-172-31-69-7 kernel: [    0.339738] ACPI: Added _OSI(Processor Aggregator Device)
Feb 20 08:29:06 ip-172-31-69-7 kernel: [    0.341001] xen: --> pirq=16 -> irq=9 (gsi=9)
Feb 20 08:29:06 ip-172-31-69-7 kernel: [    0.343444] ACPI: Interpreter enabled
Feb 20 08:29:06 ip-172-31-69-7 kernel: [    0.344016] ACPI: (supports S0 S4 S5)
Feb 20 08:29:06 ip-172-31-69-7 kernel: [    0.347063] ACPI: Using IOAPIC for interrupt routing
Feb 20 08:29:06 ip-172-31-69-7 kernel: [    0.348048] PCI: Using host bridge windows from ACPI; if necessary, use "pci=nocrs" and report a bug
Feb 20 08:29:06 ip-172-31-69-7 kernel: [    0.402312] ACPI: PCI Root Bridge [PCI0] (domain 0000 [bus 00-ff])
Feb 20 08:29:06 ip-172-31-69-7 kernel: [    0.404012] acpi PNP0A03:00: _OSC: OS supports [ASPM ClockPM Segments MSI]
Feb 20 08:29:06 ip-172-31-69-7 kernel: [    0.408011] acpi PNP0A03:00: _OSC failed (AE_NOT_FOUND); disabling ASPM
Feb 20 08:29:06 ip-172-31-69-7 kernel: [    0.412019] acpi PNP0A03:00: fail to add MMCONFIG information, can't access extended PCI configuration space under this bridge.
Feb 20 08:29:06 ip-172-31-69-7 kernel: [    0.416966] acpiphp: Slot [0] registered
Feb 20 08:29:06 ip-172-31-69-7 kernel: [    0.421152] acpiphp: Slot [3] registered
Feb 20 08:29:06 ip-172-31-69-7 kernel: [    0.424408] acpiphp: Slot [4] registered
Feb 20 08:29:06 ip-172-31-69-7 kernel: [    0.428389] acpiphp: Slot [5] registered
Feb 20 08:29:06 ip-172-31-69-7 kernel: [    0.432380] acpiphp: Slot [6] registered
Feb 20 08:29:06 ip-172-31-69-7 kernel: [    0.436361] acpiphp: Slot [7] registered
Feb 20 08:29:06 ip-172-31-69-7 kernel: [    0.444294] acpiphp: Slot [8] registered
Feb 20 08:29:06 ip-172-31-69-7 kernel: [    0.448318] acpiphp: Slot [9] registered
Feb 20 08:29:06 ip-172-31-69-7 kernel: [    0.452183] acpiphp: Slot [10] registered
Feb 20 08:29:06 ip-172-31-69-7 kernel: [    0.456307] acpiphp: Slot [11] registered
Feb 20 08:29:06 ip-172-31-69-7 kernel: [    0.460365] acpiphp: Slot [12] registered
Feb 20 08:29:06 ip-172-31-69-7 kernel: [    0.464250] acpiphp: Slot [13] registered
Feb 20 08:29:06 ip-172-31-69-7 kernel: [    0.468284] acpiphp: Slot [14] registered
Feb 20 08:29:06 ip-172-31-69-7 kernel: [    0.472275] acpiphp: Slot [15] registered
Feb 20 08:29:06 ip-172-31-69-7 kernel: [    0.476386] acpiphp: Slot [16] registered
Feb 20 08:29:06 ip-172-31-69-7 kernel: [    0.480273] acpiphp: Slot [17] registered
Feb 20 08:29:06 ip-172-31-69-7 kernel: [    0.484313] acpiphp: Slot [18] registered
Feb 20 08:29:06 ip-172-31-69-7 kernel: [    0.488413] acpiphp: Slot [19] registered
Feb 20 08:29:06 ip-172-31-69-7 kernel: [    0.492359] acpiphp: Slot [20] registered
Feb 20 08:29:06 ip-172-31-69-7 kernel: [    0.496362] acpiphp: Slot [21] registered
Feb 20 08:29:06 ip-172-31-69-7 kernel: [    0.500357] acpiphp: Slot [22] registered
Feb 20 08:29:06 ip-172-31-69-7 kernel: [    0.504387] acpiphp: Slot [23] registered
Feb 20 08:29:06 ip-172-31-69-7 kernel: [    0.508426] acpiphp: Slot [24] registered
Feb 20 08:29:06 ip-172-31-69-7 kernel: [    0.512384] acpiphp: Slot [25] registered
Feb 20 08:29:06 ip-172-31-69-7 kernel: [    0.516383] acpiphp: Slot [26] registered
Feb 20 08:29:06 ip-172-31-69-7 kernel: [    0.520453] acpiphp: Slot [27] registered
Feb 20 08:29:06 ip-172-31-69-7 kernel: [    0.524395] acpiphp: Slot [28] registered
Feb 20 08:29:06 ip-172-31-69-7 kernel: [    0.528379] acpiphp: Slot [29] registered
Feb 20 08:29:06 ip-172-31-69-7 kernel: [    0.532376] acpiphp: Slot [30] registered
Feb 20 08:29:06 ip-172-31-69-7 kernel: [    0.536442] acpiphp: Slot [31] registered
Feb 20 08:29:06 ip-172-31-69-7 kernel: [    0.540400] PCI host bridge to bus 0000:00
Feb 20 08:29:06 ip-172-31-69-7 kernel: [    0.544008] pci_bus 0000:00: root bus resource [io  0x0000-0x0cf7 window]
Feb 20 08:29:06 ip-172-31-69-7 kernel: [    0.548005] pci_bus 0000:00: root bus resource [io  0x0d00-0xffff window]
Feb 20 08:29:06 ip-172-31-69-7 kernel: [    0.552004] pci_bus 0000:00: root bus resource [mem 0x000a0000-0x000bffff window]
Feb 20 08:29:06 ip-172-31-69-7 kernel: [    0.556008] pci_bus 0000:00: root bus resource [mem 0xf0000000-0xfbffffff window]
Feb 20 08:29:06 ip-172-31-69-7 kernel: [    0.560007] pci_bus 0000:00: root bus resource [bus 00-ff]
Feb 20 08:29:06 ip-172-31-69-7 kernel: [    0.564183] pci 0000:00:00.0: [8086:1237] type 00 class 0x060000
Feb 20 08:29:06 ip-172-31-69-7 kernel: [    0.566332] pci 0000:00:01.0: [8086:7000] type 00 class 0x060100
Feb 20 08:29:06 ip-172-31-69-7 kernel: [    0.569396] pci 0000:00:01.1: [8086:7010] type 00 class 0x010180
Feb 20 08:29:06 ip-172-31-69-7 kernel: [    0.571020] pci 0000:00:01.1: reg 0x20: [io  0xc100-0xc10f]
Feb 20 08:29:06 ip-172-31-69-7 kernel: [    0.571737] pci 0000:00:01.1: legacy IDE quirk: reg 0x10: [io  0x01f0-0x01f7]
Feb 20 08:29:06 ip-172-31-69-7 kernel: [    0.572009] pci 0000:00:01.1: legacy IDE quirk: reg 0x14: [io  0x03f6]
Feb 20 08:29:06 ip-172-31-69-7 kernel: [    0.576009] pci 0000:00:01.1: legacy IDE quirk: reg 0x18: [io  0x0170-0x0177]
Feb 20 08:29:06 ip-172-31-69-7 kernel: [    0.580005] pci 0000:00:01.1: legacy IDE quirk: reg 0x1c: [io  0x0376]
Feb 20 08:29:06 ip-172-31-69-7 kernel: [    0.584747] pci 0000:00:01.3: [8086:7113] type 00 class 0x068000
Feb 20 08:29:06 ip-172-31-69-7 kernel: [    0.584877] * Found PM-Timer Bug on the chipset. Due to workarounds for a bug,
Feb 20 08:29:06 ip-172-31-69-7 kernel: [    0.584877] * this clock source is slow. Consider trying other clock sources
Feb 20 08:29:06 ip-172-31-69-7 kernel: [    0.589641] pci 0000:00:01.3: quirk: [io  0xb000-0xb03f] claimed by PIIX4 ACPI
Feb 20 08:29:06 ip-172-31-69-7 kernel: [    0.593053] pci 0000:00:02.0: [1013:00b8] type 00 class 0x030000
Feb 20 08:29:06 ip-172-31-69-7 kernel: [    0.593517] pci 0000:00:02.0: reg 0x10: [mem 0xf0000000-0xf1ffffff pref]
Feb 20 08:29:06 ip-172-31-69-7 kernel: [    0.593795] pci 0000:00:02.0: reg 0x14: [mem 0xf3000000-0xf3000fff]
Feb 20 08:29:06 ip-172-31-69-7 kernel: [    0.595992] pci 0000:00:03.0: [5853:0001] type 00 class 0xff8000
Feb 20 08:29:06 ip-172-31-69-7 kernel: [    0.596471] pci 0000:00:03.0: reg 0x10: [io  0xc000-0xc0ff]
Feb 20 08:29:06 ip-172-31-69-7 kernel: [    0.596776] pci 0000:00:03.0: reg 0x14: [mem 0xf2000000-0xf2ffffff pref]
Feb 20 08:29:06 ip-172-31-69-7 kernel: [    0.600236] ACPI: PCI Interrupt Link [LNKA] (IRQs *5 10 11)
Feb 20 08:29:06 ip-172-31-69-7 kernel: [    0.607406] ACPI: PCI Interrupt Link [LNKB] (IRQs 5 *10 11)
Feb 20 08:29:06 ip-172-31-69-7 kernel: [    0.612000] ACPI: PCI Interrupt Link [LNKC] (IRQs 5 10 *11)
Feb 20 08:29:06 ip-172-31-69-7 kernel: [    0.616014] ACPI: PCI Interrupt Link [LNKD] (IRQs *5 10 11)
Feb 20 08:29:06 ip-172-31-69-7 kernel: [    0.643705] ACPI: Enabled 2 GPEs in block 00 to 0F
Feb 20 08:29:06 ip-172-31-69-7 kernel: [    0.644080] xen:balloon: Initialising balloon driver
Feb 20 08:29:06 ip-172-31-69-7 kernel: [    0.653326] vgaarb: setting as boot device: PCI:0000:00:02.0
Feb 20 08:29:06 ip-172-31-69-7 kernel: [    0.656000] vgaarb: device added: PCI:0000:00:02.0,decodes=io+mem,owns=io+mem,locks=none
Feb 20 08:29:06 ip-172-31-69-7 kernel: [    0.656010] vgaarb: loaded
Feb 20 08:29:06 ip-172-31-69-7 kernel: [    0.659729] vgaarb: bridge control possible 0000:00:02.0
Feb 20 08:29:06 ip-172-31-69-7 kernel: [    0.660239] SCSI subsystem initialized
Feb 20 08:29:06 ip-172-31-69-7 kernel: [    0.664060] libata version 3.00 loaded.
Feb 20 08:29:06 ip-172-31-69-7 kernel: [    0.664085] ACPI: bus type USB registered
Feb 20 08:29:06 ip-172-31-69-7 kernel: [    0.668031] usbcore: registered new interface driver usbfs
Feb 20 08:29:06 ip-172-31-69-7 kernel: [    0.672017] usbcore: registered new interface driver hub
Feb 20 08:29:06 ip-172-31-69-7 kernel: [    0.676030] usbcore: registered new device driver usb
Feb 20 08:29:06 ip-172-31-69-7 kernel: [    0.680158] PCI: Using ACPI for IRQ routing
Feb 20 08:29:06 ip-172-31-69-7 kernel: [    0.684007] PCI: pci_cache_line_size set to 64 bytes
Feb 20 08:29:06 ip-172-31-69-7 kernel: [    0.684680] e820: reserve RAM buffer [mem 0x0009e000-0x0009ffff]
Feb 20 08:29:06 ip-172-31-69-7 kernel: [    0.684803] NetLabel: Initializing
Feb 20 08:29:06 ip-172-31-69-7 kernel: [    0.688006] NetLabel:  domain hash size = 128
Feb 20 08:29:06 ip-172-31-69-7 kernel: [    0.692006] NetLabel:  protocols = UNLABELED CIPSOv4
Feb 20 08:29:06 ip-172-31-69-7 kernel: [    0.696022] NetLabel:  unlabeled traffic allowed by default
Feb 20 08:29:06 ip-172-31-69-7 kernel: [    0.700129] HPET: 3 timers in total, 0 timers will be used for per-cpu timer
Feb 20 08:29:06 ip-172-31-69-7 kernel: [    0.704018] hpet0: at MMIO 0xfed00000, IRQs 2, 8, 0
Feb 20 08:29:06 ip-172-31-69-7 kernel: [    0.711849] hpet0: 3 comparators, 64-bit 62.500000 MHz counter
Feb 20 08:29:06 ip-172-31-69-7 kernel: [    0.714063] amd_nb: Cannot enumerate AMD northbridges
Feb 20 08:29:06 ip-172-31-69-7 kernel: [    0.716021] clocksource: Switched to clocksource xen
Feb 20 08:29:06 ip-172-31-69-7 kernel: [    0.726503] AppArmor: AppArmor Filesystem Enabled
Feb 20 08:29:06 ip-172-31-69-7 kernel: [    0.731852] pnp: PnP ACPI init
Feb 20 08:29:06 ip-172-31-69-7 kernel: [    0.735472] system 00:00: [mem 0x00000000-0x0009ffff] could not be reserved
Feb 20 08:29:06 ip-172-31-69-7 kernel: [    0.741900] system 00:00: Plug and Play ACPI device, IDs PNP0c02 (active)
Feb 20 08:29:06 ip-172-31-69-7 kernel: [    0.741988] system 00:01: [io  0x08a0-0x08a3] has been reserved
Feb 20 08:29:06 ip-172-31-69-7 kernel: [    0.747640] system 00:01: [io  0x0cc0-0x0ccf] has been reserved
Feb 20 08:29:06 ip-172-31-69-7 kernel: [    0.753591] system 00:01: [io  0x04d0-0x04d1] has been reserved
Feb 20 08:29:06 ip-172-31-69-7 kernel: [    0.760025] system 00:01: Plug and Play ACPI device, IDs PNP0c02 (active)
Feb 20 08:29:06 ip-172-31-69-7 kernel: [    0.760063] xen: --> pirq=17 -> irq=8 (gsi=8)
Feb 20 08:29:06 ip-172-31-69-7 kernel: [    0.760095] pnp 00:02: Plug and Play ACPI device, IDs PNP0b00 (active)
Feb 20 08:29:06 ip-172-31-69-7 kernel: [    0.760122] xen: --> pirq=18 -> irq=12 (gsi=12)
Feb 20 08:29:06 ip-172-31-69-7 kernel: [    0.760134] pnp 00:03: Plug and Play ACPI device, IDs PNP0f13 (active)
Feb 20 08:29:06 ip-172-31-69-7 kernel: [    0.760150] xen: --> pirq=19 -> irq=1 (gsi=1)
Feb 20 08:29:06 ip-172-31-69-7 kernel: [    0.760163] pnp 00:04: Plug and Play ACPI device, IDs PNP0303 PNP030b (active)
Feb 20 08:29:06 ip-172-31-69-7 kernel: [    0.760179] xen: --> pirq=20 -> irq=6 (gsi=6)
Feb 20 08:29:06 ip-172-31-69-7 kernel: [    0.760180] pnp 00:05: [dma 2]
Feb 20 08:29:06 ip-172-31-69-7 kernel: [    0.760193] pnp 00:05: Plug and Play ACPI device, IDs PNP0700 (active)
Feb 20 08:29:06 ip-172-31-69-7 kernel: [    0.760216] xen: --> pirq=21 -> irq=4 (gsi=4)
Feb 20 08:29:06 ip-172-31-69-7 kernel: [    0.760228] pnp 00:06: Plug and Play ACPI device, IDs PNP0501 (active)
Feb 20 08:29:06 ip-172-31-69-7 kernel: [    0.760268] system 00:07: [io  0x10c0-0x1141] has been reserved
Feb 20 08:29:06 ip-172-31-69-7 kernel: [    0.766465] system 00:07: [io  0xb044-0xb047] has been reserved
Feb 20 08:29:06 ip-172-31-69-7 kernel: [    0.771762] system 00:07: Plug and Play ACPI device, IDs PNP0c02 (active)
Feb 20 08:29:06 ip-172-31-69-7 kernel: [    0.789850] pnp: PnP ACPI: found 8 devices
Feb 20 08:29:06 ip-172-31-69-7 kernel: [    0.798487] clocksource: acpi_pm: mask: 0xffffff max_cycles: 0xffffff, max_idle_ns: 2085701024 ns
Feb 20 08:29:06 ip-172-31-69-7 kernel: [    0.804727] pci_bus 0000:00: resource 4 [io  0x0000-0x0cf7 window]
Feb 20 08:29:06 ip-172-31-69-7 kernel: [    0.804730] pci_bus 0000:00: resource 5 [io  0x0d00-0xffff window]
Feb 20 08:29:06 ip-172-31-69-7 kernel: [    0.804732] pci_bus 0000:00: resource 6 [mem 0x000a0000-0x000bffff window]
Feb 20 08:29:06 ip-172-31-69-7 kernel: [    0.804733] pci_bus 0000:00: resource 7 [mem 0xf0000000-0xfbffffff window]
Feb 20 08:29:06 ip-172-31-69-7 kernel: [    0.804777] NET: Registered protocol family 2
Feb 20 08:29:06 ip-172-31-69-7 kernel: [    0.808151] TCP established hash table entries: 8192 (order: 4, 65536 bytes)
Feb 20 08:29:06 ip-172-31-69-7 kernel: [    0.812804] TCP bind hash table entries: 8192 (order: 5, 131072 bytes)
Feb 20 08:29:06 ip-172-31-69-7 kernel: [    0.817160] TCP: Hash tables configured (established 8192 bind 8192)
Feb 20 08:29:06 ip-172-31-69-7 kernel: [    0.822011] UDP hash table entries: 512 (order: 2, 16384 bytes)
Feb 20 08:29:06 ip-172-31-69-7 kernel: [    0.826007] UDP-Lite hash table entries: 512 (order: 2, 16384 bytes)
Feb 20 08:29:06 ip-172-31-69-7 kernel: [    0.830514] NET: Registered protocol family 1
Feb 20 08:29:06 ip-172-31-69-7 kernel: [    0.833688] pci 0000:00:00.0: Limiting direct PCI/PCI transfers
Feb 20 08:29:06 ip-172-31-69-7 kernel: [    0.837896] pci 0000:00:01.0: PIIX3: Enabling Passive Release
Feb 20 08:29:06 ip-172-31-69-7 kernel: [    0.841865] pci 0000:00:01.0: Activating ISA DMA hang workarounds
Feb 20 08:29:06 ip-172-31-69-7 kernel: [    0.846139] pci 0000:00:02.0: Video device with shadowed ROM
Feb 20 08:29:06 ip-172-31-69-7 kernel: [    0.846228] PCI: CLS 0 bytes, default 64
Feb 20 08:29:06 ip-172-31-69-7 kernel: [    0.846286] Trying to unpack rootfs image as initramfs...
Feb 20 08:29:06 ip-172-31-69-7 kernel: [    1.027286] Freeing initrd memory: 12308K
Feb 20 08:29:06 ip-172-31-69-7 kernel: [    1.031715] RAPL PMU detected, API unit is 2^-32 Joules, 3 fixed counters 655360 ms ovfl timer
Feb 20 08:29:06 ip-172-31-69-7 kernel: [    1.039579] hw unit of domain pp0-core 2^-14 Joules
Feb 20 08:29:06 ip-172-31-69-7 kernel: [    1.044272] hw unit of domain package 2^-14 Joules
Feb 20 08:29:06 ip-172-31-69-7 kernel: [    1.048906] hw unit of domain dram 2^-16 Joules
Feb 20 08:29:06 ip-172-31-69-7 kernel: [    1.053551] Scanning for low memory corruption every 60 seconds
Feb 20 08:29:06 ip-172-31-69-7 kernel: [    1.059284] audit: initializing netlink subsys (disabled)
Feb 20 08:29:06 ip-172-31-69-7 kernel: [    1.064205] audit: type=2000 audit(1519129737.994:1): initialized
Feb 20 08:29:06 ip-172-31-69-7 kernel: [    1.069825] Initialise system trusted keyring
Feb 20 08:29:06 ip-172-31-69-7 kernel: [    1.074247] HugeTLB registered 2 MB page size, pre-allocated 0 pages
Feb 20 08:29:06 ip-172-31-69-7 kernel: [    1.080900] zbud: loaded
Feb 20 08:29:06 ip-172-31-69-7 kernel: [    1.083878] VFS: Disk quotas dquot_6.6.0
Feb 20 08:29:06 ip-172-31-69-7 kernel: [    1.087789] VFS: Dquot-cache hash table entries: 512 (order 0, 4096 bytes)
Feb 20 08:29:06 ip-172-31-69-7 kernel: [    1.094043] squashfs: version 4.0 (2009/01/31) Phillip Lougher
Feb 20 08:29:06 ip-172-31-69-7 kernel: [    1.099288] fuse init (API version 7.23)
Feb 20 08:29:06 ip-172-31-69-7 kernel: [    1.103272] Key type big_key registered
Feb 20 08:29:06 ip-172-31-69-7 kernel: [    1.107011] Allocating IMA MOK and blacklist keyrings.
Feb 20 08:29:06 ip-172-31-69-7 kernel: [    1.111896] Key type asymmetric registered
Feb 20 08:29:06 ip-172-31-69-7 kernel: [    1.115929] Asymmetric key parser 'x509' registered
Feb 20 08:29:06 ip-172-31-69-7 kernel: [    1.120644] Block layer SCSI generic (bsg) driver version 0.4 loaded (major 249)
Feb 20 08:29:06 ip-172-31-69-7 kernel: [    1.127479] io scheduler noop registered
Feb 20 08:29:06 ip-172-31-69-7 kernel: [    1.131301] io scheduler deadline registered (default)
Feb 20 08:29:06 ip-172-31-69-7 kernel: [    1.136047] io scheduler cfq registered
Feb 20 08:29:06 ip-172-31-69-7 kernel: [    1.139917] pci_hotplug: PCI Hot Plug PCI Core version: 0.5
Feb 20 08:29:06 ip-172-31-69-7 kernel: [    1.145118] pciehp: PCI Express Hot Plug Controller Driver version: 0.4
Feb 20 08:29:06 ip-172-31-69-7 kernel: [    1.151055] intel_idle: does not run on family 6 model 63
Feb 20 08:29:06 ip-172-31-69-7 kernel: [    1.151128] input: Power Button as /devices/LNXSYSTM:00/LNXPWRBN:00/input/input0
Feb 20 08:29:06 ip-172-31-69-7 kernel: [    1.158014] ACPI: Power Button [PWRF]
Feb 20 08:29:06 ip-172-31-69-7 kernel: [    1.161752] input: Sleep Button as /devices/LNXSYSTM:00/LNXSLPBN:00/input/input1
Feb 20 08:29:06 ip-172-31-69-7 kernel: [    1.168375] ACPI: Sleep Button [SLPF]
Feb 20 08:29:06 ip-172-31-69-7 kernel: [    1.172420] xen: --> pirq=22 -> irq=28 (gsi=28)
Feb 20 08:29:06 ip-172-31-69-7 kernel: [    1.172531] xen:grant_table: Grant tables using version 1 layout
Feb 20 08:29:06 ip-172-31-69-7 kernel: [    1.178028] Grant table initialized
Feb 20 08:29:06 ip-172-31-69-7 kernel: [    1.181593] Cannot get hvm parameter CONSOLE_EVTCHN (18): -22!
Feb 20 08:29:06 ip-172-31-69-7 kernel: [    1.186791] Serial: 8250/16550 driver, 32 ports, IRQ sharing enabled
Feb 20 08:29:06 ip-172-31-69-7 kernel: [    1.222401] 00:06: ttyS0 at I/O 0x3f8 (irq = 4, base_baud = 115200) is a 16550A
Feb 20 08:29:06 ip-172-31-69-7 kernel: [    1.230556] Linux agpgart interface v0.103
Feb 20 08:29:06 ip-172-31-69-7 kernel: [    1.236613] brd: module loaded
Feb 20 08:29:06 ip-172-31-69-7 kernel: [    1.240877] loop: module loaded
Feb 20 08:29:06 ip-172-31-69-7 kernel: [    1.244162] Invalid max_queues (4), will use default max: 1.
Feb 20 08:29:06 ip-172-31-69-7 kernel: [    1.250588] ata_piix 0000:00:01.1: version 2.13
Feb 20 08:29:06 ip-172-31-69-7 kernel: [    1.251562] scsi host0: ata_piix
Feb 20 08:29:06 ip-172-31-69-7 kernel: [    1.255134] scsi host1: ata_piix
Feb 20 08:29:06 ip-172-31-69-7 kernel: [    1.258633] ata1: PATA max MWDMA2 cmd 0x1f0 ctl 0x3f6 bmdma 0xc100 irq 14
Feb 20 08:29:06 ip-172-31-69-7 kernel: [    1.264866] ata2: PATA max MWDMA2 cmd 0x170 ctl 0x376 bmdma 0xc108 irq 15
Feb 20 08:29:06 ip-172-31-69-7 kernel: [    1.273329] libphy: Fixed MDIO Bus: probed
Feb 20 08:29:06 ip-172-31-69-7 kernel: [    1.277219] tun: Universal TUN/TAP device driver, 1.6
Feb 20 08:29:06 ip-172-31-69-7 kernel: [    1.281357] tun: (C) 1999-2004 Max Krasnyansky <maxk@qualcomm.com>
Feb 20 08:29:06 ip-172-31-69-7 kernel: [    1.286304] PPP generic driver version 2.4.2
Feb 20 08:29:06 ip-172-31-69-7 kernel: [    1.289942] xen_netfront: Initialising Xen virtual ethernet driver
Feb 20 08:29:06 ip-172-31-69-7 kernel: [    1.298554] ehci_hcd: USB 2.0 'Enhanced' Host Controller (EHCI) Driver
Feb 20 08:29:06 ip-172-31-69-7 kernel: [    1.303706] ehci-pci: EHCI PCI platform driver
Feb 20 08:29:06 ip-172-31-69-7 kernel: [    1.309299] ehci-platform: EHCI generic platform driver
Feb 20 08:29:06 ip-172-31-69-7 kernel: [    1.312810] ohci_hcd: USB 1.1 'Open' Host Controller (OHCI) Driver
Feb 20 08:29:06 ip-172-31-69-7 kernel: [    1.316583] ohci-pci: OHCI PCI platform driver
Feb 20 08:29:06 ip-172-31-69-7 kernel: [    1.319805] ohci-platform: OHCI generic platform driver
Feb 20 08:29:06 ip-172-31-69-7 kernel: [    1.323292] uhci_hcd: USB Universal Host Controller Interface driver
Feb 20 08:29:06 ip-172-31-69-7 kernel: [    1.327757] i8042: PNP: PS/2 Controller [PNP0303:PS2K,PNP0f13:PS2M] at 0x60,0x64 irq 1,12
Feb 20 08:29:06 ip-172-31-69-7 kernel: [    1.335319] serio: i8042 KBD port at 0x60,0x64 irq 1
Feb 20 08:29:06 ip-172-31-69-7 kernel: [    1.338528] serio: i8042 AUX port at 0x60,0x64 irq 12
Feb 20 08:29:06 ip-172-31-69-7 kernel: [    1.342049] mousedev: PS/2 mouse device common for all mice
Feb 20 08:29:06 ip-172-31-69-7 kernel: [    1.348180] input: AT Translated Set 2 keyboard as /devices/platform/i8042/serio0/input/input2
Feb 20 08:29:06 ip-172-31-69-7 kernel: [    1.354497] rtc_cmos 00:02: rtc core: registered rtc_cmos as rtc0
Feb 20 08:29:06 ip-172-31-69-7 kernel: [    1.360916] rtc_cmos 00:02: alarms up to one day, 114 bytes nvram, hpet irqs
Feb 20 08:29:06 ip-172-31-69-7 kernel: [    1.381153] i2c /dev entries driver
Feb 20 08:29:06 ip-172-31-69-7 kernel: [    1.384377] device-mapper: uevent: version 1.0.3
Feb 20 08:29:06 ip-172-31-69-7 kernel: [    1.388080] device-mapper: ioctl: 4.34.0-ioctl (2015-10-28) initialised: dm-devel@redhat.com
Feb 20 08:29:06 ip-172-31-69-7 kernel: [    1.396233] NET: Registered protocol family 10
Feb 20 08:29:06 ip-172-31-69-7 kernel: [    1.399300] NET: Registered protocol family 17
Feb 20 08:29:06 ip-172-31-69-7 kernel: [    1.402270] Key type dns_resolver registered
Feb 20 08:29:06 ip-172-31-69-7 kernel: [    1.405645] registered taskstats version 1
Feb 20 08:29:06 ip-172-31-69-7 kernel: [    1.408479] Loading compiled-in X.509 certificates
Feb 20 08:29:06 ip-172-31-69-7 kernel: [    1.412513] Loaded X.509 cert 'Build time autogenerated kernel key: 3202f79a2fa321ecce3869d36458fe9267f31118'
Feb 20 08:29:06 ip-172-31-69-7 kernel: [    1.418199] blkfront: xvda: barrier or flush: disabled; persistent grants: disabled; indirect descriptors: enabled;
Feb 20 08:29:06 ip-172-31-69-7 kernel: [    1.424208] zswap: loaded using pool lzo/zbud
Feb 20 08:29:06 ip-172-31-69-7 kernel: [    1.429898]  xvda: xvda1
Feb 20 08:29:06 ip-172-31-69-7 kernel: [    1.433132] Key type trusted registered
Feb 20 08:29:06 ip-172-31-69-7 kernel: [    1.438002] Key type encrypted registered
Feb 20 08:29:06 ip-172-31-69-7 kernel: [    1.440602] AppArmor: AppArmor sha1 policy hashing enabled
Feb 20 08:29:06 ip-172-31-69-7 kernel: [    1.443858] ima: No TPM chip found, activating TPM-bypass!
Feb 20 08:29:06 ip-172-31-69-7 kernel: [    1.447140] evm: HMAC attrs: 0x1
Feb 20 08:29:06 ip-172-31-69-7 kernel: [    1.449700]   Magic number: 6:675:481
Feb 20 08:29:06 ip-172-31-69-7 kernel: [    1.452270] ata_device dev1.0: hash matches
Feb 20 08:29:06 ip-172-31-69-7 kernel: [    1.454952]  dev1.0: hash matches
Feb 20 08:29:06 ip-172-31-69-7 kernel: [    1.457321] rtc_cmos 00:02: setting system clock to 2018-02-20 12:28:58 UTC (1519129738)
Feb 20 08:29:06 ip-172-31-69-7 kernel: [    1.462146] BIOS EDD facility v0.16 2004-Jun-25, 0 devices found
Feb 20 08:29:06 ip-172-31-69-7 kernel: [    1.465764] EDD information not available.
Feb 20 08:29:06 ip-172-31-69-7 kernel: [    1.468530] PM: Hibernation image not present or could not be loaded.
Feb 20 08:29:06 ip-172-31-69-7 kernel: [    1.470187] Freeing unused kernel memory: 1484K
Feb 20 08:29:06 ip-172-31-69-7 kernel: [    1.473048] Write protecting the kernel read-only data: 14336k
Feb 20 08:29:06 ip-172-31-69-7 kernel: [    1.477064] Freeing unused kernel memory: 1908K
Feb 20 08:29:06 ip-172-31-69-7 kernel: [    1.480357] Freeing unused kernel memory: 224K
Feb 20 08:29:06 ip-172-31-69-7 kernel: [    1.494850] random: udevadm: uninitialized urandom read (16 bytes read, 9 bits of entropy available)
Feb 20 08:29:06 ip-172-31-69-7 kernel: [    1.503040] random: systemd-udevd: uninitialized urandom read (16 bytes read, 10 bits of entropy available)
Feb 20 08:29:06 ip-172-31-69-7 kernel: [    1.509381] random: systemd-udevd: uninitialized urandom read (16 bytes read, 10 bits of entropy available)
Feb 20 08:29:06 ip-172-31-69-7 kernel: [    1.515700] random: udevadm: uninitialized urandom read (16 bytes read, 10 bits of entropy available)
Feb 20 08:29:06 ip-172-31-69-7 kernel: [    1.521793] random: systemd-udevd: uninitialized urandom read (16 bytes read, 10 bits of entropy available)
Feb 20 08:29:06 ip-172-31-69-7 kernel: [    1.532095] random: systemd-udevd: uninitialized urandom read (16 bytes read, 10 bits of entropy available)
Feb 20 08:29:06 ip-172-31-69-7 kernel: [    1.541669] random: udevadm: uninitialized urandom read (16 bytes read, 10 bits of entropy available)
Feb 20 08:29:06 ip-172-31-69-7 kernel: [    1.548626] random: systemd-udevd: uninitialized urandom read (16 bytes read, 10 bits of entropy available)
Feb 20 08:29:06 ip-172-31-69-7 kernel: [    1.555198] random: udevadm: uninitialized urandom read (16 bytes read, 10 bits of entropy available)
Feb 20 08:29:06 ip-172-31-69-7 kernel: [    1.561306] random: systemd-udevd: uninitialized urandom read (16 bytes read, 10 bits of entropy available)
Feb 20 08:29:06 ip-172-31-69-7 kernel: [    1.692221] AVX2 version of gcm_enc/dec engaged.
Feb 20 08:29:06 ip-172-31-69-7 kernel: [    1.695523] AES CTR mode by8 optimization enabled
Feb 20 08:29:06 ip-172-31-69-7 kernel: [    2.052109] tsc: Refined TSC clocksource calibration: 2399.998 MHz
Feb 20 08:29:06 ip-172-31-69-7 kernel: [    2.056260] clocksource: tsc: mask: 0xffffffffffffffff max_cycles: 0x229835b7123, max_idle_ns: 440795242976 ns
Feb 20 08:29:06 ip-172-31-69-7 kernel: [    3.244393] md: linear personality registered for level -1
Feb 20 08:29:06 ip-172-31-69-7 kernel: [    3.252305] md: multipath personality registered for level -4
Feb 20 08:29:06 ip-172-31-69-7 kernel: [    3.260784] md: raid0 personality registered for level 0
Feb 20 08:29:06 ip-172-31-69-7 kernel: [    3.269111] md: raid1 personality registered for level 1
Feb 20 08:29:06 ip-172-31-69-7 kernel: [    3.324063] raid6: sse2x1   gen()  8292 MB/s
Feb 20 08:29:06 ip-172-31-69-7 kernel: [    3.376064] raid6: sse2x1   xor()  6450 MB/s
Feb 20 08:29:06 ip-172-31-69-7 kernel: [    3.428066] raid6: sse2x2   gen() 10681 MB/s
Feb 20 08:29:06 ip-172-31-69-7 kernel: [    3.476065] raid6: sse2x2   xor()  7128 MB/s
Feb 20 08:29:06 ip-172-31-69-7 kernel: [    3.528067] raid6: sse2x4   gen() 12189 MB/s
Feb 20 08:29:06 ip-172-31-69-7 kernel: [    3.580062] raid6: sse2x4   xor()  8560 MB/s
Feb 20 08:29:06 ip-172-31-69-7 kernel: [    3.632056] raid6: avx2x1   gen() 16181 MB/s
Feb 20 08:29:06 ip-172-31-69-7 kernel: [    3.680062] raid6: avx2x2   gen() 19334 MB/s
Feb 20 08:29:06 ip-172-31-69-7 kernel: [    3.728062] raid6: avx2x4   gen() 21919 MB/s
Feb 20 08:29:06 ip-172-31-69-7 kernel: [    3.732159] raid6: using algorithm avx2x4 gen() 21919 MB/s
Feb 20 08:29:06 ip-172-31-69-7 kernel: [    3.737144] raid6: using avx2x2 recovery algorithm
Feb 20 08:29:06 ip-172-31-69-7 kernel: [    3.744267] xor: automatically using best checksumming function:
Feb 20 08:29:06 ip-172-31-69-7 kernel: [    3.788064]    avx       : 26207.000 MB/sec
Feb 20 08:29:06 ip-172-31-69-7 kernel: [    3.794647] async_tx: api initialized (async)
Feb 20 08:29:06 ip-172-31-69-7 kernel: [    3.809841] md: raid6 personality registered for level 6
Feb 20 08:29:06 ip-172-31-69-7 kernel: [    3.813115] md: raid5 personality registered for level 5
Feb 20 08:29:06 ip-172-31-69-7 kernel: [    3.816298] md: raid4 personality registered for level 4
Feb 20 08:29:06 ip-172-31-69-7 kernel: [    3.825256] md: raid10 personality registered for level 10
Feb 20 08:29:06 ip-172-31-69-7 kernel: [    3.864214] Btrfs loaded
Feb 20 08:29:06 ip-172-31-69-7 kernel: [    3.912289] EXT4-fs (xvda1): mounted filesystem with ordered data mode. Opts: (null)
Feb 20 08:29:06 ip-172-31-69-7 kernel: [    4.581400] EXT4-fs (xvda1): re-mounted. Opts: discard
Feb 20 08:29:06 ip-172-31-69-7 kernel: [    4.720631] Loading iSCSI transport class v2.0-870.
Feb 20 08:29:06 ip-172-31-69-7 kernel: [    4.741019] iscsi: registered transport (tcp)
Feb 20 08:29:06 ip-172-31-69-7 kernel: [    4.798902] iscsi: registered transport (iser)
Feb 20 08:29:06 ip-172-31-69-7 kernel: [    5.701895] audit: type=1400 audit(1519129742.740:2): apparmor="STATUS" operation="profile_load" profile="unconfined" name="lxc-container-default" pid=586 comm="apparmor_parser"
Feb 20 08:29:06 ip-172-31-69-7 kernel: [    5.701899] audit: type=1400 audit(1519129742.740:3): apparmor="STATUS" operation="profile_load" profile="unconfined" name="lxc-container-default-cgns" pid=586 comm="apparmor_parser"
Feb 20 08:29:06 ip-172-31-69-7 kernel: [    5.701903] audit: type=1400 audit(1519129742.740:4): apparmor="STATUS" operation="profile_load" profile="unconfined" name="lxc-container-default-with-mounting" pid=586 comm="apparmor_parser"
Feb 20 08:29:06 ip-172-31-69-7 kernel: [    5.701906] audit: type=1400 audit(1519129742.740:5): apparmor="STATUS" operation="profile_load" profile="unconfined" name="lxc-container-default-with-nesting" pid=586 comm="apparmor_parser"
Feb 20 08:29:06 ip-172-31-69-7 kernel: [    5.712788] audit: type=1400 audit(1519129742.752:6): apparmor="STATUS" operation="profile_load" profile="unconfined" name="/sbin/dhclient" pid=587 comm="apparmor_parser"
Feb 20 08:29:06 ip-172-31-69-7 kernel: [    5.712793] audit: type=1400 audit(1519129742.752:7): apparmor="STATUS" operation="profile_load" profile="unconfined" name="/usr/lib/NetworkManager/nm-dhcp-client.action" pid=587 comm="apparmor_parser"
Feb 20 08:29:06 ip-172-31-69-7 kernel: [    5.712796] audit: type=1400 audit(1519129742.752:8): apparmor="STATUS" operation="profile_load" profile="unconfined" name="/usr/lib/NetworkManager/nm-dhcp-helper" pid=587 comm="apparmor_parser"
Feb 20 08:29:06 ip-172-31-69-7 kernel: [    5.712798] audit: type=1400 audit(1519129742.752:9): apparmor="STATUS" operation="profile_load" profile="unconfined" name="/usr/lib/connman/scripts/dhclient-script" pid=587 comm="apparmor_parser"
Feb 20 08:29:06 ip-172-31-69-7 kernel: [    5.714644] audit: type=1400 audit(1519129742.752:10): apparmor="STATUS" operation="profile_load" profile="unconfined" name="/usr/bin/lxc-start" pid=589 comm="apparmor_parser"
Feb 20 08:29:06 ip-172-31-69-7 kernel: [    6.927365] ppdev: user-space parallel port driver
Feb 20 08:29:06 ip-172-31-69-7 kernel: [    8.178235] random: nonblocking pool is initialized
Feb 20 08:29:06 ip-172-31-69-7 kernel: [    9.184799] cgroup: new mount options do not match the existing superblock, will be ignored
Feb 20 08:29:06 ip-172-31-69-7 loadkeys[389]: Loading /etc/console-setup/cached.kmap.gz
Feb 20 08:29:06 ip-172-31-69-7 systemd-modules-load[402]: Inserted module 'iscsi_tcp'
Feb 20 08:29:06 ip-172-31-69-7 systemd[1]: Started Remount Root and Kernel File Systems.
Feb 20 08:29:06 ip-172-31-69-7 systemd-modules-load[402]: Inserted module 'ib_iser'
Feb 20 08:29:06 ip-172-31-69-7 systemd[1]: Started Uncomplicated firewall.
Feb 20 08:29:06 ip-172-31-69-7 systemd[1]: Started Set console keymap.
Feb 20 08:29:06 ip-172-31-69-7 systemd[1]: Started Create list of required static device nodes for the current kernel.
Feb 20 08:29:06 ip-172-31-69-7 systemd[1]: Started Load Kernel Modules.
Feb 20 08:29:06 ip-172-31-69-7 systemd[1]: Started Nameserver information manager.
Feb 20 08:29:06 ip-172-31-69-7 systemd[1]: Started LVM2 metadata daemon.
Feb 20 08:29:06 ip-172-31-69-7 systemd[1]: Mounting FUSE Control File System...
Feb 20 08:29:06 ip-172-31-69-7 systemd[1]: Starting Apply Kernel Variables...
Feb 20 08:29:06 ip-172-31-69-7 systemd[1]: Starting Create Static Device Nodes in /dev...
Feb 20 08:29:06 ip-172-31-69-7 systemd[1]: Starting Load/Save Random Seed...
Feb 20 08:29:06 ip-172-31-69-7 systemd[1]: Starting udev Coldplug all Devices...
Feb 20 08:29:06 ip-172-31-69-7 systemd[1]: Starting Initial cloud-init job (pre-networking)...
Feb 20 08:29:06 ip-172-31-69-7 systemd[1]: Starting Flush Journal to Persistent Storage...
Feb 20 08:29:06 ip-172-31-69-7 systemd[1]: Mounted FUSE Control File System.
Feb 20 08:29:06 ip-172-31-69-7 systemd[1]: Started Apply Kernel Variables.
Feb 20 08:29:06 ip-172-31-69-7 systemd[1]: Started Create Static Device Nodes in /dev.
Feb 20 08:29:06 ip-172-31-69-7 systemd[1]: Started Load/Save Random Seed.
Feb 20 08:29:06 ip-172-31-69-7 systemd[1]: Starting udev Kernel Device Manager...
Feb 20 08:29:06 ip-172-31-69-7 systemd[1]: Started Flush Journal to Persistent Storage.
Feb 20 08:29:06 ip-172-31-69-7 systemd[1]: Started udev Coldplug all Devices.
Feb 20 08:29:06 ip-172-31-69-7 systemd[1]: Started udev Kernel Device Manager.
Feb 20 08:29:06 ip-172-31-69-7 systemd[1]: Started Dispatch Password Requests to Console Directory Watch.
Feb 20 08:29:06 ip-172-31-69-7 systemd[1]: Started Monitoring of LVM2 mirrors, snapshots etc. using dmeventd or progress polling.
Feb 20 08:29:06 ip-172-31-69-7 systemd[1]: Reached target Local File Systems (Pre).
Feb 20 08:29:06 ip-172-31-69-7 systemd[1]: Reached target Local File Systems.
Feb 20 08:29:06 ip-172-31-69-7 systemd[1]: Starting Tell Plymouth To Write Out Runtime Data...
Feb 20 08:29:06 ip-172-31-69-7 systemd[1]: Starting LSB: AppArmor initialization...
Feb 20 08:29:06 ip-172-31-69-7 systemd[1]: Starting Set console font and keymap...
Feb 20 08:29:06 ip-172-31-69-7 systemd[1]: Starting Create Volatile Files and Directories...
Feb 20 08:29:06 ip-172-31-69-7 systemd[1]: Started Tell Plymouth To Write Out Runtime Data.
Feb 20 08:29:06 ip-172-31-69-7 systemd-tmpfiles[511]: [/usr/lib/tmpfiles.d/var.conf:14] Duplicate line for path "/var/log", ignoring.
Feb 20 08:29:06 ip-172-31-69-7 systemd[1]: Started Create Volatile Files and Directories.
Feb 20 08:29:06 ip-172-31-69-7 systemd[1]: Starting Network Time Synchronization...
Feb 20 08:29:06 ip-172-31-69-7 systemd[1]: Starting Update UTMP about System Boot/Shutdown...
Feb 20 08:29:06 ip-172-31-69-7 apparmor[503]:  * Starting AppArmor profiles
Feb 20 08:29:06 ip-172-31-69-7 systemd[1]: Started Network Time Synchronization.
Feb 20 08:29:06 ip-172-31-69-7 systemd[1]: Started Update UTMP about System Boot/Shutdown.
Feb 20 08:29:06 ip-172-31-69-7 systemd[1]: Reached target System Time Synchronized.
Feb 20 08:29:06 ip-172-31-69-7 systemd[1]: Found device /dev/ttyS0.
Feb 20 08:29:06 ip-172-31-69-7 apparmor[503]: Skipping profile in /etc/apparmor.d/disable: usr.sbin.rsyslogd
Feb 20 08:29:06 ip-172-31-69-7 apparmor[503]:    ...done.
Feb 20 08:29:06 ip-172-31-69-7 systemd[1]: Started LSB: AppArmor initialization.
Feb 20 08:29:06 ip-172-31-69-7 systemd[1]: Found device /sys/subsystem/net/devices/eth0.
Feb 20 08:29:06 ip-172-31-69-7 systemd[1]: Listening on Load/Save RF Kill Switch Status /dev/rfkill Watch.
Feb 20 08:29:06 ip-172-31-69-7 dhclient[830]: Internet Systems Consortium DHCP Client 4.3.3
Feb 20 08:29:06 ip-172-31-69-7 dhclient[830]: Copyright 2004-2015 Internet Systems Consortium.
Feb 20 08:29:06 ip-172-31-69-7 dhclient[830]: All rights reserved.
Feb 20 08:29:06 ip-172-31-69-7 dhclient[830]: For info, please visit https://www.isc.org/software/dhcp/
Feb 20 08:29:06 ip-172-31-69-7 dhclient[830]: 
Feb 20 08:29:06 ip-172-31-69-7 dhclient[830]: Listening on LPF/eth0/02:c8:ef:26:67:c4
Feb 20 08:29:06 ip-172-31-69-7 dhclient[830]: Sending on   LPF/eth0/02:c8:ef:26:67:c4
Feb 20 08:29:06 ip-172-31-69-7 dhclient[830]: Sending on   Socket/fallback
Feb 20 08:29:06 ip-172-31-69-7 dhclient[830]: DHCPDISCOVER on eth0 to 255.255.255.255 port 67 interval 3 (xid=0xe8da0510)
Feb 20 08:29:06 ip-172-31-69-7 dhclient[830]: DHCPREQUEST of 172.31.69.7 on eth0 to 255.255.255.255 port 67 (xid=0x1005dae8)
Feb 20 08:29:06 ip-172-31-69-7 dhclient[830]: DHCPOFFER of 172.31.69.7 from 172.31.69.1
Feb 20 08:29:06 ip-172-31-69-7 dhclient[830]: DHCPACK of 172.31.69.7 from 172.31.69.1
Feb 20 08:29:06 ip-172-31-69-7 dhclient[830]: bound to 172.31.69.7 -- renewal in 1785 seconds.
Feb 20 08:29:06 ip-172-31-69-7 systemd[1]: Started Set console font and keymap.
Feb 20 08:29:06 ip-172-31-69-7 cloud-init[465]: Cloud-init v. 17.1 running 'init-local' at Tue, 20 Feb 2018 12:29:03 +0000. Up 6.18 seconds.
Feb 20 08:29:06 ip-172-31-69-7 systemd[1]: Created slice system-getty.slice.
Feb 20 08:29:06 ip-172-31-69-7 systemd-udevd[497]: Process 'console-setup-tty /dev/tty6' failed with exit code 71.
Feb 20 08:29:06 ip-172-31-69-7 systemd[1]: Started Initial cloud-init job (pre-networking).
Feb 20 08:29:06 ip-172-31-69-7 systemd[1]: Reached target Network (Pre).
Feb 20 08:29:06 ip-172-31-69-7 systemd[1]: Started ifup for eth0.
Feb 20 08:29:06 ip-172-31-69-7 systemd[1]: Starting Raise network interfaces...
Feb 20 08:29:06 ip-172-31-69-7 dhclient[911]: Internet Systems Consortium DHCP Client 4.3.3
Feb 20 08:29:06 ip-172-31-69-7 sh[894]: Internet Systems Consortium DHCP Client 4.3.3
Feb 20 08:29:06 ip-172-31-69-7 dhclient[911]: Copyright 2004-2015 Internet Systems Consortium.
Feb 20 08:29:06 ip-172-31-69-7 sh[894]: Copyright 2004-2015 Internet Systems Consortium.
Feb 20 08:29:06 ip-172-31-69-7 dhclient[911]: All rights reserved.
Feb 20 08:29:06 ip-172-31-69-7 sh[894]: All rights reserved.
Feb 20 08:29:06 ip-172-31-69-7 dhclient[911]: For info, please visit https://www.isc.org/software/dhcp/
Feb 20 08:29:06 ip-172-31-69-7 sh[894]: For info, please visit https://www.isc.org/software/dhcp/
Feb 20 08:29:06 ip-172-31-69-7 dhclient[911]: 
Feb 20 08:29:06 ip-172-31-69-7 dhclient[911]: Listening on LPF/eth0/02:c8:ef:26:67:c4
Feb 20 08:29:06 ip-172-31-69-7 sh[894]: Listening on LPF/eth0/02:c8:ef:26:67:c4
Feb 20 08:29:06 ip-172-31-69-7 sh[894]: Sending on   LPF/eth0/02:c8:ef:26:67:c4
Feb 20 08:29:06 ip-172-31-69-7 sh[894]: Sending on   Socket/fallback
Feb 20 08:29:06 ip-172-31-69-7 sh[894]: DHCPDISCOVER on eth0 to 255.255.255.255 port 67 interval 3 (xid=0xae10c253)
Feb 20 08:29:06 ip-172-31-69-7 dhclient[911]: Sending on   LPF/eth0/02:c8:ef:26:67:c4
Feb 20 08:29:06 ip-172-31-69-7 dhclient[911]: Sending on   Socket/fallback
Feb 20 08:29:06 ip-172-31-69-7 dhclient[911]: DHCPDISCOVER on eth0 to 255.255.255.255 port 67 interval 3 (xid=0xae10c253)
Feb 20 08:29:06 ip-172-31-69-7 dhclient[911]: DHCPREQUEST of 172.31.69.7 on eth0 to 255.255.255.255 port 67 (xid=0x53c210ae)
Feb 20 08:29:06 ip-172-31-69-7 sh[894]: DHCPREQUEST of 172.31.69.7 on eth0 to 255.255.255.255 port 67 (xid=0x53c210ae)
Feb 20 08:29:06 ip-172-31-69-7 sh[894]: DHCPOFFER of 172.31.69.7 from 172.31.69.1
Feb 20 08:29:06 ip-172-31-69-7 dhclient[911]: DHCPOFFER of 172.31.69.7 from 172.31.69.1
Feb 20 08:29:06 ip-172-31-69-7 dhclient[911]: DHCPACK of 172.31.69.7 from 172.31.69.1
Feb 20 08:29:06 ip-172-31-69-7 sh[894]: DHCPACK of 172.31.69.7 from 172.31.69.1
Feb 20 08:29:06 ip-172-31-69-7 dhclient[911]: bound to 172.31.69.7 -- renewal in 1664 seconds.
Feb 20 08:29:06 ip-172-31-69-7 sh[894]: bound to 172.31.69.7 -- renewal in 1664 seconds.
Feb 20 08:29:06 ip-172-31-69-7 systemd[1]: Started Raise network interfaces.
Feb 20 08:29:06 ip-172-31-69-7 systemd[1]: Reached target Network.
Feb 20 08:29:06 ip-172-31-69-7 systemd[1]: Starting Initial cloud-init job (metadata service crawler)...
Feb 20 08:29:06 ip-172-31-69-7 cloud-init[1065]: Cloud-init v. 17.1 running 'init' at Tue, 20 Feb 2018 12:29:05 +0000. Up 8.44 seconds.
Feb 20 08:29:06 ip-172-31-69-7 cloud-init[1065]: ci-info: ++++++++++++++++++++++++++++++++++++++Net device info+++++++++++++++++++++++++++++++++++++++
Feb 20 08:29:06 ip-172-31-69-7 cloud-init[1065]: ci-info: +--------+------+----------------------------+-----------------+-------+-------------------+
Feb 20 08:29:06 ip-172-31-69-7 cloud-init[1065]: ci-info: | Device |  Up  |          Address           |       Mask      | Scope |     Hw-Address    |
Feb 20 08:29:06 ip-172-31-69-7 cloud-init[1065]: ci-info: +--------+------+----------------------------+-----------------+-------+-------------------+
Feb 20 08:29:06 ip-172-31-69-7 cloud-init[1065]: ci-info: |  eth0  | True |        172.31.69.7         | 255.255.255.224 |   .   | 02:c8:ef:26:67:c4 |
Feb 20 08:29:06 ip-172-31-69-7 cloud-init[1065]: ci-info: |  eth0  | True | fe80::c8:efff:fe26:67c4/64 |        .        |  link | 02:c8:ef:26:67:c4 |
Feb 20 08:29:06 ip-172-31-69-7 cloud-init[1065]: ci-info: |   lo   | True |         127.0.0.1          |    255.0.0.0    |   .   |         .         |
Feb 20 08:29:06 ip-172-31-69-7 cloud-init[1065]: ci-info: |   lo   | True |          ::1/128           |        .        |  host |         .         |
Feb 20 08:29:06 ip-172-31-69-7 cloud-init[1065]: ci-info: +--------+------+----------------------------+-----------------+-------+-------------------+
Feb 20 08:29:06 ip-172-31-69-7 cloud-init[1065]: ci-info: ++++++++++++++++++++++++++++++Route IPv4 info++++++++++++++++++++++++++++++
Feb 20 08:29:06 ip-172-31-69-7 cloud-init[1065]: ci-info: +-------+-------------+-------------+-----------------+-----------+-------+
Feb 20 08:29:06 ip-172-31-69-7 cloud-init[1065]: ci-info: | Route | Destination |   Gateway   |     Genmask     | Interface | Flags |
Feb 20 08:29:06 ip-172-31-69-7 cloud-init[1065]: ci-info: +-------+-------------+-------------+-----------------+-----------+-------+
Feb 20 08:29:06 ip-172-31-69-7 cloud-init[1065]: ci-info: |   0   |   0.0.0.0   | 172.31.69.1 |     0.0.0.0     |    eth0   |   UG  |
Feb 20 08:29:06 ip-172-31-69-7 cloud-init[1065]: ci-info: |   1   | 172.31.69.0 |   0.0.0.0   | 255.255.255.224 |    eth0   |   U   |
Feb 20 08:29:06 ip-172-31-69-7 cloud-init[1065]: ci-info: +-------+-------------+-------------+-----------------+-----------+-------+
Feb 20 08:29:06 ip-172-31-69-7 systemd[1]: Started Initial cloud-init job (metadata service crawler).
Feb 20 08:29:06 ip-172-31-69-7 systemd[1]: Reached target System Initialization.
Feb 20 08:29:06 ip-172-31-69-7 systemd[1]: Listening on D-Bus System Message Bus Socket.
Feb 20 08:29:06 ip-172-31-69-7 systemd[1]: Starting LXD - unix socket.
Feb 20 08:29:06 ip-172-31-69-7 systemd[1]: Starting Socket activation for snappy daemon.
Feb 20 08:29:06 ip-172-31-69-7 systemd[1]: Started ACPI Events Check.
Feb 20 08:29:06 ip-172-31-69-7 systemd[1]: Reached target Paths.
Feb 20 08:29:06 ip-172-31-69-7 systemd[1]: Started Timer to automatically refresh installed snaps.
Feb 20 08:29:06 ip-172-31-69-7 systemd[1]: Listening on UUID daemon activation socket.
Feb 20 08:29:06 ip-172-31-69-7 systemd[1]: Listening on ACPID Listen Socket.
Feb 20 08:29:06 ip-172-31-69-7 systemd[1]: Started Daily Cleanup of Temporary Directories.
Feb 20 08:29:06 ip-172-31-69-7 systemd[1]: Reached target Network is Online.
Feb 20 08:29:06 ip-172-31-69-7 systemd[1]: Starting iSCSI initiator daemon (iscsid)...
Feb 20 08:29:06 ip-172-31-69-7 systemd[1]: Started Daily apt download activities.
Feb 20 08:29:06 ip-172-31-69-7 systemd[1]: Started Daily apt upgrade and clean activities.
Feb 20 08:29:06 ip-172-31-69-7 systemd[1]: Reached target Timers.
Feb 20 08:29:06 ip-172-31-69-7 systemd[1]: Reached target Cloud-config availability.
Feb 20 08:29:06 ip-172-31-69-7 systemd[1]: Listening on LXD - unix socket.
Feb 20 08:29:06 ip-172-31-69-7 systemd[1]: Listening on Socket activation for snappy daemon.
Feb 20 08:29:06 ip-172-31-69-7 iscsid: iSCSI logger with pid=1121 started!
Feb 20 08:29:06 ip-172-31-69-7 iscsid: iSCSI daemon with pid=1122 started!
Feb 20 08:29:06 ip-172-31-69-7 systemd[1]: Started iSCSI initiator daemon (iscsid).
Feb 20 08:29:06 ip-172-31-69-7 systemd[1]: Starting Login to default iSCSI targets...
Feb 20 08:29:06 ip-172-31-69-7 systemd[1]: Reached target Sockets.
Feb 20 08:29:06 ip-172-31-69-7 systemd[1]: Reached target Basic System.
Feb 20 08:29:06 ip-172-31-69-7 systemd[1]: Started Regular background program processing daemon.
Feb 20 08:29:06 ip-172-31-69-7 cron[1127]: (CRON) INFO (pidfile fd = 3)
Feb 20 08:29:06 ip-172-31-69-7 systemd[1]: Starting LSB: MD monitoring daemon...
Feb 20 08:29:06 ip-172-31-69-7 systemd[1]: Starting Login Service...
Feb 20 08:29:06 ip-172-31-69-7 cron[1127]: (CRON) INFO (Running @reboot jobs)
Feb 20 08:29:06 ip-172-31-69-7 systemd[1]: Starting /etc/rc.local Compatibility...
Feb 20 08:29:06 ip-172-31-69-7 systemd[1]: Starting Apply the settings specified in cloud-config...
Feb 20 08:29:06 ip-172-31-69-7 systemd[1]: Started Deferred execution scheduler.
Feb 20 08:29:06 ip-172-31-69-7 systemd[1]: Starting Snappy daemon...
Feb 20 08:29:06 ip-172-31-69-7 systemd[1]: Starting LXD - container startup/shutdown...
Feb 20 08:29:06 ip-172-31-69-7 systemd[1]: Started D-Bus System Message Bus.
Feb 20 08:29:06 ip-172-31-69-7 dbus[1151]: [system] AppArmor D-Bus mediation is enabled
Feb 20 08:29:06 ip-172-31-69-7 systemd[1]: Started Unattended Upgrades Shutdown.
Feb 20 08:29:06 ip-172-31-69-7 systemd[1]: Starting LSB: Record successful boot for GRUB...
Feb 20 08:29:06 ip-172-31-69-7 systemd[1]: Starting OpenBSD Secure Shell server...
Feb 20 08:29:06 ip-172-31-69-7 systemd[1]: Started ACPI event daemon.
Feb 20 08:29:06 ip-172-31-69-7 systemd[1]: Starting Accounts Service...
Feb 20 08:29:06 ip-172-31-69-7 acpid: starting up with netlink and the input layer
Feb 20 08:29:06 ip-172-31-69-7 acpid: 1 rule loaded
Feb 20 08:29:06 ip-172-31-69-7 acpid: waiting for events: event logging is off
Feb 20 08:29:06 ip-172-31-69-7 systemd[1]: Started FUSE filesystem for LXC.
Feb 20 08:29:06 ip-172-31-69-7 systemd[1]: Starting System Logging Service...
Feb 20 08:29:06 ip-172-31-69-7 systemd[1]: Starting Initialize hardware monitoring sensors...
Feb 20 08:29:06 ip-172-31-69-7 lxcfs[1175]: hierarchies:
Feb 20 08:29:06 ip-172-31-69-7 lxcfs[1175]:   0: fd:   5: cpuset
Feb 20 08:29:06 ip-172-31-69-7 lxcfs[1175]:   1: fd:   6: freezer
Feb 20 08:29:06 ip-172-31-69-7 lxcfs[1175]:   2: fd:   7: perf_event
Feb 20 08:29:06 ip-172-31-69-7 lxcfs[1175]:   3: fd:   8: net_cls,net_prio
Feb 20 08:29:06 ip-172-31-69-7 lxcfs[1175]:   4: fd:   9: pids
Feb 20 08:29:06 ip-172-31-69-7 lxcfs[1175]:   5: fd:  10: devices
Feb 20 08:29:06 ip-172-31-69-7 lxcfs[1175]:   6: fd:  11: cpu,cpuacct
Feb 20 08:29:06 ip-172-31-69-7 lxcfs[1175]:   7: fd:  12: memory
Feb 20 08:29:06 ip-172-31-69-7 lxcfs[1175]:   8: fd:  13: blkio
Feb 20 08:29:06 ip-172-31-69-7 lxcfs[1175]:   9: fd:  14: hugetlb
Feb 20 08:29:06 ip-172-31-69-7 lxcfs[1175]:  10: fd:  15: name=systemd
Feb 20 08:29:06 ip-172-31-69-7 systemd[1]: Started /etc/rc.local Compatibility.
Feb 20 08:29:06 ip-172-31-69-7 sensors[1182]: No sensors found!
Feb 20 08:29:06 ip-172-31-69-7 sensors[1182]: Make sure you loaded all the kernel drivers you need.
Feb 20 08:29:06 ip-172-31-69-7 sensors[1182]: Try sensors-detect to find out which these are.
Feb 20 08:29:06 ip-172-31-69-7 sensors[1190]: No sensors found!
Feb 20 08:29:06 ip-172-31-69-7 sensors[1190]: Make sure you loaded all the kernel drivers you need.
Feb 20 08:29:06 ip-172-31-69-7 sensors[1190]: Try sensors-detect to find out which these are.
Feb 20 08:29:06 ip-172-31-69-7 systemd[1]: Started OpenBSD Secure Shell server.
Feb 20 08:29:06 ip-172-31-69-7 systemd[1]: Started System Logging Service.
Feb 20 08:29:06 ip-172-31-69-7 systemd[1]: Started Initialize hardware monitoring sensors.
Feb 20 08:29:06 ip-172-31-69-7 mdadm[1130]:  * Starting MD monitoring service mdadm --monitor
Feb 20 08:29:06 ip-172-31-69-7 iscsiadm[1201]: iscsiadm: No records found
Feb 20 08:29:06 ip-172-31-69-7 systemd[1]: Started Login to default iSCSI targets.
Feb 20 08:29:06 ip-172-31-69-7 dbus[1151]: [system] Activating via systemd: service name='org.freedesktop.PolicyKit1' unit='polkitd.service'
Feb 20 08:29:06 ip-172-31-69-7 mdadm[1130]:    ...done.
Feb 20 08:29:06 ip-172-31-69-7 systemd[1]: Started LSB: MD monitoring daemon.
Feb 20 08:29:06 ip-172-31-69-7 snapd[1146]: AppArmor status: apparmor is enabled and all features are available
Feb 20 08:29:06 ip-172-31-69-7 systemd[1]: Started LXD - container startup/shutdown.
Feb 20 08:29:06 ip-172-31-69-7 snapd[1146]: 2018/02/20 08:29:06.357144 daemon.go:306: started snapd/2.29.4.2 (series 16; classic) ubuntu/16.04 (amd64) linux/4.4.0-1049-aws.
Feb 20 08:29:06 ip-172-31-69-7 systemd[1]: Started Snappy daemon.
Feb 20 08:29:06 ip-172-31-69-7 systemd[1]: Started LSB: Record successful boot for GRUB.
Feb 20 08:29:06 ip-172-31-69-7 systemd[1]: Started Login Service.
Feb 20 08:29:06 ip-172-31-69-7 systemd[1]: Starting Authenticate and Authorize Users to Run Privileged Tasks...
Feb 20 08:29:06 ip-172-31-69-7 systemd[1]: Reached target Remote File Systems (Pre).
Feb 20 08:29:06 ip-172-31-69-7 systemd[1]: Reached target Remote File Systems.
Feb 20 08:29:06 ip-172-31-69-7 systemd[1]: Starting Permit User Sessions...
Feb 20 08:29:06 ip-172-31-69-7 polkitd[1219]: started daemon version 0.105 using authority implementation `local' version `0.105'
Feb 20 08:29:06 ip-172-31-69-7 dbus[1151]: [system] Successfully activated service 'org.freedesktop.PolicyKit1'
Feb 20 08:29:06 ip-172-31-69-7 systemd[1]: Starting LSB: disk temperature monitoring daemon...
Feb 20 08:29:06 ip-172-31-69-7 accounts-daemon[1171]: started daemon version 0.6.40
Feb 20 08:29:06 ip-172-31-69-7 systemd[1]: Starting LSB: Set the CPU Frequency Scaling governor to "ondemand"...
Feb 20 08:29:06 ip-172-31-69-7 systemd[1]: Starting LSB: daemon to balance interrupts for SMP systems...
Feb 20 08:29:06 ip-172-31-69-7 systemd[1]: Starting LSB: automatic crash report generation...
Feb 20 08:29:06 ip-172-31-69-7 systemd[1]: Started Permit User Sessions.
Feb 20 08:29:06 ip-172-31-69-7 systemd[1]: Started Authenticate and Authorize Users to Run Privileged Tasks.
Feb 20 08:29:06 ip-172-31-69-7 systemd[1]: Started Accounts Service.
Feb 20 08:29:06 ip-172-31-69-7 systemd[1]: Started LSB: disk temperature monitoring daemon.
Feb 20 08:29:06 ip-172-31-69-7 systemd[1]: Started LSB: Set the CPU Frequency Scaling governor to "ondemand".
Feb 20 08:29:06 ip-172-31-69-7 irqbalance[1236]:  * Starting SMP IRQ Balancer: irqbalance
Feb 20 08:29:06 ip-172-31-69-7 systemd[1]: Starting Hold until boot process finishes up...
Feb 20 08:29:06 ip-172-31-69-7 /usr/sbin/irqbalance: Balancing is ineffective on systems with a single cpu.  Shutting down
Feb 20 08:29:06 ip-172-31-69-7 systemd[1]: Starting Terminate Plymouth Boot Screen...
Feb 20 08:29:06 ip-172-31-69-7 irqbalance[1236]:    ...done.
Feb 20 08:29:06 ip-172-31-69-7 systemd[1]: Started LSB: daemon to balance interrupts for SMP systems.
Feb 20 08:29:06 ip-172-31-69-7 systemd[1]: Started Hold until boot process finishes up.
Feb 20 08:29:06 ip-172-31-69-7 systemd[1]: Started Terminate Plymouth Boot Screen.
Feb 20 08:29:06 ip-172-31-69-7 apport[1242]:  * Starting automatic crash report generation: apport
Feb 20 08:29:06 ip-172-31-69-7 systemd[1]: Started Getty on tty1.
Feb 20 08:29:06 ip-172-31-69-7 systemd[1]: Starting Set console scheme...
Feb 20 08:29:06 ip-172-31-69-7 apport[1242]:    ...done.
Feb 20 08:29:06 ip-172-31-69-7 systemd[1]: Started Serial Getty on ttyS0.
Feb 20 08:29:06 ip-172-31-69-7 systemd[1]: Reached target Login Prompts.
Feb 20 08:29:06 ip-172-31-69-7 systemd[1]: Started LSB: automatic crash report generation.
Feb 20 08:29:06 ip-172-31-69-7 systemd[1]: Started Set console scheme.
Feb 20 08:29:06 ip-172-31-69-7 systemd[1]: Reached target Multi-User System.
Feb 20 08:29:06 ip-172-31-69-7 systemd[1]: Reached target Graphical Interface.
Feb 20 08:29:06 ip-172-31-69-7 systemd[1]: Starting Update UTMP about System Runlevel Changes...
Feb 20 08:29:06 ip-172-31-69-7 systemd[1]: Started Update UTMP about System Runlevel Changes.
Feb 20 08:29:06 ip-172-31-69-7 cloud-init[1140]: Cloud-init v. 17.1 running 'modules:config' at Tue, 20 Feb 2018 12:29:06 +0000. Up 9.85 seconds.
Feb 20 08:29:07 ip-172-31-69-7 systemd[1]: Started Apply the settings specified in cloud-config.
Feb 20 08:29:07 ip-172-31-69-7 systemd[1]: Starting Execute cloud user/final scripts...
Feb 20 08:29:07 ip-172-31-69-7 cloud-init[1301]: Cloud-init v. 17.1 running 'modules:final' at Tue, 20 Feb 2018 12:29:07 +0000. Up 10.25 seconds.
Feb 20 08:29:07 ip-172-31-69-7 cloud-init[1301]: Cloud-init v. 17.1 finished at Tue, 20 Feb 2018 12:29:07 +0000. Datasource DataSourceEc2Local.  Up 10.36 seconds
Feb 20 08:29:07 ip-172-31-69-7 systemd[1]: Started Execute cloud user/final scripts.
Feb 20 08:29:07 ip-172-31-69-7 systemd[1]: Starting Daily apt download activities...
Feb 20 08:29:07 ip-172-31-69-7 systemd[1]: Reached target Cloud-init target.
Feb 20 08:29:14 ip-172-31-69-7 systemd[1]: Started Daily apt download activities.
Feb 20 08:29:14 ip-172-31-69-7 systemd[1]: Startup finished in 4.030s (kernel) + 13.102s (userspace) = 17.133s.
Feb 20 08:29:33 ip-172-31-69-7 systemd[1]: Time has been changed
Feb 20 08:29:33 ip-172-31-69-7 systemd-timesyncd[530]: Synchronized to time server 91.189.94.4:123 (ntp.ubuntu.com).
Feb 20 08:36:50 ip-172-31-69-7 systemd[1]: Created slice User Slice of ubuntu.
Feb 20 08:36:50 ip-172-31-69-7 systemd[1]: Starting User Manager for UID 1000...
Feb 20 08:36:50 ip-172-31-69-7 systemd[1]: Started Session 1 of user ubuntu.
Feb 20 08:36:50 ip-172-31-69-7 systemd[1589]: Reached target Timers.
Feb 20 08:36:50 ip-172-31-69-7 systemd[1589]: Reached target Paths.
Feb 20 08:36:50 ip-172-31-69-7 systemd[1589]: Reached target Sockets.
Feb 20 08:36:50 ip-172-31-69-7 systemd[1589]: Reached target Basic System.
Feb 20 08:36:50 ip-172-31-69-7 systemd[1589]: Reached target Default.
Feb 20 08:36:50 ip-172-31-69-7 systemd[1589]: Startup finished in 22ms.
Feb 20 08:36:50 ip-172-31-69-7 systemd[1]: Started User Manager for UID 1000.
Feb 20 08:37:05 ip-172-31-69-7 kernel: [  488.005484] Netfilter messages via NETLINK v0.30.
Feb 20 08:37:05 ip-172-31-69-7 kernel: [  488.012528] device eth0 entered promiscuous mode
Feb 20 08:44:44 ip-172-31-69-7 systemd[1]: Starting Cleanup of Temporary Directories...
Feb 20 08:44:44 ip-172-31-69-7 systemd-tmpfiles[1705]: [/usr/lib/tmpfiles.d/var.conf:14] Duplicate line for path "/var/log", ignoring.
Feb 20 08:44:44 ip-172-31-69-7 systemd[1]: Started Cleanup of Temporary Directories.
Feb 20 08:56:49 ip-172-31-69-7 dhclient[946]: DHCPREQUEST of 172.31.69.7 on eth0 to 172.31.69.1 port 67 (xid=0x53c210ae)
Feb 20 08:56:49 ip-172-31-69-7 dhclient[946]: DHCPACK of 172.31.69.7 from 172.31.69.1
Feb 20 08:56:49 ip-172-31-69-7 dhclient[946]: bound to 172.31.69.7 -- renewal in 1730 seconds.
Feb 20 09:17:01 ip-172-31-69-7 CRON[1749]: (root) CMD (   cd / && run-parts --report /etc/cron.hourly)
Feb 20 09:25:39 ip-172-31-69-7 dhclient[946]: DHCPREQUEST of 172.31.69.7 on eth0 to 172.31.69.1 port 67 (xid=0x53c210ae)
Feb 20 09:25:39 ip-172-31-69-7 dhclient[946]: DHCPACK of 172.31.69.7 from 172.31.69.1
Feb 20 09:25:39 ip-172-31-69-7 dhclient[946]: bound to 172.31.69.7 -- renewal in 1497 seconds.
Feb 20 09:50:36 ip-172-31-69-7 dhclient[946]: DHCPREQUEST of 172.31.69.7 on eth0 to 172.31.69.1 port 67 (xid=0x53c210ae)
Feb 20 09:50:36 ip-172-31-69-7 dhclient[946]: DHCPACK of 172.31.69.7 from 172.31.69.1
Feb 20 09:50:36 ip-172-31-69-7 dhclient[946]: bound to 172.31.69.7 -- renewal in 1443 seconds.
Feb 20 10:14:39 ip-172-31-69-7 dhclient[946]: DHCPREQUEST of 172.31.69.7 on eth0 to 172.31.69.1 port 67 (xid=0x53c210ae)
Feb 20 10:14:39 ip-172-31-69-7 dhclient[946]: DHCPACK of 172.31.69.7 from 172.31.69.1
Feb 20 10:14:39 ip-172-31-69-7 dhclient[946]: bound to 172.31.69.7 -- renewal in 1424 seconds.
Feb 20 10:17:01 ip-172-31-69-7 CRON[1808]: (root) CMD (   cd / && run-parts --report /etc/cron.hourly)
Feb 20 10:38:23 ip-172-31-69-7 dhclient[946]: DHCPREQUEST of 172.31.69.7 on eth0 to 172.31.69.1 port 67 (xid=0x53c210ae)
Feb 20 10:38:24 ip-172-31-69-7 dhclient[946]: DHCPACK of 172.31.69.7 from 172.31.69.1
Feb 20 10:38:24 ip-172-31-69-7 dhclient[946]: bound to 172.31.69.7 -- renewal in 1440 seconds.
Feb 20 11:02:24 ip-172-31-69-7 dhclient[946]: DHCPREQUEST of 172.31.69.7 on eth0 to 172.31.69.1 port 67 (xid=0x53c210ae)
Feb 20 11:02:24 ip-172-31-69-7 dhclient[946]: DHCPACK of 172.31.69.7 from 172.31.69.1
Feb 20 11:02:24 ip-172-31-69-7 dhclient[946]: bound to 172.31.69.7 -- renewal in 1656 seconds.
Feb 20 11:17:01 ip-172-31-69-7 CRON[1855]: (root) CMD (   cd / && run-parts --report /etc/cron.hourly)
Feb 20 11:30:00 ip-172-31-69-7 dhclient[946]: DHCPREQUEST of 172.31.69.7 on eth0 to 172.31.69.1 port 67 (xid=0x53c210ae)
Feb 20 11:30:00 ip-172-31-69-7 dhclient[946]: DHCPACK of 172.31.69.7 from 172.31.69.1
Feb 20 11:30:00 ip-172-31-69-7 dhclient[946]: bound to 172.31.69.7 -- renewal in 1422 seconds.
Feb 20 11:53:42 ip-172-31-69-7 dhclient[946]: DHCPREQUEST of 172.31.69.7 on eth0 to 172.31.69.1 port 67 (xid=0x53c210ae)
Feb 20 11:53:42 ip-172-31-69-7 dhclient[946]: DHCPACK of 172.31.69.7 from 172.31.69.1
Feb 20 11:53:42 ip-172-31-69-7 dhclient[946]: bound to 172.31.69.7 -- renewal in 1540 seconds.
Feb 20 12:17:01 ip-172-31-69-7 CRON[1989]: (root) CMD (   cd / && run-parts --report /etc/cron.hourly)
Feb 20 12:19:22 ip-172-31-69-7 dhclient[946]: DHCPREQUEST of 172.31.69.7 on eth0 to 172.31.69.1 port 67 (xid=0x53c210ae)
Feb 20 12:19:22 ip-172-31-69-7 dhclient[946]: DHCPACK of 172.31.69.7 from 172.31.69.1
Feb 20 12:19:22 ip-172-31-69-7 dhclient[946]: bound to 172.31.69.7 -- renewal in 1675 seconds.
Feb 20 12:47:17 ip-172-31-69-7 dhclient[946]: DHCPREQUEST of 172.31.69.7 on eth0 to 172.31.69.1 port 67 (xid=0x53c210ae)
Feb 20 12:47:17 ip-172-31-69-7 dhclient[946]: DHCPACK of 172.31.69.7 from 172.31.69.1
Feb 20 12:47:17 ip-172-31-69-7 dhclient[946]: bound to 172.31.69.7 -- renewal in 1516 seconds.
Feb 20 13:12:33 ip-172-31-69-7 dhclient[946]: DHCPREQUEST of 172.31.69.7 on eth0 to 172.31.69.1 port 67 (xid=0x53c210ae)
Feb 20 13:12:33 ip-172-31-69-7 dhclient[946]: DHCPACK of 172.31.69.7 from 172.31.69.1
Feb 20 13:12:33 ip-172-31-69-7 dhclient[946]: bound to 172.31.69.7 -- renewal in 1604 seconds.
Feb 20 13:17:01 ip-172-31-69-7 CRON[2130]: (root) CMD (   cd / && run-parts --report /etc/cron.hourly)
Feb 20 13:39:17 ip-172-31-69-7 dhclient[946]: DHCPREQUEST of 172.31.69.7 on eth0 to 172.31.69.1 port 67 (xid=0x53c210ae)
Feb 20 13:39:17 ip-172-31-69-7 dhclient[946]: DHCPACK of 172.31.69.7 from 172.31.69.1
Feb 20 13:39:17 ip-172-31-69-7 dhclient[946]: bound to 172.31.69.7 -- renewal in 1475 seconds.
Feb 20 13:47:01 ip-172-31-69-7 CRON[2159]: (root) CMD (nohup tcpdump > /home/ubuntu/capture/dump$(hostname -I) &  )
Feb 20 14:03:52 ip-172-31-69-7 dhclient[946]: DHCPREQUEST of 172.31.69.7 on eth0 to 172.31.69.1 port 67 (xid=0x53c210ae)
Feb 20 14:03:52 ip-172-31-69-7 dhclient[946]: DHCPACK of 172.31.69.7 from 172.31.69.1
Feb 20 14:03:52 ip-172-31-69-7 dhclient[946]: bound to 172.31.69.7 -- renewal in 1431 seconds.
Feb 20 14:17:01 ip-172-31-69-7 CRON[2198]: (root) CMD (   cd / && run-parts --report /etc/cron.hourly)
Feb 20 14:27:44 ip-172-31-69-7 dhclient[946]: DHCPREQUEST of 172.31.69.7 on eth0 to 172.31.69.1 port 67 (xid=0x53c210ae)
Feb 20 14:27:44 ip-172-31-69-7 dhclient[946]: DHCPACK of 172.31.69.7 from 172.31.69.1
Feb 20 14:27:44 ip-172-31-69-7 dhclient[946]: bound to 172.31.69.7 -- renewal in 1693 seconds.
Feb 20 14:55:57 ip-172-31-69-7 dhclient[946]: DHCPREQUEST of 172.31.69.7 on eth0 to 172.31.69.1 port 67 (xid=0x53c210ae)
Feb 20 14:55:57 ip-172-31-69-7 dhclient[946]: DHCPACK of 172.31.69.7 from 172.31.69.1
Feb 20 14:55:57 ip-172-31-69-7 dhclient[946]: bound to 172.31.69.7 -- renewal in 1535 seconds.
Feb 20 15:17:01 ip-172-31-69-7 CRON[2251]: (root) CMD (   cd / && run-parts --report /etc/cron.hourly)
Feb 20 15:21:32 ip-172-31-69-7 dhclient[946]: DHCPREQUEST of 172.31.69.7 on eth0 to 172.31.69.1 port 67 (xid=0x53c210ae)
Feb 20 15:21:32 ip-172-31-69-7 dhclient[946]: DHCPACK of 172.31.69.7 from 172.31.69.1
Feb 20 15:21:32 ip-172-31-69-7 dhclient[946]: bound to 172.31.69.7 -- renewal in 1693 seconds.
Feb 20 15:49:45 ip-172-31-69-7 dhclient[946]: DHCPREQUEST of 172.31.69.7 on eth0 to 172.31.69.1 port 67 (xid=0x53c210ae)
Feb 20 15:49:45 ip-172-31-69-7 dhclient[946]: DHCPACK of 172.31.69.7 from 172.31.69.1
Feb 20 15:49:45 ip-172-31-69-7 dhclient[946]: bound to 172.31.69.7 -- renewal in 1417 seconds.
Feb 20 16:13:23 ip-172-31-69-7 dhclient[946]: DHCPREQUEST of 172.31.69.7 on eth0 to 172.31.69.1 port 67 (xid=0x53c210ae)
Feb 20 16:13:23 ip-172-31-69-7 dhclient[946]: DHCPACK of 172.31.69.7 from 172.31.69.1
Feb 20 16:13:23 ip-172-31-69-7 dhclient[946]: bound to 172.31.69.7 -- renewal in 1513 seconds.
Feb 20 16:17:01 ip-172-31-69-7 CRON[2316]: (root) CMD (   cd / && run-parts --report /etc/cron.hourly)
Feb 20 16:38:36 ip-172-31-69-7 dhclient[946]: DHCPREQUEST of 172.31.69.7 on eth0 to 172.31.69.1 port 67 (xid=0x53c210ae)
Feb 20 16:38:36 ip-172-31-69-7 dhclient[946]: DHCPACK of 172.31.69.7 from 172.31.69.1
Feb 20 16:38:36 ip-172-31-69-7 dhclient[946]: bound to 172.31.69.7 -- renewal in 1638 seconds.
Feb 20 17:05:54 ip-172-31-69-7 dhclient[946]: DHCPREQUEST of 172.31.69.7 on eth0 to 172.31.69.1 port 67 (xid=0x53c210ae)
Feb 20 17:05:54 ip-172-31-69-7 dhclient[946]: DHCPACK of 172.31.69.7 from 172.31.69.1
Feb 20 17:05:54 ip-172-31-69-7 dhclient[946]: bound to 172.31.69.7 -- renewal in 1472 seconds.
Feb 20 17:17:01 ip-172-31-69-7 CRON[2361]: (root) CMD (   cd / && run-parts --report /etc/cron.hourly)
