Feb 21 06:39:01 ip-172-31-69-28 CRON[4114]: (root) CMD (  [ -x /usr/lib/php/sessionclean ] && /usr/lib/php/sessionclean)
Feb 21 06:40:50 ip-172-31-69-28 dhclient[990]: DHCPREQUEST of 172.31.69.28 on eth0 to 172.31.69.1 port 67 (xid=0x616d2b69)
Feb 21 06:40:50 ip-172-31-69-28 dhclient[990]: DHCPACK of 172.31.69.28 from 172.31.69.1
Feb 21 06:40:50 ip-172-31-69-28 dhclient[990]: bound to 172.31.69.28 -- renewal in 1491 seconds.
Feb 21 07:05:42 ip-172-31-69-28 dhclient[990]: DHCPREQUEST of 172.31.69.28 on eth0 to 172.31.69.1 port 67 (xid=0x616d2b69)
Feb 21 07:05:42 ip-172-31-69-28 dhclient[990]: DHCPACK of 172.31.69.28 from 172.31.69.1
Feb 21 07:05:42 ip-172-31-69-28 dhclient[990]: bound to 172.31.69.28 -- renewal in 1658 seconds.
Feb 21 07:09:01 ip-172-31-69-28 CRON[4235]: (root) CMD (  [ -x /usr/lib/php/sessionclean ] && /usr/lib/php/sessionclean)
Feb 21 07:17:01 ip-172-31-69-28 CRON[4327]: (root) CMD (   cd / && run-parts --report /etc/cron.hourly)
Feb 21 07:33:21 ip-172-31-69-28 dhclient[990]: DHCPREQUEST of 172.31.69.28 on eth0 to 172.31.69.1 port 67 (xid=0x616d2b69)
Feb 21 07:33:21 ip-172-31-69-28 dhclient[990]: DHCPACK of 172.31.69.28 from 172.31.69.1
Feb 21 07:33:21 ip-172-31-69-28 dhclient[990]: bound to 172.31.69.28 -- renewal in 1796 seconds.
Feb 21 07:39:01 ip-172-31-69-28 CRON[4350]: (root) CMD (  [ -x /usr/lib/php/sessionclean ] && /usr/lib/php/sessionclean)
Feb 21 08:03:17 ip-172-31-69-28 dhclient[990]: DHCPREQUEST of 172.31.69.28 on eth0 to 172.31.69.1 port 67 (xid=0x616d2b69)
Feb 21 08:03:17 ip-172-31-69-28 dhclient[990]: DHCPACK of 172.31.69.28 from 172.31.69.1
Feb 21 08:03:17 ip-172-31-69-28 dhclient[990]: bound to 172.31.69.28 -- renewal in 1550 seconds.
Feb 21 08:09:01 ip-172-31-69-28 CRON[4456]: (root) CMD (  [ -x /usr/lib/php/sessionclean ] && /usr/lib/php/sessionclean)
Feb 21 08:17:01 ip-172-31-69-28 CRON[4545]: (root) CMD (   cd / && run-parts --report /etc/cron.hourly)
Feb 21 08:28:57 ip-172-31-69-28 systemd[1]: Received SIGINT.
Feb 21 08:28:57 ip-172-31-69-28 systemd[1]: Stopped target Graphical Interface.
Feb 21 08:28:57 ip-172-31-69-28 systemd[1]: Stopped target Timers.
Feb 21 08:28:57 ip-172-31-69-28 systemd[1]: Stopped Timer to automatically refresh installed snaps.
Feb 21 08:28:57 ip-172-31-69-28 systemd[1]: Stopped target Cloud-init target.
Feb 21 08:28:57 ip-172-31-69-28 systemd[1]: Stopped Execute cloud user/final scripts.
Feb 21 08:28:57 ip-172-31-69-28 systemd[1]: Stopped Daily Cleanup of Temporary Directories.
Feb 21 08:28:57 ip-172-31-69-28 systemd[1]: Stopped target Multi-User System.
Feb 21 08:28:57 ip-172-31-69-28 systemd[1]: Stopping D-Bus System Message Bus...
Feb 21 08:28:57 ip-172-31-69-28 systemd[1]: Stopping LSB: Set the CPU Frequency Scaling governor to "ondemand"...
Feb 21 08:28:57 ip-172-31-69-28 systemd[1]: Stopping LSB: Apache2 web server...
Feb 21 08:28:57 ip-172-31-69-28 systemd[1]: Stopping LSB: automatic crash report generation...
Feb 21 08:28:57 ip-172-31-69-28 systemd[1]: Closed Load/Save RF Kill Switch Status /dev/rfkill Watch.
Feb 21 08:28:57 ip-172-31-69-28 systemd[1]: Stopping LSB: daemon to balance interrupts for SMP systems...
Feb 21 08:28:57 ip-172-31-69-28 systemd[1]: Stopping Authenticate and Authorize Users to Run Privileged Tasks...
Feb 21 08:28:57 ip-172-31-69-28 rsyslogd: [origin software="rsyslogd" swVersion="8.16.0" x-pid="1175" x-info="http://www.rsyslog.com"] exiting on signal 15.
Feb 21 08:29:30 ip-172-31-69-28 rsyslogd: [origin software="rsyslogd" swVersion="8.16.0" x-pid="1117" x-info="http://www.rsyslog.com"] start
Feb 21 08:29:30 ip-172-31-69-28 rsyslogd-2222: command 'KLogPermitNonKernelFacility' is currently not permitted - did you already set it via a RainerScript command (v6+ config)? [v8.16.0 try http://www.rsyslog.com/e/2222 ]
Feb 21 08:29:30 ip-172-31-69-28 rsyslogd: rsyslogd's groupid changed to 108
Feb 21 08:29:30 ip-172-31-69-28 rsyslogd: rsyslogd's userid changed to 104
Feb 21 08:29:30 ip-172-31-69-28 kernel: [    0.000000] Initializing cgroup subsys cpuset
Feb 21 08:29:30 ip-172-31-69-28 kernel: [    0.000000] Initializing cgroup subsys cpu
Feb 21 08:29:30 ip-172-31-69-28 kernel: [    0.000000] Initializing cgroup subsys cpuacct
Feb 21 08:29:30 ip-172-31-69-28 kernel: [    0.000000] Linux version 4.4.0-1049-aws (buildd@lcy01-amd64-001) (gcc version 5.4.0 20160609 (Ubuntu 5.4.0-6ubuntu1~16.04.5) ) #58-Ubuntu SMP Fri Jan 12 23:17:09 UTC 2018 (Ubuntu 4.4.0-1049.58-aws 4.4.98)
Feb 21 08:29:30 ip-172-31-69-28 kernel: [    0.000000] Command line: BOOT_IMAGE=/boot/vmlinuz-4.4.0-1049-aws root=UUID=ccee1a8d-0785-4b3a-a578-812d59f5d3e1 ro console=tty1 console=ttyS0 nvme.io_timeout=4294967295
Feb 21 08:29:30 ip-172-31-69-28 kernel: [    0.000000] KERNEL supported cpus:
Feb 21 08:29:30 ip-172-31-69-28 kernel: [    0.000000]   Intel GenuineIntel
Feb 21 08:29:30 ip-172-31-69-28 kernel: [    0.000000]   AMD AuthenticAMD
Feb 21 08:29:30 ip-172-31-69-28 kernel: [    0.000000]   Centaur CentaurHauls
Feb 21 08:29:30 ip-172-31-69-28 kernel: [    0.000000] x86/fpu: xstate_offset[2]:  576, xstate_sizes[2]:  256
Feb 21 08:29:30 ip-172-31-69-28 kernel: [    0.000000] x86/fpu: Supporting XSAVE feature 0x01: 'x87 floating point registers'
Feb 21 08:29:30 ip-172-31-69-28 kernel: [    0.000000] x86/fpu: Supporting XSAVE feature 0x02: 'SSE registers'
Feb 21 08:29:30 ip-172-31-69-28 kernel: [    0.000000] x86/fpu: Supporting XSAVE feature 0x04: 'AVX registers'
Feb 21 08:29:30 ip-172-31-69-28 kernel: [    0.000000] x86/fpu: Enabled xstate features 0x7, context size is 832 bytes, using 'standard' format.
Feb 21 08:29:30 ip-172-31-69-28 kernel: [    0.000000] x86/fpu: Using 'eager' FPU context switches.
Feb 21 08:29:30 ip-172-31-69-28 kernel: [    0.000000] e820: BIOS-provided physical RAM map:
Feb 21 08:29:30 ip-172-31-69-28 kernel: [    0.000000] BIOS-e820: [mem 0x0000000000000000-0x000000000009dfff] usable
Feb 21 08:29:30 ip-172-31-69-28 kernel: [    0.000000] BIOS-e820: [mem 0x000000000009e000-0x000000000009ffff] reserved
Feb 21 08:29:30 ip-172-31-69-28 kernel: [    0.000000] BIOS-e820: [mem 0x00000000000e0000-0x00000000000fffff] reserved
Feb 21 08:29:30 ip-172-31-69-28 kernel: [    0.000000] BIOS-e820: [mem 0x0000000000100000-0x000000003fffffff] usable
Feb 21 08:29:30 ip-172-31-69-28 kernel: [    0.000000] BIOS-e820: [mem 0x00000000fc000000-0x00000000ffffffff] reserved
Feb 21 08:29:30 ip-172-31-69-28 kernel: [    0.000000] NX (Execute Disable) protection: active
Feb 21 08:29:30 ip-172-31-69-28 kernel: [    0.000000] SMBIOS 2.7 present.
Feb 21 08:29:30 ip-172-31-69-28 kernel: [    0.000000] DMI: Xen HVM domU, BIOS 4.2.amazon 08/24/2006
Feb 21 08:29:30 ip-172-31-69-28 kernel: [    0.000000] Hypervisor detected: Xen
Feb 21 08:29:30 ip-172-31-69-28 kernel: [    0.000000] Xen version 4.2.
Feb 21 08:29:30 ip-172-31-69-28 kernel: [    0.000000] Xen Platform PCI: I/O protocol version 1
Feb 21 08:29:30 ip-172-31-69-28 kernel: [    0.000000] Netfront and the Xen platform PCI driver have been compiled for this kernel: unplug emulated NICs.
Feb 21 08:29:30 ip-172-31-69-28 kernel: [    0.000000] Blkfront and the Xen platform PCI driver have been compiled for this kernel: unplug emulated disks.
Feb 21 08:29:30 ip-172-31-69-28 kernel: [    0.000000] You might have to change the root device
Feb 21 08:29:30 ip-172-31-69-28 kernel: [    0.000000] from /dev/hd[a-d] to /dev/xvd[a-d]
Feb 21 08:29:30 ip-172-31-69-28 kernel: [    0.000000] in your root= kernel command line option
Feb 21 08:29:30 ip-172-31-69-28 kernel: [    0.000000] HVMOP_pagetable_dying not supported
Feb 21 08:29:30 ip-172-31-69-28 kernel: [    0.000000] e820: update [mem 0x00000000-0x00000fff] usable ==> reserved
Feb 21 08:29:30 ip-172-31-69-28 kernel: [    0.000000] e820: remove [mem 0x000a0000-0x000fffff] usable
Feb 21 08:29:30 ip-172-31-69-28 kernel: [    0.000000] e820: last_pfn = 0x40000 max_arch_pfn = 0x400000000
Feb 21 08:29:30 ip-172-31-69-28 kernel: [    0.000000] MTRR default type: write-back
Feb 21 08:29:30 ip-172-31-69-28 kernel: [    0.000000] MTRR fixed ranges enabled:
Feb 21 08:29:30 ip-172-31-69-28 kernel: [    0.000000]   00000-9FFFF write-back
Feb 21 08:29:30 ip-172-31-69-28 kernel: [    0.000000]   A0000-BFFFF write-combining
Feb 21 08:29:30 ip-172-31-69-28 kernel: [    0.000000]   C0000-FFFFF write-back
Feb 21 08:29:30 ip-172-31-69-28 kernel: [    0.000000] MTRR variable ranges enabled:
Feb 21 08:29:30 ip-172-31-69-28 kernel: [    0.000000]   0 base 0000F0000000 mask 3FFFF8000000 uncachable
Feb 21 08:29:30 ip-172-31-69-28 kernel: [    0.000000]   1 base 0000F8000000 mask 3FFFFC000000 uncachable
Feb 21 08:29:30 ip-172-31-69-28 kernel: [    0.000000]   2 disabled
Feb 21 08:29:30 ip-172-31-69-28 kernel: [    0.000000]   3 disabled
Feb 21 08:29:30 ip-172-31-69-28 kernel: [    0.000000]   4 disabled
Feb 21 08:29:30 ip-172-31-69-28 kernel: [    0.000000]   5 disabled
Feb 21 08:29:30 ip-172-31-69-28 kernel: [    0.000000]   6 disabled
Feb 21 08:29:30 ip-172-31-69-28 kernel: [    0.000000]   7 disabled
Feb 21 08:29:30 ip-172-31-69-28 kernel: [    0.000000] x86/PAT: Configuration [0-7]: WB  WC  UC- UC  WB  WC  UC- WT  
Feb 21 08:29:30 ip-172-31-69-28 kernel: [    0.000000] found SMP MP-table at [mem 0x000fbc20-0x000fbc2f] mapped at [ffff8800000fbc20]
Feb 21 08:29:30 ip-172-31-69-28 kernel: [    0.000000] Scanning 1 areas for low memory corruption
Feb 21 08:29:30 ip-172-31-69-28 kernel: [    0.000000] Base memory trampoline at [ffff880000098000] 98000 size 24576
Feb 21 08:29:30 ip-172-31-69-28 kernel: [    0.000000] BRK [0x02201000, 0x02201fff] PGTABLE
Feb 21 08:29:30 ip-172-31-69-28 kernel: [    0.000000] BRK [0x02202000, 0x02202fff] PGTABLE
Feb 21 08:29:30 ip-172-31-69-28 kernel: [    0.000000] BRK [0x02203000, 0x02203fff] PGTABLE
Feb 21 08:29:30 ip-172-31-69-28 kernel: [    0.000000] RAMDISK: [mem 0x367e6000-0x373eafff]
Feb 21 08:29:30 ip-172-31-69-28 kernel: [    0.000000] ACPI: Early table checksum verification disabled
Feb 21 08:29:30 ip-172-31-69-28 kernel: [    0.000000] ACPI: RSDP 0x00000000000EA020 000024 (v02 Xen   )
Feb 21 08:29:30 ip-172-31-69-28 kernel: [    0.000000] ACPI: XSDT 0x00000000FC00DDC0 000054 (v01 Xen    HVM      00000000 HVML 00000000)
Feb 21 08:29:30 ip-172-31-69-28 kernel: [    0.000000] ACPI: FACP 0x00000000FC00DA80 0000F4 (v04 Xen    HVM      00000000 HVML 00000000)
Feb 21 08:29:30 ip-172-31-69-28 kernel: [    0.000000] ACPI: DSDT 0x00000000FC001CE0 00BD19 (v02 Xen    HVM      00000000 INTL 20090123)
Feb 21 08:29:30 ip-172-31-69-28 kernel: [    0.000000] ACPI: FACS 0x00000000FC001CA0 000040
Feb 21 08:29:30 ip-172-31-69-28 kernel: [    0.000000] ACPI: FACS 0x00000000FC001CA0 000040
Feb 21 08:29:30 ip-172-31-69-28 kernel: [    0.000000] ACPI: APIC 0x00000000FC00DB80 0000D8 (v02 Xen    HVM      00000000 HVML 00000000)
Feb 21 08:29:30 ip-172-31-69-28 kernel: [    0.000000] ACPI: HPET 0x00000000FC00DCD0 000038 (v01 Xen    HVM      00000000 HVML 00000000)
Feb 21 08:29:30 ip-172-31-69-28 kernel: [    0.000000] ACPI: WAET 0x00000000FC00DD10 000028 (v01 Xen    HVM      00000000 HVML 00000000)
Feb 21 08:29:30 ip-172-31-69-28 kernel: [    0.000000] ACPI: SSDT 0x00000000FC00DD40 000031 (v02 Xen    HVM      00000000 INTL 20090123)
Feb 21 08:29:30 ip-172-31-69-28 kernel: [    0.000000] ACPI: SSDT 0x00000000FC00DD80 000031 (v02 Xen    HVM      00000000 INTL 20090123)
Feb 21 08:29:30 ip-172-31-69-28 kernel: [    0.000000] ACPI: Local APIC address 0xfee00000
Feb 21 08:29:30 ip-172-31-69-28 kernel: [    0.000000] No NUMA configuration found
Feb 21 08:29:30 ip-172-31-69-28 kernel: [    0.000000] Faking a node at [mem 0x0000000000000000-0x000000003fffffff]
Feb 21 08:29:30 ip-172-31-69-28 kernel: [    0.000000] NODE_DATA(0) allocated [mem 0x3fffb000-0x3fffffff]
Feb 21 08:29:30 ip-172-31-69-28 kernel: [    0.000000] Zone ranges:
Feb 21 08:29:30 ip-172-31-69-28 kernel: [    0.000000]   DMA      [mem 0x0000000000001000-0x0000000000ffffff]
Feb 21 08:29:30 ip-172-31-69-28 kernel: [    0.000000]   DMA32    [mem 0x0000000001000000-0x000000003fffffff]
Feb 21 08:29:30 ip-172-31-69-28 kernel: [    0.000000]   Normal   empty
Feb 21 08:29:30 ip-172-31-69-28 kernel: [    0.000000]   Device   empty
Feb 21 08:29:30 ip-172-31-69-28 kernel: [    0.000000] Movable zone start for each node
Feb 21 08:29:30 ip-172-31-69-28 kernel: [    0.000000] Early memory node ranges
Feb 21 08:29:30 ip-172-31-69-28 kernel: [    0.000000]   node   0: [mem 0x0000000000001000-0x000000000009dfff]
Feb 21 08:29:30 ip-172-31-69-28 kernel: [    0.000000]   node   0: [mem 0x0000000000100000-0x000000003fffffff]
Feb 21 08:29:30 ip-172-31-69-28 kernel: [    0.000000] Initmem setup node 0 [mem 0x0000000000001000-0x000000003fffffff]
Feb 21 08:29:30 ip-172-31-69-28 kernel: [    0.000000] On node 0 totalpages: 262045
Feb 21 08:29:30 ip-172-31-69-28 kernel: [    0.000000]   DMA zone: 64 pages used for memmap
Feb 21 08:29:30 ip-172-31-69-28 kernel: [    0.000000]   DMA zone: 21 pages reserved
Feb 21 08:29:30 ip-172-31-69-28 kernel: [    0.000000]   DMA zone: 3997 pages, LIFO batch:0
Feb 21 08:29:30 ip-172-31-69-28 kernel: [    0.000000]   DMA32 zone: 4032 pages used for memmap
Feb 21 08:29:30 ip-172-31-69-28 kernel: [    0.000000]   DMA32 zone: 258048 pages, LIFO batch:31
Feb 21 08:29:30 ip-172-31-69-28 kernel: [    0.000000] ACPI: PM-Timer IO Port: 0xb008
Feb 21 08:29:30 ip-172-31-69-28 kernel: [    0.000000] ACPI: Local APIC address 0xfee00000
Feb 21 08:29:30 ip-172-31-69-28 kernel: [    0.000000] IOAPIC[0]: apic_id 1, version 17, address 0xfec00000, GSI 0-47
Feb 21 08:29:30 ip-172-31-69-28 kernel: [    0.000000] ACPI: INT_SRC_OVR (bus 0 bus_irq 0 global_irq 2 dfl dfl)
Feb 21 08:29:30 ip-172-31-69-28 kernel: [    0.000000] ACPI: INT_SRC_OVR (bus 0 bus_irq 5 global_irq 5 low level)
Feb 21 08:29:30 ip-172-31-69-28 kernel: [    0.000000] ACPI: INT_SRC_OVR (bus 0 bus_irq 10 global_irq 10 low level)
Feb 21 08:29:30 ip-172-31-69-28 kernel: [    0.000000] ACPI: INT_SRC_OVR (bus 0 bus_irq 11 global_irq 11 low level)
Feb 21 08:29:30 ip-172-31-69-28 kernel: [    0.000000] ACPI: IRQ0 used by override.
Feb 21 08:29:30 ip-172-31-69-28 kernel: [    0.000000] ACPI: IRQ5 used by override.
Feb 21 08:29:30 ip-172-31-69-28 kernel: [    0.000000] ACPI: IRQ9 used by override.
Feb 21 08:29:30 ip-172-31-69-28 kernel: [    0.000000] ACPI: IRQ10 used by override.
Feb 21 08:29:30 ip-172-31-69-28 kernel: [    0.000000] ACPI: IRQ11 used by override.
Feb 21 08:29:30 ip-172-31-69-28 kernel: [    0.000000] Using ACPI (MADT) for SMP configuration information
Feb 21 08:29:30 ip-172-31-69-28 kernel: [    0.000000] ACPI: HPET id: 0x8086a201 base: 0xfed00000
Feb 21 08:29:30 ip-172-31-69-28 kernel: [    0.000000] smpboot: Allowing 15 CPUs, 14 hotplug CPUs
Feb 21 08:29:30 ip-172-31-69-28 kernel: [    0.000000] PM: Registered nosave memory: [mem 0x00000000-0x00000fff]
Feb 21 08:29:30 ip-172-31-69-28 kernel: [    0.000000] PM: Registered nosave memory: [mem 0x0009e000-0x0009ffff]
Feb 21 08:29:30 ip-172-31-69-28 kernel: [    0.000000] PM: Registered nosave memory: [mem 0x000a0000-0x000dffff]
Feb 21 08:29:30 ip-172-31-69-28 kernel: [    0.000000] PM: Registered nosave memory: [mem 0x000e0000-0x000fffff]
Feb 21 08:29:30 ip-172-31-69-28 kernel: [    0.000000] e820: [mem 0x40000000-0xfbffffff] available for PCI devices
Feb 21 08:29:30 ip-172-31-69-28 kernel: [    0.000000] Booting paravirtualized kernel on Xen HVM
Feb 21 08:29:30 ip-172-31-69-28 kernel: [    0.000000] clocksource: refined-jiffies: mask: 0xffffffff max_cycles: 0xffffffff, max_idle_ns: 7645519600211568 ns
Feb 21 08:29:30 ip-172-31-69-28 kernel: [    0.000000] setup_percpu: NR_CPUS:256 nr_cpumask_bits:256 nr_cpu_ids:15 nr_node_ids:1
Feb 21 08:29:30 ip-172-31-69-28 kernel: [    0.000000] PERCPU: Embedded 34 pages/cpu @ffff88003e200000 s99160 r8192 d31912 u262144
Feb 21 08:29:30 ip-172-31-69-28 kernel: [    0.000000] pcpu-alloc: s99160 r8192 d31912 u262144 alloc=1*2097152
Feb 21 08:29:30 ip-172-31-69-28 kernel: [    0.000000] pcpu-alloc: [0] 00 01 02 03 04 05 06 07 [0] 08 09 10 11 12 13 14 -- 
Feb 21 08:29:30 ip-172-31-69-28 kernel: [    0.000000] xen: PV spinlocks enabled
Feb 21 08:29:30 ip-172-31-69-28 kernel: [    0.000000] PV qspinlock hash table entries: 256 (order: 0, 4096 bytes)
Feb 21 08:29:30 ip-172-31-69-28 kernel: [    0.000000] Built 1 zonelists in Node order, mobility grouping on.  Total pages: 257928
Feb 21 08:29:30 ip-172-31-69-28 kernel: [    0.000000] Policy zone: DMA32
Feb 21 08:29:30 ip-172-31-69-28 kernel: [    0.000000] Kernel command line: BOOT_IMAGE=/boot/vmlinuz-4.4.0-1049-aws root=UUID=ccee1a8d-0785-4b3a-a578-812d59f5d3e1 ro console=tty1 console=ttyS0 nvme.io_timeout=4294967295
Feb 21 08:29:30 ip-172-31-69-28 kernel: [    0.000000] PID hash table entries: 4096 (order: 3, 32768 bytes)
Feb 21 08:29:30 ip-172-31-69-28 kernel: [    0.000000] Calgary: detecting Calgary via BIOS EBDA area
Feb 21 08:29:30 ip-172-31-69-28 kernel: [    0.000000] Calgary: Unable to locate Rio Grande table in EBDA - bailing!
Feb 21 08:29:30 ip-172-31-69-28 kernel: [    0.000000] Memory: 998628K/1048180K available (8320K kernel code, 1276K rwdata, 3872K rodata, 1484K init, 1288K bss, 49552K reserved, 0K cma-reserved)
Feb 21 08:29:30 ip-172-31-69-28 kernel: [    0.000000] SLUB: HWalign=64, Order=0-3, MinObjects=0, CPUs=15, Nodes=1
Feb 21 08:29:30 ip-172-31-69-28 kernel: [    0.000000] Kernel/User page tables isolation: enabled
Feb 21 08:29:30 ip-172-31-69-28 kernel: [    0.000000] Hierarchical RCU implementation.
Feb 21 08:29:30 ip-172-31-69-28 kernel: [    0.000000] 	Build-time adjustment of leaf fanout to 64.
Feb 21 08:29:30 ip-172-31-69-28 kernel: [    0.000000] 	RCU restricting CPUs from NR_CPUS=256 to nr_cpu_ids=15.
Feb 21 08:29:30 ip-172-31-69-28 kernel: [    0.000000] RCU: Adjusting geometry for rcu_fanout_leaf=64, nr_cpu_ids=15
Feb 21 08:29:30 ip-172-31-69-28 kernel: [    0.000000] NR_IRQS:16640 nr_irqs:952 16
Feb 21 08:29:30 ip-172-31-69-28 kernel: [    0.000000] xen:events: Using 2-level ABI
Feb 21 08:29:30 ip-172-31-69-28 kernel: [    0.000000] xen:events: Xen HVM callback vector for event delivery is enabled
Feb 21 08:29:30 ip-172-31-69-28 kernel: [    0.000000] Console: colour VGA+ 80x25
Feb 21 08:29:30 ip-172-31-69-28 kernel: [    0.000000] console [tty1] enabled
Feb 21 08:29:30 ip-172-31-69-28 kernel: [    0.000000] Cannot get hvm parameter CONSOLE_EVTCHN (18): -22!
Feb 21 08:29:30 ip-172-31-69-28 kernel: [    0.000000] console [ttyS0] enabled
Feb 21 08:29:30 ip-172-31-69-28 kernel: [    0.000000] clocksource: hpet: mask: 0xffffffff max_cycles: 0xffffffff, max_idle_ns: 30580167144 ns
Feb 21 08:29:30 ip-172-31-69-28 kernel: [    0.000000] hpet clockevent registered
Feb 21 08:29:30 ip-172-31-69-28 kernel: [    0.000000] tsc: Detected 2400.044 MHz processor
Feb 21 08:29:30 ip-172-31-69-28 kernel: [    0.008000] Calibrating delay loop (skipped), value calculated using timer frequency.. 4800.08 BogoMIPS (lpj=9600176)
Feb 21 08:29:30 ip-172-31-69-28 kernel: [    0.009768] pid_max: default: 32768 minimum: 301
Feb 21 08:29:30 ip-172-31-69-28 kernel: [    0.012012] ACPI: Core revision 20150930
Feb 21 08:29:30 ip-172-31-69-28 kernel: [    0.020432] ACPI: 3 ACPI AML tables successfully acquired and loaded
Feb 21 08:29:30 ip-172-31-69-28 kernel: [    0.024036] Security Framework initialized
Feb 21 08:29:30 ip-172-31-69-28 kernel: [    0.026114] Yama: becoming mindful.
Feb 21 08:29:30 ip-172-31-69-28 kernel: [    0.028027] AppArmor: AppArmor initialized
Feb 21 08:29:30 ip-172-31-69-28 kernel: [    0.030236] Dentry cache hash table entries: 131072 (order: 8, 1048576 bytes)
Feb 21 08:29:30 ip-172-31-69-28 kernel: [    0.032178] Inode-cache hash table entries: 65536 (order: 7, 524288 bytes)
Feb 21 08:29:30 ip-172-31-69-28 kernel: [    0.036084] Mount-cache hash table entries: 2048 (order: 2, 16384 bytes)
Feb 21 08:29:30 ip-172-31-69-28 kernel: [    0.040008] Mountpoint-cache hash table entries: 2048 (order: 2, 16384 bytes)
Feb 21 08:29:30 ip-172-31-69-28 kernel: [    0.043463] Initializing cgroup subsys io
Feb 21 08:29:30 ip-172-31-69-28 kernel: [    0.044008] Initializing cgroup subsys memory
Feb 21 08:29:30 ip-172-31-69-28 kernel: [    0.048013] Initializing cgroup subsys devices
Feb 21 08:29:30 ip-172-31-69-28 kernel: [    0.050512] Initializing cgroup subsys freezer
Feb 21 08:29:30 ip-172-31-69-28 kernel: [    0.052008] Initializing cgroup subsys net_cls
Feb 21 08:29:30 ip-172-31-69-28 kernel: [    0.056007] Initializing cgroup subsys perf_event
Feb 21 08:29:30 ip-172-31-69-28 kernel: [    0.058486] Initializing cgroup subsys net_prio
Feb 21 08:29:30 ip-172-31-69-28 kernel: [    0.060010] Initializing cgroup subsys hugetlb
Feb 21 08:29:30 ip-172-31-69-28 kernel: [    0.064006] Initializing cgroup subsys pids
Feb 21 08:29:30 ip-172-31-69-28 kernel: [    0.066232] CPU: Physical Processor ID: 0
Feb 21 08:29:30 ip-172-31-69-28 kernel: [    0.068010] FEATURE SPEC_CTRL Not Present
Feb 21 08:29:30 ip-172-31-69-28 kernel: [    0.070856] mce: CPU supports 2 MCE banks
Feb 21 08:29:30 ip-172-31-69-28 kernel: [    0.072023] Last level iTLB entries: 4KB 1024, 2MB 1024, 4MB 1024
Feb 21 08:29:30 ip-172-31-69-28 kernel: [    0.074720] Last level dTLB entries: 4KB 1024, 2MB 1024, 4MB 1024, 1GB 4
Feb 21 08:29:30 ip-172-31-69-28 kernel: [    0.094935] ftrace: allocating 31285 entries in 123 pages
Feb 21 08:29:30 ip-172-31-69-28 kernel: [    0.124094] smpboot: APIC(0) Converting physical 0 to logical package 0
Feb 21 08:29:30 ip-172-31-69-28 kernel: [    0.127095] smpboot: Max logical packages: 15
Feb 21 08:29:30 ip-172-31-69-28 kernel: [    0.128602] x2apic: IRQ remapping doesn't support X2APIC mode
Feb 21 08:29:30 ip-172-31-69-28 kernel: [    0.132003] Switched APIC routing to physical flat.
Feb 21 08:29:30 ip-172-31-69-28 kernel: [    0.136000] ..TIMER: vector=0x30 apic1=0 pin1=2 apic2=0 pin2=0
Feb 21 08:29:30 ip-172-31-69-28 kernel: [    0.140003] clocksource: xen: mask: 0xffffffffffffffff max_cycles: 0x1cd42e4dffb, max_idle_ns: 881590591483 ns
Feb 21 08:29:30 ip-172-31-69-28 kernel: [    0.144010] Xen: using vcpuop timer interface
Feb 21 08:29:30 ip-172-31-69-28 kernel: [    0.144017] installing Xen timer for CPU 0
Feb 21 08:29:30 ip-172-31-69-28 kernel: [    0.148069] smpboot: CPU0: Intel(R) Xeon(R) CPU E5-2676 v3 @ 2.40GHz (family: 0x6, model: 0x3f, stepping: 0x2)
Feb 21 08:29:30 ip-172-31-69-28 kernel: [    0.153219] cpu 0 spinlock event irq 53
Feb 21 08:29:30 ip-172-31-69-28 kernel: [    0.155319] Performance Events: unsupported p6 CPU model 63 no PMU driver, software events only.
Feb 21 08:29:30 ip-172-31-69-28 kernel: [    0.160277] x86: Booted up 1 node, 1 CPUs
Feb 21 08:29:30 ip-172-31-69-28 kernel: [    0.162616] smpboot: Total of 1 processors activated (4800.08 BogoMIPS)
Feb 21 08:29:30 ip-172-31-69-28 kernel: [    0.164010] NMI watchdog: disabled (cpu0): hardware events not enabled
Feb 21 08:29:30 ip-172-31-69-28 kernel: [    0.167303] NMI watchdog: Shutting down hard lockup detector on all cpus
Feb 21 08:29:30 ip-172-31-69-28 kernel: [    0.168341] devtmpfs: initialized
Feb 21 08:29:30 ip-172-31-69-28 kernel: [    0.171671] evm: security.selinux
Feb 21 08:29:30 ip-172-31-69-28 kernel: [    0.172007] evm: security.SMACK64
Feb 21 08:29:30 ip-172-31-69-28 kernel: [    0.173932] evm: security.SMACK64EXEC
Feb 21 08:29:30 ip-172-31-69-28 kernel: [    0.175972] evm: security.SMACK64TRANSMUTE
Feb 21 08:29:30 ip-172-31-69-28 kernel: [    0.176004] evm: security.SMACK64MMAP
Feb 21 08:29:30 ip-172-31-69-28 kernel: [    0.178247] evm: security.ima
Feb 21 08:29:30 ip-172-31-69-28 kernel: [    0.180008] evm: security.capability
Feb 21 08:29:30 ip-172-31-69-28 kernel: [    0.182170] clocksource: jiffies: mask: 0xffffffff max_cycles: 0xffffffff, max_idle_ns: 7645041785100000 ns
Feb 21 08:29:30 ip-172-31-69-28 kernel: [    0.184028] futex hash table entries: 4096 (order: 6, 262144 bytes)
Feb 21 08:29:30 ip-172-31-69-28 kernel: [    0.187432] RTC time: 12:29:22, date: 02/21/18
Feb 21 08:29:30 ip-172-31-69-28 kernel: [    0.188135] NET: Registered protocol family 16
Feb 21 08:29:30 ip-172-31-69-28 kernel: [    0.190648] cpuidle: using governor ladder
Feb 21 08:29:30 ip-172-31-69-28 kernel: [    0.192010] cpuidle: using governor menu
Feb 21 08:29:30 ip-172-31-69-28 kernel: [    0.194264] PCCT header not found.
Feb 21 08:29:30 ip-172-31-69-28 kernel: [    0.196082] ACPI: bus type PCI registered
Feb 21 08:29:30 ip-172-31-69-28 kernel: [    0.198253] acpiphp: ACPI Hot Plug PCI Controller Driver version: 0.5
Feb 21 08:29:30 ip-172-31-69-28 kernel: [    0.200256] PCI: Using configuration type 1 for base access
Feb 21 08:29:30 ip-172-31-69-28 kernel: [    0.204089] ACPI: Added _OSI(Module Device)
Feb 21 08:29:30 ip-172-31-69-28 kernel: [    0.206455] ACPI: Added _OSI(Processor Device)
Feb 21 08:29:30 ip-172-31-69-28 kernel: [    0.208004] ACPI: Added _OSI(3.0 _SCP Extensions)
Feb 21 08:29:30 ip-172-31-69-28 kernel: [    0.210557] ACPI: Added _OSI(Processor Aggregator Device)
Feb 21 08:29:30 ip-172-31-69-28 kernel: [    0.212916] xen: --> pirq=16 -> irq=9 (gsi=9)
Feb 21 08:29:30 ip-172-31-69-28 kernel: [    0.215336] ACPI: Interpreter enabled
Feb 21 08:29:30 ip-172-31-69-28 kernel: [    0.216013] ACPI: (supports S0 S4 S5)
Feb 21 08:29:30 ip-172-31-69-28 kernel: [    0.218067] ACPI: Using IOAPIC for interrupt routing
Feb 21 08:29:30 ip-172-31-69-28 kernel: [    0.220025] PCI: Using host bridge windows from ACPI; if necessary, use "pci=nocrs" and report a bug
Feb 21 08:29:30 ip-172-31-69-28 kernel: [    0.261174] ACPI: PCI Root Bridge [PCI0] (domain 0000 [bus 00-ff])
Feb 21 08:29:30 ip-172-31-69-28 kernel: [    0.264021] acpi PNP0A03:00: _OSC: OS supports [ASPM ClockPM Segments MSI]
Feb 21 08:29:30 ip-172-31-69-28 kernel: [    0.267668] acpi PNP0A03:00: _OSC failed (AE_NOT_FOUND); disabling ASPM
Feb 21 08:29:30 ip-172-31-69-28 kernel: [    0.268023] acpi PNP0A03:00: fail to add MMCONFIG information, can't access extended PCI configuration space under this bridge.
Feb 21 08:29:30 ip-172-31-69-28 kernel: [    0.272898] acpiphp: Slot [0] registered
Feb 21 08:29:30 ip-172-31-69-28 kernel: [    0.275746] acpiphp: Slot [3] registered
Feb 21 08:29:30 ip-172-31-69-28 kernel: [    0.276232] acpiphp: Slot [4] registered
Feb 21 08:29:30 ip-172-31-69-28 kernel: [    0.278724] acpiphp: Slot [5] registered
Feb 21 08:29:30 ip-172-31-69-28 kernel: [    0.280213] acpiphp: Slot [6] registered
Feb 21 08:29:30 ip-172-31-69-28 kernel: [    0.282626] acpiphp: Slot [7] registered
Feb 21 08:29:30 ip-172-31-69-28 kernel: [    0.284228] acpiphp: Slot [8] registered
Feb 21 08:29:30 ip-172-31-69-28 kernel: [    0.286516] acpiphp: Slot [9] registered
Feb 21 08:29:30 ip-172-31-69-28 kernel: [    0.288243] acpiphp: Slot [10] registered
Feb 21 08:29:30 ip-172-31-69-28 kernel: [    0.290626] acpiphp: Slot [11] registered
Feb 21 08:29:30 ip-172-31-69-28 kernel: [    0.292214] acpiphp: Slot [12] registered
Feb 21 08:29:30 ip-172-31-69-28 kernel: [    0.294597] acpiphp: Slot [13] registered
Feb 21 08:29:30 ip-172-31-69-28 kernel: [    0.296212] acpiphp: Slot [14] registered
Feb 21 08:29:30 ip-172-31-69-28 kernel: [    0.298634] acpiphp: Slot [15] registered
Feb 21 08:29:30 ip-172-31-69-28 kernel: [    0.300308] acpiphp: Slot [16] registered
Feb 21 08:29:30 ip-172-31-69-28 kernel: [    0.302679] acpiphp: Slot [17] registered
Feb 21 08:29:30 ip-172-31-69-28 kernel: [    0.304229] acpiphp: Slot [18] registered
Feb 21 08:29:30 ip-172-31-69-28 kernel: [    0.306811] acpiphp: Slot [19] registered
Feb 21 08:29:30 ip-172-31-69-28 kernel: [    0.308233] acpiphp: Slot [20] registered
Feb 21 08:29:30 ip-172-31-69-28 kernel: [    0.310648] acpiphp: Slot [21] registered
Feb 21 08:29:30 ip-172-31-69-28 kernel: [    0.312219] acpiphp: Slot [22] registered
Feb 21 08:29:30 ip-172-31-69-28 kernel: [    0.314608] acpiphp: Slot [23] registered
Feb 21 08:29:30 ip-172-31-69-28 kernel: [    0.316234] acpiphp: Slot [24] registered
Feb 21 08:29:30 ip-172-31-69-28 kernel: [    0.318744] acpiphp: Slot [25] registered
Feb 21 08:29:30 ip-172-31-69-28 kernel: [    0.320228] acpiphp: Slot [26] registered
Feb 21 08:29:30 ip-172-31-69-28 kernel: [    0.322623] acpiphp: Slot [27] registered
Feb 21 08:29:30 ip-172-31-69-28 kernel: [    0.324222] acpiphp: Slot [28] registered
Feb 21 08:29:30 ip-172-31-69-28 kernel: [    0.326709] acpiphp: Slot [29] registered
Feb 21 08:29:30 ip-172-31-69-28 kernel: [    0.328249] acpiphp: Slot [30] registered
Feb 21 08:29:30 ip-172-31-69-28 kernel: [    0.330764] acpiphp: Slot [31] registered
Feb 21 08:29:30 ip-172-31-69-28 kernel: [    0.332242] PCI host bridge to bus 0000:00
Feb 21 08:29:30 ip-172-31-69-28 kernel: [    0.334530] pci_bus 0000:00: root bus resource [io  0x0000-0x0cf7 window]
Feb 21 08:29:30 ip-172-31-69-28 kernel: [    0.336005] pci_bus 0000:00: root bus resource [io  0x0d00-0xffff window]
Feb 21 08:29:30 ip-172-31-69-28 kernel: [    0.339295] pci_bus 0000:00: root bus resource [mem 0x000a0000-0x000bffff window]
Feb 21 08:29:30 ip-172-31-69-28 kernel: [    0.340008] pci_bus 0000:00: root bus resource [mem 0xf0000000-0xfbffffff window]
Feb 21 08:29:30 ip-172-31-69-28 kernel: [    0.343941] pci_bus 0000:00: root bus resource [bus 00-ff]
Feb 21 08:29:30 ip-172-31-69-28 kernel: [    0.344117] pci 0000:00:00.0: [8086:1237] type 00 class 0x060000
Feb 21 08:29:30 ip-172-31-69-28 kernel: [    0.345432] pci 0000:00:01.0: [8086:7000] type 00 class 0x060100
Feb 21 08:29:30 ip-172-31-69-28 kernel: [    0.347280] pci 0000:00:01.1: [8086:7010] type 00 class 0x010180
Feb 21 08:29:30 ip-172-31-69-28 kernel: [    0.348147] pci 0000:00:01.1: reg 0x20: [io  0xc100-0xc10f]
Feb 21 08:29:30 ip-172-31-69-28 kernel: [    0.348565] pci 0000:00:01.1: legacy IDE quirk: reg 0x10: [io  0x01f0-0x01f7]
Feb 21 08:29:30 ip-172-31-69-28 kernel: [    0.351945] pci 0000:00:01.1: legacy IDE quirk: reg 0x14: [io  0x03f6]
Feb 21 08:29:30 ip-172-31-69-28 kernel: [    0.352007] pci 0000:00:01.1: legacy IDE quirk: reg 0x18: [io  0x0170-0x0177]
Feb 21 08:29:30 ip-172-31-69-28 kernel: [    0.356007] pci 0000:00:01.1: legacy IDE quirk: reg 0x1c: [io  0x0376]
Feb 21 08:29:30 ip-172-31-69-28 kernel: [    0.360117] pci 0000:00:01.3: [8086:7113] type 00 class 0x068000
Feb 21 08:29:30 ip-172-31-69-28 kernel: [    0.360192] * Found PM-Timer Bug on the chipset. Due to workarounds for a bug,
Feb 21 08:29:30 ip-172-31-69-28 kernel: [    0.360192] * this clock source is slow. Consider trying other clock sources
Feb 21 08:29:30 ip-172-31-69-28 kernel: [    0.365024] pci 0000:00:01.3: quirk: [io  0xb000-0xb03f] claimed by PIIX4 ACPI
Feb 21 08:29:30 ip-172-31-69-28 kernel: [    0.368708] pci 0000:00:02.0: [1013:00b8] type 00 class 0x030000
Feb 21 08:29:30 ip-172-31-69-28 kernel: [    0.368978] pci 0000:00:02.0: reg 0x10: [mem 0xf0000000-0xf1ffffff pref]
Feb 21 08:29:30 ip-172-31-69-28 kernel: [    0.369149] pci 0000:00:02.0: reg 0x14: [mem 0xf3000000-0xf3000fff]
Feb 21 08:29:30 ip-172-31-69-28 kernel: [    0.370549] pci 0000:00:03.0: [5853:0001] type 00 class 0xff8000
Feb 21 08:29:30 ip-172-31-69-28 kernel: [    0.370895] pci 0000:00:03.0: reg 0x10: [io  0xc000-0xc0ff]
Feb 21 08:29:30 ip-172-31-69-28 kernel: [    0.371066] pci 0000:00:03.0: reg 0x14: [mem 0xf2000000-0xf2ffffff pref]
Feb 21 08:29:30 ip-172-31-69-28 kernel: [    0.373103] ACPI: PCI Interrupt Link [LNKA] (IRQs *5 10 11)
Feb 21 08:29:30 ip-172-31-69-28 kernel: [    0.378203] ACPI: PCI Interrupt Link [LNKB] (IRQs 5 *10 11)
Feb 21 08:29:30 ip-172-31-69-28 kernel: [    0.382684] ACPI: PCI Interrupt Link [LNKC] (IRQs 5 10 *11)
Feb 21 08:29:30 ip-172-31-69-28 kernel: [    0.386537] ACPI: PCI Interrupt Link [LNKD] (IRQs *5 10 11)
Feb 21 08:29:30 ip-172-31-69-28 kernel: [    0.405267] ACPI: Enabled 2 GPEs in block 00 to 0F
Feb 21 08:29:30 ip-172-31-69-28 kernel: [    0.408081] xen:balloon: Initialising balloon driver
Feb 21 08:29:30 ip-172-31-69-28 kernel: [    0.412130] vgaarb: setting as boot device: PCI:0000:00:02.0
Feb 21 08:29:30 ip-172-31-69-28 kernel: [    0.415584] vgaarb: device added: PCI:0000:00:02.0,decodes=io+mem,owns=io+mem,locks=none
Feb 21 08:29:30 ip-172-31-69-28 kernel: [    0.416005] vgaarb: loaded
Feb 21 08:29:30 ip-172-31-69-28 kernel: [    0.417872] vgaarb: bridge control possible 0000:00:02.0
Feb 21 08:29:30 ip-172-31-69-28 kernel: [    0.420191] SCSI subsystem initialized
Feb 21 08:29:30 ip-172-31-69-28 kernel: [    0.422695] libata version 3.00 loaded.
Feb 21 08:29:30 ip-172-31-69-28 kernel: [    0.422719] ACPI: bus type USB registered
Feb 21 08:29:30 ip-172-31-69-28 kernel: [    0.424019] usbcore: registered new interface driver usbfs
Feb 21 08:29:30 ip-172-31-69-28 kernel: [    0.427153] usbcore: registered new interface driver hub
Feb 21 08:29:30 ip-172-31-69-28 kernel: [    0.428021] usbcore: registered new device driver usb
Feb 21 08:29:30 ip-172-31-69-28 kernel: [    0.431108] PCI: Using ACPI for IRQ routing
Feb 21 08:29:30 ip-172-31-69-28 kernel: [    0.432006] PCI: pci_cache_line_size set to 64 bytes
Feb 21 08:29:30 ip-172-31-69-28 kernel: [    0.432306] e820: reserve RAM buffer [mem 0x0009e000-0x0009ffff]
Feb 21 08:29:30 ip-172-31-69-28 kernel: [    0.432427] NetLabel: Initializing
Feb 21 08:29:30 ip-172-31-69-28 kernel: [    0.434697] NetLabel:  domain hash size = 128
Feb 21 08:29:30 ip-172-31-69-28 kernel: [    0.436004] NetLabel:  protocols = UNLABELED CIPSOv4
Feb 21 08:29:30 ip-172-31-69-28 kernel: [    0.439058] NetLabel:  unlabeled traffic allowed by default
Feb 21 08:29:30 ip-172-31-69-28 kernel: [    0.440097] HPET: 3 timers in total, 0 timers will be used for per-cpu timer
Feb 21 08:29:30 ip-172-31-69-28 kernel: [    0.443710] hpet0: at MMIO 0xfed00000, IRQs 2, 8, 0
Feb 21 08:29:30 ip-172-31-69-28 kernel: [    0.445930] hpet0: 3 comparators, 64-bit 62.500000 MHz counter
Feb 21 08:29:30 ip-172-31-69-28 kernel: [    0.451077] amd_nb: Cannot enumerate AMD northbridges
Feb 21 08:29:30 ip-172-31-69-28 kernel: [    0.452018] clocksource: Switched to clocksource xen
Feb 21 08:29:30 ip-172-31-69-28 kernel: [    0.460166] AppArmor: AppArmor Filesystem Enabled
Feb 21 08:29:30 ip-172-31-69-28 kernel: [    0.463034] pnp: PnP ACPI init
Feb 21 08:29:30 ip-172-31-69-28 kernel: [    0.465120] system 00:00: [mem 0x00000000-0x0009ffff] could not be reserved
Feb 21 08:29:30 ip-172-31-69-28 kernel: [    0.469014] system 00:00: Plug and Play ACPI device, IDs PNP0c02 (active)
Feb 21 08:29:30 ip-172-31-69-28 kernel: [    0.469090] system 00:01: [io  0x08a0-0x08a3] has been reserved
Feb 21 08:29:30 ip-172-31-69-28 kernel: [    0.472554] system 00:01: [io  0x0cc0-0x0ccf] has been reserved
Feb 21 08:29:30 ip-172-31-69-28 kernel: [    0.475965] system 00:01: [io  0x04d0-0x04d1] has been reserved
Feb 21 08:29:30 ip-172-31-69-28 kernel: [    0.479339] system 00:01: Plug and Play ACPI device, IDs PNP0c02 (active)
Feb 21 08:29:30 ip-172-31-69-28 kernel: [    0.479371] xen: --> pirq=17 -> irq=8 (gsi=8)
Feb 21 08:29:30 ip-172-31-69-28 kernel: [    0.479400] pnp 00:02: Plug and Play ACPI device, IDs PNP0b00 (active)
Feb 21 08:29:30 ip-172-31-69-28 kernel: [    0.479425] xen: --> pirq=18 -> irq=12 (gsi=12)
Feb 21 08:29:30 ip-172-31-69-28 kernel: [    0.479438] pnp 00:03: Plug and Play ACPI device, IDs PNP0f13 (active)
Feb 21 08:29:30 ip-172-31-69-28 kernel: [    0.479453] xen: --> pirq=19 -> irq=1 (gsi=1)
Feb 21 08:29:30 ip-172-31-69-28 kernel: [    0.479467] pnp 00:04: Plug and Play ACPI device, IDs PNP0303 PNP030b (active)
Feb 21 08:29:30 ip-172-31-69-28 kernel: [    0.479482] xen: --> pirq=20 -> irq=6 (gsi=6)
Feb 21 08:29:30 ip-172-31-69-28 kernel: [    0.479483] pnp 00:05: [dma 2]
Feb 21 08:29:30 ip-172-31-69-28 kernel: [    0.479496] pnp 00:05: Plug and Play ACPI device, IDs PNP0700 (active)
Feb 21 08:29:30 ip-172-31-69-28 kernel: [    0.479518] xen: --> pirq=21 -> irq=4 (gsi=4)
Feb 21 08:29:30 ip-172-31-69-28 kernel: [    0.479530] pnp 00:06: Plug and Play ACPI device, IDs PNP0501 (active)
Feb 21 08:29:30 ip-172-31-69-28 kernel: [    0.479567] system 00:07: [io  0x10c0-0x1141] has been reserved
Feb 21 08:29:30 ip-172-31-69-28 kernel: [    0.482953] system 00:07: [io  0xb044-0xb047] has been reserved
Feb 21 08:29:30 ip-172-31-69-28 kernel: [    0.486392] system 00:07: Plug and Play ACPI device, IDs PNP0c02 (active)
Feb 21 08:29:30 ip-172-31-69-28 kernel: [    0.499788] pnp: PnP ACPI: found 8 devices
Feb 21 08:29:30 ip-172-31-69-28 kernel: [    0.507750] clocksource: acpi_pm: mask: 0xffffff max_cycles: 0xffffff, max_idle_ns: 2085701024 ns
Feb 21 08:29:30 ip-172-31-69-28 kernel: [    0.513499] pci_bus 0000:00: resource 4 [io  0x0000-0x0cf7 window]
Feb 21 08:29:30 ip-172-31-69-28 kernel: [    0.513502] pci_bus 0000:00: resource 5 [io  0x0d00-0xffff window]
Feb 21 08:29:30 ip-172-31-69-28 kernel: [    0.513503] pci_bus 0000:00: resource 6 [mem 0x000a0000-0x000bffff window]
Feb 21 08:29:30 ip-172-31-69-28 kernel: [    0.513505] pci_bus 0000:00: resource 7 [mem 0xf0000000-0xfbffffff window]
Feb 21 08:29:30 ip-172-31-69-28 kernel: [    0.513550] NET: Registered protocol family 2
Feb 21 08:29:30 ip-172-31-69-28 kernel: [    0.516454] TCP established hash table entries: 8192 (order: 4, 65536 bytes)
Feb 21 08:29:30 ip-172-31-69-28 kernel: [    0.520251] TCP bind hash table entries: 8192 (order: 5, 131072 bytes)
Feb 21 08:29:30 ip-172-31-69-28 kernel: [    0.523815] TCP: Hash tables configured (established 8192 bind 8192)
Feb 21 08:29:30 ip-172-31-69-28 kernel: [    0.527231] UDP hash table entries: 512 (order: 2, 16384 bytes)
Feb 21 08:29:30 ip-172-31-69-28 kernel: [    0.530391] UDP-Lite hash table entries: 512 (order: 2, 16384 bytes)
Feb 21 08:29:30 ip-172-31-69-28 kernel: [    0.533906] NET: Registered protocol family 1
Feb 21 08:29:30 ip-172-31-69-28 kernel: [    0.536602] pci 0000:00:00.0: Limiting direct PCI/PCI transfers
Feb 21 08:29:30 ip-172-31-69-28 kernel: [    0.540221] pci 0000:00:01.0: PIIX3: Enabling Passive Release
Feb 21 08:29:30 ip-172-31-69-28 kernel: [    0.543679] pci 0000:00:01.0: Activating ISA DMA hang workarounds
Feb 21 08:29:30 ip-172-31-69-28 kernel: [    0.547471] pci 0000:00:02.0: Video device with shadowed ROM
Feb 21 08:29:30 ip-172-31-69-28 kernel: [    0.547521] PCI: CLS 0 bytes, default 64
Feb 21 08:29:30 ip-172-31-69-28 kernel: [    0.547580] Trying to unpack rootfs image as initramfs...
Feb 21 08:29:30 ip-172-31-69-28 kernel: [    0.725614] Freeing initrd memory: 12308K
Feb 21 08:29:30 ip-172-31-69-28 kernel: [    0.728534] RAPL PMU detected, API unit is 2^-32 Joules, 3 fixed counters 655360 ms ovfl timer
Feb 21 08:29:30 ip-172-31-69-28 kernel: [    0.734518] hw unit of domain pp0-core 2^-14 Joules
Feb 21 08:29:30 ip-172-31-69-28 kernel: [    0.737699] hw unit of domain package 2^-14 Joules
Feb 21 08:29:30 ip-172-31-69-28 kernel: [    0.740848] hw unit of domain dram 2^-16 Joules
Feb 21 08:29:30 ip-172-31-69-28 kernel: [    0.744088] Scanning for low memory corruption every 60 seconds
Feb 21 08:29:30 ip-172-31-69-28 kernel: [    0.748239] audit: initializing netlink subsys (disabled)
Feb 21 08:29:30 ip-172-31-69-28 kernel: [    0.751950] audit: type=2000 audit(1519216163.112:1): initialized
Feb 21 08:29:30 ip-172-31-69-28 kernel: [    0.756150] Initialise system trusted keyring
Feb 21 08:29:30 ip-172-31-69-28 kernel: [    0.759079] HugeTLB registered 2 MB page size, pre-allocated 0 pages
Feb 21 08:29:30 ip-172-31-69-28 kernel: [    0.764101] zbud: loaded
Feb 21 08:29:30 ip-172-31-69-28 kernel: [    0.766036] VFS: Disk quotas dquot_6.6.0
Feb 21 08:29:30 ip-172-31-69-28 kernel: [    0.768450] VFS: Dquot-cache hash table entries: 512 (order 0, 4096 bytes)
Feb 21 08:29:30 ip-172-31-69-28 kernel: [    0.772510] squashfs: version 4.0 (2009/01/31) Phillip Lougher
Feb 21 08:29:30 ip-172-31-69-28 kernel: [    0.776002] fuse init (API version 7.23)
Feb 21 08:29:30 ip-172-31-69-28 kernel: [    0.778479] Key type big_key registered
Feb 21 08:29:30 ip-172-31-69-28 kernel: [    0.780853] Allocating IMA MOK and blacklist keyrings.
Feb 21 08:29:30 ip-172-31-69-28 kernel: [    0.784109] Key type asymmetric registered
Feb 21 08:29:30 ip-172-31-69-28 kernel: [    0.786562] Asymmetric key parser 'x509' registered
Feb 21 08:29:30 ip-172-31-69-28 kernel: [    0.789367] Block layer SCSI generic (bsg) driver version 0.4 loaded (major 249)
Feb 21 08:29:30 ip-172-31-69-28 kernel: [    0.793663] io scheduler noop registered
Feb 21 08:29:30 ip-172-31-69-28 kernel: [    0.795959] io scheduler deadline registered (default)
Feb 21 08:29:30 ip-172-31-69-28 kernel: [    0.798941] io scheduler cfq registered
Feb 21 08:29:30 ip-172-31-69-28 kernel: [    0.801293] pci_hotplug: PCI Hot Plug PCI Core version: 0.5
Feb 21 08:29:30 ip-172-31-69-28 kernel: [    0.804221] pciehp: PCI Express Hot Plug Controller Driver version: 0.4
Feb 21 08:29:30 ip-172-31-69-28 kernel: [    0.807495] intel_idle: does not run on family 6 model 63
Feb 21 08:29:30 ip-172-31-69-28 kernel: [    0.807561] input: Power Button as /devices/LNXSYSTM:00/LNXPWRBN:00/input/input0
Feb 21 08:29:30 ip-172-31-69-28 kernel: [    0.811582] ACPI: Power Button [PWRF]
Feb 21 08:29:30 ip-172-31-69-28 kernel: [    0.813701] input: Sleep Button as /devices/LNXSYSTM:00/LNXSLPBN:00/input/input1
Feb 21 08:29:30 ip-172-31-69-28 kernel: [    0.817550] ACPI: Sleep Button [SLPF]
Feb 21 08:29:30 ip-172-31-69-28 kernel: [    0.819974] xen: --> pirq=22 -> irq=28 (gsi=28)
Feb 21 08:29:30 ip-172-31-69-28 kernel: [    0.820043] xen:grant_table: Grant tables using version 1 layout
Feb 21 08:29:30 ip-172-31-69-28 kernel: [    0.823166] Grant table initialized
Feb 21 08:29:30 ip-172-31-69-28 kernel: [    0.825378] Cannot get hvm parameter CONSOLE_EVTCHN (18): -22!
Feb 21 08:29:30 ip-172-31-69-28 kernel: [    0.828783] Serial: 8250/16550 driver, 32 ports, IRQ sharing enabled
Feb 21 08:29:30 ip-172-31-69-28 kernel: [    0.858308] 00:06: ttyS0 at I/O 0x3f8 (irq = 4, base_baud = 115200) is a 16550A
Feb 21 08:29:30 ip-172-31-69-28 kernel: [    0.864497] Linux agpgart interface v0.103
Feb 21 08:29:30 ip-172-31-69-28 kernel: [    0.868713] brd: module loaded
Feb 21 08:29:30 ip-172-31-69-28 kernel: [    0.871667] loop: module loaded
Feb 21 08:29:30 ip-172-31-69-28 kernel: [    0.873857] Invalid max_queues (4), will use default max: 1.
Feb 21 08:29:30 ip-172-31-69-28 kernel: [    0.878026] ata_piix 0000:00:01.1: version 2.13
Feb 21 08:29:30 ip-172-31-69-28 kernel: [    0.880113] scsi host0: ata_piix
Feb 21 08:29:30 ip-172-31-69-28 kernel: [    0.882514] scsi host1: ata_piix
Feb 21 08:29:30 ip-172-31-69-28 kernel: [    0.884903] ata1: PATA max MWDMA2 cmd 0x1f0 ctl 0x3f6 bmdma 0xc100 irq 14
Feb 21 08:29:30 ip-172-31-69-28 kernel: [    0.888764] ata2: PATA max MWDMA2 cmd 0x170 ctl 0x376 bmdma 0xc108 irq 15
Feb 21 08:29:30 ip-172-31-69-28 kernel: [    0.895773] libphy: Fixed MDIO Bus: probed
Feb 21 08:29:30 ip-172-31-69-28 kernel: [    0.899237] tun: Universal TUN/TAP device driver, 1.6
Feb 21 08:29:30 ip-172-31-69-28 kernel: [    0.902337] tun: (C) 1999-2004 Max Krasnyansky <maxk@qualcomm.com>
Feb 21 08:29:30 ip-172-31-69-28 kernel: [    0.905756] PPP generic driver version 2.4.2
Feb 21 08:29:30 ip-172-31-69-28 kernel: [    0.908562] xen_netfront: Initialising Xen virtual ethernet driver
Feb 21 08:29:30 ip-172-31-69-28 kernel: [    0.916648] ehci_hcd: USB 2.0 'Enhanced' Host Controller (EHCI) Driver
Feb 21 08:29:30 ip-172-31-69-28 kernel: [    0.920735] ehci-pci: EHCI PCI platform driver
Feb 21 08:29:30 ip-172-31-69-28 kernel: [    0.923818] ehci-platform: EHCI generic platform driver
Feb 21 08:29:30 ip-172-31-69-28 kernel: [    0.927147] ohci_hcd: USB 1.1 'Open' Host Controller (OHCI) Driver
Feb 21 08:29:30 ip-172-31-69-28 kernel: [    0.931011] ohci-pci: OHCI PCI platform driver
Feb 21 08:29:30 ip-172-31-69-28 kernel: [    0.934066] ohci-platform: OHCI generic platform driver
Feb 21 08:29:30 ip-172-31-69-28 kernel: [    0.937315] uhci_hcd: USB Universal Host Controller Interface driver
Feb 21 08:29:30 ip-172-31-69-28 kernel: [    0.942188] i8042: PNP: PS/2 Controller [PNP0303:PS2K,PNP0f13:PS2M] at 0x60,0x64 irq 1,12
Feb 21 08:29:30 ip-172-31-69-28 kernel: [    0.951191] serio: i8042 KBD port at 0x60,0x64 irq 1
Feb 21 08:29:30 ip-172-31-69-28 kernel: [    0.954020] serio: i8042 AUX port at 0x60,0x64 irq 12
Feb 21 08:29:30 ip-172-31-69-28 kernel: [    0.957245] mousedev: PS/2 mouse device common for all mice
Feb 21 08:29:30 ip-172-31-69-28 kernel: [    0.961577] input: AT Translated Set 2 keyboard as /devices/platform/i8042/serio0/input/input2
Feb 21 08:29:30 ip-172-31-69-28 kernel: [    0.966487] rtc_cmos 00:02: rtc core: registered rtc_cmos as rtc0
Feb 21 08:29:30 ip-172-31-69-28 kernel: [    0.974289] rtc_cmos 00:02: alarms up to one day, 114 bytes nvram, hpet irqs
Feb 21 08:29:30 ip-172-31-69-28 kernel: [    0.991869] i2c /dev entries driver
Feb 21 08:29:30 ip-172-31-69-28 kernel: [    0.994288] device-mapper: uevent: version 1.0.3
Feb 21 08:29:30 ip-172-31-69-28 kernel: [    0.997467] device-mapper: ioctl: 4.34.0-ioctl (2015-10-28) initialised: dm-devel@redhat.com
Feb 21 08:29:30 ip-172-31-69-28 kernel: [    1.002253] NET: Registered protocol family 10
Feb 21 08:29:30 ip-172-31-69-28 kernel: [    1.005915] NET: Registered protocol family 17
Feb 21 08:29:30 ip-172-31-69-28 kernel: [    1.008802] Key type dns_resolver registered
Feb 21 08:29:30 ip-172-31-69-28 kernel: [    1.011675] registered taskstats version 1
Feb 21 08:29:30 ip-172-31-69-28 kernel: [    1.014167] blkfront: xvda: barrier or flush: disabled; persistent grants: disabled; indirect descriptors: enabled;
Feb 21 08:29:30 ip-172-31-69-28 kernel: [    1.019176] Loading compiled-in X.509 certificates
Feb 21 08:29:30 ip-172-31-69-28 kernel: [    1.022360] Loaded X.509 cert 'Build time autogenerated kernel key: 3202f79a2fa321ecce3869d36458fe9267f31118'
Feb 21 08:29:30 ip-172-31-69-28 kernel: [    1.027944] zswap: loaded using pool lzo/zbud
Feb 21 08:29:30 ip-172-31-69-28 kernel: [    1.032349]  xvda: xvda1
Feb 21 08:29:30 ip-172-31-69-28 kernel: [    1.034483] Key type trusted registered
Feb 21 08:29:30 ip-172-31-69-28 kernel: [    1.039848] Key type encrypted registered
Feb 21 08:29:30 ip-172-31-69-28 kernel: [    1.042211] AppArmor: AppArmor sha1 policy hashing enabled
Feb 21 08:29:30 ip-172-31-69-28 kernel: [    1.044990] ima: No TPM chip found, activating TPM-bypass!
Feb 21 08:29:30 ip-172-31-69-28 kernel: [    1.047970] evm: HMAC attrs: 0x1
Feb 21 08:29:30 ip-172-31-69-28 kernel: [    1.051095]   Magic number: 6:750:481
Feb 21 08:29:30 ip-172-31-69-28 kernel: [    1.053210] ata_device dev1.0: hash matches
Feb 21 08:29:30 ip-172-31-69-28 kernel: [    1.055684]  dev1.0: hash matches
Feb 21 08:29:30 ip-172-31-69-28 kernel: [    1.057820] rtc_cmos 00:02: setting system clock to 2018-02-21 12:29:23 UTC (1519216163)
Feb 21 08:29:30 ip-172-31-69-28 kernel: [    1.062100] BIOS EDD facility v0.16 2004-Jun-25, 0 devices found
Feb 21 08:29:30 ip-172-31-69-28 kernel: [    1.065038] EDD information not available.
Feb 21 08:29:30 ip-172-31-69-28 kernel: [    1.067349] PM: Hibernation image not present or could not be loaded.
Feb 21 08:29:30 ip-172-31-69-28 kernel: [    1.068951] Freeing unused kernel memory: 1484K
Feb 21 08:29:30 ip-172-31-69-28 kernel: [    1.071536] Write protecting the kernel read-only data: 14336k
Feb 21 08:29:30 ip-172-31-69-28 kernel: [    1.075037] Freeing unused kernel memory: 1908K
Feb 21 08:29:30 ip-172-31-69-28 kernel: [    1.078123] Freeing unused kernel memory: 224K
Feb 21 08:29:30 ip-172-31-69-28 kernel: [    1.092314] random: udevadm: uninitialized urandom read (16 bytes read, 8 bits of entropy available)
Feb 21 08:29:30 ip-172-31-69-28 kernel: [    1.098257] random: systemd-udevd: uninitialized urandom read (16 bytes read, 8 bits of entropy available)
Feb 21 08:29:30 ip-172-31-69-28 kernel: [    1.103095] random: systemd-udevd: uninitialized urandom read (16 bytes read, 8 bits of entropy available)
Feb 21 08:29:30 ip-172-31-69-28 kernel: [    1.107922] random: udevadm: uninitialized urandom read (16 bytes read, 8 bits of entropy available)
Feb 21 08:29:30 ip-172-31-69-28 kernel: [    1.112390] random: systemd-udevd: uninitialized urandom read (16 bytes read, 8 bits of entropy available)
Feb 21 08:29:30 ip-172-31-69-28 kernel: [    1.120090] random: systemd-udevd: uninitialized urandom read (16 bytes read, 8 bits of entropy available)
Feb 21 08:29:30 ip-172-31-69-28 kernel: [    1.128013] random: systemd-udevd: uninitialized urandom read (16 bytes read, 8 bits of entropy available)
Feb 21 08:29:30 ip-172-31-69-28 kernel: [    1.133891] random: udevadm: uninitialized urandom read (16 bytes read, 8 bits of entropy available)
Feb 21 08:29:30 ip-172-31-69-28 kernel: [    1.138606] random: systemd-udevd: uninitialized urandom read (16 bytes read, 8 bits of entropy available)
Feb 21 08:29:30 ip-172-31-69-28 kernel: [    1.143592] random: udevadm: uninitialized urandom read (16 bytes read, 8 bits of entropy available)
Feb 21 08:29:30 ip-172-31-69-28 kernel: [    1.262060] AVX2 version of gcm_enc/dec engaged.
Feb 21 08:29:30 ip-172-31-69-28 kernel: [    1.264554] AES CTR mode by8 optimization enabled
Feb 21 08:29:30 ip-172-31-69-28 kernel: [    1.740124] tsc: Refined TSC clocksource calibration: 2400.000 MHz
Feb 21 08:29:30 ip-172-31-69-28 kernel: [    1.744553] clocksource: tsc: mask: 0xffffffffffffffff max_cycles: 0x22983777dd9, max_idle_ns: 440795300422 ns
Feb 21 08:29:30 ip-172-31-69-28 kernel: [    2.749282] md: linear personality registered for level -1
Feb 21 08:29:30 ip-172-31-69-28 kernel: [    2.755920] md: multipath personality registered for level -4
Feb 21 08:29:30 ip-172-31-69-28 kernel: [    2.762395] md: raid0 personality registered for level 0
Feb 21 08:29:30 ip-172-31-69-28 kernel: [    2.768825] md: raid1 personality registered for level 1
Feb 21 08:29:30 ip-172-31-69-28 kernel: [    2.824066] raid6: sse2x1   gen()  8266 MB/s
Feb 21 08:29:30 ip-172-31-69-28 kernel: [    2.872060] raid6: sse2x1   xor()  6415 MB/s
Feb 21 08:29:30 ip-172-31-69-28 kernel: [    2.920066] raid6: sse2x2   gen() 10546 MB/s
Feb 21 08:29:30 ip-172-31-69-28 kernel: [    2.968060] raid6: sse2x2   xor()  7098 MB/s
Feb 21 08:29:30 ip-172-31-69-28 kernel: [    3.016062] raid6: sse2x4   gen() 12217 MB/s
Feb 21 08:29:30 ip-172-31-69-28 kernel: [    3.064058] raid6: sse2x4   xor()  8572 MB/s
Feb 21 08:29:30 ip-172-31-69-28 kernel: [    3.112064] raid6: avx2x1   gen() 16217 MB/s
Feb 21 08:29:30 ip-172-31-69-28 kernel: [    3.160063] raid6: avx2x2   gen() 18814 MB/s
Feb 21 08:29:30 ip-172-31-69-28 kernel: [    3.208064] raid6: avx2x4   gen() 22035 MB/s
Feb 21 08:29:30 ip-172-31-69-28 kernel: [    3.210664] raid6: using algorithm avx2x4 gen() 22035 MB/s
Feb 21 08:29:30 ip-172-31-69-28 kernel: [    3.213814] raid6: using avx2x2 recovery algorithm
Feb 21 08:29:30 ip-172-31-69-28 kernel: [    3.218787] xor: automatically using best checksumming function:
Feb 21 08:29:30 ip-172-31-69-28 kernel: [    3.260065]    avx       : 26604.000 MB/sec
Feb 21 08:29:30 ip-172-31-69-28 kernel: [    3.264719] async_tx: api initialized (async)
Feb 21 08:29:30 ip-172-31-69-28 kernel: [    3.278986] md: raid6 personality registered for level 6
Feb 21 08:29:30 ip-172-31-69-28 kernel: [    3.282400] md: raid5 personality registered for level 5
Feb 21 08:29:30 ip-172-31-69-28 kernel: [    3.285614] md: raid4 personality registered for level 4
Feb 21 08:29:30 ip-172-31-69-28 kernel: [    3.294280] md: raid10 personality registered for level 10
Feb 21 08:29:30 ip-172-31-69-28 kernel: [    3.334549] Btrfs loaded
Feb 21 08:29:30 ip-172-31-69-28 kernel: [    3.375513] EXT4-fs (xvda1): mounted filesystem with ordered data mode. Opts: (null)
Feb 21 08:29:30 ip-172-31-69-28 kernel: [    3.863233] EXT4-fs (xvda1): re-mounted. Opts: discard
Feb 21 08:29:30 ip-172-31-69-28 kernel: [    3.935137] Loading iSCSI transport class v2.0-870.
Feb 21 08:29:30 ip-172-31-69-28 kernel: [    3.956995] iscsi: registered transport (tcp)
Feb 21 08:29:30 ip-172-31-69-28 kernel: [    4.021903] iscsi: registered transport (iser)
Feb 21 08:29:30 ip-172-31-69-28 kernel: [    4.715225] audit: type=1400 audit(1519216167.152:2): apparmor="STATUS" operation="profile_load" profile="unconfined" name="lxc-container-default" pid=563 comm="apparmor_parser"
Feb 21 08:29:30 ip-172-31-69-28 kernel: [    4.715230] audit: type=1400 audit(1519216167.152:3): apparmor="STATUS" operation="profile_load" profile="unconfined" name="lxc-container-default-cgns" pid=563 comm="apparmor_parser"
Feb 21 08:29:30 ip-172-31-69-28 kernel: [    4.715233] audit: type=1400 audit(1519216167.152:4): apparmor="STATUS" operation="profile_load" profile="unconfined" name="lxc-container-default-with-mounting" pid=563 comm="apparmor_parser"
Feb 21 08:29:30 ip-172-31-69-28 kernel: [    4.715236] audit: type=1400 audit(1519216167.152:5): apparmor="STATUS" operation="profile_load" profile="unconfined" name="lxc-container-default-with-nesting" pid=563 comm="apparmor_parser"
Feb 21 08:29:30 ip-172-31-69-28 kernel: [    4.725605] audit: type=1400 audit(1519216167.164:6): apparmor="STATUS" operation="profile_load" profile="unconfined" name="/sbin/dhclient" pid=564 comm="apparmor_parser"
Feb 21 08:29:30 ip-172-31-69-28 kernel: [    4.725610] audit: type=1400 audit(1519216167.164:7): apparmor="STATUS" operation="profile_load" profile="unconfined" name="/usr/lib/NetworkManager/nm-dhcp-client.action" pid=564 comm="apparmor_parser"
Feb 21 08:29:30 ip-172-31-69-28 kernel: [    4.725613] audit: type=1400 audit(1519216167.164:8): apparmor="STATUS" operation="profile_load" profile="unconfined" name="/usr/lib/NetworkManager/nm-dhcp-helper" pid=564 comm="apparmor_parser"
Feb 21 08:29:30 ip-172-31-69-28 kernel: [    4.725616] audit: type=1400 audit(1519216167.164:9): apparmor="STATUS" operation="profile_load" profile="unconfined" name="/usr/lib/connman/scripts/dhclient-script" pid=564 comm="apparmor_parser"
Feb 21 08:29:30 ip-172-31-69-28 kernel: [    4.727467] audit: type=1400 audit(1519216167.164:10): apparmor="STATUS" operation="profile_load" profile="unconfined" name="/usr/bin/lxc-start" pid=565 comm="apparmor_parser"
Feb 21 08:29:30 ip-172-31-69-28 kernel: [    6.163783] ppdev: user-space parallel port driver
Feb 21 08:29:30 ip-172-31-69-28 kernel: [    7.865078] random: nonblocking pool is initialized
Feb 21 08:29:30 ip-172-31-69-28 rsyslogd-2039: Could not open output pipe '/dev/xconsole':: No such file or directory [v8.16.0 try http://www.rsyslog.com/e/2039 ]
Feb 21 08:29:30 ip-172-31-69-28 rsyslogd-2007: action 'action 11' suspended, next retry is Wed Feb 21 08:30:00 2018 [v8.16.0 try http://www.rsyslog.com/e/2007 ]
Feb 21 08:29:30 ip-172-31-69-28 systemd-modules-load[379]: Inserted module 'iscsi_tcp'
Feb 21 08:29:30 ip-172-31-69-28 loadkeys[358]: Loading /etc/console-setup/cached.kmap.gz
Feb 21 08:29:30 ip-172-31-69-28 systemd-modules-load[379]: Inserted module 'ib_iser'
Feb 21 08:29:30 ip-172-31-69-28 systemd[1]: Started Set console keymap.
Feb 21 08:29:30 ip-172-31-69-28 systemd[1]: Started Remount Root and Kernel File Systems.
Feb 21 08:29:30 ip-172-31-69-28 systemd[1]: Started Load Kernel Modules.
Feb 21 08:29:30 ip-172-31-69-28 systemd[1]: Started Create list of required static device nodes for the current kernel.
Feb 21 08:29:30 ip-172-31-69-28 systemd[1]: Started Uncomplicated firewall.
Feb 21 08:29:30 ip-172-31-69-28 systemd[1]: Started Nameserver information manager.
Feb 21 08:29:30 ip-172-31-69-28 systemd[1]: Started LVM2 metadata daemon.
Feb 21 08:29:30 ip-172-31-69-28 systemd[1]: Starting Create Static Device Nodes in /dev...
Feb 21 08:29:30 ip-172-31-69-28 systemd[1]: Starting Apply Kernel Variables...
Feb 21 08:29:30 ip-172-31-69-28 systemd[1]: Mounting FUSE Control File System...
Feb 21 08:29:30 ip-172-31-69-28 systemd[1]: Starting Load/Save Random Seed...
Feb 21 08:29:30 ip-172-31-69-28 systemd[1]: Starting udev Coldplug all Devices...
Feb 21 08:29:30 ip-172-31-69-28 systemd[1]: Starting Initial cloud-init job (pre-networking)...
Feb 21 08:29:30 ip-172-31-69-28 systemd[1]: Starting Flush Journal to Persistent Storage...
Feb 21 08:29:30 ip-172-31-69-28 systemd[1]: Mounted FUSE Control File System.
Feb 21 08:29:30 ip-172-31-69-28 systemd[1]: Started Create Static Device Nodes in /dev.
Feb 21 08:29:30 ip-172-31-69-28 systemd[1]: Started Apply Kernel Variables.
Feb 21 08:29:30 ip-172-31-69-28 systemd[1]: Started Load/Save Random Seed.
Feb 21 08:29:30 ip-172-31-69-28 systemd[1]: Starting udev Kernel Device Manager...
Feb 21 08:29:30 ip-172-31-69-28 systemd[1]: Started Flush Journal to Persistent Storage.
Feb 21 08:29:30 ip-172-31-69-28 systemd[1]: Started udev Coldplug all Devices.
Feb 21 08:29:30 ip-172-31-69-28 systemd[1]: Started udev Kernel Device Manager.
Feb 21 08:29:30 ip-172-31-69-28 systemd[1]: Started Dispatch Password Requests to Console Directory Watch.
Feb 21 08:29:30 ip-172-31-69-28 systemd[1]: Started Monitoring of LVM2 mirrors, snapshots etc. using dmeventd or progress polling.
Feb 21 08:29:30 ip-172-31-69-28 systemd[1]: Reached target Local File Systems (Pre).
Feb 21 08:29:30 ip-172-31-69-28 systemd[1]: Reached target Local File Systems.
Feb 21 08:29:30 ip-172-31-69-28 systemd[1]: Starting Create Volatile Files and Directories...
Feb 21 08:29:30 ip-172-31-69-28 systemd[1]: Starting Tell Plymouth To Write Out Runtime Data...
Feb 21 08:29:30 ip-172-31-69-28 systemd-tmpfiles[478]: [/usr/lib/tmpfiles.d/var.conf:14] Duplicate line for path "/var/log", ignoring.
Feb 21 08:29:30 ip-172-31-69-28 systemd[1]: Starting LSB: AppArmor initialization...
Feb 21 08:29:30 ip-172-31-69-28 systemd[1]: Starting Set console font and keymap...
Feb 21 08:29:30 ip-172-31-69-28 systemd[1]: Started Create Volatile Files and Directories.
Feb 21 08:29:30 ip-172-31-69-28 systemd[1]: Started Tell Plymouth To Write Out Runtime Data.
Feb 21 08:29:30 ip-172-31-69-28 systemd[1]: Starting Update UTMP about System Boot/Shutdown...
Feb 21 08:29:30 ip-172-31-69-28 systemd[1]: Starting Network Time Synchronization...
Feb 21 08:29:30 ip-172-31-69-28 apparmor[483]:  * Starting AppArmor profiles
Feb 21 08:29:30 ip-172-31-69-28 systemd[1]: Started Update UTMP about System Boot/Shutdown.
Feb 21 08:29:30 ip-172-31-69-28 systemd[1]: Started Network Time Synchronization.
Feb 21 08:29:30 ip-172-31-69-28 systemd[1]: Reached target System Time Synchronized.
Feb 21 08:29:30 ip-172-31-69-28 apparmor[483]: Skipping profile in /etc/apparmor.d/disable: usr.sbin.rsyslogd
Feb 21 08:29:30 ip-172-31-69-28 apparmor[483]:    ...done.
Feb 21 08:29:30 ip-172-31-69-28 systemd[1]: Started LSB: AppArmor initialization.
Feb 21 08:29:30 ip-172-31-69-28 systemd[1]: Found device /dev/ttyS0.
Feb 21 08:29:30 ip-172-31-69-28 systemd[1]: Found device /sys/subsystem/net/devices/eth0.
Feb 21 08:29:30 ip-172-31-69-28 systemd[1]: Started Set console font and keymap.
Feb 21 08:29:30 ip-172-31-69-28 systemd[1]: Created slice system-getty.slice.
Feb 21 08:29:30 ip-172-31-69-28 systemd[1]: Listening on Load/Save RF Kill Switch Status /dev/rfkill Watch.
Feb 21 08:29:30 ip-172-31-69-28 dhclient[812]: Internet Systems Consortium DHCP Client 4.3.3
Feb 21 08:29:30 ip-172-31-69-28 dhclient[812]: Copyright 2004-2015 Internet Systems Consortium.
Feb 21 08:29:30 ip-172-31-69-28 dhclient[812]: All rights reserved.
Feb 21 08:29:30 ip-172-31-69-28 dhclient[812]: For info, please visit https://www.isc.org/software/dhcp/
Feb 21 08:29:30 ip-172-31-69-28 dhclient[812]: 
Feb 21 08:29:30 ip-172-31-69-28 dhclient[812]: Listening on LPF/eth0/02:9e:42:48:90:aa
Feb 21 08:29:30 ip-172-31-69-28 dhclient[812]: Sending on   LPF/eth0/02:9e:42:48:90:aa
Feb 21 08:29:30 ip-172-31-69-28 dhclient[812]: Sending on   Socket/fallback
Feb 21 08:29:30 ip-172-31-69-28 dhclient[812]: DHCPDISCOVER on eth0 to 255.255.255.255 port 67 interval 3 (xid=0x4fdacd19)
Feb 21 08:29:30 ip-172-31-69-28 dhclient[812]: DHCPREQUEST of 172.31.69.28 on eth0 to 255.255.255.255 port 67 (xid=0x19cdda4f)
Feb 21 08:29:30 ip-172-31-69-28 dhclient[812]: DHCPOFFER of 172.31.69.28 from 172.31.69.1
Feb 21 08:29:30 ip-172-31-69-28 dhclient[812]: DHCPACK of 172.31.69.28 from 172.31.69.1
Feb 21 08:29:30 ip-172-31-69-28 dhclient[812]: bound to 172.31.69.28 -- renewal in 1425 seconds.
Feb 21 08:29:30 ip-172-31-69-28 cloud-init[451]: Cloud-init v. 17.1 running 'init-local' at Wed, 21 Feb 2018 12:29:27 +0000. Up 5.41 seconds.
Feb 21 08:29:30 ip-172-31-69-28 systemd[1]: Started Initial cloud-init job (pre-networking).
Feb 21 08:29:30 ip-172-31-69-28 systemd[1]: Reached target Network (Pre).
Feb 21 08:29:30 ip-172-31-69-28 systemd[1]: Starting Raise network interfaces...
Feb 21 08:29:30 ip-172-31-69-28 systemd[1]: Started ifup for eth0.
Feb 21 08:29:30 ip-172-31-69-28 dhclient[888]: Internet Systems Consortium DHCP Client 4.3.3
Feb 21 08:29:30 ip-172-31-69-28 sh[873]: Internet Systems Consortium DHCP Client 4.3.3
Feb 21 08:29:30 ip-172-31-69-28 dhclient[888]: Copyright 2004-2015 Internet Systems Consortium.
Feb 21 08:29:30 ip-172-31-69-28 sh[873]: Copyright 2004-2015 Internet Systems Consortium.
Feb 21 08:29:30 ip-172-31-69-28 dhclient[888]: All rights reserved.
Feb 21 08:29:30 ip-172-31-69-28 sh[873]: All rights reserved.
Feb 21 08:29:30 ip-172-31-69-28 dhclient[888]: For info, please visit https://www.isc.org/software/dhcp/
Feb 21 08:29:30 ip-172-31-69-28 sh[873]: For info, please visit https://www.isc.org/software/dhcp/
Feb 21 08:29:30 ip-172-31-69-28 dhclient[888]: 
Feb 21 08:29:30 ip-172-31-69-28 dhclient[888]: Listening on LPF/eth0/02:9e:42:48:90:aa
Feb 21 08:29:30 ip-172-31-69-28 sh[873]: Listening on LPF/eth0/02:9e:42:48:90:aa
Feb 21 08:29:30 ip-172-31-69-28 sh[873]: Sending on   LPF/eth0/02:9e:42:48:90:aa
Feb 21 08:29:30 ip-172-31-69-28 sh[873]: Sending on   Socket/fallback
Feb 21 08:29:30 ip-172-31-69-28 sh[873]: DHCPDISCOVER on eth0 to 255.255.255.255 port 67 interval 3 (xid=0xc50bde25)
Feb 21 08:29:30 ip-172-31-69-28 dhclient[888]: Sending on   LPF/eth0/02:9e:42:48:90:aa
Feb 21 08:29:30 ip-172-31-69-28 dhclient[888]: Sending on   Socket/fallback
Feb 21 08:29:30 ip-172-31-69-28 dhclient[888]: DHCPDISCOVER on eth0 to 255.255.255.255 port 67 interval 3 (xid=0xc50bde25)
Feb 21 08:29:30 ip-172-31-69-28 dhclient[888]: DHCPREQUEST of 172.31.69.28 on eth0 to 255.255.255.255 port 67 (xid=0x25de0bc5)
Feb 21 08:29:30 ip-172-31-69-28 sh[873]: DHCPREQUEST of 172.31.69.28 on eth0 to 255.255.255.255 port 67 (xid=0x25de0bc5)
Feb 21 08:29:30 ip-172-31-69-28 sh[873]: DHCPOFFER of 172.31.69.28 from 172.31.69.1
Feb 21 08:29:30 ip-172-31-69-28 dhclient[888]: DHCPOFFER of 172.31.69.28 from 172.31.69.1
Feb 21 08:29:30 ip-172-31-69-28 dhclient[888]: DHCPACK of 172.31.69.28 from 172.31.69.1
Feb 21 08:29:30 ip-172-31-69-28 sh[873]: DHCPACK of 172.31.69.28 from 172.31.69.1
Feb 21 08:29:30 ip-172-31-69-28 dhclient[888]: bound to 172.31.69.28 -- renewal in 1361 seconds.
Feb 21 08:29:30 ip-172-31-69-28 sh[873]: bound to 172.31.69.28 -- renewal in 1361 seconds.
Feb 21 08:29:30 ip-172-31-69-28 systemd[1]: Started Raise network interfaces.
Feb 21 08:29:30 ip-172-31-69-28 systemd[1]: Reached target Network.
Feb 21 08:29:30 ip-172-31-69-28 systemd[1]: Starting Initial cloud-init job (metadata service crawler)...
Feb 21 08:29:30 ip-172-31-69-28 cloud-init[1042]: Cloud-init v. 17.1 running 'init' at Wed, 21 Feb 2018 12:29:29 +0000. Up 7.48 seconds.
Feb 21 08:29:30 ip-172-31-69-28 cloud-init[1042]: ci-info: ++++++++++++++++++++++++++++++++++++++Net device info+++++++++++++++++++++++++++++++++++++++
Feb 21 08:29:30 ip-172-31-69-28 cloud-init[1042]: ci-info: +--------+------+----------------------------+-----------------+-------+-------------------+
Feb 21 08:29:30 ip-172-31-69-28 cloud-init[1042]: ci-info: | Device |  Up  |          Address           |       Mask      | Scope |     Hw-Address    |
Feb 21 08:29:30 ip-172-31-69-28 cloud-init[1042]: ci-info: +--------+------+----------------------------+-----------------+-------+-------------------+
Feb 21 08:29:30 ip-172-31-69-28 cloud-init[1042]: ci-info: |  eth0  | True |        172.31.69.28        | 255.255.255.224 |   .   | 02:9e:42:48:90:aa |
Feb 21 08:29:30 ip-172-31-69-28 cloud-init[1042]: ci-info: |  eth0  | True | fe80::9e:42ff:fe48:90aa/64 |        .        |  link | 02:9e:42:48:90:aa |
Feb 21 08:29:30 ip-172-31-69-28 cloud-init[1042]: ci-info: |   lo   | True |         127.0.0.1          |    255.0.0.0    |   .   |         .         |
Feb 21 08:29:30 ip-172-31-69-28 cloud-init[1042]: ci-info: |   lo   | True |          ::1/128           |        .        |  host |         .         |
Feb 21 08:29:30 ip-172-31-69-28 cloud-init[1042]: ci-info: +--------+------+----------------------------+-----------------+-------+-------------------+
Feb 21 08:29:30 ip-172-31-69-28 cloud-init[1042]: ci-info: ++++++++++++++++++++++++++++++Route IPv4 info++++++++++++++++++++++++++++++
Feb 21 08:29:30 ip-172-31-69-28 cloud-init[1042]: ci-info: +-------+-------------+-------------+-----------------+-----------+-------+
Feb 21 08:29:30 ip-172-31-69-28 cloud-init[1042]: ci-info: | Route | Destination |   Gateway   |     Genmask     | Interface | Flags |
Feb 21 08:29:30 ip-172-31-69-28 cloud-init[1042]: ci-info: +-------+-------------+-------------+-----------------+-----------+-------+
Feb 21 08:29:30 ip-172-31-69-28 cloud-init[1042]: ci-info: |   0   |   0.0.0.0   | 172.31.69.1 |     0.0.0.0     |    eth0   |   UG  |
Feb 21 08:29:30 ip-172-31-69-28 cloud-init[1042]: ci-info: |   1   | 172.31.69.0 |   0.0.0.0   | 255.255.255.224 |    eth0   |   U   |
Feb 21 08:29:30 ip-172-31-69-28 cloud-init[1042]: ci-info: +-------+-------------+-------------+-----------------+-----------+-------+
Feb 21 08:29:30 ip-172-31-69-28 systemd[1]: Started Initial cloud-init job (metadata service crawler).
Feb 21 08:29:30 ip-172-31-69-28 systemd[1]: Reached target Network is Online.
Feb 21 08:29:30 ip-172-31-69-28 systemd[1]: Starting iSCSI initiator daemon (iscsid)...
Feb 21 08:29:30 ip-172-31-69-28 systemd[1]: Reached target System Initialization.
Feb 21 08:29:30 ip-172-31-69-28 systemd[1]: Listening on D-Bus System Message Bus Socket.
Feb 21 08:29:30 ip-172-31-69-28 systemd[1]: Listening on ACPID Listen Socket.
Feb 21 08:29:30 ip-172-31-69-28 systemd[1]: Started Timer to automatically refresh installed snaps.
Feb 21 08:29:30 ip-172-31-69-28 systemd[1]: Listening on UUID daemon activation socket.
Feb 21 08:29:30 ip-172-31-69-28 systemd[1]: Starting Socket activation for snappy daemon.
Feb 21 08:29:30 ip-172-31-69-28 systemd[1]: Started Daily apt download activities.
Feb 21 08:29:30 ip-172-31-69-28 systemd[1]: Started Daily apt upgrade and clean activities.
Feb 21 08:29:30 ip-172-31-69-28 systemd[1]: Starting LXD - unix socket.
Feb 21 08:29:30 ip-172-31-69-28 systemd[1]: Started Daily Cleanup of Temporary Directories.
Feb 21 08:29:30 ip-172-31-69-28 systemd[1]: Reached target Timers.
Feb 21 08:29:30 ip-172-31-69-28 systemd[1]: Started ACPI Events Check.
Feb 21 08:29:30 ip-172-31-69-28 systemd[1]: Reached target Paths.
Feb 21 08:29:30 ip-172-31-69-28 systemd[1]: Reached target Cloud-config availability.
Feb 21 08:29:30 ip-172-31-69-28 systemd[1]: Listening on Socket activation for snappy daemon.
Feb 21 08:29:30 ip-172-31-69-28 systemd[1]: Listening on LXD - unix socket.
Feb 21 08:29:30 ip-172-31-69-28 iscsid: iSCSI logger with pid=1098 started!
Feb 21 08:29:30 ip-172-31-69-28 iscsid: iSCSI daemon with pid=1099 started!
Feb 21 08:29:30 ip-172-31-69-28 systemd[1]: Started iSCSI initiator daemon (iscsid).
Feb 21 08:29:30 ip-172-31-69-28 systemd[1]: Starting Login to default iSCSI targets...
Feb 21 08:29:30 ip-172-31-69-28 systemd[1]: Reached target Sockets.
Feb 21 08:29:30 ip-172-31-69-28 systemd[1]: Reached target Basic System.
Feb 21 08:29:30 ip-172-31-69-28 systemd[1]: Started Regular background program processing daemon.
Feb 21 08:29:30 ip-172-31-69-28 cron[1104]: (CRON) INFO (pidfile fd = 3)
Feb 21 08:29:30 ip-172-31-69-28 systemd[1]: Started Deferred execution scheduler.
Feb 21 08:29:30 ip-172-31-69-28 cron[1104]: (CRON) INFO (Running @reboot jobs)
Feb 21 08:29:30 ip-172-31-69-28 systemd[1]: Started ACPI event daemon.
Feb 21 08:29:30 ip-172-31-69-28 systemd[1]: Starting LSB: MD monitoring daemon...
Feb 21 08:29:30 ip-172-31-69-28 acpid: starting up with netlink and the input layer
Feb 21 08:29:30 ip-172-31-69-28 acpid: 1 rule loaded
Feb 21 08:29:30 ip-172-31-69-28 acpid: waiting for events: event logging is off
Feb 21 08:29:30 ip-172-31-69-28 systemd[1]: Starting System Logging Service...
Feb 21 08:29:30 ip-172-31-69-28 systemd[1]: Starting Login Service...
Feb 21 08:29:30 ip-172-31-69-28 systemd[1]: Starting /etc/rc.local Compatibility...
Feb 21 08:29:30 ip-172-31-69-28 systemd[1]: Starting LSB: Record successful boot for GRUB...
Feb 21 08:29:30 ip-172-31-69-28 systemd[1]: Starting The PHP 7.0 FastCGI Process Manager...
Feb 21 08:29:30 ip-172-31-69-28 systemd[1]: Starting OpenBSD Secure Shell server...
Feb 21 08:29:30 ip-172-31-69-28 systemd[1]: Started Unattended Upgrades Shutdown.
Feb 21 08:29:30 ip-172-31-69-28 systemd[1]: Starting Accounts Service...
Feb 21 08:29:30 ip-172-31-69-28 systemd[1]: Starting MySQL Community Server...
Feb 21 08:29:30 ip-172-31-69-28 systemd[1]: Starting LXD - container startup/shutdown...
Feb 21 08:29:30 ip-172-31-69-28 systemd[1]: Starting Apply the settings specified in cloud-config...
Feb 21 08:29:30 ip-172-31-69-28 systemd[1]: Started FUSE filesystem for LXC.
Feb 21 08:29:30 ip-172-31-69-28 systemd[1]: Started D-Bus System Message Bus.
Feb 21 08:29:30 ip-172-31-69-28 lxcfs[1160]: hierarchies:
Feb 21 08:29:30 ip-172-31-69-28 lxcfs[1160]:   0: fd:   5: hugetlb
Feb 21 08:29:30 ip-172-31-69-28 lxcfs[1160]:   1: fd:   6: freezer
Feb 21 08:29:30 ip-172-31-69-28 lxcfs[1160]:   2: fd:   7: pids
Feb 21 08:29:30 ip-172-31-69-28 lxcfs[1160]:   3: fd:   8: net_cls,net_prio
Feb 21 08:29:30 ip-172-31-69-28 lxcfs[1160]:   4: fd:   9: cpu,cpuacct
Feb 21 08:29:30 ip-172-31-69-28 lxcfs[1160]:   5: fd:  10: devices
Feb 21 08:29:30 ip-172-31-69-28 lxcfs[1160]:   6: fd:  11: cpuset
Feb 21 08:29:30 ip-172-31-69-28 lxcfs[1160]:   7: fd:  12: memory
Feb 21 08:29:30 ip-172-31-69-28 lxcfs[1160]:   8: fd:  13: perf_event
Feb 21 08:29:30 ip-172-31-69-28 lxcfs[1160]:   9: fd:  14: blkio
Feb 21 08:29:30 ip-172-31-69-28 lxcfs[1160]:  10: fd:  15: name=systemd
Feb 21 08:29:30 ip-172-31-69-28 kernel: [    8.221724] cgroup: new mount options do not match the existing superblock, will be ignored
Feb 21 08:29:30 ip-172-31-69-28 dbus[1162]: [system] AppArmor D-Bus mediation is enabled
Feb 21 08:29:30 ip-172-31-69-28 systemd[1]: Starting Snappy daemon...
Feb 21 08:29:30 ip-172-31-69-28 dbus[1162]: [system] Activating via systemd: service name='org.freedesktop.PolicyKit1' unit='polkitd.service'
Feb 21 08:29:30 ip-172-31-69-28 systemd[1]: Started System Logging Service.
Feb 21 08:29:30 ip-172-31-69-28 systemd[1]: Started OpenBSD Secure Shell server.
Feb 21 08:29:30 ip-172-31-69-28 systemd[1]: Started /etc/rc.local Compatibility.
Feb 21 08:29:30 ip-172-31-69-28 iscsiadm[1187]: iscsiadm: No records found
Feb 21 08:29:30 ip-172-31-69-28 mdadm[1112]:  * Starting MD monitoring service mdadm --monitor
Feb 21 08:29:30 ip-172-31-69-28 systemd[1]: Started Login to default iSCSI targets.
Feb 21 08:29:30 ip-172-31-69-28 mdadm[1112]:    ...done.
Feb 21 08:29:30 ip-172-31-69-28 systemd[1]: Started LSB: MD monitoring daemon.
Feb 21 08:29:30 ip-172-31-69-28 systemd[1]: Started LSB: Record successful boot for GRUB.
Feb 21 08:29:30 ip-172-31-69-28 kernel: [    8.444606] audit_printk_skb: 18 callbacks suppressed
Feb 21 08:29:30 ip-172-31-69-28 kernel: [    8.444609] audit: type=1400 audit(1519216170.884:17): apparmor="DENIED" operation="open" profile="/usr/sbin/mysqld" name="/proc/1179/status" pid=1179 comm="mysqld" requested_mask="r" denied_mask="r" fsuid=112 ouid=112
Feb 21 08:29:30 ip-172-31-69-28 kernel: [    8.444637] audit: type=1400 audit(1519216170.884:18): apparmor="DENIED" operation="open" profile="/usr/sbin/mysqld" name="/sys/devices/system/node/" pid=1179 comm="mysqld" requested_mask="r" denied_mask="r" fsuid=112 ouid=0
Feb 21 08:29:30 ip-172-31-69-28 kernel: [    8.444673] audit: type=1400 audit(1519216170.884:19): apparmor="DENIED" operation="open" profile="/usr/sbin/mysqld" name="/proc/1179/status" pid=1179 comm="mysqld" requested_mask="r" denied_mask="r" fsuid=112 ouid=112
Feb 21 08:29:30 ip-172-31-69-28 systemd[1]: Started LXD - container startup/shutdown.
Feb 21 08:29:30 ip-172-31-69-28 systemd[1]: Started Login Service.
Feb 21 08:29:30 ip-172-31-69-28 systemd[1]: Starting Authenticate and Authorize Users to Run Privileged Tasks...
Feb 21 08:29:30 ip-172-31-69-28 systemd[1]: Reached target Remote File Systems (Pre).
Feb 21 08:29:30 ip-172-31-69-28 systemd[1]: Reached target Remote File Systems.
Feb 21 08:29:30 ip-172-31-69-28 systemd[1]: Starting Permit User Sessions...
Feb 21 08:29:30 ip-172-31-69-28 systemd[1]: Starting LSB: automatic crash report generation...
Feb 21 08:29:30 ip-172-31-69-28 systemd[1]: Starting LSB: Set the CPU Frequency Scaling governor to "ondemand"...
Feb 21 08:29:31 ip-172-31-69-28 systemd[1]: Starting LSB: daemon to balance interrupts for SMP systems...
Feb 21 08:29:31 ip-172-31-69-28 systemd[1]: Starting LSB: Apache2 web server...
Feb 21 08:29:31 ip-172-31-69-28 systemd[1]: Started Permit User Sessions.
Feb 21 08:29:31 ip-172-31-69-28 snapd[1173]: AppArmor status: apparmor is enabled and all features are available
Feb 21 08:29:31 ip-172-31-69-28 polkitd[1206]: started daemon version 0.105 using authority implementation `local' version `0.105'
Feb 21 08:29:31 ip-172-31-69-28 dbus[1162]: [system] Successfully activated service 'org.freedesktop.PolicyKit1'
Feb 21 08:29:31 ip-172-31-69-28 systemd[1]: Started Authenticate and Authorize Users to Run Privileged Tasks.
Feb 21 08:29:31 ip-172-31-69-28 accounts-daemon[1143]: started daemon version 0.6.40
Feb 21 08:29:31 ip-172-31-69-28 systemd[1]: Started Accounts Service.
Feb 21 08:29:31 ip-172-31-69-28 apache2[1228]:  * Starting Apache httpd web server apache2
Feb 21 08:29:31 ip-172-31-69-28 systemd[1]: Starting Terminate Plymouth Boot Screen...
Feb 21 08:29:31 ip-172-31-69-28 systemd[1]: Starting Hold until boot process finishes up...
Feb 21 08:29:31 ip-172-31-69-28 apport[1210]:  * Starting automatic crash report generation: apport
Feb 21 08:29:31 ip-172-31-69-28 systemd[1]: Started Hold until boot process finishes up.
Feb 21 08:29:31 ip-172-31-69-28 snapd[1173]: 2018/02/21 08:29:31.068191 daemon.go:306: started snapd/2.29.4.2 (series 16; classic) ubuntu/16.04 (amd64) linux/4.4.0-1049-aws.
Feb 21 08:29:31 ip-172-31-69-28 systemd[1]: Started LSB: Set the CPU Frequency Scaling governor to "ondemand".
Feb 21 08:29:31 ip-172-31-69-28 systemd[1]: Started Terminate Plymouth Boot Screen.
Feb 21 08:29:31 ip-172-31-69-28 systemd[1]: Started Snappy daemon.
Feb 21 08:29:31 ip-172-31-69-28 apport[1210]:    ...done.
Feb 21 08:29:31 ip-172-31-69-28 irqbalance[1222]:  * Starting SMP IRQ Balancer: irqbalance
Feb 21 08:29:31 ip-172-31-69-28 systemd[1]: Started Getty on tty1.
Feb 21 08:29:31 ip-172-31-69-28 /usr/sbin/irqbalance: Balancing is ineffective on systems with a single cpu.  Shutting down
Feb 21 08:29:31 ip-172-31-69-28 systemd[1]: Starting Set console scheme...
Feb 21 08:29:31 ip-172-31-69-28 systemd[1]: Started Serial Getty on ttyS0.
Feb 21 08:29:31 ip-172-31-69-28 irqbalance[1222]:    ...done.
Feb 21 08:29:31 ip-172-31-69-28 systemd[1]: Reached target Login Prompts.
Feb 21 08:29:31 ip-172-31-69-28 systemd[1]: Started LSB: automatic crash report generation.
Feb 21 08:29:31 ip-172-31-69-28 systemd[1]: Started LSB: daemon to balance interrupts for SMP systems.
Feb 21 08:29:31 ip-172-31-69-28 systemd[1]: Started Set console scheme.
Feb 21 08:29:31 ip-172-31-69-28 systemd[1]: Started The PHP 7.0 FastCGI Process Manager.
Feb 21 08:29:31 ip-172-31-69-28 cloud-init[1156]: Cloud-init v. 17.1 running 'modules:config' at Wed, 21 Feb 2018 12:29:31 +0000. Up 9.12 seconds.
Feb 21 08:29:31 ip-172-31-69-28 systemd[1]: Started Apply the settings specified in cloud-config.
Feb 21 08:29:31 ip-172-31-69-28 systemd[1]: Started MySQL Community Server.
Feb 21 08:29:32 ip-172-31-69-28 apache2[1228]:  *
Feb 21 08:29:32 ip-172-31-69-28 systemd[1]: Started LSB: Apache2 web server.
Feb 21 08:29:32 ip-172-31-69-28 systemd[1]: Reached target Multi-User System.
Feb 21 08:29:32 ip-172-31-69-28 systemd[1]: Reached target Graphical Interface.
Feb 21 08:29:32 ip-172-31-69-28 systemd[1]: Starting Update UTMP about System Runlevel Changes...
Feb 21 08:29:32 ip-172-31-69-28 systemd[1]: Starting Execute cloud user/final scripts...
Feb 21 08:29:32 ip-172-31-69-28 systemd[1]: Started Update UTMP about System Runlevel Changes.
Feb 21 08:29:32 ip-172-31-69-28 cloud-init[1346]: Cloud-init v. 17.1 running 'modules:final' at Wed, 21 Feb 2018 12:29:32 +0000. Up 10.31 seconds.
Feb 21 08:29:32 ip-172-31-69-28 cloud-init[1346]: Cloud-init v. 17.1 finished at Wed, 21 Feb 2018 12:29:32 +0000. Datasource DataSourceEc2Local.  Up 10.42 seconds
Feb 21 08:29:32 ip-172-31-69-28 systemd[1]: Started Execute cloud user/final scripts.
Feb 21 08:29:32 ip-172-31-69-28 systemd[1]: Reached target Cloud-init target.
Feb 21 08:29:32 ip-172-31-69-28 systemd[1]: Startup finished in 3.491s (kernel) + 7.028s (userspace) = 10.519s.
Feb 21 08:29:57 ip-172-31-69-28 systemd[1]: Time has been changed
Feb 21 08:29:57 ip-172-31-69-28 systemd-timesyncd[509]: Synchronized to time server 91.189.94.4:123 (ntp.ubuntu.com).
Feb 21 08:30:38 ip-172-31-69-28 systemd[1]: Created slice User Slice of ubuntu.
Feb 21 08:30:38 ip-172-31-69-28 systemd[1]: Starting User Manager for UID 1000...
Feb 21 08:30:38 ip-172-31-69-28 systemd[1]: Started Session 1 of user ubuntu.
Feb 21 08:30:38 ip-172-31-69-28 systemd[1367]: Reached target Timers.
Feb 21 08:30:38 ip-172-31-69-28 systemd[1367]: Reached target Sockets.
Feb 21 08:30:38 ip-172-31-69-28 systemd[1367]: Reached target Paths.
Feb 21 08:30:38 ip-172-31-69-28 systemd[1367]: Reached target Basic System.
Feb 21 08:30:38 ip-172-31-69-28 systemd[1367]: Reached target Default.
Feb 21 08:30:38 ip-172-31-69-28 systemd[1367]: Startup finished in 22ms.
Feb 21 08:30:38 ip-172-31-69-28 systemd[1]: Started User Manager for UID 1000.
Feb 21 08:32:54 ip-172-31-69-28 kernel: [  211.266610] Netfilter messages via NETLINK v0.30.
Feb 21 08:32:54 ip-172-31-69-28 kernel: [  211.273682] device eth0 entered promiscuous mode
Feb 21 08:39:01 ip-172-31-69-28 CRON[1469]: (root) CMD (  [ -x /usr/lib/php/sessionclean ] && /usr/lib/php/sessionclean)
Feb 21 08:44:27 ip-172-31-69-28 systemd[1]: Starting Cleanup of Temporary Directories...
Feb 21 08:44:27 ip-172-31-69-28 systemd-tmpfiles[1555]: [/usr/lib/tmpfiles.d/var.conf:14] Duplicate line for path "/var/log", ignoring.
Feb 21 08:44:27 ip-172-31-69-28 systemd[1]: Started Cleanup of Temporary Directories.
Feb 21 08:52:11 ip-172-31-69-28 dhclient[923]: DHCPREQUEST of 172.31.69.28 on eth0 to 172.31.69.1 port 67 (xid=0x25de0bc5)
Feb 21 08:52:11 ip-172-31-69-28 dhclient[923]: DHCPACK of 172.31.69.28 from 172.31.69.1
Feb 21 08:52:11 ip-172-31-69-28 dhclient[923]: bound to 172.31.69.28 -- renewal in 1640 seconds.
Feb 21 09:09:01 ip-172-31-69-28 CRON[1590]: (root) CMD (  [ -x /usr/lib/php/sessionclean ] && /usr/lib/php/sessionclean)
Feb 21 09:17:01 ip-172-31-69-28 CRON[1677]: (root) CMD (   cd / && run-parts --report /etc/cron.hourly)
Feb 21 09:19:32 ip-172-31-69-28 dhclient[923]: DHCPREQUEST of 172.31.69.28 on eth0 to 172.31.69.1 port 67 (xid=0x25de0bc5)
Feb 21 09:19:32 ip-172-31-69-28 dhclient[923]: DHCPACK of 172.31.69.28 from 172.31.69.1
Feb 21 09:19:32 ip-172-31-69-28 dhclient[923]: bound to 172.31.69.28 -- renewal in 1596 seconds.
Feb 21 09:39:01 ip-172-31-69-28 CRON[1698]: (root) CMD (  [ -x /usr/lib/php/sessionclean ] && /usr/lib/php/sessionclean)
Feb 21 09:46:08 ip-172-31-69-28 dhclient[923]: DHCPREQUEST of 172.31.69.28 on eth0 to 172.31.69.1 port 67 (xid=0x25de0bc5)
Feb 21 09:46:08 ip-172-31-69-28 dhclient[923]: DHCPACK of 172.31.69.28 from 172.31.69.1
Feb 21 09:46:08 ip-172-31-69-28 dhclient[923]: bound to 172.31.69.28 -- renewal in 1497 seconds.
Feb 21 10:09:01 ip-172-31-69-28 CRON[1806]: (root) CMD (  [ -x /usr/lib/php/sessionclean ] && /usr/lib/php/sessionclean)
Feb 21 10:11:05 ip-172-31-69-28 dhclient[923]: DHCPREQUEST of 172.31.69.28 on eth0 to 172.31.69.1 port 67 (xid=0x25de0bc5)
Feb 21 10:11:05 ip-172-31-69-28 dhclient[923]: DHCPACK of 172.31.69.28 from 172.31.69.1
Feb 21 10:11:05 ip-172-31-69-28 dhclient[923]: bound to 172.31.69.28 -- renewal in 1613 seconds.
Feb 21 10:13:38 ip-172-31-69-28 systemd-timesyncd[509]: Timed out waiting for reply from 91.189.94.4:123 (ntp.ubuntu.com).
Feb 21 10:13:48 ip-172-31-69-28 systemd-timesyncd[509]: Timed out waiting for reply from 91.189.89.198:123 (ntp.ubuntu.com).
Feb 21 10:13:58 ip-172-31-69-28 systemd-timesyncd[509]: Timed out waiting for reply from 91.189.89.199:123 (ntp.ubuntu.com).
Feb 21 10:14:09 ip-172-31-69-28 systemd-timesyncd[509]: Timed out waiting for reply from 91.189.91.157:123 (ntp.ubuntu.com).
Feb 21 10:17:01 ip-172-31-69-28 CRON[1905]: (root) CMD (   cd / && run-parts --report /etc/cron.hourly)
Feb 21 10:37:58 ip-172-31-69-28 dhclient[923]: DHCPREQUEST of 172.31.69.28 on eth0 to 172.31.69.1 port 67 (xid=0x25de0bc5)
Feb 21 10:37:58 ip-172-31-69-28 dhclient[923]: DHCPACK of 172.31.69.28 from 172.31.69.1
Feb 21 10:37:59 ip-172-31-69-28 dhclient[923]: bound to 172.31.69.28 -- renewal in 1527 seconds.
Feb 21 10:39:01 ip-172-31-69-28 CRON[1937]: (root) CMD (  [ -x /usr/lib/php/sessionclean ] && /usr/lib/php/sessionclean)
Feb 21 10:43:39 ip-172-31-69-28 kernel: [ 8056.341517] device eth0 left promiscuous mode
Feb 21 10:43:39 ip-172-31-69-28 systemd[1]: Stopping User Manager for UID 1000...
Feb 21 10:43:39 ip-172-31-69-28 systemd[1367]: Stopped target Default.
Feb 21 10:43:39 ip-172-31-69-28 systemd[1367]: Stopped target Basic System.
Feb 21 10:43:39 ip-172-31-69-28 systemd[1367]: Stopped target Paths.
Feb 21 10:43:39 ip-172-31-69-28 systemd[1367]: Stopped target Timers.
Feb 21 10:43:39 ip-172-31-69-28 systemd[1367]: Stopped target Sockets.
Feb 21 10:43:39 ip-172-31-69-28 systemd[1367]: Reached target Shutdown.
Feb 21 10:43:39 ip-172-31-69-28 systemd[1367]: Starting Exit the Session...
Feb 21 10:43:39 ip-172-31-69-28 systemd[1367]: Received SIGRTMIN+24 from PID 2026 (kill).
Feb 21 10:43:39 ip-172-31-69-28 systemd[1]: Stopped User Manager for UID 1000.
Feb 21 10:43:39 ip-172-31-69-28 systemd[1]: Removed slice User Slice of ubuntu.
Feb 21 10:45:23 ip-172-31-69-28 systemd[1]: Created slice User Slice of ubuntu.
Feb 21 10:45:23 ip-172-31-69-28 systemd[1]: Starting User Manager for UID 1000...
Feb 21 10:45:23 ip-172-31-69-28 systemd[1]: Started Session 9 of user ubuntu.
Feb 21 10:45:23 ip-172-31-69-28 systemd[2037]: Reached target Sockets.
Feb 21 10:45:23 ip-172-31-69-28 systemd[2037]: Reached target Timers.
Feb 21 10:45:23 ip-172-31-69-28 systemd[2037]: Reached target Paths.
Feb 21 10:45:23 ip-172-31-69-28 systemd[2037]: Reached target Basic System.
Feb 21 10:45:23 ip-172-31-69-28 systemd[2037]: Reached target Default.
Feb 21 10:45:23 ip-172-31-69-28 systemd[2037]: Startup finished in 20ms.
Feb 21 10:45:23 ip-172-31-69-28 systemd[1]: Started User Manager for UID 1000.
Feb 21 10:48:17 ip-172-31-69-28 systemd-timesyncd[509]: Synchronized to time server 91.189.94.4:123 (ntp.ubuntu.com).
Feb 21 11:03:25 ip-172-31-69-28 dhclient[923]: DHCPREQUEST of 172.31.69.28 on eth0 to 172.31.69.1 port 67 (xid=0x25de0bc5)
Feb 21 11:03:25 ip-172-31-69-28 dhclient[923]: DHCPACK of 172.31.69.28 from 172.31.69.1
Feb 21 11:03:25 ip-172-31-69-28 dhclient[923]: bound to 172.31.69.28 -- renewal in 1549 seconds.
Feb 21 11:09:01 ip-172-31-69-28 CRON[2144]: (root) CMD (  [ -x /usr/lib/php/sessionclean ] && /usr/lib/php/sessionclean)
Feb 21 11:17:01 ip-172-31-69-28 CRON[2231]: (root) CMD (   cd / && run-parts --report /etc/cron.hourly)
Feb 21 11:29:14 ip-172-31-69-28 dhclient[923]: DHCPREQUEST of 172.31.69.28 on eth0 to 172.31.69.1 port 67 (xid=0x25de0bc5)
Feb 21 11:29:14 ip-172-31-69-28 dhclient[923]: DHCPACK of 172.31.69.28 from 172.31.69.1
Feb 21 11:29:14 ip-172-31-69-28 dhclient[923]: bound to 172.31.69.28 -- renewal in 1666 seconds.
Feb 21 11:39:01 ip-172-31-69-28 CRON[2248]: (root) CMD (  [ -x /usr/lib/php/sessionclean ] && /usr/lib/php/sessionclean)
Feb 21 11:57:00 ip-172-31-69-28 dhclient[923]: DHCPREQUEST of 172.31.69.28 on eth0 to 172.31.69.1 port 67 (xid=0x25de0bc5)
Feb 21 11:57:00 ip-172-31-69-28 dhclient[923]: DHCPACK of 172.31.69.28 from 172.31.69.1
Feb 21 11:57:00 ip-172-31-69-28 dhclient[923]: bound to 172.31.69.28 -- renewal in 1585 seconds.
Feb 21 12:09:01 ip-172-31-69-28 CRON[2354]: (root) CMD (  [ -x /usr/lib/php/sessionclean ] && /usr/lib/php/sessionclean)
Feb 21 12:17:01 ip-172-31-69-28 CRON[2447]: (root) CMD (   cd / && run-parts --report /etc/cron.hourly)
Feb 21 12:23:25 ip-172-31-69-28 dhclient[923]: DHCPREQUEST of 172.31.69.28 on eth0 to 172.31.69.1 port 67 (xid=0x25de0bc5)
Feb 21 12:23:25 ip-172-31-69-28 dhclient[923]: DHCPACK of 172.31.69.28 from 172.31.69.1
Feb 21 12:23:25 ip-172-31-69-28 dhclient[923]: bound to 172.31.69.28 -- renewal in 1770 seconds.
Feb 21 12:39:01 ip-172-31-69-28 CRON[2465]: (root) CMD (  [ -x /usr/lib/php/sessionclean ] && /usr/lib/php/sessionclean)
Feb 21 12:52:55 ip-172-31-69-28 dhclient[923]: DHCPREQUEST of 172.31.69.28 on eth0 to 172.31.69.1 port 67 (xid=0x25de0bc5)
Feb 21 12:52:55 ip-172-31-69-28 dhclient[923]: DHCPACK of 172.31.69.28 from 172.31.69.1
Feb 21 12:52:55 ip-172-31-69-28 dhclient[923]: bound to 172.31.69.28 -- renewal in 1438 seconds.
Feb 21 13:09:01 ip-172-31-69-28 CRON[2575]: (root) CMD (  [ -x /usr/lib/php/sessionclean ] && /usr/lib/php/sessionclean)
Feb 21 13:16:53 ip-172-31-69-28 dhclient[923]: DHCPREQUEST of 172.31.69.28 on eth0 to 172.31.69.1 port 67 (xid=0x25de0bc5)
Feb 21 13:16:53 ip-172-31-69-28 dhclient[923]: DHCPACK of 172.31.69.28 from 172.31.69.1
Feb 21 13:16:53 ip-172-31-69-28 dhclient[923]: bound to 172.31.69.28 -- renewal in 1406 seconds.
Feb 21 13:17:01 ip-172-31-69-28 CRON[2674]: (root) CMD (   cd / && run-parts --report /etc/cron.hourly)
Feb 21 13:39:01 ip-172-31-69-28 CRON[2692]: (root) CMD (  [ -x /usr/lib/php/sessionclean ] && /usr/lib/php/sessionclean)
Feb 21 13:40:19 ip-172-31-69-28 dhclient[923]: DHCPREQUEST of 172.31.69.28 on eth0 to 172.31.69.1 port 67 (xid=0x25de0bc5)
Feb 21 13:40:19 ip-172-31-69-28 dhclient[923]: DHCPACK of 172.31.69.28 from 172.31.69.1
Feb 21 13:40:19 ip-172-31-69-28 dhclient[923]: bound to 172.31.69.28 -- renewal in 1465 seconds.
Feb 21 13:55:46 ip-172-31-69-28 kernel: [19583.952683] device eth0 entered promiscuous mode
Feb 21 14:04:44 ip-172-31-69-28 dhclient[923]: DHCPREQUEST of 172.31.69.28 on eth0 to 172.31.69.1 port 67 (xid=0x25de0bc5)
Feb 21 14:04:44 ip-172-31-69-28 dhclient[923]: DHCPACK of 172.31.69.28 from 172.31.69.1
Feb 21 14:04:44 ip-172-31-69-28 dhclient[923]: bound to 172.31.69.28 -- renewal in 1644 seconds.
Feb 21 14:09:01 ip-172-31-69-28 CRON[3014]: (root) CMD (  [ -x /usr/lib/php/sessionclean ] && /usr/lib/php/sessionclean)
Feb 21 14:17:01 ip-172-31-69-28 CRON[3188]: (root) CMD (   cd / && run-parts --report /etc/cron.hourly)
Feb 21 14:32:08 ip-172-31-69-28 dhclient[923]: DHCPREQUEST of 172.31.69.28 on eth0 to 172.31.69.1 port 67 (xid=0x25de0bc5)
Feb 21 14:32:08 ip-172-31-69-28 dhclient[923]: DHCPACK of 172.31.69.28 from 172.31.69.1
Feb 21 14:32:08 ip-172-31-69-28 dhclient[923]: bound to 172.31.69.28 -- renewal in 1627 seconds.
Feb 21 14:34:14 ip-172-31-69-28 systemd[1]: Starting Daily apt download activities...
Feb 21 14:34:15 ip-172-31-69-28 systemd[1]: Started Daily apt download activities.
Feb 21 14:39:01 ip-172-31-69-28 CRON[3399]: (root) CMD (  [ -x /usr/lib/php/sessionclean ] && /usr/lib/php/sessionclean)
Feb 21 14:59:15 ip-172-31-69-28 dhclient[923]: DHCPREQUEST of 172.31.69.28 on eth0 to 172.31.69.1 port 67 (xid=0x25de0bc5)
Feb 21 14:59:15 ip-172-31-69-28 dhclient[923]: DHCPACK of 172.31.69.28 from 172.31.69.1
Feb 21 14:59:15 ip-172-31-69-28 dhclient[923]: bound to 172.31.69.28 -- renewal in 1697 seconds.
Feb 21 15:09:01 ip-172-31-69-28 CRON[4642]: (root) CMD (  [ -x /usr/lib/php/sessionclean ] && /usr/lib/php/sessionclean)
Feb 21 15:17:01 ip-172-31-69-28 CRON[4765]: (root) CMD (   cd / && run-parts --report /etc/cron.hourly)
Feb 21 15:27:32 ip-172-31-69-28 dhclient[923]: DHCPREQUEST of 172.31.69.28 on eth0 to 172.31.69.1 port 67 (xid=0x25de0bc5)
Feb 21 15:27:32 ip-172-31-69-28 dhclient[923]: DHCPACK of 172.31.69.28 from 172.31.69.1
Feb 21 15:27:32 ip-172-31-69-28 dhclient[923]: bound to 172.31.69.28 -- renewal in 1695 seconds.
Feb 21 15:39:01 ip-172-31-69-28 CRON[4867]: (root) CMD (  [ -x /usr/lib/php/sessionclean ] && /usr/lib/php/sessionclean)
Feb 21 15:55:48 ip-172-31-69-28 dhclient[923]: DHCPREQUEST of 172.31.69.28 on eth0 to 172.31.69.1 port 67 (xid=0x25de0bc5)
Feb 21 15:55:48 ip-172-31-69-28 dhclient[923]: DHCPACK of 172.31.69.28 from 172.31.69.1
Feb 21 15:55:48 ip-172-31-69-28 dhclient[923]: bound to 172.31.69.28 -- renewal in 1628 seconds.
Feb 21 16:09:01 ip-172-31-69-28 CRON[5034]: (root) CMD (  [ -x /usr/lib/php/sessionclean ] && /usr/lib/php/sessionclean)
Feb 21 16:17:01 ip-172-31-69-28 CRON[5135]: (root) CMD (   cd / && run-parts --report /etc/cron.hourly)
Feb 21 16:22:56 ip-172-31-69-28 dhclient[923]: DHCPREQUEST of 172.31.69.28 on eth0 to 172.31.69.1 port 67 (xid=0x25de0bc5)
Feb 21 16:22:56 ip-172-31-69-28 dhclient[923]: DHCPACK of 172.31.69.28 from 172.31.69.1
Feb 21 16:22:56 ip-172-31-69-28 dhclient[923]: bound to 172.31.69.28 -- renewal in 1357 seconds.
Feb 21 16:39:01 ip-172-31-69-28 CRON[5208]: (root) CMD (  [ -x /usr/lib/php/sessionclean ] && /usr/lib/php/sessionclean)
Feb 21 16:45:33 ip-172-31-69-28 dhclient[923]: DHCPREQUEST of 172.31.69.28 on eth0 to 172.31.69.1 port 67 (xid=0x25de0bc5)
Feb 21 16:45:33 ip-172-31-69-28 dhclient[923]: DHCPACK of 172.31.69.28 from 172.31.69.1
Feb 21 16:45:33 ip-172-31-69-28 dhclient[923]: bound to 172.31.69.28 -- renewal in 1474 seconds.
Feb 21 17:09:01 ip-172-31-69-28 CRON[5323]: (root) CMD (  [ -x /usr/lib/php/sessionclean ] && /usr/lib/php/sessionclean)
Feb 21 17:10:07 ip-172-31-69-28 dhclient[923]: DHCPREQUEST of 172.31.69.28 on eth0 to 172.31.69.1 port 67 (xid=0x25de0bc5)
Feb 21 17:10:07 ip-172-31-69-28 dhclient[923]: DHCPACK of 172.31.69.28 from 172.31.69.1
Feb 21 17:10:07 ip-172-31-69-28 dhclient[923]: bound to 172.31.69.28 -- renewal in 1648 seconds.
Feb 21 17:17:01 ip-172-31-69-28 CRON[5420]: (root) CMD (   cd / && run-parts --report /etc/cron.hourly)
