Feb 16 06:43:14 ip-172-31-69-22 dhclient[916]: DHCPREQUEST of 172.31.69.22 on eth0 to 172.31.69.1 port 67 (xid=0x38a89ac1)
Feb 16 06:43:14 ip-172-31-69-22 dhclient[916]: DHCPACK of 172.31.69.22 from 172.31.69.1
Feb 16 06:43:14 ip-172-31-69-22 dhclient[916]: bound to 172.31.69.22 -- renewal in 1375 seconds.
Feb 16 06:55:23 ip-172-31-69-22 systemd[1]: Starting Daily apt upgrade and clean activities...
Feb 16 06:55:26 ip-172-31-69-22 systemd[1]: Started Daily apt upgrade and clean activities.
Feb 16 07:06:09 ip-172-31-69-22 dhclient[916]: DHCPREQUEST of 172.31.69.22 on eth0 to 172.31.69.1 port 67 (xid=0x38a89ac1)
Feb 16 07:06:09 ip-172-31-69-22 dhclient[916]: DHCPACK of 172.31.69.22 from 172.31.69.1
Feb 16 07:06:09 ip-172-31-69-22 dhclient[916]: bound to 172.31.69.22 -- renewal in 1483 seconds.
Feb 16 07:17:01 ip-172-31-69-22 CRON[2874]: (root) CMD (   cd / && run-parts --report /etc/cron.hourly)
Feb 16 07:30:52 ip-172-31-69-22 dhclient[916]: DHCPREQUEST of 172.31.69.22 on eth0 to 172.31.69.1 port 67 (xid=0x38a89ac1)
Feb 16 07:30:55 ip-172-31-69-22 dhclient[916]: DHCPREQUEST of 172.31.69.22 on eth0 to 172.31.69.1 port 67 (xid=0x38a89ac1)
Feb 16 07:30:55 ip-172-31-69-22 dhclient[916]: DHCPACK of 172.31.69.22 from 172.31.69.1
Feb 16 07:30:55 ip-172-31-69-22 dhclient[916]: bound to 172.31.69.22 -- renewal in 1772 seconds.
Feb 16 08:00:27 ip-172-31-69-22 dhclient[916]: DHCPREQUEST of 172.31.69.22 on eth0 to 172.31.69.1 port 67 (xid=0x38a89ac1)
Feb 16 08:00:27 ip-172-31-69-22 dhclient[916]: DHCPACK of 172.31.69.22 from 172.31.69.1
Feb 16 08:00:27 ip-172-31-69-22 dhclient[916]: bound to 172.31.69.22 -- renewal in 1549 seconds.
Feb 16 08:17:01 ip-172-31-69-22 CRON[2942]: (root) CMD (   cd / && run-parts --report /etc/cron.hourly)
Feb 16 08:26:16 ip-172-31-69-22 dhclient[916]: DHCPREQUEST of 172.31.69.22 on eth0 to 172.31.69.1 port 67 (xid=0x38a89ac1)
Feb 16 08:26:16 ip-172-31-69-22 dhclient[916]: DHCPACK of 172.31.69.22 from 172.31.69.1
Feb 16 08:26:16 ip-172-31-69-22 dhclient[916]: bound to 172.31.69.22 -- renewal in 1423 seconds.
Feb 16 08:37:02 ip-172-31-69-22 systemd[1]: Received SIGINT.
Feb 16 08:37:02 ip-172-31-69-22 systemd[1]: Stopping ACPI event daemon...
Feb 16 08:37:02 ip-172-31-69-22 systemd[1566]: Stopped target Default.
Feb 16 08:37:02 ip-172-31-69-22 systemd[1566]: Stopped target Basic System.
Feb 16 08:37:02 ip-172-31-69-22 systemd[1566]: Stopped target Timers.
Feb 16 08:37:02 ip-172-31-69-22 systemd[1566]: Stopped target Sockets.
Feb 16 08:37:02 ip-172-31-69-22 systemd[1566]: Reached target Shutdown.
Feb 16 08:37:02 ip-172-31-69-22 systemd[1566]: Starting Exit the Session...
Feb 16 08:37:02 ip-172-31-69-22 systemd[1566]: Stopped target Paths.
Feb 16 08:37:02 ip-172-31-69-22 systemd[1566]: Received SIGRTMIN+24 from PID 2986 (kill).
Feb 16 08:37:02 ip-172-31-69-22 systemd[1]: Stopping User Manager for UID 1000...
Feb 16 08:37:02 ip-172-31-69-22 systemd[1]: Stopping Session 1 of user ubuntu.
Feb 16 08:37:02 ip-172-31-69-22 kernel: [87210.530899] device eth0 left promiscuous mode
Feb 16 08:37:02 ip-172-31-69-22 systemd[1]: Closed Load/Save RF Kill Switch Status /dev/rfkill Watch.
Feb 16 08:37:02 ip-172-31-69-22 systemd[1]: Stopped target Graphical Interface.
Feb 16 08:37:02 ip-172-31-69-22 systemd[1]: Stopping Authenticate and Authorize Users to Run Privileged Tasks...
Feb 16 08:37:02 ip-172-31-69-22 systemd[1]: Stopped target Cloud-init target.
Feb 16 08:37:02 ip-172-31-69-22 systemd[1]: Stopped Execute cloud user/final scripts.
Feb 16 08:37:02 ip-172-31-69-22 systemd[1]: Stopped target Multi-User System.
Feb 16 08:37:02 ip-172-31-69-22 systemd[1]: Stopping LSB: MD monitoring daemon...
Feb 16 08:37:02 ip-172-31-69-22 systemd[1]: Stopping Regular background program processing daemon...
Feb 16 08:37:02 ip-172-31-69-22 systemd[1]: Stopped target Login Prompts.
Feb 16 08:37:02 ip-172-31-69-22 systemd[1]: Stopping Getty on tty1...
Feb 16 08:37:02 ip-172-31-69-22 systemd[1]: Stopping LSB: Set the CPU Frequency Scaling governor to "ondemand"...
Feb 16 08:37:02 ip-172-31-69-22 systemd[1]: Stopping Snappy daemon...
Feb 16 08:37:02 ip-172-31-69-22 snapd[1154]: 2018/02/16 08:37:02.457252 main.go:78: Exiting on terminated signal.
Feb 16 08:37:02 ip-172-31-69-22 systemd[1]: Stopping Deferred execution scheduler...
Feb 16 08:37:02 ip-172-31-69-22 systemd[1]: Stopping Unattended Upgrades Shutdown...
Feb 16 08:37:02 ip-172-31-69-22 systemd[1]: Stopping OpenBSD Secure Shell server...
Feb 16 08:37:02 ip-172-31-69-22 systemd[1]: Stopping LSB: disk temperature monitoring daemon...
Feb 16 08:37:02 ip-172-31-69-22 systemd[1]: Stopping D-Bus System Message Bus...
Feb 16 08:37:02 ip-172-31-69-22 systemd[1]: Stopping LSB: Record successful boot for GRUB...
Feb 16 08:37:02 ip-172-31-69-22 systemd[1]: Stopping LXD - container startup/shutdown...
Feb 16 08:37:02 ip-172-31-69-22 rsyslogd: [origin software="rsyslogd" swVersion="8.16.0" x-pid="1113" x-info="http://www.rsyslog.com"] exiting on signal 15.
Feb 16 08:37:38 ip-172-31-69-22 rsyslogd: [origin software="rsyslogd" swVersion="8.16.0" x-pid="1132" x-info="http://www.rsyslog.com"] start
Feb 16 08:37:38 ip-172-31-69-22 rsyslogd-2222: command 'KLogPermitNonKernelFacility' is currently not permitted - did you already set it via a RainerScript command (v6+ config)? [v8.16.0 try http://www.rsyslog.com/e/2222 ]
Feb 16 08:37:38 ip-172-31-69-22 rsyslogd: rsyslogd's groupid changed to 108
Feb 16 08:37:38 ip-172-31-69-22 rsyslogd: rsyslogd's userid changed to 104
Feb 16 08:37:38 ip-172-31-69-22 rsyslogd-2039: Could not open output pipe '/dev/xconsole':: No such file or directory [v8.16.0 try http://www.rsyslog.com/e/2039 ]
Feb 16 08:37:38 ip-172-31-69-22 rsyslogd-2007: action 'action 11' suspended, next retry is Fri Feb 16 08:38:08 2018 [v8.16.0 try http://www.rsyslog.com/e/2007 ]
Feb 16 08:37:38 ip-172-31-69-22 kernel: [    0.000000] Initializing cgroup subsys cpuset
Feb 16 08:37:38 ip-172-31-69-22 kernel: [    0.000000] Initializing cgroup subsys cpu
Feb 16 08:37:38 ip-172-31-69-22 kernel: [    0.000000] Initializing cgroup subsys cpuacct
Feb 16 08:37:38 ip-172-31-69-22 kernel: [    0.000000] Linux version 4.4.0-1049-aws (buildd@lcy01-amd64-001) (gcc version 5.4.0 20160609 (Ubuntu 5.4.0-6ubuntu1~16.04.5) ) #58-Ubuntu SMP Fri Jan 12 23:17:09 UTC 2018 (Ubuntu 4.4.0-1049.58-aws 4.4.98)
Feb 16 08:37:38 ip-172-31-69-22 kernel: [    0.000000] Command line: BOOT_IMAGE=/boot/vmlinuz-4.4.0-1049-aws root=UUID=ccee1a8d-0785-4b3a-a578-812d59f5d3e1 ro console=tty1 console=ttyS0 nvme.io_timeout=4294967295
Feb 16 08:37:38 ip-172-31-69-22 kernel: [    0.000000] KERNEL supported cpus:
Feb 16 08:37:38 ip-172-31-69-22 kernel: [    0.000000]   Intel GenuineIntel
Feb 16 08:37:38 ip-172-31-69-22 kernel: [    0.000000]   AMD AuthenticAMD
Feb 16 08:37:38 ip-172-31-69-22 kernel: [    0.000000]   Centaur CentaurHauls
Feb 16 08:37:38 ip-172-31-69-22 kernel: [    0.000000] x86/fpu: xstate_offset[2]:  576, xstate_sizes[2]:  256
Feb 16 08:37:38 ip-172-31-69-22 kernel: [    0.000000] x86/fpu: Supporting XSAVE feature 0x01: 'x87 floating point registers'
Feb 16 08:37:38 ip-172-31-69-22 kernel: [    0.000000] x86/fpu: Supporting XSAVE feature 0x02: 'SSE registers'
Feb 16 08:37:38 ip-172-31-69-22 kernel: [    0.000000] x86/fpu: Supporting XSAVE feature 0x04: 'AVX registers'
Feb 16 08:37:38 ip-172-31-69-22 kernel: [    0.000000] x86/fpu: Enabled xstate features 0x7, context size is 832 bytes, using 'standard' format.
Feb 16 08:37:38 ip-172-31-69-22 kernel: [    0.000000] x86/fpu: Using 'eager' FPU context switches.
Feb 16 08:37:38 ip-172-31-69-22 kernel: [    0.000000] e820: BIOS-provided physical RAM map:
Feb 16 08:37:38 ip-172-31-69-22 kernel: [    0.000000] BIOS-e820: [mem 0x0000000000000000-0x000000000009dfff] usable
Feb 16 08:37:38 ip-172-31-69-22 kernel: [    0.000000] BIOS-e820: [mem 0x000000000009e000-0x000000000009ffff] reserved
Feb 16 08:37:38 ip-172-31-69-22 kernel: [    0.000000] BIOS-e820: [mem 0x00000000000e0000-0x00000000000fffff] reserved
Feb 16 08:37:38 ip-172-31-69-22 kernel: [    0.000000] BIOS-e820: [mem 0x0000000000100000-0x000000003fffffff] usable
Feb 16 08:37:38 ip-172-31-69-22 kernel: [    0.000000] BIOS-e820: [mem 0x00000000fc000000-0x00000000ffffffff] reserved
Feb 16 08:37:38 ip-172-31-69-22 kernel: [    0.000000] NX (Execute Disable) protection: active
Feb 16 08:37:38 ip-172-31-69-22 kernel: [    0.000000] SMBIOS 2.7 present.
Feb 16 08:37:38 ip-172-31-69-22 kernel: [    0.000000] DMI: Xen HVM domU, BIOS 4.2.amazon 08/24/2006
Feb 16 08:37:38 ip-172-31-69-22 kernel: [    0.000000] Hypervisor detected: Xen
Feb 16 08:37:38 ip-172-31-69-22 kernel: [    0.000000] Xen version 4.2.
Feb 16 08:37:38 ip-172-31-69-22 kernel: [    0.000000] Xen Platform PCI: I/O protocol version 1
Feb 16 08:37:38 ip-172-31-69-22 kernel: [    0.000000] Netfront and the Xen platform PCI driver have been compiled for this kernel: unplug emulated NICs.
Feb 16 08:37:38 ip-172-31-69-22 kernel: [    0.000000] Blkfront and the Xen platform PCI driver have been compiled for this kernel: unplug emulated disks.
Feb 16 08:37:38 ip-172-31-69-22 kernel: [    0.000000] You might have to change the root device
Feb 16 08:37:38 ip-172-31-69-22 kernel: [    0.000000] from /dev/hd[a-d] to /dev/xvd[a-d]
Feb 16 08:37:38 ip-172-31-69-22 kernel: [    0.000000] in your root= kernel command line option
Feb 16 08:37:38 ip-172-31-69-22 kernel: [    0.000000] HVMOP_pagetable_dying not supported
Feb 16 08:37:38 ip-172-31-69-22 kernel: [    0.000000] e820: update [mem 0x00000000-0x00000fff] usable ==> reserved
Feb 16 08:37:38 ip-172-31-69-22 kernel: [    0.000000] e820: remove [mem 0x000a0000-0x000fffff] usable
Feb 16 08:37:38 ip-172-31-69-22 kernel: [    0.000000] e820: last_pfn = 0x40000 max_arch_pfn = 0x400000000
Feb 16 08:37:38 ip-172-31-69-22 kernel: [    0.000000] MTRR default type: write-back
Feb 16 08:37:38 ip-172-31-69-22 kernel: [    0.000000] MTRR fixed ranges enabled:
Feb 16 08:37:38 ip-172-31-69-22 kernel: [    0.000000]   00000-9FFFF write-back
Feb 16 08:37:38 ip-172-31-69-22 kernel: [    0.000000]   A0000-BFFFF write-combining
Feb 16 08:37:38 ip-172-31-69-22 kernel: [    0.000000]   C0000-FFFFF write-back
Feb 16 08:37:38 ip-172-31-69-22 kernel: [    0.000000] MTRR variable ranges enabled:
Feb 16 08:37:38 ip-172-31-69-22 kernel: [    0.000000]   0 base 0000F0000000 mask 3FFFF8000000 uncachable
Feb 16 08:37:38 ip-172-31-69-22 kernel: [    0.000000]   1 base 0000F8000000 mask 3FFFFC000000 uncachable
Feb 16 08:37:38 ip-172-31-69-22 kernel: [    0.000000]   2 disabled
Feb 16 08:37:38 ip-172-31-69-22 kernel: [    0.000000]   3 disabled
Feb 16 08:37:38 ip-172-31-69-22 kernel: [    0.000000]   4 disabled
Feb 16 08:37:38 ip-172-31-69-22 kernel: [    0.000000]   5 disabled
Feb 16 08:37:38 ip-172-31-69-22 kernel: [    0.000000]   6 disabled
Feb 16 08:37:38 ip-172-31-69-22 kernel: [    0.000000]   7 disabled
Feb 16 08:37:38 ip-172-31-69-22 kernel: [    0.000000] x86/PAT: Configuration [0-7]: WB  WC  UC- UC  WB  WC  UC- WT  
Feb 16 08:37:38 ip-172-31-69-22 kernel: [    0.000000] found SMP MP-table at [mem 0x000fbc20-0x000fbc2f] mapped at [ffff8800000fbc20]
Feb 16 08:37:38 ip-172-31-69-22 kernel: [    0.000000] Scanning 1 areas for low memory corruption
Feb 16 08:37:38 ip-172-31-69-22 kernel: [    0.000000] Base memory trampoline at [ffff880000098000] 98000 size 24576
Feb 16 08:37:38 ip-172-31-69-22 kernel: [    0.000000] BRK [0x02201000, 0x02201fff] PGTABLE
Feb 16 08:37:38 ip-172-31-69-22 kernel: [    0.000000] BRK [0x02202000, 0x02202fff] PGTABLE
Feb 16 08:37:38 ip-172-31-69-22 kernel: [    0.000000] BRK [0x02203000, 0x02203fff] PGTABLE
Feb 16 08:37:38 ip-172-31-69-22 kernel: [    0.000000] RAMDISK: [mem 0x367e6000-0x373eafff]
Feb 16 08:37:38 ip-172-31-69-22 kernel: [    0.000000] ACPI: Early table checksum verification disabled
Feb 16 08:37:38 ip-172-31-69-22 kernel: [    0.000000] ACPI: RSDP 0x00000000000EA020 000024 (v02 Xen   )
Feb 16 08:37:38 ip-172-31-69-22 kernel: [    0.000000] ACPI: XSDT 0x00000000FC00DDC0 000054 (v01 Xen    HVM      00000000 HVML 00000000)
Feb 16 08:37:38 ip-172-31-69-22 kernel: [    0.000000] ACPI: FACP 0x00000000FC00DA80 0000F4 (v04 Xen    HVM      00000000 HVML 00000000)
Feb 16 08:37:38 ip-172-31-69-22 kernel: [    0.000000] ACPI: DSDT 0x00000000FC001CE0 00BD19 (v02 Xen    HVM      00000000 INTL 20090123)
Feb 16 08:37:38 ip-172-31-69-22 kernel: [    0.000000] ACPI: FACS 0x00000000FC001CA0 000040
Feb 16 08:37:38 ip-172-31-69-22 kernel: [    0.000000] ACPI: FACS 0x00000000FC001CA0 000040
Feb 16 08:37:38 ip-172-31-69-22 kernel: [    0.000000] ACPI: APIC 0x00000000FC00DB80 0000D8 (v02 Xen    HVM      00000000 HVML 00000000)
Feb 16 08:37:38 ip-172-31-69-22 kernel: [    0.000000] ACPI: HPET 0x00000000FC00DCD0 000038 (v01 Xen    HVM      00000000 HVML 00000000)
Feb 16 08:37:38 ip-172-31-69-22 kernel: [    0.000000] ACPI: WAET 0x00000000FC00DD10 000028 (v01 Xen    HVM      00000000 HVML 00000000)
Feb 16 08:37:38 ip-172-31-69-22 kernel: [    0.000000] ACPI: SSDT 0x00000000FC00DD40 000031 (v02 Xen    HVM      00000000 INTL 20090123)
Feb 16 08:37:38 ip-172-31-69-22 kernel: [    0.000000] ACPI: SSDT 0x00000000FC00DD80 000031 (v02 Xen    HVM      00000000 INTL 20090123)
Feb 16 08:37:38 ip-172-31-69-22 kernel: [    0.000000] ACPI: Local APIC address 0xfee00000
Feb 16 08:37:38 ip-172-31-69-22 kernel: [    0.000000] No NUMA configuration found
Feb 16 08:37:38 ip-172-31-69-22 kernel: [    0.000000] Faking a node at [mem 0x0000000000000000-0x000000003fffffff]
Feb 16 08:37:38 ip-172-31-69-22 kernel: [    0.000000] NODE_DATA(0) allocated [mem 0x3fffb000-0x3fffffff]
Feb 16 08:37:38 ip-172-31-69-22 kernel: [    0.000000] Zone ranges:
Feb 16 08:37:38 ip-172-31-69-22 kernel: [    0.000000]   DMA      [mem 0x0000000000001000-0x0000000000ffffff]
Feb 16 08:37:38 ip-172-31-69-22 kernel: [    0.000000]   DMA32    [mem 0x0000000001000000-0x000000003fffffff]
Feb 16 08:37:38 ip-172-31-69-22 kernel: [    0.000000]   Normal   empty
Feb 16 08:37:38 ip-172-31-69-22 kernel: [    0.000000]   Device   empty
Feb 16 08:37:38 ip-172-31-69-22 kernel: [    0.000000] Movable zone start for each node
Feb 16 08:37:38 ip-172-31-69-22 kernel: [    0.000000] Early memory node ranges
Feb 16 08:37:38 ip-172-31-69-22 kernel: [    0.000000]   node   0: [mem 0x0000000000001000-0x000000000009dfff]
Feb 16 08:37:38 ip-172-31-69-22 kernel: [    0.000000]   node   0: [mem 0x0000000000100000-0x000000003fffffff]
Feb 16 08:37:38 ip-172-31-69-22 kernel: [    0.000000] Initmem setup node 0 [mem 0x0000000000001000-0x000000003fffffff]
Feb 16 08:37:38 ip-172-31-69-22 kernel: [    0.000000] On node 0 totalpages: 262045
Feb 16 08:37:38 ip-172-31-69-22 kernel: [    0.000000]   DMA zone: 64 pages used for memmap
Feb 16 08:37:38 ip-172-31-69-22 kernel: [    0.000000]   DMA zone: 21 pages reserved
Feb 16 08:37:38 ip-172-31-69-22 kernel: [    0.000000]   DMA zone: 3997 pages, LIFO batch:0
Feb 16 08:37:38 ip-172-31-69-22 kernel: [    0.000000]   DMA32 zone: 4032 pages used for memmap
Feb 16 08:37:38 ip-172-31-69-22 kernel: [    0.000000]   DMA32 zone: 258048 pages, LIFO batch:31
Feb 16 08:37:38 ip-172-31-69-22 kernel: [    0.000000] ACPI: PM-Timer IO Port: 0xb008
Feb 16 08:37:38 ip-172-31-69-22 kernel: [    0.000000] ACPI: Local APIC address 0xfee00000
Feb 16 08:37:38 ip-172-31-69-22 kernel: [    0.000000] IOAPIC[0]: apic_id 1, version 17, address 0xfec00000, GSI 0-47
Feb 16 08:37:38 ip-172-31-69-22 kernel: [    0.000000] ACPI: INT_SRC_OVR (bus 0 bus_irq 0 global_irq 2 dfl dfl)
Feb 16 08:37:38 ip-172-31-69-22 kernel: [    0.000000] ACPI: INT_SRC_OVR (bus 0 bus_irq 5 global_irq 5 low level)
Feb 16 08:37:38 ip-172-31-69-22 kernel: [    0.000000] ACPI: INT_SRC_OVR (bus 0 bus_irq 10 global_irq 10 low level)
Feb 16 08:37:38 ip-172-31-69-22 kernel: [    0.000000] ACPI: INT_SRC_OVR (bus 0 bus_irq 11 global_irq 11 low level)
Feb 16 08:37:38 ip-172-31-69-22 kernel: [    0.000000] ACPI: IRQ0 used by override.
Feb 16 08:37:38 ip-172-31-69-22 kernel: [    0.000000] ACPI: IRQ5 used by override.
Feb 16 08:37:38 ip-172-31-69-22 kernel: [    0.000000] ACPI: IRQ9 used by override.
Feb 16 08:37:38 ip-172-31-69-22 kernel: [    0.000000] ACPI: IRQ10 used by override.
Feb 16 08:37:38 ip-172-31-69-22 kernel: [    0.000000] ACPI: IRQ11 used by override.
Feb 16 08:37:38 ip-172-31-69-22 kernel: [    0.000000] Using ACPI (MADT) for SMP configuration information
Feb 16 08:37:38 ip-172-31-69-22 kernel: [    0.000000] ACPI: HPET id: 0x8086a201 base: 0xfed00000
Feb 16 08:37:38 ip-172-31-69-22 kernel: [    0.000000] smpboot: Allowing 15 CPUs, 14 hotplug CPUs
Feb 16 08:37:38 ip-172-31-69-22 kernel: [    0.000000] PM: Registered nosave memory: [mem 0x00000000-0x00000fff]
Feb 16 08:37:38 ip-172-31-69-22 kernel: [    0.000000] PM: Registered nosave memory: [mem 0x0009e000-0x0009ffff]
Feb 16 08:37:38 ip-172-31-69-22 kernel: [    0.000000] PM: Registered nosave memory: [mem 0x000a0000-0x000dffff]
Feb 16 08:37:38 ip-172-31-69-22 kernel: [    0.000000] PM: Registered nosave memory: [mem 0x000e0000-0x000fffff]
Feb 16 08:37:38 ip-172-31-69-22 kernel: [    0.000000] e820: [mem 0x40000000-0xfbffffff] available for PCI devices
Feb 16 08:37:38 ip-172-31-69-22 kernel: [    0.000000] Booting paravirtualized kernel on Xen HVM
Feb 16 08:37:38 ip-172-31-69-22 kernel: [    0.000000] clocksource: refined-jiffies: mask: 0xffffffff max_cycles: 0xffffffff, max_idle_ns: 7645519600211568 ns
Feb 16 08:37:38 ip-172-31-69-22 kernel: [    0.000000] setup_percpu: NR_CPUS:256 nr_cpumask_bits:256 nr_cpu_ids:15 nr_node_ids:1
Feb 16 08:37:38 ip-172-31-69-22 kernel: [    0.000000] PERCPU: Embedded 34 pages/cpu @ffff88003e200000 s99160 r8192 d31912 u262144
Feb 16 08:37:38 ip-172-31-69-22 kernel: [    0.000000] pcpu-alloc: s99160 r8192 d31912 u262144 alloc=1*2097152
Feb 16 08:37:38 ip-172-31-69-22 kernel: [    0.000000] pcpu-alloc: [0] 00 01 02 03 04 05 06 07 [0] 08 09 10 11 12 13 14 -- 
Feb 16 08:37:38 ip-172-31-69-22 kernel: [    0.000000] xen: PV spinlocks enabled
Feb 16 08:37:38 ip-172-31-69-22 kernel: [    0.000000] PV qspinlock hash table entries: 256 (order: 0, 4096 bytes)
Feb 16 08:37:38 ip-172-31-69-22 kernel: [    0.000000] Built 1 zonelists in Node order, mobility grouping on.  Total pages: 257928
Feb 16 08:37:38 ip-172-31-69-22 kernel: [    0.000000] Policy zone: DMA32
Feb 16 08:37:38 ip-172-31-69-22 kernel: [    0.000000] Kernel command line: BOOT_IMAGE=/boot/vmlinuz-4.4.0-1049-aws root=UUID=ccee1a8d-0785-4b3a-a578-812d59f5d3e1 ro console=tty1 console=ttyS0 nvme.io_timeout=4294967295
Feb 16 08:37:38 ip-172-31-69-22 kernel: [    0.000000] PID hash table entries: 4096 (order: 3, 32768 bytes)
Feb 16 08:37:38 ip-172-31-69-22 kernel: [    0.000000] Calgary: detecting Calgary via BIOS EBDA area
Feb 16 08:37:38 ip-172-31-69-22 kernel: [    0.000000] Calgary: Unable to locate Rio Grande table in EBDA - bailing!
Feb 16 08:37:38 ip-172-31-69-22 kernel: [    0.000000] Memory: 998628K/1048180K available (8320K kernel code, 1276K rwdata, 3872K rodata, 1484K init, 1288K bss, 49552K reserved, 0K cma-reserved)
Feb 16 08:37:38 ip-172-31-69-22 kernel: [    0.000000] SLUB: HWalign=64, Order=0-3, MinObjects=0, CPUs=15, Nodes=1
Feb 16 08:37:38 ip-172-31-69-22 kernel: [    0.000000] Kernel/User page tables isolation: enabled
Feb 16 08:37:38 ip-172-31-69-22 kernel: [    0.000000] Hierarchical RCU implementation.
Feb 16 08:37:38 ip-172-31-69-22 kernel: [    0.000000] 	Build-time adjustment of leaf fanout to 64.
Feb 16 08:37:38 ip-172-31-69-22 kernel: [    0.000000] 	RCU restricting CPUs from NR_CPUS=256 to nr_cpu_ids=15.
Feb 16 08:37:38 ip-172-31-69-22 kernel: [    0.000000] RCU: Adjusting geometry for rcu_fanout_leaf=64, nr_cpu_ids=15
Feb 16 08:37:38 ip-172-31-69-22 kernel: [    0.000000] NR_IRQS:16640 nr_irqs:952 16
Feb 16 08:37:38 ip-172-31-69-22 kernel: [    0.000000] xen:events: Using 2-level ABI
Feb 16 08:37:38 ip-172-31-69-22 kernel: [    0.000000] xen:events: Xen HVM callback vector for event delivery is enabled
Feb 16 08:37:38 ip-172-31-69-22 kernel: [    0.000000] Console: colour VGA+ 80x25
Feb 16 08:37:38 ip-172-31-69-22 kernel: [    0.000000] console [tty1] enabled
Feb 16 08:37:38 ip-172-31-69-22 kernel: [    0.000000] Cannot get hvm parameter CONSOLE_EVTCHN (18): -22!
Feb 16 08:37:38 ip-172-31-69-22 kernel: [    0.000000] console [ttyS0] enabled
Feb 16 08:37:38 ip-172-31-69-22 kernel: [    0.000000] clocksource: hpet: mask: 0xffffffff max_cycles: 0xffffffff, max_idle_ns: 30580167144 ns
Feb 16 08:37:38 ip-172-31-69-22 kernel: [    0.000000] hpet clockevent registered
Feb 16 08:37:38 ip-172-31-69-22 kernel: [    0.000000] tsc: Detected 2400.078 MHz processor
Feb 16 08:37:38 ip-172-31-69-22 kernel: [    0.008000] Calibrating delay loop (skipped), value calculated using timer frequency.. 4800.15 BogoMIPS (lpj=9600312)
Feb 16 08:37:38 ip-172-31-69-22 kernel: [    0.008004] pid_max: default: 32768 minimum: 301
Feb 16 08:37:38 ip-172-31-69-22 kernel: [    0.010549] ACPI: Core revision 20150930
Feb 16 08:37:38 ip-172-31-69-22 kernel: [    0.019590] ACPI: 3 ACPI AML tables successfully acquired and loaded
Feb 16 08:37:38 ip-172-31-69-22 kernel: [    0.022675] Security Framework initialized
Feb 16 08:37:38 ip-172-31-69-22 kernel: [    0.024004] Yama: becoming mindful.
Feb 16 08:37:38 ip-172-31-69-22 kernel: [    0.025964] AppArmor: AppArmor initialized
Feb 16 08:37:38 ip-172-31-69-22 kernel: [    0.028090] Dentry cache hash table entries: 131072 (order: 8, 1048576 bytes)
Feb 16 08:37:38 ip-172-31-69-22 kernel: [    0.032181] Inode-cache hash table entries: 65536 (order: 7, 524288 bytes)
Feb 16 08:37:38 ip-172-31-69-22 kernel: [    0.036082] Mount-cache hash table entries: 2048 (order: 2, 16384 bytes)
Feb 16 08:37:38 ip-172-31-69-22 kernel: [    0.039173] Mountpoint-cache hash table entries: 2048 (order: 2, 16384 bytes)
Feb 16 08:37:38 ip-172-31-69-22 kernel: [    0.040180] Initializing cgroup subsys io
Feb 16 08:37:38 ip-172-31-69-22 kernel: [    0.044005] Initializing cgroup subsys memory
Feb 16 08:37:38 ip-172-31-69-22 kernel: [    0.046457] Initializing cgroup subsys devices
Feb 16 08:37:38 ip-172-31-69-22 kernel: [    0.048007] Initializing cgroup subsys freezer
Feb 16 08:37:38 ip-172-31-69-22 kernel: [    0.052004] Initializing cgroup subsys net_cls
Feb 16 08:37:38 ip-172-31-69-22 kernel: [    0.054364] Initializing cgroup subsys perf_event
Feb 16 08:37:38 ip-172-31-69-22 kernel: [    0.056005] Initializing cgroup subsys net_prio
Feb 16 08:37:38 ip-172-31-69-22 kernel: [    0.058462] Initializing cgroup subsys hugetlb
Feb 16 08:37:38 ip-172-31-69-22 kernel: [    0.060006] Initializing cgroup subsys pids
Feb 16 08:37:38 ip-172-31-69-22 kernel: [    0.064063] CPU: Physical Processor ID: 0
Feb 16 08:37:38 ip-172-31-69-22 kernel: [    0.066403] FEATURE SPEC_CTRL Not Present
Feb 16 08:37:38 ip-172-31-69-22 kernel: [    0.068726] mce: CPU supports 2 MCE banks
Feb 16 08:37:38 ip-172-31-69-22 kernel: [    0.070888] Last level iTLB entries: 4KB 1024, 2MB 1024, 4MB 1024
Feb 16 08:37:38 ip-172-31-69-22 kernel: [    0.072004] Last level dTLB entries: 4KB 1024, 2MB 1024, 4MB 1024, 1GB 4
Feb 16 08:37:38 ip-172-31-69-22 kernel: [    0.094543] ftrace: allocating 31285 entries in 123 pages
Feb 16 08:37:38 ip-172-31-69-22 kernel: [    0.124023] smpboot: APIC(0) Converting physical 0 to logical package 0
Feb 16 08:37:38 ip-172-31-69-22 kernel: [    0.127291] smpboot: Max logical packages: 15
Feb 16 08:37:38 ip-172-31-69-22 kernel: [    0.128661] x2apic: IRQ remapping doesn't support X2APIC mode
Feb 16 08:37:38 ip-172-31-69-22 kernel: [    0.132004] Switched APIC routing to physical flat.
Feb 16 08:37:38 ip-172-31-69-22 kernel: [    0.138248] ..TIMER: vector=0x30 apic1=0 pin1=2 apic2=0 pin2=0
Feb 16 08:37:38 ip-172-31-69-22 kernel: [    0.140004] clocksource: xen: mask: 0xffffffffffffffff max_cycles: 0x1cd42e4dffb, max_idle_ns: 881590591483 ns
Feb 16 08:37:38 ip-172-31-69-22 kernel: [    0.144008] Xen: using vcpuop timer interface
Feb 16 08:37:38 ip-172-31-69-22 kernel: [    0.144014] installing Xen timer for CPU 0
Feb 16 08:37:38 ip-172-31-69-22 kernel: [    0.148057] smpboot: CPU0: Intel(R) Xeon(R) CPU E5-2676 v3 @ 2.40GHz (family: 0x6, model: 0x3f, stepping: 0x2)
Feb 16 08:37:38 ip-172-31-69-22 kernel: [    0.153401] cpu 0 spinlock event irq 53
Feb 16 08:37:38 ip-172-31-69-22 kernel: [    0.155692] Performance Events: unsupported p6 CPU model 63 no PMU driver, software events only.
Feb 16 08:37:38 ip-172-31-69-22 kernel: [    0.160748] x86: Booted up 1 node, 1 CPUs
Feb 16 08:37:38 ip-172-31-69-22 kernel: [    0.163198] smpboot: Total of 1 processors activated (4800.15 BogoMIPS)
Feb 16 08:37:38 ip-172-31-69-22 kernel: [    0.164010] NMI watchdog: disabled (cpu0): hardware events not enabled
Feb 16 08:37:38 ip-172-31-69-22 kernel: [    0.167396] NMI watchdog: Shutting down hard lockup detector on all cpus
Feb 16 08:37:38 ip-172-31-69-22 kernel: [    0.168360] devtmpfs: initialized
Feb 16 08:37:38 ip-172-31-69-22 kernel: [    0.172062] evm: security.selinux
Feb 16 08:37:38 ip-172-31-69-22 kernel: [    0.174229] evm: security.SMACK64
Feb 16 08:37:38 ip-172-31-69-22 kernel: [    0.176008] evm: security.SMACK64EXEC
Feb 16 08:37:38 ip-172-31-69-22 kernel: [    0.178253] evm: security.SMACK64TRANSMUTE
Feb 16 08:37:38 ip-172-31-69-22 kernel: [    0.180006] evm: security.SMACK64MMAP
Feb 16 08:37:38 ip-172-31-69-22 kernel: [    0.182691] evm: security.ima
Feb 16 08:37:38 ip-172-31-69-22 kernel: [    0.184003] evm: security.capability
Feb 16 08:37:38 ip-172-31-69-22 kernel: [    0.186268] clocksource: jiffies: mask: 0xffffffff max_cycles: 0xffffffff, max_idle_ns: 7645041785100000 ns
Feb 16 08:37:38 ip-172-31-69-22 kernel: [    0.188025] futex hash table entries: 4096 (order: 6, 262144 bytes)
Feb 16 08:37:38 ip-172-31-69-22 kernel: [    0.191762] RTC time: 12:37:30, date: 02/16/18
Feb 16 08:37:38 ip-172-31-69-22 kernel: [    0.192131] NET: Registered protocol family 16
Feb 16 08:37:38 ip-172-31-69-22 kernel: [    0.194791] cpuidle: using governor ladder
Feb 16 08:37:38 ip-172-31-69-22 kernel: [    0.196008] cpuidle: using governor menu
Feb 16 08:37:38 ip-172-31-69-22 kernel: [    0.198363] PCCT header not found.
Feb 16 08:37:38 ip-172-31-69-22 kernel: [    0.200075] ACPI: bus type PCI registered
Feb 16 08:37:38 ip-172-31-69-22 kernel: [    0.202621] acpiphp: ACPI Hot Plug PCI Controller Driver version: 0.5
Feb 16 08:37:38 ip-172-31-69-22 kernel: [    0.204291] PCI: Using configuration type 1 for base access
Feb 16 08:37:38 ip-172-31-69-22 kernel: [    0.208327] ACPI: Added _OSI(Module Device)
Feb 16 08:37:38 ip-172-31-69-22 kernel: [    0.210996] ACPI: Added _OSI(Processor Device)
Feb 16 08:37:38 ip-172-31-69-22 kernel: [    0.212004] ACPI: Added _OSI(3.0 _SCP Extensions)
Feb 16 08:37:38 ip-172-31-69-22 kernel: [    0.214663] ACPI: Added _OSI(Processor Aggregator Device)
Feb 16 08:37:38 ip-172-31-69-22 kernel: [    0.216949] xen: --> pirq=16 -> irq=9 (gsi=9)
Feb 16 08:37:38 ip-172-31-69-22 kernel: [    0.219359] ACPI: Interpreter enabled
Feb 16 08:37:38 ip-172-31-69-22 kernel: [    0.220012] ACPI: (supports S0 S4 S5)
Feb 16 08:37:38 ip-172-31-69-22 kernel: [    0.222173] ACPI: Using IOAPIC for interrupt routing
Feb 16 08:37:38 ip-172-31-69-22 kernel: [    0.224023] PCI: Using host bridge windows from ACPI; if necessary, use "pci=nocrs" and report a bug
Feb 16 08:37:38 ip-172-31-69-22 kernel: [    0.268660] ACPI: PCI Root Bridge [PCI0] (domain 0000 [bus 00-ff])
Feb 16 08:37:38 ip-172-31-69-22 kernel: [    0.272013] acpi PNP0A03:00: _OSC: OS supports [ASPM ClockPM Segments MSI]
Feb 16 08:37:38 ip-172-31-69-22 kernel: [    0.276013] acpi PNP0A03:00: _OSC failed (AE_NOT_FOUND); disabling ASPM
Feb 16 08:37:38 ip-172-31-69-22 kernel: [    0.280017] acpi PNP0A03:00: fail to add MMCONFIG information, can't access extended PCI configuration space under this bridge.
Feb 16 08:37:38 ip-172-31-69-22 kernel: [    0.284925] acpiphp: Slot [0] registered
Feb 16 08:37:38 ip-172-31-69-22 kernel: [    0.288654] acpiphp: Slot [3] registered
Feb 16 08:37:38 ip-172-31-69-22 kernel: [    0.291465] acpiphp: Slot [4] registered
Feb 16 08:37:38 ip-172-31-69-22 kernel: [    0.292282] acpiphp: Slot [5] registered
Feb 16 08:37:38 ip-172-31-69-22 kernel: [    0.294983] acpiphp: Slot [6] registered
Feb 16 08:37:38 ip-172-31-69-22 kernel: [    0.296297] acpiphp: Slot [7] registered
Feb 16 08:37:38 ip-172-31-69-22 kernel: [    0.299266] acpiphp: Slot [8] registered
Feb 16 08:37:38 ip-172-31-69-22 kernel: [    0.300289] acpiphp: Slot [9] registered
Feb 16 08:37:38 ip-172-31-69-22 kernel: [    0.303113] acpiphp: Slot [10] registered
Feb 16 08:37:38 ip-172-31-69-22 kernel: [    0.304377] acpiphp: Slot [11] registered
Feb 16 08:37:38 ip-172-31-69-22 kernel: [    0.307594] acpiphp: Slot [12] registered
Feb 16 08:37:38 ip-172-31-69-22 kernel: [    0.308234] acpiphp: Slot [13] registered
Feb 16 08:37:38 ip-172-31-69-22 kernel: [    0.311995] acpiphp: Slot [14] registered
Feb 16 08:37:38 ip-172-31-69-22 kernel: [    0.312292] acpiphp: Slot [15] registered
Feb 16 08:37:38 ip-172-31-69-22 kernel: [    0.315415] acpiphp: Slot [16] registered
Feb 16 08:37:38 ip-172-31-69-22 kernel: [    0.316247] acpiphp: Slot [17] registered
Feb 16 08:37:38 ip-172-31-69-22 kernel: [    0.318881] acpiphp: Slot [18] registered
Feb 16 08:37:38 ip-172-31-69-22 kernel: [    0.320266] acpiphp: Slot [19] registered
Feb 16 08:37:38 ip-172-31-69-22 kernel: [    0.323787] acpiphp: Slot [20] registered
Feb 16 08:37:38 ip-172-31-69-22 kernel: [    0.324329] acpiphp: Slot [21] registered
Feb 16 08:37:38 ip-172-31-69-22 kernel: [    0.327229] acpiphp: Slot [22] registered
Feb 16 08:37:38 ip-172-31-69-22 kernel: [    0.328251] acpiphp: Slot [23] registered
Feb 16 08:37:38 ip-172-31-69-22 kernel: [    0.330856] acpiphp: Slot [24] registered
Feb 16 08:37:38 ip-172-31-69-22 kernel: [    0.332281] acpiphp: Slot [25] registered
Feb 16 08:37:38 ip-172-31-69-22 kernel: [    0.335558] acpiphp: Slot [26] registered
Feb 16 08:37:38 ip-172-31-69-22 kernel: [    0.336328] acpiphp: Slot [27] registered
Feb 16 08:37:38 ip-172-31-69-22 kernel: [    0.339359] acpiphp: Slot [28] registered
Feb 16 08:37:38 ip-172-31-69-22 kernel: [    0.340281] acpiphp: Slot [29] registered
Feb 16 08:37:38 ip-172-31-69-22 kernel: [    0.342909] acpiphp: Slot [30] registered
Feb 16 08:37:38 ip-172-31-69-22 kernel: [    0.344280] acpiphp: Slot [31] registered
Feb 16 08:37:38 ip-172-31-69-22 kernel: [    0.347508] PCI host bridge to bus 0000:00
Feb 16 08:37:38 ip-172-31-69-22 kernel: [    0.348009] pci_bus 0000:00: root bus resource [io  0x0000-0x0cf7 window]
Feb 16 08:37:38 ip-172-31-69-22 kernel: [    0.352007] pci_bus 0000:00: root bus resource [io  0x0d00-0xffff window]
Feb 16 08:37:38 ip-172-31-69-22 kernel: [    0.355525] pci_bus 0000:00: root bus resource [mem 0x000a0000-0x000bffff window]
Feb 16 08:37:38 ip-172-31-69-22 kernel: [    0.356008] pci_bus 0000:00: root bus resource [mem 0xf0000000-0xfbffffff window]
Feb 16 08:37:38 ip-172-31-69-22 kernel: [    0.360007] pci_bus 0000:00: root bus resource [bus 00-ff]
Feb 16 08:37:38 ip-172-31-69-22 kernel: [    0.363459] pci 0000:00:00.0: [8086:1237] type 00 class 0x060000
Feb 16 08:37:38 ip-172-31-69-22 kernel: [    0.364764] pci 0000:00:01.0: [8086:7000] type 00 class 0x060100
Feb 16 08:37:38 ip-172-31-69-22 kernel: [    0.366715] pci 0000:00:01.1: [8086:7010] type 00 class 0x010180
Feb 16 08:37:38 ip-172-31-69-22 kernel: [    0.367691] pci 0000:00:01.1: reg 0x20: [io  0xc100-0xc10f]
Feb 16 08:37:38 ip-172-31-69-22 kernel: [    0.368054] pci 0000:00:01.1: legacy IDE quirk: reg 0x10: [io  0x01f0-0x01f7]
Feb 16 08:37:38 ip-172-31-69-22 kernel: [    0.372008] pci 0000:00:01.1: legacy IDE quirk: reg 0x14: [io  0x03f6]
Feb 16 08:37:38 ip-172-31-69-22 kernel: [    0.375774] pci 0000:00:01.1: legacy IDE quirk: reg 0x18: [io  0x0170-0x0177]
Feb 16 08:37:38 ip-172-31-69-22 kernel: [    0.376006] pci 0000:00:01.1: legacy IDE quirk: reg 0x1c: [io  0x0376]
Feb 16 08:37:38 ip-172-31-69-22 kernel: [    0.380522] pci 0000:00:01.3: [8086:7113] type 00 class 0x068000
Feb 16 08:37:38 ip-172-31-69-22 kernel: [    0.380597] * Found PM-Timer Bug on the chipset. Due to workarounds for a bug,
Feb 16 08:37:38 ip-172-31-69-22 kernel: [    0.380597] * this clock source is slow. Consider trying other clock sources
Feb 16 08:37:38 ip-172-31-69-22 kernel: [    0.385210] pci 0000:00:01.3: quirk: [io  0xb000-0xb03f] claimed by PIIX4 ACPI
Feb 16 08:37:38 ip-172-31-69-22 kernel: [    0.388733] pci 0000:00:02.0: [1013:00b8] type 00 class 0x030000
Feb 16 08:37:38 ip-172-31-69-22 kernel: [    0.389017] pci 0000:00:02.0: reg 0x10: [mem 0xf0000000-0xf1ffffff pref]
Feb 16 08:37:38 ip-172-31-69-22 kernel: [    0.389193] pci 0000:00:02.0: reg 0x14: [mem 0xf3000000-0xf3000fff]
Feb 16 08:37:38 ip-172-31-69-22 kernel: [    0.390615] pci 0000:00:03.0: [5853:0001] type 00 class 0xff8000
Feb 16 08:37:38 ip-172-31-69-22 kernel: [    0.390940] pci 0000:00:03.0: reg 0x10: [io  0xc000-0xc0ff]
Feb 16 08:37:38 ip-172-31-69-22 kernel: [    0.391110] pci 0000:00:03.0: reg 0x14: [mem 0xf2000000-0xf2ffffff pref]
Feb 16 08:37:38 ip-172-31-69-22 kernel: [    0.393287] ACPI: PCI Interrupt Link [LNKA] (IRQs *5 10 11)
Feb 16 08:37:38 ip-172-31-69-22 kernel: [    0.398761] ACPI: PCI Interrupt Link [LNKB] (IRQs 5 *10 11)
Feb 16 08:37:38 ip-172-31-69-22 kernel: [    0.402618] ACPI: PCI Interrupt Link [LNKC] (IRQs 5 10 *11)
Feb 16 08:37:38 ip-172-31-69-22 kernel: [    0.406483] ACPI: PCI Interrupt Link [LNKD] (IRQs *5 10 11)
Feb 16 08:37:38 ip-172-31-69-22 kernel: [    0.426332] ACPI: Enabled 2 GPEs in block 00 to 0F
Feb 16 08:37:38 ip-172-31-69-22 kernel: [    0.428069] xen:balloon: Initialising balloon driver
Feb 16 08:37:38 ip-172-31-69-22 kernel: [    0.440106] vgaarb: setting as boot device: PCI:0000:00:02.0
Feb 16 08:37:38 ip-172-31-69-22 kernel: [    0.443233] vgaarb: device added: PCI:0000:00:02.0,decodes=io+mem,owns=io+mem,locks=none
Feb 16 08:37:38 ip-172-31-69-22 kernel: [    0.444008] vgaarb: loaded
Feb 16 08:37:38 ip-172-31-69-22 kernel: [    0.446072] vgaarb: bridge control possible 0000:00:02.0
Feb 16 08:37:38 ip-172-31-69-22 kernel: [    0.448209] SCSI subsystem initialized
Feb 16 08:37:38 ip-172-31-69-22 kernel: [    0.450740] libata version 3.00 loaded.
Feb 16 08:37:38 ip-172-31-69-22 kernel: [    0.450762] ACPI: bus type USB registered
Feb 16 08:37:38 ip-172-31-69-22 kernel: [    0.452018] usbcore: registered new interface driver usbfs
Feb 16 08:37:38 ip-172-31-69-22 kernel: [    0.455495] usbcore: registered new interface driver hub
Feb 16 08:37:38 ip-172-31-69-22 kernel: [    0.456028] usbcore: registered new device driver usb
Feb 16 08:37:38 ip-172-31-69-22 kernel: [    0.460135] PCI: Using ACPI for IRQ routing
Feb 16 08:37:38 ip-172-31-69-22 kernel: [    0.462955] PCI: pci_cache_line_size set to 64 bytes
Feb 16 08:37:38 ip-172-31-69-22 kernel: [    0.463278] e820: reserve RAM buffer [mem 0x0009e000-0x0009ffff]
Feb 16 08:37:38 ip-172-31-69-22 kernel: [    0.463390] NetLabel: Initializing
Feb 16 08:37:38 ip-172-31-69-22 kernel: [    0.464004] NetLabel:  domain hash size = 128
Feb 16 08:37:38 ip-172-31-69-22 kernel: [    0.466549] NetLabel:  protocols = UNLABELED CIPSOv4
Feb 16 08:37:38 ip-172-31-69-22 kernel: [    0.468021] NetLabel:  unlabeled traffic allowed by default
Feb 16 08:37:38 ip-172-31-69-22 kernel: [    0.471532] HPET: 3 timers in total, 0 timers will be used for per-cpu timer
Feb 16 08:37:38 ip-172-31-69-22 kernel: [    0.472018] hpet0: at MMIO 0xfed00000, IRQs 2, 8, 0
Feb 16 08:37:38 ip-172-31-69-22 kernel: [    0.476724] hpet0: 3 comparators, 64-bit 62.500000 MHz counter
Feb 16 08:37:38 ip-172-31-69-22 kernel: [    0.481033] amd_nb: Cannot enumerate AMD northbridges
Feb 16 08:37:38 ip-172-31-69-22 kernel: [    0.483913] clocksource: Switched to clocksource xen
Feb 16 08:37:38 ip-172-31-69-22 kernel: [    0.488382] AppArmor: AppArmor Filesystem Enabled
Feb 16 08:37:38 ip-172-31-69-22 kernel: [    0.491387] pnp: PnP ACPI init
Feb 16 08:37:38 ip-172-31-69-22 kernel: [    0.493550] system 00:00: [mem 0x00000000-0x0009ffff] could not be reserved
Feb 16 08:37:38 ip-172-31-69-22 kernel: [    0.497621] system 00:00: Plug and Play ACPI device, IDs PNP0c02 (active)
Feb 16 08:37:38 ip-172-31-69-22 kernel: [    0.497704] system 00:01: [io  0x08a0-0x08a3] has been reserved
Feb 16 08:37:38 ip-172-31-69-22 kernel: [    0.501282] system 00:01: [io  0x0cc0-0x0ccf] has been reserved
Feb 16 08:37:38 ip-172-31-69-22 kernel: [    0.504864] system 00:01: [io  0x04d0-0x04d1] has been reserved
Feb 16 08:37:38 ip-172-31-69-22 kernel: [    0.508248] system 00:01: Plug and Play ACPI device, IDs PNP0c02 (active)
Feb 16 08:37:38 ip-172-31-69-22 kernel: [    0.508275] xen: --> pirq=17 -> irq=8 (gsi=8)
Feb 16 08:37:38 ip-172-31-69-22 kernel: [    0.508296] pnp 00:02: Plug and Play ACPI device, IDs PNP0b00 (active)
Feb 16 08:37:38 ip-172-31-69-22 kernel: [    0.508317] xen: --> pirq=18 -> irq=12 (gsi=12)
Feb 16 08:37:38 ip-172-31-69-22 kernel: [    0.508330] pnp 00:03: Plug and Play ACPI device, IDs PNP0f13 (active)
Feb 16 08:37:38 ip-172-31-69-22 kernel: [    0.508346] xen: --> pirq=19 -> irq=1 (gsi=1)
Feb 16 08:37:38 ip-172-31-69-22 kernel: [    0.508360] pnp 00:04: Plug and Play ACPI device, IDs PNP0303 PNP030b (active)
Feb 16 08:37:38 ip-172-31-69-22 kernel: [    0.508374] xen: --> pirq=20 -> irq=6 (gsi=6)
Feb 16 08:37:38 ip-172-31-69-22 kernel: [    0.508376] pnp 00:05: [dma 2]
Feb 16 08:37:38 ip-172-31-69-22 kernel: [    0.508389] pnp 00:05: Plug and Play ACPI device, IDs PNP0700 (active)
Feb 16 08:37:38 ip-172-31-69-22 kernel: [    0.508412] xen: --> pirq=21 -> irq=4 (gsi=4)
Feb 16 08:37:38 ip-172-31-69-22 kernel: [    0.508424] pnp 00:06: Plug and Play ACPI device, IDs PNP0501 (active)
Feb 16 08:37:38 ip-172-31-69-22 kernel: [    0.508459] system 00:07: [io  0x10c0-0x1141] has been reserved
Feb 16 08:37:38 ip-172-31-69-22 kernel: [    0.512239] system 00:07: [io  0xb044-0xb047] has been reserved
Feb 16 08:37:38 ip-172-31-69-22 kernel: [    0.515698] system 00:07: Plug and Play ACPI device, IDs PNP0c02 (active)
Feb 16 08:37:38 ip-172-31-69-22 kernel: [    0.531722] pnp: PnP ACPI: found 8 devices
Feb 16 08:37:38 ip-172-31-69-22 kernel: [    0.539587] clocksource: acpi_pm: mask: 0xffffff max_cycles: 0xffffff, max_idle_ns: 2085701024 ns
Feb 16 08:37:38 ip-172-31-69-22 kernel: [    0.545737] pci_bus 0000:00: resource 4 [io  0x0000-0x0cf7 window]
Feb 16 08:37:38 ip-172-31-69-22 kernel: [    0.545739] pci_bus 0000:00: resource 5 [io  0x0d00-0xffff window]
Feb 16 08:37:38 ip-172-31-69-22 kernel: [    0.545741] pci_bus 0000:00: resource 6 [mem 0x000a0000-0x000bffff window]
Feb 16 08:37:38 ip-172-31-69-22 kernel: [    0.545742] pci_bus 0000:00: resource 7 [mem 0xf0000000-0xfbffffff window]
Feb 16 08:37:38 ip-172-31-69-22 kernel: [    0.545783] NET: Registered protocol family 2
Feb 16 08:37:38 ip-172-31-69-22 kernel: [    0.548628] TCP established hash table entries: 8192 (order: 4, 65536 bytes)
Feb 16 08:37:38 ip-172-31-69-22 kernel: [    0.552574] TCP bind hash table entries: 8192 (order: 5, 131072 bytes)
Feb 16 08:37:38 ip-172-31-69-22 kernel: [    0.556343] TCP: Hash tables configured (established 8192 bind 8192)
Feb 16 08:37:38 ip-172-31-69-22 kernel: [    0.560067] UDP hash table entries: 512 (order: 2, 16384 bytes)
Feb 16 08:37:38 ip-172-31-69-22 kernel: [    0.563475] UDP-Lite hash table entries: 512 (order: 2, 16384 bytes)
Feb 16 08:37:38 ip-172-31-69-22 kernel: [    0.567379] NET: Registered protocol family 1
Feb 16 08:37:38 ip-172-31-69-22 kernel: [    0.570268] pci 0000:00:00.0: Limiting direct PCI/PCI transfers
Feb 16 08:37:38 ip-172-31-69-22 kernel: [    0.573599] pci 0000:00:01.0: PIIX3: Enabling Passive Release
Feb 16 08:37:38 ip-172-31-69-22 kernel: [    0.577032] pci 0000:00:01.0: Activating ISA DMA hang workarounds
Feb 16 08:37:38 ip-172-31-69-22 kernel: [    0.580521] pci 0000:00:02.0: Video device with shadowed ROM
Feb 16 08:37:38 ip-172-31-69-22 kernel: [    0.580577] PCI: CLS 0 bytes, default 64
Feb 16 08:37:38 ip-172-31-69-22 kernel: [    0.580631] Trying to unpack rootfs image as initramfs...
Feb 16 08:37:38 ip-172-31-69-22 kernel: [    0.757938] Freeing initrd memory: 12308K
Feb 16 08:37:38 ip-172-31-69-22 kernel: [    0.760530] RAPL PMU detected, API unit is 2^-32 Joules, 3 fixed counters 655360 ms ovfl timer
Feb 16 08:37:38 ip-172-31-69-22 kernel: [    0.765322] hw unit of domain pp0-core 2^-14 Joules
Feb 16 08:37:38 ip-172-31-69-22 kernel: [    0.768179] hw unit of domain package 2^-14 Joules
Feb 16 08:37:38 ip-172-31-69-22 kernel: [    0.771058] hw unit of domain dram 2^-16 Joules
Feb 16 08:37:38 ip-172-31-69-22 kernel: [    0.773817] Scanning for low memory corruption every 60 seconds
Feb 16 08:37:38 ip-172-31-69-22 kernel: [    0.777383] audit: initializing netlink subsys (disabled)
Feb 16 08:37:38 ip-172-31-69-22 kernel: [    0.780523] audit: type=2000 audit(1518784651.089:1): initialized
Feb 16 08:37:38 ip-172-31-69-22 kernel: [    0.784165] Initialise system trusted keyring
Feb 16 08:37:38 ip-172-31-69-22 kernel: [    0.787077] HugeTLB registered 2 MB page size, pre-allocated 0 pages
Feb 16 08:37:38 ip-172-31-69-22 kernel: [    0.791504] zbud: loaded
Feb 16 08:37:38 ip-172-31-69-22 kernel: [    0.793455] VFS: Disk quotas dquot_6.6.0
Feb 16 08:37:38 ip-172-31-69-22 kernel: [    0.795991] VFS: Dquot-cache hash table entries: 512 (order 0, 4096 bytes)
Feb 16 08:37:38 ip-172-31-69-22 kernel: [    0.800524] squashfs: version 4.0 (2009/01/31) Phillip Lougher
Feb 16 08:37:38 ip-172-31-69-22 kernel: [    0.804082] fuse init (API version 7.23)
Feb 16 08:37:38 ip-172-31-69-22 kernel: [    0.806533] Key type big_key registered
Feb 16 08:37:38 ip-172-31-69-22 kernel: [    0.809390] Allocating IMA MOK and blacklist keyrings.
Feb 16 08:37:38 ip-172-31-69-22 kernel: [    0.813668] Key type asymmetric registered
Feb 16 08:37:38 ip-172-31-69-22 kernel: [    0.816459] Asymmetric key parser 'x509' registered
Feb 16 08:37:38 ip-172-31-69-22 kernel: [    0.819466] Block layer SCSI generic (bsg) driver version 0.4 loaded (major 249)
Feb 16 08:37:38 ip-172-31-69-22 kernel: [    0.823649] io scheduler noop registered
Feb 16 08:37:38 ip-172-31-69-22 kernel: [    0.826297] io scheduler deadline registered (default)
Feb 16 08:37:38 ip-172-31-69-22 kernel: [    0.830127] io scheduler cfq registered
Feb 16 08:37:38 ip-172-31-69-22 kernel: [    0.832581] pci_hotplug: PCI Hot Plug PCI Core version: 0.5
Feb 16 08:37:38 ip-172-31-69-22 kernel: [    0.835980] pciehp: PCI Express Hot Plug Controller Driver version: 0.4
Feb 16 08:37:38 ip-172-31-69-22 kernel: [    0.839477] intel_idle: does not run on family 6 model 63
Feb 16 08:37:38 ip-172-31-69-22 kernel: [    0.839539] input: Power Button as /devices/LNXSYSTM:00/LNXPWRBN:00/input/input0
Feb 16 08:37:38 ip-172-31-69-22 kernel: [    0.844030] ACPI: Power Button [PWRF]
Feb 16 08:37:38 ip-172-31-69-22 kernel: [    0.846819] input: Sleep Button as /devices/LNXSYSTM:00/LNXSLPBN:00/input/input1
Feb 16 08:37:38 ip-172-31-69-22 kernel: [    0.852082] ACPI: Sleep Button [SLPF]
Feb 16 08:37:38 ip-172-31-69-22 kernel: [    0.854570] xen: --> pirq=22 -> irq=28 (gsi=28)
Feb 16 08:37:38 ip-172-31-69-22 kernel: [    0.854695] xen:grant_table: Grant tables using version 1 layout
Feb 16 08:37:38 ip-172-31-69-22 kernel: [    0.858086] Grant table initialized
Feb 16 08:37:38 ip-172-31-69-22 kernel: [    0.860507] Cannot get hvm parameter CONSOLE_EVTCHN (18): -22!
Feb 16 08:37:38 ip-172-31-69-22 kernel: [    0.864245] Serial: 8250/16550 driver, 32 ports, IRQ sharing enabled
Feb 16 08:37:38 ip-172-31-69-22 kernel: [    0.893590] 00:06: ttyS0 at I/O 0x3f8 (irq = 4, base_baud = 115200) is a 16550A
Feb 16 08:37:38 ip-172-31-69-22 kernel: [    0.898927] Linux agpgart interface v0.103
Feb 16 08:37:38 ip-172-31-69-22 kernel: [    0.903235] brd: module loaded
Feb 16 08:37:38 ip-172-31-69-22 kernel: [    0.906211] loop: module loaded
Feb 16 08:37:38 ip-172-31-69-22 kernel: [    0.908259] Invalid max_queues (4), will use default max: 1.
Feb 16 08:37:38 ip-172-31-69-22 kernel: [    0.912100] ata_piix 0000:00:01.1: version 2.13
Feb 16 08:37:38 ip-172-31-69-22 kernel: [    0.912995] scsi host0: ata_piix
Feb 16 08:37:38 ip-172-31-69-22 kernel: [    0.915570] scsi host1: ata_piix
Feb 16 08:37:38 ip-172-31-69-22 kernel: [    0.918673] ata1: PATA max MWDMA2 cmd 0x1f0 ctl 0x3f6 bmdma 0xc100 irq 14
Feb 16 08:37:38 ip-172-31-69-22 kernel: [    0.922518] ata2: PATA max MWDMA2 cmd 0x170 ctl 0x376 bmdma 0xc108 irq 15
Feb 16 08:37:38 ip-172-31-69-22 kernel: [    0.927316] libphy: Fixed MDIO Bus: probed
Feb 16 08:37:38 ip-172-31-69-22 kernel: [    0.929853] tun: Universal TUN/TAP device driver, 1.6
Feb 16 08:37:38 ip-172-31-69-22 kernel: [    0.933191] tun: (C) 1999-2004 Max Krasnyansky <maxk@qualcomm.com>
Feb 16 08:37:38 ip-172-31-69-22 kernel: [    0.936828] PPP generic driver version 2.4.2
Feb 16 08:37:38 ip-172-31-69-22 kernel: [    0.940211] xen_netfront: Initialising Xen virtual ethernet driver
Feb 16 08:37:38 ip-172-31-69-22 kernel: [    0.963113] ehci_hcd: USB 2.0 'Enhanced' Host Controller (EHCI) Driver
Feb 16 08:37:38 ip-172-31-69-22 kernel: [    0.968699] ehci-pci: EHCI PCI platform driver
Feb 16 08:37:38 ip-172-31-69-22 kernel: [    0.972616] ehci-platform: EHCI generic platform driver
Feb 16 08:37:38 ip-172-31-69-22 kernel: [    0.976963] ohci_hcd: USB 1.1 'Open' Host Controller (OHCI) Driver
Feb 16 08:37:38 ip-172-31-69-22 kernel: [    0.981986] ohci-pci: OHCI PCI platform driver
Feb 16 08:37:38 ip-172-31-69-22 kernel: [    0.985701] ohci-platform: OHCI generic platform driver
Feb 16 08:37:38 ip-172-31-69-22 kernel: [    0.990132] uhci_hcd: USB Universal Host Controller Interface driver
Feb 16 08:37:38 ip-172-31-69-22 kernel: [    0.995049] i8042: PNP: PS/2 Controller [PNP0303:PS2K,PNP0f13:PS2M] at 0x60,0x64 irq 1,12
Feb 16 08:37:38 ip-172-31-69-22 kernel: [    1.003220] serio: i8042 KBD port at 0x60,0x64 irq 1
Feb 16 08:37:38 ip-172-31-69-22 kernel: [    1.007681] serio: i8042 AUX port at 0x60,0x64 irq 12
Feb 16 08:37:38 ip-172-31-69-22 kernel: [    1.012044] mousedev: PS/2 mouse device common for all mice
Feb 16 08:37:38 ip-172-31-69-22 kernel: [    1.017767] input: AT Translated Set 2 keyboard as /devices/platform/i8042/serio0/input/input2
Feb 16 08:37:38 ip-172-31-69-22 kernel: [    1.023038] rtc_cmos 00:02: rtc core: registered rtc_cmos as rtc0
Feb 16 08:37:38 ip-172-31-69-22 kernel: [    1.028094] rtc_cmos 00:02: alarms up to one day, 114 bytes nvram, hpet irqs
Feb 16 08:37:38 ip-172-31-69-22 kernel: [    1.048100] i2c /dev entries driver
Feb 16 08:37:38 ip-172-31-69-22 kernel: [    1.050783] device-mapper: uevent: version 1.0.3
Feb 16 08:37:38 ip-172-31-69-22 kernel: [    1.054133] device-mapper: ioctl: 4.34.0-ioctl (2015-10-28) initialised: dm-devel@redhat.com
Feb 16 08:37:38 ip-172-31-69-22 kernel: [    1.062071] NET: Registered protocol family 10
Feb 16 08:37:38 ip-172-31-69-22 kernel: [    1.064925] NET: Registered protocol family 17
Feb 16 08:37:38 ip-172-31-69-22 kernel: [    1.070406] Key type dns_resolver registered
Feb 16 08:37:38 ip-172-31-69-22 kernel: [    1.074434] registered taskstats version 1
Feb 16 08:37:38 ip-172-31-69-22 kernel: [    1.078198] Loading compiled-in X.509 certificates
Feb 16 08:37:38 ip-172-31-69-22 kernel: [    1.084326] Loaded X.509 cert 'Build time autogenerated kernel key: 3202f79a2fa321ecce3869d36458fe9267f31118'
Feb 16 08:37:38 ip-172-31-69-22 kernel: [    1.090407] zswap: loaded using pool lzo/zbud
Feb 16 08:37:38 ip-172-31-69-22 kernel: [    1.094997] Key type trusted registered
Feb 16 08:37:38 ip-172-31-69-22 kernel: [    1.100166] Key type encrypted registered
Feb 16 08:37:38 ip-172-31-69-22 kernel: [    1.103537] AppArmor: AppArmor sha1 policy hashing enabled
Feb 16 08:37:38 ip-172-31-69-22 kernel: [    1.108265] ima: No TPM chip found, activating TPM-bypass!
Feb 16 08:37:38 ip-172-31-69-22 kernel: [    1.113023] evm: HMAC attrs: 0x1
Feb 16 08:37:38 ip-172-31-69-22 kernel: [    1.122126] blkfront: xvda: barrier or flush: disabled; persistent grants: disabled; indirect descriptors: enabled;
Feb 16 08:37:38 ip-172-31-69-22 kernel: [    1.139670]  xvda: xvda1
Feb 16 08:37:38 ip-172-31-69-22 kernel: [    1.216164]   Magic number: 6:31:633
Feb 16 08:37:38 ip-172-31-69-22 kernel: [    1.218718] rtc_cmos 00:02: setting system clock to 2018-02-16 12:37:31 UTC (1518784651)
Feb 16 08:37:38 ip-172-31-69-22 kernel: [    1.223186] BIOS EDD facility v0.16 2004-Jun-25, 0 devices found
Feb 16 08:37:38 ip-172-31-69-22 kernel: [    1.226610] EDD information not available.
Feb 16 08:37:38 ip-172-31-69-22 kernel: [    1.229422] PM: Hibernation image not present or could not be loaded.
Feb 16 08:37:38 ip-172-31-69-22 kernel: [    1.231137] Freeing unused kernel memory: 1484K
Feb 16 08:37:38 ip-172-31-69-22 kernel: [    1.233978] Write protecting the kernel read-only data: 14336k
Feb 16 08:37:38 ip-172-31-69-22 kernel: [    1.237809] Freeing unused kernel memory: 1908K
Feb 16 08:37:38 ip-172-31-69-22 kernel: [    1.241256] Freeing unused kernel memory: 224K
Feb 16 08:37:38 ip-172-31-69-22 kernel: [    1.256947] random: udevadm: uninitialized urandom read (16 bytes read, 10 bits of entropy available)
Feb 16 08:37:38 ip-172-31-69-22 kernel: [    1.262730] random: systemd-udevd: uninitialized urandom read (16 bytes read, 10 bits of entropy available)
Feb 16 08:37:38 ip-172-31-69-22 kernel: [    1.268521] random: systemd-udevd: uninitialized urandom read (16 bytes read, 10 bits of entropy available)
Feb 16 08:37:38 ip-172-31-69-22 kernel: [    1.274952] random: udevadm: uninitialized urandom read (16 bytes read, 10 bits of entropy available)
Feb 16 08:37:38 ip-172-31-69-22 kernel: [    1.280593] random: systemd-udevd: uninitialized urandom read (16 bytes read, 10 bits of entropy available)
Feb 16 08:37:38 ip-172-31-69-22 kernel: [    1.291709] random: systemd-udevd: uninitialized urandom read (16 bytes read, 10 bits of entropy available)
Feb 16 08:37:38 ip-172-31-69-22 kernel: [    1.298509] random: udevadm: uninitialized urandom read (16 bytes read, 10 bits of entropy available)
Feb 16 08:37:38 ip-172-31-69-22 kernel: [    1.304759] random: systemd-udevd: uninitialized urandom read (16 bytes read, 10 bits of entropy available)
Feb 16 08:37:38 ip-172-31-69-22 kernel: [    1.311287] random: udevadm: uninitialized urandom read (16 bytes read, 10 bits of entropy available)
Feb 16 08:37:38 ip-172-31-69-22 kernel: [    1.316787] random: systemd-udevd: uninitialized urandom read (16 bytes read, 10 bits of entropy available)
Feb 16 08:37:38 ip-172-31-69-22 kernel: [    1.441718] AVX2 version of gcm_enc/dec engaged.
Feb 16 08:37:38 ip-172-31-69-22 kernel: [    1.444462] AES CTR mode by8 optimization enabled
Feb 16 08:37:38 ip-172-31-69-22 kernel: [    1.772123] tsc: Refined TSC clocksource calibration: 2400.000 MHz
Feb 16 08:37:38 ip-172-31-69-22 kernel: [    1.777559] clocksource: tsc: mask: 0xffffffffffffffff max_cycles: 0x22983777dd9, max_idle_ns: 440795300422 ns
Feb 16 08:37:38 ip-172-31-69-22 kernel: [    2.968601] md: linear personality registered for level -1
Feb 16 08:37:38 ip-172-31-69-22 kernel: [    2.974420] md: multipath personality registered for level -4
Feb 16 08:37:38 ip-172-31-69-22 kernel: [    2.980339] md: raid0 personality registered for level 0
Feb 16 08:37:38 ip-172-31-69-22 kernel: [    2.986408] md: raid1 personality registered for level 1
Feb 16 08:37:38 ip-172-31-69-22 kernel: [    3.040042] raid6: sse2x1   gen()  8279 MB/s
Feb 16 08:37:38 ip-172-31-69-22 kernel: [    3.092059] raid6: sse2x1   xor()  6510 MB/s
Feb 16 08:37:38 ip-172-31-69-22 kernel: [    3.140064] raid6: sse2x2   gen() 10745 MB/s
Feb 16 08:37:38 ip-172-31-69-22 kernel: [    3.188065] raid6: sse2x2   xor()  7126 MB/s
Feb 16 08:37:38 ip-172-31-69-22 kernel: [    3.240062] raid6: sse2x4   gen() 12295 MB/s
Feb 16 08:37:38 ip-172-31-69-22 kernel: [    3.292061] raid6: sse2x4   xor()  8514 MB/s
Feb 16 08:37:38 ip-172-31-69-22 kernel: [    3.340063] raid6: avx2x1   gen() 16058 MB/s
Feb 16 08:37:38 ip-172-31-69-22 kernel: [    3.388068] raid6: avx2x2   gen() 19173 MB/s
Feb 16 08:37:38 ip-172-31-69-22 kernel: [    3.436062] raid6: avx2x4   gen() 21888 MB/s
Feb 16 08:37:38 ip-172-31-69-22 kernel: [    3.439651] raid6: using algorithm avx2x4 gen() 21888 MB/s
Feb 16 08:37:38 ip-172-31-69-22 kernel: [    3.444022] raid6: using avx2x2 recovery algorithm
Feb 16 08:37:38 ip-172-31-69-22 kernel: [    3.450122] xor: automatically using best checksumming function:
Feb 16 08:37:38 ip-172-31-69-22 kernel: [    3.492059]    avx       : 26234.000 MB/sec
Feb 16 08:37:38 ip-172-31-69-22 kernel: [    3.497106] async_tx: api initialized (async)
Feb 16 08:37:38 ip-172-31-69-22 kernel: [    3.512086] md: raid6 personality registered for level 6
Feb 16 08:37:38 ip-172-31-69-22 kernel: [    3.515224] md: raid5 personality registered for level 5
Feb 16 08:37:38 ip-172-31-69-22 kernel: [    3.518509] md: raid4 personality registered for level 4
Feb 16 08:37:38 ip-172-31-69-22 kernel: [    3.528386] md: raid10 personality registered for level 10
Feb 16 08:37:38 ip-172-31-69-22 kernel: [    3.567887] Btrfs loaded
Feb 16 08:37:38 ip-172-31-69-22 kernel: [    3.641080] EXT4-fs (xvda1): mounted filesystem with ordered data mode. Opts: (null)
Feb 16 08:37:38 ip-172-31-69-22 kernel: [    4.271009] EXT4-fs (xvda1): re-mounted. Opts: discard
Feb 16 08:37:38 ip-172-31-69-22 kernel: [    4.305220] Loading iSCSI transport class v2.0-870.
Feb 16 08:37:38 ip-172-31-69-22 kernel: [    4.326883] iscsi: registered transport (tcp)
Feb 16 08:37:38 ip-172-31-69-22 kernel: [    4.441969] iscsi: registered transport (iser)
Feb 16 08:37:38 ip-172-31-69-22 kernel: [    5.316876] audit: type=1400 audit(1518784655.596:2): apparmor="STATUS" operation="profile_load" profile="unconfined" name="lxc-container-default" pid=576 comm="apparmor_parser"
Feb 16 08:37:38 ip-172-31-69-22 kernel: [    5.316880] audit: type=1400 audit(1518784655.596:3): apparmor="STATUS" operation="profile_load" profile="unconfined" name="lxc-container-default-cgns" pid=576 comm="apparmor_parser"
Feb 16 08:37:38 ip-172-31-69-22 kernel: [    5.316883] audit: type=1400 audit(1518784655.596:4): apparmor="STATUS" operation="profile_load" profile="unconfined" name="lxc-container-default-with-mounting" pid=576 comm="apparmor_parser"
Feb 16 08:37:38 ip-172-31-69-22 kernel: [    5.316886] audit: type=1400 audit(1518784655.596:5): apparmor="STATUS" operation="profile_load" profile="unconfined" name="lxc-container-default-with-nesting" pid=576 comm="apparmor_parser"
Feb 16 08:37:38 ip-172-31-69-22 kernel: [    5.330281] audit: type=1400 audit(1518784655.608:6): apparmor="STATUS" operation="profile_load" profile="unconfined" name="/sbin/dhclient" pid=579 comm="apparmor_parser"
Feb 16 08:37:38 ip-172-31-69-22 kernel: [    5.330285] audit: type=1400 audit(1518784655.608:7): apparmor="STATUS" operation="profile_load" profile="unconfined" name="/usr/lib/NetworkManager/nm-dhcp-client.action" pid=579 comm="apparmor_parser"
Feb 16 08:37:38 ip-172-31-69-22 kernel: [    5.330288] audit: type=1400 audit(1518784655.608:8): apparmor="STATUS" operation="profile_load" profile="unconfined" name="/usr/lib/NetworkManager/nm-dhcp-helper" pid=579 comm="apparmor_parser"
Feb 16 08:37:38 ip-172-31-69-22 kernel: [    5.330291] audit: type=1400 audit(1518784655.608:9): apparmor="STATUS" operation="profile_load" profile="unconfined" name="/usr/lib/connman/scripts/dhclient-script" pid=579 comm="apparmor_parser"
Feb 16 08:37:38 ip-172-31-69-22 kernel: [    5.332111] audit: type=1400 audit(1518784655.612:10): apparmor="STATUS" operation="profile_load" profile="unconfined" name="/usr/bin/lxc-start" pid=583 comm="apparmor_parser"
Feb 16 08:37:38 ip-172-31-69-22 kernel: [    6.454589] ppdev: user-space parallel port driver
Feb 16 08:37:38 ip-172-31-69-22 kernel: [    8.072741] random: nonblocking pool is initialized
Feb 16 08:37:38 ip-172-31-69-22 kernel: [    8.492288] cgroup: new mount options do not match the existing superblock, will be ignored
Feb 16 08:37:38 ip-172-31-69-22 systemd-modules-load[382]: Inserted module 'iscsi_tcp'
Feb 16 08:37:38 ip-172-31-69-22 systemd[1]: Started Create list of required static device nodes for the current kernel.
Feb 16 08:37:38 ip-172-31-69-22 systemd[1]: Started Uncomplicated firewall.
Feb 16 08:37:38 ip-172-31-69-22 systemd[1]: Started Remount Root and Kernel File Systems.
Feb 16 08:37:38 ip-172-31-69-22 systemd[1]: Started Nameserver information manager.
Feb 16 08:37:38 ip-172-31-69-22 systemd-modules-load[382]: Inserted module 'ib_iser'
Feb 16 08:37:38 ip-172-31-69-22 systemd[1]: Started Load Kernel Modules.
Feb 16 08:37:38 ip-172-31-69-22 loadkeys[388]: Loading /etc/console-setup/cached.kmap.gz
Feb 16 08:37:38 ip-172-31-69-22 systemd[1]: Started Set console keymap.
Feb 16 08:37:38 ip-172-31-69-22 systemd[1]: Mounting FUSE Control File System...
Feb 16 08:37:38 ip-172-31-69-22 systemd[1]: Starting Apply Kernel Variables...
Feb 16 08:37:38 ip-172-31-69-22 systemd[1]: Started LVM2 metadata daemon.
Feb 16 08:37:38 ip-172-31-69-22 systemd[1]: Starting Load/Save Random Seed...
Feb 16 08:37:38 ip-172-31-69-22 systemd[1]: Starting udev Coldplug all Devices...
Feb 16 08:37:38 ip-172-31-69-22 systemd[1]: Starting Initial cloud-init job (pre-networking)...
Feb 16 08:37:38 ip-172-31-69-22 systemd[1]: Starting Create Static Device Nodes in /dev...
Feb 16 08:37:38 ip-172-31-69-22 systemd[1]: Starting Flush Journal to Persistent Storage...
Feb 16 08:37:38 ip-172-31-69-22 systemd[1]: Mounted FUSE Control File System.
Feb 16 08:37:38 ip-172-31-69-22 systemd[1]: Started Apply Kernel Variables.
Feb 16 08:37:38 ip-172-31-69-22 systemd[1]: Started Load/Save Random Seed.
Feb 16 08:37:38 ip-172-31-69-22 systemd[1]: Started Create Static Device Nodes in /dev.
Feb 16 08:37:38 ip-172-31-69-22 systemd[1]: Starting udev Kernel Device Manager...
Feb 16 08:37:38 ip-172-31-69-22 systemd[1]: Started Flush Journal to Persistent Storage.
Feb 16 08:37:38 ip-172-31-69-22 systemd[1]: Started udev Coldplug all Devices.
Feb 16 08:37:38 ip-172-31-69-22 systemd[1]: Started udev Kernel Device Manager.
Feb 16 08:37:38 ip-172-31-69-22 systemd[1]: Started Dispatch Password Requests to Console Directory Watch.
Feb 16 08:37:38 ip-172-31-69-22 systemd[1]: Started Monitoring of LVM2 mirrors, snapshots etc. using dmeventd or progress polling.
Feb 16 08:37:38 ip-172-31-69-22 systemd[1]: Reached target Local File Systems (Pre).
Feb 16 08:37:38 ip-172-31-69-22 systemd[1]: Reached target Local File Systems.
Feb 16 08:37:38 ip-172-31-69-22 systemd[1]: Starting Create Volatile Files and Directories...
Feb 16 08:37:38 ip-172-31-69-22 systemd-tmpfiles[475]: [/usr/lib/tmpfiles.d/var.conf:14] Duplicate line for path "/var/log", ignoring.
Feb 16 08:37:38 ip-172-31-69-22 systemd[1]: Starting LSB: AppArmor initialization...
Feb 16 08:37:38 ip-172-31-69-22 systemd[1]: Starting Set console font and keymap...
Feb 16 08:37:38 ip-172-31-69-22 systemd[1]: Starting Tell Plymouth To Write Out Runtime Data...
Feb 16 08:37:38 ip-172-31-69-22 systemd[1]: Started Create Volatile Files and Directories.
Feb 16 08:37:38 ip-172-31-69-22 systemd[1]: Started Tell Plymouth To Write Out Runtime Data.
Feb 16 08:37:38 ip-172-31-69-22 apparmor[477]:  * Starting AppArmor profiles
Feb 16 08:37:38 ip-172-31-69-22 systemd[1]: Starting Network Time Synchronization...
Feb 16 08:37:38 ip-172-31-69-22 systemd[1]: Starting Update UTMP about System Boot/Shutdown...
Feb 16 08:37:38 ip-172-31-69-22 systemd[1]: Found device /dev/ttyS0.
Feb 16 08:37:38 ip-172-31-69-22 systemd[1]: Started Update UTMP about System Boot/Shutdown.
Feb 16 08:37:38 ip-172-31-69-22 apparmor[477]: Skipping profile in /etc/apparmor.d/disable: usr.sbin.rsyslogd
Feb 16 08:37:38 ip-172-31-69-22 apparmor[477]:    ...done.
Feb 16 08:37:38 ip-172-31-69-22 systemd[1]: Started LSB: AppArmor initialization.
Feb 16 08:37:38 ip-172-31-69-22 systemd[1]: Started Network Time Synchronization.
Feb 16 08:37:38 ip-172-31-69-22 systemd[1]: Reached target System Time Synchronized.
Feb 16 08:37:38 ip-172-31-69-22 systemd[1]: Found device /sys/subsystem/net/devices/eth0.
Feb 16 08:37:38 ip-172-31-69-22 systemd[1]: Listening on Load/Save RF Kill Switch Status /dev/rfkill Watch.
Feb 16 08:37:38 ip-172-31-69-22 dhclient[802]: Internet Systems Consortium DHCP Client 4.3.3
Feb 16 08:37:38 ip-172-31-69-22 dhclient[802]: Copyright 2004-2015 Internet Systems Consortium.
Feb 16 08:37:38 ip-172-31-69-22 dhclient[802]: All rights reserved.
Feb 16 08:37:38 ip-172-31-69-22 dhclient[802]: For info, please visit https://www.isc.org/software/dhcp/
Feb 16 08:37:38 ip-172-31-69-22 dhclient[802]: 
Feb 16 08:37:38 ip-172-31-69-22 dhclient[802]: Listening on LPF/eth0/02:af:ed:2c:d5:88
Feb 16 08:37:38 ip-172-31-69-22 dhclient[802]: Sending on   LPF/eth0/02:af:ed:2c:d5:88
Feb 16 08:37:38 ip-172-31-69-22 dhclient[802]: Sending on   Socket/fallback
Feb 16 08:37:38 ip-172-31-69-22 dhclient[802]: DHCPDISCOVER on eth0 to 255.255.255.255 port 67 interval 3 (xid=0x2ea0b93b)
Feb 16 08:37:38 ip-172-31-69-22 dhclient[802]: DHCPREQUEST of 172.31.69.22 on eth0 to 255.255.255.255 port 67 (xid=0x3bb9a02e)
Feb 16 08:37:38 ip-172-31-69-22 dhclient[802]: DHCPOFFER of 172.31.69.22 from 172.31.69.1
Feb 16 08:37:38 ip-172-31-69-22 dhclient[802]: DHCPACK of 172.31.69.22 from 172.31.69.1
Feb 16 08:37:38 ip-172-31-69-22 dhclient[802]: bound to 172.31.69.22 -- renewal in 1375 seconds.
Feb 16 08:37:38 ip-172-31-69-22 systemd[1]: Started Set console font and keymap.
Feb 16 08:37:38 ip-172-31-69-22 cloud-init[444]: Cloud-init v. 17.1 running 'init-local' at Fri, 16 Feb 2018 12:37:35 +0000. Up 5.64 seconds.
Feb 16 08:37:38 ip-172-31-69-22 systemd[1]: Created slice system-getty.slice.
Feb 16 08:37:38 ip-172-31-69-22 systemd[1]: Started Initial cloud-init job (pre-networking).
Feb 16 08:37:38 ip-172-31-69-22 systemd[1]: Reached target Network (Pre).
Feb 16 08:37:38 ip-172-31-69-22 systemd[1]: Starting Raise network interfaces...
Feb 16 08:37:38 ip-172-31-69-22 systemd[1]: Started ifup for eth0.
Feb 16 08:37:38 ip-172-31-69-22 dhclient[888]: Internet Systems Consortium DHCP Client 4.3.3
Feb 16 08:37:38 ip-172-31-69-22 sh[873]: Internet Systems Consortium DHCP Client 4.3.3
Feb 16 08:37:38 ip-172-31-69-22 dhclient[888]: Copyright 2004-2015 Internet Systems Consortium.
Feb 16 08:37:38 ip-172-31-69-22 sh[873]: Copyright 2004-2015 Internet Systems Consortium.
Feb 16 08:37:38 ip-172-31-69-22 dhclient[888]: All rights reserved.
Feb 16 08:37:38 ip-172-31-69-22 sh[873]: All rights reserved.
Feb 16 08:37:38 ip-172-31-69-22 dhclient[888]: For info, please visit https://www.isc.org/software/dhcp/
Feb 16 08:37:38 ip-172-31-69-22 sh[873]: For info, please visit https://www.isc.org/software/dhcp/
Feb 16 08:37:38 ip-172-31-69-22 dhclient[888]: 
Feb 16 08:37:38 ip-172-31-69-22 dhclient[888]: Listening on LPF/eth0/02:af:ed:2c:d5:88
Feb 16 08:37:38 ip-172-31-69-22 sh[873]: Listening on LPF/eth0/02:af:ed:2c:d5:88
Feb 16 08:37:38 ip-172-31-69-22 sh[873]: Sending on   LPF/eth0/02:af:ed:2c:d5:88
Feb 16 08:37:38 ip-172-31-69-22 sh[873]: Sending on   Socket/fallback
Feb 16 08:37:38 ip-172-31-69-22 sh[873]: DHCPDISCOVER on eth0 to 255.255.255.255 port 67 interval 3 (xid=0xf5b8a211)
Feb 16 08:37:38 ip-172-31-69-22 dhclient[888]: Sending on   LPF/eth0/02:af:ed:2c:d5:88
Feb 16 08:37:38 ip-172-31-69-22 dhclient[888]: Sending on   Socket/fallback
Feb 16 08:37:38 ip-172-31-69-22 dhclient[888]: DHCPDISCOVER on eth0 to 255.255.255.255 port 67 interval 3 (xid=0xf5b8a211)
Feb 16 08:37:38 ip-172-31-69-22 dhclient[888]: DHCPREQUEST of 172.31.69.22 on eth0 to 255.255.255.255 port 67 (xid=0x11a2b8f5)
Feb 16 08:37:38 ip-172-31-69-22 sh[873]: DHCPREQUEST of 172.31.69.22 on eth0 to 255.255.255.255 port 67 (xid=0x11a2b8f5)
Feb 16 08:37:38 ip-172-31-69-22 sh[873]: DHCPOFFER of 172.31.69.22 from 172.31.69.1
Feb 16 08:37:38 ip-172-31-69-22 dhclient[888]: DHCPOFFER of 172.31.69.22 from 172.31.69.1
Feb 16 08:37:38 ip-172-31-69-22 dhclient[888]: DHCPACK of 172.31.69.22 from 172.31.69.1
Feb 16 08:37:38 ip-172-31-69-22 sh[873]: DHCPACK of 172.31.69.22 from 172.31.69.1
Feb 16 08:37:38 ip-172-31-69-22 dhclient[888]: bound to 172.31.69.22 -- renewal in 1730 seconds.
Feb 16 08:37:38 ip-172-31-69-22 sh[873]: bound to 172.31.69.22 -- renewal in 1730 seconds.
Feb 16 08:37:38 ip-172-31-69-22 systemd[1]: Started Raise network interfaces.
Feb 16 08:37:38 ip-172-31-69-22 systemd[1]: Reached target Network.
Feb 16 08:37:38 ip-172-31-69-22 systemd[1]: Starting Initial cloud-init job (metadata service crawler)...
Feb 16 08:37:38 ip-172-31-69-22 cloud-init[1039]: Cloud-init v. 17.1 running 'init' at Fri, 16 Feb 2018 12:37:38 +0000. Up 7.91 seconds.
Feb 16 08:37:38 ip-172-31-69-22 cloud-init[1039]: ci-info: ++++++++++++++++++++++++++++++++++++++Net device info+++++++++++++++++++++++++++++++++++++++
Feb 16 08:37:38 ip-172-31-69-22 cloud-init[1039]: ci-info: +--------+------+----------------------------+-----------------+-------+-------------------+
Feb 16 08:37:38 ip-172-31-69-22 cloud-init[1039]: ci-info: | Device |  Up  |          Address           |       Mask      | Scope |     Hw-Address    |
Feb 16 08:37:38 ip-172-31-69-22 cloud-init[1039]: ci-info: +--------+------+----------------------------+-----------------+-------+-------------------+
Feb 16 08:37:38 ip-172-31-69-22 cloud-init[1039]: ci-info: |  eth0  | True |        172.31.69.22        | 255.255.255.224 |   .   | 02:af:ed:2c:d5:88 |
Feb 16 08:37:38 ip-172-31-69-22 cloud-init[1039]: ci-info: |  eth0  | True | fe80::af:edff:fe2c:d588/64 |        .        |  link | 02:af:ed:2c:d5:88 |
Feb 16 08:37:38 ip-172-31-69-22 cloud-init[1039]: ci-info: |   lo   | True |         127.0.0.1          |    255.0.0.0    |   .   |         .         |
Feb 16 08:37:38 ip-172-31-69-22 cloud-init[1039]: ci-info: |   lo   | True |          ::1/128           |        .        |  host |         .         |
Feb 16 08:37:38 ip-172-31-69-22 cloud-init[1039]: ci-info: +--------+------+----------------------------+-----------------+-------+-------------------+
Feb 16 08:37:38 ip-172-31-69-22 cloud-init[1039]: ci-info: ++++++++++++++++++++++++++++++Route IPv4 info++++++++++++++++++++++++++++++
Feb 16 08:37:38 ip-172-31-69-22 cloud-init[1039]: ci-info: +-------+-------------+-------------+-----------------+-----------+-------+
Feb 16 08:37:38 ip-172-31-69-22 cloud-init[1039]: ci-info: | Route | Destination |   Gateway   |     Genmask     | Interface | Flags |
Feb 16 08:37:38 ip-172-31-69-22 cloud-init[1039]: ci-info: +-------+-------------+-------------+-----------------+-----------+-------+
Feb 16 08:37:38 ip-172-31-69-22 cloud-init[1039]: ci-info: |   0   |   0.0.0.0   | 172.31.69.1 |     0.0.0.0     |    eth0   |   UG  |
Feb 16 08:37:38 ip-172-31-69-22 cloud-init[1039]: ci-info: |   1   | 172.31.69.0 |   0.0.0.0   | 255.255.255.224 |    eth0   |   U   |
Feb 16 08:37:38 ip-172-31-69-22 cloud-init[1039]: ci-info: +-------+-------------+-------------+-----------------+-----------+-------+
Feb 16 08:37:38 ip-172-31-69-22 systemd[1]: Started Initial cloud-init job (metadata service crawler).
Feb 16 08:37:38 ip-172-31-69-22 systemd[1]: Reached target System Initialization.
Feb 16 08:37:38 ip-172-31-69-22 systemd[1]: Starting LXD - unix socket.
Feb 16 08:37:38 ip-172-31-69-22 systemd[1]: Started Daily Cleanup of Temporary Directories.
Feb 16 08:37:38 ip-172-31-69-22 systemd[1]: Starting Socket activation for snappy daemon.
Feb 16 08:37:38 ip-172-31-69-22 systemd[1]: Listening on D-Bus System Message Bus Socket.
Feb 16 08:37:38 ip-172-31-69-22 systemd[1]: Started ACPI Events Check.
Feb 16 08:37:38 ip-172-31-69-22 systemd[1]: Reached target Paths.
Feb 16 08:37:38 ip-172-31-69-22 systemd[1]: Listening on UUID daemon activation socket.
Feb 16 08:37:38 ip-172-31-69-22 systemd[1]: Started Timer to automatically refresh installed snaps.
Feb 16 08:37:38 ip-172-31-69-22 systemd[1]: Listening on ACPID Listen Socket.
Feb 16 08:37:38 ip-172-31-69-22 systemd[1]: Reached target Cloud-config availability.
Feb 16 08:37:38 ip-172-31-69-22 systemd[1]: Reached target Network is Online.
Feb 16 08:37:38 ip-172-31-69-22 systemd[1]: Starting iSCSI initiator daemon (iscsid)...
Feb 16 08:37:38 ip-172-31-69-22 systemd[1]: Started Daily apt download activities.
Feb 16 08:37:38 ip-172-31-69-22 systemd[1]: Started Daily apt upgrade and clean activities.
Feb 16 08:37:38 ip-172-31-69-22 systemd[1]: Reached target Timers.
Feb 16 08:37:38 ip-172-31-69-22 systemd[1]: Listening on LXD - unix socket.
Feb 16 08:37:38 ip-172-31-69-22 systemd[1]: Listening on Socket activation for snappy daemon.
Feb 16 08:37:38 ip-172-31-69-22 systemd[1]: Reached target Sockets.
Feb 16 08:37:38 ip-172-31-69-22 iscsid: iSCSI logger with pid=1095 started!
Feb 16 08:37:38 ip-172-31-69-22 iscsid: iSCSI daemon with pid=1096 started!
Feb 16 08:37:38 ip-172-31-69-22 systemd[1]: Reached target Basic System.
Feb 16 08:37:38 ip-172-31-69-22 systemd[1]: Starting Apply the settings specified in cloud-config...
Feb 16 08:37:38 ip-172-31-69-22 systemd[1]: Starting Initialize hardware monitoring sensors...
Feb 16 08:37:38 ip-172-31-69-22 systemd[1]: Starting LSB: Record successful boot for GRUB...
Feb 16 08:37:38 ip-172-31-69-22 systemd[1]: Starting LSB: MD monitoring daemon...
Feb 16 08:37:38 ip-172-31-69-22 sensors[1100]: No sensors found!
Feb 16 08:37:38 ip-172-31-69-22 sensors[1100]: Make sure you loaded all the kernel drivers you need.
Feb 16 08:37:38 ip-172-31-69-22 sensors[1100]: Try sensors-detect to find out which these are.
Feb 16 08:37:38 ip-172-31-69-22 systemd[1]: Started FUSE filesystem for LXC.
Feb 16 08:37:38 ip-172-31-69-22 systemd[1]: Started D-Bus System Message Bus.
Feb 16 08:37:38 ip-172-31-69-22 lxcfs[1111]: hierarchies:
Feb 16 08:37:38 ip-172-31-69-22 lxcfs[1111]:   0: fd:   5: freezer
Feb 16 08:37:38 ip-172-31-69-22 lxcfs[1111]:   1: fd:   6: blkio
Feb 16 08:37:38 ip-172-31-69-22 lxcfs[1111]:   2: fd:   7: perf_event
Feb 16 08:37:38 ip-172-31-69-22 lxcfs[1111]:   3: fd:   8: net_cls,net_prio
Feb 16 08:37:38 ip-172-31-69-22 lxcfs[1111]:   4: fd:   9: hugetlb
Feb 16 08:37:38 ip-172-31-69-22 lxcfs[1111]:   5: fd:  10: memory
Feb 16 08:37:38 ip-172-31-69-22 lxcfs[1111]:   6: fd:  11: devices
Feb 16 08:37:38 ip-172-31-69-22 lxcfs[1111]:   7: fd:  12: pids
Feb 16 08:37:38 ip-172-31-69-22 lxcfs[1111]:   8: fd:  13: cpu,cpuacct
Feb 16 08:37:38 ip-172-31-69-22 lxcfs[1111]:   9: fd:  14: cpuset
Feb 16 08:37:38 ip-172-31-69-22 lxcfs[1111]:  10: fd:  15: name=systemd
Feb 16 08:37:38 ip-172-31-69-22 dbus[1119]: [system] AppArmor D-Bus mediation is enabled
Feb 16 08:37:38 ip-172-31-69-22 systemd[1]: Starting Login Service...
Feb 16 08:37:38 ip-172-31-69-22 systemd[1]: Starting LXD - container startup/shutdown...
Feb 16 08:37:38 ip-172-31-69-22 systemd[1]: Started Unattended Upgrades Shutdown.
Feb 16 08:37:38 ip-172-31-69-22 systemd[1]: Starting System Logging Service...
Feb 16 08:37:38 ip-172-31-69-22 systemd[1]: Started Deferred execution scheduler.
Feb 16 08:37:38 ip-172-31-69-22 systemd[1]: Started ACPI event daemon.
Feb 16 08:37:38 ip-172-31-69-22 systemd[1]: Started Regular background program processing daemon.
Feb 16 08:37:38 ip-172-31-69-22 acpid: starting up with netlink and the input layer
Feb 16 08:37:38 ip-172-31-69-22 acpid: 1 rule loaded
Feb 16 08:37:38 ip-172-31-69-22 acpid: waiting for events: event logging is off
Feb 16 08:37:38 ip-172-31-69-22 cron[1140]: (CRON) INFO (pidfile fd = 3)
Feb 16 08:37:38 ip-172-31-69-22 systemd[1]: Starting OpenBSD Secure Shell server...
Feb 16 08:37:38 ip-172-31-69-22 systemd[1]: Starting /etc/rc.local Compatibility...
Feb 16 08:37:38 ip-172-31-69-22 systemd[1]: Starting Accounts Service...
Feb 16 08:37:38 ip-172-31-69-22 cron[1140]: (CRON) INFO (Running @reboot jobs)
Feb 16 08:37:38 ip-172-31-69-22 systemd[1]: Starting Snappy daemon...
Feb 16 08:37:38 ip-172-31-69-22 systemd[1]: Started System Logging Service.
Feb 16 08:37:38 ip-172-31-69-22 systemd[1]: Started iSCSI initiator daemon (iscsid).
Feb 16 08:37:38 ip-172-31-69-22 systemd[1]: Started /etc/rc.local Compatibility.
Feb 16 08:37:38 ip-172-31-69-22 sensors[1159]: No sensors found!
Feb 16 08:37:38 ip-172-31-69-22 sensors[1159]: Make sure you loaded all the kernel drivers you need.
Feb 16 08:37:38 ip-172-31-69-22 sensors[1159]: Try sensors-detect to find out which these are.
Feb 16 08:37:38 ip-172-31-69-22 systemd[1]: Started Initialize hardware monitoring sensors.
Feb 16 08:37:38 ip-172-31-69-22 systemd[1]: Started OpenBSD Secure Shell server.
Feb 16 08:37:38 ip-172-31-69-22 mdadm[1106]:  * Starting MD monitoring service mdadm --monitor
Feb 16 08:37:39 ip-172-31-69-22 dbus[1119]: [system] Activating via systemd: service name='org.freedesktop.PolicyKit1' unit='polkitd.service'
Feb 16 08:37:39 ip-172-31-69-22 systemd[1]: Started LSB: Record successful boot for GRUB.
Feb 16 08:37:39 ip-172-31-69-22 mdadm[1106]:    ...done.
Feb 16 08:37:39 ip-172-31-69-22 systemd[1]: Started LSB: MD monitoring daemon.
Feb 16 08:37:39 ip-172-31-69-22 systemd[1]: Started Login Service.
Feb 16 08:37:39 ip-172-31-69-22 systemd[1]: Starting Authenticate and Authorize Users to Run Privileged Tasks...
Feb 16 08:37:39 ip-172-31-69-22 systemd[1]: Starting Login to default iSCSI targets...
Feb 16 08:37:39 ip-172-31-69-22 systemd[1]: Started LXD - container startup/shutdown.
Feb 16 08:37:39 ip-172-31-69-22 polkitd[1179]: started daemon version 0.105 using authority implementation `local' version `0.105'
Feb 16 08:37:39 ip-172-31-69-22 dbus[1119]: [system] Successfully activated service 'org.freedesktop.PolicyKit1'
Feb 16 08:37:39 ip-172-31-69-22 systemd[1]: Started Authenticate and Authorize Users to Run Privileged Tasks.
Feb 16 08:37:39 ip-172-31-69-22 accounts-daemon[1152]: started daemon version 0.6.40
Feb 16 08:37:39 ip-172-31-69-22 systemd[1]: Started Accounts Service.
Feb 16 08:37:39 ip-172-31-69-22 iscsiadm[1191]: iscsiadm: No records found
Feb 16 08:37:39 ip-172-31-69-22 systemd[1]: Started Login to default iSCSI targets.
Feb 16 08:37:39 ip-172-31-69-22 snapd[1155]: AppArmor status: apparmor is enabled and all features are available
Feb 16 08:37:39 ip-172-31-69-22 systemd[1]: Reached target Remote File Systems (Pre).
Feb 16 08:37:39 ip-172-31-69-22 snapd[1155]: 2018/02/16 08:37:39.212914 daemon.go:306: started snapd/2.29.4.2 (series 16; classic) ubuntu/16.04 (amd64) linux/4.4.0-1049-aws.
Feb 16 08:37:39 ip-172-31-69-22 systemd[1]: Reached target Remote File Systems.
Feb 16 08:37:39 ip-172-31-69-22 systemd[1]: Starting Permit User Sessions...
Feb 16 08:37:39 ip-172-31-69-22 systemd[1]: Starting LSB: Set the CPU Frequency Scaling governor to "ondemand"...
Feb 16 08:37:39 ip-172-31-69-22 systemd[1]: Starting LSB: disk temperature monitoring daemon...
Feb 16 08:37:39 ip-172-31-69-22 systemd[1]: Starting LSB: daemon to balance interrupts for SMP systems...
Feb 16 08:37:39 ip-172-31-69-22 systemd[1]: Starting LSB: automatic crash report generation...
Feb 16 08:37:39 ip-172-31-69-22 systemd[1]: Started Snappy daemon.
Feb 16 08:37:39 ip-172-31-69-22 systemd[1]: Started Permit User Sessions.
Feb 16 08:37:39 ip-172-31-69-22 systemd[1]: Started LSB: Set the CPU Frequency Scaling governor to "ondemand".
Feb 16 08:37:39 ip-172-31-69-22 systemd[1]: Started LSB: disk temperature monitoring daemon.
Feb 16 08:37:39 ip-172-31-69-22 irqbalance[1210]:  * Starting SMP IRQ Balancer: irqbalance
Feb 16 08:37:39 ip-172-31-69-22 systemd[1]: Starting Hold until boot process finishes up...
Feb 16 08:37:39 ip-172-31-69-22 apport[1215]:  * Starting automatic crash report generation: apport
Feb 16 08:37:39 ip-172-31-69-22 systemd[1]: Starting Terminate Plymouth Boot Screen...
Feb 16 08:37:39 ip-172-31-69-22 /usr/sbin/irqbalance: Balancing is ineffective on systems with a single cpu.  Shutting down
Feb 16 08:37:39 ip-172-31-69-22 systemd[1]: Started Hold until boot process finishes up.
Feb 16 08:37:39 ip-172-31-69-22 irqbalance[1210]:    ...done.
Feb 16 08:37:39 ip-172-31-69-22 apport[1215]:    ...done.
Feb 16 08:37:39 ip-172-31-69-22 systemd[1]: Started LSB: daemon to balance interrupts for SMP systems.
Feb 16 08:37:39 ip-172-31-69-22 systemd[1]: Started LSB: automatic crash report generation.
Feb 16 08:37:39 ip-172-31-69-22 systemd[1]: Started Terminate Plymouth Boot Screen.
Feb 16 08:37:39 ip-172-31-69-22 systemd[1]: Started Serial Getty on ttyS0.
Feb 16 08:37:39 ip-172-31-69-22 systemd[1]: Starting Set console scheme...
Feb 16 08:37:39 ip-172-31-69-22 systemd[1]: Started Getty on tty1.
Feb 16 08:37:39 ip-172-31-69-22 systemd[1]: Reached target Login Prompts.
Feb 16 08:37:39 ip-172-31-69-22 systemd[1]: Reached target Multi-User System.
Feb 16 08:37:39 ip-172-31-69-22 systemd[1]: Reached target Graphical Interface.
Feb 16 08:37:39 ip-172-31-69-22 systemd[1]: Starting Update UTMP about System Runlevel Changes...
Feb 16 08:37:39 ip-172-31-69-22 systemd[1]: Started Set console scheme.
Feb 16 08:37:39 ip-172-31-69-22 systemd[1]: Started Update UTMP about System Runlevel Changes.
Feb 16 08:37:39 ip-172-31-69-22 cloud-init[1098]: Cloud-init v. 17.1 running 'modules:config' at Fri, 16 Feb 2018 12:37:39 +0000. Up 9.34 seconds.
Feb 16 08:37:39 ip-172-31-69-22 systemd[1]: Started Apply the settings specified in cloud-config.
Feb 16 08:37:39 ip-172-31-69-22 systemd[1]: Starting Execute cloud user/final scripts...
Feb 16 08:37:40 ip-172-31-69-22 cloud-init[1274]: Cloud-init v. 17.1 running 'modules:final' at Fri, 16 Feb 2018 12:37:40 +0000. Up 9.74 seconds.
Feb 16 08:37:40 ip-172-31-69-22 cloud-init[1274]: Cloud-init v. 17.1 finished at Fri, 16 Feb 2018 12:37:40 +0000. Datasource DataSourceEc2Local.  Up 9.85 seconds
Feb 16 08:37:40 ip-172-31-69-22 systemd[1]: Started Execute cloud user/final scripts.
Feb 16 08:37:40 ip-172-31-69-22 systemd[1]: Reached target Cloud-init target.
Feb 16 08:37:40 ip-172-31-69-22 systemd[1]: Startup finished in 3.758s (kernel) + 6.206s (userspace) = 9.964s.
Feb 16 08:38:06 ip-172-31-69-22 systemd[1]: Time has been changed
Feb 16 08:38:06 ip-172-31-69-22 systemd-timesyncd[509]: Synchronized to time server 91.189.91.157:123 (ntp.ubuntu.com).
Feb 16 08:39:58 ip-172-31-69-22 systemd[1]: Created slice User Slice of ubuntu.
Feb 16 08:39:58 ip-172-31-69-22 systemd[1]: Starting User Manager for UID 1000...
Feb 16 08:39:58 ip-172-31-69-22 systemd[1]: Started Session 1 of user ubuntu.
Feb 16 08:39:58 ip-172-31-69-22 systemd[1295]: Reached target Paths.
Feb 16 08:39:58 ip-172-31-69-22 systemd[1295]: Reached target Timers.
Feb 16 08:39:58 ip-172-31-69-22 systemd[1295]: Reached target Sockets.
Feb 16 08:39:58 ip-172-31-69-22 systemd[1295]: Reached target Basic System.
Feb 16 08:39:58 ip-172-31-69-22 systemd[1295]: Reached target Default.
Feb 16 08:39:58 ip-172-31-69-22 systemd[1295]: Startup finished in 22ms.
Feb 16 08:39:58 ip-172-31-69-22 systemd[1]: Started User Manager for UID 1000.
Feb 16 08:40:03 ip-172-31-69-22 kernel: [  153.059106] Netfilter messages via NETLINK v0.30.
Feb 16 08:40:03 ip-172-31-69-22 kernel: [  153.065916] device eth0 entered promiscuous mode
Feb 16 08:53:07 ip-172-31-69-22 systemd[1]: Starting Cleanup of Temporary Directories...
Feb 16 08:53:07 ip-172-31-69-22 systemd-tmpfiles[1412]: [/usr/lib/tmpfiles.d/var.conf:14] Duplicate line for path "/var/log", ignoring.
Feb 16 08:53:08 ip-172-31-69-22 systemd[1]: Started Cleanup of Temporary Directories.
Feb 16 09:06:28 ip-172-31-69-22 dhclient[923]: DHCPREQUEST of 172.31.69.22 on eth0 to 172.31.69.1 port 67 (xid=0x11a2b8f5)
Feb 16 09:06:28 ip-172-31-69-22 dhclient[923]: DHCPACK of 172.31.69.22 from 172.31.69.1
Feb 16 09:06:28 ip-172-31-69-22 dhclient[923]: bound to 172.31.69.22 -- renewal in 1650 seconds.
Feb 16 09:17:01 ip-172-31-69-22 CRON[1438]: (root) CMD (   cd / && run-parts --report /etc/cron.hourly)
Feb 16 09:33:58 ip-172-31-69-22 dhclient[923]: DHCPREQUEST of 172.31.69.22 on eth0 to 172.31.69.1 port 67 (xid=0x11a2b8f5)
Feb 16 09:33:58 ip-172-31-69-22 dhclient[923]: DHCPACK of 172.31.69.22 from 172.31.69.1
Feb 16 09:33:58 ip-172-31-69-22 dhclient[923]: bound to 172.31.69.22 -- renewal in 1386 seconds.
Feb 16 09:57:04 ip-172-31-69-22 dhclient[923]: DHCPREQUEST of 172.31.69.22 on eth0 to 172.31.69.1 port 67 (xid=0x11a2b8f5)
Feb 16 09:57:04 ip-172-31-69-22 dhclient[923]: DHCPACK of 172.31.69.22 from 172.31.69.1
Feb 16 09:57:04 ip-172-31-69-22 dhclient[923]: bound to 172.31.69.22 -- renewal in 1653 seconds.
Feb 16 10:17:01 ip-172-31-69-22 CRON[1483]: (root) CMD (   cd / && run-parts --report /etc/cron.hourly)
Feb 16 10:24:37 ip-172-31-69-22 dhclient[923]: DHCPREQUEST of 172.31.69.22 on eth0 to 172.31.69.1 port 67 (xid=0x11a2b8f5)
Feb 16 10:24:37 ip-172-31-69-22 dhclient[923]: DHCPACK of 172.31.69.22 from 172.31.69.1
Feb 16 10:24:37 ip-172-31-69-22 dhclient[923]: bound to 172.31.69.22 -- renewal in 1734 seconds.
Feb 16 10:53:31 ip-172-31-69-22 dhclient[923]: DHCPREQUEST of 172.31.69.22 on eth0 to 172.31.69.1 port 67 (xid=0x11a2b8f5)
Feb 16 10:53:31 ip-172-31-69-22 dhclient[923]: DHCPACK of 172.31.69.22 from 172.31.69.1
Feb 16 10:53:31 ip-172-31-69-22 dhclient[923]: bound to 172.31.69.22 -- renewal in 1518 seconds.
Feb 16 11:17:01 ip-172-31-69-22 CRON[1536]: (root) CMD (   cd / && run-parts --report /etc/cron.hourly)
Feb 16 11:18:49 ip-172-31-69-22 dhclient[923]: DHCPREQUEST of 172.31.69.22 on eth0 to 172.31.69.1 port 67 (xid=0x11a2b8f5)
Feb 16 11:18:49 ip-172-31-69-22 dhclient[923]: DHCPACK of 172.31.69.22 from 172.31.69.1
Feb 16 11:18:49 ip-172-31-69-22 dhclient[923]: bound to 172.31.69.22 -- renewal in 1755 seconds.
Feb 16 11:48:04 ip-172-31-69-22 dhclient[923]: DHCPREQUEST of 172.31.69.22 on eth0 to 172.31.69.1 port 67 (xid=0x11a2b8f5)
Feb 16 11:48:04 ip-172-31-69-22 dhclient[923]: DHCPACK of 172.31.69.22 from 172.31.69.1
Feb 16 11:48:04 ip-172-31-69-22 dhclient[923]: bound to 172.31.69.22 -- renewal in 1542 seconds.
Feb 16 12:13:46 ip-172-31-69-22 dhclient[923]: DHCPREQUEST of 172.31.69.22 on eth0 to 172.31.69.1 port 67 (xid=0x11a2b8f5)
Feb 16 12:13:46 ip-172-31-69-22 dhclient[923]: DHCPACK of 172.31.69.22 from 172.31.69.1
Feb 16 12:13:46 ip-172-31-69-22 dhclient[923]: bound to 172.31.69.22 -- renewal in 1420 seconds.
Feb 16 12:17:01 ip-172-31-69-22 CRON[1582]: (root) CMD (   cd / && run-parts --report /etc/cron.hourly)
Feb 16 12:37:26 ip-172-31-69-22 dhclient[923]: DHCPREQUEST of 172.31.69.22 on eth0 to 172.31.69.1 port 67 (xid=0x11a2b8f5)
Feb 16 12:37:26 ip-172-31-69-22 dhclient[923]: DHCPACK of 172.31.69.22 from 172.31.69.1
Feb 16 12:37:26 ip-172-31-69-22 dhclient[923]: bound to 172.31.69.22 -- renewal in 1691 seconds.
Feb 16 13:05:37 ip-172-31-69-22 dhclient[923]: DHCPREQUEST of 172.31.69.22 on eth0 to 172.31.69.1 port 67 (xid=0x11a2b8f5)
Feb 16 13:05:37 ip-172-31-69-22 dhclient[923]: DHCPACK of 172.31.69.22 from 172.31.69.1
Feb 16 13:05:37 ip-172-31-69-22 dhclient[923]: bound to 172.31.69.22 -- renewal in 1593 seconds.
Feb 16 13:17:01 ip-172-31-69-22 CRON[1625]: (root) CMD (   cd / && run-parts --report /etc/cron.hourly)
Feb 16 13:32:11 ip-172-31-69-22 dhclient[923]: DHCPREQUEST of 172.31.69.22 on eth0 to 172.31.69.1 port 67 (xid=0x11a2b8f5)
Feb 16 13:32:11 ip-172-31-69-22 dhclient[923]: DHCPACK of 172.31.69.22 from 172.31.69.1
Feb 16 13:32:11 ip-172-31-69-22 dhclient[923]: bound to 172.31.69.22 -- renewal in 1672 seconds.
Feb 16 13:47:01 ip-172-31-69-22 CRON[1644]: (root) CMD (nohup tcpdump > /home/ubuntu/capture/dump$(hostname -I) &  )
Feb 16 14:00:04 ip-172-31-69-22 dhclient[923]: DHCPREQUEST of 172.31.69.22 on eth0 to 172.31.69.1 port 67 (xid=0x11a2b8f5)
Feb 16 14:00:04 ip-172-31-69-22 dhclient[923]: DHCPACK of 172.31.69.22 from 172.31.69.1
Feb 16 14:00:04 ip-172-31-69-22 dhclient[923]: bound to 172.31.69.22 -- renewal in 1606 seconds.
Feb 16 14:17:01 ip-172-31-69-22 CRON[1666]: (root) CMD (   cd / && run-parts --report /etc/cron.hourly)
Feb 16 14:26:50 ip-172-31-69-22 dhclient[923]: DHCPREQUEST of 172.31.69.22 on eth0 to 172.31.69.1 port 67 (xid=0x11a2b8f5)
Feb 16 14:26:50 ip-172-31-69-22 dhclient[923]: DHCPACK of 172.31.69.22 from 172.31.69.1
Feb 16 14:26:50 ip-172-31-69-22 dhclient[923]: bound to 172.31.69.22 -- renewal in 1587 seconds.
Feb 16 14:53:17 ip-172-31-69-22 dhclient[923]: DHCPREQUEST of 172.31.69.22 on eth0 to 172.31.69.1 port 67 (xid=0x11a2b8f5)
Feb 16 14:53:17 ip-172-31-69-22 dhclient[923]: DHCPACK of 172.31.69.22 from 172.31.69.1
Feb 16 14:53:17 ip-172-31-69-22 dhclient[923]: bound to 172.31.69.22 -- renewal in 1478 seconds.
Feb 16 15:17:01 ip-172-31-69-22 CRON[1707]: (root) CMD (   cd / && run-parts --report /etc/cron.hourly)
Feb 16 15:17:55 ip-172-31-69-22 dhclient[923]: DHCPREQUEST of 172.31.69.22 on eth0 to 172.31.69.1 port 67 (xid=0x11a2b8f5)
Feb 16 15:17:55 ip-172-31-69-22 dhclient[923]: DHCPACK of 172.31.69.22 from 172.31.69.1
Feb 16 15:17:55 ip-172-31-69-22 dhclient[923]: bound to 172.31.69.22 -- renewal in 1580 seconds.
Feb 16 15:44:15 ip-172-31-69-22 dhclient[923]: DHCPREQUEST of 172.31.69.22 on eth0 to 172.31.69.1 port 67 (xid=0x11a2b8f5)
Feb 16 15:44:15 ip-172-31-69-22 dhclient[923]: DHCPACK of 172.31.69.22 from 172.31.69.1
Feb 16 15:44:15 ip-172-31-69-22 dhclient[923]: bound to 172.31.69.22 -- renewal in 1600 seconds.
Feb 16 16:10:55 ip-172-31-69-22 dhclient[923]: DHCPREQUEST of 172.31.69.22 on eth0 to 172.31.69.1 port 67 (xid=0x11a2b8f5)
Feb 16 16:10:55 ip-172-31-69-22 dhclient[923]: DHCPACK of 172.31.69.22 from 172.31.69.1
Feb 16 16:10:55 ip-172-31-69-22 dhclient[923]: bound to 172.31.69.22 -- renewal in 1491 seconds.
Feb 16 16:17:01 ip-172-31-69-22 CRON[1756]: (root) CMD (   cd / && run-parts --report /etc/cron.hourly)
Feb 16 16:35:46 ip-172-31-69-22 dhclient[923]: DHCPREQUEST of 172.31.69.22 on eth0 to 172.31.69.1 port 67 (xid=0x11a2b8f5)
Feb 16 16:35:46 ip-172-31-69-22 dhclient[923]: DHCPACK of 172.31.69.22 from 172.31.69.1
Feb 16 16:35:46 ip-172-31-69-22 dhclient[923]: bound to 172.31.69.22 -- renewal in 1758 seconds.
Feb 16 17:05:04 ip-172-31-69-22 dhclient[923]: DHCPREQUEST of 172.31.69.22 on eth0 to 172.31.69.1 port 67 (xid=0x11a2b8f5)
Feb 16 17:05:04 ip-172-31-69-22 dhclient[923]: DHCPACK of 172.31.69.22 from 172.31.69.1
Feb 16 17:05:04 ip-172-31-69-22 dhclient[923]: bound to 172.31.69.22 -- renewal in 1518 seconds.
Feb 16 17:17:01 ip-172-31-69-22 CRON[1791]: (root) CMD (   cd / && run-parts --report /etc/cron.hourly)
