Feb 20 06:46:57 ip-172-31-69-27 dhclient[928]: DHCPREQUEST of 172.31.69.27 on eth0 to 172.31.69.1 port 67 (xid=0x71152dfa)
Feb 20 06:46:57 ip-172-31-69-27 dhclient[928]: DHCPACK of 172.31.69.27 from 172.31.69.1
Feb 20 06:46:57 ip-172-31-69-27 dhclient[928]: bound to 172.31.69.27 -- renewal in 1577 seconds.
Feb 20 07:13:14 ip-172-31-69-27 dhclient[928]: DHCPREQUEST of 172.31.69.27 on eth0 to 172.31.69.1 port 67 (xid=0x71152dfa)
Feb 20 07:13:14 ip-172-31-69-27 dhclient[928]: DHCPACK of 172.31.69.27 from 172.31.69.1
Feb 20 07:13:14 ip-172-31-69-27 dhclient[928]: bound to 172.31.69.27 -- renewal in 1662 seconds.
Feb 20 07:17:01 ip-172-31-69-27 CRON[4352]: (root) CMD (   cd / && run-parts --report /etc/cron.hourly)
Feb 20 07:40:56 ip-172-31-69-27 dhclient[928]: DHCPREQUEST of 172.31.69.27 on eth0 to 172.31.69.1 port 67 (xid=0x71152dfa)
Feb 20 07:40:56 ip-172-31-69-27 dhclient[928]: DHCPACK of 172.31.69.27 from 172.31.69.1
Feb 20 07:40:56 ip-172-31-69-27 dhclient[928]: bound to 172.31.69.27 -- renewal in 1366 seconds.
Feb 20 08:03:42 ip-172-31-69-27 dhclient[928]: DHCPREQUEST of 172.31.69.27 on eth0 to 172.31.69.1 port 67 (xid=0x71152dfa)
Feb 20 08:03:42 ip-172-31-69-27 dhclient[928]: DHCPACK of 172.31.69.27 from 172.31.69.1
Feb 20 08:03:42 ip-172-31-69-27 dhclient[928]: bound to 172.31.69.27 -- renewal in 1611 seconds.
Feb 20 08:17:01 ip-172-31-69-27 CRON[4393]: (root) CMD (   cd / && run-parts --report /etc/cron.hourly)
Feb 20 08:27:29 ip-172-31-69-27 systemd[1]: Received SIGINT.
Feb 20 08:27:29 ip-172-31-69-27 systemd[1]: Stopping Authenticate and Authorize Users to Run Privileged Tasks...
Feb 20 08:27:29 ip-172-31-69-27 systemd[1]: Stopping ACPI event daemon...
Feb 20 08:27:29 ip-172-31-69-27 systemd[1]: Closed Load/Save RF Kill Switch Status /dev/rfkill Watch.
Feb 20 08:27:29 ip-172-31-69-27 systemd[1]: Stopped target Graphical Interface.
Feb 20 08:27:29 ip-172-31-69-27 systemd[1]: Stopping Accounts Service...
Feb 20 08:27:29 ip-172-31-69-27 systemd[1]: Stopped target Timers.
Feb 20 08:27:29 ip-172-31-69-27 systemd[1]: Stopped Daily Cleanup of Temporary Directories.
Feb 20 08:27:29 ip-172-31-69-27 systemd[1]: Stopped Daily apt upgrade and clean activities.
Feb 20 08:27:29 ip-172-31-69-27 systemd[1]: Stopped target Cloud-init target.
Feb 20 08:27:29 ip-172-31-69-27 systemd[1]: Stopped Execute cloud user/final scripts.
Feb 20 08:27:29 ip-172-31-69-27 systemd[1]: Stopped Apply the settings specified in cloud-config.
Feb 20 08:27:29 ip-172-31-69-27 systemd[1]: Stopped target Cloud-config availability.
Feb 20 08:27:29 ip-172-31-69-27 systemd[1]: Stopped target Multi-User System.
Feb 20 08:27:29 ip-172-31-69-27 systemd[1]: Stopping Unattended Upgrades Shutdown...
Feb 20 08:27:29 ip-172-31-69-27 systemd[1]: Stopping Deferred execution scheduler...
Feb 20 08:27:29 ip-172-31-69-27 systemd[1]: Stopping LSB: disk temperature monitoring daemon...
Feb 20 08:27:29 ip-172-31-69-27 systemd[1]: Stopping LSB: Record successful boot for GRUB...
Feb 20 08:27:29 ip-172-31-69-27 systemd[1]: Stopping D-Bus System Message Bus...
Feb 20 08:27:29 ip-172-31-69-27 systemd[1]: Stopping LXD - container startup/shutdown...
Feb 20 08:27:29 ip-172-31-69-27 systemd[1]: Stopping FUSE filesystem for LXC...
Feb 20 08:27:29 ip-172-31-69-27 systemd[1]: Stopping Regular background program processing daemon...
Feb 20 08:27:29 ip-172-31-69-27 systemd[1]: Stopping OpenBSD Secure Shell server...
Feb 20 06:25:01 ip-172-31-69-27 rsyslogd: message repeated 2 times: [ [origin software="rsyslogd" swVersion="8.16.0" x-pid="1156" x-info="http://www.rsyslog.com"] rsyslogd was HUPed]
Feb 20 08:27:29 ip-172-31-69-27 rsyslogd: [origin software="rsyslogd" swVersion="8.16.0" x-pid="1156" x-info="http://www.rsyslog.com"] exiting on signal 15.
Feb 20 08:27:59 ip-172-31-69-27 rsyslogd: [origin software="rsyslogd" swVersion="8.16.0" x-pid="1117" x-info="http://www.rsyslog.com"] start
Feb 20 08:27:59 ip-172-31-69-27 rsyslogd-2222: command 'KLogPermitNonKernelFacility' is currently not permitted - did you already set it via a RainerScript command (v6+ config)? [v8.16.0 try http://www.rsyslog.com/e/2222 ]
Feb 20 08:27:59 ip-172-31-69-27 rsyslogd: rsyslogd's groupid changed to 108
Feb 20 08:27:59 ip-172-31-69-27 rsyslogd: rsyslogd's userid changed to 104
Feb 20 08:27:59 ip-172-31-69-27 rsyslogd-2039: Could not open output pipe '/dev/xconsole':: No such file or directory [v8.16.0 try http://www.rsyslog.com/e/2039 ]
Feb 20 08:27:59 ip-172-31-69-27 rsyslogd-2007: action 'action 11' suspended, next retry is Tue Feb 20 08:28:29 2018 [v8.16.0 try http://www.rsyslog.com/e/2007 ]
Feb 20 08:27:59 ip-172-31-69-27 kernel: [    0.000000] Initializing cgroup subsys cpuset
Feb 20 08:27:59 ip-172-31-69-27 kernel: [    0.000000] Initializing cgroup subsys cpu
Feb 20 08:27:59 ip-172-31-69-27 kernel: [    0.000000] Initializing cgroup subsys cpuacct
Feb 20 08:27:59 ip-172-31-69-27 kernel: [    0.000000] Linux version 4.4.0-1049-aws (buildd@lcy01-amd64-001) (gcc version 5.4.0 20160609 (Ubuntu 5.4.0-6ubuntu1~16.04.5) ) #58-Ubuntu SMP Fri Jan 12 23:17:09 UTC 2018 (Ubuntu 4.4.0-1049.58-aws 4.4.98)
Feb 20 08:27:59 ip-172-31-69-27 kernel: [    0.000000] Command line: BOOT_IMAGE=/boot/vmlinuz-4.4.0-1049-aws root=UUID=ccee1a8d-0785-4b3a-a578-812d59f5d3e1 ro console=tty1 console=ttyS0 nvme.io_timeout=4294967295
Feb 20 08:27:59 ip-172-31-69-27 kernel: [    0.000000] KERNEL supported cpus:
Feb 20 08:27:59 ip-172-31-69-27 kernel: [    0.000000]   Intel GenuineIntel
Feb 20 08:27:59 ip-172-31-69-27 kernel: [    0.000000]   AMD AuthenticAMD
Feb 20 08:27:59 ip-172-31-69-27 kernel: [    0.000000]   Centaur CentaurHauls
Feb 20 08:27:59 ip-172-31-69-27 kernel: [    0.000000] x86/fpu: xstate_offset[2]:  576, xstate_sizes[2]:  256
Feb 20 08:27:59 ip-172-31-69-27 kernel: [    0.000000] x86/fpu: Supporting XSAVE feature 0x01: 'x87 floating point registers'
Feb 20 08:27:59 ip-172-31-69-27 kernel: [    0.000000] x86/fpu: Supporting XSAVE feature 0x02: 'SSE registers'
Feb 20 08:27:59 ip-172-31-69-27 kernel: [    0.000000] x86/fpu: Supporting XSAVE feature 0x04: 'AVX registers'
Feb 20 08:27:59 ip-172-31-69-27 kernel: [    0.000000] x86/fpu: Enabled xstate features 0x7, context size is 832 bytes, using 'standard' format.
Feb 20 08:27:59 ip-172-31-69-27 kernel: [    0.000000] x86/fpu: Using 'eager' FPU context switches.
Feb 20 08:27:59 ip-172-31-69-27 kernel: [    0.000000] e820: BIOS-provided physical RAM map:
Feb 20 08:27:59 ip-172-31-69-27 kernel: [    0.000000] BIOS-e820: [mem 0x0000000000000000-0x000000000009dfff] usable
Feb 20 08:27:59 ip-172-31-69-27 kernel: [    0.000000] BIOS-e820: [mem 0x000000000009e000-0x000000000009ffff] reserved
Feb 20 08:27:59 ip-172-31-69-27 kernel: [    0.000000] BIOS-e820: [mem 0x00000000000e0000-0x00000000000fffff] reserved
Feb 20 08:27:59 ip-172-31-69-27 kernel: [    0.000000] BIOS-e820: [mem 0x0000000000100000-0x000000003fffffff] usable
Feb 20 08:27:59 ip-172-31-69-27 kernel: [    0.000000] BIOS-e820: [mem 0x00000000fc000000-0x00000000ffffffff] reserved
Feb 20 08:27:59 ip-172-31-69-27 kernel: [    0.000000] NX (Execute Disable) protection: active
Feb 20 08:27:59 ip-172-31-69-27 kernel: [    0.000000] SMBIOS 2.7 present.
Feb 20 08:27:59 ip-172-31-69-27 kernel: [    0.000000] DMI: Xen HVM domU, BIOS 4.2.amazon 08/24/2006
Feb 20 08:27:59 ip-172-31-69-27 kernel: [    0.000000] Hypervisor detected: Xen
Feb 20 08:27:59 ip-172-31-69-27 kernel: [    0.000000] Xen version 4.2.
Feb 20 08:27:59 ip-172-31-69-27 kernel: [    0.000000] Xen Platform PCI: I/O protocol version 1
Feb 20 08:27:59 ip-172-31-69-27 kernel: [    0.000000] Netfront and the Xen platform PCI driver have been compiled for this kernel: unplug emulated NICs.
Feb 20 08:27:59 ip-172-31-69-27 kernel: [    0.000000] Blkfront and the Xen platform PCI driver have been compiled for this kernel: unplug emulated disks.
Feb 20 08:27:59 ip-172-31-69-27 kernel: [    0.000000] You might have to change the root device
Feb 20 08:27:59 ip-172-31-69-27 kernel: [    0.000000] from /dev/hd[a-d] to /dev/xvd[a-d]
Feb 20 08:27:59 ip-172-31-69-27 kernel: [    0.000000] in your root= kernel command line option
Feb 20 08:27:59 ip-172-31-69-27 kernel: [    0.000000] HVMOP_pagetable_dying not supported
Feb 20 08:27:59 ip-172-31-69-27 kernel: [    0.000000] e820: update [mem 0x00000000-0x00000fff] usable ==> reserved
Feb 20 08:27:59 ip-172-31-69-27 kernel: [    0.000000] e820: remove [mem 0x000a0000-0x000fffff] usable
Feb 20 08:27:59 ip-172-31-69-27 kernel: [    0.000000] e820: last_pfn = 0x40000 max_arch_pfn = 0x400000000
Feb 20 08:27:59 ip-172-31-69-27 kernel: [    0.000000] MTRR default type: write-back
Feb 20 08:27:59 ip-172-31-69-27 kernel: [    0.000000] MTRR fixed ranges enabled:
Feb 20 08:27:59 ip-172-31-69-27 kernel: [    0.000000]   00000-9FFFF write-back
Feb 20 08:27:59 ip-172-31-69-27 kernel: [    0.000000]   A0000-BFFFF write-combining
Feb 20 08:27:59 ip-172-31-69-27 kernel: [    0.000000]   C0000-FFFFF write-back
Feb 20 08:27:59 ip-172-31-69-27 kernel: [    0.000000] MTRR variable ranges enabled:
Feb 20 08:27:59 ip-172-31-69-27 kernel: [    0.000000]   0 base 0000F0000000 mask 3FFFF8000000 uncachable
Feb 20 08:27:59 ip-172-31-69-27 kernel: [    0.000000]   1 base 0000F8000000 mask 3FFFFC000000 uncachable
Feb 20 08:27:59 ip-172-31-69-27 kernel: [    0.000000]   2 disabled
Feb 20 08:27:59 ip-172-31-69-27 kernel: [    0.000000]   3 disabled
Feb 20 08:27:59 ip-172-31-69-27 kernel: [    0.000000]   4 disabled
Feb 20 08:27:59 ip-172-31-69-27 kernel: [    0.000000]   5 disabled
Feb 20 08:27:59 ip-172-31-69-27 kernel: [    0.000000]   6 disabled
Feb 20 08:27:59 ip-172-31-69-27 kernel: [    0.000000]   7 disabled
Feb 20 08:27:59 ip-172-31-69-27 kernel: [    0.000000] x86/PAT: Configuration [0-7]: WB  WC  UC- UC  WB  WC  UC- WT  
Feb 20 08:27:59 ip-172-31-69-27 kernel: [    0.000000] found SMP MP-table at [mem 0x000fbc20-0x000fbc2f] mapped at [ffff8800000fbc20]
Feb 20 08:27:59 ip-172-31-69-27 kernel: [    0.000000] Scanning 1 areas for low memory corruption
Feb 20 08:27:59 ip-172-31-69-27 kernel: [    0.000000] Base memory trampoline at [ffff880000098000] 98000 size 24576
Feb 20 08:27:59 ip-172-31-69-27 kernel: [    0.000000] BRK [0x02201000, 0x02201fff] PGTABLE
Feb 20 08:27:59 ip-172-31-69-27 kernel: [    0.000000] BRK [0x02202000, 0x02202fff] PGTABLE
Feb 20 08:27:59 ip-172-31-69-27 kernel: [    0.000000] BRK [0x02203000, 0x02203fff] PGTABLE
Feb 20 08:27:59 ip-172-31-69-27 kernel: [    0.000000] RAMDISK: [mem 0x367e6000-0x373eafff]
Feb 20 08:27:59 ip-172-31-69-27 kernel: [    0.000000] ACPI: Early table checksum verification disabled
Feb 20 08:27:59 ip-172-31-69-27 kernel: [    0.000000] ACPI: RSDP 0x00000000000EA020 000024 (v02 Xen   )
Feb 20 08:27:59 ip-172-31-69-27 kernel: [    0.000000] ACPI: XSDT 0x00000000FC00DDC0 000054 (v01 Xen    HVM      00000000 HVML 00000000)
Feb 20 08:27:59 ip-172-31-69-27 kernel: [    0.000000] ACPI: FACP 0x00000000FC00DA80 0000F4 (v04 Xen    HVM      00000000 HVML 00000000)
Feb 20 08:27:59 ip-172-31-69-27 kernel: [    0.000000] ACPI: DSDT 0x00000000FC001CE0 00BD19 (v02 Xen    HVM      00000000 INTL 20090123)
Feb 20 08:27:59 ip-172-31-69-27 kernel: [    0.000000] ACPI: FACS 0x00000000FC001CA0 000040
Feb 20 08:27:59 ip-172-31-69-27 kernel: [    0.000000] ACPI: FACS 0x00000000FC001CA0 000040
Feb 20 08:27:59 ip-172-31-69-27 kernel: [    0.000000] ACPI: APIC 0x00000000FC00DB80 0000D8 (v02 Xen    HVM      00000000 HVML 00000000)
Feb 20 08:27:59 ip-172-31-69-27 kernel: [    0.000000] ACPI: HPET 0x00000000FC00DCD0 000038 (v01 Xen    HVM      00000000 HVML 00000000)
Feb 20 08:27:59 ip-172-31-69-27 kernel: [    0.000000] ACPI: WAET 0x00000000FC00DD10 000028 (v01 Xen    HVM      00000000 HVML 00000000)
Feb 20 08:27:59 ip-172-31-69-27 kernel: [    0.000000] ACPI: SSDT 0x00000000FC00DD40 000031 (v02 Xen    HVM      00000000 INTL 20090123)
Feb 20 08:27:59 ip-172-31-69-27 kernel: [    0.000000] ACPI: SSDT 0x00000000FC00DD80 000031 (v02 Xen    HVM      00000000 INTL 20090123)
Feb 20 08:27:59 ip-172-31-69-27 kernel: [    0.000000] ACPI: Local APIC address 0xfee00000
Feb 20 08:27:59 ip-172-31-69-27 kernel: [    0.000000] No NUMA configuration found
Feb 20 08:27:59 ip-172-31-69-27 kernel: [    0.000000] Faking a node at [mem 0x0000000000000000-0x000000003fffffff]
Feb 20 08:27:59 ip-172-31-69-27 kernel: [    0.000000] NODE_DATA(0) allocated [mem 0x3fffb000-0x3fffffff]
Feb 20 08:27:59 ip-172-31-69-27 kernel: [    0.000000] Zone ranges:
Feb 20 08:27:59 ip-172-31-69-27 kernel: [    0.000000]   DMA      [mem 0x0000000000001000-0x0000000000ffffff]
Feb 20 08:27:59 ip-172-31-69-27 kernel: [    0.000000]   DMA32    [mem 0x0000000001000000-0x000000003fffffff]
Feb 20 08:27:59 ip-172-31-69-27 kernel: [    0.000000]   Normal   empty
Feb 20 08:27:59 ip-172-31-69-27 kernel: [    0.000000]   Device   empty
Feb 20 08:27:59 ip-172-31-69-27 kernel: [    0.000000] Movable zone start for each node
Feb 20 08:27:59 ip-172-31-69-27 kernel: [    0.000000] Early memory node ranges
Feb 20 08:27:59 ip-172-31-69-27 kernel: [    0.000000]   node   0: [mem 0x0000000000001000-0x000000000009dfff]
Feb 20 08:27:59 ip-172-31-69-27 kernel: [    0.000000]   node   0: [mem 0x0000000000100000-0x000000003fffffff]
Feb 20 08:27:59 ip-172-31-69-27 kernel: [    0.000000] Initmem setup node 0 [mem 0x0000000000001000-0x000000003fffffff]
Feb 20 08:27:59 ip-172-31-69-27 kernel: [    0.000000] On node 0 totalpages: 262045
Feb 20 08:27:59 ip-172-31-69-27 kernel: [    0.000000]   DMA zone: 64 pages used for memmap
Feb 20 08:27:59 ip-172-31-69-27 kernel: [    0.000000]   DMA zone: 21 pages reserved
Feb 20 08:27:59 ip-172-31-69-27 kernel: [    0.000000]   DMA zone: 3997 pages, LIFO batch:0
Feb 20 08:27:59 ip-172-31-69-27 kernel: [    0.000000]   DMA32 zone: 4032 pages used for memmap
Feb 20 08:27:59 ip-172-31-69-27 kernel: [    0.000000]   DMA32 zone: 258048 pages, LIFO batch:31
Feb 20 08:27:59 ip-172-31-69-27 kernel: [    0.000000] ACPI: PM-Timer IO Port: 0xb008
Feb 20 08:27:59 ip-172-31-69-27 kernel: [    0.000000] ACPI: Local APIC address 0xfee00000
Feb 20 08:27:59 ip-172-31-69-27 kernel: [    0.000000] IOAPIC[0]: apic_id 1, version 17, address 0xfec00000, GSI 0-47
Feb 20 08:27:59 ip-172-31-69-27 kernel: [    0.000000] ACPI: INT_SRC_OVR (bus 0 bus_irq 0 global_irq 2 dfl dfl)
Feb 20 08:27:59 ip-172-31-69-27 kernel: [    0.000000] ACPI: INT_SRC_OVR (bus 0 bus_irq 5 global_irq 5 low level)
Feb 20 08:27:59 ip-172-31-69-27 kernel: [    0.000000] ACPI: INT_SRC_OVR (bus 0 bus_irq 10 global_irq 10 low level)
Feb 20 08:27:59 ip-172-31-69-27 kernel: [    0.000000] ACPI: INT_SRC_OVR (bus 0 bus_irq 11 global_irq 11 low level)
Feb 20 08:27:59 ip-172-31-69-27 kernel: [    0.000000] ACPI: IRQ0 used by override.
Feb 20 08:27:59 ip-172-31-69-27 kernel: [    0.000000] ACPI: IRQ5 used by override.
Feb 20 08:27:59 ip-172-31-69-27 kernel: [    0.000000] ACPI: IRQ9 used by override.
Feb 20 08:27:59 ip-172-31-69-27 kernel: [    0.000000] ACPI: IRQ10 used by override.
Feb 20 08:27:59 ip-172-31-69-27 kernel: [    0.000000] ACPI: IRQ11 used by override.
Feb 20 08:27:59 ip-172-31-69-27 kernel: [    0.000000] Using ACPI (MADT) for SMP configuration information
Feb 20 08:27:59 ip-172-31-69-27 kernel: [    0.000000] ACPI: HPET id: 0x8086a201 base: 0xfed00000
Feb 20 08:27:59 ip-172-31-69-27 kernel: [    0.000000] smpboot: Allowing 15 CPUs, 14 hotplug CPUs
Feb 20 08:27:59 ip-172-31-69-27 kernel: [    0.000000] PM: Registered nosave memory: [mem 0x00000000-0x00000fff]
Feb 20 08:27:59 ip-172-31-69-27 kernel: [    0.000000] PM: Registered nosave memory: [mem 0x0009e000-0x0009ffff]
Feb 20 08:27:59 ip-172-31-69-27 kernel: [    0.000000] PM: Registered nosave memory: [mem 0x000a0000-0x000dffff]
Feb 20 08:27:59 ip-172-31-69-27 kernel: [    0.000000] PM: Registered nosave memory: [mem 0x000e0000-0x000fffff]
Feb 20 08:27:59 ip-172-31-69-27 kernel: [    0.000000] e820: [mem 0x40000000-0xfbffffff] available for PCI devices
Feb 20 08:27:59 ip-172-31-69-27 kernel: [    0.000000] Booting paravirtualized kernel on Xen HVM
Feb 20 08:27:59 ip-172-31-69-27 kernel: [    0.000000] clocksource: refined-jiffies: mask: 0xffffffff max_cycles: 0xffffffff, max_idle_ns: 7645519600211568 ns
Feb 20 08:27:59 ip-172-31-69-27 kernel: [    0.000000] setup_percpu: NR_CPUS:256 nr_cpumask_bits:256 nr_cpu_ids:15 nr_node_ids:1
Feb 20 08:27:59 ip-172-31-69-27 kernel: [    0.000000] PERCPU: Embedded 34 pages/cpu @ffff88003e200000 s99160 r8192 d31912 u262144
Feb 20 08:27:59 ip-172-31-69-27 kernel: [    0.000000] pcpu-alloc: s99160 r8192 d31912 u262144 alloc=1*2097152
Feb 20 08:27:59 ip-172-31-69-27 kernel: [    0.000000] pcpu-alloc: [0] 00 01 02 03 04 05 06 07 [0] 08 09 10 11 12 13 14 -- 
Feb 20 08:27:59 ip-172-31-69-27 kernel: [    0.000000] xen: PV spinlocks enabled
Feb 20 08:27:59 ip-172-31-69-27 kernel: [    0.000000] PV qspinlock hash table entries: 256 (order: 0, 4096 bytes)
Feb 20 08:27:59 ip-172-31-69-27 kernel: [    0.000000] Built 1 zonelists in Node order, mobility grouping on.  Total pages: 257928
Feb 20 08:27:59 ip-172-31-69-27 kernel: [    0.000000] Policy zone: DMA32
Feb 20 08:27:59 ip-172-31-69-27 kernel: [    0.000000] Kernel command line: BOOT_IMAGE=/boot/vmlinuz-4.4.0-1049-aws root=UUID=ccee1a8d-0785-4b3a-a578-812d59f5d3e1 ro console=tty1 console=ttyS0 nvme.io_timeout=4294967295
Feb 20 08:27:59 ip-172-31-69-27 kernel: [    0.000000] PID hash table entries: 4096 (order: 3, 32768 bytes)
Feb 20 08:27:59 ip-172-31-69-27 kernel: [    0.000000] Calgary: detecting Calgary via BIOS EBDA area
Feb 20 08:27:59 ip-172-31-69-27 kernel: [    0.000000] Calgary: Unable to locate Rio Grande table in EBDA - bailing!
Feb 20 08:27:59 ip-172-31-69-27 kernel: [    0.000000] Memory: 998628K/1048180K available (8320K kernel code, 1276K rwdata, 3872K rodata, 1484K init, 1288K bss, 49552K reserved, 0K cma-reserved)
Feb 20 08:27:59 ip-172-31-69-27 kernel: [    0.000000] SLUB: HWalign=64, Order=0-3, MinObjects=0, CPUs=15, Nodes=1
Feb 20 08:27:59 ip-172-31-69-27 kernel: [    0.000000] Kernel/User page tables isolation: enabled
Feb 20 08:27:59 ip-172-31-69-27 kernel: [    0.000000] Hierarchical RCU implementation.
Feb 20 08:27:59 ip-172-31-69-27 kernel: [    0.000000] 	Build-time adjustment of leaf fanout to 64.
Feb 20 08:27:59 ip-172-31-69-27 kernel: [    0.000000] 	RCU restricting CPUs from NR_CPUS=256 to nr_cpu_ids=15.
Feb 20 08:27:59 ip-172-31-69-27 kernel: [    0.000000] RCU: Adjusting geometry for rcu_fanout_leaf=64, nr_cpu_ids=15
Feb 20 08:27:59 ip-172-31-69-27 kernel: [    0.000000] NR_IRQS:16640 nr_irqs:952 16
Feb 20 08:27:59 ip-172-31-69-27 kernel: [    0.000000] xen:events: Using 2-level ABI
Feb 20 08:27:59 ip-172-31-69-27 kernel: [    0.000000] xen:events: Xen HVM callback vector for event delivery is enabled
Feb 20 08:27:59 ip-172-31-69-27 kernel: [    0.000000] Console: colour VGA+ 80x25
Feb 20 08:27:59 ip-172-31-69-27 kernel: [    0.000000] console [tty1] enabled
Feb 20 08:27:59 ip-172-31-69-27 kernel: [    0.000000] Cannot get hvm parameter CONSOLE_EVTCHN (18): -22!
Feb 20 08:27:59 ip-172-31-69-27 kernel: [    0.000000] console [ttyS0] enabled
Feb 20 08:27:59 ip-172-31-69-27 kernel: [    0.000000] clocksource: hpet: mask: 0xffffffff max_cycles: 0xffffffff, max_idle_ns: 30580167144 ns
Feb 20 08:27:59 ip-172-31-69-27 kernel: [    0.000000] hpet clockevent registered
Feb 20 08:27:59 ip-172-31-69-27 kernel: [    0.000000] tsc: Detected 2400.064 MHz processor
Feb 20 08:27:59 ip-172-31-69-27 kernel: [    0.008000] Calibrating delay loop (skipped), value calculated using timer frequency.. 4800.12 BogoMIPS (lpj=9600256)
Feb 20 08:27:59 ip-172-31-69-27 kernel: [    0.009660] pid_max: default: 32768 minimum: 301
Feb 20 08:27:59 ip-172-31-69-27 kernel: [    0.012011] ACPI: Core revision 20150930
Feb 20 08:27:59 ip-172-31-69-27 kernel: [    0.021035] ACPI: 3 ACPI AML tables successfully acquired and loaded
Feb 20 08:27:59 ip-172-31-69-27 kernel: [    0.024030] Security Framework initialized
Feb 20 08:27:59 ip-172-31-69-27 kernel: [    0.026121] Yama: becoming mindful.
Feb 20 08:27:59 ip-172-31-69-27 kernel: [    0.028023] AppArmor: AppArmor initialized
Feb 20 08:27:59 ip-172-31-69-27 kernel: [    0.030176] Dentry cache hash table entries: 131072 (order: 8, 1048576 bytes)
Feb 20 08:27:59 ip-172-31-69-27 kernel: [    0.032178] Inode-cache hash table entries: 65536 (order: 7, 524288 bytes)
Feb 20 08:27:59 ip-172-31-69-27 kernel: [    0.036084] Mount-cache hash table entries: 2048 (order: 2, 16384 bytes)
Feb 20 08:27:59 ip-172-31-69-27 kernel: [    0.040007] Mountpoint-cache hash table entries: 2048 (order: 2, 16384 bytes)
Feb 20 08:27:59 ip-172-31-69-27 kernel: [    0.043335] Initializing cgroup subsys io
Feb 20 08:27:59 ip-172-31-69-27 kernel: [    0.044006] Initializing cgroup subsys memory
Feb 20 08:27:59 ip-172-31-69-27 kernel: [    0.048013] Initializing cgroup subsys devices
Feb 20 08:27:59 ip-172-31-69-27 kernel: [    0.050262] Initializing cgroup subsys freezer
Feb 20 08:27:59 ip-172-31-69-27 kernel: [    0.052005] Initializing cgroup subsys net_cls
Feb 20 08:27:59 ip-172-31-69-27 kernel: [    0.054143] Initializing cgroup subsys perf_event
Feb 20 08:27:59 ip-172-31-69-27 kernel: [    0.056007] Initializing cgroup subsys net_prio
Feb 20 08:27:59 ip-172-31-69-27 kernel: [    0.058143] Initializing cgroup subsys hugetlb
Feb 20 08:27:59 ip-172-31-69-27 kernel: [    0.060005] Initializing cgroup subsys pids
Feb 20 08:27:59 ip-172-31-69-27 kernel: [    0.062274] CPU: Physical Processor ID: 0
Feb 20 08:27:59 ip-172-31-69-27 kernel: [    0.064009] FEATURE SPEC_CTRL Not Present
Feb 20 08:27:59 ip-172-31-69-27 kernel: [    0.068775] mce: CPU supports 2 MCE banks
Feb 20 08:27:59 ip-172-31-69-27 kernel: [    0.070858] Last level iTLB entries: 4KB 1024, 2MB 1024, 4MB 1024
Feb 20 08:27:59 ip-172-31-69-27 kernel: [    0.072003] Last level dTLB entries: 4KB 1024, 2MB 1024, 4MB 1024, 1GB 4
Feb 20 08:27:59 ip-172-31-69-27 kernel: [    0.092987] ftrace: allocating 31285 entries in 123 pages
Feb 20 08:27:59 ip-172-31-69-27 kernel: [    0.120090] smpboot: APIC(0) Converting physical 0 to logical package 0
Feb 20 08:27:59 ip-172-31-69-27 kernel: [    0.124005] smpboot: Max logical packages: 15
Feb 20 08:27:59 ip-172-31-69-27 kernel: [    0.128398] x2apic: IRQ remapping doesn't support X2APIC mode
Feb 20 08:27:59 ip-172-31-69-27 kernel: [    0.131684] Switched APIC routing to physical flat.
Feb 20 08:27:59 ip-172-31-69-27 kernel: [    0.134065] ..TIMER: vector=0x30 apic1=0 pin1=2 apic2=0 pin2=0
Feb 20 08:27:59 ip-172-31-69-27 kernel: [    0.136004] clocksource: xen: mask: 0xffffffffffffffff max_cycles: 0x1cd42e4dffb, max_idle_ns: 881590591483 ns
Feb 20 08:27:59 ip-172-31-69-27 kernel: [    0.140009] Xen: using vcpuop timer interface
Feb 20 08:27:59 ip-172-31-69-27 kernel: [    0.140017] installing Xen timer for CPU 0
Feb 20 08:27:59 ip-172-31-69-27 kernel: [    0.144057] smpboot: CPU0: Intel(R) Xeon(R) CPU E5-2676 v3 @ 2.40GHz (family: 0x6, model: 0x3f, stepping: 0x2)
Feb 20 08:27:59 ip-172-31-69-27 kernel: [    0.149243] cpu 0 spinlock event irq 53
Feb 20 08:27:59 ip-172-31-69-27 kernel: [    0.151390] Performance Events: unsupported p6 CPU model 63 no PMU driver, software events only.
Feb 20 08:27:59 ip-172-31-69-27 kernel: [    0.156184] x86: Booted up 1 node, 1 CPUs
Feb 20 08:27:59 ip-172-31-69-27 kernel: [    0.158375] smpboot: Total of 1 processors activated (4800.12 BogoMIPS)
Feb 20 08:27:59 ip-172-31-69-27 kernel: [    0.160008] NMI watchdog: disabled (cpu0): hardware events not enabled
Feb 20 08:27:59 ip-172-31-69-27 kernel: [    0.163190] NMI watchdog: Shutting down hard lockup detector on all cpus
Feb 20 08:27:59 ip-172-31-69-27 kernel: [    0.164334] devtmpfs: initialized
Feb 20 08:27:59 ip-172-31-69-27 kernel: [    0.167639] evm: security.selinux
Feb 20 08:27:59 ip-172-31-69-27 kernel: [    0.168008] evm: security.SMACK64
Feb 20 08:27:59 ip-172-31-69-27 kernel: [    0.169969] evm: security.SMACK64EXEC
Feb 20 08:27:59 ip-172-31-69-27 kernel: [    0.172004] evm: security.SMACK64TRANSMUTE
Feb 20 08:27:59 ip-172-31-69-27 kernel: [    0.174274] evm: security.SMACK64MMAP
Feb 20 08:27:59 ip-172-31-69-27 kernel: [    0.176006] evm: security.ima
Feb 20 08:27:59 ip-172-31-69-27 kernel: [    0.177802] evm: security.capability
Feb 20 08:27:59 ip-172-31-69-27 kernel: [    0.180000] clocksource: jiffies: mask: 0xffffffff max_cycles: 0xffffffff, max_idle_ns: 7645041785100000 ns
Feb 20 08:27:59 ip-172-31-69-27 kernel: [    0.180030] futex hash table entries: 4096 (order: 6, 262144 bytes)
Feb 20 08:27:59 ip-172-31-69-27 kernel: [    0.183402] RTC time: 12:27:51, date: 02/20/18
Feb 20 08:27:59 ip-172-31-69-27 kernel: [    0.184127] NET: Registered protocol family 16
Feb 20 08:27:59 ip-172-31-69-27 kernel: [    0.186697] cpuidle: using governor ladder
Feb 20 08:27:59 ip-172-31-69-27 kernel: [    0.188009] cpuidle: using governor menu
Feb 20 08:27:59 ip-172-31-69-27 kernel: [    0.190242] PCCT header not found.
Feb 20 08:27:59 ip-172-31-69-27 kernel: [    0.192072] ACPI: bus type PCI registered
Feb 20 08:27:59 ip-172-31-69-27 kernel: [    0.194382] acpiphp: ACPI Hot Plug PCI Controller Driver version: 0.5
Feb 20 08:27:59 ip-172-31-69-27 kernel: [    0.196248] PCI: Using configuration type 1 for base access
Feb 20 08:27:59 ip-172-31-69-27 kernel: [    0.200042] ACPI: Added _OSI(Module Device)
Feb 20 08:27:59 ip-172-31-69-27 kernel: [    0.202370] ACPI: Added _OSI(Processor Device)
Feb 20 08:27:59 ip-172-31-69-27 kernel: [    0.204006] ACPI: Added _OSI(3.0 _SCP Extensions)
Feb 20 08:27:59 ip-172-31-69-27 kernel: [    0.206505] ACPI: Added _OSI(Processor Aggregator Device)
Feb 20 08:27:59 ip-172-31-69-27 kernel: [    0.208925] xen: --> pirq=16 -> irq=9 (gsi=9)
Feb 20 08:27:59 ip-172-31-69-27 kernel: [    0.211342] ACPI: Interpreter enabled
Feb 20 08:27:59 ip-172-31-69-27 kernel: [    0.212016] ACPI: (supports S0 S4 S5)
Feb 20 08:27:59 ip-172-31-69-27 kernel: [    0.214089] ACPI: Using IOAPIC for interrupt routing
Feb 20 08:27:59 ip-172-31-69-27 kernel: [    0.216030] PCI: Using host bridge windows from ACPI; if necessary, use "pci=nocrs" and report a bug
Feb 20 08:27:59 ip-172-31-69-27 kernel: [    0.256301] ACPI: PCI Root Bridge [PCI0] (domain 0000 [bus 00-ff])
Feb 20 08:27:59 ip-172-31-69-27 kernel: [    0.259458] acpi PNP0A03:00: _OSC: OS supports [ASPM ClockPM Segments MSI]
Feb 20 08:27:59 ip-172-31-69-27 kernel: [    0.260014] acpi PNP0A03:00: _OSC failed (AE_NOT_FOUND); disabling ASPM
Feb 20 08:27:59 ip-172-31-69-27 kernel: [    0.263534] acpi PNP0A03:00: fail to add MMCONFIG information, can't access extended PCI configuration space under this bridge.
Feb 20 08:27:59 ip-172-31-69-27 kernel: [    0.264859] acpiphp: Slot [0] registered
Feb 20 08:27:59 ip-172-31-69-27 kernel: [    0.267693] acpiphp: Slot [3] registered
Feb 20 08:27:59 ip-172-31-69-27 kernel: [    0.268223] acpiphp: Slot [4] registered
Feb 20 08:27:59 ip-172-31-69-27 kernel: [    0.270616] acpiphp: Slot [5] registered
Feb 20 08:27:59 ip-172-31-69-27 kernel: [    0.272219] acpiphp: Slot [6] registered
Feb 20 08:27:59 ip-172-31-69-27 kernel: [    0.274847] acpiphp: Slot [7] registered
Feb 20 08:27:59 ip-172-31-69-27 kernel: [    0.276230] acpiphp: Slot [8] registered
Feb 20 08:27:59 ip-172-31-69-27 kernel: [    0.278619] acpiphp: Slot [9] registered
Feb 20 08:27:59 ip-172-31-69-27 kernel: [    0.280232] acpiphp: Slot [10] registered
Feb 20 08:27:59 ip-172-31-69-27 kernel: [    0.282712] acpiphp: Slot [11] registered
Feb 20 08:27:59 ip-172-31-69-27 kernel: [    0.284242] acpiphp: Slot [12] registered
Feb 20 08:27:59 ip-172-31-69-27 kernel: [    0.286750] acpiphp: Slot [13] registered
Feb 20 08:27:59 ip-172-31-69-27 kernel: [    0.288231] acpiphp: Slot [14] registered
Feb 20 08:27:59 ip-172-31-69-27 kernel: [    0.290689] acpiphp: Slot [15] registered
Feb 20 08:27:59 ip-172-31-69-27 kernel: [    0.292223] acpiphp: Slot [16] registered
Feb 20 08:27:59 ip-172-31-69-27 kernel: [    0.294854] acpiphp: Slot [17] registered
Feb 20 08:27:59 ip-172-31-69-27 kernel: [    0.296232] acpiphp: Slot [18] registered
Feb 20 08:27:59 ip-172-31-69-27 kernel: [    0.298730] acpiphp: Slot [19] registered
Feb 20 08:27:59 ip-172-31-69-27 kernel: [    0.300234] acpiphp: Slot [20] registered
Feb 20 08:27:59 ip-172-31-69-27 kernel: [    0.302812] acpiphp: Slot [21] registered
Feb 20 08:27:59 ip-172-31-69-27 kernel: [    0.304237] acpiphp: Slot [22] registered
Feb 20 08:27:59 ip-172-31-69-27 kernel: [    0.306830] acpiphp: Slot [23] registered
Feb 20 08:27:59 ip-172-31-69-27 kernel: [    0.308277] acpiphp: Slot [24] registered
Feb 20 08:27:59 ip-172-31-69-27 kernel: [    0.310774] acpiphp: Slot [25] registered
Feb 20 08:27:59 ip-172-31-69-27 loadkeys[364]: Loading /etc/console-setup/cached.kmap.gz
Feb 20 08:27:59 ip-172-31-69-27 systemd-modules-load[372]: Inserted module 'iscsi_tcp'
Feb 20 08:27:59 ip-172-31-69-27 systemd-modules-load[372]: Inserted module 'ib_iser'
Feb 20 08:27:59 ip-172-31-69-27 systemd[1]: Started Set console keymap.
Feb 20 08:27:59 ip-172-31-69-27 systemd[1]: Started Uncomplicated firewall.
Feb 20 08:27:59 ip-172-31-69-27 systemd[1]: Started Load Kernel Modules.
Feb 20 08:27:59 ip-172-31-69-27 systemd[1]: Started Create list of required static device nodes for the current kernel.
Feb 20 08:27:59 ip-172-31-69-27 systemd[1]: Started Remount Root and Kernel File Systems.
Feb 20 08:27:59 ip-172-31-69-27 systemd[1]: Started Nameserver information manager.
Feb 20 08:27:59 ip-172-31-69-27 systemd[1]: Started LVM2 metadata daemon.
Feb 20 08:27:59 ip-172-31-69-27 systemd[1]: Starting Initial cloud-init job (pre-networking)...
Feb 20 08:27:59 ip-172-31-69-27 systemd[1]: Starting Load/Save Random Seed...
Feb 20 08:27:59 ip-172-31-69-27 systemd[1]: Starting udev Coldplug all Devices...
Feb 20 08:27:59 ip-172-31-69-27 systemd[1]: Starting Create Static Device Nodes in /dev...
Feb 20 08:27:59 ip-172-31-69-27 systemd[1]: Mounting FUSE Control File System...
Feb 20 08:27:59 ip-172-31-69-27 systemd[1]: Starting Apply Kernel Variables...
Feb 20 08:27:59 ip-172-31-69-27 systemd[1]: Starting Flush Journal to Persistent Storage...
Feb 20 08:27:59 ip-172-31-69-27 systemd[1]: Mounted FUSE Control File System.
Feb 20 08:27:59 ip-172-31-69-27 systemd[1]: Started Load/Save Random Seed.
Feb 20 08:27:59 ip-172-31-69-27 systemd[1]: Started Create Static Device Nodes in /dev.
Feb 20 08:27:59 ip-172-31-69-27 systemd[1]: Started Apply Kernel Variables.
Feb 20 08:27:59 ip-172-31-69-27 systemd[1]: Started Flush Journal to Persistent Storage.
Feb 20 08:27:59 ip-172-31-69-27 systemd[1]: Starting udev Kernel Device Manager...
Feb 20 08:27:59 ip-172-31-69-27 systemd[1]: Started udev Coldplug all Devices.
Feb 20 08:27:59 ip-172-31-69-27 systemd[1]: Started udev Kernel Device Manager.
Feb 20 08:27:59 ip-172-31-69-27 systemd[1]: Started Dispatch Password Requests to Console Directory Watch.
Feb 20 08:27:59 ip-172-31-69-27 systemd[1]: Started Monitoring of LVM2 mirrors, snapshots etc. using dmeventd or progress polling.
Feb 20 08:27:59 ip-172-31-69-27 systemd[1]: Reached target Local File Systems (Pre).
Feb 20 08:27:59 ip-172-31-69-27 systemd[1]: Reached target Local File Systems.
Feb 20 08:27:59 ip-172-31-69-27 systemd[1]: Starting Create Volatile Files and Directories...
Feb 20 08:27:59 ip-172-31-69-27 systemd[1]: Starting Tell Plymouth To Write Out Runtime Data...
Feb 20 08:27:59 ip-172-31-69-27 systemd-tmpfiles[486]: [/usr/lib/tmpfiles.d/var.conf:14] Duplicate line for path "/var/log", ignoring.
Feb 20 08:27:59 ip-172-31-69-27 systemd[1]: Starting Set console font and keymap...
Feb 20 08:27:59 ip-172-31-69-27 systemd[1]: Starting LSB: AppArmor initialization...
Feb 20 08:27:59 ip-172-31-69-27 systemd[1]: Started Create Volatile Files and Directories.
Feb 20 08:27:59 ip-172-31-69-27 systemd[1]: Started Tell Plymouth To Write Out Runtime Data.
Feb 20 08:27:59 ip-172-31-69-27 systemd[1]: Found device /dev/ttyS0.
Feb 20 08:27:59 ip-172-31-69-27 apparmor[495]:  * Starting AppArmor profiles
Feb 20 08:27:59 ip-172-31-69-27 systemd[1]: Starting Update UTMP about System Boot/Shutdown...
Feb 20 08:27:59 ip-172-31-69-27 systemd[1]: Starting Network Time Synchronization...
Feb 20 08:27:59 ip-172-31-69-27 apparmor[495]: Skipping profile in /etc/apparmor.d/disable: usr.sbin.rsyslogd
Feb 20 08:27:59 ip-172-31-69-27 apparmor[495]:    ...done.
Feb 20 08:27:59 ip-172-31-69-27 systemd[1]: Started Network Time Synchronization.
Feb 20 08:27:59 ip-172-31-69-27 systemd[1]: Started LSB: AppArmor initialization.
Feb 20 08:27:59 ip-172-31-69-27 systemd[1]: Reached target System Time Synchronized.
Feb 20 08:27:59 ip-172-31-69-27 systemd[1]: Started Update UTMP about System Boot/Shutdown.
Feb 20 08:27:59 ip-172-31-69-27 systemd[1]: Found device /sys/subsystem/net/devices/eth0.
Feb 20 08:27:59 ip-172-31-69-27 systemd[1]: Listening on Load/Save RF Kill Switch Status /dev/rfkill Watch.
Feb 20 08:27:59 ip-172-31-69-27 dhclient[809]: Internet Systems Consortium DHCP Client 4.3.3
Feb 20 08:27:59 ip-172-31-69-27 dhclient[809]: Copyright 2004-2015 Internet Systems Consortium.
Feb 20 08:27:59 ip-172-31-69-27 dhclient[809]: All rights reserved.
Feb 20 08:27:59 ip-172-31-69-27 dhclient[809]: For info, please visit https://www.isc.org/software/dhcp/
Feb 20 08:27:59 ip-172-31-69-27 dhclient[809]: 
Feb 20 08:27:59 ip-172-31-69-27 dhclient[809]: Listening on LPF/eth0/02:0f:db:2b:f4:de
Feb 20 08:27:59 ip-172-31-69-27 dhclient[809]: Sending on   LPF/eth0/02:0f:db:2b:f4:de
Feb 20 08:27:59 ip-172-31-69-27 dhclient[809]: Sending on   Socket/fallback
Feb 20 08:27:59 ip-172-31-69-27 dhclient[809]: DHCPDISCOVER on eth0 to 255.255.255.255 port 67 interval 3 (xid=0x2dd75e1b)
Feb 20 08:27:59 ip-172-31-69-27 dhclient[809]: DHCPREQUEST of 172.31.69.27 on eth0 to 255.255.255.255 port 67 (xid=0x1b5ed72d)
Feb 20 08:27:59 ip-172-31-69-27 dhclient[809]: DHCPOFFER of 172.31.69.27 from 172.31.69.1
Feb 20 08:27:59 ip-172-31-69-27 dhclient[809]: DHCPACK of 172.31.69.27 from 172.31.69.1
Feb 20 08:27:59 ip-172-31-69-27 dhclient[809]: bound to 172.31.69.27 -- renewal in 1569 seconds.
Feb 20 08:27:59 ip-172-31-69-27 systemd[1]: Started Set console font and keymap.
Feb 20 08:27:59 ip-172-31-69-27 cloud-init[430]: Cloud-init v. 17.1 running 'init-local' at Tue, 20 Feb 2018 12:27:56 +0000. Up 5.38 seconds.
Feb 20 08:27:59 ip-172-31-69-27 systemd[1]: Created slice system-getty.slice.
Feb 20 08:27:59 ip-172-31-69-27 systemd[1]: Started Initial cloud-init job (pre-networking).
Feb 20 08:27:59 ip-172-31-69-27 systemd[1]: Reached target Network (Pre).
Feb 20 08:27:59 ip-172-31-69-27 systemd[1]: Started ifup for eth0.
Feb 20 08:27:59 ip-172-31-69-27 systemd[1]: Starting Raise network interfaces...
Feb 20 08:27:59 ip-172-31-69-27 dhclient[892]: Internet Systems Consortium DHCP Client 4.3.3
Feb 20 08:27:59 ip-172-31-69-27 sh[876]: Internet Systems Consortium DHCP Client 4.3.3
Feb 20 08:27:59 ip-172-31-69-27 dhclient[892]: Copyright 2004-2015 Internet Systems Consortium.
Feb 20 08:27:59 ip-172-31-69-27 sh[876]: Copyright 2004-2015 Internet Systems Consortium.
Feb 20 08:27:59 ip-172-31-69-27 dhclient[892]: All rights reserved.
Feb 20 08:27:59 ip-172-31-69-27 sh[876]: All rights reserved.
Feb 20 08:27:59 ip-172-31-69-27 dhclient[892]: For info, please visit https://www.isc.org/software/dhcp/
Feb 20 08:27:59 ip-172-31-69-27 sh[876]: For info, please visit https://www.isc.org/software/dhcp/
Feb 20 08:27:59 ip-172-31-69-27 dhclient[892]: 
Feb 20 08:27:59 ip-172-31-69-27 dhclient[892]: Listening on LPF/eth0/02:0f:db:2b:f4:de
Feb 20 08:27:59 ip-172-31-69-27 sh[876]: Listening on LPF/eth0/02:0f:db:2b:f4:de
Feb 20 08:27:59 ip-172-31-69-27 sh[876]: Sending on   LPF/eth0/02:0f:db:2b:f4:de
Feb 20 08:27:59 ip-172-31-69-27 sh[876]: Sending on   Socket/fallback
Feb 20 08:27:59 ip-172-31-69-27 sh[876]: DHCPDISCOVER on eth0 to 255.255.255.255 port 67 interval 3 (xid=0x210ebf68)
Feb 20 08:27:59 ip-172-31-69-27 dhclient[892]: Sending on   LPF/eth0/02:0f:db:2b:f4:de
Feb 20 08:27:59 ip-172-31-69-27 dhclient[892]: Sending on   Socket/fallback
Feb 20 08:27:59 ip-172-31-69-27 dhclient[892]: DHCPDISCOVER on eth0 to 255.255.255.255 port 67 interval 3 (xid=0x210ebf68)
Feb 20 08:27:59 ip-172-31-69-27 dhclient[892]: DHCPREQUEST of 172.31.69.27 on eth0 to 255.255.255.255 port 67 (xid=0x68bf0e21)
Feb 20 08:27:59 ip-172-31-69-27 sh[876]: DHCPREQUEST of 172.31.69.27 on eth0 to 255.255.255.255 port 67 (xid=0x68bf0e21)
Feb 20 08:27:59 ip-172-31-69-27 sh[876]: DHCPOFFER of 172.31.69.27 from 172.31.69.1
Feb 20 08:27:59 ip-172-31-69-27 dhclient[892]: DHCPOFFER of 172.31.69.27 from 172.31.69.1
Feb 20 08:27:59 ip-172-31-69-27 dhclient[892]: DHCPACK of 172.31.69.27 from 172.31.69.1
Feb 20 08:27:59 ip-172-31-69-27 sh[876]: DHCPACK of 172.31.69.27 from 172.31.69.1
Feb 20 08:27:59 ip-172-31-69-27 dhclient[892]: bound to 172.31.69.27 -- renewal in 1709 seconds.
Feb 20 08:27:59 ip-172-31-69-27 sh[876]: bound to 172.31.69.27 -- renewal in 1709 seconds.
Feb 20 08:27:59 ip-172-31-69-27 systemd[1]: Started Raise network interfaces.
Feb 20 08:27:59 ip-172-31-69-27 systemd[1]: Reached target Network.
Feb 20 08:27:59 ip-172-31-69-27 systemd[1]: Starting Initial cloud-init job (metadata service crawler)...
Feb 20 08:27:59 ip-172-31-69-27 cloud-init[1049]: Cloud-init v. 17.1 running 'init' at Tue, 20 Feb 2018 12:27:59 +0000. Up 7.60 seconds.
Feb 20 08:27:59 ip-172-31-69-27 cloud-init[1049]: ci-info: ++++++++++++++++++++++++++++++++++++++Net device info++++++++++++++++++++++++++++++++++++++
Feb 20 08:27:59 ip-172-31-69-27 cloud-init[1049]: ci-info: +--------+------+---------------------------+-----------------+-------+-------------------+
Feb 20 08:27:59 ip-172-31-69-27 cloud-init[1049]: ci-info: | Device |  Up  |          Address          |       Mask      | Scope |     Hw-Address    |
Feb 20 08:27:59 ip-172-31-69-27 cloud-init[1049]: ci-info: +--------+------+---------------------------+-----------------+-------+-------------------+
Feb 20 08:27:59 ip-172-31-69-27 cloud-init[1049]: ci-info: |  eth0  | True |        172.31.69.27       | 255.255.255.224 |   .   | 02:0f:db:2b:f4:de |
Feb 20 08:27:59 ip-172-31-69-27 cloud-init[1049]: ci-info: |  eth0  | True | fe80::f:dbff:fe2b:f4de/64 |        .        |  link | 02:0f:db:2b:f4:de |
Feb 20 08:27:59 ip-172-31-69-27 cloud-init[1049]: ci-info: |   lo   | True |         127.0.0.1         |    255.0.0.0    |   .   |         .         |
Feb 20 08:27:59 ip-172-31-69-27 cloud-init[1049]: ci-info: |   lo   | True |          ::1/128          |        .        |  host |         .         |
Feb 20 08:27:59 ip-172-31-69-27 cloud-init[1049]: ci-info: +--------+------+---------------------------+-----------------+-------+-------------------+
Feb 20 08:27:59 ip-172-31-69-27 cloud-init[1049]: ci-info: ++++++++++++++++++++++++++++++Route IPv4 info++++++++++++++++++++++++++++++
Feb 20 08:27:59 ip-172-31-69-27 cloud-init[1049]: ci-info: +-------+-------------+-------------+-----------------+-----------+-------+
Feb 20 08:27:59 ip-172-31-69-27 cloud-init[1049]: ci-info: | Route | Destination |   Gateway   |     Genmask     | Interface | Flags |
Feb 20 08:27:59 ip-172-31-69-27 cloud-init[1049]: ci-info: +-------+-------------+-------------+-----------------+-----------+-------+
Feb 20 08:27:59 ip-172-31-69-27 cloud-init[1049]: ci-info: |   0   |   0.0.0.0   | 172.31.69.1 |     0.0.0.0     |    eth0   |   UG  |
Feb 20 08:27:59 ip-172-31-69-27 cloud-init[1049]: ci-info: |   1   | 172.31.69.0 |   0.0.0.0   | 255.255.255.224 |    eth0   |   U   |
Feb 20 08:27:59 ip-172-31-69-27 cloud-init[1049]: ci-info: +-------+-------------+-------------+-----------------+-----------+-------+
Feb 20 08:27:59 ip-172-31-69-27 systemd[1]: Started Initial cloud-init job (metadata service crawler).
Feb 20 08:27:59 ip-172-31-69-27 systemd[1]: Reached target Cloud-config availability.
Feb 20 08:27:59 ip-172-31-69-27 systemd[1]: Reached target Network is Online.
Feb 20 08:27:59 ip-172-31-69-27 systemd[1]: Starting iSCSI initiator daemon (iscsid)...
Feb 20 08:27:59 ip-172-31-69-27 systemd[1]: Reached target System Initialization.
Feb 20 08:27:59 ip-172-31-69-27 systemd[1]: Listening on ACPID Listen Socket.
Feb 20 08:27:59 ip-172-31-69-27 systemd[1]: Started Daily apt download activities.
Feb 20 08:27:59 ip-172-31-69-27 systemd[1]: Listening on D-Bus System Message Bus Socket.
Feb 20 08:27:59 ip-172-31-69-27 systemd[1]: Started Timer to automatically refresh installed snaps.
Feb 20 08:27:59 ip-172-31-69-27 systemd[1]: Starting LXD - unix socket.
Feb 20 08:27:59 ip-172-31-69-27 systemd[1]: Listening on UUID daemon activation socket.
Feb 20 08:27:59 ip-172-31-69-27 systemd[1]: Started Daily Cleanup of Temporary Directories.
Feb 20 08:27:59 ip-172-31-69-27 systemd[1]: Started Daily apt upgrade and clean activities.
Feb 20 08:27:59 ip-172-31-69-27 systemd[1]: Reached target Timers.
Feb 20 08:27:59 ip-172-31-69-27 systemd[1]: Starting Socket activation for snappy daemon.
Feb 20 08:27:59 ip-172-31-69-27 systemd[1]: Started ACPI Events Check.
Feb 20 08:27:59 ip-172-31-69-27 systemd[1]: Reached target Paths.
Feb 20 08:27:59 ip-172-31-69-27 systemd[1]: Listening on LXD - unix socket.
Feb 20 08:27:59 ip-172-31-69-27 systemd[1]: Listening on Socket activation for snappy daemon.
Feb 20 08:27:59 ip-172-31-69-27 iscsid: iSCSI logger with pid=1105 started!
Feb 20 08:27:59 ip-172-31-69-27 iscsid: iSCSI daemon with pid=1106 started!
Feb 20 08:27:59 ip-172-31-69-27 systemd[1]: Started iSCSI initiator daemon (iscsid).
Feb 20 08:27:59 ip-172-31-69-27 systemd[1]: Starting Login to default iSCSI targets...
Feb 20 08:27:59 ip-172-31-69-27 systemd[1]: Reached target Sockets.
Feb 20 08:27:59 ip-172-31-69-27 systemd[1]: Reached target Basic System.
Feb 20 08:27:59 ip-172-31-69-27 systemd[1]: Started Regular background program processing daemon.
Feb 20 08:27:59 ip-172-31-69-27 systemd[1]: Started ACPI event daemon.
Feb 20 08:27:59 ip-172-31-69-27 cron[1111]: (CRON) INFO (pidfile fd = 3)
Feb 20 08:27:59 ip-172-31-69-27 acpid: starting up with netlink and the input layer
Feb 20 08:27:59 ip-172-31-69-27 acpid: 1 rule loaded
Feb 20 08:27:59 ip-172-31-69-27 acpid: waiting for events: event logging is off
Feb 20 08:27:59 ip-172-31-69-27 cron[1111]: (CRON) INFO (Running @reboot jobs)
Feb 20 08:27:59 ip-172-31-69-27 systemd[1]: Starting System Logging Service...
Feb 20 08:27:59 ip-172-31-69-27 systemd[1]: Starting Initialize hardware monitoring sensors...
Feb 20 08:27:59 ip-172-31-69-27 systemd[1]: Starting LSB: Record successful boot for GRUB...
Feb 20 08:27:59 ip-172-31-69-27 sensors[1119]: No sensors found!
Feb 20 08:27:59 ip-172-31-69-27 sensors[1119]: Make sure you loaded all the kernel drivers you need.
Feb 20 08:27:59 ip-172-31-69-27 sensors[1119]: Try sensors-detect to find out which these are.
Feb 20 08:27:59 ip-172-31-69-27 systemd[1]: Starting Accounts Service...
Feb 20 08:27:59 ip-172-31-69-27 systemd[1]: Starting Snappy daemon...
Feb 20 08:27:59 ip-172-31-69-27 kernel: [    0.312251] acpiphp: Slot [26] registered
Feb 20 08:27:59 ip-172-31-69-27 kernel: [    0.314704] acpiphp: Slot [27] registered
Feb 20 08:27:59 ip-172-31-69-27 kernel: [    0.316236] acpiphp: Slot [28] registered
Feb 20 08:27:59 ip-172-31-69-27 kernel: [    0.318677] acpiphp: Slot [29] registered
Feb 20 08:27:59 ip-172-31-69-27 kernel: [    0.320231] acpiphp: Slot [30] registered
Feb 20 08:27:59 ip-172-31-69-27 kernel: [    0.322710] acpiphp: Slot [31] registered
Feb 20 08:27:59 ip-172-31-69-27 kernel: [    0.324234] PCI host bridge to bus 0000:00
Feb 20 08:27:59 ip-172-31-69-27 kernel: [    0.326478] pci_bus 0000:00: root bus resource [io  0x0000-0x0cf7 window]
Feb 20 08:27:59 ip-172-31-69-27 kernel: [    0.328005] pci_bus 0000:00: root bus resource [io  0x0d00-0xffff window]
Feb 20 08:27:59 ip-172-31-69-27 kernel: [    0.331441] pci_bus 0000:00: root bus resource [mem 0x000a0000-0x000bffff window]
Feb 20 08:27:59 ip-172-31-69-27 kernel: [    0.332006] pci_bus 0000:00: root bus resource [mem 0xf0000000-0xfbffffff window]
Feb 20 08:27:59 ip-172-31-69-27 kernel: [    0.335937] pci_bus 0000:00: root bus resource [bus 00-ff]
Feb 20 08:27:59 ip-172-31-69-27 kernel: [    0.336112] pci 0000:00:00.0: [8086:1237] type 00 class 0x060000
Feb 20 08:27:59 ip-172-31-69-27 kernel: [    0.337444] pci 0000:00:01.0: [8086:7000] type 00 class 0x060100
Feb 20 08:27:59 ip-172-31-69-27 kernel: [    0.339319] pci 0000:00:01.1: [8086:7010] type 00 class 0x010180
Feb 20 08:27:59 ip-172-31-69-27 kernel: [    0.340203] pci 0000:00:01.1: reg 0x20: [io  0xc100-0xc10f]
Feb 20 08:27:59 ip-172-31-69-27 kernel: [    0.340613] pci 0000:00:01.1: legacy IDE quirk: reg 0x10: [io  0x01f0-0x01f7]
Feb 20 08:27:59 ip-172-31-69-27 kernel: [    0.344006] pci 0000:00:01.1: legacy IDE quirk: reg 0x14: [io  0x03f6]
Feb 20 08:27:59 ip-172-31-69-27 kernel: [    0.347473] pci 0000:00:01.1: legacy IDE quirk: reg 0x18: [io  0x0170-0x0177]
Feb 20 08:27:59 ip-172-31-69-27 kernel: [    0.348006] pci 0000:00:01.1: legacy IDE quirk: reg 0x1c: [io  0x0376]
Feb 20 08:27:59 ip-172-31-69-27 kernel: [    0.351698] pci 0000:00:01.3: [8086:7113] type 00 class 0x068000
Feb 20 08:27:59 ip-172-31-69-27 kernel: [    0.351779] * Found PM-Timer Bug on the chipset. Due to workarounds for a bug,
Feb 20 08:27:59 ip-172-31-69-27 kernel: [    0.351779] * this clock source is slow. Consider trying other clock sources
Feb 20 08:27:59 ip-172-31-69-27 kernel: [    0.353008] pci 0000:00:01.3: quirk: [io  0xb000-0xb03f] claimed by PIIX4 ACPI
Feb 20 08:27:59 ip-172-31-69-27 kernel: [    0.356704] pci 0000:00:02.0: [1013:00b8] type 00 class 0x030000
Feb 20 08:27:59 ip-172-31-69-27 kernel: [    0.356979] pci 0000:00:02.0: reg 0x10: [mem 0xf0000000-0xf1ffffff pref]
Feb 20 08:27:59 ip-172-31-69-27 kernel: [    0.357155] pci 0000:00:02.0: reg 0x14: [mem 0xf3000000-0xf3000fff]
Feb 20 08:27:59 ip-172-31-69-27 kernel: [    0.358516] pci 0000:00:03.0: [5853:0001] type 00 class 0xff8000
Feb 20 08:27:59 ip-172-31-69-27 kernel: [    0.358854] pci 0000:00:03.0: reg 0x10: [io  0xc000-0xc0ff]
Feb 20 08:27:59 ip-172-31-69-27 kernel: [    0.359034] pci 0000:00:03.0: reg 0x14: [mem 0xf2000000-0xf2ffffff pref]
Feb 20 08:27:59 ip-172-31-69-27 kernel: [    0.361116] ACPI: PCI Interrupt Link [LNKA] (IRQs *5 10 11)
Feb 20 08:27:59 ip-172-31-69-27 kernel: [    0.365614] ACPI: PCI Interrupt Link [LNKB] (IRQs 5 *10 11)
Feb 20 08:27:59 ip-172-31-69-27 kernel: [    0.370128] ACPI: PCI Interrupt Link [LNKC] (IRQs 5 10 *11)
Feb 20 08:27:59 ip-172-31-69-27 kernel: [    0.374632] ACPI: PCI Interrupt Link [LNKD] (IRQs *5 10 11)
Feb 20 08:27:59 ip-172-31-69-27 kernel: [    0.391337] ACPI: Enabled 2 GPEs in block 00 to 0F
Feb 20 08:27:59 ip-172-31-69-27 kernel: [    0.392064] xen:balloon: Initialising balloon driver
Feb 20 08:27:59 ip-172-31-69-27 kernel: [    0.396136] vgaarb: setting as boot device: PCI:0000:00:02.0
Feb 20 08:27:59 ip-172-31-69-27 kernel: [    0.399090] vgaarb: device added: PCI:0000:00:02.0,decodes=io+mem,owns=io+mem,locks=none
Feb 20 08:27:59 ip-172-31-69-27 kernel: [    0.400005] vgaarb: loaded
Feb 20 08:27:59 ip-172-31-69-27 kernel: [    0.401700] vgaarb: bridge control possible 0000:00:02.0
Feb 20 08:27:59 ip-172-31-69-27 kernel: [    0.404186] SCSI subsystem initialized
Feb 20 08:27:59 ip-172-31-69-27 kernel: [    0.406488] libata version 3.00 loaded.
Feb 20 08:27:59 ip-172-31-69-27 kernel: [    0.406510] ACPI: bus type USB registered
Feb 20 08:27:59 ip-172-31-69-27 kernel: [    0.408021] usbcore: registered new interface driver usbfs
Feb 20 08:27:59 ip-172-31-69-27 kernel: [    0.410905] usbcore: registered new interface driver hub
Feb 20 08:27:59 ip-172-31-69-27 kernel: [    0.412028] usbcore: registered new device driver usb
Feb 20 08:27:59 ip-172-31-69-27 kernel: [    0.414796] PCI: Using ACPI for IRQ routing
Feb 20 08:27:59 ip-172-31-69-27 kernel: [    0.416006] PCI: pci_cache_line_size set to 64 bytes
Feb 20 08:27:59 ip-172-31-69-27 kernel: [    0.416310] e820: reserve RAM buffer [mem 0x0009e000-0x0009ffff]
Feb 20 08:27:59 ip-172-31-69-27 kernel: [    0.416425] NetLabel: Initializing
Feb 20 08:27:59 ip-172-31-69-27 kernel: [    0.418414] NetLabel:  domain hash size = 128
Feb 20 08:27:59 ip-172-31-69-27 kernel: [    0.420005] NetLabel:  protocols = UNLABELED CIPSOv4
Feb 20 08:27:59 ip-172-31-69-27 kernel: [    0.422672] NetLabel:  unlabeled traffic allowed by default
Feb 20 08:27:59 ip-172-31-69-27 kernel: [    0.424100] HPET: 3 timers in total, 0 timers will be used for per-cpu timer
Feb 20 08:27:59 ip-172-31-69-27 kernel: [    0.427845] hpet0: at MMIO 0xfed00000, IRQs 2, 8, 0
Feb 20 08:27:59 ip-172-31-69-27 kernel: [    0.429889] hpet0: 3 comparators, 64-bit 62.500000 MHz counter
Feb 20 08:27:59 ip-172-31-69-27 kernel: [    0.434054] amd_nb: Cannot enumerate AMD northbridges
Feb 20 08:27:59 ip-172-31-69-27 kernel: [    0.436019] clocksource: Switched to clocksource xen
Feb 20 08:27:59 ip-172-31-69-27 kernel: [    0.444491] AppArmor: AppArmor Filesystem Enabled
Feb 20 08:27:59 ip-172-31-69-27 kernel: [    0.447598] pnp: PnP ACPI init
Feb 20 08:27:59 ip-172-31-69-27 kernel: [    0.449920] system 00:00: [mem 0x00000000-0x0009ffff] could not be reserved
Feb 20 08:27:59 ip-172-31-69-27 kernel: [    0.454430] system 00:00: Plug and Play ACPI device, IDs PNP0c02 (active)
Feb 20 08:27:59 ip-172-31-69-27 kernel: [    0.454510] system 00:01: [io  0x08a0-0x08a3] has been reserved
Feb 20 08:27:59 ip-172-31-69-27 kernel: [    0.458398] system 00:01: [io  0x0cc0-0x0ccf] has been reserved
Feb 20 08:27:59 ip-172-31-69-27 kernel: [    0.461974] system 00:01: [io  0x04d0-0x04d1] has been reserved
Feb 20 08:27:59 ip-172-31-69-27 kernel: [    0.465709] system 00:01: Plug and Play ACPI device, IDs PNP0c02 (active)
Feb 20 08:27:59 ip-172-31-69-27 kernel: [    0.465733] xen: --> pirq=17 -> irq=8 (gsi=8)
Feb 20 08:27:59 ip-172-31-69-27 kernel: [    0.465753] pnp 00:02: Plug and Play ACPI device, IDs PNP0b00 (active)
Feb 20 08:27:59 ip-172-31-69-27 kernel: [    0.465774] xen: --> pirq=18 -> irq=12 (gsi=12)
Feb 20 08:27:59 ip-172-31-69-27 kernel: [    0.465786] pnp 00:03: Plug and Play ACPI device, IDs PNP0f13 (active)
Feb 20 08:27:59 ip-172-31-69-27 kernel: [    0.465801] xen: --> pirq=19 -> irq=1 (gsi=1)
Feb 20 08:27:59 ip-172-31-69-27 kernel: [    0.465814] pnp 00:04: Plug and Play ACPI device, IDs PNP0303 PNP030b (active)
Feb 20 08:27:59 ip-172-31-69-27 kernel: [    0.465828] xen: --> pirq=20 -> irq=6 (gsi=6)
Feb 20 08:27:59 ip-172-31-69-27 kernel: [    0.465830] pnp 00:05: [dma 2]
Feb 20 08:27:59 ip-172-31-69-27 kernel: [    0.465846] pnp 00:05: Plug and Play ACPI device, IDs PNP0700 (active)
Feb 20 08:27:59 ip-172-31-69-27 kernel: [    0.465867] xen: --> pirq=21 -> irq=4 (gsi=4)
Feb 20 08:27:59 ip-172-31-69-27 kernel: [    0.465879] pnp 00:06: Plug and Play ACPI device, IDs PNP0501 (active)
Feb 20 08:27:59 ip-172-31-69-27 kernel: [    0.465914] system 00:07: [io  0x10c0-0x1141] has been reserved
Feb 20 08:27:59 ip-172-31-69-27 kernel: [    0.469620] system 00:07: [io  0xb044-0xb047] has been reserved
Feb 20 08:27:59 ip-172-31-69-27 kernel: [    0.473078] system 00:07: Plug and Play ACPI device, IDs PNP0c02 (active)
Feb 20 08:27:59 ip-172-31-69-27 kernel: [    0.489158] pnp: PnP ACPI: found 8 devices
Feb 20 08:27:59 ip-172-31-69-27 kernel: [    0.497350] clocksource: acpi_pm: mask: 0xffffff max_cycles: 0xffffff, max_idle_ns: 2085701024 ns
Feb 20 08:27:59 ip-172-31-69-27 kernel: [    0.503070] pci_bus 0000:00: resource 4 [io  0x0000-0x0cf7 window]
Feb 20 08:27:59 ip-172-31-69-27 kernel: [    0.503073] pci_bus 0000:00: resource 5 [io  0x0d00-0xffff window]
Feb 20 08:27:59 ip-172-31-69-27 kernel: [    0.503075] pci_bus 0000:00: resource 6 [mem 0x000a0000-0x000bffff window]
Feb 20 08:27:59 ip-172-31-69-27 kernel: [    0.503076] pci_bus 0000:00: resource 7 [mem 0xf0000000-0xfbffffff window]
Feb 20 08:27:59 ip-172-31-69-27 kernel: [    0.503118] NET: Registered protocol family 2
Feb 20 08:27:59 ip-172-31-69-27 kernel: [    0.506251] TCP established hash table entries: 8192 (order: 4, 65536 bytes)
Feb 20 08:27:59 ip-172-31-69-27 kernel: [    0.510566] TCP bind hash table entries: 8192 (order: 5, 131072 bytes)
Feb 20 08:27:59 ip-172-31-69-27 kernel: [    0.514473] TCP: Hash tables configured (established 8192 bind 8192)
Feb 20 08:27:59 ip-172-31-69-27 kernel: [    0.518615] UDP hash table entries: 512 (order: 2, 16384 bytes)
Feb 20 08:27:59 ip-172-31-69-27 kernel: [    0.522197] UDP-Lite hash table entries: 512 (order: 2, 16384 bytes)
Feb 20 08:27:59 ip-172-31-69-27 kernel: [    0.526114] NET: Registered protocol family 1
Feb 20 08:27:59 ip-172-31-69-27 kernel: [    0.528865] pci 0000:00:00.0: Limiting direct PCI/PCI transfers
Feb 20 08:27:59 ip-172-31-69-27 kernel: [    0.532223] pci 0000:00:01.0: PIIX3: Enabling Passive Release
Feb 20 08:27:59 ip-172-31-69-27 kernel: [    0.535775] pci 0000:00:01.0: Activating ISA DMA hang workarounds
Feb 20 08:27:59 ip-172-31-69-27 kernel: [    0.539659] pci 0000:00:02.0: Video device with shadowed ROM
Feb 20 08:27:59 ip-172-31-69-27 kernel: [    0.539714] PCI: CLS 0 bytes, default 64
Feb 20 08:27:59 ip-172-31-69-27 kernel: [    0.539770] Trying to unpack rootfs image as initramfs...
Feb 20 08:27:59 ip-172-31-69-27 kernel: [    0.717467] Freeing initrd memory: 12308K
Feb 20 08:27:59 ip-172-31-69-27 kernel: [    0.720021] RAPL PMU detected, API unit is 2^-32 Joules, 3 fixed counters 655360 ms ovfl timer
Feb 20 08:27:59 ip-172-31-69-27 kernel: [    0.724748] hw unit of domain pp0-core 2^-14 Joules
Feb 20 08:27:59 ip-172-31-69-27 kernel: [    0.727621] hw unit of domain package 2^-14 Joules
Feb 20 08:27:59 ip-172-31-69-27 kernel: [    0.730557] hw unit of domain dram 2^-16 Joules
Feb 20 08:27:59 ip-172-31-69-27 kernel: [    0.733584] Scanning for low memory corruption every 60 seconds
Feb 20 08:27:59 ip-172-31-69-27 kernel: [    0.737269] audit: initializing netlink subsys (disabled)
Feb 20 08:27:59 ip-172-31-69-27 kernel: [    0.740525] audit: type=2000 audit(1519129672.153:1): initialized
Feb 20 08:27:59 ip-172-31-69-27 kernel: [    0.744316] Initialise system trusted keyring
Feb 20 08:27:59 ip-172-31-69-27 kernel: [    0.747079] HugeTLB registered 2 MB page size, pre-allocated 0 pages
Feb 20 08:27:59 ip-172-31-69-27 kernel: [    0.751528] zbud: loaded
Feb 20 08:27:59 ip-172-31-69-27 kernel: [    0.753380] VFS: Disk quotas dquot_6.6.0
Feb 20 08:27:59 ip-172-31-69-27 kernel: [    0.755629] VFS: Dquot-cache hash table entries: 512 (order 0, 4096 bytes)
Feb 20 08:27:59 ip-172-31-69-27 kernel: [    0.759214] squashfs: version 4.0 (2009/01/31) Phillip Lougher
Feb 20 08:27:59 ip-172-31-69-27 kernel: [    0.762424] fuse init (API version 7.23)
Feb 20 08:27:59 ip-172-31-69-27 kernel: [    0.764769] Key type big_key registered
Feb 20 08:27:59 ip-172-31-69-27 kernel: [    0.766922] Allocating IMA MOK and blacklist keyrings.
Feb 20 08:27:59 ip-172-31-69-27 kernel: [    0.769724] Key type asymmetric registered
Feb 20 08:27:59 ip-172-31-69-27 kernel: [    0.771946] Asymmetric key parser 'x509' registered
Feb 20 08:27:59 ip-172-31-69-27 kernel: [    0.774583] Block layer SCSI generic (bsg) driver version 0.4 loaded (major 249)
Feb 20 08:27:59 ip-172-31-69-27 kernel: [    0.778439] io scheduler noop registered
Feb 20 08:27:59 ip-172-31-69-27 kernel: [    0.780828] io scheduler deadline registered (default)
Feb 20 08:27:59 ip-172-31-69-27 kernel: [    0.783644] io scheduler cfq registered
Feb 20 08:27:59 ip-172-31-69-27 kernel: [    0.785928] pci_hotplug: PCI Hot Plug PCI Core version: 0.5
Feb 20 08:27:59 ip-172-31-69-27 kernel: [    0.788818] pciehp: PCI Express Hot Plug Controller Driver version: 0.4
Feb 20 08:27:59 ip-172-31-69-27 kernel: [    0.792112] intel_idle: does not run on family 6 model 63
Feb 20 08:27:59 ip-172-31-69-27 kernel: [    0.792180] input: Power Button as /devices/LNXSYSTM:00/LNXPWRBN:00/input/input0
Feb 20 08:27:59 ip-172-31-69-27 kernel: [    0.796125] ACPI: Power Button [PWRF]
Feb 20 08:27:59 ip-172-31-69-27 kernel: [    0.798352] input: Sleep Button as /devices/LNXSYSTM:00/LNXSLPBN:00/input/input1
Feb 20 08:27:59 ip-172-31-69-27 kernel: [    0.802211] ACPI: Sleep Button [SLPF]
Feb 20 08:27:59 ip-172-31-69-27 kernel: [    0.804793] xen: --> pirq=22 -> irq=28 (gsi=28)
Feb 20 08:27:59 ip-172-31-69-27 kernel: [    0.804878] xen:grant_table: Grant tables using version 1 layout
Feb 20 08:27:59 ip-172-31-69-27 kernel: [    0.807887] Grant table initialized
Feb 20 08:27:59 ip-172-31-69-27 kernel: [    0.810006] Cannot get hvm parameter CONSOLE_EVTCHN (18): -22!
Feb 20 08:27:59 ip-172-31-69-27 kernel: [    0.812978] Serial: 8250/16550 driver, 32 ports, IRQ sharing enabled
Feb 20 08:27:59 ip-172-31-69-27 kernel: [    0.841719] 00:06: ttyS0 at I/O 0x3f8 (irq = 4, base_baud = 115200) is a 16550A
Feb 20 08:27:59 ip-172-31-69-27 kernel: [    0.847413] Linux agpgart interface v0.103
Feb 20 08:27:59 ip-172-31-69-27 kernel: [    0.851497] brd: module loaded
Feb 20 08:27:59 ip-172-31-69-27 kernel: [    0.854242] loop: module loaded
Feb 20 08:27:59 ip-172-31-69-27 kernel: [    0.856167] Invalid max_queues (4), will use default max: 1.
Feb 20 08:27:59 ip-172-31-69-27 kernel: [    0.859948] ata_piix 0000:00:01.1: version 2.13
Feb 20 08:27:59 ip-172-31-69-27 kernel: [    0.860826] scsi host0: ata_piix
Feb 20 08:27:59 ip-172-31-69-27 kernel: [    0.863350] scsi host1: ata_piix
Feb 20 08:27:59 ip-172-31-69-27 kernel: [    0.865476] ata1: PATA max MWDMA2 cmd 0x1f0 ctl 0x3f6 bmdma 0xc100 irq 14
Feb 20 08:27:59 ip-172-31-69-27 kernel: [    0.869153] ata2: PATA max MWDMA2 cmd 0x170 ctl 0x376 bmdma 0xc108 irq 15
Feb 20 08:27:59 ip-172-31-69-27 kernel: [    0.874233] libphy: Fixed MDIO Bus: probed
Feb 20 08:27:59 ip-172-31-69-27 kernel: [    0.876671] tun: Universal TUN/TAP device driver, 1.6
Feb 20 08:27:59 ip-172-31-69-27 kernel: [    0.880598] tun: (C) 1999-2004 Max Krasnyansky <maxk@qualcomm.com>
Feb 20 08:27:59 ip-172-31-69-27 kernel: [    0.883796] PPP generic driver version 2.4.2
Feb 20 08:27:59 ip-172-31-69-27 kernel: [    0.886970] xen_netfront: Initialising Xen virtual ethernet driver
Feb 20 08:27:59 ip-172-31-69-27 kernel: [    0.892515] ehci_hcd: USB 2.0 'Enhanced' Host Controller (EHCI) Driver
Feb 20 08:27:59 ip-172-31-69-27 kernel: [    0.897553] ehci-pci: EHCI PCI platform driver
Feb 20 08:27:59 ip-172-31-69-27 kernel: [    0.901447] ehci-platform: EHCI generic platform driver
Feb 20 08:27:59 ip-172-31-69-27 kernel: [    0.904990] ohci_hcd: USB 1.1 'Open' Host Controller (OHCI) Driver
Feb 20 08:27:59 ip-172-31-69-27 kernel: [    0.908332] ohci-pci: OHCI PCI platform driver
Feb 20 08:27:59 ip-172-31-69-27 kernel: [    0.910936] ohci-platform: OHCI generic platform driver
Feb 20 08:27:59 ip-172-31-69-27 kernel: [    0.913942] uhci_hcd: USB Universal Host Controller Interface driver
Feb 20 08:27:59 ip-172-31-69-27 kernel: [    0.917770] i8042: PNP: PS/2 Controller [PNP0303:PS2K,PNP0f13:PS2M] at 0x60,0x64 irq 1,12
Feb 20 08:27:59 ip-172-31-69-27 kernel: [    0.924074] serio: i8042 KBD port at 0x60,0x64 irq 1
Feb 20 08:27:59 ip-172-31-69-27 kernel: [    0.926778] serio: i8042 AUX port at 0x60,0x64 irq 12
Feb 20 08:27:59 ip-172-31-69-27 kernel: [    0.929787] mousedev: PS/2 mouse device common for all mice
Feb 20 08:27:59 ip-172-31-69-27 kernel: [    0.933660] input: AT Translated Set 2 keyboard as /devices/platform/i8042/serio0/input/input2
Feb 20 08:27:59 ip-172-31-69-27 kernel: [    0.938432] rtc_cmos 00:02: rtc core: registered rtc_cmos as rtc0
Feb 20 08:27:59 ip-172-31-69-27 kernel: [    0.942368] rtc_cmos 00:02: alarms up to one day, 114 bytes nvram, hpet irqs
Feb 20 08:27:59 ip-172-31-69-27 kernel: [    0.961467] i2c /dev entries driver
Feb 20 08:27:59 ip-172-31-69-27 kernel: [    0.963791] device-mapper: uevent: version 1.0.3
Feb 20 08:27:59 ip-172-31-69-27 kernel: [    0.966545] device-mapper: ioctl: 4.34.0-ioctl (2015-10-28) initialised: dm-devel@redhat.com
Feb 20 08:27:59 ip-172-31-69-27 kernel: [    0.971389] NET: Registered protocol family 10
Feb 20 08:27:59 ip-172-31-69-27 kernel: [    0.974656] NET: Registered protocol family 17
Feb 20 08:27:59 ip-172-31-69-27 kernel: [    0.978282] Key type dns_resolver registered
Feb 20 08:27:59 ip-172-31-69-27 kernel: [    0.982384] registered taskstats version 1
Feb 20 08:27:59 ip-172-31-69-27 kernel: [    0.984789] Loading compiled-in X.509 certificates
Feb 20 08:27:59 ip-172-31-69-27 kernel: [    0.988366] Loaded X.509 cert 'Build time autogenerated kernel key: 3202f79a2fa321ecce3869d36458fe9267f31118'
Feb 20 08:27:59 ip-172-31-69-27 kernel: [    0.993471] blkfront: xvda: barrier or flush: disabled; persistent grants: disabled; indirect descriptors: enabled;
Feb 20 08:27:59 ip-172-31-69-27 kernel: [    0.998635] zswap: loaded using pool lzo/zbud
Feb 20 08:27:59 ip-172-31-69-27 kernel: [    1.004019]  xvda: xvda1
Feb 20 08:27:59 ip-172-31-69-27 kernel: [    1.005861] Key type trusted registered
Feb 20 08:27:59 ip-172-31-69-27 kernel: [    1.010977] Key type encrypted registered
Feb 20 08:27:59 ip-172-31-69-27 kernel: [    1.014499] AppArmor: AppArmor sha1 policy hashing enabled
Feb 20 08:27:59 ip-172-31-69-27 kernel: [    1.018033] ima: No TPM chip found, activating TPM-bypass!
Feb 20 08:27:59 ip-172-31-69-27 kernel: [    1.021287] evm: HMAC attrs: 0x1
Feb 20 08:27:59 ip-172-31-69-27 kernel: [    1.023630]   Magic number: 6:675:481
Feb 20 08:27:59 ip-172-31-69-27 kernel: [    1.025875] ata_device dev1.0: hash matches
Feb 20 08:27:59 ip-172-31-69-27 kernel: [    1.028196]  dev1.0: hash matches
Feb 20 08:27:59 ip-172-31-69-27 kernel: [    1.031263] rtc_cmos 00:02: setting system clock to 2018-02-20 12:27:52 UTC (1519129672)
Feb 20 08:27:59 ip-172-31-69-27 kernel: [    1.035460] BIOS EDD facility v0.16 2004-Jun-25, 0 devices found
Feb 20 08:27:59 ip-172-31-69-27 kernel: [    1.038567] EDD information not available.
Feb 20 08:27:59 ip-172-31-69-27 kernel: [    1.041120] PM: Hibernation image not present or could not be loaded.
Feb 20 08:27:59 ip-172-31-69-27 kernel: [    1.042708] Freeing unused kernel memory: 1484K
Feb 20 08:27:59 ip-172-31-69-27 kernel: [    1.045287] Write protecting the kernel read-only data: 14336k
Feb 20 08:27:59 ip-172-31-69-27 kernel: [    1.048891] Freeing unused kernel memory: 1908K
Feb 20 08:27:59 ip-172-31-69-27 kernel: [    1.051789] Freeing unused kernel memory: 224K
Feb 20 08:27:59 ip-172-31-69-27 kernel: [    1.065680] random: udevadm: uninitialized urandom read (16 bytes read, 8 bits of entropy available)
Feb 20 08:27:59 ip-172-31-69-27 kernel: [    1.070760] random: systemd-udevd: uninitialized urandom read (16 bytes read, 8 bits of entropy available)
Feb 20 08:27:59 ip-172-31-69-27 kernel: [    1.075758] random: systemd-udevd: uninitialized urandom read (16 bytes read, 8 bits of entropy available)
Feb 20 08:27:59 ip-172-31-69-27 kernel: [    1.080768] random: udevadm: uninitialized urandom read (16 bytes read, 8 bits of entropy available)
Feb 20 08:27:59 ip-172-31-69-27 kernel: [    1.085473] random: systemd-udevd: uninitialized urandom read (16 bytes read, 8 bits of entropy available)
Feb 20 08:27:59 ip-172-31-69-27 kernel: [    1.095681] random: systemd-udevd: uninitialized urandom read (16 bytes read, 8 bits of entropy available)
Feb 20 08:27:59 ip-172-31-69-27 kernel: [    1.101755] random: udevadm: uninitialized urandom read (16 bytes read, 8 bits of entropy available)
Feb 20 08:27:59 ip-172-31-69-27 kernel: [    1.107394] random: systemd-udevd: uninitialized urandom read (16 bytes read, 8 bits of entropy available)
Feb 20 08:27:59 ip-172-31-69-27 kernel: [    1.112323] random: udevadm: uninitialized urandom read (16 bytes read, 8 bits of entropy available)
Feb 20 08:27:59 ip-172-31-69-27 kernel: [    1.116962] random: systemd-udevd: uninitialized urandom read (16 bytes read, 8 bits of entropy available)
Feb 20 08:27:59 ip-172-31-69-27 kernel: [    1.239335] AVX2 version of gcm_enc/dec engaged.
Feb 20 08:27:59 ip-172-31-69-27 kernel: [    1.241890] AES CTR mode by8 optimization enabled
Feb 20 08:27:59 ip-172-31-69-27 kernel: [    1.732125] tsc: Refined TSC clocksource calibration: 2399.997 MHz
Feb 20 08:27:59 ip-172-31-69-27 kernel: [    1.735366] clocksource: tsc: mask: 0xffffffffffffffff max_cycles: 0x229834d6ac9, max_idle_ns: 440795285103 ns
Feb 20 08:27:59 ip-172-31-69-27 kernel: [    2.724916] md: linear personality registered for level -1
Feb 20 08:27:59 ip-172-31-69-27 kernel: [    2.730819] md: multipath personality registered for level -4
Feb 20 08:27:59 ip-172-31-69-27 kernel: [    2.736795] md: raid0 personality registered for level 0
Feb 20 08:27:59 ip-172-31-69-27 kernel: [    2.742986] md: raid1 personality registered for level 1
Feb 20 08:27:59 ip-172-31-69-27 kernel: [    2.796062] raid6: sse2x1   gen()  8184 MB/s
Feb 20 08:27:59 ip-172-31-69-27 kernel: [    2.844065] raid6: sse2x1   xor()  6433 MB/s
Feb 20 08:27:59 ip-172-31-69-27 kernel: [    2.892063] raid6: sse2x2   gen() 10472 MB/s
Feb 20 08:27:59 ip-172-31-69-27 kernel: [    2.940059] raid6: sse2x2   xor()  6960 MB/s
Feb 20 08:27:59 ip-172-31-69-27 kernel: [    2.988066] raid6: sse2x4   gen() 12111 MB/s
Feb 20 08:27:59 ip-172-31-69-27 kernel: [    3.036062] raid6: sse2x4   xor()  8556 MB/s
Feb 20 08:27:59 ip-172-31-69-27 kernel: [    3.088061] raid6: avx2x1   gen() 16135 MB/s
Feb 20 08:27:59 ip-172-31-69-27 kernel: [    3.140064] raid6: avx2x2   gen() 18560 MB/s
Feb 20 08:27:59 ip-172-31-69-27 kernel: [    3.188061] raid6: avx2x4   gen() 21828 MB/s
Feb 20 08:27:59 ip-172-31-69-27 kernel: [    3.191982] raid6: using algorithm avx2x4 gen() 21828 MB/s
Feb 20 08:27:59 ip-172-31-69-27 kernel: [    3.196713] raid6: using avx2x2 recovery algorithm
Feb 20 08:27:59 ip-172-31-69-27 kernel: [    3.203178] xor: automatically using best checksumming function:
Feb 20 08:27:59 ip-172-31-69-27 kernel: [    3.248071]    avx       : 26198.000 MB/sec
Feb 20 08:27:59 ip-172-31-69-27 kernel: [    3.253252] async_tx: api initialized (async)
Feb 20 08:27:59 ip-172-31-69-27 kernel: [    3.268758] md: raid6 personality registered for level 6
Feb 20 08:27:59 ip-172-31-69-27 kernel: [    3.272943] md: raid5 personality registered for level 5
Feb 20 08:27:59 ip-172-31-69-27 kernel: [    3.276947] md: raid4 personality registered for level 4
Feb 20 08:27:59 ip-172-31-69-27 kernel: [    3.286480] md: raid10 personality registered for level 10
Feb 20 08:27:59 ip-172-31-69-27 kernel: [    3.330063] Btrfs loaded
Feb 20 08:27:59 ip-172-31-69-27 kernel: [    3.371862] EXT4-fs (xvda1): mounted filesystem with ordered data mode. Opts: (null)
Feb 20 08:27:59 ip-172-31-69-27 kernel: [    4.008075] Loading iSCSI transport class v2.0-870.
Feb 20 08:27:59 ip-172-31-69-27 kernel: [    4.032320] iscsi: registered transport (tcp)
Feb 20 08:27:59 ip-172-31-69-27 kernel: [    4.119319] iscsi: registered transport (iser)
Feb 20 08:27:59 ip-172-31-69-27 kernel: [    4.140927] EXT4-fs (xvda1): re-mounted. Opts: discard
Feb 20 08:27:59 ip-172-31-69-27 kernel: [    5.117639] audit: type=1400 audit(1519129676.584:2): apparmor="STATUS" operation="profile_load" profile="unconfined" name="lxc-container-default" pid=591 comm="apparmor_parser"
Feb 20 08:27:59 ip-172-31-69-27 kernel: [    5.117644] audit: type=1400 audit(1519129676.584:3): apparmor="STATUS" operation="profile_load" profile="unconfined" name="lxc-container-default-cgns" pid=591 comm="apparmor_parser"
Feb 20 08:27:59 ip-172-31-69-27 kernel: [    5.117647] audit: type=1400 audit(1519129676.584:4): apparmor="STATUS" operation="profile_load" profile="unconfined" name="lxc-container-default-with-mounting" pid=591 comm="apparmor_parser"
Feb 20 08:27:59 ip-172-31-69-27 kernel: [    5.117650] audit: type=1400 audit(1519129676.584:5): apparmor="STATUS" operation="profile_load" profile="unconfined" name="lxc-container-default-with-nesting" pid=591 comm="apparmor_parser"
Feb 20 08:27:59 ip-172-31-69-27 kernel: [    5.130053] audit: type=1400 audit(1519129676.596:6): apparmor="STATUS" operation="profile_load" profile="unconfined" name="/sbin/dhclient" pid=594 comm="apparmor_parser"
Feb 20 08:27:59 ip-172-31-69-27 kernel: [    5.130058] audit: type=1400 audit(1519129676.596:7): apparmor="STATUS" operation="profile_load" profile="unconfined" name="/usr/lib/NetworkManager/nm-dhcp-client.action" pid=594 comm="apparmor_parser"
Feb 20 08:27:59 ip-172-31-69-27 kernel: [    5.130061] audit: type=1400 audit(1519129676.596:8): apparmor="STATUS" operation="profile_load" profile="unconfined" name="/usr/lib/NetworkManager/nm-dhcp-helper" pid=594 comm="apparmor_parser"
Feb 20 08:27:59 ip-172-31-69-27 kernel: [    5.130064] audit: type=1400 audit(1519129676.596:9): apparmor="STATUS" operation="profile_load" profile="unconfined" name="/usr/lib/connman/scripts/dhclient-script" pid=594 comm="apparmor_parser"
Feb 20 08:27:59 ip-172-31-69-27 kernel: [    5.133038] audit: type=1400 audit(1519129676.600:10): apparmor="STATUS" operation="profile_load" profile="unconfined" name="/usr/bin/lxc-start" pid=595 comm="apparmor_parser"
Feb 20 08:27:59 ip-172-31-69-27 kernel: [    6.256213] ppdev: user-space parallel port driver
Feb 20 08:27:59 ip-172-31-69-27 kernel: [    7.952217] random: nonblocking pool is initialized
Feb 20 08:27:59 ip-172-31-69-27 systemd[1]: Starting Login Service...
Feb 20 08:27:59 ip-172-31-69-27 systemd[1]: Starting Apply the settings specified in cloud-config...
Feb 20 08:27:59 ip-172-31-69-27 systemd[1]: Starting LXD - container startup/shutdown...
Feb 20 08:27:59 ip-172-31-69-27 systemd[1]: Started Unattended Upgrades Shutdown.
Feb 20 08:27:59 ip-172-31-69-27 systemd[1]: Started FUSE filesystem for LXC.
Feb 20 08:27:59 ip-172-31-69-27 systemd[1]: Started D-Bus System Message Bus.
Feb 20 08:27:59 ip-172-31-69-27 lxcfs[1149]: hierarchies:
Feb 20 08:27:59 ip-172-31-69-27 lxcfs[1149]:   0: fd:   5: net_cls,net_prio
Feb 20 08:27:59 ip-172-31-69-27 lxcfs[1149]:   1: fd:   6: cpuset
Feb 20 08:27:59 ip-172-31-69-27 lxcfs[1149]:   2: fd:   7: memory
Feb 20 08:27:59 ip-172-31-69-27 lxcfs[1149]:   3: fd:   8: freezer
Feb 20 08:27:59 ip-172-31-69-27 lxcfs[1149]:   4: fd:   9: perf_event
Feb 20 08:27:59 ip-172-31-69-27 lxcfs[1149]:   5: fd:  10: blkio
Feb 20 08:27:59 ip-172-31-69-27 lxcfs[1149]:   6: fd:  11: pids
Feb 20 08:27:59 ip-172-31-69-27 lxcfs[1149]:   7: fd:  12: devices
Feb 20 08:27:59 ip-172-31-69-27 lxcfs[1149]:   8: fd:  13: hugetlb
Feb 20 08:27:59 ip-172-31-69-27 lxcfs[1149]:   9: fd:  14: cpu,cpuacct
Feb 20 08:27:59 ip-172-31-69-27 lxcfs[1149]:  10: fd:  15: name=systemd
Feb 20 08:27:59 ip-172-31-69-27 kernel: [    8.252770] cgroup: new mount options do not match the existing superblock, will be ignored
Feb 20 08:27:59 ip-172-31-69-27 dbus[1151]: [system] AppArmor D-Bus mediation is enabled
Feb 20 08:27:59 ip-172-31-69-27 systemd[1]: Started Deferred execution scheduler.
Feb 20 08:27:59 ip-172-31-69-27 systemd[1]: Starting LSB: MD monitoring daemon...
Feb 20 08:27:59 ip-172-31-69-27 systemd[1]: Starting /etc/rc.local Compatibility...
Feb 20 08:27:59 ip-172-31-69-27 systemd[1]: Starting OpenBSD Secure Shell server...
Feb 20 08:27:59 ip-172-31-69-27 systemd[1]: Started System Logging Service.
Feb 20 08:27:59 ip-172-31-69-27 systemd[1]: Started /etc/rc.local Compatibility.
Feb 20 08:27:59 ip-172-31-69-27 dbus[1151]: [system] Activating via systemd: service name='org.freedesktop.PolicyKit1' unit='polkitd.service'
Feb 20 08:27:59 ip-172-31-69-27 sensors[1180]: No sensors found!
Feb 20 08:27:59 ip-172-31-69-27 sensors[1180]: Make sure you loaded all the kernel drivers you need.
Feb 20 08:27:59 ip-172-31-69-27 sensors[1180]: Try sensors-detect to find out which these are.
Feb 20 08:27:59 ip-172-31-69-27 systemd[1]: Started Initialize hardware monitoring sensors.
Feb 20 08:27:59 ip-172-31-69-27 iscsiadm[1185]: iscsiadm: No records found
Feb 20 08:27:59 ip-172-31-69-27 systemd[1]: Started OpenBSD Secure Shell server.
Feb 20 08:27:59 ip-172-31-69-27 systemd[1]: Started Login to default iSCSI targets.
Feb 20 08:27:59 ip-172-31-69-27 systemd[1]: Started LSB: Record successful boot for GRUB.
Feb 20 08:27:59 ip-172-31-69-27 snapd[1134]: AppArmor status: apparmor is enabled and all features are available
Feb 20 08:27:59 ip-172-31-69-27 snapd[1134]: 2018/02/20 08:27:59.949976 daemon.go:306: started snapd/2.29.4.2 (series 16; classic) ubuntu/16.04 (amd64) linux/4.4.0-1049-aws.
Feb 20 08:27:59 ip-172-31-69-27 systemd[1]: Started Snappy daemon.
Feb 20 08:27:59 ip-172-31-69-27 systemd[1]: Started LXD - container startup/shutdown.
Feb 20 08:27:59 ip-172-31-69-27 mdadm[1164]:  * Starting MD monitoring service mdadm --monitor
Feb 20 08:28:00 ip-172-31-69-27 mdadm[1164]:    ...done.
Feb 20 08:28:00 ip-172-31-69-27 systemd[1]: Started LSB: MD monitoring daemon.
Feb 20 08:28:00 ip-172-31-69-27 systemd[1]: Started Login Service.
Feb 20 08:28:00 ip-172-31-69-27 systemd[1]: Starting Authenticate and Authorize Users to Run Privileged Tasks...
Feb 20 08:28:00 ip-172-31-69-27 systemd[1]: Reached target Remote File Systems (Pre).
Feb 20 08:28:00 ip-172-31-69-27 systemd[1]: Reached target Remote File Systems.
Feb 20 08:28:00 ip-172-31-69-27 systemd[1]: Starting LSB: automatic crash report generation...
Feb 20 08:28:00 ip-172-31-69-27 polkitd[1204]: started daemon version 0.105 using authority implementation `local' version `0.105'
Feb 20 08:28:00 ip-172-31-69-27 systemd[1]: Starting LSB: Set the CPU Frequency Scaling governor to "ondemand"...
Feb 20 08:28:00 ip-172-31-69-27 dbus[1151]: [system] Successfully activated service 'org.freedesktop.PolicyKit1'
Feb 20 08:28:00 ip-172-31-69-27 accounts-daemon[1130]: started daemon version 0.6.40
Feb 20 08:28:00 ip-172-31-69-27 systemd[1]: Starting LSB: disk temperature monitoring daemon...
Feb 20 08:28:00 ip-172-31-69-27 systemd[1]: Starting Permit User Sessions...
Feb 20 08:28:00 ip-172-31-69-27 systemd[1]: Starting LSB: daemon to balance interrupts for SMP systems...
Feb 20 08:28:00 ip-172-31-69-27 systemd[1]: Started Permit User Sessions.
Feb 20 08:28:00 ip-172-31-69-27 systemd[1]: Started Authenticate and Authorize Users to Run Privileged Tasks.
Feb 20 08:28:00 ip-172-31-69-27 systemd[1]: Started Accounts Service.
Feb 20 08:28:00 ip-172-31-69-27 apport[1210]:  * Starting automatic crash report generation: apport
Feb 20 08:28:00 ip-172-31-69-27 systemd[1]: Started LSB: Set the CPU Frequency Scaling governor to "ondemand".
Feb 20 08:28:00 ip-172-31-69-27 systemd[1]: Started LSB: disk temperature monitoring daemon.
Feb 20 08:28:00 ip-172-31-69-27 apport[1210]:    ...done.
Feb 20 08:28:00 ip-172-31-69-27 systemd[1]: Started LSB: automatic crash report generation.
Feb 20 08:28:00 ip-172-31-69-27 systemd[1]: Starting Terminate Plymouth Boot Screen...
Feb 20 08:28:00 ip-172-31-69-27 irqbalance[1229]:  * Starting SMP IRQ Balancer: irqbalance
Feb 20 08:28:00 ip-172-31-69-27 systemd[1]: Starting Hold until boot process finishes up...
Feb 20 08:28:00 ip-172-31-69-27 systemd[1]: Started Hold until boot process finishes up.
Feb 20 08:28:00 ip-172-31-69-27 /usr/sbin/irqbalance: Balancing is ineffective on systems with a single cpu.  Shutting down
Feb 20 08:28:00 ip-172-31-69-27 irqbalance[1229]:    ...done.
Feb 20 08:28:00 ip-172-31-69-27 systemd[1]: Started LSB: daemon to balance interrupts for SMP systems.
Feb 20 08:28:00 ip-172-31-69-27 systemd[1]: Started Terminate Plymouth Boot Screen.
Feb 20 08:28:00 ip-172-31-69-27 systemd[1]: Started Getty on tty1.
Feb 20 08:28:00 ip-172-31-69-27 systemd[1]: Starting Set console scheme...
Feb 20 08:28:00 ip-172-31-69-27 systemd[1]: Started Serial Getty on ttyS0.
Feb 20 08:28:00 ip-172-31-69-27 systemd[1]: Reached target Login Prompts.
Feb 20 08:28:00 ip-172-31-69-27 systemd[1]: Reached target Multi-User System.
Feb 20 08:28:00 ip-172-31-69-27 systemd[1]: Reached target Graphical Interface.
Feb 20 08:28:00 ip-172-31-69-27 systemd[1]: Starting Update UTMP about System Runlevel Changes...
Feb 20 08:28:00 ip-172-31-69-27 systemd[1]: Started Set console scheme.
Feb 20 08:28:00 ip-172-31-69-27 systemd[1]: Started Update UTMP about System Runlevel Changes.
Feb 20 08:28:00 ip-172-31-69-27 cloud-init[1142]: Cloud-init v. 17.1 running 'modules:config' at Tue, 20 Feb 2018 12:28:00 +0000. Up 9.00 seconds.
Feb 20 08:28:00 ip-172-31-69-27 systemd[1]: Started Apply the settings specified in cloud-config.
Feb 20 08:28:00 ip-172-31-69-27 systemd[1]: Starting Execute cloud user/final scripts...
Feb 20 08:28:00 ip-172-31-69-27 cloud-init[1285]: Cloud-init v. 17.1 running 'modules:final' at Tue, 20 Feb 2018 12:28:00 +0000. Up 9.40 seconds.
Feb 20 08:28:01 ip-172-31-69-27 cloud-init[1285]: Cloud-init v. 17.1 finished at Tue, 20 Feb 2018 12:28:00 +0000. Datasource DataSourceEc2Local.  Up 9.52 seconds
Feb 20 08:28:01 ip-172-31-69-27 systemd[1]: Started Execute cloud user/final scripts.
Feb 20 08:28:01 ip-172-31-69-27 systemd[1]: Reached target Cloud-init target.
Feb 20 08:28:01 ip-172-31-69-27 systemd[1]: Startup finished in 3.486s (kernel) + 6.138s (userspace) = 9.624s.
Feb 20 08:28:27 ip-172-31-69-27 systemd[1]: Time has been changed
Feb 20 08:28:27 ip-172-31-69-27 systemd-timesyncd[527]: Synchronized to time server 91.189.94.4:123 (ntp.ubuntu.com).
Feb 20 08:36:16 ip-172-31-69-27 systemd[1]: Created slice User Slice of ubuntu.
Feb 20 08:36:16 ip-172-31-69-27 systemd[1]: Starting User Manager for UID 1000...
Feb 20 08:36:16 ip-172-31-69-27 systemd[1]: Started Session 1 of user ubuntu.
Feb 20 08:36:16 ip-172-31-69-27 systemd[1304]: Reached target Paths.
Feb 20 08:36:16 ip-172-31-69-27 systemd[1304]: Reached target Timers.
Feb 20 08:36:16 ip-172-31-69-27 systemd[1304]: Reached target Sockets.
Feb 20 08:36:16 ip-172-31-69-27 systemd[1304]: Reached target Basic System.
Feb 20 08:36:16 ip-172-31-69-27 systemd[1304]: Reached target Default.
Feb 20 08:36:16 ip-172-31-69-27 systemd[1304]: Startup finished in 20ms.
Feb 20 08:36:16 ip-172-31-69-27 systemd[1]: Started User Manager for UID 1000.
Feb 20 08:36:34 ip-172-31-69-27 kernel: [  522.222803] Netfilter messages via NETLINK v0.30.
Feb 20 08:36:34 ip-172-31-69-27 kernel: [  522.229697] device eth0 entered promiscuous mode
Feb 20 08:43:31 ip-172-31-69-27 systemd[1]: Starting Cleanup of Temporary Directories...
Feb 20 08:43:31 ip-172-31-69-27 systemd-tmpfiles[1419]: [/usr/lib/tmpfiles.d/var.conf:14] Duplicate line for path "/var/log", ignoring.
Feb 20 08:43:31 ip-172-31-69-27 systemd[1]: Started Cleanup of Temporary Directories.
Feb 20 08:56:28 ip-172-31-69-27 dhclient[927]: DHCPREQUEST of 172.31.69.27 on eth0 to 172.31.69.1 port 67 (xid=0x68bf0e21)
Feb 20 08:56:28 ip-172-31-69-27 dhclient[927]: DHCPACK of 172.31.69.27 from 172.31.69.1
Feb 20 08:56:28 ip-172-31-69-27 dhclient[927]: bound to 172.31.69.27 -- renewal in 1531 seconds.
Feb 20 09:17:01 ip-172-31-69-27 CRON[1450]: (root) CMD (   cd / && run-parts --report /etc/cron.hourly)
Feb 20 09:22:00 ip-172-31-69-27 dhclient[927]: DHCPREQUEST of 172.31.69.27 on eth0 to 172.31.69.1 port 67 (xid=0x68bf0e21)
Feb 20 09:22:00 ip-172-31-69-27 dhclient[927]: DHCPACK of 172.31.69.27 from 172.31.69.1
Feb 20 09:22:00 ip-172-31-69-27 dhclient[927]: bound to 172.31.69.27 -- renewal in 1658 seconds.
Feb 20 09:49:38 ip-172-31-69-27 dhclient[927]: DHCPREQUEST of 172.31.69.27 on eth0 to 172.31.69.1 port 67 (xid=0x68bf0e21)
Feb 20 09:49:38 ip-172-31-69-27 dhclient[927]: DHCPACK of 172.31.69.27 from 172.31.69.1
Feb 20 09:49:38 ip-172-31-69-27 dhclient[927]: bound to 172.31.69.27 -- renewal in 1586 seconds.
Feb 20 10:16:04 ip-172-31-69-27 dhclient[927]: DHCPREQUEST of 172.31.69.27 on eth0 to 172.31.69.1 port 67 (xid=0x68bf0e21)
Feb 20 10:16:04 ip-172-31-69-27 dhclient[927]: DHCPACK of 172.31.69.27 from 172.31.69.1
Feb 20 10:16:04 ip-172-31-69-27 dhclient[927]: bound to 172.31.69.27 -- renewal in 1751 seconds.
Feb 20 10:17:01 ip-172-31-69-27 CRON[1519]: (root) CMD (   cd / && run-parts --report /etc/cron.hourly)
Feb 20 10:45:15 ip-172-31-69-27 dhclient[927]: DHCPREQUEST of 172.31.69.27 on eth0 to 172.31.69.1 port 67 (xid=0x68bf0e21)
Feb 20 10:45:15 ip-172-31-69-27 dhclient[927]: DHCPACK of 172.31.69.27 from 172.31.69.1
Feb 20 10:45:15 ip-172-31-69-27 dhclient[927]: bound to 172.31.69.27 -- renewal in 1726 seconds.
Feb 20 11:14:01 ip-172-31-69-27 dhclient[927]: DHCPREQUEST of 172.31.69.27 on eth0 to 172.31.69.1 port 67 (xid=0x68bf0e21)
Feb 20 11:14:01 ip-172-31-69-27 dhclient[927]: DHCPACK of 172.31.69.27 from 172.31.69.1
Feb 20 11:14:01 ip-172-31-69-27 dhclient[927]: bound to 172.31.69.27 -- renewal in 1424 seconds.
Feb 20 11:17:01 ip-172-31-69-27 CRON[1562]: (root) CMD (   cd / && run-parts --report /etc/cron.hourly)
Feb 20 11:37:45 ip-172-31-69-27 dhclient[927]: DHCPREQUEST of 172.31.69.27 on eth0 to 172.31.69.1 port 67 (xid=0x68bf0e21)
Feb 20 11:37:45 ip-172-31-69-27 dhclient[927]: DHCPACK of 172.31.69.27 from 172.31.69.1
Feb 20 11:37:45 ip-172-31-69-27 dhclient[927]: bound to 172.31.69.27 -- renewal in 1514 seconds.
Feb 20 12:02:59 ip-172-31-69-27 dhclient[927]: DHCPREQUEST of 172.31.69.27 on eth0 to 172.31.69.1 port 67 (xid=0x68bf0e21)
Feb 20 12:02:59 ip-172-31-69-27 dhclient[927]: DHCPACK of 172.31.69.27 from 172.31.69.1
Feb 20 12:02:59 ip-172-31-69-27 dhclient[927]: bound to 172.31.69.27 -- renewal in 1643 seconds.
Feb 20 12:17:01 ip-172-31-69-27 CRON[1601]: (root) CMD (   cd / && run-parts --report /etc/cron.hourly)
Feb 20 12:30:22 ip-172-31-69-27 dhclient[927]: DHCPREQUEST of 172.31.69.27 on eth0 to 172.31.69.1 port 67 (xid=0x68bf0e21)
Feb 20 12:30:22 ip-172-31-69-27 dhclient[927]: DHCPACK of 172.31.69.27 from 172.31.69.1
Feb 20 12:30:22 ip-172-31-69-27 dhclient[927]: bound to 172.31.69.27 -- renewal in 1737 seconds.
Feb 20 12:59:19 ip-172-31-69-27 dhclient[927]: DHCPREQUEST of 172.31.69.27 on eth0 to 172.31.69.1 port 67 (xid=0x68bf0e21)
Feb 20 12:59:19 ip-172-31-69-27 dhclient[927]: DHCPACK of 172.31.69.27 from 172.31.69.1
Feb 20 12:59:19 ip-172-31-69-27 dhclient[927]: bound to 172.31.69.27 -- renewal in 1583 seconds.
Feb 20 13:17:01 ip-172-31-69-27 CRON[1640]: (root) CMD (   cd / && run-parts --report /etc/cron.hourly)
Feb 20 13:25:42 ip-172-31-69-27 dhclient[927]: DHCPREQUEST of 172.31.69.27 on eth0 to 172.31.69.1 port 67 (xid=0x68bf0e21)
Feb 20 13:25:42 ip-172-31-69-27 dhclient[927]: DHCPACK of 172.31.69.27 from 172.31.69.1
Feb 20 13:25:42 ip-172-31-69-27 dhclient[927]: bound to 172.31.69.27 -- renewal in 1624 seconds.
Feb 20 13:47:01 ip-172-31-69-27 CRON[1663]: (root) CMD (nohup tcpdump > /home/ubuntu/capture/dump$(hostname -I) &  )
Feb 20 13:52:46 ip-172-31-69-27 dhclient[927]: DHCPREQUEST of 172.31.69.27 on eth0 to 172.31.69.1 port 67 (xid=0x68bf0e21)
Feb 20 13:52:46 ip-172-31-69-27 dhclient[927]: DHCPACK of 172.31.69.27 from 172.31.69.1
Feb 20 13:52:46 ip-172-31-69-27 dhclient[927]: bound to 172.31.69.27 -- renewal in 1476 seconds.
Feb 20 14:17:01 ip-172-31-69-27 CRON[1696]: (root) CMD (   cd / && run-parts --report /etc/cron.hourly)
Feb 20 14:17:22 ip-172-31-69-27 dhclient[927]: DHCPREQUEST of 172.31.69.27 on eth0 to 172.31.69.1 port 67 (xid=0x68bf0e21)
Feb 20 14:17:22 ip-172-31-69-27 dhclient[927]: DHCPACK of 172.31.69.27 from 172.31.69.1
Feb 20 14:17:22 ip-172-31-69-27 dhclient[927]: bound to 172.31.69.27 -- renewal in 1700 seconds.
Feb 20 14:45:42 ip-172-31-69-27 dhclient[927]: DHCPREQUEST of 172.31.69.27 on eth0 to 172.31.69.1 port 67 (xid=0x68bf0e21)
Feb 20 14:45:42 ip-172-31-69-27 dhclient[927]: DHCPACK of 172.31.69.27 from 172.31.69.1
Feb 20 14:45:42 ip-172-31-69-27 dhclient[927]: bound to 172.31.69.27 -- renewal in 1669 seconds.
Feb 20 15:13:31 ip-172-31-69-27 dhclient[927]: DHCPREQUEST of 172.31.69.27 on eth0 to 172.31.69.1 port 67 (xid=0x68bf0e21)
Feb 20 15:13:31 ip-172-31-69-27 dhclient[927]: DHCPACK of 172.31.69.27 from 172.31.69.1
Feb 20 15:13:31 ip-172-31-69-27 dhclient[927]: bound to 172.31.69.27 -- renewal in 1740 seconds.
Feb 20 15:17:01 ip-172-31-69-27 CRON[1743]: (root) CMD (   cd / && run-parts --report /etc/cron.hourly)
Feb 20 15:42:31 ip-172-31-69-27 dhclient[927]: DHCPREQUEST of 172.31.69.27 on eth0 to 172.31.69.1 port 67 (xid=0x68bf0e21)
Feb 20 15:42:31 ip-172-31-69-27 dhclient[927]: DHCPACK of 172.31.69.27 from 172.31.69.1
Feb 20 15:42:31 ip-172-31-69-27 dhclient[927]: bound to 172.31.69.27 -- renewal in 1480 seconds.
Feb 20 16:07:11 ip-172-31-69-27 dhclient[927]: DHCPREQUEST of 172.31.69.27 on eth0 to 172.31.69.1 port 67 (xid=0x68bf0e21)
Feb 20 16:07:11 ip-172-31-69-27 dhclient[927]: DHCPACK of 172.31.69.27 from 172.31.69.1
Feb 20 16:07:11 ip-172-31-69-27 dhclient[927]: bound to 172.31.69.27 -- renewal in 1602 seconds.
Feb 20 16:17:01 ip-172-31-69-27 CRON[1782]: (root) CMD (   cd / && run-parts --report /etc/cron.hourly)
Feb 20 16:33:53 ip-172-31-69-27 dhclient[927]: DHCPREQUEST of 172.31.69.27 on eth0 to 172.31.69.1 port 67 (xid=0x68bf0e21)
Feb 20 16:33:53 ip-172-31-69-27 dhclient[927]: DHCPACK of 172.31.69.27 from 172.31.69.1
Feb 20 16:33:53 ip-172-31-69-27 dhclient[927]: bound to 172.31.69.27 -- renewal in 1441 seconds.
Feb 20 16:57:55 ip-172-31-69-27 dhclient[927]: DHCPREQUEST of 172.31.69.27 on eth0 to 172.31.69.1 port 67 (xid=0x68bf0e21)
Feb 20 16:57:55 ip-172-31-69-27 dhclient[927]: DHCPACK of 172.31.69.27 from 172.31.69.1
Feb 20 16:57:55 ip-172-31-69-27 dhclient[927]: bound to 172.31.69.27 -- renewal in 1394 seconds.
Feb 20 17:17:01 ip-172-31-69-27 CRON[1833]: (root) CMD (   cd / && run-parts --report /etc/cron.hourly)
Feb 20 17:21:09 ip-172-31-69-27 dhclient[927]: DHCPREQUEST of 172.31.69.27 on eth0 to 172.31.69.1 port 67 (xid=0x68bf0e21)
Feb 20 17:21:09 ip-172-31-69-27 dhclient[927]: DHCPACK of 172.31.69.27 from 172.31.69.1
Feb 20 17:21:09 ip-172-31-69-27 dhclient[927]: bound to 172.31.69.27 -- renewal in 1397 seconds.
Feb 20 17:25:31 ip-172-31-69-27 systemd[1]: Starting Daily apt download activities...
Feb 20 17:25:31 ip-172-31-69-27 systemd[1]: Started Daily apt download activities.
Feb 20 06:27:07 ip-172-31-69-18 dhclient[911]: DHCPREQUEST of 172.31.69.18 on eth0 to 172.31.69.1 port 67 (xid=0x7d4be25d)
Feb 20 06:27:07 ip-172-31-69-18 dhclient[911]: DHCPACK of 172.31.69.18 from 172.31.69.1
Feb 20 06:27:07 ip-172-31-69-18 dhclient[911]: bound to 172.31.69.18 -- renewal in 1352 seconds.
Feb 20 06:49:39 ip-172-31-69-18 dhclient[911]: DHCPREQUEST of 172.31.69.18 on eth0 to 172.31.69.1 port 67 (xid=0x7d4be25d)
Feb 20 06:49:39 ip-172-31-69-18 dhclient[911]: DHCPACK of 172.31.69.18 from 172.31.69.1
Feb 20 06:49:39 ip-172-31-69-18 dhclient[911]: bound to 172.31.69.18 -- renewal in 1687 seconds.
Feb 20 06:50:15 ip-172-31-69-18 systemd[1]: Starting Daily apt upgrade and clean activities...
Feb 20 06:50:17 ip-172-31-69-18 systemd[1]: Started Daily apt upgrade and clean activities.
Feb 20 07:17:01 ip-172-31-69-18 CRON[3819]: (root) CMD (   cd / && run-parts --report /etc/cron.hourly)
Feb 20 07:17:46 ip-172-31-69-18 dhclient[911]: DHCPREQUEST of 172.31.69.18 on eth0 to 172.31.69.1 port 67 (xid=0x7d4be25d)
Feb 20 07:17:46 ip-172-31-69-18 dhclient[911]: DHCPACK of 172.31.69.18 from 172.31.69.1
Feb 20 07:17:46 ip-172-31-69-18 dhclient[911]: bound to 172.31.69.18 -- renewal in 1554 seconds.
Feb 20 07:43:40 ip-172-31-69-18 dhclient[911]: DHCPREQUEST of 172.31.69.18 on eth0 to 172.31.69.1 port 67 (xid=0x7d4be25d)
Feb 20 07:43:40 ip-172-31-69-18 dhclient[911]: DHCPACK of 172.31.69.18 from 172.31.69.1
Feb 20 07:43:40 ip-172-31-69-18 dhclient[911]: bound to 172.31.69.18 -- renewal in 1552 seconds.
Feb 20 08:09:32 ip-172-31-69-18 dhclient[911]: DHCPREQUEST of 172.31.69.18 on eth0 to 172.31.69.1 port 67 (xid=0x7d4be25d)
Feb 20 08:09:32 ip-172-31-69-18 dhclient[911]: DHCPACK of 172.31.69.18 from 172.31.69.1
Feb 20 08:09:32 ip-172-31-69-18 dhclient[911]: bound to 172.31.69.18 -- renewal in 1586 seconds.
Feb 20 08:17:01 ip-172-31-69-18 CRON[3924]: (root) CMD (   cd / && run-parts --report /etc/cron.hourly)
Feb 20 08:27:45 ip-172-31-69-18 systemd[1]: Received SIGINT.
Feb 20 08:27:45 ip-172-31-69-18 systemd[1]: Stopped target Graphical Interface.
Feb 20 08:27:45 ip-172-31-69-18 systemd[1]: Stopped target Timers.
Feb 20 08:27:45 ip-172-31-69-18 systemd[1]: Stopped Timer to automatically refresh installed snaps.
Feb 20 08:27:45 ip-172-31-69-18 systemd[1]: Stopped target Cloud-init target.
Feb 20 08:27:45 ip-172-31-69-18 systemd[1]: Stopped Execute cloud user/final scripts.
Feb 20 08:27:45 ip-172-31-69-18 systemd[1]: Stopped target Multi-User System.
Feb 20 08:27:45 ip-172-31-69-18 systemd[1]: Stopping Login Service...
Feb 20 08:27:45 ip-172-31-69-18 systemd[1]: Stopping LSB: Set the CPU Frequency Scaling governor to "ondemand"...
Feb 20 08:27:45 ip-172-31-69-18 systemd[1]: Stopping Deferred execution scheduler...
Feb 20 08:27:45 ip-172-31-69-18 snapd[1149]: 2018/02/20 08:27:45.118760 main.go:78: Exiting on terminated signal.
Feb 20 08:27:45 ip-172-31-69-18 systemd[1]: Stopping FUSE filesystem for LXC...
Feb 20 08:27:45 ip-172-31-69-18 systemd[1]: Stopping Unattended Upgrades Shutdown...
Feb 20 08:27:45 ip-172-31-69-18 systemd[1]: Stopping Snappy daemon...
Feb 20 08:27:45 ip-172-31-69-18 systemd[1]: Stopping LSB: daemon to balance interrupts for SMP systems...
Feb 20 08:27:45 ip-172-31-69-18 systemd[1]: Stopping OpenBSD Secure Shell server...
Feb 20 08:27:45 ip-172-31-69-18 systemd[1]: Stopping LSB: automatic crash report generation...
Feb 20 08:27:45 ip-172-31-69-18 systemd[1]: Stopped Apply the settings specified in cloud-config.
Feb 20 08:27:45 ip-172-31-69-18 systemd[1]: Stopped Initialize hardware monitoring sensors.
Feb 20 08:27:45 ip-172-31-69-18 systemd[1]: Stopping Regular background program processing daemon...
Feb 20 08:27:45 ip-172-31-69-18 systemd[1]: Stopped Daily Cleanup of Temporary Directories.
Feb 20 08:27:45 ip-172-31-69-18 systemd[1]: Closed Load/Save RF Kill Switch Status /dev/rfkill Watch.
Feb 20 08:27:45 ip-172-31-69-18 systemd[1]: Stopping LXD - container startup/shutdown...
Feb 20 08:27:45 ip-172-31-69-18 systemd[1]: Stopping Accounts Service...
Feb 20 06:25:01 ip-172-31-69-18 rsyslogd: message repeated 2 times: [ [origin software="rsyslogd" swVersion="8.16.0" x-pid="1152" x-info="http://www.rsyslog.com"] rsyslogd was HUPed]
Feb 20 08:27:45 ip-172-31-69-18 rsyslogd: [origin software="rsyslogd" swVersion="8.16.0" x-pid="1152" x-info="http://www.rsyslog.com"] exiting on signal 15.
Feb 20 08:28:19 ip-172-31-69-18 rsyslogd: [origin software="rsyslogd" swVersion="8.16.0" x-pid="1177" x-info="http://www.rsyslog.com"] start
Feb 20 08:28:19 ip-172-31-69-18 rsyslogd-2222: command 'KLogPermitNonKernelFacility' is currently not permitted - did you already set it via a RainerScript command (v6+ config)? [v8.16.0 try http://www.rsyslog.com/e/2222 ]
Feb 20 08:28:19 ip-172-31-69-18 rsyslogd: rsyslogd's groupid changed to 108
Feb 20 08:28:19 ip-172-31-69-18 rsyslogd: rsyslogd's userid changed to 104
Feb 20 08:28:19 ip-172-31-69-18 rsyslogd-2039: Could not open output pipe '/dev/xconsole':: No such file or directory [v8.16.0 try http://www.rsyslog.com/e/2039 ]
Feb 20 08:28:19 ip-172-31-69-18 rsyslogd-2007: action 'action 11' suspended, next retry is Tue Feb 20 08:28:49 2018 [v8.16.0 try http://www.rsyslog.com/e/2007 ]
Feb 20 08:28:19 ip-172-31-69-18 kernel: [    0.000000] Initializing cgroup subsys cpuset
Feb 20 08:28:19 ip-172-31-69-18 kernel: [    0.000000] Initializing cgroup subsys cpu
Feb 20 08:28:19 ip-172-31-69-18 kernel: [    0.000000] Initializing cgroup subsys cpuacct
Feb 20 08:28:19 ip-172-31-69-18 kernel: [    0.000000] Linux version 4.4.0-1049-aws (buildd@lcy01-amd64-001) (gcc version 5.4.0 20160609 (Ubuntu 5.4.0-6ubuntu1~16.04.5) ) #58-Ubuntu SMP Fri Jan 12 23:17:09 UTC 2018 (Ubuntu 4.4.0-1049.58-aws 4.4.98)
Feb 20 08:28:19 ip-172-31-69-18 kernel: [    0.000000] Command line: BOOT_IMAGE=/boot/vmlinuz-4.4.0-1049-aws root=UUID=ccee1a8d-0785-4b3a-a578-812d59f5d3e1 ro console=tty1 console=ttyS0 nvme.io_timeout=4294967295
Feb 20 08:28:19 ip-172-31-69-18 kernel: [    0.000000] KERNEL supported cpus:
Feb 20 08:28:19 ip-172-31-69-18 kernel: [    0.000000]   Intel GenuineIntel
Feb 20 08:28:19 ip-172-31-69-18 kernel: [    0.000000]   AMD AuthenticAMD
Feb 20 08:28:19 ip-172-31-69-18 kernel: [    0.000000]   Centaur CentaurHauls
Feb 20 08:28:19 ip-172-31-69-18 kernel: [    0.000000] x86/fpu: xstate_offset[2]:  576, xstate_sizes[2]:  256
Feb 20 08:28:19 ip-172-31-69-18 kernel: [    0.000000] x86/fpu: Supporting XSAVE feature 0x01: 'x87 floating point registers'
Feb 20 08:28:19 ip-172-31-69-18 kernel: [    0.000000] x86/fpu: Supporting XSAVE feature 0x02: 'SSE registers'
Feb 20 08:28:19 ip-172-31-69-18 kernel: [    0.000000] x86/fpu: Supporting XSAVE feature 0x04: 'AVX registers'
Feb 20 08:28:19 ip-172-31-69-18 kernel: [    0.000000] x86/fpu: Enabled xstate features 0x7, context size is 832 bytes, using 'standard' format.
Feb 20 08:28:19 ip-172-31-69-18 kernel: [    0.000000] x86/fpu: Using 'eager' FPU context switches.
Feb 20 08:28:19 ip-172-31-69-18 kernel: [    0.000000] e820: BIOS-provided physical RAM map:
Feb 20 08:28:19 ip-172-31-69-18 kernel: [    0.000000] BIOS-e820: [mem 0x0000000000000000-0x000000000009dfff] usable
Feb 20 08:28:19 ip-172-31-69-18 kernel: [    0.000000] BIOS-e820: [mem 0x000000000009e000-0x000000000009ffff] reserved
Feb 20 08:28:19 ip-172-31-69-18 kernel: [    0.000000] BIOS-e820: [mem 0x00000000000e0000-0x00000000000fffff] reserved
Feb 20 08:28:19 ip-172-31-69-18 kernel: [    0.000000] BIOS-e820: [mem 0x0000000000100000-0x000000003fffffff] usable
Feb 20 08:28:19 ip-172-31-69-18 kernel: [    0.000000] BIOS-e820: [mem 0x00000000fc000000-0x00000000ffffffff] reserved
Feb 20 08:28:19 ip-172-31-69-18 kernel: [    0.000000] NX (Execute Disable) protection: active
Feb 20 08:28:19 ip-172-31-69-18 kernel: [    0.000000] SMBIOS 2.7 present.
Feb 20 08:28:19 ip-172-31-69-18 kernel: [    0.000000] DMI: Xen HVM domU, BIOS 4.2.amazon 08/24/2006
Feb 20 08:28:19 ip-172-31-69-18 kernel: [    0.000000] Hypervisor detected: Xen
Feb 20 08:28:19 ip-172-31-69-18 kernel: [    0.000000] Xen version 4.2.
Feb 20 08:28:19 ip-172-31-69-18 kernel: [    0.000000] Xen Platform PCI: I/O protocol version 1
Feb 20 08:28:19 ip-172-31-69-18 kernel: [    0.000000] Netfront and the Xen platform PCI driver have been compiled for this kernel: unplug emulated NICs.
Feb 20 08:28:19 ip-172-31-69-18 kernel: [    0.000000] Blkfront and the Xen platform PCI driver have been compiled for this kernel: unplug emulated disks.
Feb 20 08:28:19 ip-172-31-69-18 kernel: [    0.000000] You might have to change the root device
Feb 20 08:28:19 ip-172-31-69-18 kernel: [    0.000000] from /dev/hd[a-d] to /dev/xvd[a-d]
Feb 20 08:28:19 ip-172-31-69-18 kernel: [    0.000000] in your root= kernel command line option
Feb 20 08:28:19 ip-172-31-69-18 kernel: [    0.000000] HVMOP_pagetable_dying not supported
Feb 20 08:28:19 ip-172-31-69-18 kernel: [    0.000000] e820: update [mem 0x00000000-0x00000fff] usable ==> reserved
Feb 20 08:28:19 ip-172-31-69-18 kernel: [    0.000000] e820: remove [mem 0x000a0000-0x000fffff] usable
Feb 20 08:28:19 ip-172-31-69-18 kernel: [    0.000000] e820: last_pfn = 0x40000 max_arch_pfn = 0x400000000
Feb 20 08:28:19 ip-172-31-69-18 kernel: [    0.000000] MTRR default type: write-back
Feb 20 08:28:19 ip-172-31-69-18 kernel: [    0.000000] MTRR fixed ranges enabled:
Feb 20 08:28:19 ip-172-31-69-18 kernel: [    0.000000]   00000-9FFFF write-back
Feb 20 08:28:19 ip-172-31-69-18 kernel: [    0.000000]   A0000-BFFFF write-combining
Feb 20 08:28:19 ip-172-31-69-18 kernel: [    0.000000]   C0000-FFFFF write-back
Feb 20 08:28:19 ip-172-31-69-18 kernel: [    0.000000] MTRR variable ranges enabled:
Feb 20 08:28:19 ip-172-31-69-18 kernel: [    0.000000]   0 base 0000F0000000 mask 3FFFF8000000 uncachable
Feb 20 08:28:19 ip-172-31-69-18 kernel: [    0.000000]   1 base 0000F8000000 mask 3FFFFC000000 uncachable
Feb 20 08:28:19 ip-172-31-69-18 kernel: [    0.000000]   2 disabled
Feb 20 08:28:19 ip-172-31-69-18 kernel: [    0.000000]   3 disabled
Feb 20 08:28:19 ip-172-31-69-18 kernel: [    0.000000]   4 disabled
Feb 20 08:28:19 ip-172-31-69-18 kernel: [    0.000000]   5 disabled
Feb 20 08:28:19 ip-172-31-69-18 kernel: [    0.000000]   6 disabled
Feb 20 08:28:19 ip-172-31-69-18 kernel: [    0.000000]   7 disabled
Feb 20 08:28:19 ip-172-31-69-18 kernel: [    0.000000] x86/PAT: Configuration [0-7]: WB  WC  UC- UC  WB  WC  UC- WT  
Feb 20 08:28:19 ip-172-31-69-18 kernel: [    0.000000] found SMP MP-table at [mem 0x000fbc20-0x000fbc2f] mapped at [ffff8800000fbc20]
Feb 20 08:28:19 ip-172-31-69-18 kernel: [    0.000000] Scanning 1 areas for low memory corruption
Feb 20 08:28:19 ip-172-31-69-18 kernel: [    0.000000] Base memory trampoline at [ffff880000098000] 98000 size 24576
Feb 20 08:28:19 ip-172-31-69-18 kernel: [    0.000000] BRK [0x02201000, 0x02201fff] PGTABLE
Feb 20 08:28:19 ip-172-31-69-18 kernel: [    0.000000] BRK [0x02202000, 0x02202fff] PGTABLE
Feb 20 08:28:19 ip-172-31-69-18 kernel: [    0.000000] BRK [0x02203000, 0x02203fff] PGTABLE
Feb 20 08:28:19 ip-172-31-69-18 kernel: [    0.000000] RAMDISK: [mem 0x367e6000-0x373eafff]
Feb 20 08:28:19 ip-172-31-69-18 kernel: [    0.000000] ACPI: Early table checksum verification disabled
Feb 20 08:28:19 ip-172-31-69-18 kernel: [    0.000000] ACPI: RSDP 0x00000000000EA020 000024 (v02 Xen   )
Feb 20 08:28:19 ip-172-31-69-18 kernel: [    0.000000] ACPI: XSDT 0x00000000FC00DDC0 000054 (v01 Xen    HVM      00000000 HVML 00000000)
Feb 20 08:28:19 ip-172-31-69-18 kernel: [    0.000000] ACPI: FACP 0x00000000FC00DA80 0000F4 (v04 Xen    HVM      00000000 HVML 00000000)
Feb 20 08:28:19 ip-172-31-69-18 kernel: [    0.000000] ACPI: DSDT 0x00000000FC001CE0 00BD19 (v02 Xen    HVM      00000000 INTL 20090123)
Feb 20 08:28:19 ip-172-31-69-18 kernel: [    0.000000] ACPI: FACS 0x00000000FC001CA0 000040
Feb 20 08:28:19 ip-172-31-69-18 kernel: [    0.000000] ACPI: FACS 0x00000000FC001CA0 000040
Feb 20 08:28:19 ip-172-31-69-18 kernel: [    0.000000] ACPI: APIC 0x00000000FC00DB80 0000D8 (v02 Xen    HVM      00000000 HVML 00000000)
Feb 20 08:28:19 ip-172-31-69-18 kernel: [    0.000000] ACPI: HPET 0x00000000FC00DCD0 000038 (v01 Xen    HVM      00000000 HVML 00000000)
Feb 20 08:28:19 ip-172-31-69-18 kernel: [    0.000000] ACPI: WAET 0x00000000FC00DD10 000028 (v01 Xen    HVM      00000000 HVML 00000000)
Feb 20 08:28:19 ip-172-31-69-18 kernel: [    0.000000] ACPI: SSDT 0x00000000FC00DD40 000031 (v02 Xen    HVM      00000000 INTL 20090123)
Feb 20 08:28:19 ip-172-31-69-18 kernel: [    0.000000] ACPI: SSDT 0x00000000FC00DD80 000031 (v02 Xen    HVM      00000000 INTL 20090123)
Feb 20 08:28:19 ip-172-31-69-18 kernel: [    0.000000] ACPI: Local APIC address 0xfee00000
Feb 20 08:28:19 ip-172-31-69-18 kernel: [    0.000000] No NUMA configuration found
Feb 20 08:28:19 ip-172-31-69-18 kernel: [    0.000000] Faking a node at [mem 0x0000000000000000-0x000000003fffffff]
Feb 20 08:28:19 ip-172-31-69-18 kernel: [    0.000000] NODE_DATA(0) allocated [mem 0x3fffb000-0x3fffffff]
Feb 20 08:28:19 ip-172-31-69-18 kernel: [    0.000000] Zone ranges:
Feb 20 08:28:19 ip-172-31-69-18 kernel: [    0.000000]   DMA      [mem 0x0000000000001000-0x0000000000ffffff]
Feb 20 08:28:19 ip-172-31-69-18 kernel: [    0.000000]   DMA32    [mem 0x0000000001000000-0x000000003fffffff]
Feb 20 08:28:19 ip-172-31-69-18 kernel: [    0.000000]   Normal   empty
Feb 20 08:28:19 ip-172-31-69-18 kernel: [    0.000000]   Device   empty
Feb 20 08:28:19 ip-172-31-69-18 kernel: [    0.000000] Movable zone start for each node
Feb 20 08:28:19 ip-172-31-69-18 kernel: [    0.000000] Early memory node ranges
Feb 20 08:28:19 ip-172-31-69-18 kernel: [    0.000000]   node   0: [mem 0x0000000000001000-0x000000000009dfff]
Feb 20 08:28:19 ip-172-31-69-18 kernel: [    0.000000]   node   0: [mem 0x0000000000100000-0x000000003fffffff]
Feb 20 08:28:19 ip-172-31-69-18 kernel: [    0.000000] Initmem setup node 0 [mem 0x0000000000001000-0x000000003fffffff]
Feb 20 08:28:19 ip-172-31-69-18 kernel: [    0.000000] On node 0 totalpages: 262045
Feb 20 08:28:19 ip-172-31-69-18 kernel: [    0.000000]   DMA zone: 64 pages used for memmap
Feb 20 08:28:19 ip-172-31-69-18 kernel: [    0.000000]   DMA zone: 21 pages reserved
Feb 20 08:28:19 ip-172-31-69-18 kernel: [    0.000000]   DMA zone: 3997 pages, LIFO batch:0
