Mar  2 06:45:20 ip-172-31-69-27 dhclient[935]: DHCPREQUEST of 172.31.69.27 on eth0 to 172.31.69.1 port 67 (xid=0x6fb9535f)
Mar  2 06:45:20 ip-172-31-69-27 dhclient[935]: DHCPACK of 172.31.69.27 from 172.31.69.1
Mar  2 06:45:20 ip-172-31-69-27 dhclient[935]: bound to 172.31.69.27 -- renewal in 1686 seconds.
Mar  2 07:13:26 ip-172-31-69-27 dhclient[935]: DHCPREQUEST of 172.31.69.27 on eth0 to 172.31.69.1 port 67 (xid=0x6fb9535f)
Mar  2 07:13:26 ip-172-31-69-27 dhclient[935]: DHCPACK of 172.31.69.27 from 172.31.69.1
Mar  2 07:13:26 ip-172-31-69-27 dhclient[935]: bound to 172.31.69.27 -- renewal in 1622 seconds.
Mar  2 07:17:01 ip-172-31-69-27 CRON[3418]: (root) CMD (   cd / && run-parts --report /etc/cron.hourly)
Mar  2 07:40:28 ip-172-31-69-27 dhclient[935]: DHCPREQUEST of 172.31.69.27 on eth0 to 172.31.69.1 port 67 (xid=0x6fb9535f)
Mar  2 07:40:28 ip-172-31-69-27 dhclient[935]: DHCPACK of 172.31.69.27 from 172.31.69.1
Mar  2 07:40:28 ip-172-31-69-27 dhclient[935]: bound to 172.31.69.27 -- renewal in 1766 seconds.
Mar  2 08:09:54 ip-172-31-69-27 dhclient[935]: DHCPREQUEST of 172.31.69.27 on eth0 to 172.31.69.1 port 67 (xid=0x6fb9535f)
Mar  2 08:09:54 ip-172-31-69-27 dhclient[935]: DHCPACK of 172.31.69.27 from 172.31.69.1
Mar  2 08:09:54 ip-172-31-69-27 dhclient[935]: bound to 172.31.69.27 -- renewal in 1768 seconds.
Mar  2 08:17:01 ip-172-31-69-27 CRON[3469]: (root) CMD (   cd / && run-parts --report /etc/cron.hourly)
Mar  2 08:19:17 ip-172-31-69-27 systemd[1]: Starting Daily apt download activities...
Mar  2 08:19:26 ip-172-31-69-27 systemd[1]: Started Daily apt download activities.
Mar  2 08:32:17 ip-172-31-69-27 systemd[1]: Starting Cleanup of Temporary Directories...
Mar  2 08:32:17 ip-172-31-69-27 systemd-tmpfiles[3745]: [/usr/lib/tmpfiles.d/var.conf:14] Duplicate line for path "/var/log", ignoring.
Mar  2 08:32:17 ip-172-31-69-27 systemd[1]: Started Cleanup of Temporary Directories.
Mar  2 08:39:22 ip-172-31-69-27 dhclient[935]: DHCPREQUEST of 172.31.69.27 on eth0 to 172.31.69.1 port 67 (xid=0x6fb9535f)
Mar  2 08:39:22 ip-172-31-69-27 dhclient[935]: DHCPACK of 172.31.69.27 from 172.31.69.1
Mar  2 08:39:22 ip-172-31-69-27 dhclient[935]: bound to 172.31.69.27 -- renewal in 1517 seconds.
Mar  2 08:46:26 ip-172-31-69-27 systemd[1]: Received SIGINT.
Mar  2 08:46:26 ip-172-31-69-27 systemd[1]: Stopping Authenticate and Authorize Users to Run Privileged Tasks...
Mar  2 08:46:26 ip-172-31-69-27 systemd[1]: Closed Load/Save RF Kill Switch Status /dev/rfkill Watch.
Mar  2 08:46:26 ip-172-31-69-27 systemd[1]: Stopping Session 2 of user ubuntu.
Mar  2 08:46:26 ip-172-31-69-27 systemd[1]: Stopped target Graphical Interface.
Mar  2 08:46:26 ip-172-31-69-27 kernel: [88221.389601] device eth0 left promiscuous mode
Mar  2 08:46:26 ip-172-31-69-27 systemd[1]: Stopped target Cloud-init target.
Mar  2 08:46:26 ip-172-31-69-27 systemd[1]: Stopped Execute cloud user/final scripts.
Mar  2 08:46:26 ip-172-31-69-27 systemd[1]: Stopped Apply the settings specified in cloud-config.
Mar  2 08:46:26 ip-172-31-69-27 systemd[1]: Stopped target Cloud-config availability.
Mar  2 08:46:26 ip-172-31-69-27 systemd[1]: Stopped target Multi-User System.
Mar  2 08:46:26 ip-172-31-69-27 systemd[1]: Stopping FUSE filesystem for LXC...
Mar  2 08:46:26 ip-172-31-69-27 systemd[1]: Stopping LSB: automatic crash report generation...
Mar  2 08:46:26 ip-172-31-69-27 systemd[1]: Stopping D-Bus System Message Bus...
Mar  2 08:46:26 ip-172-31-69-27 systemd[1]: Stopping Snappy daemon...
Mar  2 08:46:26 ip-172-31-69-27 snapd[1147]: 2018/03/02 08:46:26.357536 main.go:78: Exiting on terminated signal.
Mar  2 08:46:26 ip-172-31-69-27 systemd[1]: Stopping Deferred execution scheduler...
Mar  2 08:46:26 ip-172-31-69-27 systemd[1]: Stopping Unattended Upgrades Shutdown...
Mar  2 08:46:26 ip-172-31-69-27 rsyslogd: [origin software="rsyslogd" swVersion="8.16.0" x-pid="1140" x-info="http://www.rsyslog.com"] exiting on signal 15.
Mar  2 08:46:57 ip-172-31-69-27 rsyslogd: [origin software="rsyslogd" swVersion="8.16.0" x-pid="1131" x-info="http://www.rsyslog.com"] start
Mar  2 08:46:57 ip-172-31-69-27 rsyslogd-2222: command 'KLogPermitNonKernelFacility' is currently not permitted - did you already set it via a RainerScript command (v6+ config)? [v8.16.0 try http://www.rsyslog.com/e/2222 ]
Mar  2 08:46:57 ip-172-31-69-27 rsyslogd: rsyslogd's groupid changed to 108
Mar  2 08:46:57 ip-172-31-69-27 rsyslogd: rsyslogd's userid changed to 104
Mar  2 08:46:57 ip-172-31-69-27 rsyslogd-2039: Could not open output pipe '/dev/xconsole':: No such file or directory [v8.16.0 try http://www.rsyslog.com/e/2039 ]
Mar  2 08:46:57 ip-172-31-69-27 rsyslogd-2007: action 'action 11' suspended, next retry is Fri Mar  2 08:47:27 2018 [v8.16.0 try http://www.rsyslog.com/e/2007 ]
Mar  2 08:46:57 ip-172-31-69-27 kernel: [    0.000000] Initializing cgroup subsys cpuset
Mar  2 08:46:57 ip-172-31-69-27 kernel: [    0.000000] Initializing cgroup subsys cpu
Mar  2 08:46:57 ip-172-31-69-27 kernel: [    0.000000] Initializing cgroup subsys cpuacct
Mar  2 08:46:57 ip-172-31-69-27 kernel: [    0.000000] Linux version 4.4.0-1052-aws (buildd@lgw01-amd64-031) (gcc version 5.4.0 20160609 (Ubuntu 5.4.0-6ubuntu1~16.04.9) ) #61-Ubuntu SMP Mon Feb 12 23:05:58 UTC 2018 (Ubuntu 4.4.0-1052.61-aws 4.4.98)
Mar  2 08:46:57 ip-172-31-69-27 kernel: [    0.000000] Command line: BOOT_IMAGE=/boot/vmlinuz-4.4.0-1052-aws root=UUID=ccee1a8d-0785-4b3a-a578-812d59f5d3e1 ro console=tty1 console=ttyS0 nvme.io_timeout=4294967295
Mar  2 08:46:57 ip-172-31-69-27 kernel: [    0.000000] KERNEL supported cpus:
Mar  2 08:46:57 ip-172-31-69-27 kernel: [    0.000000]   Intel GenuineIntel
Mar  2 08:46:57 ip-172-31-69-27 kernel: [    0.000000]   AMD AuthenticAMD
Mar  2 08:46:57 ip-172-31-69-27 kernel: [    0.000000]   Centaur CentaurHauls
Mar  2 08:46:57 ip-172-31-69-27 kernel: [    0.000000] x86/fpu: xstate_offset[2]:  576, xstate_sizes[2]:  256
Mar  2 08:46:57 ip-172-31-69-27 kernel: [    0.000000] x86/fpu: Supporting XSAVE feature 0x01: 'x87 floating point registers'
Mar  2 08:46:57 ip-172-31-69-27 kernel: [    0.000000] x86/fpu: Supporting XSAVE feature 0x02: 'SSE registers'
Mar  2 08:46:57 ip-172-31-69-27 kernel: [    0.000000] x86/fpu: Supporting XSAVE feature 0x04: 'AVX registers'
Mar  2 08:46:57 ip-172-31-69-27 kernel: [    0.000000] x86/fpu: Enabled xstate features 0x7, context size is 832 bytes, using 'standard' format.
Mar  2 08:46:57 ip-172-31-69-27 kernel: [    0.000000] x86/fpu: Using 'eager' FPU context switches.
Mar  2 08:46:57 ip-172-31-69-27 kernel: [    0.000000] e820: BIOS-provided physical RAM map:
Mar  2 08:46:57 ip-172-31-69-27 kernel: [    0.000000] BIOS-e820: [mem 0x0000000000000000-0x000000000009dfff] usable
Mar  2 08:46:57 ip-172-31-69-27 kernel: [    0.000000] BIOS-e820: [mem 0x000000000009e000-0x000000000009ffff] reserved
Mar  2 08:46:57 ip-172-31-69-27 kernel: [    0.000000] BIOS-e820: [mem 0x00000000000e0000-0x00000000000fffff] reserved
Mar  2 08:46:57 ip-172-31-69-27 kernel: [    0.000000] BIOS-e820: [mem 0x0000000000100000-0x000000003fffffff] usable
Mar  2 08:46:57 ip-172-31-69-27 kernel: [    0.000000] BIOS-e820: [mem 0x00000000fc000000-0x00000000ffffffff] reserved
Mar  2 08:46:57 ip-172-31-69-27 kernel: [    0.000000] NX (Execute Disable) protection: active
Mar  2 08:46:57 ip-172-31-69-27 kernel: [    0.000000] SMBIOS 2.7 present.
Mar  2 08:46:57 ip-172-31-69-27 kernel: [    0.000000] DMI: Xen HVM domU, BIOS 4.2.amazon 08/24/2006
Mar  2 08:46:57 ip-172-31-69-27 kernel: [    0.000000] Hypervisor detected: Xen
Mar  2 08:46:57 ip-172-31-69-27 kernel: [    0.000000] Xen version 4.2.
Mar  2 08:46:57 ip-172-31-69-27 kernel: [    0.000000] Xen Platform PCI: I/O protocol version 1
Mar  2 08:46:57 ip-172-31-69-27 kernel: [    0.000000] Netfront and the Xen platform PCI driver have been compiled for this kernel: unplug emulated NICs.
Mar  2 08:46:57 ip-172-31-69-27 kernel: [    0.000000] Blkfront and the Xen platform PCI driver have been compiled for this kernel: unplug emulated disks.
Mar  2 08:46:57 ip-172-31-69-27 kernel: [    0.000000] You might have to change the root device
Mar  2 08:46:57 ip-172-31-69-27 kernel: [    0.000000] from /dev/hd[a-d] to /dev/xvd[a-d]
Mar  2 08:46:57 ip-172-31-69-27 kernel: [    0.000000] in your root= kernel command line option
Mar  2 08:46:57 ip-172-31-69-27 kernel: [    0.000000] HVMOP_pagetable_dying not supported
Mar  2 08:46:57 ip-172-31-69-27 kernel: [    0.000000] e820: update [mem 0x00000000-0x00000fff] usable ==> reserved
Mar  2 08:46:57 ip-172-31-69-27 kernel: [    0.000000] e820: remove [mem 0x000a0000-0x000fffff] usable
Mar  2 08:46:57 ip-172-31-69-27 kernel: [    0.000000] e820: last_pfn = 0x40000 max_arch_pfn = 0x400000000
Mar  2 08:46:57 ip-172-31-69-27 kernel: [    0.000000] MTRR default type: write-back
Mar  2 08:46:57 ip-172-31-69-27 kernel: [    0.000000] MTRR fixed ranges enabled:
Mar  2 08:46:57 ip-172-31-69-27 kernel: [    0.000000]   00000-9FFFF write-back
Mar  2 08:46:57 ip-172-31-69-27 kernel: [    0.000000]   A0000-BFFFF write-combining
Mar  2 08:46:57 ip-172-31-69-27 kernel: [    0.000000]   C0000-FFFFF write-back
Mar  2 08:46:57 ip-172-31-69-27 kernel: [    0.000000] MTRR variable ranges enabled:
Mar  2 08:46:57 ip-172-31-69-27 kernel: [    0.000000]   0 base 0000F0000000 mask 3FFFF8000000 uncachable
Mar  2 08:46:57 ip-172-31-69-27 kernel: [    0.000000]   1 base 0000F8000000 mask 3FFFFC000000 uncachable
Mar  2 08:46:57 ip-172-31-69-27 kernel: [    0.000000]   2 disabled
Mar  2 08:46:57 ip-172-31-69-27 kernel: [    0.000000]   3 disabled
Mar  2 08:46:57 ip-172-31-69-27 kernel: [    0.000000]   4 disabled
Mar  2 08:46:57 ip-172-31-69-27 kernel: [    0.000000]   5 disabled
Mar  2 08:46:57 ip-172-31-69-27 kernel: [    0.000000]   6 disabled
Mar  2 08:46:57 ip-172-31-69-27 kernel: [    0.000000]   7 disabled
Mar  2 08:46:57 ip-172-31-69-27 kernel: [    0.000000] x86/PAT: Configuration [0-7]: WB  WC  UC- UC  WB  WC  UC- WT  
Mar  2 08:46:57 ip-172-31-69-27 kernel: [    0.000000] found SMP MP-table at [mem 0x000fbc20-0x000fbc2f] mapped at [ffff8800000fbc20]
Mar  2 08:46:57 ip-172-31-69-27 kernel: [    0.000000] Scanning 1 areas for low memory corruption
Mar  2 08:46:57 ip-172-31-69-27 kernel: [    0.000000] Base memory trampoline at [ffff880000098000] 98000 size 24576
Mar  2 08:46:57 ip-172-31-69-27 kernel: [    0.000000] BRK [0x021fd000, 0x021fdfff] PGTABLE
Mar  2 08:46:57 ip-172-31-69-27 kernel: [    0.000000] BRK [0x021fe000, 0x021fefff] PGTABLE
Mar  2 08:46:57 ip-172-31-69-27 kernel: [    0.000000] BRK [0x021ff000, 0x021fffff] PGTABLE
Mar  2 08:46:57 ip-172-31-69-27 kernel: [    0.000000] RAMDISK: [mem 0x367d8000-0x373e3fff]
Mar  2 08:46:57 ip-172-31-69-27 kernel: [    0.000000] ACPI: Early table checksum verification disabled
Mar  2 08:46:57 ip-172-31-69-27 kernel: [    0.000000] ACPI: RSDP 0x00000000000EA020 000024 (v02 Xen   )
Mar  2 08:46:57 ip-172-31-69-27 kernel: [    0.000000] ACPI: XSDT 0x00000000FC00DDC0 000054 (v01 Xen    HVM      00000000 HVML 00000000)
Mar  2 08:46:57 ip-172-31-69-27 kernel: [    0.000000] ACPI: FACP 0x00000000FC00DA80 0000F4 (v04 Xen    HVM      00000000 HVML 00000000)
Mar  2 08:46:57 ip-172-31-69-27 kernel: [    0.000000] ACPI: DSDT 0x00000000FC001CE0 00BD19 (v02 Xen    HVM      00000000 INTL 20090123)
Mar  2 08:46:57 ip-172-31-69-27 kernel: [    0.000000] ACPI: FACS 0x00000000FC001CA0 000040
Mar  2 08:46:57 ip-172-31-69-27 kernel: [    0.000000] ACPI: FACS 0x00000000FC001CA0 000040
Mar  2 08:46:57 ip-172-31-69-27 kernel: [    0.000000] ACPI: APIC 0x00000000FC00DB80 0000D8 (v02 Xen    HVM      00000000 HVML 00000000)
Mar  2 08:46:57 ip-172-31-69-27 kernel: [    0.000000] ACPI: HPET 0x00000000FC00DCD0 000038 (v01 Xen    HVM      00000000 HVML 00000000)
Mar  2 08:46:57 ip-172-31-69-27 kernel: [    0.000000] ACPI: WAET 0x00000000FC00DD10 000028 (v01 Xen    HVM      00000000 HVML 00000000)
Mar  2 08:46:57 ip-172-31-69-27 kernel: [    0.000000] ACPI: SSDT 0x00000000FC00DD40 000031 (v02 Xen    HVM      00000000 INTL 20090123)
Mar  2 08:46:57 ip-172-31-69-27 kernel: [    0.000000] ACPI: SSDT 0x00000000FC00DD80 000031 (v02 Xen    HVM      00000000 INTL 20090123)
Mar  2 08:46:57 ip-172-31-69-27 kernel: [    0.000000] ACPI: Local APIC address 0xfee00000
Mar  2 08:46:57 ip-172-31-69-27 kernel: [    0.000000] No NUMA configuration found
Mar  2 08:46:57 ip-172-31-69-27 kernel: [    0.000000] Faking a node at [mem 0x0000000000000000-0x000000003fffffff]
Mar  2 08:46:57 ip-172-31-69-27 kernel: [    0.000000] NODE_DATA(0) allocated [mem 0x3fffb000-0x3fffffff]
Mar  2 08:46:57 ip-172-31-69-27 kernel: [    0.000000] Zone ranges:
Mar  2 08:46:57 ip-172-31-69-27 kernel: [    0.000000]   DMA      [mem 0x0000000000001000-0x0000000000ffffff]
Mar  2 08:46:57 ip-172-31-69-27 kernel: [    0.000000]   DMA32    [mem 0x0000000001000000-0x000000003fffffff]
Mar  2 08:46:57 ip-172-31-69-27 kernel: [    0.000000]   Normal   empty
Mar  2 08:46:57 ip-172-31-69-27 kernel: [    0.000000]   Device   empty
Mar  2 08:46:57 ip-172-31-69-27 kernel: [    0.000000] Movable zone start for each node
Mar  2 08:46:57 ip-172-31-69-27 kernel: [    0.000000] Early memory node ranges
Mar  2 08:46:57 ip-172-31-69-27 kernel: [    0.000000]   node   0: [mem 0x0000000000001000-0x000000000009dfff]
Mar  2 08:46:57 ip-172-31-69-27 kernel: [    0.000000]   node   0: [mem 0x0000000000100000-0x000000003fffffff]
Mar  2 08:46:57 ip-172-31-69-27 kernel: [    0.000000] Initmem setup node 0 [mem 0x0000000000001000-0x000000003fffffff]
Mar  2 08:46:57 ip-172-31-69-27 kernel: [    0.000000] On node 0 totalpages: 262045
Mar  2 08:46:57 ip-172-31-69-27 kernel: [    0.000000]   DMA zone: 64 pages used for memmap
Mar  2 08:46:57 ip-172-31-69-27 kernel: [    0.000000]   DMA zone: 21 pages reserved
Mar  2 08:46:57 ip-172-31-69-27 kernel: [    0.000000]   DMA zone: 3997 pages, LIFO batch:0
Mar  2 08:46:57 ip-172-31-69-27 kernel: [    0.000000]   DMA32 zone: 4032 pages used for memmap
Mar  2 08:46:57 ip-172-31-69-27 kernel: [    0.000000]   DMA32 zone: 258048 pages, LIFO batch:31
Mar  2 08:46:57 ip-172-31-69-27 kernel: [    0.000000] ACPI: PM-Timer IO Port: 0xb008
Mar  2 08:46:57 ip-172-31-69-27 kernel: [    0.000000] ACPI: Local APIC address 0xfee00000
Mar  2 08:46:57 ip-172-31-69-27 kernel: [    0.000000] IOAPIC[0]: apic_id 1, version 17, address 0xfec00000, GSI 0-47
Mar  2 08:46:57 ip-172-31-69-27 kernel: [    0.000000] ACPI: INT_SRC_OVR (bus 0 bus_irq 0 global_irq 2 dfl dfl)
Mar  2 08:46:57 ip-172-31-69-27 kernel: [    0.000000] ACPI: INT_SRC_OVR (bus 0 bus_irq 5 global_irq 5 low level)
Mar  2 08:46:57 ip-172-31-69-27 kernel: [    0.000000] ACPI: INT_SRC_OVR (bus 0 bus_irq 10 global_irq 10 low level)
Mar  2 08:46:57 ip-172-31-69-27 kernel: [    0.000000] ACPI: INT_SRC_OVR (bus 0 bus_irq 11 global_irq 11 low level)
Mar  2 08:46:57 ip-172-31-69-27 kernel: [    0.000000] ACPI: IRQ0 used by override.
Mar  2 08:46:57 ip-172-31-69-27 kernel: [    0.000000] ACPI: IRQ5 used by override.
Mar  2 08:46:57 ip-172-31-69-27 kernel: [    0.000000] ACPI: IRQ9 used by override.
Mar  2 08:46:57 ip-172-31-69-27 kernel: [    0.000000] ACPI: IRQ10 used by override.
Mar  2 08:46:57 ip-172-31-69-27 kernel: [    0.000000] ACPI: IRQ11 used by override.
Mar  2 08:46:57 ip-172-31-69-27 kernel: [    0.000000] Using ACPI (MADT) for SMP configuration information
Mar  2 08:46:57 ip-172-31-69-27 kernel: [    0.000000] ACPI: HPET id: 0x8086a201 base: 0xfed00000
Mar  2 08:46:57 ip-172-31-69-27 kernel: [    0.000000] smpboot: Allowing 15 CPUs, 14 hotplug CPUs
Mar  2 08:46:57 ip-172-31-69-27 kernel: [    0.000000] PM: Registered nosave memory: [mem 0x00000000-0x00000fff]
Mar  2 08:46:57 ip-172-31-69-27 kernel: [    0.000000] PM: Registered nosave memory: [mem 0x0009e000-0x0009ffff]
Mar  2 08:46:57 ip-172-31-69-27 kernel: [    0.000000] PM: Registered nosave memory: [mem 0x000a0000-0x000dffff]
Mar  2 08:46:57 ip-172-31-69-27 kernel: [    0.000000] PM: Registered nosave memory: [mem 0x000e0000-0x000fffff]
Mar  2 08:46:57 ip-172-31-69-27 kernel: [    0.000000] e820: [mem 0x40000000-0xfbffffff] available for PCI devices
Mar  2 08:46:57 ip-172-31-69-27 kernel: [    0.000000] Booting paravirtualized kernel on Xen HVM
Mar  2 08:46:57 ip-172-31-69-27 kernel: [    0.000000] clocksource: refined-jiffies: mask: 0xffffffff max_cycles: 0xffffffff, max_idle_ns: 7645519600211568 ns
Mar  2 08:46:57 ip-172-31-69-27 kernel: [    0.000000] setup_percpu: NR_CPUS:256 nr_cpumask_bits:256 nr_cpu_ids:15 nr_node_ids:1
Mar  2 08:46:57 ip-172-31-69-27 kernel: [    0.000000] PERCPU: Embedded 34 pages/cpu @ffff88003e200000 s99160 r8192 d31912 u262144
Mar  2 08:46:57 ip-172-31-69-27 kernel: [    0.000000] pcpu-alloc: s99160 r8192 d31912 u262144 alloc=1*2097152
Mar  2 08:46:57 ip-172-31-69-27 kernel: [    0.000000] pcpu-alloc: [0] 00 01 02 03 04 05 06 07 [0] 08 09 10 11 12 13 14 -- 
Mar  2 08:46:57 ip-172-31-69-27 kernel: [    0.000000] xen: PV spinlocks enabled
Mar  2 08:46:57 ip-172-31-69-27 kernel: [    0.000000] PV qspinlock hash table entries: 256 (order: 0, 4096 bytes)
Mar  2 08:46:57 ip-172-31-69-27 kernel: [    0.000000] Built 1 zonelists in Node order, mobility grouping on.  Total pages: 257928
Mar  2 08:46:57 ip-172-31-69-27 kernel: [    0.000000] Policy zone: DMA32
Mar  2 08:46:57 ip-172-31-69-27 kernel: [    0.000000] Kernel command line: BOOT_IMAGE=/boot/vmlinuz-4.4.0-1052-aws root=UUID=ccee1a8d-0785-4b3a-a578-812d59f5d3e1 ro console=tty1 console=ttyS0 nvme.io_timeout=4294967295
Mar  2 08:46:57 ip-172-31-69-27 kernel: [    0.000000] PID hash table entries: 4096 (order: 3, 32768 bytes)
Mar  2 08:46:57 ip-172-31-69-27 kernel: [    0.000000] Calgary: detecting Calgary via BIOS EBDA area
Mar  2 08:46:57 ip-172-31-69-27 kernel: [    0.000000] Calgary: Unable to locate Rio Grande table in EBDA - bailing!
Mar  2 08:46:57 ip-172-31-69-27 kernel: [    0.000000] Memory: 998616K/1048180K available (8351K kernel code, 1276K rwdata, 3876K rodata, 1492K init, 1264K bss, 49564K reserved, 0K cma-reserved)
Mar  2 08:46:57 ip-172-31-69-27 kernel: [    0.000000] SLUB: HWalign=64, Order=0-3, MinObjects=0, CPUs=15, Nodes=1
Mar  2 08:46:57 ip-172-31-69-27 kernel: [    0.000000] Kernel/User page tables isolation: enabled
Mar  2 08:46:57 ip-172-31-69-27 kernel: [    0.000000] Hierarchical RCU implementation.
Mar  2 08:46:57 ip-172-31-69-27 kernel: [    0.000000] 	Build-time adjustment of leaf fanout to 64.
Mar  2 08:46:57 ip-172-31-69-27 kernel: [    0.000000] 	RCU restricting CPUs from NR_CPUS=256 to nr_cpu_ids=15.
Mar  2 08:46:57 ip-172-31-69-27 kernel: [    0.000000] RCU: Adjusting geometry for rcu_fanout_leaf=64, nr_cpu_ids=15
Mar  2 08:46:57 ip-172-31-69-27 kernel: [    0.000000] NR_IRQS:16640 nr_irqs:952 16
Mar  2 08:46:57 ip-172-31-69-27 kernel: [    0.000000] xen:events: Using 2-level ABI
Mar  2 08:46:57 ip-172-31-69-27 kernel: [    0.000000] xen:events: Xen HVM callback vector for event delivery is enabled
Mar  2 08:46:57 ip-172-31-69-27 kernel: [    0.000000] Console: colour VGA+ 80x25
Mar  2 08:46:57 ip-172-31-69-27 kernel: [    0.000000] console [tty1] enabled
Mar  2 08:46:57 ip-172-31-69-27 kernel: [    0.000000] Cannot get hvm parameter CONSOLE_EVTCHN (18): -22!
Mar  2 08:46:57 ip-172-31-69-27 kernel: [    0.000000] console [ttyS0] enabled
Mar  2 08:46:57 ip-172-31-69-27 kernel: [    0.000000] clocksource: hpet: mask: 0xffffffff max_cycles: 0xffffffff, max_idle_ns: 30580167144 ns
Mar  2 08:46:57 ip-172-31-69-27 kernel: [    0.000000] hpet clockevent registered
Mar  2 08:46:57 ip-172-31-69-27 kernel: [    0.000000] tsc: Detected 2400.064 MHz processor
Mar  2 08:46:57 ip-172-31-69-27 kernel: [    0.008000] Calibrating delay loop (skipped), value calculated using timer frequency.. 4800.12 BogoMIPS (lpj=9600256)
Mar  2 08:46:57 ip-172-31-69-27 kernel: [    0.009640] pid_max: default: 32768 minimum: 301
Mar  2 08:46:57 ip-172-31-69-27 kernel: [    0.012015] ACPI: Core revision 20150930
Mar  2 08:46:57 ip-172-31-69-27 kernel: [    0.020589] ACPI: 3 ACPI AML tables successfully acquired and loaded
Mar  2 08:46:57 ip-172-31-69-27 kernel: [    0.024032] Security Framework initialized
Mar  2 08:46:57 ip-172-31-69-27 kernel: [    0.026175] Yama: becoming mindful.
Mar  2 08:46:57 ip-172-31-69-27 kernel: [    0.028024] AppArmor: AppArmor initialized
Mar  2 08:46:57 ip-172-31-69-27 kernel: [    0.030222] Dentry cache hash table entries: 131072 (order: 8, 1048576 bytes)
Mar  2 08:46:57 ip-172-31-69-27 kernel: [    0.032178] Inode-cache hash table entries: 65536 (order: 7, 524288 bytes)
Mar  2 08:46:57 ip-172-31-69-27 kernel: [    0.036080] Mount-cache hash table entries: 2048 (order: 2, 16384 bytes)
Mar  2 08:46:57 ip-172-31-69-27 kernel: [    0.040008] Mountpoint-cache hash table entries: 2048 (order: 2, 16384 bytes)
Mar  2 08:46:57 ip-172-31-69-27 kernel: [    0.044180] Initializing cgroup subsys io
Mar  2 08:46:57 ip-172-31-69-27 kernel: [    0.046345] Initializing cgroup subsys memory
Mar  2 08:46:57 ip-172-31-69-27 kernel: [    0.048013] Initializing cgroup subsys devices
Mar  2 08:46:57 ip-172-31-69-27 kernel: [    0.050408] Initializing cgroup subsys freezer
Mar  2 08:46:57 ip-172-31-69-27 kernel: [    0.052008] Initializing cgroup subsys net_cls
Mar  2 08:46:57 ip-172-31-69-27 kernel: [    0.054254] Initializing cgroup subsys perf_event
Mar  2 08:46:57 ip-172-31-69-27 kernel: [    0.056006] Initializing cgroup subsys net_prio
Mar  2 08:46:57 ip-172-31-69-27 kernel: [    0.060006] Initializing cgroup subsys hugetlb
Mar  2 08:46:57 ip-172-31-69-27 kernel: [    0.062301] Initializing cgroup subsys pids
Mar  2 08:46:57 ip-172-31-69-27 kernel: [    0.064064] CPU: Physical Processor ID: 0
Mar  2 08:46:57 ip-172-31-69-27 kernel: [    0.066190] FEATURE SPEC_CTRL Not Present
Mar  2 08:46:57 ip-172-31-69-27 kernel: [    0.068736] mce: CPU supports 2 MCE banks
Mar  2 08:46:57 ip-172-31-69-27 kernel: [    0.072025] Last level iTLB entries: 4KB 1024, 2MB 1024, 4MB 1024
Mar  2 08:46:57 ip-172-31-69-27 kernel: [    0.074934] Last level dTLB entries: 4KB 1024, 2MB 1024, 4MB 1024, 1GB 4
Mar  2 08:46:57 ip-172-31-69-27 kernel: [    0.076004] Spectre V2 mitigation: Mitigation: Full generic retpoline
Mar  2 08:46:57 ip-172-31-69-27 kernel: [    0.080004] Spectre V2 mitigation: Speculation control IBPB not-supported IBRS not-supported
Mar  2 08:46:57 ip-172-31-69-27 kernel: [    0.103364] ftrace: allocating 31292 entries in 123 pages
Mar  2 08:46:57 ip-172-31-69-27 kernel: [    0.144096] smpboot: APIC(0) Converting physical 0 to logical package 0
Mar  2 08:46:57 ip-172-31-69-27 kernel: [    0.148005] smpboot: Max logical packages: 15
Mar  2 08:46:57 ip-172-31-69-27 kernel: [    0.150969] x2apic: IRQ remapping doesn't support X2APIC mode
Mar  2 08:46:57 ip-172-31-69-27 kernel: [    0.152005] Switched APIC routing to physical flat.
Mar  2 08:46:57 ip-172-31-69-27 kernel: [    0.158042] ..TIMER: vector=0x30 apic1=0 pin1=2 apic2=0 pin2=0
Mar  2 08:46:57 ip-172-31-69-27 kernel: [    0.160004] clocksource: xen: mask: 0xffffffffffffffff max_cycles: 0x1cd42e4dffb, max_idle_ns: 881590591483 ns
Mar  2 08:46:57 ip-172-31-69-27 kernel: [    0.164009] Xen: using vcpuop timer interface
Mar  2 08:46:57 ip-172-31-69-27 kernel: [    0.164016] installing Xen timer for CPU 0
Mar  2 08:46:57 ip-172-31-69-27 kernel: [    0.168074] smpboot: CPU0: Intel(R) Xeon(R) CPU E5-2676 v3 @ 2.40GHz (family: 0x6, model: 0x3f, stepping: 0x2)
Mar  2 08:46:57 ip-172-31-69-27 kernel: [    0.173409] cpu 0 spinlock event irq 53
Mar  2 08:46:57 ip-172-31-69-27 kernel: [    0.175605] Performance Events: unsupported p6 CPU model 63 no PMU driver, software events only.
Mar  2 08:46:57 ip-172-31-69-27 kernel: [    0.180390] x86: Booted up 1 node, 1 CPUs
Mar  2 08:46:57 ip-172-31-69-27 kernel: [    0.182753] smpboot: Total of 1 processors activated (4800.12 BogoMIPS)
Mar  2 08:46:57 ip-172-31-69-27 kernel: [    0.184012] NMI watchdog: disabled (cpu0): hardware events not enabled
Mar  2 08:46:57 ip-172-31-69-27 kernel: [    0.187249] NMI watchdog: Shutting down hard lockup detector on all cpus
Mar  2 08:46:57 ip-172-31-69-27 kernel: [    0.188336] devtmpfs: initialized
Mar  2 08:46:57 ip-172-31-69-27 kernel: [    0.191821] evm: security.selinux
Mar  2 08:46:57 ip-172-31-69-27 kernel: [    0.192008] evm: security.SMACK64
Mar  2 08:46:57 ip-172-31-69-27 kernel: [    0.194032] evm: security.SMACK64EXEC
Mar  2 08:46:57 ip-172-31-69-27 kernel: [    0.196004] evm: security.SMACK64TRANSMUTE
Mar  2 08:46:57 ip-172-31-69-27 kernel: [    0.198368] evm: security.SMACK64MMAP
Mar  2 08:46:57 ip-172-31-69-27 kernel: [    0.200007] evm: security.ima
Mar  2 08:46:57 ip-172-31-69-27 kernel: [    0.201789] evm: security.capability
Mar  2 08:46:57 ip-172-31-69-27 kernel: [    0.204000] clocksource: jiffies: mask: 0xffffffff max_cycles: 0xffffffff, max_idle_ns: 7645041785100000 ns
Mar  2 08:46:57 ip-172-31-69-27 kernel: [    0.204030] futex hash table entries: 4096 (order: 6, 262144 bytes)
Mar  2 08:46:57 ip-172-31-69-27 kernel: [    0.207486] RTC time: 12:46:49, date: 03/02/18
Mar  2 08:46:57 ip-172-31-69-27 kernel: [    0.208141] NET: Registered protocol family 16
Mar  2 08:46:57 ip-172-31-69-27 kernel: [    0.212155] cpuidle: using governor ladder
Mar  2 08:46:57 ip-172-31-69-27 kernel: [    0.214452] cpuidle: using governor menu
Mar  2 08:46:57 ip-172-31-69-27 kernel: [    0.216015] PCCT header not found.
Mar  2 08:46:57 ip-172-31-69-27 kernel: [    0.218103] ACPI: bus type PCI registered
Mar  2 08:46:57 ip-172-31-69-27 kernel: [    0.220007] acpiphp: ACPI Hot Plug PCI Controller Driver version: 0.5
Mar  2 08:46:57 ip-172-31-69-27 kernel: [    0.223658] PCI: Using configuration type 1 for base access
Mar  2 08:46:57 ip-172-31-69-27 kernel: [    0.225044] ACPI: Added _OSI(Module Device)
Mar  2 08:46:57 ip-172-31-69-27 kernel: [    0.227396] ACPI: Added _OSI(Processor Device)
Mar  2 08:46:57 ip-172-31-69-27 kernel: [    0.228005] ACPI: Added _OSI(3.0 _SCP Extensions)
Mar  2 08:46:57 ip-172-31-69-27 kernel: [    0.230638] ACPI: Added _OSI(Processor Aggregator Device)
Mar  2 08:46:57 ip-172-31-69-27 kernel: [    0.233035] xen: --> pirq=16 -> irq=9 (gsi=9)
Mar  2 08:46:57 ip-172-31-69-27 kernel: [    0.235766] ACPI: Interpreter enabled
Mar  2 08:46:57 ip-172-31-69-27 kernel: [    0.236016] ACPI: (supports S0 S4 S5)
Mar  2 08:46:57 ip-172-31-69-27 kernel: [    0.238133] ACPI: Using IOAPIC for interrupt routing
Mar  2 08:46:57 ip-172-31-69-27 kernel: [    0.240032] PCI: Using host bridge windows from ACPI; if necessary, use "pci=nocrs" and report a bug
Mar  2 08:46:57 ip-172-31-69-27 kernel: [    0.282137] ACPI: PCI Root Bridge [PCI0] (domain 0000 [bus 00-ff])
Mar  2 08:46:57 ip-172-31-69-27 kernel: [    0.284013] acpi PNP0A03:00: _OSC: OS supports [ASPM ClockPM Segments MSI]
Mar  2 08:46:57 ip-172-31-69-27 kernel: [    0.287634] acpi PNP0A03:00: _OSC failed (AE_NOT_FOUND); disabling ASPM
Mar  2 08:46:57 ip-172-31-69-27 kernel: [    0.288019] acpi PNP0A03:00: fail to add MMCONFIG information, can't access extended PCI configuration space under this bridge.
Mar  2 08:46:57 ip-172-31-69-27 kernel: [    0.292926] acpiphp: Slot [0] registered
Mar  2 08:46:57 ip-172-31-69-27 kernel: [    0.295986] acpiphp: Slot [3] registered
Mar  2 08:46:57 ip-172-31-69-27 kernel: [    0.296228] acpiphp: Slot [4] registered
Mar  2 08:46:57 ip-172-31-69-27 kernel: [    0.298797] acpiphp: Slot [5] registered
Mar  2 08:46:57 ip-172-31-69-27 kernel: [    0.300242] acpiphp: Slot [6] registered
Mar  2 08:46:57 ip-172-31-69-27 kernel: [    0.302670] acpiphp: Slot [7] registered
Mar  2 08:46:57 ip-172-31-69-27 kernel: [    0.304227] acpiphp: Slot [8] registered
Mar  2 08:46:57 ip-172-31-69-27 kernel: [    0.306651] acpiphp: Slot [9] registered
Mar  2 08:46:57 ip-172-31-69-27 kernel: [    0.308231] acpiphp: Slot [10] registered
Mar  2 08:46:57 ip-172-31-69-27 kernel: [    0.310742] acpiphp: Slot [11] registered
Mar  2 08:46:57 ip-172-31-69-27 kernel: [    0.312239] acpiphp: Slot [12] registered
Mar  2 08:46:57 ip-172-31-69-27 kernel: [    0.314779] acpiphp: Slot [13] registered
Mar  2 08:46:57 ip-172-31-69-27 kernel: [    0.316236] acpiphp: Slot [14] registered
Mar  2 08:46:57 ip-172-31-69-27 kernel: [    0.318708] acpiphp: Slot [15] registered
Mar  2 08:46:57 ip-172-31-69-27 kernel: [    0.320225] acpiphp: Slot [16] registered
Mar  2 08:46:57 ip-172-31-69-27 kernel: [    0.322702] acpiphp: Slot [17] registered
Mar  2 08:46:57 ip-172-31-69-27 kernel: [    0.324234] acpiphp: Slot [18] registered
Mar  2 08:46:57 ip-172-31-69-27 kernel: [    0.326770] acpiphp: Slot [19] registered
Mar  2 08:46:57 ip-172-31-69-27 kernel: [    0.328232] acpiphp: Slot [20] registered
Mar  2 08:46:57 ip-172-31-69-27 kernel: [    0.330701] acpiphp: Slot [21] registered
Mar  2 08:46:57 ip-172-31-69-27 kernel: [    0.332242] acpiphp: Slot [22] registered
Mar  2 08:46:57 ip-172-31-69-27 kernel: [    0.334760] acpiphp: Slot [23] registered
Mar  2 08:46:57 ip-172-31-69-27 kernel: [    0.336236] acpiphp: Slot [24] registered
Mar  2 08:46:57 ip-172-31-69-27 kernel: [    0.338739] acpiphp: Slot [25] registered
Mar  2 08:46:57 ip-172-31-69-27 kernel: [    0.340232] acpiphp: Slot [26] registered
Mar  2 08:46:57 ip-172-31-69-27 kernel: [    0.342791] acpiphp: Slot [27] registered
Mar  2 08:46:57 ip-172-31-69-27 kernel: [    0.344235] acpiphp: Slot [28] registered
Mar  2 08:46:57 ip-172-31-69-27 kernel: [    0.346861] acpiphp: Slot [29] registered
Mar  2 08:46:57 ip-172-31-69-27 kernel: [    0.348236] acpiphp: Slot [30] registered
Mar  2 08:46:57 ip-172-31-69-27 kernel: [    0.350786] acpiphp: Slot [31] registered
Mar  2 08:46:57 ip-172-31-69-27 kernel: [    0.352268] PCI host bridge to bus 0000:00
Mar  2 08:46:57 ip-172-31-69-27 kernel: [    0.354585] pci_bus 0000:00: root bus resource [io  0x0000-0x0cf7 window]
Mar  2 08:46:57 ip-172-31-69-27 kernel: [    0.356007] pci_bus 0000:00: root bus resource [io  0x0d00-0xffff window]
Mar  2 08:46:57 ip-172-31-69-27 kernel: [    0.359430] pci_bus 0000:00: root bus resource [mem 0x000a0000-0x000bffff window]
Mar  2 08:46:57 ip-172-31-69-27 kernel: [    0.360008] pci_bus 0000:00: root bus resource [mem 0xf0000000-0xfbffffff window]
Mar  2 08:46:57 ip-172-31-69-27 kernel: [    0.364000] pci_bus 0000:00: root bus resource [bus 00-ff]
Mar  2 08:46:57 ip-172-31-69-27 kernel: [    0.367077] pci 0000:00:00.0: [8086:1237] type 00 class 0x060000
Mar  2 08:46:57 ip-172-31-69-27 kernel: [    0.368372] pci 0000:00:01.0: [8086:7000] type 00 class 0x060100
Mar  2 08:46:57 ip-172-31-69-27 kernel: [    0.370380] pci 0000:00:01.1: [8086:7010] type 00 class 0x010180
Mar  2 08:46:57 ip-172-31-69-27 kernel: [    0.371369] pci 0000:00:01.1: reg 0x20: [io  0xc100-0xc10f]
Mar  2 08:46:57 ip-172-31-69-27 kernel: [    0.371820] pci 0000:00:01.1: legacy IDE quirk: reg 0x10: [io  0x01f0-0x01f7]
Mar  2 08:46:57 ip-172-31-69-27 kernel: [    0.372013] pci 0000:00:01.1: legacy IDE quirk: reg 0x14: [io  0x03f6]
Mar  2 08:46:57 ip-172-31-69-27 kernel: [    0.375627] pci 0000:00:01.1: legacy IDE quirk: reg 0x18: [io  0x0170-0x0177]
Mar  2 08:46:57 ip-172-31-69-27 kernel: [    0.376011] pci 0000:00:01.1: legacy IDE quirk: reg 0x1c: [io  0x0376]
Mar  2 08:46:57 ip-172-31-69-27 kernel: [    0.380000] pci 0000:00:01.3: [8086:7113] type 00 class 0x068000
Mar  2 08:46:57 ip-172-31-69-27 kernel: [    0.380044] * Found PM-Timer Bug on the chipset. Due to workarounds for a bug,
Mar  2 08:46:57 ip-172-31-69-27 kernel: [    0.380044] * this clock source is slow. Consider trying other clock sources
Mar  2 08:46:57 ip-172-31-69-27 kernel: [    0.385091] pci 0000:00:01.3: quirk: [io  0xb000-0xb03f] claimed by PIIX4 ACPI
Mar  2 08:46:57 ip-172-31-69-27 kernel: [    0.388801] pci 0000:00:02.0: [1013:00b8] type 00 class 0x030000
Mar  2 08:46:57 ip-172-31-69-27 kernel: [    0.389090] pci 0000:00:02.0: reg 0x10: [mem 0xf0000000-0xf1ffffff pref]
Mar  2 08:46:57 ip-172-31-69-27 kernel: [    0.389274] pci 0000:00:02.0: reg 0x14: [mem 0xf3000000-0xf3000fff]
Mar  2 08:46:57 ip-172-31-69-27 kernel: [    0.391052] pci 0000:00:03.0: [5853:0001] type 00 class 0xff8000
Mar  2 08:46:57 ip-172-31-69-27 kernel: [    0.391397] pci 0000:00:03.0: reg 0x10: [io  0xc000-0xc0ff]
Mar  2 08:46:57 ip-172-31-69-27 kernel: [    0.391590] pci 0000:00:03.0: reg 0x14: [mem 0xf2000000-0xf2ffffff pref]
Mar  2 08:46:57 ip-172-31-69-27 kernel: [    0.393868] ACPI: PCI Interrupt Link [LNKA] (IRQs *5 10 11)
Mar  2 08:46:57 ip-172-31-69-27 kernel: [    0.398121] ACPI: PCI Interrupt Link [LNKB] (IRQs 5 *10 11)
Mar  2 08:46:57 ip-172-31-69-27 kernel: [    0.402770] ACPI: PCI Interrupt Link [LNKC] (IRQs 5 10 *11)
Mar  2 08:46:57 ip-172-31-69-27 kernel: [    0.406534] ACPI: PCI Interrupt Link [LNKD] (IRQs *5 10 11)
Mar  2 08:46:57 ip-172-31-69-27 kernel: [    0.424409] ACPI: Enabled 2 GPEs in block 00 to 0F
Mar  2 08:46:57 ip-172-31-69-27 kernel: [    0.427810] xen:balloon: Initialising balloon driver
Mar  2 08:46:57 ip-172-31-69-27 kernel: [    0.428136] vgaarb: setting as boot device: PCI:0000:00:02.0
Mar  2 08:46:57 ip-172-31-69-27 kernel: [    0.431215] vgaarb: device added: PCI:0000:00:02.0,decodes=io+mem,owns=io+mem,locks=none
Mar  2 08:46:57 ip-172-31-69-27 kernel: [    0.432005] vgaarb: loaded
Mar  2 08:46:57 ip-172-31-69-27 kernel: [    0.433808] vgaarb: bridge control possible 0000:00:02.0
Mar  2 08:46:57 ip-172-31-69-27 kernel: [    0.436214] SCSI subsystem initialized
Mar  2 08:46:57 ip-172-31-69-27 kernel: [    0.438486] libata version 3.00 loaded.
Mar  2 08:46:57 ip-172-31-69-27 kernel: [    0.438511] ACPI: bus type USB registered
Mar  2 08:46:57 ip-172-31-69-27 kernel: [    0.440027] usbcore: registered new interface driver usbfs
Mar  2 08:46:57 ip-172-31-69-27 kernel: [    0.442899] usbcore: registered new interface driver hub
Mar  2 08:46:57 ip-172-31-69-27 kernel: [    0.444035] usbcore: registered new device driver usb
Mar  2 08:46:57 ip-172-31-69-27 kernel: [    0.446909] PCI: Using ACPI for IRQ routing
Mar  2 08:46:57 ip-172-31-69-27 kernel: [    0.448006] PCI: pci_cache_line_size set to 64 bytes
Mar  2 08:46:57 ip-172-31-69-27 kernel: [    0.448322] e820: reserve RAM buffer [mem 0x0009e000-0x0009ffff]
Mar  2 08:46:57 ip-172-31-69-27 kernel: [    0.448440] NetLabel: Initializing
Mar  2 08:46:57 ip-172-31-69-27 kernel: [    0.450509] NetLabel:  domain hash size = 128
Mar  2 08:46:57 ip-172-31-69-27 kernel: [    0.452006] NetLabel:  protocols = UNLABELED CIPSOv4
Mar  2 08:46:57 ip-172-31-69-27 kernel: [    0.454654] NetLabel:  unlabeled traffic allowed by default
Mar  2 08:46:57 ip-172-31-69-27 kernel: [    0.456106] HPET: 3 timers in total, 0 timers will be used for per-cpu timer
Mar  2 08:46:57 ip-172-31-69-27 kernel: [    0.459820] hpet0: at MMIO 0xfed00000, IRQs 2, 8, 0
Mar  2 08:46:57 ip-172-31-69-27 kernel: [    0.461983] hpet0: 3 comparators, 64-bit 62.500000 MHz counter
Mar  2 08:46:57 ip-172-31-69-27 kernel: [    0.466045] amd_nb: Cannot enumerate AMD northbridges
Mar  2 08:46:57 ip-172-31-69-27 kernel: [    0.468019] clocksource: Switched to clocksource xen
Mar  2 08:46:57 ip-172-31-69-27 kernel: [    0.475926] AppArmor: AppArmor Filesystem Enabled
Mar  2 08:46:57 ip-172-31-69-27 kernel: [    0.478579] pnp: PnP ACPI init
Mar  2 08:46:57 ip-172-31-69-27 kernel: [    0.480549] system 00:00: [mem 0x00000000-0x0009ffff] could not be reserved
Mar  2 08:46:57 ip-172-31-69-27 kernel: [    0.484184] system 00:00: Plug and Play ACPI device, IDs PNP0c02 (active)
Mar  2 08:46:57 ip-172-31-69-27 kernel: [    0.484272] system 00:01: [io  0x08a0-0x08a3] has been reserved
Mar  2 08:46:57 ip-172-31-69-27 kernel: [    0.487467] system 00:01: [io  0x0cc0-0x0ccf] has been reserved
Mar  2 08:46:57 ip-172-31-69-27 kernel: [    0.490504] system 00:01: [io  0x04d0-0x04d1] has been reserved
Mar  2 08:46:57 ip-172-31-69-27 kernel: [    0.493839] system 00:01: Plug and Play ACPI device, IDs PNP0c02 (active)
Mar  2 08:46:57 ip-172-31-69-27 kernel: [    0.493867] xen: --> pirq=17 -> irq=8 (gsi=8)
Mar  2 08:46:57 ip-172-31-69-27 kernel: [    0.493890] pnp 00:02: Plug and Play ACPI device, IDs PNP0b00 (active)
Mar  2 08:46:57 ip-172-31-69-27 kernel: [    0.493914] xen: --> pirq=18 -> irq=12 (gsi=12)
Mar  2 08:46:57 ip-172-31-69-27 kernel: [    0.493928] pnp 00:03: Plug and Play ACPI device, IDs PNP0f13 (active)
Mar  2 08:46:57 ip-172-31-69-27 kernel: [    0.493945] xen: --> pirq=19 -> irq=1 (gsi=1)
Mar  2 08:46:57 ip-172-31-69-27 kernel: [    0.493958] pnp 00:04: Plug and Play ACPI device, IDs PNP0303 PNP030b (active)
Mar  2 08:46:57 ip-172-31-69-27 kernel: [    0.493974] xen: --> pirq=20 -> irq=6 (gsi=6)
Mar  2 08:46:57 ip-172-31-69-27 kernel: [    0.493976] pnp 00:05: [dma 2]
Mar  2 08:46:57 ip-172-31-69-27 kernel: [    0.493989] pnp 00:05: Plug and Play ACPI device, IDs PNP0700 (active)
Mar  2 08:46:57 ip-172-31-69-27 kernel: [    0.494012] xen: --> pirq=21 -> irq=4 (gsi=4)
Mar  2 08:46:57 ip-172-31-69-27 kernel: [    0.494024] pnp 00:06: Plug and Play ACPI device, IDs PNP0501 (active)
Mar  2 08:46:57 ip-172-31-69-27 kernel: [    0.494063] system 00:07: [io  0x10c0-0x1141] has been reserved
Mar  2 08:46:57 ip-172-31-69-27 kernel: [    0.497127] system 00:07: [io  0xb044-0xb047] has been reserved
Mar  2 08:46:57 ip-172-31-69-27 kernel: [    0.500236] system 00:07: Plug and Play ACPI device, IDs PNP0c02 (active)
Mar  2 08:46:57 ip-172-31-69-27 kernel: [    0.514440] pnp: PnP ACPI: found 8 devices
Mar  2 08:46:57 ip-172-31-69-27 kernel: [    0.522336] clocksource: acpi_pm: mask: 0xffffff max_cycles: 0xffffff, max_idle_ns: 2085701024 ns
Mar  2 08:46:57 ip-172-31-69-27 kernel: [    0.529411] pci_bus 0000:00: resource 4 [io  0x0000-0x0cf7 window]
Mar  2 08:46:57 ip-172-31-69-27 kernel: [    0.529414] pci_bus 0000:00: resource 5 [io  0x0d00-0xffff window]
Mar  2 08:46:57 ip-172-31-69-27 kernel: [    0.529416] pci_bus 0000:00: resource 6 [mem 0x000a0000-0x000bffff window]
Mar  2 08:46:57 ip-172-31-69-27 kernel: [    0.529418] pci_bus 0000:00: resource 7 [mem 0xf0000000-0xfbffffff window]
Mar  2 08:46:57 ip-172-31-69-27 kernel: [    0.529459] NET: Registered protocol family 2
Mar  2 08:46:57 ip-172-31-69-27 kernel: [    0.532774] TCP established hash table entries: 8192 (order: 4, 65536 bytes)
Mar  2 08:46:57 ip-172-31-69-27 kernel: [    0.537066] TCP bind hash table entries: 8192 (order: 5, 131072 bytes)
Mar  2 08:46:57 ip-172-31-69-27 kernel: [    0.541086] TCP: Hash tables configured (established 8192 bind 8192)
Mar  2 08:46:57 ip-172-31-69-27 kernel: [    0.545036] UDP hash table entries: 512 (order: 2, 16384 bytes)
Mar  2 08:46:57 ip-172-31-69-27 kernel: [    0.548754] UDP-Lite hash table entries: 512 (order: 2, 16384 bytes)
Mar  2 08:46:57 ip-172-31-69-27 kernel: [    0.552714] NET: Registered protocol family 1
Mar  2 08:46:57 ip-172-31-69-27 kernel: [    0.555662] pci 0000:00:00.0: Limiting direct PCI/PCI transfers
Mar  2 08:46:57 ip-172-31-69-27 kernel: [    0.559428] pci 0000:00:01.0: PIIX3: Enabling Passive Release
Mar  2 08:46:57 ip-172-31-69-27 kernel: [    0.563118] pci 0000:00:01.0: Activating ISA DMA hang workarounds
Mar  2 08:46:57 ip-172-31-69-27 kernel: [    0.566922] pci 0000:00:02.0: Video device with shadowed ROM
Mar  2 08:46:57 ip-172-31-69-27 kernel: [    0.566973] PCI: CLS 0 bytes, default 64
Mar  2 08:46:57 ip-172-31-69-27 kernel: [    0.567026] Trying to unpack rootfs image as initramfs...
Mar  2 08:46:57 ip-172-31-69-27 kernel: [    0.752482] Freeing initrd memory: 12336K
Mar  2 08:46:57 ip-172-31-69-27 kernel: [    0.755631] RAPL PMU detected, API unit is 2^-32 Joules, 3 fixed counters 655360 ms ovfl timer
Mar  2 08:46:57 ip-172-31-69-27 kernel: [    0.765858] hw unit of domain pp0-core 2^-14 Joules
Mar  2 08:46:57 ip-172-31-69-27 kernel: [    0.768803] hw unit of domain package 2^-14 Joules
Mar  2 08:46:57 ip-172-31-69-27 kernel: [    0.771724] hw unit of domain dram 2^-16 Joules
Mar  2 08:46:57 ip-172-31-69-27 kernel: [    0.774663] Scanning for low memory corruption every 60 seconds
Mar  2 08:46:57 ip-172-31-69-27 kernel: [    0.778538] audit: initializing netlink subsys (disabled)
Mar  2 08:46:57 ip-172-31-69-27 kernel: [    0.781808] audit: type=2000 audit(1519994809.832:1): initialized
Mar  2 08:46:57 ip-172-31-69-27 kernel: [    0.785888] Initialise system trusted keyring
Mar  2 08:46:57 ip-172-31-69-27 kernel: [    0.788961] HugeTLB registered 2 MB page size, pre-allocated 0 pages
Mar  2 08:46:57 ip-172-31-69-27 kernel: [    0.794089] zbud: loaded
Mar  2 08:46:57 ip-172-31-69-27 kernel: [    0.796366] VFS: Disk quotas dquot_6.6.0
Mar  2 08:46:57 ip-172-31-69-27 kernel: [    0.799044] VFS: Dquot-cache hash table entries: 512 (order 0, 4096 bytes)
Mar  2 08:46:57 ip-172-31-69-27 kernel: [    0.803635] squashfs: version 4.0 (2009/01/31) Phillip Lougher
Mar  2 08:46:57 ip-172-31-69-27 kernel: [    0.807614] fuse init (API version 7.23)
Mar  2 08:46:57 ip-172-31-69-27 kernel: [    0.810425] Key type big_key registered
Mar  2 08:46:57 ip-172-31-69-27 kernel: [    0.813127] Allocating IMA MOK and blacklist keyrings.
Mar  2 08:46:57 ip-172-31-69-27 kernel: [    0.816609] Key type asymmetric registered
Mar  2 08:46:57 ip-172-31-69-27 kernel: [    0.819389] Asymmetric key parser 'x509' registered
Mar  2 08:46:57 ip-172-31-69-27 kernel: [    0.822665] Block layer SCSI generic (bsg) driver version 0.4 loaded (major 249)
Mar  2 08:46:57 ip-172-31-69-27 kernel: [    0.827524] io scheduler noop registered
Mar  2 08:46:57 ip-172-31-69-27 kernel: [    0.830205] io scheduler deadline registered (default)
Mar  2 08:46:57 ip-172-31-69-27 kernel: [    0.833609] io scheduler cfq registered
Mar  2 08:46:57 ip-172-31-69-27 kernel: [    0.836408] pci_hotplug: PCI Hot Plug PCI Core version: 0.5
Mar  2 08:46:57 ip-172-31-69-27 kernel: [    0.840088] pciehp: PCI Express Hot Plug Controller Driver version: 0.4
Mar  2 08:46:57 ip-172-31-69-27 kernel: [    0.844344] intel_idle: does not run on family 6 model 63
Mar  2 08:46:57 ip-172-31-69-27 kernel: [    0.844416] input: Power Button as /devices/LNXSYSTM:00/LNXPWRBN:00/input/input0
Mar  2 08:46:57 ip-172-31-69-27 kernel: [    0.849121] ACPI: Power Button [PWRF]
Mar  2 08:46:57 ip-172-31-69-27 kernel: [    0.851617] input: Sleep Button as /devices/LNXSYSTM:00/LNXSLPBN:00/input/input1
Mar  2 08:46:57 ip-172-31-69-27 kernel: [    0.856270] ACPI: Sleep Button [SLPF]
Mar  2 08:46:57 ip-172-31-69-27 kernel: [    0.859059] xen: --> pirq=22 -> irq=28 (gsi=28)
Mar  2 08:46:57 ip-172-31-69-27 kernel: [    0.859139] xen:grant_table: Grant tables using version 1 layout
Mar  2 08:46:57 ip-172-31-69-27 kernel: [    0.862719] Grant table initialized
Mar  2 08:46:57 ip-172-31-69-27 kernel: [    0.865053] Cannot get hvm parameter CONSOLE_EVTCHN (18): -22!
Mar  2 08:46:57 ip-172-31-69-27 kernel: [    0.868709] Serial: 8250/16550 driver, 4 ports, IRQ sharing enabled
Mar  2 08:46:57 ip-172-31-69-27 kernel: [    0.898964] 00:06: ttyS0 at I/O 0x3f8 (irq = 4, base_baud = 115200) is a 16550A
Mar  2 08:46:57 ip-172-31-69-27 kernel: [    0.904421] Linux agpgart interface v0.103
Mar  2 08:46:57 ip-172-31-69-27 kernel: [    0.909274] brd: module loaded
Mar  2 08:46:57 ip-172-31-69-27 kernel: [    0.912425] loop: module loaded
Mar  2 08:46:57 ip-172-31-69-27 kernel: [    0.914719] Invalid max_queues (4), will use default max: 1.
Mar  2 08:46:57 ip-172-31-69-27 kernel: [    0.919157] ata_piix 0000:00:01.1: version 2.13
Mar  2 08:46:57 ip-172-31-69-27 kernel: [    0.920043] scsi host0: ata_piix
Mar  2 08:46:57 ip-172-31-69-27 kernel: [    0.923927] scsi host1: ata_piix
Mar  2 08:46:57 ip-172-31-69-27 kernel: [    0.927144] ata1: PATA max MWDMA2 cmd 0x1f0 ctl 0x3f6 bmdma 0xc100 irq 14
Mar  2 08:46:57 ip-172-31-69-27 kernel: [    0.931609] ata2: PATA max MWDMA2 cmd 0x170 ctl 0x376 bmdma 0xc108 irq 15
Mar  2 08:46:57 ip-172-31-69-27 kernel: [    0.937620] libphy: Fixed MDIO Bus: probed
Mar  2 08:46:57 ip-172-31-69-27 kernel: [    0.942366] tun: Universal TUN/TAP device driver, 1.6
Mar  2 08:46:57 ip-172-31-69-27 kernel: [    0.946346] tun: (C) 1999-2004 Max Krasnyansky <maxk@qualcomm.com>
Mar  2 08:46:57 ip-172-31-69-27 kernel: [    0.950217] PPP generic driver version 2.4.2
Mar  2 08:46:57 ip-172-31-69-27 kernel: [    0.953200] xen_netfront: Initialising Xen virtual ethernet driver
Mar  2 08:46:57 ip-172-31-69-27 kernel: [    0.959952] ehci_hcd: USB 2.0 'Enhanced' Host Controller (EHCI) Driver
Mar  2 08:46:57 ip-172-31-69-27 kernel: [    0.969362] ehci-pci: EHCI PCI platform driver
Mar  2 08:46:57 ip-172-31-69-27 kernel: [    0.972671] ehci-platform: EHCI generic platform driver
Mar  2 08:46:57 ip-172-31-69-27 kernel: [    0.976156] ohci_hcd: USB 1.1 'Open' Host Controller (OHCI) Driver
Mar  2 08:46:57 ip-172-31-69-27 kernel: [    0.979982] ohci-pci: OHCI PCI platform driver
Mar  2 08:46:57 ip-172-31-69-27 kernel: [    0.982981] ohci-platform: OHCI generic platform driver
Mar  2 08:46:57 ip-172-31-69-27 kernel: [    0.986390] uhci_hcd: USB Universal Host Controller Interface driver
Mar  2 08:46:57 ip-172-31-69-27 kernel: [    0.991217] i8042: PNP: PS/2 Controller [PNP0303:PS2K,PNP0f13:PS2M] at 0x60,0x64 irq 1,12
Mar  2 08:46:57 ip-172-31-69-27 kernel: [    1.000073] serio: i8042 KBD port at 0x60,0x64 irq 1
Mar  2 08:46:57 ip-172-31-69-27 kernel: [    1.003671] serio: i8042 AUX port at 0x60,0x64 irq 12
Mar  2 08:46:57 ip-172-31-69-27 kernel: [    1.007721] mousedev: PS/2 mouse device common for all mice
Mar  2 08:46:57 ip-172-31-69-27 kernel: [    1.012474] input: AT Translated Set 2 keyboard as /devices/platform/i8042/serio0/input/input2
Mar  2 08:46:57 ip-172-31-69-27 kernel: [    1.031165] rtc_cmos 00:02: rtc core: registered rtc_cmos as rtc0
Mar  2 08:46:57 ip-172-31-69-27 kernel: [    1.037083] rtc_cmos 00:02: alarms up to one day, 114 bytes nvram, hpet irqs
Mar  2 08:46:57 ip-172-31-69-27 kernel: [    1.041618] i2c /dev entries driver
Mar  2 08:46:57 ip-172-31-69-27 kernel: [    1.044449] device-mapper: uevent: version 1.0.3
Mar  2 08:46:57 ip-172-31-69-27 kernel: [    1.048314] device-mapper: ioctl: 4.34.0-ioctl (2015-10-28) initialised: dm-devel@redhat.com
Mar  2 08:46:57 ip-172-31-69-27 kernel: [    1.054692] NET: Registered protocol family 10
Mar  2 08:46:57 ip-172-31-69-27 kernel: [    1.057941] NET: Registered protocol family 17
Mar  2 08:46:57 ip-172-31-69-27 kernel: [    1.061701] Key type dns_resolver registered
Mar  2 08:46:57 ip-172-31-69-27 kernel: [    1.064777] microcode: CPU0 sig=0x306f2, pf=0x1, revision=0x3b
Mar  2 08:46:57 ip-172-31-69-27 kernel: [    1.068624] microcode: Microcode Update Driver: v2.01 <tigran@aivazian.fsnet.co.uk>, Peter Oruba
Mar  2 08:46:57 ip-172-31-69-27 kernel: [    1.074396] registered taskstats version 1
Mar  2 08:46:57 ip-172-31-69-27 kernel: [    1.077306] Loading compiled-in X.509 certificates
Mar  2 08:46:57 ip-172-31-69-27 kernel: [    1.081348] Loaded X.509 cert 'Build time autogenerated kernel key: eec6339c199f7c061573bf7e1d5d111f4e89c8c0'
Mar  2 08:46:57 ip-172-31-69-27 kernel: [    1.087615] zswap: loaded using pool lzo/zbud
Mar  2 08:46:57 ip-172-31-69-27 kernel: [    1.090710] blkfront: xvda: barrier or flush: disabled; persistent grants: disabled; indirect descriptors: enabled;
Mar  2 08:46:57 ip-172-31-69-27 kernel: [    1.099133] Key type trusted registered
Mar  2 08:46:57 ip-172-31-69-27 kernel: [    1.104171]  xvda: xvda1
Mar  2 08:46:57 ip-172-31-69-27 kernel: [    1.107435] Key type encrypted registered
Mar  2 08:46:57 ip-172-31-69-27 kernel: [    1.110033] AppArmor: AppArmor sha1 policy hashing enabled
Mar  2 08:46:57 ip-172-31-69-27 kernel: [    1.113328] ima: No TPM chip found, activating TPM-bypass!
Mar  2 08:46:57 ip-172-31-69-27 kernel: [    1.117287] evm: HMAC attrs: 0x1
Mar  2 08:46:57 ip-172-31-69-27 kernel: [    1.119994]   Magic number: 10:637:783
Mar  2 08:46:57 ip-172-31-69-27 kernel: [    1.122694] rtc_cmos 00:02: setting system clock to 2018-03-02 12:46:50 UTC (1519994810)
Mar  2 08:46:57 ip-172-31-69-27 kernel: [    1.127841] BIOS EDD facility v0.16 2004-Jun-25, 0 devices found
Mar  2 08:46:57 ip-172-31-69-27 kernel: [    1.131682] EDD information not available.
Mar  2 08:46:57 ip-172-31-69-27 kernel: [    1.134534] PM: Hibernation image not present or could not be loaded.
Mar  2 08:46:57 ip-172-31-69-27 kernel: [    1.136194] Freeing unused kernel memory: 1492K
Mar  2 08:46:57 ip-172-31-69-27 kernel: [    1.143830] Write protecting the kernel read-only data: 14336k
Mar  2 08:46:57 ip-172-31-69-27 kernel: [    1.150920] Freeing unused kernel memory: 1876K
Mar  2 08:46:57 ip-172-31-69-27 kernel: [    1.155204] Freeing unused kernel memory: 220K
Mar  2 08:46:57 ip-172-31-69-27 kernel: [    1.172048] random: udevadm: uninitialized urandom read (16 bytes read, 8 bits of entropy available)
Mar  2 08:46:57 ip-172-31-69-27 kernel: [    1.179645] random: systemd-udevd: uninitialized urandom read (16 bytes read, 8 bits of entropy available)
Mar  2 08:46:57 ip-172-31-69-27 kernel: [    1.187252] random: systemd-udevd: uninitialized urandom read (16 bytes read, 8 bits of entropy available)
Mar  2 08:46:57 ip-172-31-69-27 kernel: [    1.195029] random: udevadm: uninitialized urandom read (16 bytes read, 8 bits of entropy available)
Mar  2 08:46:57 ip-172-31-69-27 kernel: [    1.203696] random: systemd-udevd: uninitialized urandom read (16 bytes read, 8 bits of entropy available)
Mar  2 08:46:57 ip-172-31-69-27 kernel: [    1.215015] random: systemd-udevd: uninitialized urandom read (16 bytes read, 8 bits of entropy available)
Mar  2 08:46:57 ip-172-31-69-27 kernel: [    1.222530] random: udevadm: uninitialized urandom read (16 bytes read, 8 bits of entropy available)
Mar  2 08:46:57 ip-172-31-69-27 kernel: [    1.231057] random: systemd-udevd: uninitialized urandom read (16 bytes read, 8 bits of entropy available)
Mar  2 08:46:57 ip-172-31-69-27 kernel: [    1.239145] random: udevadm: uninitialized urandom read (16 bytes read, 8 bits of entropy available)
Mar  2 08:46:57 ip-172-31-69-27 kernel: [    1.246722] random: systemd-udevd: uninitialized urandom read (16 bytes read, 8 bits of entropy available)
Mar  2 08:46:57 ip-172-31-69-27 kernel: [    1.367816] AVX2 version of gcm_enc/dec engaged.
Mar  2 08:46:57 ip-172-31-69-27 kernel: [    1.370527] AES CTR mode by8 optimization enabled
Mar  2 08:46:57 ip-172-31-69-27 kernel: [    1.772105] tsc: Refined TSC clocksource calibration: 2399.997 MHz
Mar  2 08:46:57 ip-172-31-69-27 kernel: [    1.775654] clocksource: tsc: mask: 0xffffffffffffffff max_cycles: 0x229834d6ac9, max_idle_ns: 440795285103 ns
Mar  2 08:46:57 ip-172-31-69-27 kernel: [    2.861604] md: linear personality registered for level -1
Mar  2 08:46:57 ip-172-31-69-27 kernel: [    2.867640] md: multipath personality registered for level -4
Mar  2 08:46:57 ip-172-31-69-27 kernel: [    2.873688] md: raid0 personality registered for level 0
Mar  2 08:46:57 ip-172-31-69-27 kernel: [    2.880143] md: raid1 personality registered for level 1
Mar  2 08:46:57 ip-172-31-69-27 kernel: [    2.932061] raid6: sse2x1   gen()  8354 MB/s
Mar  2 08:46:57 ip-172-31-69-27 kernel: [    2.980062] raid6: sse2x1   xor()  6426 MB/s
Mar  2 08:46:57 ip-172-31-69-27 kernel: [    3.028064] raid6: sse2x2   gen() 10454 MB/s
Mar  2 08:46:57 ip-172-31-69-27 kernel: [    3.076061] raid6: sse2x2   xor()  7098 MB/s
Mar  2 08:46:57 ip-172-31-69-27 kernel: [    3.124062] raid6: sse2x4   gen() 11897 MB/s
Mar  2 08:46:57 ip-172-31-69-27 kernel: [    3.172059] raid6: sse2x4   xor()  8444 MB/s
Mar  2 08:46:57 ip-172-31-69-27 kernel: [    3.220063] raid6: avx2x1   gen() 16148 MB/s
Mar  2 08:46:57 ip-172-31-69-27 kernel: [    3.268071] raid6: avx2x2   gen() 18527 MB/s
Mar  2 08:46:57 ip-172-31-69-27 kernel: [    3.316066] raid6: avx2x4   gen() 21275 MB/s
Mar  2 08:46:57 ip-172-31-69-27 kernel: [    3.318669] raid6: using algorithm avx2x4 gen() 21275 MB/s
Mar  2 08:46:57 ip-172-31-69-27 kernel: [    3.321709] raid6: using avx2x2 recovery algorithm
Mar  2 08:46:57 ip-172-31-69-27 kernel: [    3.326645] xor: automatically using best checksumming function:
Mar  2 08:46:57 ip-172-31-69-27 kernel: [    3.368062]    avx       : 24490.000 MB/sec
Mar  2 08:46:57 ip-172-31-69-27 kernel: [    3.372829] async_tx: api initialized (async)
Mar  2 08:46:57 ip-172-31-69-27 kernel: [    3.387693] md: raid6 personality registered for level 6
Mar  2 08:46:57 ip-172-31-69-27 kernel: [    3.390711] md: raid5 personality registered for level 5
Mar  2 08:46:57 ip-172-31-69-27 kernel: [    3.393610] md: raid4 personality registered for level 4
Mar  2 08:46:57 ip-172-31-69-27 kernel: [    3.402258] md: raid10 personality registered for level 10
Mar  2 08:46:57 ip-172-31-69-27 kernel: [    3.441506] Btrfs loaded
Mar  2 08:46:57 ip-172-31-69-27 kernel: [    3.487670] EXT4-fs (xvda1): mounted filesystem with ordered data mode. Opts: (null)
Mar  2 08:46:57 ip-172-31-69-27 kernel: [    3.889971] Loading iSCSI transport class v2.0-870.
Mar  2 08:46:57 ip-172-31-69-27 kernel: [    3.910426] iscsi: registered transport (tcp)
Mar  2 08:46:57 ip-172-31-69-27 kernel: [    3.962894] EXT4-fs (xvda1): re-mounted. Opts: discard
Mar  2 08:46:57 ip-172-31-69-27 kernel: [    3.979370] iscsi: registered transport (iser)
Mar  2 08:46:57 ip-172-31-69-27 kernel: [    5.114022] audit: type=1400 audit(1519994814.488:2): apparmor="STATUS" operation="profile_load" profile="unconfined" name="lxc-container-default" pid=593 comm="apparmor_parser"
Mar  2 08:46:57 ip-172-31-69-27 kernel: [    5.114027] audit: type=1400 audit(1519994814.488:3): apparmor="STATUS" operation="profile_load" profile="unconfined" name="lxc-container-default-cgns" pid=593 comm="apparmor_parser"
Mar  2 08:46:57 ip-172-31-69-27 kernel: [    5.114031] audit: type=1400 audit(1519994814.488:4): apparmor="STATUS" operation="profile_load" profile="unconfined" name="lxc-container-default-with-mounting" pid=593 comm="apparmor_parser"
Mar  2 08:46:57 ip-172-31-69-27 kernel: [    5.114034] audit: type=1400 audit(1519994814.488:5): apparmor="STATUS" operation="profile_load" profile="unconfined" name="lxc-container-default-with-nesting" pid=593 comm="apparmor_parser"
Mar  2 08:46:57 ip-172-31-69-27 kernel: [    5.124584] audit: type=1400 audit(1519994814.500:6): apparmor="STATUS" operation="profile_load" profile="unconfined" name="/sbin/dhclient" pid=595 comm="apparmor_parser"
Mar  2 08:46:57 ip-172-31-69-27 kernel: [    5.124589] audit: type=1400 audit(1519994814.500:7): apparmor="STATUS" operation="profile_load" profile="unconfined" name="/usr/lib/NetworkManager/nm-dhcp-client.action" pid=595 comm="apparmor_parser"
Mar  2 08:46:57 ip-172-31-69-27 kernel: [    5.124593] audit: type=1400 audit(1519994814.500:8): apparmor="STATUS" operation="profile_load" profile="unconfined" name="/usr/lib/NetworkManager/nm-dhcp-helper" pid=595 comm="apparmor_parser"
Mar  2 08:46:57 ip-172-31-69-27 kernel: [    5.124596] audit: type=1400 audit(1519994814.500:9): apparmor="STATUS" operation="profile_load" profile="unconfined" name="/usr/lib/connman/scripts/dhclient-script" pid=595 comm="apparmor_parser"
Mar  2 08:46:57 ip-172-31-69-27 kernel: [    5.128590] audit: type=1400 audit(1519994814.504:10): apparmor="STATUS" operation="profile_load" profile="unconfined" name="/usr/bin/lxc-start" pid=598 comm="apparmor_parser"
Mar  2 08:46:57 ip-172-31-69-27 kernel: [    6.292950] ppdev: user-space parallel port driver
Mar  2 08:46:57 ip-172-31-69-27 kernel: [    7.568671] random: nonblocking pool is initialized
Mar  2 08:46:57 ip-172-31-69-27 systemd-modules-load[358]: Inserted module 'iscsi_tcp'
Mar  2 08:46:57 ip-172-31-69-27 systemd-modules-load[358]: Inserted module 'ib_iser'
Mar  2 08:46:57 ip-172-31-69-27 loadkeys[395]: Loading /etc/console-setup/cached.kmap.gz
Mar  2 08:46:57 ip-172-31-69-27 systemd[1]: Started Load Kernel Modules.
Mar  2 08:46:57 ip-172-31-69-27 systemd[1]: Started Create list of required static device nodes for the current kernel.
Mar  2 08:46:57 ip-172-31-69-27 systemd[1]: Started Remount Root and Kernel File Systems.
Mar  2 08:46:57 ip-172-31-69-27 systemd[1]: Started Uncomplicated firewall.
Mar  2 08:46:57 ip-172-31-69-27 systemd[1]: Started Set console keymap.
Mar  2 08:46:57 ip-172-31-69-27 systemd[1]: Started Nameserver information manager.
Mar  2 08:46:57 ip-172-31-69-27 systemd[1]: Started LVM2 metadata daemon.
Mar  2 08:46:57 ip-172-31-69-27 systemd[1]: Starting Initial cloud-init job (pre-networking)...
Mar  2 08:46:57 ip-172-31-69-27 systemd[1]: Starting Load/Save Random Seed...
Mar  2 08:46:57 ip-172-31-69-27 systemd[1]: Starting udev Coldplug all Devices...
Mar  2 08:46:57 ip-172-31-69-27 systemd[1]: Starting Create Static Device Nodes in /dev...
Mar  2 08:46:57 ip-172-31-69-27 systemd[1]: Starting Apply Kernel Variables...
Mar  2 08:46:57 ip-172-31-69-27 systemd[1]: Mounting FUSE Control File System...
Mar  2 08:46:57 ip-172-31-69-27 systemd[1]: Starting Flush Journal to Persistent Storage...
Mar  2 08:46:57 ip-172-31-69-27 systemd[1]: Mounted FUSE Control File System.
Mar  2 08:46:57 ip-172-31-69-27 systemd[1]: Started Load/Save Random Seed.
Mar  2 08:46:57 ip-172-31-69-27 systemd[1]: Started Create Static Device Nodes in /dev.
Mar  2 08:46:57 ip-172-31-69-27 systemd[1]: Started Apply Kernel Variables.
Mar  2 08:46:57 ip-172-31-69-27 systemd[1]: Started Flush Journal to Persistent Storage.
Mar  2 08:46:57 ip-172-31-69-27 systemd[1]: Starting udev Kernel Device Manager...
Mar  2 08:46:57 ip-172-31-69-27 systemd[1]: Started udev Coldplug all Devices.
Mar  2 08:46:57 ip-172-31-69-27 systemd[1]: Started udev Kernel Device Manager.
Mar  2 08:46:57 ip-172-31-69-27 systemd[1]: Started Dispatch Password Requests to Console Directory Watch.
Mar  2 08:46:57 ip-172-31-69-27 systemd[1]: Started Monitoring of LVM2 mirrors, snapshots etc. using dmeventd or progress polling.
Mar  2 08:46:57 ip-172-31-69-27 systemd[1]: Reached target Local File Systems (Pre).
Mar  2 08:46:57 ip-172-31-69-27 systemd[1]: Reached target Local File Systems.
Mar  2 08:46:57 ip-172-31-69-27 systemd[1]: Starting Tell Plymouth To Write Out Runtime Data...
Mar  2 08:46:57 ip-172-31-69-27 systemd[1]: Starting LSB: AppArmor initialization...
Mar  2 08:46:57 ip-172-31-69-27 systemd[1]: Starting Create Volatile Files and Directories...
Mar  2 08:46:57 ip-172-31-69-27 systemd[1]: Starting Set console font and keymap...
Mar  2 08:46:57 ip-172-31-69-27 systemd-tmpfiles[494]: [/usr/lib/tmpfiles.d/var.conf:14] Duplicate line for path "/var/log", ignoring.
Mar  2 08:46:57 ip-172-31-69-27 systemd[1]: Started Tell Plymouth To Write Out Runtime Data.
Mar  2 08:46:57 ip-172-31-69-27 systemd[1]: Started Create Volatile Files and Directories.
Mar  2 08:46:57 ip-172-31-69-27 systemd[1]: Found device /dev/ttyS0.
Mar  2 08:46:57 ip-172-31-69-27 systemd[1]: Starting Network Time Synchronization...
Mar  2 08:46:57 ip-172-31-69-27 apparmor[490]:  * Starting AppArmor profiles
Mar  2 08:46:57 ip-172-31-69-27 systemd[1]: Starting Update UTMP about System Boot/Shutdown...
Mar  2 08:46:57 ip-172-31-69-27 systemd[1]: Started Update UTMP about System Boot/Shutdown.
Mar  2 08:46:57 ip-172-31-69-27 systemd[1]: Started Network Time Synchronization.
Mar  2 08:46:57 ip-172-31-69-27 systemd[1]: Reached target System Time Synchronized.
Mar  2 08:46:57 ip-172-31-69-27 apparmor[490]: Skipping profile in /etc/apparmor.d/disable: usr.sbin.rsyslogd
Mar  2 08:46:57 ip-172-31-69-27 apparmor[490]:    ...done.
Mar  2 08:46:57 ip-172-31-69-27 systemd[1]: Started LSB: AppArmor initialization.
Mar  2 08:46:57 ip-172-31-69-27 systemd[1]: Found device /sys/subsystem/net/devices/eth0.
Mar  2 08:46:57 ip-172-31-69-27 systemd[1]: Listening on Load/Save RF Kill Switch Status /dev/rfkill Watch.
Mar  2 08:46:57 ip-172-31-69-27 dhclient[822]: Internet Systems Consortium DHCP Client 4.3.3
Mar  2 08:46:57 ip-172-31-69-27 dhclient[822]: Copyright 2004-2015 Internet Systems Consortium.
Mar  2 08:46:57 ip-172-31-69-27 dhclient[822]: All rights reserved.
Mar  2 08:46:57 ip-172-31-69-27 dhclient[822]: For info, please visit https://www.isc.org/software/dhcp/
Mar  2 08:46:57 ip-172-31-69-27 dhclient[822]: 
Mar  2 08:46:57 ip-172-31-69-27 dhclient[822]: Listening on LPF/eth0/02:0f:db:2b:f4:de
Mar  2 08:46:57 ip-172-31-69-27 dhclient[822]: Sending on   LPF/eth0/02:0f:db:2b:f4:de
Mar  2 08:46:57 ip-172-31-69-27 dhclient[822]: Sending on   Socket/fallback
Mar  2 08:46:57 ip-172-31-69-27 dhclient[822]: DHCPDISCOVER on eth0 to 255.255.255.255 port 67 interval 3 (xid=0x4e50fc63)
Mar  2 08:46:57 ip-172-31-69-27 dhclient[822]: DHCPREQUEST of 172.31.69.27 on eth0 to 255.255.255.255 port 67 (xid=0x63fc504e)
Mar  2 08:46:57 ip-172-31-69-27 dhclient[822]: DHCPOFFER of 172.31.69.27 from 172.31.69.1
Mar  2 08:46:57 ip-172-31-69-27 dhclient[822]: DHCPACK of 172.31.69.27 from 172.31.69.1
Mar  2 08:46:57 ip-172-31-69-27 dhclient[822]: bound to 172.31.69.27 -- renewal in 1371 seconds.
Mar  2 08:46:57 ip-172-31-69-27 systemd[1]: Started Set console font and keymap.
Mar  2 08:46:57 ip-172-31-69-27 systemd-udevd[482]: Process 'console-setup-tty fbcon' failed with exit code 71.
Mar  2 08:46:57 ip-172-31-69-27 systemd-udevd[478]: Process 'console-setup-tty /dev/tty1' failed with exit code 71.
Mar  2 08:46:57 ip-172-31-69-27 systemd[1]: Created slice system-getty.slice.
Mar  2 08:46:57 ip-172-31-69-27 cloud-init[431]: Cloud-init v. 17.1 running 'init-local' at Fri, 02 Mar 2018 12:46:54 +0000. Up 5.35 seconds.
Mar  2 08:46:57 ip-172-31-69-27 systemd[1]: Started Initial cloud-init job (pre-networking).
Mar  2 08:46:57 ip-172-31-69-27 systemd[1]: Reached target Network (Pre).
Mar  2 08:46:57 ip-172-31-69-27 systemd[1]: Started ifup for eth0.
Mar  2 08:46:57 ip-172-31-69-27 systemd[1]: Starting Raise network interfaces...
Mar  2 08:46:57 ip-172-31-69-27 dhclient[880]: Internet Systems Consortium DHCP Client 4.3.3
Mar  2 08:46:57 ip-172-31-69-27 sh[867]: Internet Systems Consortium DHCP Client 4.3.3
Mar  2 08:46:57 ip-172-31-69-27 dhclient[880]: Copyright 2004-2015 Internet Systems Consortium.
Mar  2 08:46:57 ip-172-31-69-27 sh[867]: Copyright 2004-2015 Internet Systems Consortium.
Mar  2 08:46:57 ip-172-31-69-27 dhclient[880]: All rights reserved.
Mar  2 08:46:57 ip-172-31-69-27 sh[867]: All rights reserved.
Mar  2 08:46:57 ip-172-31-69-27 dhclient[880]: For info, please visit https://www.isc.org/software/dhcp/
Mar  2 08:46:57 ip-172-31-69-27 sh[867]: For info, please visit https://www.isc.org/software/dhcp/
Mar  2 08:46:57 ip-172-31-69-27 dhclient[880]: 
Mar  2 08:46:57 ip-172-31-69-27 dhclient[880]: Listening on LPF/eth0/02:0f:db:2b:f4:de
Mar  2 08:46:57 ip-172-31-69-27 sh[867]: Listening on LPF/eth0/02:0f:db:2b:f4:de
Mar  2 08:46:57 ip-172-31-69-27 dhclient[880]: Sending on   LPF/eth0/02:0f:db:2b:f4:de
Mar  2 08:46:57 ip-172-31-69-27 sh[867]: Sending on   LPF/eth0/02:0f:db:2b:f4:de
Mar  2 08:46:57 ip-172-31-69-27 dhclient[880]: Sending on   Socket/fallback
Mar  2 08:46:57 ip-172-31-69-27 sh[867]: Sending on   Socket/fallback
Mar  2 08:46:57 ip-172-31-69-27 sh[867]: DHCPDISCOVER on eth0 to 255.255.255.255 port 67 interval 3 (xid=0x4e338575)
Mar  2 08:46:57 ip-172-31-69-27 dhclient[880]: DHCPDISCOVER on eth0 to 255.255.255.255 port 67 interval 3 (xid=0x4e338575)
Mar  2 08:46:57 ip-172-31-69-27 dhclient[880]: DHCPREQUEST of 172.31.69.27 on eth0 to 255.255.255.255 port 67 (xid=0x7585334e)
Mar  2 08:46:57 ip-172-31-69-27 sh[867]: DHCPREQUEST of 172.31.69.27 on eth0 to 255.255.255.255 port 67 (xid=0x7585334e)
Mar  2 08:46:57 ip-172-31-69-27 sh[867]: DHCPOFFER of 172.31.69.27 from 172.31.69.1
Mar  2 08:46:57 ip-172-31-69-27 dhclient[880]: DHCPOFFER of 172.31.69.27 from 172.31.69.1
Mar  2 08:46:57 ip-172-31-69-27 dhclient[880]: DHCPACK of 172.31.69.27 from 172.31.69.1
Mar  2 08:46:57 ip-172-31-69-27 sh[867]: DHCPACK of 172.31.69.27 from 172.31.69.1
Mar  2 08:46:57 ip-172-31-69-27 dhclient[880]: bound to 172.31.69.27 -- renewal in 1613 seconds.
Mar  2 08:46:57 ip-172-31-69-27 sh[867]: bound to 172.31.69.27 -- renewal in 1613 seconds.
Mar  2 08:46:57 ip-172-31-69-27 ifup[886]: /sbin/ifup: waiting for lock on /run/network/ifstate.eth0
Mar  2 08:46:57 ip-172-31-69-27 systemd[1]: Started Raise network interfaces.
Mar  2 08:46:57 ip-172-31-69-27 systemd[1]: Starting Initial cloud-init job (metadata service crawler)...
Mar  2 08:46:57 ip-172-31-69-27 systemd[1]: Reached target Network.
Mar  2 08:46:57 ip-172-31-69-27 cloud-init[1036]: Cloud-init v. 17.1 running 'init' at Fri, 02 Mar 2018 12:46:56 +0000. Up 7.27 seconds.
Mar  2 08:46:57 ip-172-31-69-27 cloud-init[1036]: ci-info: ++++++++++++++++++++++++++++++++++++++Net device info++++++++++++++++++++++++++++++++++++++
Mar  2 08:46:57 ip-172-31-69-27 cloud-init[1036]: ci-info: +--------+------+---------------------------+-----------------+-------+-------------------+
Mar  2 08:46:57 ip-172-31-69-27 cloud-init[1036]: ci-info: | Device |  Up  |          Address          |       Mask      | Scope |     Hw-Address    |
Mar  2 08:46:57 ip-172-31-69-27 cloud-init[1036]: ci-info: +--------+------+---------------------------+-----------------+-------+-------------------+
Mar  2 08:46:57 ip-172-31-69-27 cloud-init[1036]: ci-info: |  eth0  | True |        172.31.69.27       | 255.255.255.224 |   .   | 02:0f:db:2b:f4:de |
Mar  2 08:46:57 ip-172-31-69-27 cloud-init[1036]: ci-info: |  eth0  | True | fe80::f:dbff:fe2b:f4de/64 |        .        |  link | 02:0f:db:2b:f4:de |
Mar  2 08:46:57 ip-172-31-69-27 cloud-init[1036]: ci-info: |   lo   | True |         127.0.0.1         |    255.0.0.0    |   .   |         .         |
Mar  2 08:46:57 ip-172-31-69-27 cloud-init[1036]: ci-info: |   lo   | True |          ::1/128          |        .        |  host |         .         |
Mar  2 08:46:57 ip-172-31-69-27 cloud-init[1036]: ci-info: +--------+------+---------------------------+-----------------+-------+-------------------+
Mar  2 08:46:57 ip-172-31-69-27 cloud-init[1036]: ci-info: ++++++++++++++++++++++++++++++Route IPv4 info++++++++++++++++++++++++++++++
Mar  2 08:46:57 ip-172-31-69-27 cloud-init[1036]: ci-info: +-------+-------------+-------------+-----------------+-----------+-------+
Mar  2 08:46:57 ip-172-31-69-27 cloud-init[1036]: ci-info: | Route | Destination |   Gateway   |     Genmask     | Interface | Flags |
Mar  2 08:46:57 ip-172-31-69-27 cloud-init[1036]: ci-info: +-------+-------------+-------------+-----------------+-----------+-------+
Mar  2 08:46:57 ip-172-31-69-27 cloud-init[1036]: ci-info: |   0   |   0.0.0.0   | 172.31.69.1 |     0.0.0.0     |    eth0   |   UG  |
Mar  2 08:46:57 ip-172-31-69-27 cloud-init[1036]: ci-info: |   1   | 172.31.69.0 |   0.0.0.0   | 255.255.255.224 |    eth0   |   U   |
Mar  2 08:46:57 ip-172-31-69-27 cloud-init[1036]: ci-info: +-------+-------------+-------------+-----------------+-----------+-------+
Mar  2 08:46:57 ip-172-31-69-27 systemd[1]: Started Initial cloud-init job (metadata service crawler).
Mar  2 08:46:57 ip-172-31-69-27 systemd[1]: Reached target Cloud-config availability.
Mar  2 08:46:57 ip-172-31-69-27 systemd[1]: Reached target System Initialization.
Mar  2 08:46:57 ip-172-31-69-27 systemd[1]: Starting LXD - unix socket.
Mar  2 08:46:57 ip-172-31-69-27 systemd[1]: Started ACPI Events Check.
Mar  2 08:46:57 ip-172-31-69-27 systemd[1]: Reached target Paths.
Mar  2 08:46:57 ip-172-31-69-27 systemd[1]: Started Timer to automatically refresh installed snaps.
Mar  2 08:46:57 ip-172-31-69-27 systemd[1]: Starting Socket activation for snappy daemon.
Mar  2 08:46:57 ip-172-31-69-27 systemd[1]: Listening on D-Bus System Message Bus Socket.
Mar  2 08:46:57 ip-172-31-69-27 systemd[1]: Listening on UUID daemon activation socket.
Mar  2 08:46:57 ip-172-31-69-27 systemd[1]: Started Daily Cleanup of Temporary Directories.
Mar  2 08:46:57 ip-172-31-69-27 systemd[1]: Listening on ACPID Listen Socket.
Mar  2 08:46:57 ip-172-31-69-27 systemd[1]: Reached target Network is Online.
Mar  2 08:46:57 ip-172-31-69-27 systemd[1]: Starting iSCSI initiator daemon (iscsid)...
Mar  2 08:46:57 ip-172-31-69-27 systemd[1]: Started Daily apt download activities.
Mar  2 08:46:57 ip-172-31-69-27 systemd[1]: Started Daily apt upgrade and clean activities.
Mar  2 08:46:57 ip-172-31-69-27 systemd[1]: Reached target Timers.
Mar  2 08:46:57 ip-172-31-69-27 systemd[1]: Listening on LXD - unix socket.
Mar  2 08:46:57 ip-172-31-69-27 systemd[1]: Listening on Socket activation for snappy daemon.
Mar  2 08:46:57 ip-172-31-69-27 iscsid: iSCSI logger with pid=1092 started!
Mar  2 08:46:57 ip-172-31-69-27 iscsid: iSCSI daemon with pid=1093 started!
Mar  2 08:46:57 ip-172-31-69-27 systemd[1]: Started iSCSI initiator daemon (iscsid).
Mar  2 08:46:57 ip-172-31-69-27 systemd[1]: Starting Login to default iSCSI targets...
Mar  2 08:46:57 ip-172-31-69-27 systemd[1]: Reached target Sockets.
Mar  2 08:46:57 ip-172-31-69-27 systemd[1]: Reached target Basic System.
Mar  2 08:46:57 ip-172-31-69-27 systemd[1]: Starting Apply the settings specified in cloud-config...
Mar  2 08:46:57 ip-172-31-69-27 systemd[1]: Started Regular background program processing daemon.
Mar  2 08:46:57 ip-172-31-69-27 cron[1101]: (CRON) INFO (pidfile fd = 3)
Mar  2 08:46:57 ip-172-31-69-27 systemd[1]: Starting LSB: MD monitoring daemon...
Mar  2 08:46:57 ip-172-31-69-27 systemd[1]: Starting Initialize hardware monitoring sensors...
Mar  2 08:46:57 ip-172-31-69-27 cron[1101]: (CRON) INFO (Running @reboot jobs)
Mar  2 08:46:57 ip-172-31-69-27 systemd[1]: Started ACPI event daemon.
Mar  2 08:46:57 ip-172-31-69-27 systemd[1]: Starting LSB: Record successful boot for GRUB...
Mar  2 08:46:57 ip-172-31-69-27 sensors[1106]: No sensors found!
Mar  2 08:46:57 ip-172-31-69-27 sensors[1106]: Make sure you loaded all the kernel drivers you need.
Mar  2 08:46:57 ip-172-31-69-27 sensors[1106]: Try sensors-detect to find out which these are.
Mar  2 08:46:57 ip-172-31-69-27 acpid: starting up with netlink and the input layer
Mar  2 08:46:57 ip-172-31-69-27 acpid: 1 rule loaded
Mar  2 08:46:57 ip-172-31-69-27 acpid: waiting for events: event logging is off
Mar  2 08:46:57 ip-172-31-69-27 systemd[1]: Started Deferred execution scheduler.
Mar  2 08:46:57 ip-172-31-69-27 systemd[1]: Starting Accounts Service...
Mar  2 08:46:57 ip-172-31-69-27 systemd[1]: Starting Login Service...
Mar  2 08:46:57 ip-172-31-69-27 systemd[1]: Starting System Logging Service...
Mar  2 08:46:57 ip-172-31-69-27 systemd[1]: Starting /etc/rc.local Compatibility...
Mar  2 08:46:57 ip-172-31-69-27 systemd[1]: Starting OpenBSD Secure Shell server...
Mar  2 08:46:57 ip-172-31-69-27 systemd[1]: Started D-Bus System Message Bus.
Mar  2 08:46:57 ip-172-31-69-27 dbus[1140]: [system] AppArmor D-Bus mediation is enabled
Mar  2 08:46:57 ip-172-31-69-27 systemd[1]: Starting Snappy daemon...
Mar  2 08:46:57 ip-172-31-69-27 systemd[1]: Started Unattended Upgrades Shutdown.
Mar  2 08:46:57 ip-172-31-69-27 systemd[1]: Started FUSE filesystem for LXC.
Mar  2 08:46:57 ip-172-31-69-27 systemd[1]: Starting LXD - container startup/shutdown...
Mar  2 08:46:57 ip-172-31-69-27 systemd[1]: Started System Logging Service.
Mar  2 08:46:57 ip-172-31-69-27 systemd[1]: Started OpenBSD Secure Shell server.
Mar  2 08:46:57 ip-172-31-69-27 systemd[1]: Started /etc/rc.local Compatibility.
Mar  2 08:46:57 ip-172-31-69-27 kernel: [    8.039672] cgroup: new mount options do not match the existing superblock, will be ignored
Mar  2 08:46:57 ip-172-31-69-27 dbus[1140]: [system] Activating via systemd: service name='org.freedesktop.PolicyKit1' unit='polkitd.service'
Mar  2 08:46:57 ip-172-31-69-27 lxcfs[1153]: hierarchies:
Mar  2 08:46:57 ip-172-31-69-27 lxcfs[1153]:   0: fd:   5: blkio
Mar  2 08:46:57 ip-172-31-69-27 lxcfs[1153]:   1: fd:   6: freezer
Mar  2 08:46:57 ip-172-31-69-27 lxcfs[1153]:   2: fd:   7: hugetlb
Mar  2 08:46:57 ip-172-31-69-27 lxcfs[1153]:   3: fd:   8: perf_event
Mar  2 08:46:57 ip-172-31-69-27 lxcfs[1153]:   4: fd:   9: pids
Mar  2 08:46:57 ip-172-31-69-27 lxcfs[1153]:   5: fd:  10: cpu,cpuacct
Mar  2 08:46:57 ip-172-31-69-27 lxcfs[1153]:   6: fd:  11: cpuset
Mar  2 08:46:57 ip-172-31-69-27 lxcfs[1153]:   7: fd:  12: memory
Mar  2 08:46:57 ip-172-31-69-27 lxcfs[1153]:   8: fd:  13: net_cls,net_prio
Mar  2 08:46:57 ip-172-31-69-27 lxcfs[1153]:   9: fd:  14: devices
Mar  2 08:46:57 ip-172-31-69-27 lxcfs[1153]:  10: fd:  15: name=systemd
Mar  2 08:46:57 ip-172-31-69-27 sensors[1159]: No sensors found!
Mar  2 08:46:57 ip-172-31-69-27 sensors[1159]: Make sure you loaded all the kernel drivers you need.
Mar  2 08:46:57 ip-172-31-69-27 sensors[1159]: Try sensors-detect to find out which these are.
Mar  2 08:46:57 ip-172-31-69-27 systemd[1]: Started Initialize hardware monitoring sensors.
Mar  2 08:46:57 ip-172-31-69-27 iscsiadm[1168]: iscsiadm: No records found
Mar  2 08:46:57 ip-172-31-69-27 mdadm[1103]:  * Starting MD monitoring service mdadm --monitor
Mar  2 08:46:57 ip-172-31-69-27 systemd[1]: Started Login to default iSCSI targets.
Mar  2 08:46:57 ip-172-31-69-27 mdadm[1103]:    ...done.
Mar  2 08:46:57 ip-172-31-69-27 systemd[1]: Started LSB: MD monitoring daemon.
Mar  2 08:46:57 ip-172-31-69-27 systemd[1]: Started LSB: Record successful boot for GRUB.
Mar  2 08:46:57 ip-172-31-69-27 systemd[1]: Started Login Service.
Mar  2 08:46:57 ip-172-31-69-27 systemd[1]: Starting Authenticate and Authorize Users to Run Privileged Tasks...
Mar  2 08:46:57 ip-172-31-69-27 systemd[1]: Reached target Remote File Systems (Pre).
Mar  2 08:46:57 ip-172-31-69-27 systemd[1]: Reached target Remote File Systems.
Mar  2 08:46:57 ip-172-31-69-27 systemd[1]: Starting LSB: Set the CPU Frequency Scaling governor to "ondemand"...
Mar  2 08:46:57 ip-172-31-69-27 systemd[1]: Starting LSB: automatic crash report generation...
Mar  2 08:46:57 ip-172-31-69-27 systemd[1]: Starting Permit User Sessions...
Mar  2 08:46:57 ip-172-31-69-27 systemd[1]: Starting LSB: disk temperature monitoring daemon...
Mar  2 08:46:57 ip-172-31-69-27 systemd[1]: Starting LSB: daemon to balance interrupts for SMP systems...
Mar  2 08:46:57 ip-172-31-69-27 polkitd[1190]: started daemon version 0.105 using authority implementation `local' version `0.105'
Mar  2 08:46:57 ip-172-31-69-27 systemd[1]: Started Permit User Sessions.
Mar  2 08:46:57 ip-172-31-69-27 dbus[1140]: [system] Successfully activated service 'org.freedesktop.PolicyKit1'
Mar  2 08:46:57 ip-172-31-69-27 accounts-daemon[1125]: started daemon version 0.6.40
Mar  2 08:46:57 ip-172-31-69-27 systemd[1]: Started Authenticate and Authorize Users to Run Privileged Tasks.
Mar  2 08:46:57 ip-172-31-69-27 snapd[1150]: AppArmor status: apparmor is enabled and all features are available
Mar  2 08:46:57 ip-172-31-69-27 systemd[1]: Started Accounts Service.
Mar  2 08:46:57 ip-172-31-69-27 snapd[1150]: 2018/03/02 08:46:57.717174 daemon.go:306: started snapd/2.29.4.2 (series 16; classic) ubuntu/16.04 (amd64) linux/4.4.0-1052-aws.
Mar  2 08:46:57 ip-172-31-69-27 systemd[1]: Started Snappy daemon.
Mar  2 08:46:57 ip-172-31-69-27 systemd[1]: Started LXD - container startup/shutdown.
Mar  2 08:46:57 ip-172-31-69-27 apport[1198]:  * Starting automatic crash report generation: apport
Mar  2 08:46:57 ip-172-31-69-27 systemd[1]: Started LSB: disk temperature monitoring daemon.
Mar  2 08:46:57 ip-172-31-69-27 apport[1198]:    ...done.
Mar  2 08:46:57 ip-172-31-69-27 systemd[1]: Started LSB: automatic crash report generation.
Mar  2 08:46:57 ip-172-31-69-27 systemd[1]: Starting Terminate Plymouth Boot Screen...
Mar  2 08:46:57 ip-172-31-69-27 systemd[1]: Starting Hold until boot process finishes up...
Mar  2 08:46:57 ip-172-31-69-27 irqbalance[1213]:  * Starting SMP IRQ Balancer: irqbalance
Mar  2 08:46:57 ip-172-31-69-27 systemd[1]: Started LSB: Set the CPU Frequency Scaling governor to "ondemand".
Mar  2 08:46:57 ip-172-31-69-27 /usr/sbin/irqbalance: Balancing is ineffective on systems with a single cpu.  Shutting down
Mar  2 08:46:57 ip-172-31-69-27 systemd[1]: Started Terminate Plymouth Boot Screen.
Mar  2 08:46:57 ip-172-31-69-27 irqbalance[1213]:    ...done.
Mar  2 08:46:57 ip-172-31-69-27 systemd[1]: Started LSB: daemon to balance interrupts for SMP systems.
Mar  2 08:46:57 ip-172-31-69-27 systemd[1]: Started Hold until boot process finishes up.
Mar  2 08:46:57 ip-172-31-69-27 systemd[1]: Started Getty on tty1.
Mar  2 08:46:57 ip-172-31-69-27 systemd[1]: Starting Set console scheme...
Mar  2 08:46:57 ip-172-31-69-27 systemd[1]: Started Serial Getty on ttyS0.
Mar  2 08:46:57 ip-172-31-69-27 systemd[1]: Reached target Login Prompts.
Mar  2 08:46:57 ip-172-31-69-27 systemd[1]: Reached target Multi-User System.
Mar  2 08:46:57 ip-172-31-69-27 systemd[1]: Reached target Graphical Interface.
Mar  2 08:46:57 ip-172-31-69-27 systemd[1]: Starting Update UTMP about System Runlevel Changes...
Mar  2 08:46:57 ip-172-31-69-27 systemd[1]: Started Set console scheme.
Mar  2 08:46:57 ip-172-31-69-27 systemd[1]: Started Update UTMP about System Runlevel Changes.
Mar  2 08:46:58 ip-172-31-69-27 cloud-init[1098]: Cloud-init v. 17.1 running 'modules:config' at Fri, 02 Mar 2018 12:46:58 +0000. Up 8.68 seconds.
Mar  2 08:46:58 ip-172-31-69-27 systemd[1]: Started Apply the settings specified in cloud-config.
Mar  2 08:46:58 ip-172-31-69-27 systemd[1]: Starting Execute cloud user/final scripts...
Mar  2 08:46:58 ip-172-31-69-27 cloud-init[1273]: Cloud-init v. 17.1 running 'modules:final' at Fri, 02 Mar 2018 12:46:58 +0000. Up 9.08 seconds.
Mar  2 08:46:58 ip-172-31-69-27 cloud-init[1273]: Cloud-init v. 17.1 finished at Fri, 02 Mar 2018 12:46:58 +0000. Datasource DataSourceEc2Local.  Up 9.20 seconds
Mar  2 08:46:58 ip-172-31-69-27 systemd[1]: Started Execute cloud user/final scripts.
Mar  2 08:46:58 ip-172-31-69-27 systemd[1]: Reached target Cloud-init target.
Mar  2 08:46:58 ip-172-31-69-27 systemd[1]: Startup finished in 3.595s (kernel) + 5.700s (userspace) = 9.296s.
Mar  2 08:47:24 ip-172-31-69-27 systemd-timesyncd[517]: Synchronized to time server 91.189.89.198:123 (ntp.ubuntu.com).
Mar  2 08:50:04 ip-172-31-69-27 systemd[1]: Created slice User Slice of ubuntu.
Mar  2 08:50:04 ip-172-31-69-27 systemd[1]: Starting User Manager for UID 1000...
Mar  2 08:50:04 ip-172-31-69-27 systemd[1]: Started Session 1 of user ubuntu.
Mar  2 08:50:04 ip-172-31-69-27 systemd[1292]: Reached target Timers.
Mar  2 08:50:04 ip-172-31-69-27 systemd[1292]: Reached target Paths.
Mar  2 08:50:04 ip-172-31-69-27 systemd[1292]: Reached target Sockets.
Mar  2 08:50:04 ip-172-31-69-27 systemd[1292]: Reached target Basic System.
Mar  2 08:50:04 ip-172-31-69-27 systemd[1292]: Reached target Default.
Mar  2 08:50:04 ip-172-31-69-27 systemd[1292]: Startup finished in 19ms.
Mar  2 08:50:04 ip-172-31-69-27 systemd[1]: Started User Manager for UID 1000.
Mar  2 08:50:17 ip-172-31-69-27 kernel: [  208.108648] Netfilter messages via NETLINK v0.30.
Mar  2 08:50:25 ip-172-31-69-27 kernel: [  216.494938] device eth0 entered promiscuous mode
Mar  2 09:02:36 ip-172-31-69-27 systemd[1]: Starting Cleanup of Temporary Directories...
Mar  2 09:02:36 ip-172-31-69-27 systemd-tmpfiles[1409]: [/usr/lib/tmpfiles.d/var.conf:14] Duplicate line for path "/var/log", ignoring.
Mar  2 09:02:36 ip-172-31-69-27 systemd[1]: Started Cleanup of Temporary Directories.
Mar  2 09:13:49 ip-172-31-69-27 dhclient[975]: DHCPREQUEST of 172.31.69.27 on eth0 to 172.31.69.1 port 67 (xid=0x7585334e)
Mar  2 09:13:49 ip-172-31-69-27 dhclient[975]: DHCPACK of 172.31.69.27 from 172.31.69.1
Mar  2 09:13:49 ip-172-31-69-27 dhclient[975]: bound to 172.31.69.27 -- renewal in 1530 seconds.
Mar  2 09:17:01 ip-172-31-69-27 CRON[1433]: (root) CMD (   cd / && run-parts --report /etc/cron.hourly)
Mar  2 09:39:19 ip-172-31-69-27 dhclient[975]: DHCPREQUEST of 172.31.69.27 on eth0 to 172.31.69.1 port 67 (xid=0x7585334e)
Mar  2 09:39:19 ip-172-31-69-27 dhclient[975]: DHCPACK of 172.31.69.27 from 172.31.69.1
Mar  2 09:39:19 ip-172-31-69-27 dhclient[975]: bound to 172.31.69.27 -- renewal in 1397 seconds.
Mar  2 10:02:36 ip-172-31-69-27 dhclient[975]: DHCPREQUEST of 172.31.69.27 on eth0 to 172.31.69.1 port 67 (xid=0x7585334e)
Mar  2 10:02:36 ip-172-31-69-27 dhclient[975]: DHCPACK of 172.31.69.27 from 172.31.69.1
Mar  2 10:02:36 ip-172-31-69-27 dhclient[975]: bound to 172.31.69.27 -- renewal in 1687 seconds.
Mar  2 10:17:01 ip-172-31-69-27 CRON[1477]: (root) CMD (   cd / && run-parts --report /etc/cron.hourly)
Mar  2 10:30:43 ip-172-31-69-27 dhclient[975]: DHCPREQUEST of 172.31.69.27 on eth0 to 172.31.69.1 port 67 (xid=0x7585334e)
Mar  2 10:30:43 ip-172-31-69-27 dhclient[975]: DHCPACK of 172.31.69.27 from 172.31.69.1
Mar  2 10:30:43 ip-172-31-69-27 dhclient[975]: bound to 172.31.69.27 -- renewal in 1359 seconds.
Mar  2 10:53:22 ip-172-31-69-27 dhclient[975]: DHCPREQUEST of 172.31.69.27 on eth0 to 172.31.69.1 port 67 (xid=0x7585334e)
Mar  2 10:53:22 ip-172-31-69-27 dhclient[975]: DHCPACK of 172.31.69.27 from 172.31.69.1
Mar  2 10:53:22 ip-172-31-69-27 dhclient[975]: bound to 172.31.69.27 -- renewal in 1642 seconds.
Mar  2 11:17:01 ip-172-31-69-27 CRON[1516]: (root) CMD (   cd / && run-parts --report /etc/cron.hourly)
Mar  2 11:20:44 ip-172-31-69-27 dhclient[975]: DHCPREQUEST of 172.31.69.27 on eth0 to 172.31.69.1 port 67 (xid=0x7585334e)
Mar  2 11:20:44 ip-172-31-69-27 dhclient[975]: DHCPACK of 172.31.69.27 from 172.31.69.1
Mar  2 11:20:44 ip-172-31-69-27 dhclient[975]: bound to 172.31.69.27 -- renewal in 1635 seconds.
Mar  2 11:47:59 ip-172-31-69-27 dhclient[975]: DHCPREQUEST of 172.31.69.27 on eth0 to 172.31.69.1 port 67 (xid=0x7585334e)
Mar  2 11:47:59 ip-172-31-69-27 dhclient[975]: DHCPACK of 172.31.69.27 from 172.31.69.1
Mar  2 11:47:59 ip-172-31-69-27 dhclient[975]: bound to 172.31.69.27 -- renewal in 1384 seconds.
Mar  2 12:11:03 ip-172-31-69-27 dhclient[975]: DHCPREQUEST of 172.31.69.27 on eth0 to 172.31.69.1 port 67 (xid=0x7585334e)
Mar  2 12:11:03 ip-172-31-69-27 dhclient[975]: DHCPACK of 172.31.69.27 from 172.31.69.1
Mar  2 12:11:03 ip-172-31-69-27 dhclient[975]: bound to 172.31.69.27 -- renewal in 1582 seconds.
Mar  2 12:17:01 ip-172-31-69-27 CRON[1574]: (root) CMD (   cd / && run-parts --report /etc/cron.hourly)
Mar  2 12:37:25 ip-172-31-69-27 dhclient[975]: DHCPREQUEST of 172.31.69.27 on eth0 to 172.31.69.1 port 67 (xid=0x7585334e)
Mar  2 12:37:25 ip-172-31-69-27 dhclient[975]: DHCPACK of 172.31.69.27 from 172.31.69.1
Mar  2 12:37:25 ip-172-31-69-27 dhclient[975]: bound to 172.31.69.27 -- renewal in 1592 seconds.
Mar  2 13:03:57 ip-172-31-69-27 dhclient[975]: DHCPREQUEST of 172.31.69.27 on eth0 to 172.31.69.1 port 67 (xid=0x7585334e)
Mar  2 13:03:57 ip-172-31-69-27 dhclient[975]: DHCPACK of 172.31.69.27 from 172.31.69.1
Mar  2 13:03:57 ip-172-31-69-27 dhclient[975]: bound to 172.31.69.27 -- renewal in 1631 seconds.
Mar  2 13:17:01 ip-172-31-69-27 CRON[1615]: (root) CMD (   cd / && run-parts --report /etc/cron.hourly)
Mar  2 13:31:08 ip-172-31-69-27 dhclient[975]: DHCPREQUEST of 172.31.69.27 on eth0 to 172.31.69.1 port 67 (xid=0x7585334e)
Mar  2 13:31:08 ip-172-31-69-27 dhclient[975]: DHCPACK of 172.31.69.27 from 172.31.69.1
Mar  2 13:31:08 ip-172-31-69-27 dhclient[975]: bound to 172.31.69.27 -- renewal in 1764 seconds.
Mar  2 13:47:01 ip-172-31-69-27 CRON[1635]: (root) CMD (nohup tcpdump > /home/ubuntu/capture/dump$(hostname -I) &  )
Mar  2 14:00:32 ip-172-31-69-27 dhclient[975]: DHCPREQUEST of 172.31.69.27 on eth0 to 172.31.69.1 port 67 (xid=0x7585334e)
Mar  2 14:00:32 ip-172-31-69-27 dhclient[975]: DHCPACK of 172.31.69.27 from 172.31.69.1
Mar  2 14:00:32 ip-172-31-69-27 dhclient[975]: bound to 172.31.69.27 -- renewal in 1567 seconds.
Mar  2 14:17:01 ip-172-31-69-27 CRON[1666]: (root) CMD (   cd / && run-parts --report /etc/cron.hourly)
Mar  2 14:26:39 ip-172-31-69-27 dhclient[975]: DHCPREQUEST of 172.31.69.27 on eth0 to 172.31.69.1 port 67 (xid=0x7585334e)
Mar  2 14:26:39 ip-172-31-69-27 dhclient[975]: DHCPACK of 172.31.69.27 from 172.31.69.1
Mar  2 14:26:39 ip-172-31-69-27 dhclient[975]: bound to 172.31.69.27 -- renewal in 1355 seconds.
Mar  2 14:49:14 ip-172-31-69-27 dhclient[975]: DHCPREQUEST of 172.31.69.27 on eth0 to 172.31.69.1 port 67 (xid=0x7585334e)
Mar  2 14:49:14 ip-172-31-69-27 dhclient[975]: DHCPACK of 172.31.69.27 from 172.31.69.1
Mar  2 14:49:14 ip-172-31-69-27 dhclient[975]: bound to 172.31.69.27 -- renewal in 1468 seconds.
Mar  2 15:13:42 ip-172-31-69-27 dhclient[975]: DHCPREQUEST of 172.31.69.27 on eth0 to 172.31.69.1 port 67 (xid=0x7585334e)
Mar  2 15:13:42 ip-172-31-69-27 dhclient[975]: DHCPACK of 172.31.69.27 from 172.31.69.1
Mar  2 15:13:42 ip-172-31-69-27 dhclient[975]: bound to 172.31.69.27 -- renewal in 1460 seconds.
Mar  2 15:17:01 ip-172-31-69-27 CRON[1713]: (root) CMD (   cd / && run-parts --report /etc/cron.hourly)
Mar  2 15:38:02 ip-172-31-69-27 dhclient[975]: DHCPREQUEST of 172.31.69.27 on eth0 to 172.31.69.1 port 67 (xid=0x7585334e)
Mar  2 15:38:02 ip-172-31-69-27 dhclient[975]: DHCPACK of 172.31.69.27 from 172.31.69.1
Mar  2 15:38:02 ip-172-31-69-27 dhclient[975]: bound to 172.31.69.27 -- renewal in 1782 seconds.
Mar  2 16:07:44 ip-172-31-69-27 dhclient[975]: DHCPREQUEST of 172.31.69.27 on eth0 to 172.31.69.1 port 67 (xid=0x7585334e)
Mar  2 16:07:44 ip-172-31-69-27 dhclient[975]: DHCPACK of 172.31.69.27 from 172.31.69.1
Mar  2 16:07:44 ip-172-31-69-27 dhclient[975]: bound to 172.31.69.27 -- renewal in 1515 seconds.
Mar  2 16:16:53 ip-172-31-69-27 systemd[1]: Started Session 10 of user ubuntu.
Mar  2 16:17:01 ip-172-31-69-27 CRON[1824]: (root) CMD (   cd / && run-parts --report /etc/cron.hourly)
Mar  2 16:32:59 ip-172-31-69-27 dhclient[975]: DHCPREQUEST of 172.31.69.27 on eth0 to 172.31.69.1 port 67 (xid=0x7585334e)
Mar  2 16:32:59 ip-172-31-69-27 dhclient[975]: DHCPACK of 172.31.69.27 from 172.31.69.1
Mar  2 16:32:59 ip-172-31-69-27 dhclient[975]: bound to 172.31.69.27 -- renewal in 1485 seconds.
Mar  2 16:57:44 ip-172-31-69-27 dhclient[975]: DHCPREQUEST of 172.31.69.27 on eth0 to 172.31.69.1 port 67 (xid=0x7585334e)
Mar  2 16:57:44 ip-172-31-69-27 dhclient[975]: DHCPACK of 172.31.69.27 from 172.31.69.1
Mar  2 16:57:44 ip-172-31-69-27 dhclient[975]: bound to 172.31.69.27 -- renewal in 1491 seconds.
Mar  2 17:17:01 ip-172-31-69-27 CRON[1861]: (root) CMD (   cd / && run-parts --report /etc/cron.hourly)
Mar  2 17:22:35 ip-172-31-69-27 dhclient[975]: DHCPREQUEST of 172.31.69.27 on eth0 to 172.31.69.1 port 67 (xid=0x7585334e)
Mar  2 17:22:35 ip-172-31-69-27 dhclient[975]: DHCPACK of 172.31.69.27 from 172.31.69.1
Mar  2 17:22:36 ip-172-31-69-27 dhclient[975]: bound to 172.31.69.27 -- renewal in 1435 seconds.
Mar  2 06:32:56 ip-172-31-69-18 dhclient[917]: DHCPREQUEST of 172.31.69.18 on eth0 to 172.31.69.1 port 67 (xid=0x2d8ccb7b)
Mar  2 06:32:56 ip-172-31-69-18 dhclient[917]: DHCPACK of 172.31.69.18 from 172.31.69.1
Mar  2 06:32:56 ip-172-31-69-18 dhclient[917]: bound to 172.31.69.18 -- renewal in 1448 seconds.
Mar  2 06:57:04 ip-172-31-69-18 dhclient[917]: DHCPREQUEST of 172.31.69.18 on eth0 to 172.31.69.1 port 67 (xid=0x2d8ccb7b)
Mar  2 06:57:04 ip-172-31-69-18 dhclient[917]: DHCPACK of 172.31.69.18 from 172.31.69.1
Mar  2 06:57:04 ip-172-31-69-18 dhclient[917]: bound to 172.31.69.18 -- renewal in 1604 seconds.
Mar  2 07:17:01 ip-172-31-69-18 CRON[3683]: (root) CMD (   cd / && run-parts --report /etc/cron.hourly)
Mar  2 07:23:48 ip-172-31-69-18 dhclient[917]: DHCPREQUEST of 172.31.69.18 on eth0 to 172.31.69.1 port 67 (xid=0x2d8ccb7b)
Mar  2 07:23:48 ip-172-31-69-18 dhclient[917]: DHCPACK of 172.31.69.18 from 172.31.69.1
Mar  2 07:23:48 ip-172-31-69-18 dhclient[917]: bound to 172.31.69.18 -- renewal in 1357 seconds.
Mar  2 07:46:25 ip-172-31-69-18 dhclient[917]: DHCPREQUEST of 172.31.69.18 on eth0 to 172.31.69.1 port 67 (xid=0x2d8ccb7b)
Mar  2 07:46:25 ip-172-31-69-18 dhclient[917]: DHCPACK of 172.31.69.18 from 172.31.69.1
Mar  2 07:46:25 ip-172-31-69-18 dhclient[917]: bound to 172.31.69.18 -- renewal in 1391 seconds.
Mar  2 08:09:36 ip-172-31-69-18 dhclient[917]: DHCPREQUEST of 172.31.69.18 on eth0 to 172.31.69.1 port 67 (xid=0x2d8ccb7b)
Mar  2 08:09:36 ip-172-31-69-18 dhclient[917]: DHCPACK of 172.31.69.18 from 172.31.69.1
Mar  2 08:09:36 ip-172-31-69-18 dhclient[917]: bound to 172.31.69.18 -- renewal in 1791 seconds.
Mar  2 08:17:01 ip-172-31-69-18 CRON[3729]: (root) CMD (   cd / && run-parts --report /etc/cron.hourly)
Mar  2 08:32:18 ip-172-31-69-18 systemd[1]: Starting Cleanup of Temporary Directories...
Mar  2 08:32:18 ip-172-31-69-18 systemd-tmpfiles[3731]: [/usr/lib/tmpfiles.d/var.conf:14] Duplicate line for path "/var/log", ignoring.
Mar  2 08:32:18 ip-172-31-69-18 systemd[1]: Started Cleanup of Temporary Directories.
Mar  2 08:39:27 ip-172-31-69-18 dhclient[917]: DHCPREQUEST of 172.31.69.18 on eth0 to 172.31.69.1 port 67 (xid=0x2d8ccb7b)
Mar  2 08:39:27 ip-172-31-69-18 dhclient[917]: DHCPACK of 172.31.69.18 from 172.31.69.1
Mar  2 08:39:27 ip-172-31-69-18 dhclient[917]: bound to 172.31.69.18 -- renewal in 1428 seconds.
Mar  2 08:46:26 ip-172-31-69-18 systemd[1]: Received SIGINT.
Mar  2 08:46:26 ip-172-31-69-18 systemd[1]: Stopped target Cloud-init target.
Mar  2 08:46:26 ip-172-31-69-18 systemd[1]: Closed Load/Save RF Kill Switch Status /dev/rfkill Watch.
Mar  2 08:46:26 ip-172-31-69-18 systemd[1]: Stopping User Manager for UID 1000...
Mar  2 08:46:26 ip-172-31-69-18 systemd[1299]: Reached target Shutdown.
Mar  2 08:46:26 ip-172-31-69-18 systemd[1299]: Starting Exit the Session...
Mar  2 08:46:26 ip-172-31-69-18 systemd[1299]: Stopped target Default.
Mar  2 08:46:26 ip-172-31-69-18 systemd[1299]: Stopped target Basic System.
Mar  2 08:46:26 ip-172-31-69-18 systemd[1299]: Stopped target Sockets.
Mar  2 08:46:26 ip-172-31-69-18 systemd[1299]: Stopped target Paths.
Mar  2 08:46:26 ip-172-31-69-18 systemd[1299]: Stopped target Timers.
Mar  2 08:46:26 ip-172-31-69-18 systemd[1]: Stopping ACPI event daemon...
Mar  2 08:46:26 ip-172-31-69-18 systemd[1299]: Received SIGRTMIN+24 from PID 3753 (kill).
Mar  2 08:46:26 ip-172-31-69-18 systemd[1]: Stopping Authenticate and Authorize Users to Run Privileged Tasks...
Mar  2 08:46:26 ip-172-31-69-18 systemd[1]: Stopped Execute cloud user/final scripts.
Mar  2 08:46:26 ip-172-31-69-18 systemd[1]: Stopped Apply the settings specified in cloud-config.
Mar  2 08:46:26 ip-172-31-69-18 systemd[1]: Stopped target Cloud-config availability.
Mar  2 08:46:26 ip-172-31-69-18 systemd[1]: Stopping Session 2 of user ubuntu.
Mar  2 08:46:26 ip-172-31-69-18 systemd[1]: Stopped target Graphical Interface.
Mar  2 08:46:26 ip-172-31-69-18 kernel: [88219.612193] device eth0 left promiscuous mode
Mar  2 08:46:26 ip-172-31-69-18 systemd[1]: Stopped target Multi-User System.
Mar  2 08:46:26 ip-172-31-69-18 snapd[1154]: 2018/03/02 08:46:26.719305 main.go:78: Exiting on terminated signal.
Mar  2 08:46:26 ip-172-31-69-18 systemd[1]: Stopping Snappy daemon...
Mar  2 08:46:26 ip-172-31-69-18 systemd[1]: Stopping Deferred execution scheduler...
Mar  2 08:46:26 ip-172-31-69-18 systemd[1]: Stopped target Login Prompts.
Mar  2 08:46:26 ip-172-31-69-18 systemd[1]: Stopping Getty on tty1...
Mar  2 08:46:26 ip-172-31-69-18 systemd[1]: Stopping Serial Getty on ttyS0...
Mar  2 08:46:26 ip-172-31-69-18 systemd[1]: Stopping Unattended Upgrades Shutdown...
Mar  2 08:46:26 ip-172-31-69-18 systemd[1]: Stopping Regular background program processing daemon...
Mar  2 08:46:26 ip-172-31-69-18 rsyslogd: [origin software="rsyslogd" swVersion="8.16.0" x-pid="1148" x-info="http://www.rsyslog.com"] exiting on signal 15.
Mar  2 08:46:59 ip-172-31-69-18 rsyslogd: [origin software="rsyslogd" swVersion="8.16.0" x-pid="1147" x-info="http://www.rsyslog.com"] start
Mar  2 08:46:59 ip-172-31-69-18 rsyslogd-2222: command 'KLogPermitNonKernelFacility' is currently not permitted - did you already set it via a RainerScript command (v6+ config)? [v8.16.0 try http://www.rsyslog.com/e/2222 ]
Mar  2 08:46:59 ip-172-31-69-18 rsyslogd: rsyslogd's groupid changed to 108
Mar  2 08:46:59 ip-172-31-69-18 rsyslogd: rsyslogd's userid changed to 104
Mar  2 08:46:59 ip-172-31-69-18 rsyslogd-2039: Could not open output pipe '/dev/xconsole':: No such file or directory [v8.16.0 try http://www.rsyslog.com/e/2039 ]
Mar  2 08:46:59 ip-172-31-69-18 rsyslogd-2007: action 'action 11' suspended, next retry is Fri Mar  2 08:47:29 2018 [v8.16.0 try http://www.rsyslog.com/e/2007 ]
Mar  2 08:46:59 ip-172-31-69-18 kernel: [    0.000000] Initializing cgroup subsys cpuset
Mar  2 08:46:59 ip-172-31-69-18 kernel: [    0.000000] Initializing cgroup subsys cpu
Mar  2 08:46:59 ip-172-31-69-18 kernel: [    0.000000] Initializing cgroup subsys cpuacct
Mar  2 08:46:59 ip-172-31-69-18 kernel: [    0.000000] Linux version 4.4.0-1052-aws (buildd@lgw01-amd64-031) (gcc version 5.4.0 20160609 (Ubuntu 5.4.0-6ubuntu1~16.04.9) ) #61-Ubuntu SMP Mon Feb 12 23:05:58 UTC 2018 (Ubuntu 4.4.0-1052.61-aws 4.4.98)
Mar  2 08:46:59 ip-172-31-69-18 kernel: [    0.000000] Command line: BOOT_IMAGE=/boot/vmlinuz-4.4.0-1052-aws root=UUID=ccee1a8d-0785-4b3a-a578-812d59f5d3e1 ro console=tty1 console=ttyS0 nvme.io_timeout=4294967295
Mar  2 08:46:59 ip-172-31-69-18 kernel: [    0.000000] KERNEL supported cpus:
Mar  2 08:46:59 ip-172-31-69-18 kernel: [    0.000000]   Intel GenuineIntel
Mar  2 08:46:59 ip-172-31-69-18 kernel: [    0.000000]   AMD AuthenticAMD
Mar  2 08:46:59 ip-172-31-69-18 kernel: [    0.000000]   Centaur CentaurHauls
Mar  2 08:46:59 ip-172-31-69-18 kernel: [    0.000000] x86/fpu: xstate_offset[2]:  576, xstate_sizes[2]:  256
Mar  2 08:46:59 ip-172-31-69-18 kernel: [    0.000000] x86/fpu: Supporting XSAVE feature 0x01: 'x87 floating point registers'
Mar  2 08:46:59 ip-172-31-69-18 kernel: [    0.000000] x86/fpu: Supporting XSAVE feature 0x02: 'SSE registers'
Mar  2 08:46:59 ip-172-31-69-18 kernel: [    0.000000] x86/fpu: Supporting XSAVE feature 0x04: 'AVX registers'
Mar  2 08:46:59 ip-172-31-69-18 kernel: [    0.000000] x86/fpu: Enabled xstate features 0x7, context size is 832 bytes, using 'standard' format.
Mar  2 08:46:59 ip-172-31-69-18 kernel: [    0.000000] x86/fpu: Using 'eager' FPU context switches.
Mar  2 08:46:59 ip-172-31-69-18 kernel: [    0.000000] e820: BIOS-provided physical RAM map:
Mar  2 08:46:59 ip-172-31-69-18 kernel: [    0.000000] BIOS-e820: [mem 0x0000000000000000-0x000000000009dfff] usable
Mar  2 08:46:59 ip-172-31-69-18 kernel: [    0.000000] BIOS-e820: [mem 0x000000000009e000-0x000000000009ffff] reserved
Mar  2 08:46:59 ip-172-31-69-18 kernel: [    0.000000] BIOS-e820: [mem 0x00000000000e0000-0x00000000000fffff] reserved
Mar  2 08:46:59 ip-172-31-69-18 kernel: [    0.000000] BIOS-e820: [mem 0x0000000000100000-0x000000003fffffff] usable
Mar  2 08:46:59 ip-172-31-69-18 kernel: [    0.000000] BIOS-e820: [mem 0x00000000fc000000-0x00000000ffffffff] reserved
Mar  2 08:46:59 ip-172-31-69-18 kernel: [    0.000000] NX (Execute Disable) protection: active
Mar  2 08:46:59 ip-172-31-69-18 kernel: [    0.000000] SMBIOS 2.7 present.
Mar  2 08:46:59 ip-172-31-69-18 kernel: [    0.000000] DMI: Xen HVM domU, BIOS 4.2.amazon 08/24/2006
Mar  2 08:46:59 ip-172-31-69-18 kernel: [    0.000000] Hypervisor detected: Xen
Mar  2 08:46:59 ip-172-31-69-18 kernel: [    0.000000] Xen version 4.2.
Mar  2 08:46:59 ip-172-31-69-18 kernel: [    0.000000] Xen Platform PCI: I/O protocol version 1
Mar  2 08:46:59 ip-172-31-69-18 kernel: [    0.000000] Netfront and the Xen platform PCI driver have been compiled for this kernel: unplug emulated NICs.
Mar  2 08:46:59 ip-172-31-69-18 kernel: [    0.000000] Blkfront and the Xen platform PCI driver have been compiled for this kernel: unplug emulated disks.
Mar  2 08:46:59 ip-172-31-69-18 kernel: [    0.000000] You might have to change the root device
Mar  2 08:46:59 ip-172-31-69-18 kernel: [    0.000000] from /dev/hd[a-d] to /dev/xvd[a-d]
Mar  2 08:46:59 ip-172-31-69-18 kernel: [    0.000000] in your root= kernel command line option
Mar  2 08:46:59 ip-172-31-69-18 kernel: [    0.000000] HVMOP_pagetable_dying not supported
Mar  2 08:46:59 ip-172-31-69-18 kernel: [    0.000000] e820: update [mem 0x00000000-0x00000fff] usable ==> reserved
Mar  2 08:46:59 ip-172-31-69-18 kernel: [    0.000000] e820: remove [mem 0x000a0000-0x000fffff] usable
Mar  2 08:46:59 ip-172-31-69-18 kernel: [    0.000000] e820: last_pfn = 0x40000 max_arch_pfn = 0x400000000
Mar  2 08:46:59 ip-172-31-69-18 kernel: [    0.000000] MTRR default type: write-back
Mar  2 08:46:59 ip-172-31-69-18 kernel: [    0.000000] MTRR fixed ranges enabled:
Mar  2 08:46:59 ip-172-31-69-18 kernel: [    0.000000]   00000-9FFFF write-back
Mar  2 08:46:59 ip-172-31-69-18 kernel: [    0.000000]   A0000-BFFFF write-combining
Mar  2 08:46:59 ip-172-31-69-18 kernel: [    0.000000]   C0000-FFFFF write-back
Mar  2 08:46:59 ip-172-31-69-18 kernel: [    0.000000] MTRR variable ranges enabled:
Mar  2 08:46:59 ip-172-31-69-18 kernel: [    0.000000]   0 base 0000F0000000 mask 3FFFF8000000 uncachable
Mar  2 08:46:59 ip-172-31-69-18 kernel: [    0.000000]   1 base 0000F8000000 mask 3FFFFC000000 uncachable
Mar  2 08:46:59 ip-172-31-69-18 kernel: [    0.000000]   2 disabled
Mar  2 08:46:59 ip-172-31-69-18 kernel: [    0.000000]   3 disabled
Mar  2 08:46:59 ip-172-31-69-18 kernel: [    0.000000]   4 disabled
Mar  2 08:46:59 ip-172-31-69-18 kernel: [    0.000000]   5 disabled
Mar  2 08:46:59 ip-172-31-69-18 kernel: [    0.000000]   6 disabled
Mar  2 08:46:59 ip-172-31-69-18 kernel: [    0.000000]   7 disabled
Mar  2 08:46:59 ip-172-31-69-18 kernel: [    0.000000] x86/PAT: Configuration [0-7]: WB  WC  UC- UC  WB  WC  UC- WT  
Mar  2 08:46:59 ip-172-31-69-18 kernel: [    0.000000] found SMP MP-table at [mem 0x000fbc20-0x000fbc2f] mapped at [ffff8800000fbc20]
Mar  2 08:46:59 ip-172-31-69-18 kernel: [    0.000000] Scanning 1 areas for low memory corruption
Mar  2 08:46:59 ip-172-31-69-18 kernel: [    0.000000] Base memory trampoline at [ffff880000098000] 98000 size 24576
Mar  2 08:46:59 ip-172-31-69-18 kernel: [    0.000000] BRK [0x021fd000, 0x021fdfff] PGTABLE
Mar  2 08:46:59 ip-172-31-69-18 kernel: [    0.000000] BRK [0x021fe000, 0x021fefff] PGTABLE
Mar  2 08:46:59 ip-172-31-69-18 kernel: [    0.000000] BRK [0x021ff000, 0x021fffff] PGTABLE
Mar  2 08:46:59 ip-172-31-69-18 kernel: [    0.000000] RAMDISK: [mem 0x367d8000-0x373e3fff]
Mar  2 08:46:59 ip-172-31-69-18 kernel: [    0.000000] ACPI: Early table checksum verification disabled
Mar  2 08:46:59 ip-172-31-69-18 kernel: [    0.000000] ACPI: RSDP 0x00000000000EA020 000024 (v02 Xen   )
Mar  2 08:46:59 ip-172-31-69-18 kernel: [    0.000000] ACPI: XSDT 0x00000000FC00DDC0 000054 (v01 Xen    HVM      00000000 HVML 00000000)
Mar  2 08:46:59 ip-172-31-69-18 kernel: [    0.000000] ACPI: FACP 0x00000000FC00DA80 0000F4 (v04 Xen    HVM      00000000 HVML 00000000)
Mar  2 08:46:59 ip-172-31-69-18 kernel: [    0.000000] ACPI: DSDT 0x00000000FC001CE0 00BD19 (v02 Xen    HVM      00000000 INTL 20090123)
Mar  2 08:46:59 ip-172-31-69-18 kernel: [    0.000000] ACPI: FACS 0x00000000FC001CA0 000040
Mar  2 08:46:59 ip-172-31-69-18 kernel: [    0.000000] ACPI: FACS 0x00000000FC001CA0 000040
Mar  2 08:46:59 ip-172-31-69-18 kernel: [    0.000000] ACPI: APIC 0x00000000FC00DB80 0000D8 (v02 Xen    HVM      00000000 HVML 00000000)
Mar  2 08:46:59 ip-172-31-69-18 kernel: [    0.000000] ACPI: HPET 0x00000000FC00DCD0 000038 (v01 Xen    HVM      00000000 HVML 00000000)
Mar  2 08:46:59 ip-172-31-69-18 kernel: [    0.000000] ACPI: WAET 0x00000000FC00DD10 000028 (v01 Xen    HVM      00000000 HVML 00000000)
Mar  2 08:46:59 ip-172-31-69-18 kernel: [    0.000000] ACPI: SSDT 0x00000000FC00DD40 000031 (v02 Xen    HVM      00000000 INTL 20090123)
Mar  2 08:46:59 ip-172-31-69-18 kernel: [    0.000000] ACPI: SSDT 0x00000000FC00DD80 000031 (v02 Xen    HVM      00000000 INTL 20090123)
Mar  2 08:46:59 ip-172-31-69-18 kernel: [    0.000000] ACPI: Local APIC address 0xfee00000
Mar  2 08:46:59 ip-172-31-69-18 kernel: [    0.000000] No NUMA configuration found
Mar  2 08:46:59 ip-172-31-69-18 kernel: [    0.000000] Faking a node at [mem 0x0000000000000000-0x000000003fffffff]
Mar  2 08:46:59 ip-172-31-69-18 kernel: [    0.000000] NODE_DATA(0) allocated [mem 0x3fffb000-0x3fffffff]
Mar  2 08:46:59 ip-172-31-69-18 kernel: [    0.000000] Zone ranges:
