Feb 23 06:36:39 ip-172-31-69-21 dhclient[966]: DHCPREQUEST of 172.31.69.21 on eth0 to 172.31.69.1 port 67 (xid=0x3e6e62f6)
Feb 23 06:36:39 ip-172-31-69-21 dhclient[966]: DHCPACK of 172.31.69.21 from 172.31.69.1
Feb 23 06:36:39 ip-172-31-69-21 dhclient[966]: bound to 172.31.69.21 -- renewal in 1460 seconds.
Feb 23 06:58:31 ip-172-31-69-21 systemd[1]: Starting Daily apt upgrade and clean activities...
Feb 23 06:58:48 ip-172-31-69-21 kernel: [81364.985643] SGI XFS with ACLs, security attributes, realtime, no debug enabled
Feb 23 06:58:51 ip-172-31-69-21 systemd[1]: Started Daily apt upgrade and clean activities.
Feb 23 07:00:59 ip-172-31-69-21 dhclient[966]: DHCPREQUEST of 172.31.69.21 on eth0 to 172.31.69.1 port 67 (xid=0x3e6e62f6)
Feb 23 07:00:59 ip-172-31-69-21 dhclient[966]: DHCPACK of 172.31.69.21 from 172.31.69.1
Feb 23 07:00:59 ip-172-31-69-21 dhclient[966]: bound to 172.31.69.21 -- renewal in 1472 seconds.
Feb 23 07:17:01 ip-172-31-69-21 CRON[8356]: (root) CMD (   cd / && run-parts --report /etc/cron.hourly)
Feb 23 07:25:31 ip-172-31-69-21 dhclient[966]: DHCPREQUEST of 172.31.69.21 on eth0 to 172.31.69.1 port 67 (xid=0x3e6e62f6)
Feb 23 07:25:31 ip-172-31-69-21 dhclient[966]: DHCPACK of 172.31.69.21 from 172.31.69.1
Feb 23 07:25:31 ip-172-31-69-21 dhclient[966]: bound to 172.31.69.21 -- renewal in 1789 seconds.
Feb 23 07:55:20 ip-172-31-69-21 dhclient[966]: DHCPREQUEST of 172.31.69.21 on eth0 to 172.31.69.1 port 67 (xid=0x3e6e62f6)
Feb 23 07:55:20 ip-172-31-69-21 dhclient[966]: DHCPACK of 172.31.69.21 from 172.31.69.1
Feb 23 07:55:20 ip-172-31-69-21 dhclient[966]: bound to 172.31.69.21 -- renewal in 1357 seconds.
Feb 23 08:15:56 ip-172-31-69-21 systemd[1]: Received SIGINT.
Feb 23 08:15:56 ip-172-31-69-21 systemd[1]: Closed Load/Save RF Kill Switch Status /dev/rfkill Watch.
Feb 23 08:15:56 ip-172-31-69-21 systemd[1279]: Reached target Shutdown.
Feb 23 08:15:56 ip-172-31-69-21 systemd[1279]: Stopped target Default.
Feb 23 08:15:56 ip-172-31-69-21 systemd[1279]: Stopped target Basic System.
Feb 23 08:15:56 ip-172-31-69-21 systemd[1279]: Stopped target Paths.
Feb 23 08:15:56 ip-172-31-69-21 systemd[1279]: Stopped target Timers.
Feb 23 08:15:56 ip-172-31-69-21 systemd[1279]: Stopped target Sockets.
Feb 23 08:15:56 ip-172-31-69-21 systemd[1279]: Starting Exit the Session...
Feb 23 08:15:56 ip-172-31-69-21 systemd[1]: Stopping User Manager for UID 1000...
Feb 23 08:15:56 ip-172-31-69-21 systemd[1279]: Received SIGRTMIN+24 from PID 8399 (kill).
Feb 23 08:15:56 ip-172-31-69-21 systemd[1]: Stopping Session 1 of user ubuntu.
Feb 23 08:15:56 ip-172-31-69-21 kernel: [85992.900378] device eth0 left promiscuous mode
Feb 23 08:15:56 ip-172-31-69-21 systemd[1]: Stopping ACPI event daemon...
Feb 23 08:15:56 ip-172-31-69-21 systemd[1]: Stopped target Cloud-init target.
Feb 23 08:15:56 ip-172-31-69-21 systemd[1]: Stopped target Graphical Interface.
Feb 23 08:15:56 ip-172-31-69-21 systemd[1]: Stopped target Timers.
Feb 23 08:15:56 ip-172-31-69-21 systemd[1]: Stopped Daily Cleanup of Temporary Directories.
Feb 23 08:15:56 ip-172-31-69-21 systemd[1]: Stopped Timer to automatically refresh installed snaps.
Feb 23 08:15:56 ip-172-31-69-21 systemd[1]: Stopped Daily apt upgrade and clean activities.
Feb 23 08:15:56 ip-172-31-69-21 systemd[1]: Stopped Daily apt download activities.
Feb 23 08:15:56 ip-172-31-69-21 systemd[1]: Stopped target System Time Synchronized.
Feb 23 08:15:56 ip-172-31-69-21 systemd[1]: Stopping Authenticate and Authorize Users to Run Privileged Tasks...
Feb 23 08:15:56 ip-172-31-69-21 systemd[1]: Stopping Accounts Service...
Feb 23 08:15:56 ip-172-31-69-21 systemd[1]: Stopped Execute cloud user/final scripts.
Feb 23 08:15:56 ip-172-31-69-21 systemd[1]: Stopped Apply the settings specified in cloud-config.
Feb 23 08:15:56 ip-172-31-69-21 systemd[1]: Stopped target Cloud-config availability.
Feb 23 08:15:56 ip-172-31-69-21 systemd[1]: Stopped target Multi-User System.
Feb 23 08:15:56 ip-172-31-69-21 systemd[1]: Stopping LSB: automatic crash report generation...
Feb 23 08:15:56 ip-172-31-69-21 systemd[1]: Stopping Regular background program processing daemon...
Feb 23 08:15:56 ip-172-31-69-21 systemd[1]: Stopping LSB: daemon to balance interrupts for SMP systems...
Feb 23 08:15:56 ip-172-31-69-21 systemd[1]: Stopping LSB: Set the CPU Frequency Scaling governor to "ondemand"...
Feb 23 08:15:56 ip-172-31-69-21 systemd[1]: Stopping Deferred execution scheduler...
Feb 23 08:15:56 ip-172-31-69-21 systemd[1]: Stopping D-Bus System Message Bus...
Feb 23 08:15:56 ip-172-31-69-21 systemd[1]: Stopping LSB: MD monitoring daemon...
Feb 23 08:15:56 ip-172-31-69-21 systemd[1]: Stopping LSB: disk temperature monitoring daemon...
Feb 23 08:15:56 ip-172-31-69-21 systemd[1]: Stopped Initialize hardware monitoring sensors.
Feb 23 08:15:56 ip-172-31-69-21 systemd[1]: Stopping FUSE filesystem for LXC...
Feb 23 08:15:56 ip-172-31-69-21 rsyslogd: [origin software="rsyslogd" swVersion="8.16.0" x-pid="1089" x-info="http://www.rsyslog.com"] exiting on signal 15.
Feb 23 08:16:29 ip-172-31-69-21 rsyslogd: [origin software="rsyslogd" swVersion="8.16.0" x-pid="1131" x-info="http://www.rsyslog.com"] start
Feb 23 08:16:29 ip-172-31-69-21 rsyslogd-2222: command 'KLogPermitNonKernelFacility' is currently not permitted - did you already set it via a RainerScript command (v6+ config)? [v8.16.0 try http://www.rsyslog.com/e/2222 ]
Feb 23 08:16:29 ip-172-31-69-21 rsyslogd: rsyslogd's groupid changed to 108
Feb 23 08:16:29 ip-172-31-69-21 rsyslogd: rsyslogd's userid changed to 104
Feb 23 08:16:29 ip-172-31-69-21 rsyslogd-2039: Could not open output pipe '/dev/xconsole':: No such file or directory [v8.16.0 try http://www.rsyslog.com/e/2039 ]
Feb 23 08:16:29 ip-172-31-69-21 rsyslogd-2007: action 'action 11' suspended, next retry is Fri Feb 23 08:16:59 2018 [v8.16.0 try http://www.rsyslog.com/e/2007 ]
Feb 23 08:16:29 ip-172-31-69-21 kernel: [    0.000000] Initializing cgroup subsys cpuset
Feb 23 08:16:29 ip-172-31-69-21 kernel: [    0.000000] Initializing cgroup subsys cpu
Feb 23 08:16:29 ip-172-31-69-21 kernel: [    0.000000] Initializing cgroup subsys cpuacct
Feb 23 08:16:29 ip-172-31-69-21 kernel: [    0.000000] Linux version 4.4.0-1052-aws (buildd@lgw01-amd64-031) (gcc version 5.4.0 20160609 (Ubuntu 5.4.0-6ubuntu1~16.04.9) ) #61-Ubuntu SMP Mon Feb 12 23:05:58 UTC 2018 (Ubuntu 4.4.0-1052.61-aws 4.4.98)
Feb 23 08:16:29 ip-172-31-69-21 kernel: [    0.000000] Command line: BOOT_IMAGE=/boot/vmlinuz-4.4.0-1052-aws root=UUID=ccee1a8d-0785-4b3a-a578-812d59f5d3e1 ro console=tty1 console=ttyS0 nvme.io_timeout=4294967295
Feb 23 08:16:29 ip-172-31-69-21 kernel: [    0.000000] KERNEL supported cpus:
Feb 23 08:16:29 ip-172-31-69-21 kernel: [    0.000000]   Intel GenuineIntel
Feb 23 08:16:29 ip-172-31-69-21 kernel: [    0.000000]   AMD AuthenticAMD
Feb 23 08:16:29 ip-172-31-69-21 kernel: [    0.000000]   Centaur CentaurHauls
Feb 23 08:16:29 ip-172-31-69-21 kernel: [    0.000000] x86/fpu: xstate_offset[2]:  576, xstate_sizes[2]:  256
Feb 23 08:16:29 ip-172-31-69-21 kernel: [    0.000000] x86/fpu: Supporting XSAVE feature 0x01: 'x87 floating point registers'
Feb 23 08:16:29 ip-172-31-69-21 kernel: [    0.000000] x86/fpu: Supporting XSAVE feature 0x02: 'SSE registers'
Feb 23 08:16:29 ip-172-31-69-21 kernel: [    0.000000] x86/fpu: Supporting XSAVE feature 0x04: 'AVX registers'
Feb 23 08:16:29 ip-172-31-69-21 kernel: [    0.000000] x86/fpu: Enabled xstate features 0x7, context size is 832 bytes, using 'standard' format.
Feb 23 08:16:29 ip-172-31-69-21 kernel: [    0.000000] x86/fpu: Using 'eager' FPU context switches.
Feb 23 08:16:29 ip-172-31-69-21 kernel: [    0.000000] e820: BIOS-provided physical RAM map:
Feb 23 08:16:29 ip-172-31-69-21 kernel: [    0.000000] BIOS-e820: [mem 0x0000000000000000-0x000000000009dfff] usable
Feb 23 08:16:29 ip-172-31-69-21 kernel: [    0.000000] BIOS-e820: [mem 0x000000000009e000-0x000000000009ffff] reserved
Feb 23 08:16:29 ip-172-31-69-21 kernel: [    0.000000] BIOS-e820: [mem 0x00000000000e0000-0x00000000000fffff] reserved
Feb 23 08:16:29 ip-172-31-69-21 kernel: [    0.000000] BIOS-e820: [mem 0x0000000000100000-0x000000003fffffff] usable
Feb 23 08:16:29 ip-172-31-69-21 kernel: [    0.000000] BIOS-e820: [mem 0x00000000fc000000-0x00000000ffffffff] reserved
Feb 23 08:16:29 ip-172-31-69-21 kernel: [    0.000000] NX (Execute Disable) protection: active
Feb 23 08:16:29 ip-172-31-69-21 kernel: [    0.000000] SMBIOS 2.7 present.
Feb 23 08:16:29 ip-172-31-69-21 kernel: [    0.000000] DMI: Xen HVM domU, BIOS 4.2.amazon 08/24/2006
Feb 23 08:16:29 ip-172-31-69-21 kernel: [    0.000000] Hypervisor detected: Xen
Feb 23 08:16:29 ip-172-31-69-21 kernel: [    0.000000] Xen version 4.2.
Feb 23 08:16:29 ip-172-31-69-21 kernel: [    0.000000] Xen Platform PCI: I/O protocol version 1
Feb 23 08:16:29 ip-172-31-69-21 kernel: [    0.000000] Netfront and the Xen platform PCI driver have been compiled for this kernel: unplug emulated NICs.
Feb 23 08:16:29 ip-172-31-69-21 kernel: [    0.000000] Blkfront and the Xen platform PCI driver have been compiled for this kernel: unplug emulated disks.
Feb 23 08:16:29 ip-172-31-69-21 kernel: [    0.000000] You might have to change the root device
Feb 23 08:16:29 ip-172-31-69-21 kernel: [    0.000000] from /dev/hd[a-d] to /dev/xvd[a-d]
Feb 23 08:16:29 ip-172-31-69-21 kernel: [    0.000000] in your root= kernel command line option
Feb 23 08:16:29 ip-172-31-69-21 kernel: [    0.000000] HVMOP_pagetable_dying not supported
Feb 23 08:16:29 ip-172-31-69-21 kernel: [    0.000000] e820: update [mem 0x00000000-0x00000fff] usable ==> reserved
Feb 23 08:16:29 ip-172-31-69-21 kernel: [    0.000000] e820: remove [mem 0x000a0000-0x000fffff] usable
Feb 23 08:16:29 ip-172-31-69-21 kernel: [    0.000000] e820: last_pfn = 0x40000 max_arch_pfn = 0x400000000
Feb 23 08:16:29 ip-172-31-69-21 kernel: [    0.000000] MTRR default type: write-back
Feb 23 08:16:29 ip-172-31-69-21 kernel: [    0.000000] MTRR fixed ranges enabled:
Feb 23 08:16:29 ip-172-31-69-21 kernel: [    0.000000]   00000-9FFFF write-back
Feb 23 08:16:29 ip-172-31-69-21 kernel: [    0.000000]   A0000-BFFFF write-combining
Feb 23 08:16:29 ip-172-31-69-21 kernel: [    0.000000]   C0000-FFFFF write-back
Feb 23 08:16:29 ip-172-31-69-21 kernel: [    0.000000] MTRR variable ranges enabled:
Feb 23 08:16:29 ip-172-31-69-21 kernel: [    0.000000]   0 base 0000F0000000 mask 3FFFF8000000 uncachable
Feb 23 08:16:29 ip-172-31-69-21 kernel: [    0.000000]   1 base 0000F8000000 mask 3FFFFC000000 uncachable
Feb 23 08:16:29 ip-172-31-69-21 kernel: [    0.000000]   2 disabled
Feb 23 08:16:29 ip-172-31-69-21 kernel: [    0.000000]   3 disabled
Feb 23 08:16:29 ip-172-31-69-21 kernel: [    0.000000]   4 disabled
Feb 23 08:16:29 ip-172-31-69-21 kernel: [    0.000000]   5 disabled
Feb 23 08:16:29 ip-172-31-69-21 kernel: [    0.000000]   6 disabled
Feb 23 08:16:29 ip-172-31-69-21 kernel: [    0.000000]   7 disabled
Feb 23 08:16:29 ip-172-31-69-21 kernel: [    0.000000] x86/PAT: Configuration [0-7]: WB  WC  UC- UC  WB  WC  UC- WT  
Feb 23 08:16:29 ip-172-31-69-21 kernel: [    0.000000] found SMP MP-table at [mem 0x000fbc20-0x000fbc2f] mapped at [ffff8800000fbc20]
Feb 23 08:16:29 ip-172-31-69-21 kernel: [    0.000000] Scanning 1 areas for low memory corruption
Feb 23 08:16:29 ip-172-31-69-21 kernel: [    0.000000] Base memory trampoline at [ffff880000098000] 98000 size 24576
Feb 23 08:16:29 ip-172-31-69-21 kernel: [    0.000000] BRK [0x021fd000, 0x021fdfff] PGTABLE
Feb 23 08:16:29 ip-172-31-69-21 kernel: [    0.000000] BRK [0x021fe000, 0x021fefff] PGTABLE
Feb 23 08:16:29 ip-172-31-69-21 kernel: [    0.000000] BRK [0x021ff000, 0x021fffff] PGTABLE
Feb 23 08:16:29 ip-172-31-69-21 kernel: [    0.000000] RAMDISK: [mem 0x367d8000-0x373e3fff]
Feb 23 08:16:29 ip-172-31-69-21 kernel: [    0.000000] ACPI: Early table checksum verification disabled
Feb 23 08:16:29 ip-172-31-69-21 kernel: [    0.000000] ACPI: RSDP 0x00000000000EA020 000024 (v02 Xen   )
Feb 23 08:16:29 ip-172-31-69-21 kernel: [    0.000000] ACPI: XSDT 0x00000000FC00DDC0 000054 (v01 Xen    HVM      00000000 HVML 00000000)
Feb 23 08:16:29 ip-172-31-69-21 kernel: [    0.000000] ACPI: FACP 0x00000000FC00DA80 0000F4 (v04 Xen    HVM      00000000 HVML 00000000)
Feb 23 08:16:29 ip-172-31-69-21 kernel: [    0.000000] ACPI: DSDT 0x00000000FC001CE0 00BD19 (v02 Xen    HVM      00000000 INTL 20090123)
Feb 23 08:16:29 ip-172-31-69-21 kernel: [    0.000000] ACPI: FACS 0x00000000FC001CA0 000040
Feb 23 08:16:29 ip-172-31-69-21 kernel: [    0.000000] ACPI: FACS 0x00000000FC001CA0 000040
Feb 23 08:16:29 ip-172-31-69-21 kernel: [    0.000000] ACPI: APIC 0x00000000FC00DB80 0000D8 (v02 Xen    HVM      00000000 HVML 00000000)
Feb 23 08:16:29 ip-172-31-69-21 kernel: [    0.000000] ACPI: HPET 0x00000000FC00DCD0 000038 (v01 Xen    HVM      00000000 HVML 00000000)
Feb 23 08:16:29 ip-172-31-69-21 kernel: [    0.000000] ACPI: WAET 0x00000000FC00DD10 000028 (v01 Xen    HVM      00000000 HVML 00000000)
Feb 23 08:16:29 ip-172-31-69-21 kernel: [    0.000000] ACPI: SSDT 0x00000000FC00DD40 000031 (v02 Xen    HVM      00000000 INTL 20090123)
Feb 23 08:16:29 ip-172-31-69-21 kernel: [    0.000000] ACPI: SSDT 0x00000000FC00DD80 000031 (v02 Xen    HVM      00000000 INTL 20090123)
Feb 23 08:16:29 ip-172-31-69-21 kernel: [    0.000000] ACPI: Local APIC address 0xfee00000
Feb 23 08:16:29 ip-172-31-69-21 kernel: [    0.000000] No NUMA configuration found
Feb 23 08:16:29 ip-172-31-69-21 kernel: [    0.000000] Faking a node at [mem 0x0000000000000000-0x000000003fffffff]
Feb 23 08:16:29 ip-172-31-69-21 kernel: [    0.000000] NODE_DATA(0) allocated [mem 0x3fffb000-0x3fffffff]
Feb 23 08:16:29 ip-172-31-69-21 kernel: [    0.000000] Zone ranges:
Feb 23 08:16:29 ip-172-31-69-21 kernel: [    0.000000]   DMA      [mem 0x0000000000001000-0x0000000000ffffff]
Feb 23 08:16:29 ip-172-31-69-21 kernel: [    0.000000]   DMA32    [mem 0x0000000001000000-0x000000003fffffff]
Feb 23 08:16:29 ip-172-31-69-21 kernel: [    0.000000]   Normal   empty
Feb 23 08:16:29 ip-172-31-69-21 kernel: [    0.000000]   Device   empty
Feb 23 08:16:29 ip-172-31-69-21 kernel: [    0.000000] Movable zone start for each node
Feb 23 08:16:29 ip-172-31-69-21 kernel: [    0.000000] Early memory node ranges
Feb 23 08:16:29 ip-172-31-69-21 kernel: [    0.000000]   node   0: [mem 0x0000000000001000-0x000000000009dfff]
Feb 23 08:16:29 ip-172-31-69-21 kernel: [    0.000000]   node   0: [mem 0x0000000000100000-0x000000003fffffff]
Feb 23 08:16:29 ip-172-31-69-21 kernel: [    0.000000] Initmem setup node 0 [mem 0x0000000000001000-0x000000003fffffff]
Feb 23 08:16:29 ip-172-31-69-21 kernel: [    0.000000] On node 0 totalpages: 262045
Feb 23 08:16:29 ip-172-31-69-21 kernel: [    0.000000]   DMA zone: 64 pages used for memmap
Feb 23 08:16:29 ip-172-31-69-21 kernel: [    0.000000]   DMA zone: 21 pages reserved
Feb 23 08:16:29 ip-172-31-69-21 kernel: [    0.000000]   DMA zone: 3997 pages, LIFO batch:0
Feb 23 08:16:29 ip-172-31-69-21 kernel: [    0.000000]   DMA32 zone: 4032 pages used for memmap
Feb 23 08:16:29 ip-172-31-69-21 kernel: [    0.000000]   DMA32 zone: 258048 pages, LIFO batch:31
Feb 23 08:16:29 ip-172-31-69-21 kernel: [    0.000000] ACPI: PM-Timer IO Port: 0xb008
Feb 23 08:16:29 ip-172-31-69-21 kernel: [    0.000000] ACPI: Local APIC address 0xfee00000
Feb 23 08:16:29 ip-172-31-69-21 kernel: [    0.000000] IOAPIC[0]: apic_id 1, version 17, address 0xfec00000, GSI 0-47
Feb 23 08:16:29 ip-172-31-69-21 kernel: [    0.000000] ACPI: INT_SRC_OVR (bus 0 bus_irq 0 global_irq 2 dfl dfl)
Feb 23 08:16:29 ip-172-31-69-21 kernel: [    0.000000] ACPI: INT_SRC_OVR (bus 0 bus_irq 5 global_irq 5 low level)
Feb 23 08:16:29 ip-172-31-69-21 kernel: [    0.000000] ACPI: INT_SRC_OVR (bus 0 bus_irq 10 global_irq 10 low level)
Feb 23 08:16:29 ip-172-31-69-21 kernel: [    0.000000] ACPI: INT_SRC_OVR (bus 0 bus_irq 11 global_irq 11 low level)
Feb 23 08:16:29 ip-172-31-69-21 kernel: [    0.000000] ACPI: IRQ0 used by override.
Feb 23 08:16:29 ip-172-31-69-21 kernel: [    0.000000] ACPI: IRQ5 used by override.
Feb 23 08:16:29 ip-172-31-69-21 kernel: [    0.000000] ACPI: IRQ9 used by override.
Feb 23 08:16:29 ip-172-31-69-21 kernel: [    0.000000] ACPI: IRQ10 used by override.
Feb 23 08:16:29 ip-172-31-69-21 kernel: [    0.000000] ACPI: IRQ11 used by override.
Feb 23 08:16:29 ip-172-31-69-21 kernel: [    0.000000] Using ACPI (MADT) for SMP configuration information
Feb 23 08:16:29 ip-172-31-69-21 kernel: [    0.000000] ACPI: HPET id: 0x8086a201 base: 0xfed00000
Feb 23 08:16:29 ip-172-31-69-21 kernel: [    0.000000] smpboot: Allowing 15 CPUs, 14 hotplug CPUs
Feb 23 08:16:29 ip-172-31-69-21 kernel: [    0.000000] PM: Registered nosave memory: [mem 0x00000000-0x00000fff]
Feb 23 08:16:29 ip-172-31-69-21 kernel: [    0.000000] PM: Registered nosave memory: [mem 0x0009e000-0x0009ffff]
Feb 23 08:16:29 ip-172-31-69-21 kernel: [    0.000000] PM: Registered nosave memory: [mem 0x000a0000-0x000dffff]
Feb 23 08:16:29 ip-172-31-69-21 kernel: [    0.000000] PM: Registered nosave memory: [mem 0x000e0000-0x000fffff]
Feb 23 08:16:29 ip-172-31-69-21 kernel: [    0.000000] e820: [mem 0x40000000-0xfbffffff] available for PCI devices
Feb 23 08:16:29 ip-172-31-69-21 kernel: [    0.000000] Booting paravirtualized kernel on Xen HVM
Feb 23 08:16:29 ip-172-31-69-21 kernel: [    0.000000] clocksource: refined-jiffies: mask: 0xffffffff max_cycles: 0xffffffff, max_idle_ns: 7645519600211568 ns
Feb 23 08:16:29 ip-172-31-69-21 kernel: [    0.000000] setup_percpu: NR_CPUS:256 nr_cpumask_bits:256 nr_cpu_ids:15 nr_node_ids:1
Feb 23 08:16:29 ip-172-31-69-21 kernel: [    0.000000] PERCPU: Embedded 34 pages/cpu @ffff88003e200000 s99160 r8192 d31912 u262144
Feb 23 08:16:29 ip-172-31-69-21 kernel: [    0.000000] pcpu-alloc: s99160 r8192 d31912 u262144 alloc=1*2097152
Feb 23 08:16:29 ip-172-31-69-21 kernel: [    0.000000] pcpu-alloc: [0] 00 01 02 03 04 05 06 07 [0] 08 09 10 11 12 13 14 -- 
Feb 23 08:16:29 ip-172-31-69-21 kernel: [    0.000000] xen: PV spinlocks enabled
Feb 23 08:16:29 ip-172-31-69-21 kernel: [    0.000000] PV qspinlock hash table entries: 256 (order: 0, 4096 bytes)
Feb 23 08:16:29 ip-172-31-69-21 kernel: [    0.000000] Built 1 zonelists in Node order, mobility grouping on.  Total pages: 257928
Feb 23 08:16:29 ip-172-31-69-21 kernel: [    0.000000] Policy zone: DMA32
Feb 23 08:16:29 ip-172-31-69-21 kernel: [    0.000000] Kernel command line: BOOT_IMAGE=/boot/vmlinuz-4.4.0-1052-aws root=UUID=ccee1a8d-0785-4b3a-a578-812d59f5d3e1 ro console=tty1 console=ttyS0 nvme.io_timeout=4294967295
Feb 23 08:16:29 ip-172-31-69-21 kernel: [    0.000000] PID hash table entries: 4096 (order: 3, 32768 bytes)
Feb 23 08:16:29 ip-172-31-69-21 kernel: [    0.000000] Calgary: detecting Calgary via BIOS EBDA area
Feb 23 08:16:29 ip-172-31-69-21 kernel: [    0.000000] Calgary: Unable to locate Rio Grande table in EBDA - bailing!
Feb 23 08:16:29 ip-172-31-69-21 kernel: [    0.000000] Memory: 998616K/1048180K available (8351K kernel code, 1276K rwdata, 3876K rodata, 1492K init, 1264K bss, 49564K reserved, 0K cma-reserved)
Feb 23 08:16:29 ip-172-31-69-21 kernel: [    0.000000] SLUB: HWalign=64, Order=0-3, MinObjects=0, CPUs=15, Nodes=1
Feb 23 08:16:29 ip-172-31-69-21 kernel: [    0.000000] Kernel/User page tables isolation: enabled
Feb 23 08:16:29 ip-172-31-69-21 kernel: [    0.000000] Hierarchical RCU implementation.
Feb 23 08:16:29 ip-172-31-69-21 kernel: [    0.000000] 	Build-time adjustment of leaf fanout to 64.
Feb 23 08:16:29 ip-172-31-69-21 kernel: [    0.000000] 	RCU restricting CPUs from NR_CPUS=256 to nr_cpu_ids=15.
Feb 23 08:16:29 ip-172-31-69-21 kernel: [    0.000000] RCU: Adjusting geometry for rcu_fanout_leaf=64, nr_cpu_ids=15
Feb 23 08:16:29 ip-172-31-69-21 kernel: [    0.000000] NR_IRQS:16640 nr_irqs:952 16
Feb 23 08:16:29 ip-172-31-69-21 kernel: [    0.000000] xen:events: Using 2-level ABI
Feb 23 08:16:29 ip-172-31-69-21 kernel: [    0.000000] xen:events: Xen HVM callback vector for event delivery is enabled
Feb 23 08:16:29 ip-172-31-69-21 kernel: [    0.000000] Console: colour VGA+ 80x25
Feb 23 08:16:29 ip-172-31-69-21 kernel: [    0.000000] console [tty1] enabled
Feb 23 08:16:29 ip-172-31-69-21 kernel: [    0.000000] Cannot get hvm parameter CONSOLE_EVTCHN (18): -22!
Feb 23 08:16:29 ip-172-31-69-21 kernel: [    0.000000] console [ttyS0] enabled
Feb 23 08:16:29 ip-172-31-69-21 kernel: [    0.000000] clocksource: hpet: mask: 0xffffffff max_cycles: 0xffffffff, max_idle_ns: 30580167144 ns
Feb 23 08:16:29 ip-172-31-69-21 kernel: [    0.000000] hpet clockevent registered
Feb 23 08:16:29 ip-172-31-69-21 kernel: [    0.000000] tsc: Detected 2400.050 MHz processor
Feb 23 08:16:29 ip-172-31-69-21 kernel: [    0.012000] Calibrating delay loop (skipped), value calculated using timer frequency.. 4800.10 BogoMIPS (lpj=9600200)
Feb 23 08:16:29 ip-172-31-69-21 kernel: [    0.016003] pid_max: default: 32768 minimum: 301
Feb 23 08:16:29 ip-172-31-69-21 kernel: [    0.019396] ACPI: Core revision 20150930
Feb 23 08:16:29 ip-172-31-69-21 kernel: [    0.028753] ACPI: 3 ACPI AML tables successfully acquired and loaded
Feb 23 08:16:29 ip-172-31-69-21 kernel: [    0.032834] Security Framework initialized
Feb 23 08:16:29 ip-172-31-69-21 kernel: [    0.036004] Yama: becoming mindful.
Feb 23 08:16:29 ip-172-31-69-21 kernel: [    0.040027] AppArmor: AppArmor initialized
Feb 23 08:16:29 ip-172-31-69-21 kernel: [    0.043109] Dentry cache hash table entries: 131072 (order: 8, 1048576 bytes)
Feb 23 08:16:29 ip-172-31-69-21 kernel: [    0.048181] Inode-cache hash table entries: 65536 (order: 7, 524288 bytes)
Feb 23 08:16:29 ip-172-31-69-21 kernel: [    0.052086] Mount-cache hash table entries: 2048 (order: 2, 16384 bytes)
Feb 23 08:16:29 ip-172-31-69-21 kernel: [    0.056009] Mountpoint-cache hash table entries: 2048 (order: 2, 16384 bytes)
Feb 23 08:16:29 ip-172-31-69-21 kernel: [    0.060193] Initializing cgroup subsys io
Feb 23 08:16:29 ip-172-31-69-21 kernel: [    0.064006] Initializing cgroup subsys memory
Feb 23 08:16:29 ip-172-31-69-21 kernel: [    0.068017] Initializing cgroup subsys devices
Feb 23 08:16:29 ip-172-31-69-21 kernel: [    0.072008] Initializing cgroup subsys freezer
Feb 23 08:16:29 ip-172-31-69-21 kernel: [    0.075221] Initializing cgroup subsys net_cls
Feb 23 08:16:29 ip-172-31-69-21 kernel: [    0.076007] Initializing cgroup subsys perf_event
Feb 23 08:16:29 ip-172-31-69-21 kernel: [    0.080010] Initializing cgroup subsys net_prio
Feb 23 08:16:29 ip-172-31-69-21 kernel: [    0.084017] Initializing cgroup subsys hugetlb
Feb 23 08:16:29 ip-172-31-69-21 kernel: [    0.088004] Initializing cgroup subsys pids
Feb 23 08:16:29 ip-172-31-69-21 kernel: [    0.090951] CPU: Physical Processor ID: 0
Feb 23 08:16:29 ip-172-31-69-21 kernel: [    0.092011] FEATURE SPEC_CTRL Not Present
Feb 23 08:16:29 ip-172-31-69-21 kernel: [    0.096767] mce: CPU supports 2 MCE banks
Feb 23 08:16:29 ip-172-31-69-21 kernel: [    0.100027] Last level iTLB entries: 4KB 1024, 2MB 1024, 4MB 1024
Feb 23 08:16:29 ip-172-31-69-21 kernel: [    0.104005] Last level dTLB entries: 4KB 1024, 2MB 1024, 4MB 1024, 1GB 4
Feb 23 08:16:29 ip-172-31-69-21 kernel: [    0.108006] Spectre V2 mitigation: Mitigation: Full generic retpoline
Feb 23 08:16:29 ip-172-31-69-21 kernel: [    0.112005] Spectre V2 mitigation: Speculation control IBPB not-supported IBRS not-supported
Feb 23 08:16:29 ip-172-31-69-21 kernel: [    0.138925] ftrace: allocating 31292 entries in 123 pages
Feb 23 08:16:29 ip-172-31-69-21 kernel: [    0.180096] smpboot: APIC(0) Converting physical 0 to logical package 0
Feb 23 08:16:29 ip-172-31-69-21 kernel: [    0.184007] smpboot: Max logical packages: 15
Feb 23 08:16:29 ip-172-31-69-21 kernel: [    0.188609] x2apic: IRQ remapping doesn't support X2APIC mode
Feb 23 08:16:29 ip-172-31-69-21 kernel: [    0.192006] Switched APIC routing to physical flat.
Feb 23 08:16:29 ip-172-31-69-21 kernel: [    0.198060] ..TIMER: vector=0x30 apic1=0 pin1=2 apic2=0 pin2=0
Feb 23 08:16:29 ip-172-31-69-21 kernel: [    0.204003] clocksource: xen: mask: 0xffffffffffffffff max_cycles: 0x1cd42e4dffb, max_idle_ns: 881590591483 ns
Feb 23 08:16:29 ip-172-31-69-21 kernel: [    0.208012] Xen: using vcpuop timer interface
Feb 23 08:16:29 ip-172-31-69-21 kernel: [    0.208020] installing Xen timer for CPU 0
Feb 23 08:16:29 ip-172-31-69-21 kernel: [    0.212072] smpboot: CPU0: Intel(R) Xeon(R) CPU E5-2676 v3 @ 2.40GHz (family: 0x6, model: 0x3f, stepping: 0x2)
Feb 23 08:16:29 ip-172-31-69-21 kernel: [    0.219813] cpu 0 spinlock event irq 53
Feb 23 08:16:29 ip-172-31-69-21 kernel: [    0.220015] Performance Events: unsupported p6 CPU model 63 no PMU driver, software events only.
Feb 23 08:16:29 ip-172-31-69-21 kernel: [    0.227824] x86: Booted up 1 node, 1 CPUs
Feb 23 08:16:29 ip-172-31-69-21 kernel: [    0.228008] smpboot: Total of 1 processors activated (4800.10 BogoMIPS)
Feb 23 08:16:29 ip-172-31-69-21 kernel: [    0.232012] NMI watchdog: disabled (cpu0): hardware events not enabled
Feb 23 08:16:29 ip-172-31-69-21 kernel: [    0.236006] NMI watchdog: Shutting down hard lockup detector on all cpus
Feb 23 08:16:29 ip-172-31-69-21 kernel: [    0.240373] devtmpfs: initialized
Feb 23 08:16:29 ip-172-31-69-21 kernel: [    0.244286] evm: security.selinux
Feb 23 08:16:29 ip-172-31-69-21 kernel: [    0.246971] evm: security.SMACK64
Feb 23 08:16:29 ip-172-31-69-21 kernel: [    0.248009] evm: security.SMACK64EXEC
Feb 23 08:16:29 ip-172-31-69-21 kernel: [    0.250864] evm: security.SMACK64TRANSMUTE
Feb 23 08:16:29 ip-172-31-69-21 kernel: [    0.252008] evm: security.SMACK64MMAP
Feb 23 08:16:29 ip-172-31-69-21 kernel: [    0.254778] evm: security.ima
Feb 23 08:16:29 ip-172-31-69-21 kernel: [    0.256008] evm: security.capability
Feb 23 08:16:29 ip-172-31-69-21 kernel: [    0.258776] clocksource: jiffies: mask: 0xffffffff max_cycles: 0xffffffff, max_idle_ns: 7645041785100000 ns
Feb 23 08:16:29 ip-172-31-69-21 kernel: [    0.260042] futex hash table entries: 4096 (order: 6, 262144 bytes)
Feb 23 08:16:29 ip-172-31-69-21 kernel: [    0.264213] RTC time: 12:16:20, date: 02/23/18
Feb 23 08:16:29 ip-172-31-69-21 kernel: [    0.267606] NET: Registered protocol family 16
Feb 23 08:16:29 ip-172-31-69-21 kernel: [    0.268197] cpuidle: using governor ladder
Feb 23 08:16:29 ip-172-31-69-21 kernel: [    0.272019] cpuidle: using governor menu
Feb 23 08:16:29 ip-172-31-69-21 kernel: [    0.275199] PCCT header not found.
Feb 23 08:16:29 ip-172-31-69-21 kernel: [    0.276088] ACPI: bus type PCI registered
Feb 23 08:16:29 ip-172-31-69-21 kernel: [    0.278950] acpiphp: ACPI Hot Plug PCI Controller Driver version: 0.5
Feb 23 08:16:29 ip-172-31-69-21 kernel: [    0.280321] PCI: Using configuration type 1 for base access
Feb 23 08:16:29 ip-172-31-69-21 kernel: [    0.285099] ACPI: Added _OSI(Module Device)
Feb 23 08:16:29 ip-172-31-69-21 kernel: [    0.288008] ACPI: Added _OSI(Processor Device)
Feb 23 08:16:29 ip-172-31-69-21 kernel: [    0.291194] ACPI: Added _OSI(3.0 _SCP Extensions)
Feb 23 08:16:29 ip-172-31-69-21 kernel: [    0.292007] ACPI: Added _OSI(Processor Aggregator Device)
Feb 23 08:16:29 ip-172-31-69-21 kernel: [    0.296872] xen: --> pirq=16 -> irq=9 (gsi=9)
Feb 23 08:16:29 ip-172-31-69-21 kernel: [    0.299610] ACPI: Interpreter enabled
Feb 23 08:16:29 ip-172-31-69-21 kernel: [    0.300018] ACPI: (supports S0 S4 S5)
Feb 23 08:16:29 ip-172-31-69-21 kernel: [    0.302718] ACPI: Using IOAPIC for interrupt routing
Feb 23 08:16:29 ip-172-31-69-21 kernel: [    0.304042] PCI: Using host bridge windows from ACPI; if necessary, use "pci=nocrs" and report a bug
Feb 23 08:16:29 ip-172-31-69-21 kernel: [    0.354661] ACPI: PCI Root Bridge [PCI0] (domain 0000 [bus 00-ff])
Feb 23 08:16:29 ip-172-31-69-21 kernel: [    0.356015] acpi PNP0A03:00: _OSC: OS supports [ASPM ClockPM Segments MSI]
Feb 23 08:16:29 ip-172-31-69-21 kernel: [    0.360016] acpi PNP0A03:00: _OSC failed (AE_NOT_FOUND); disabling ASPM
Feb 23 08:16:29 ip-172-31-69-21 kernel: [    0.364020] acpi PNP0A03:00: fail to add MMCONFIG information, can't access extended PCI configuration space under this bridge.
Feb 23 08:16:29 ip-172-31-69-21 kernel: [    0.368980] acpiphp: Slot [0] registered
Feb 23 08:16:29 ip-172-31-69-21 kernel: [    0.372407] acpiphp: Slot [3] registered
Feb 23 08:16:29 ip-172-31-69-21 kernel: [    0.375401] acpiphp: Slot [4] registered
Feb 23 08:16:29 ip-172-31-69-21 kernel: [    0.376294] acpiphp: Slot [5] registered
Feb 23 08:16:29 ip-172-31-69-21 kernel: [    0.379334] acpiphp: Slot [6] registered
Feb 23 08:16:29 ip-172-31-69-21 kernel: [    0.380276] acpiphp: Slot [7] registered
Feb 23 08:16:29 ip-172-31-69-21 kernel: [    0.383337] acpiphp: Slot [8] registered
Feb 23 08:16:29 ip-172-31-69-21 kernel: [    0.384301] acpiphp: Slot [9] registered
Feb 23 08:16:29 ip-172-31-69-21 kernel: [    0.387524] acpiphp: Slot [10] registered
Feb 23 08:16:29 ip-172-31-69-21 kernel: [    0.388280] acpiphp: Slot [11] registered
Feb 23 08:16:29 ip-172-31-69-21 kernel: [    0.391444] acpiphp: Slot [12] registered
Feb 23 08:16:29 ip-172-31-69-21 kernel: [    0.392292] acpiphp: Slot [13] registered
Feb 23 08:16:29 ip-172-31-69-21 kernel: [    0.395620] acpiphp: Slot [14] registered
Feb 23 08:16:29 ip-172-31-69-21 kernel: [    0.396296] acpiphp: Slot [15] registered
Feb 23 08:16:29 ip-172-31-69-21 kernel: [    0.399608] acpiphp: Slot [16] registered
Feb 23 08:16:29 ip-172-31-69-21 kernel: [    0.400297] acpiphp: Slot [17] registered
Feb 23 08:16:29 ip-172-31-69-21 kernel: [    0.403855] acpiphp: Slot [18] registered
Feb 23 08:16:29 ip-172-31-69-21 kernel: [    0.404409] acpiphp: Slot [19] registered
Feb 23 08:16:29 ip-172-31-69-21 kernel: [    0.407813] acpiphp: Slot [20] registered
Feb 23 08:16:29 ip-172-31-69-21 kernel: [    0.408344] acpiphp: Slot [21] registered
Feb 23 08:16:29 ip-172-31-69-21 kernel: [    0.411966] acpiphp: Slot [22] registered
Feb 23 08:16:29 ip-172-31-69-21 kernel: [    0.412353] acpiphp: Slot [23] registered
Feb 23 08:16:29 ip-172-31-69-21 kernel: [    0.415922] acpiphp: Slot [24] registered
Feb 23 08:16:29 ip-172-31-69-21 kernel: [    0.416302] acpiphp: Slot [25] registered
Feb 23 08:16:29 ip-172-31-69-21 kernel: [    0.419990] acpiphp: Slot [26] registered
Feb 23 08:16:29 ip-172-31-69-21 kernel: [    0.420668] acpiphp: Slot [27] registered
Feb 23 08:16:29 ip-172-31-69-21 kernel: [    0.424185] acpiphp: Slot [28] registered
Feb 23 08:16:29 ip-172-31-69-21 kernel: [    0.427906] acpiphp: Slot [29] registered
Feb 23 08:16:29 ip-172-31-69-21 kernel: [    0.428441] acpiphp: Slot [30] registered
Feb 23 08:16:29 ip-172-31-69-21 kernel: [    0.432121] acpiphp: Slot [31] registered
Feb 23 08:16:29 ip-172-31-69-21 kernel: [    0.435634] PCI host bridge to bus 0000:00
Feb 23 08:16:29 ip-172-31-69-21 kernel: [    0.436008] pci_bus 0000:00: root bus resource [io  0x0000-0x0cf7 window]
Feb 23 08:16:29 ip-172-31-69-21 kernel: [    0.440009] pci_bus 0000:00: root bus resource [io  0x0d00-0xffff window]
Feb 23 08:16:29 ip-172-31-69-21 kernel: [    0.444010] pci_bus 0000:00: root bus resource [mem 0x000a0000-0x000bffff window]
Feb 23 08:16:29 ip-172-31-69-21 kernel: [    0.448006] pci_bus 0000:00: root bus resource [mem 0xf0000000-0xfbffffff window]
Feb 23 08:16:29 ip-172-31-69-21 kernel: [    0.452008] pci_bus 0000:00: root bus resource [bus 00-ff]
Feb 23 08:16:29 ip-172-31-69-21 kernel: [    0.455835] pci 0000:00:00.0: [8086:1237] type 00 class 0x060000
Feb 23 08:16:29 ip-172-31-69-21 kernel: [    0.457410] pci 0000:00:01.0: [8086:7000] type 00 class 0x060100
Feb 23 08:16:29 ip-172-31-69-21 kernel: [    0.459923] pci 0000:00:01.1: [8086:7010] type 00 class 0x010180
Feb 23 08:16:29 ip-172-31-69-21 kernel: [    0.461110] pci 0000:00:01.1: reg 0x20: [io  0xc100-0xc10f]
Feb 23 08:16:29 ip-172-31-69-21 kernel: [    0.461658] pci 0000:00:01.1: legacy IDE quirk: reg 0x10: [io  0x01f0-0x01f7]
Feb 23 08:16:29 ip-172-31-69-21 kernel: [    0.464014] pci 0000:00:01.1: legacy IDE quirk: reg 0x14: [io  0x03f6]
Feb 23 08:16:29 ip-172-31-69-21 kernel: [    0.468007] pci 0000:00:01.1: legacy IDE quirk: reg 0x18: [io  0x0170-0x0177]
Feb 23 08:16:29 ip-172-31-69-21 kernel: [    0.472007] pci 0000:00:01.1: legacy IDE quirk: reg 0x1c: [io  0x0376]
Feb 23 08:16:29 ip-172-31-69-21 kernel: [    0.476663] pci 0000:00:01.3: [8086:7113] type 00 class 0x068000
Feb 23 08:16:29 ip-172-31-69-21 kernel: [    0.476757] * Found PM-Timer Bug on the chipset. Due to workarounds for a bug,
Feb 23 08:16:29 ip-172-31-69-21 kernel: [    0.476757] * this clock source is slow. Consider trying other clock sources
Feb 23 08:16:29 ip-172-31-69-21 kernel: [    0.481404] pci 0000:00:01.3: quirk: [io  0xb000-0xb03f] claimed by PIIX4 ACPI
Feb 23 08:16:29 ip-172-31-69-21 kernel: [    0.484900] pci 0000:00:02.0: [1013:00b8] type 00 class 0x030000
Feb 23 08:16:29 ip-172-31-69-21 kernel: [    0.485250] pci 0000:00:02.0: reg 0x10: [mem 0xf0000000-0xf1ffffff pref]
Feb 23 08:16:29 ip-172-31-69-21 kernel: [    0.485486] pci 0000:00:02.0: reg 0x14: [mem 0xf3000000-0xf3000fff]
Feb 23 08:16:29 ip-172-31-69-21 kernel: [    0.487299] pci 0000:00:03.0: [5853:0001] type 00 class 0xff8000
Feb 23 08:16:29 ip-172-31-69-21 kernel: [    0.487723] pci 0000:00:03.0: reg 0x10: [io  0xc000-0xc0ff]
Feb 23 08:16:29 ip-172-31-69-21 kernel: [    0.487987] pci 0000:00:03.0: reg 0x14: [mem 0xf2000000-0xf2ffffff pref]
Feb 23 08:16:29 ip-172-31-69-21 kernel: [    0.490546] ACPI: PCI Interrupt Link [LNKA] (IRQs *5 10 11)
Feb 23 08:16:29 ip-172-31-69-21 kernel: [    0.495105] ACPI: PCI Interrupt Link [LNKB] (IRQs 5 *10 11)
Feb 23 08:16:29 ip-172-31-69-21 kernel: [    0.499121] ACPI: PCI Interrupt Link [LNKC] (IRQs 5 10 *11)
Feb 23 08:16:29 ip-172-31-69-21 kernel: [    0.503133] ACPI: PCI Interrupt Link [LNKD] (IRQs *5 10 11)
Feb 23 08:16:29 ip-172-31-69-21 kernel: [    0.525134] ACPI: Enabled 2 GPEs in block 00 to 0F
Feb 23 08:16:29 ip-172-31-69-21 kernel: [    0.528078] xen:balloon: Initialising balloon driver
Feb 23 08:16:29 ip-172-31-69-21 kernel: [    0.536334] vgaarb: setting as boot device: PCI:0000:00:02.0
Feb 23 08:16:29 ip-172-31-69-21 kernel: [    0.540000] vgaarb: device added: PCI:0000:00:02.0,decodes=io+mem,owns=io+mem,locks=none
Feb 23 08:16:29 ip-172-31-69-21 kernel: [    0.540011] vgaarb: loaded
Feb 23 08:16:29 ip-172-31-69-21 kernel: [    0.542254] vgaarb: bridge control possible 0000:00:02.0
Feb 23 08:16:29 ip-172-31-69-21 kernel: [    0.544245] SCSI subsystem initialized
Feb 23 08:16:29 ip-172-31-69-21 kernel: [    0.547278] libata version 3.00 loaded.
Feb 23 08:16:29 ip-172-31-69-21 kernel: [    0.547303] ACPI: bus type USB registered
Feb 23 08:16:29 ip-172-31-69-21 kernel: [    0.548023] usbcore: registered new interface driver usbfs
Feb 23 08:16:29 ip-172-31-69-21 kernel: [    0.551799] usbcore: registered new interface driver hub
Feb 23 08:16:29 ip-172-31-69-21 kernel: [    0.552032] usbcore: registered new device driver usb
Feb 23 08:16:29 ip-172-31-69-21 kernel: [    0.555700] PCI: Using ACPI for IRQ routing
Feb 23 08:16:29 ip-172-31-69-21 kernel: [    0.556007] PCI: pci_cache_line_size set to 64 bytes
Feb 23 08:16:29 ip-172-31-69-21 kernel: [    0.556423] e820: reserve RAM buffer [mem 0x0009e000-0x0009ffff]
Feb 23 08:16:29 ip-172-31-69-21 kernel: [    0.556555] NetLabel: Initializing
Feb 23 08:16:29 ip-172-31-69-21 kernel: [    0.559209] NetLabel:  domain hash size = 128
Feb 23 08:16:29 ip-172-31-69-21 kernel: [    0.560008] NetLabel:  protocols = UNLABELED CIPSOv4
Feb 23 08:16:29 ip-172-31-69-21 kernel: [    0.563671] NetLabel:  unlabeled traffic allowed by default
Feb 23 08:16:29 ip-172-31-69-21 kernel: [    0.564121] HPET: 3 timers in total, 0 timers will be used for per-cpu timer
Feb 23 08:16:29 ip-172-31-69-21 kernel: [    0.568018] hpet0: at MMIO 0xfed00000, IRQs 2, 8, 0
Feb 23 08:16:29 ip-172-31-69-21 kernel: [    0.572881] hpet0: 3 comparators, 64-bit 62.500000 MHz counter
Feb 23 08:16:29 ip-172-31-69-21 kernel: [    0.578059] amd_nb: Cannot enumerate AMD northbridges
Feb 23 08:16:29 ip-172-31-69-21 kernel: [    0.580021] clocksource: Switched to clocksource xen
Feb 23 08:16:29 ip-172-31-69-21 kernel: [    0.588801] AppArmor: AppArmor Filesystem Enabled
Feb 23 08:16:29 ip-172-31-69-21 kernel: [    0.592055] pnp: PnP ACPI init
Feb 23 08:16:29 ip-172-31-69-21 kernel: [    0.594480] system 00:00: [mem 0x00000000-0x0009ffff] could not be reserved
Feb 23 08:16:29 ip-172-31-69-21 kernel: [    0.598806] system 00:00: Plug and Play ACPI device, IDs PNP0c02 (active)
Feb 23 08:16:29 ip-172-31-69-21 kernel: [    0.598894] system 00:01: [io  0x08a0-0x08a3] has been reserved
Feb 23 08:16:29 ip-172-31-69-21 kernel: [    0.602709] system 00:01: [io  0x0cc0-0x0ccf] has been reserved
Feb 23 08:16:29 ip-172-31-69-21 kernel: [    0.606487] system 00:01: [io  0x04d0-0x04d1] has been reserved
Feb 23 08:16:29 ip-172-31-69-21 kernel: [    0.610340] system 00:01: Plug and Play ACPI device, IDs PNP0c02 (active)
Feb 23 08:16:29 ip-172-31-69-21 kernel: [    0.610373] xen: --> pirq=17 -> irq=8 (gsi=8)
Feb 23 08:16:29 ip-172-31-69-21 kernel: [    0.610400] pnp 00:02: Plug and Play ACPI device, IDs PNP0b00 (active)
Feb 23 08:16:29 ip-172-31-69-21 kernel: [    0.610426] xen: --> pirq=18 -> irq=12 (gsi=12)
Feb 23 08:16:29 ip-172-31-69-21 kernel: [    0.610441] pnp 00:03: Plug and Play ACPI device, IDs PNP0f13 (active)
Feb 23 08:16:29 ip-172-31-69-21 kernel: [    0.610458] xen: --> pirq=19 -> irq=1 (gsi=1)
Feb 23 08:16:29 ip-172-31-69-21 kernel: [    0.610471] pnp 00:04: Plug and Play ACPI device, IDs PNP0303 PNP030b (active)
Feb 23 08:16:29 ip-172-31-69-21 kernel: [    0.610487] xen: --> pirq=20 -> irq=6 (gsi=6)
Feb 23 08:16:29 ip-172-31-69-21 kernel: [    0.610489] pnp 00:05: [dma 2]
Feb 23 08:16:29 ip-172-31-69-21 kernel: [    0.610502] pnp 00:05: Plug and Play ACPI device, IDs PNP0700 (active)
Feb 23 08:16:29 ip-172-31-69-21 kernel: [    0.610526] xen: --> pirq=21 -> irq=4 (gsi=4)
Feb 23 08:16:29 ip-172-31-69-21 kernel: [    0.610538] pnp 00:06: Plug and Play ACPI device, IDs PNP0501 (active)
Feb 23 08:16:29 ip-172-31-69-21 kernel: [    0.610577] system 00:07: [io  0x10c0-0x1141] has been reserved
Feb 23 08:16:29 ip-172-31-69-21 kernel: [    0.614435] system 00:07: [io  0xb044-0xb047] has been reserved
Feb 23 08:16:29 ip-172-31-69-21 kernel: [    0.618175] system 00:07: Plug and Play ACPI device, IDs PNP0c02 (active)
Feb 23 08:16:29 ip-172-31-69-21 kernel: [    0.636526] pnp: PnP ACPI: found 8 devices
Feb 23 08:16:29 ip-172-31-69-21 kernel: [    0.645068] clocksource: acpi_pm: mask: 0xffffff max_cycles: 0xffffff, max_idle_ns: 2085701024 ns
Feb 23 08:16:29 ip-172-31-69-21 kernel: [    0.651641] pci_bus 0000:00: resource 4 [io  0x0000-0x0cf7 window]
Feb 23 08:16:29 ip-172-31-69-21 kernel: [    0.651644] pci_bus 0000:00: resource 5 [io  0x0d00-0xffff window]
Feb 23 08:16:29 ip-172-31-69-21 kernel: [    0.651646] pci_bus 0000:00: resource 6 [mem 0x000a0000-0x000bffff window]
Feb 23 08:16:29 ip-172-31-69-21 kernel: [    0.651648] pci_bus 0000:00: resource 7 [mem 0xf0000000-0xfbffffff window]
Feb 23 08:16:29 ip-172-31-69-21 kernel: [    0.651691] NET: Registered protocol family 2
Feb 23 08:16:29 ip-172-31-69-21 kernel: [    0.655168] TCP established hash table entries: 8192 (order: 4, 65536 bytes)
Feb 23 08:16:29 ip-172-31-69-21 kernel: [    0.659672] TCP bind hash table entries: 8192 (order: 5, 131072 bytes)
Feb 23 08:16:29 ip-172-31-69-21 kernel: [    0.664217] TCP: Hash tables configured (established 8192 bind 8192)
Feb 23 08:16:29 ip-172-31-69-21 kernel: [    0.668463] UDP hash table entries: 512 (order: 2, 16384 bytes)
Feb 23 08:16:29 ip-172-31-69-21 kernel: [    0.672517] UDP-Lite hash table entries: 512 (order: 2, 16384 bytes)
Feb 23 08:16:29 ip-172-31-69-21 kernel: [    0.676989] NET: Registered protocol family 1
Feb 23 08:16:29 ip-172-31-69-21 kernel: [    0.680024] pci 0000:00:00.0: Limiting direct PCI/PCI transfers
Feb 23 08:16:29 ip-172-31-69-21 kernel: [    0.684089] pci 0000:00:01.0: PIIX3: Enabling Passive Release
Feb 23 08:16:29 ip-172-31-69-21 kernel: [    0.687902] pci 0000:00:01.0: Activating ISA DMA hang workarounds
Feb 23 08:16:29 ip-172-31-69-21 kernel: [    0.692088] pci 0000:00:02.0: Video device with shadowed ROM
Feb 23 08:16:29 ip-172-31-69-21 kernel: [    0.692162] PCI: CLS 0 bytes, default 64
Feb 23 08:16:29 ip-172-31-69-21 kernel: [    0.692222] Trying to unpack rootfs image as initramfs...
Feb 23 08:16:29 ip-172-31-69-21 kernel: [    0.874138] Freeing initrd memory: 12336K
Feb 23 08:16:29 ip-172-31-69-21 kernel: [    0.878879] RAPL PMU detected, API unit is 2^-32 Joules, 3 fixed counters 655360 ms ovfl timer
Feb 23 08:16:29 ip-172-31-69-21 kernel: [    0.887517] hw unit of domain pp0-core 2^-14 Joules
Feb 23 08:16:29 ip-172-31-69-21 kernel: [    0.892674] hw unit of domain package 2^-14 Joules
Feb 23 08:16:29 ip-172-31-69-21 kernel: [    0.897585] hw unit of domain dram 2^-16 Joules
Feb 23 08:16:29 ip-172-31-69-21 kernel: [    0.900914] Scanning for low memory corruption every 60 seconds
Feb 23 08:16:29 ip-172-31-69-21 kernel: [    0.905345] audit: initializing netlink subsys (disabled)
Feb 23 08:16:29 ip-172-31-69-21 kernel: [    0.909146] audit: type=2000 audit(1519388181.525:1): initialized
Feb 23 08:16:29 ip-172-31-69-21 kernel: [    0.913601] Initialise system trusted keyring
Feb 23 08:16:29 ip-172-31-69-21 kernel: [    0.917105] HugeTLB registered 2 MB page size, pre-allocated 0 pages
Feb 23 08:16:29 ip-172-31-69-21 kernel: [    0.922526] zbud: loaded
Feb 23 08:16:29 ip-172-31-69-21 kernel: [    0.924893] VFS: Disk quotas dquot_6.6.0
Feb 23 08:16:29 ip-172-31-69-21 kernel: [    0.927827] VFS: Dquot-cache hash table entries: 512 (order 0, 4096 bytes)
Feb 23 08:16:29 ip-172-31-69-21 kernel: [    0.932797] squashfs: version 4.0 (2009/01/31) Phillip Lougher
Feb 23 08:16:29 ip-172-31-69-21 kernel: [    0.937081] fuse init (API version 7.23)
Feb 23 08:16:29 ip-172-31-69-21 kernel: [    0.940200] Key type big_key registered
Feb 23 08:16:29 ip-172-31-69-21 kernel: [    0.942976] Allocating IMA MOK and blacklist keyrings.
Feb 23 08:16:29 ip-172-31-69-21 kernel: [    0.946868] Key type asymmetric registered
Feb 23 08:16:29 ip-172-31-69-21 kernel: [    0.950098] Asymmetric key parser 'x509' registered
Feb 23 08:16:29 ip-172-31-69-21 kernel: [    0.953588] Block layer SCSI generic (bsg) driver version 0.4 loaded (major 249)
Feb 23 08:16:29 ip-172-31-69-21 kernel: [    0.958782] io scheduler noop registered
Feb 23 08:16:29 ip-172-31-69-21 kernel: [    0.961707] io scheduler deadline registered (default)
Feb 23 08:16:29 ip-172-31-69-21 kernel: [    0.965453] io scheduler cfq registered
Feb 23 08:16:29 ip-172-31-69-21 kernel: [    0.968411] pci_hotplug: PCI Hot Plug PCI Core version: 0.5
Feb 23 08:16:29 ip-172-31-69-21 kernel: [    0.972128] pciehp: PCI Express Hot Plug Controller Driver version: 0.4
Feb 23 08:16:29 ip-172-31-69-21 kernel: [    0.976515] intel_idle: does not run on family 6 model 63
Feb 23 08:16:29 ip-172-31-69-21 kernel: [    0.976588] input: Power Button as /devices/LNXSYSTM:00/LNXPWRBN:00/input/input0
Feb 23 08:16:29 ip-172-31-69-21 kernel: [    0.981803] ACPI: Power Button [PWRF]
Feb 23 08:16:29 ip-172-31-69-21 kernel: [    0.984597] input: Sleep Button as /devices/LNXSYSTM:00/LNXSLPBN:00/input/input1
Feb 23 08:16:29 ip-172-31-69-21 kernel: [    0.989691] ACPI: Sleep Button [SLPF]
Feb 23 08:16:29 ip-172-31-69-21 kernel: [    0.992858] xen: --> pirq=22 -> irq=28 (gsi=28)
Feb 23 08:16:29 ip-172-31-69-21 kernel: [    0.992944] xen:grant_table: Grant tables using version 1 layout
Feb 23 08:16:29 ip-172-31-69-21 kernel: [    0.998113] Grant table initialized
Feb 23 08:16:29 ip-172-31-69-21 kernel: [    1.000925] Cannot get hvm parameter CONSOLE_EVTCHN (18): -22!
Feb 23 08:16:29 ip-172-31-69-21 kernel: [    1.005138] Serial: 8250/16550 driver, 4 ports, IRQ sharing enabled
Feb 23 08:16:29 ip-172-31-69-21 kernel: [    1.038094] 00:06: ttyS0 at I/O 0x3f8 (irq = 4, base_baud = 115200) is a 16550A
Feb 23 08:16:29 ip-172-31-69-21 kernel: [    1.044153] Linux agpgart interface v0.103
Feb 23 08:16:29 ip-172-31-69-21 kernel: [    1.049193] brd: module loaded
Feb 23 08:16:29 ip-172-31-69-21 kernel: [    1.052588] loop: module loaded
Feb 23 08:16:29 ip-172-31-69-21 kernel: [    1.055142] Invalid max_queues (4), will use default max: 1.
Feb 23 08:16:29 ip-172-31-69-21 kernel: [    1.060198] ata_piix 0000:00:01.1: version 2.13
Feb 23 08:16:29 ip-172-31-69-21 kernel: [    1.062599] scsi host0: ata_piix
Feb 23 08:16:29 ip-172-31-69-21 kernel: [    1.065401] scsi host1: ata_piix
Feb 23 08:16:29 ip-172-31-69-21 kernel: [    1.068238] ata1: PATA max MWDMA2 cmd 0x1f0 ctl 0x3f6 bmdma 0xc100 irq 14
Feb 23 08:16:29 ip-172-31-69-21 kernel: [    1.073216] ata2: PATA max MWDMA2 cmd 0x170 ctl 0x376 bmdma 0xc108 irq 15
Feb 23 08:16:29 ip-172-31-69-21 kernel: [    1.079812] libphy: Fixed MDIO Bus: probed
Feb 23 08:16:29 ip-172-31-69-21 kernel: [    1.083170] tun: Universal TUN/TAP device driver, 1.6
Feb 23 08:16:29 ip-172-31-69-21 kernel: [    1.089508] tun: (C) 1999-2004 Max Krasnyansky <maxk@qualcomm.com>
Feb 23 08:16:29 ip-172-31-69-21 kernel: [    1.094082] PPP generic driver version 2.4.2
Feb 23 08:16:29 ip-172-31-69-21 kernel: [    1.098705] xen_netfront: Initialising Xen virtual ethernet driver
Feb 23 08:16:29 ip-172-31-69-21 kernel: [    1.107388] ehci_hcd: USB 2.0 'Enhanced' Host Controller (EHCI) Driver
Feb 23 08:16:29 ip-172-31-69-21 kernel: [    1.118363] ehci-pci: EHCI PCI platform driver
Feb 23 08:16:29 ip-172-31-69-21 kernel: [    1.122053] ehci-platform: EHCI generic platform driver
Feb 23 08:16:29 ip-172-31-69-21 kernel: [    1.126031] ohci_hcd: USB 1.1 'Open' Host Controller (OHCI) Driver
Feb 23 08:16:29 ip-172-31-69-21 kernel: [    1.130593] ohci-pci: OHCI PCI platform driver
Feb 23 08:16:29 ip-172-31-69-21 kernel: [    1.134420] ohci-platform: OHCI generic platform driver
Feb 23 08:16:29 ip-172-31-69-21 kernel: [    1.139027] uhci_hcd: USB Universal Host Controller Interface driver
Feb 23 08:16:29 ip-172-31-69-21 kernel: [    1.145279] i8042: PNP: PS/2 Controller [PNP0303:PS2K,PNP0f13:PS2M] at 0x60,0x64 irq 1,12
Feb 23 08:16:29 ip-172-31-69-21 kernel: [    1.155870] serio: i8042 KBD port at 0x60,0x64 irq 1
Feb 23 08:16:29 ip-172-31-69-21 systemd-modules-load[362]: Inserted module 'iscsi_tcp'
Feb 23 08:16:29 ip-172-31-69-21 systemd-modules-load[362]: Inserted module 'ib_iser'
Feb 23 08:16:29 ip-172-31-69-21 loadkeys[376]: Loading /etc/console-setup/cached.kmap.gz
Feb 23 08:16:29 ip-172-31-69-21 systemd[1]: Started Load Kernel Modules.
Feb 23 08:16:29 ip-172-31-69-21 systemd[1]: Started Uncomplicated firewall.
Feb 23 08:16:29 ip-172-31-69-21 systemd[1]: Started Create list of required static device nodes for the current kernel.
Feb 23 08:16:29 ip-172-31-69-21 systemd[1]: Started Set console keymap.
Feb 23 08:16:29 ip-172-31-69-21 systemd[1]: Started Remount Root and Kernel File Systems.
Feb 23 08:16:29 ip-172-31-69-21 systemd[1]: Started Nameserver information manager.
Feb 23 08:16:29 ip-172-31-69-21 systemd[1]: Started LVM2 metadata daemon.
Feb 23 08:16:29 ip-172-31-69-21 systemd[1]: Starting Load/Save Random Seed...
Feb 23 08:16:29 ip-172-31-69-21 systemd[1]: Starting udev Coldplug all Devices...
Feb 23 08:16:29 ip-172-31-69-21 systemd[1]: Starting Initial cloud-init job (pre-networking)...
Feb 23 08:16:29 ip-172-31-69-21 systemd[1]: Starting Create Static Device Nodes in /dev...
Feb 23 08:16:29 ip-172-31-69-21 systemd[1]: Mounting FUSE Control File System...
Feb 23 08:16:29 ip-172-31-69-21 systemd[1]: Starting Apply Kernel Variables...
Feb 23 08:16:29 ip-172-31-69-21 systemd[1]: Starting Flush Journal to Persistent Storage...
Feb 23 08:16:29 ip-172-31-69-21 systemd[1]: Mounted FUSE Control File System.
Feb 23 08:16:29 ip-172-31-69-21 systemd[1]: Started Load/Save Random Seed.
Feb 23 08:16:29 ip-172-31-69-21 systemd[1]: Started Create Static Device Nodes in /dev.
Feb 23 08:16:29 ip-172-31-69-21 systemd[1]: Started Apply Kernel Variables.
Feb 23 08:16:29 ip-172-31-69-21 systemd[1]: Starting udev Kernel Device Manager...
Feb 23 08:16:29 ip-172-31-69-21 systemd[1]: Started Flush Journal to Persistent Storage.
Feb 23 08:16:29 ip-172-31-69-21 systemd[1]: Started udev Coldplug all Devices.
Feb 23 08:16:29 ip-172-31-69-21 systemd[1]: Started udev Kernel Device Manager.
Feb 23 08:16:29 ip-172-31-69-21 systemd[1]: Started Dispatch Password Requests to Console Directory Watch.
Feb 23 08:16:29 ip-172-31-69-21 systemd[1]: Started Monitoring of LVM2 mirrors, snapshots etc. using dmeventd or progress polling.
Feb 23 08:16:29 ip-172-31-69-21 systemd[1]: Reached target Local File Systems (Pre).
Feb 23 08:16:29 ip-172-31-69-21 systemd[1]: Reached target Local File Systems.
Feb 23 08:16:29 ip-172-31-69-21 systemd[1]: Starting Create Volatile Files and Directories...
Feb 23 08:16:29 ip-172-31-69-21 systemd[1]: Starting Set console font and keymap...
Feb 23 08:16:29 ip-172-31-69-21 systemd-tmpfiles[476]: [/usr/lib/tmpfiles.d/var.conf:14] Duplicate line for path "/var/log", ignoring.
Feb 23 08:16:29 ip-172-31-69-21 systemd[1]: Starting Tell Plymouth To Write Out Runtime Data...
Feb 23 08:16:29 ip-172-31-69-21 systemd[1]: Starting LSB: AppArmor initialization...
Feb 23 08:16:29 ip-172-31-69-21 systemd[1]: Started Create Volatile Files and Directories.
Feb 23 08:16:29 ip-172-31-69-21 systemd[1]: Started Tell Plymouth To Write Out Runtime Data.
Feb 23 08:16:29 ip-172-31-69-21 systemd[1]: Starting Update UTMP about System Boot/Shutdown...
Feb 23 08:16:29 ip-172-31-69-21 systemd[1]: Starting Network Time Synchronization...
Feb 23 08:16:29 ip-172-31-69-21 systemd[1]: Started Update UTMP about System Boot/Shutdown.
Feb 23 08:16:29 ip-172-31-69-21 apparmor[487]:  * Starting AppArmor profiles
Feb 23 08:16:29 ip-172-31-69-21 apparmor[487]: Skipping profile in /etc/apparmor.d/disable: usr.sbin.rsyslogd
Feb 23 08:16:29 ip-172-31-69-21 apparmor[487]:    ...done.
Feb 23 08:16:29 ip-172-31-69-21 systemd[1]: Started LSB: AppArmor initialization.
Feb 23 08:16:29 ip-172-31-69-21 systemd[1]: Started Network Time Synchronization.
Feb 23 08:16:29 ip-172-31-69-21 systemd[1]: Found device /dev/ttyS0.
Feb 23 08:16:29 ip-172-31-69-21 systemd[1]: Reached target System Time Synchronized.
Feb 23 08:16:29 ip-172-31-69-21 systemd[1]: Found device /sys/subsystem/net/devices/eth0.
Feb 23 08:16:29 ip-172-31-69-21 systemd[1]: Listening on Load/Save RF Kill Switch Status /dev/rfkill Watch.
Feb 23 08:16:29 ip-172-31-69-21 systemd[1]: Started Set console font and keymap.
Feb 23 08:16:29 ip-172-31-69-21 systemd-udevd[472]: Process 'console-setup-tty /dev/tty1' failed with exit code 71.
Feb 23 08:16:29 ip-172-31-69-21 dhclient[821]: Internet Systems Consortium DHCP Client 4.3.3
Feb 23 08:16:29 ip-172-31-69-21 dhclient[821]: Copyright 2004-2015 Internet Systems Consortium.
Feb 23 08:16:29 ip-172-31-69-21 dhclient[821]: All rights reserved.
Feb 23 08:16:29 ip-172-31-69-21 dhclient[821]: For info, please visit https://www.isc.org/software/dhcp/
Feb 23 08:16:29 ip-172-31-69-21 dhclient[821]: 
Feb 23 08:16:29 ip-172-31-69-21 dhclient[821]: Listening on LPF/eth0/02:e1:be:f2:a9:10
Feb 23 08:16:29 ip-172-31-69-21 dhclient[821]: Sending on   LPF/eth0/02:e1:be:f2:a9:10
Feb 23 08:16:29 ip-172-31-69-21 dhclient[821]: Sending on   Socket/fallback
Feb 23 08:16:29 ip-172-31-69-21 dhclient[821]: DHCPDISCOVER on eth0 to 255.255.255.255 port 67 interval 3 (xid=0x5d9d095f)
Feb 23 08:16:29 ip-172-31-69-21 dhclient[821]: DHCPREQUEST of 172.31.69.21 on eth0 to 255.255.255.255 port 67 (xid=0x5f099d5d)
Feb 23 08:16:29 ip-172-31-69-21 dhclient[821]: DHCPOFFER of 172.31.69.21 from 172.31.69.1
Feb 23 08:16:29 ip-172-31-69-21 dhclient[821]: DHCPACK of 172.31.69.21 from 172.31.69.1
Feb 23 08:16:29 ip-172-31-69-21 dhclient[821]: bound to 172.31.69.21 -- renewal in 1414 seconds.
Feb 23 08:16:29 ip-172-31-69-21 systemd-udevd[473]: Process 'console-setup-tty fbcon' failed with exit code 71.
Feb 23 08:16:29 ip-172-31-69-21 systemd[1]: Created slice system-getty.slice.
Feb 23 08:16:29 ip-172-31-69-21 cloud-init[438]: Cloud-init v. 17.1 running 'init-local' at Fri, 23 Feb 2018 12:16:26 +0000. Up 5.82 seconds.
Feb 23 08:16:29 ip-172-31-69-21 systemd[1]: Started Initial cloud-init job (pre-networking).
Feb 23 08:16:29 ip-172-31-69-21 systemd[1]: Reached target Network (Pre).
Feb 23 08:16:29 ip-172-31-69-21 systemd[1]: Starting Raise network interfaces...
Feb 23 08:16:29 ip-172-31-69-21 systemd[1]: Started ifup for eth0.
Feb 23 08:16:29 ip-172-31-69-21 dhclient[873]: Internet Systems Consortium DHCP Client 4.3.3
Feb 23 08:16:29 ip-172-31-69-21 sh[861]: Internet Systems Consortium DHCP Client 4.3.3
Feb 23 08:16:29 ip-172-31-69-21 dhclient[873]: Copyright 2004-2015 Internet Systems Consortium.
Feb 23 08:16:29 ip-172-31-69-21 sh[861]: Copyright 2004-2015 Internet Systems Consortium.
Feb 23 08:16:29 ip-172-31-69-21 dhclient[873]: All rights reserved.
Feb 23 08:16:29 ip-172-31-69-21 sh[861]: All rights reserved.
Feb 23 08:16:29 ip-172-31-69-21 dhclient[873]: For info, please visit https://www.isc.org/software/dhcp/
Feb 23 08:16:29 ip-172-31-69-21 sh[861]: For info, please visit https://www.isc.org/software/dhcp/
Feb 23 08:16:29 ip-172-31-69-21 dhclient[873]: 
Feb 23 08:16:29 ip-172-31-69-21 dhclient[873]: Listening on LPF/eth0/02:e1:be:f2:a9:10
Feb 23 08:16:29 ip-172-31-69-21 sh[861]: Listening on LPF/eth0/02:e1:be:f2:a9:10
Feb 23 08:16:29 ip-172-31-69-21 dhclient[873]: Sending on   LPF/eth0/02:e1:be:f2:a9:10
Feb 23 08:16:29 ip-172-31-69-21 sh[861]: Sending on   LPF/eth0/02:e1:be:f2:a9:10
Feb 23 08:16:29 ip-172-31-69-21 dhclient[873]: Sending on   Socket/fallback
Feb 23 08:16:29 ip-172-31-69-21 sh[861]: Sending on   Socket/fallback
Feb 23 08:16:29 ip-172-31-69-21 dhclient[873]: DHCPDISCOVER on eth0 to 255.255.255.255 port 67 interval 3 (xid=0x2ef96a5e)
Feb 23 08:16:29 ip-172-31-69-21 sh[861]: DHCPDISCOVER on eth0 to 255.255.255.255 port 67 interval 3 (xid=0x2ef96a5e)
Feb 23 08:16:29 ip-172-31-69-21 dhclient[873]: DHCPREQUEST of 172.31.69.21 on eth0 to 255.255.255.255 port 67 (xid=0x5e6af92e)
Feb 23 08:16:29 ip-172-31-69-21 sh[861]: DHCPREQUEST of 172.31.69.21 on eth0 to 255.255.255.255 port 67 (xid=0x5e6af92e)
Feb 23 08:16:29 ip-172-31-69-21 dhclient[873]: DHCPOFFER of 172.31.69.21 from 172.31.69.1
Feb 23 08:16:29 ip-172-31-69-21 sh[861]: DHCPOFFER of 172.31.69.21 from 172.31.69.1
Feb 23 08:16:29 ip-172-31-69-21 dhclient[873]: DHCPACK of 172.31.69.21 from 172.31.69.1
Feb 23 08:16:29 ip-172-31-69-21 sh[861]: DHCPACK of 172.31.69.21 from 172.31.69.1
Feb 23 08:16:29 ip-172-31-69-21 dhclient[873]: bound to 172.31.69.21 -- renewal in 1792 seconds.
Feb 23 08:16:29 ip-172-31-69-21 sh[861]: bound to 172.31.69.21 -- renewal in 1792 seconds.
Feb 23 08:16:29 ip-172-31-69-21 ifup[876]: /sbin/ifup: waiting for lock on /run/network/ifstate.eth0
Feb 23 08:16:29 ip-172-31-69-21 systemd[1]: Started Raise network interfaces.
Feb 23 08:16:29 ip-172-31-69-21 systemd[1]: Reached target Network.
Feb 23 08:16:29 ip-172-31-69-21 systemd[1]: Starting Initial cloud-init job (metadata service crawler)...
Feb 23 08:16:29 ip-172-31-69-21 cloud-init[1026]: Cloud-init v. 17.1 running 'init' at Fri, 23 Feb 2018 12:16:28 +0000. Up 7.64 seconds.
Feb 23 08:16:29 ip-172-31-69-21 cloud-init[1026]: ci-info: ++++++++++++++++++++++++++++++++++++++Net device info+++++++++++++++++++++++++++++++++++++++
Feb 23 08:16:29 ip-172-31-69-21 cloud-init[1026]: ci-info: +--------+------+----------------------------+-----------------+-------+-------------------+
Feb 23 08:16:29 ip-172-31-69-21 cloud-init[1026]: ci-info: | Device |  Up  |          Address           |       Mask      | Scope |     Hw-Address    |
Feb 23 08:16:29 ip-172-31-69-21 cloud-init[1026]: ci-info: +--------+------+----------------------------+-----------------+-------+-------------------+
Feb 23 08:16:29 ip-172-31-69-21 cloud-init[1026]: ci-info: |  eth0  | True |        172.31.69.21        | 255.255.255.224 |   .   | 02:e1:be:f2:a9:10 |
Feb 23 08:16:29 ip-172-31-69-21 cloud-init[1026]: ci-info: |  eth0  | True | fe80::e1:beff:fef2:a910/64 |        .        |  link | 02:e1:be:f2:a9:10 |
Feb 23 08:16:29 ip-172-31-69-21 cloud-init[1026]: ci-info: |   lo   | True |         127.0.0.1          |    255.0.0.0    |   .   |         .         |
Feb 23 08:16:29 ip-172-31-69-21 cloud-init[1026]: ci-info: |   lo   | True |          ::1/128           |        .        |  host |         .         |
Feb 23 08:16:29 ip-172-31-69-21 cloud-init[1026]: ci-info: +--------+------+----------------------------+-----------------+-------+-------------------+
Feb 23 08:16:29 ip-172-31-69-21 cloud-init[1026]: ci-info: ++++++++++++++++++++++++++++++Route IPv4 info++++++++++++++++++++++++++++++
Feb 23 08:16:29 ip-172-31-69-21 cloud-init[1026]: ci-info: +-------+-------------+-------------+-----------------+-----------+-------+
Feb 23 08:16:29 ip-172-31-69-21 cloud-init[1026]: ci-info: | Route | Destination |   Gateway   |     Genmask     | Interface | Flags |
Feb 23 08:16:29 ip-172-31-69-21 cloud-init[1026]: ci-info: +-------+-------------+-------------+-----------------+-----------+-------+
Feb 23 08:16:29 ip-172-31-69-21 cloud-init[1026]: ci-info: |   0   |   0.0.0.0   | 172.31.69.1 |     0.0.0.0     |    eth0   |   UG  |
Feb 23 08:16:29 ip-172-31-69-21 cloud-init[1026]: ci-info: |   1   | 172.31.69.0 |   0.0.0.0   | 255.255.255.224 |    eth0   |   U   |
Feb 23 08:16:29 ip-172-31-69-21 cloud-init[1026]: ci-info: +-------+-------------+-------------+-----------------+-----------+-------+
Feb 23 08:16:29 ip-172-31-69-21 systemd[1]: Started Initial cloud-init job (metadata service crawler).
Feb 23 08:16:29 ip-172-31-69-21 systemd[1]: Reached target Network is Online.
Feb 23 08:16:29 ip-172-31-69-21 systemd[1]: Starting iSCSI initiator daemon (iscsid)...
Feb 23 08:16:29 ip-172-31-69-21 systemd[1]: Reached target System Initialization.
Feb 23 08:16:29 ip-172-31-69-21 systemd[1]: Starting LXD - unix socket.
Feb 23 08:16:29 ip-172-31-69-21 systemd[1]: Started Daily apt download activities.
Feb 23 08:16:29 ip-172-31-69-21 systemd[1]: Started Daily apt upgrade and clean activities.
Feb 23 08:16:29 ip-172-31-69-21 systemd[1]: Starting Socket activation for snappy daemon.
Feb 23 08:16:29 ip-172-31-69-21 systemd[1]: Started Daily Cleanup of Temporary Directories.
Feb 23 08:16:29 ip-172-31-69-21 systemd[1]: Started ACPI Events Check.
Feb 23 08:16:29 ip-172-31-69-21 systemd[1]: Reached target Paths.
Feb 23 08:16:29 ip-172-31-69-21 systemd[1]: Listening on UUID daemon activation socket.
Feb 23 08:16:29 ip-172-31-69-21 systemd[1]: Listening on D-Bus System Message Bus Socket.
Feb 23 08:16:29 ip-172-31-69-21 systemd[1]: Listening on ACPID Listen Socket.
Feb 23 08:16:29 ip-172-31-69-21 systemd[1]: Started Timer to automatically refresh installed snaps.
Feb 23 08:16:29 ip-172-31-69-21 systemd[1]: Reached target Timers.
Feb 23 08:16:29 ip-172-31-69-21 systemd[1]: Reached target Cloud-config availability.
Feb 23 08:16:29 ip-172-31-69-21 systemd[1]: Listening on LXD - unix socket.
Feb 23 08:16:29 ip-172-31-69-21 systemd[1]: Listening on Socket activation for snappy daemon.
Feb 23 08:16:29 ip-172-31-69-21 iscsid: iSCSI logger with pid=1082 started!
Feb 23 08:16:29 ip-172-31-69-21 iscsid: iSCSI daemon with pid=1083 started!
Feb 23 08:16:29 ip-172-31-69-21 systemd[1]: Started iSCSI initiator daemon (iscsid).
Feb 23 08:16:29 ip-172-31-69-21 systemd[1]: Starting Login to default iSCSI targets...
Feb 23 08:16:29 ip-172-31-69-21 systemd[1]: Reached target Sockets.
Feb 23 08:16:29 ip-172-31-69-21 systemd[1]: Reached target Basic System.
Feb 23 08:16:29 ip-172-31-69-21 systemd[1]: Started Regular background program processing daemon.
Feb 23 08:16:29 ip-172-31-69-21 cron[1088]: (CRON) INFO (pidfile fd = 3)
Feb 23 08:16:29 ip-172-31-69-21 systemd[1]: Starting Apply the settings specified in cloud-config...
Feb 23 08:16:29 ip-172-31-69-21 systemd[1]: Starting /etc/rc.local Compatibility...
Feb 23 08:16:29 ip-172-31-69-21 cron[1088]: (CRON) INFO (Running @reboot jobs)
Feb 23 08:16:29 ip-172-31-69-21 systemd[1]: Started D-Bus System Message Bus.
Feb 23 08:16:29 ip-172-31-69-21 dbus[1096]: [system] AppArmor D-Bus mediation is enabled
Feb 23 08:16:29 ip-172-31-69-21 systemd[1]: Starting OpenBSD Secure Shell server...
Feb 23 08:16:29 ip-172-31-69-21 systemd[1]: Started ACPI event daemon.
Feb 23 08:16:29 ip-172-31-69-21 systemd[1]: Starting Login Service...
Feb 23 08:16:29 ip-172-31-69-21 acpid: starting up with netlink and the input layer
Feb 23 08:16:29 ip-172-31-69-21 acpid: 1 rule loaded
Feb 23 08:16:29 ip-172-31-69-21 acpid: waiting for events: event logging is off
Feb 23 08:16:29 ip-172-31-69-21 systemd[1]: Starting LSB: Record successful boot for GRUB...
Feb 23 08:16:29 ip-172-31-69-21 systemd[1]: Starting Accounts Service...
Feb 23 08:16:29 ip-172-31-69-21 systemd[1]: Started Deferred execution scheduler.
Feb 23 08:16:29 ip-172-31-69-21 kernel: [    1.159491] serio: i8042 AUX port at 0x60,0x64 irq 12
Feb 23 08:16:29 ip-172-31-69-21 kernel: [    1.163725] mousedev: PS/2 mouse device common for all mice
Feb 23 08:16:29 ip-172-31-69-21 kernel: [    1.169238] input: AT Translated Set 2 keyboard as /devices/platform/i8042/serio0/input/input2
Feb 23 08:16:29 ip-172-31-69-21 kernel: [    1.188951] rtc_cmos 00:02: rtc core: registered rtc_cmos as rtc0
Feb 23 08:16:29 ip-172-31-69-21 kernel: [    1.197450] rtc_cmos 00:02: alarms up to one day, 114 bytes nvram, hpet irqs
Feb 23 08:16:29 ip-172-31-69-21 kernel: [    1.203456] i2c /dev entries driver
Feb 23 08:16:29 ip-172-31-69-21 kernel: [    1.209742] device-mapper: uevent: version 1.0.3
Feb 23 08:16:29 ip-172-31-69-21 kernel: [    1.215715] device-mapper: ioctl: 4.34.0-ioctl (2015-10-28) initialised: dm-devel@redhat.com
Feb 23 08:16:29 ip-172-31-69-21 kernel: [    1.223058] NET: Registered protocol family 10
Feb 23 08:16:29 ip-172-31-69-21 kernel: [    1.231544] NET: Registered protocol family 17
Feb 23 08:16:29 ip-172-31-69-21 kernel: [    1.236332] Key type dns_resolver registered
Feb 23 08:16:29 ip-172-31-69-21 kernel: [    1.241020] microcode: CPU0 sig=0x306f2, pf=0x1, revision=0x3b
Feb 23 08:16:29 ip-172-31-69-21 kernel: [    1.245103] microcode: Microcode Update Driver: v2.01 <tigran@aivazian.fsnet.co.uk>, Peter Oruba
Feb 23 08:16:29 ip-172-31-69-21 kernel: [    1.253820] registered taskstats version 1
Feb 23 08:16:29 ip-172-31-69-21 kernel: [    1.257451] Loading compiled-in X.509 certificates
Feb 23 08:16:29 ip-172-31-69-21 kernel: [    1.262338] Loaded X.509 cert 'Build time autogenerated kernel key: eec6339c199f7c061573bf7e1d5d111f4e89c8c0'
Feb 23 08:16:29 ip-172-31-69-21 kernel: [    1.270699] blkfront: xvda: barrier or flush: disabled; persistent grants: disabled; indirect descriptors: enabled;
Feb 23 08:16:29 ip-172-31-69-21 kernel: [    1.279014] zswap: loaded using pool lzo/zbud
Feb 23 08:16:29 ip-172-31-69-21 kernel: [    1.286376] Key type trusted registered
Feb 23 08:16:29 ip-172-31-69-21 kernel: [    1.289553]  xvda: xvda1
Feb 23 08:16:29 ip-172-31-69-21 kernel: [    1.295095] Key type encrypted registered
Feb 23 08:16:29 ip-172-31-69-21 kernel: [    1.298484] AppArmor: AppArmor sha1 policy hashing enabled
Feb 23 08:16:29 ip-172-31-69-21 kernel: [    1.303063] ima: No TPM chip found, activating TPM-bypass!
Feb 23 08:16:29 ip-172-31-69-21 kernel: [    1.308379] evm: HMAC attrs: 0x1
Feb 23 08:16:29 ip-172-31-69-21 kernel: [    1.311417]   Magic number: 6:694:279
Feb 23 08:16:29 ip-172-31-69-21 kernel: [    1.314287] event_source tracepoint: hash matches
Feb 23 08:16:29 ip-172-31-69-21 kernel: [    1.318839] tty tty16: hash matches
Feb 23 08:16:29 ip-172-31-69-21 kernel: [    1.321843] rtc_cmos 00:02: setting system clock to 2018-02-23 12:16:22 UTC (1519388182)
Feb 23 08:16:29 ip-172-31-69-21 kernel: [    1.328680] BIOS EDD facility v0.16 2004-Jun-25, 0 devices found
Feb 23 08:16:29 ip-172-31-69-21 kernel: [    1.333522] EDD information not available.
Feb 23 08:16:29 ip-172-31-69-21 kernel: [    1.336696] PM: Hibernation image not present or could not be loaded.
Feb 23 08:16:29 ip-172-31-69-21 kernel: [    1.338477] Freeing unused kernel memory: 1492K
Feb 23 08:16:29 ip-172-31-69-21 kernel: [    1.343127] Write protecting the kernel read-only data: 14336k
Feb 23 08:16:29 ip-172-31-69-21 kernel: [    1.348195] Freeing unused kernel memory: 1876K
Feb 23 08:16:29 ip-172-31-69-21 kernel: [    1.353152] Freeing unused kernel memory: 220K
Feb 23 08:16:29 ip-172-31-69-21 kernel: [    1.368856] random: udevadm: uninitialized urandom read (16 bytes read, 9 bits of entropy available)
Feb 23 08:16:29 ip-172-31-69-21 kernel: [    1.375750] random: systemd-udevd: uninitialized urandom read (16 bytes read, 9 bits of entropy available)
Feb 23 08:16:29 ip-172-31-69-21 kernel: [    1.382406] random: systemd-udevd: uninitialized urandom read (16 bytes read, 9 bits of entropy available)
Feb 23 08:16:29 ip-172-31-69-21 kernel: [    1.389326] random: udevadm: uninitialized urandom read (16 bytes read, 9 bits of entropy available)
Feb 23 08:16:29 ip-172-31-69-21 kernel: [    1.395592] random: systemd-udevd: uninitialized urandom read (16 bytes read, 9 bits of entropy available)
Feb 23 08:16:29 ip-172-31-69-21 kernel: [    1.407738] random: systemd-udevd: uninitialized urandom read (16 bytes read, 9 bits of entropy available)
Feb 23 08:16:29 ip-172-31-69-21 kernel: [    1.415370] random: udevadm: uninitialized urandom read (16 bytes read, 9 bits of entropy available)
Feb 23 08:16:29 ip-172-31-69-21 kernel: [    1.422521] random: systemd-udevd: uninitialized urandom read (16 bytes read, 9 bits of entropy available)
Feb 23 08:16:29 ip-172-31-69-21 kernel: [    1.429136] random: udevadm: uninitialized urandom read (16 bytes read, 9 bits of entropy available)
Feb 23 08:16:29 ip-172-31-69-21 kernel: [    1.435208] random: systemd-udevd: uninitialized urandom read (16 bytes read, 9 bits of entropy available)
Feb 23 08:16:29 ip-172-31-69-21 kernel: [    1.551739] AVX2 version of gcm_enc/dec engaged.
Feb 23 08:16:29 ip-172-31-69-21 kernel: [    1.555957] AES CTR mode by8 optimization enabled
Feb 23 08:16:29 ip-172-31-69-21 kernel: [    1.900111] tsc: Refined TSC clocksource calibration: 2399.999 MHz
Feb 23 08:16:29 ip-172-31-69-21 kernel: [    1.904394] clocksource: tsc: mask: 0xffffffffffffffff max_cycles: 0x2298364cab5, max_idle_ns: 440795214892 ns
Feb 23 08:16:29 ip-172-31-69-21 kernel: [    3.062347] md: linear personality registered for level -1
Feb 23 08:16:29 ip-172-31-69-21 kernel: [    3.069262] md: multipath personality registered for level -4
Feb 23 08:16:29 ip-172-31-69-21 kernel: [    3.076150] md: raid0 personality registered for level 0
Feb 23 08:16:29 ip-172-31-69-21 kernel: [    3.083260] md: raid1 personality registered for level 1
Feb 23 08:16:29 ip-172-31-69-21 kernel: [    3.136070] raid6: sse2x1   gen()  8195 MB/s
Feb 23 08:16:29 ip-172-31-69-21 kernel: [    3.184067] raid6: sse2x1   xor()  6442 MB/s
Feb 23 08:16:29 ip-172-31-69-21 kernel: [    3.232063] raid6: sse2x2   gen() 10363 MB/s
Feb 23 08:16:29 ip-172-31-69-21 kernel: [    3.284066] raid6: sse2x2   xor()  7074 MB/s
Feb 23 08:16:29 ip-172-31-69-21 kernel: [    3.332073] raid6: sse2x4   gen() 12029 MB/s
Feb 23 08:16:29 ip-172-31-69-21 kernel: [    3.380066] raid6: sse2x4   xor()  8475 MB/s
Feb 23 08:16:29 ip-172-31-69-21 kernel: [    3.432067] raid6: avx2x1   gen() 15933 MB/s
Feb 23 08:16:29 ip-172-31-69-21 kernel: [    3.480064] raid6: avx2x2   gen() 18360 MB/s
Feb 23 08:16:29 ip-172-31-69-21 kernel: [    3.528063] raid6: avx2x4   gen() 21338 MB/s
Feb 23 08:16:29 ip-172-31-69-21 kernel: [    3.530842] raid6: using algorithm avx2x4 gen() 21338 MB/s
Feb 23 08:16:29 ip-172-31-69-21 kernel: [    3.534230] raid6: using avx2x2 recovery algorithm
Feb 23 08:16:29 ip-172-31-69-21 kernel: [    3.539379] xor: automatically using best checksumming function:
Feb 23 08:16:29 ip-172-31-69-21 kernel: [    3.580062]    avx       : 24484.000 MB/sec
Feb 23 08:16:29 ip-172-31-69-21 kernel: [    3.585143] async_tx: api initialized (async)
Feb 23 08:16:29 ip-172-31-69-21 kernel: [    3.600020] md: raid6 personality registered for level 6
Feb 23 08:16:29 ip-172-31-69-21 kernel: [    3.603614] md: raid5 personality registered for level 5
Feb 23 08:16:29 ip-172-31-69-21 kernel: [    3.606798] md: raid4 personality registered for level 4
Feb 23 08:16:29 ip-172-31-69-21 kernel: [    3.615693] md: raid10 personality registered for level 10
Feb 23 08:16:29 ip-172-31-69-21 kernel: [    3.656217] Btrfs loaded
Feb 23 08:16:29 ip-172-31-69-21 kernel: [    3.699491] EXT4-fs (xvda1): mounted filesystem with ordered data mode. Opts: (null)
Feb 23 08:16:29 ip-172-31-69-21 kernel: [    4.259533] Loading iSCSI transport class v2.0-870.
Feb 23 08:16:29 ip-172-31-69-21 kernel: [    4.279727] iscsi: registered transport (tcp)
Feb 23 08:16:29 ip-172-31-69-21 kernel: [    4.359533] iscsi: registered transport (iser)
Feb 23 08:16:29 ip-172-31-69-21 kernel: [    4.451884] EXT4-fs (xvda1): re-mounted. Opts: discard
Feb 23 08:16:29 ip-172-31-69-21 kernel: [    5.351345] audit: type=1400 audit(1519388186.524:2): apparmor="STATUS" operation="profile_load" profile="unconfined" name="lxc-container-default" pid=562 comm="apparmor_parser"
Feb 23 08:16:29 ip-172-31-69-21 kernel: [    5.351349] audit: type=1400 audit(1519388186.524:3): apparmor="STATUS" operation="profile_load" profile="unconfined" name="lxc-container-default-cgns" pid=562 comm="apparmor_parser"
Feb 23 08:16:29 ip-172-31-69-21 kernel: [    5.351353] audit: type=1400 audit(1519388186.524:4): apparmor="STATUS" operation="profile_load" profile="unconfined" name="lxc-container-default-with-mounting" pid=562 comm="apparmor_parser"
Feb 23 08:16:29 ip-172-31-69-21 kernel: [    5.351356] audit: type=1400 audit(1519388186.524:5): apparmor="STATUS" operation="profile_load" profile="unconfined" name="lxc-container-default-with-nesting" pid=562 comm="apparmor_parser"
Feb 23 08:16:29 ip-172-31-69-21 kernel: [    5.364177] audit: type=1400 audit(1519388186.540:6): apparmor="STATUS" operation="profile_load" profile="unconfined" name="/sbin/dhclient" pid=565 comm="apparmor_parser"
Feb 23 08:16:29 ip-172-31-69-21 kernel: [    5.364182] audit: type=1400 audit(1519388186.540:7): apparmor="STATUS" operation="profile_load" profile="unconfined" name="/usr/lib/NetworkManager/nm-dhcp-client.action" pid=565 comm="apparmor_parser"
Feb 23 08:16:29 ip-172-31-69-21 kernel: [    5.364186] audit: type=1400 audit(1519388186.540:8): apparmor="STATUS" operation="profile_load" profile="unconfined" name="/usr/lib/NetworkManager/nm-dhcp-helper" pid=565 comm="apparmor_parser"
Feb 23 08:16:29 ip-172-31-69-21 kernel: [    5.364189] audit: type=1400 audit(1519388186.540:9): apparmor="STATUS" operation="profile_load" profile="unconfined" name="/usr/lib/connman/scripts/dhclient-script" pid=565 comm="apparmor_parser"
Feb 23 08:16:29 ip-172-31-69-21 kernel: [    5.366238] audit: type=1400 audit(1519388186.540:10): apparmor="STATUS" operation="profile_load" profile="unconfined" name="/usr/bin/lxc-start" pid=569 comm="apparmor_parser"
Feb 23 08:16:29 ip-172-31-69-21 kernel: [    6.615188] ppdev: user-space parallel port driver
Feb 23 08:16:29 ip-172-31-69-21 kernel: [    7.941137] random: nonblocking pool is initialized
Feb 23 08:16:29 ip-172-31-69-21 kernel: [    8.461627] cgroup: new mount options do not match the existing superblock, will be ignored
Feb 23 08:16:29 ip-172-31-69-21 systemd[1]: Starting Initialize hardware monitoring sensors...
Feb 23 08:16:29 ip-172-31-69-21 systemd[1]: Starting Snappy daemon...
Feb 23 08:16:29 ip-172-31-69-21 systemd[1]: Started Unattended Upgrades Shutdown.
Feb 23 08:16:29 ip-172-31-69-21 sensors[1121]: No sensors found!
Feb 23 08:16:29 ip-172-31-69-21 sensors[1121]: Make sure you loaded all the kernel drivers you need.
Feb 23 08:16:29 ip-172-31-69-21 sensors[1121]: Try sensors-detect to find out which these are.
Feb 23 08:16:29 ip-172-31-69-21 systemd[1]: Starting LSB: MD monitoring daemon...
Feb 23 08:16:29 ip-172-31-69-21 systemd[1]: Starting System Logging Service...
Feb 23 08:16:29 ip-172-31-69-21 systemd[1]: Started FUSE filesystem for LXC.
Feb 23 08:16:29 ip-172-31-69-21 systemd[1]: Starting LXD - container startup/shutdown...
Feb 23 08:16:29 ip-172-31-69-21 systemd[1]: Started OpenBSD Secure Shell server.
Feb 23 08:16:29 ip-172-31-69-21 systemd[1]: Started /etc/rc.local Compatibility.
Feb 23 08:16:29 ip-172-31-69-21 lxcfs[1136]: hierarchies:
Feb 23 08:16:29 ip-172-31-69-21 lxcfs[1136]:   0: fd:   5: hugetlb
Feb 23 08:16:29 ip-172-31-69-21 lxcfs[1136]:   1: fd:   6: memory
Feb 23 08:16:29 ip-172-31-69-21 lxcfs[1136]:   2: fd:   7: freezer
Feb 23 08:16:29 ip-172-31-69-21 lxcfs[1136]:   3: fd:   8: cpuset
Feb 23 08:16:29 ip-172-31-69-21 lxcfs[1136]:   4: fd:   9: perf_event
Feb 23 08:16:29 ip-172-31-69-21 lxcfs[1136]:   5: fd:  10: pids
Feb 23 08:16:29 ip-172-31-69-21 lxcfs[1136]:   6: fd:  11: net_cls,net_prio
Feb 23 08:16:29 ip-172-31-69-21 lxcfs[1136]:   7: fd:  12: blkio
Feb 23 08:16:29 ip-172-31-69-21 lxcfs[1136]:   8: fd:  13: cpu,cpuacct
Feb 23 08:16:29 ip-172-31-69-21 lxcfs[1136]:   9: fd:  14: devices
Feb 23 08:16:29 ip-172-31-69-21 lxcfs[1136]:  10: fd:  15: name=systemd
Feb 23 08:16:29 ip-172-31-69-21 systemd[1]: Started System Logging Service.
Feb 23 08:16:29 ip-172-31-69-21 sensors[1149]: No sensors found!
Feb 23 08:16:29 ip-172-31-69-21 sensors[1149]: Make sure you loaded all the kernel drivers you need.
Feb 23 08:16:29 ip-172-31-69-21 sensors[1149]: Try sensors-detect to find out which these are.
Feb 23 08:16:29 ip-172-31-69-21 systemd[1]: Started Initialize hardware monitoring sensors.
Feb 23 08:16:29 ip-172-31-69-21 dbus[1096]: [system] Activating via systemd: service name='org.freedesktop.PolicyKit1' unit='polkitd.service'
Feb 23 08:16:29 ip-172-31-69-21 iscsiadm[1157]: iscsiadm: No records found
Feb 23 08:16:29 ip-172-31-69-21 systemd[1]: Started Login to default iSCSI targets.
Feb 23 08:16:29 ip-172-31-69-21 systemd[1]: Started LSB: Record successful boot for GRUB.
Feb 23 08:16:29 ip-172-31-69-21 mdadm[1129]:  * Starting MD monitoring service mdadm --monitor
Feb 23 08:16:29 ip-172-31-69-21 mdadm[1129]:    ...done.
Feb 23 08:16:29 ip-172-31-69-21 systemd[1]: Started LSB: MD monitoring daemon.
Feb 23 08:16:29 ip-172-31-69-21 systemd[1]: Started Login Service.
Feb 23 08:16:29 ip-172-31-69-21 systemd[1]: Starting Authenticate and Authorize Users to Run Privileged Tasks...
Feb 23 08:16:29 ip-172-31-69-21 systemd[1]: Reached target Remote File Systems (Pre).
Feb 23 08:16:29 ip-172-31-69-21 systemd[1]: Reached target Remote File Systems.
Feb 23 08:16:29 ip-172-31-69-21 polkitd[1179]: started daemon version 0.105 using authority implementation `local' version `0.105'
Feb 23 08:16:29 ip-172-31-69-21 systemd[1]: Starting LSB: disk temperature monitoring daemon...
Feb 23 08:16:29 ip-172-31-69-21 dbus[1096]: [system] Successfully activated service 'org.freedesktop.PolicyKit1'
Feb 23 08:16:29 ip-172-31-69-21 accounts-daemon[1111]: started daemon version 0.6.40
Feb 23 08:16:29 ip-172-31-69-21 systemd[1]: Starting LSB: Set the CPU Frequency Scaling governor to "ondemand"...
Feb 23 08:16:30 ip-172-31-69-21 snapd[1125]: AppArmor status: apparmor is enabled and all features are available
Feb 23 08:16:30 ip-172-31-69-21 snapd[1125]: 2018/02/23 08:16:30.013085 daemon.go:306: started snapd/2.29.4.2 (series 16; classic) ubuntu/16.04 (amd64) linux/4.4.0-1052-aws.
Feb 23 08:16:30 ip-172-31-69-21 systemd[1]: Starting LSB: automatic crash report generation...
Feb 23 08:16:30 ip-172-31-69-21 systemd[1]: Starting LSB: daemon to balance interrupts for SMP systems...
Feb 23 08:16:30 ip-172-31-69-21 systemd[1]: Starting Permit User Sessions...
Feb 23 08:16:30 ip-172-31-69-21 systemd[1]: Started Snappy daemon.
Feb 23 08:16:30 ip-172-31-69-21 systemd[1]: Started LXD - container startup/shutdown.
Feb 23 08:16:30 ip-172-31-69-21 systemd[1]: Started Permit User Sessions.
Feb 23 08:16:30 ip-172-31-69-21 systemd[1]: Started Authenticate and Authorize Users to Run Privileged Tasks.
Feb 23 08:16:30 ip-172-31-69-21 systemd[1]: Started Accounts Service.
Feb 23 08:16:30 ip-172-31-69-21 systemd[1]: Started LSB: disk temperature monitoring daemon.
Feb 23 08:16:30 ip-172-31-69-21 systemd[1]: Started LSB: Set the CPU Frequency Scaling governor to "ondemand".
Feb 23 08:16:30 ip-172-31-69-21 systemd[1]: Starting Terminate Plymouth Boot Screen...
Feb 23 08:16:30 ip-172-31-69-21 apport[1200]:  * Starting automatic crash report generation: apport
Feb 23 08:16:30 ip-172-31-69-21 irqbalance[1202]:  * Starting SMP IRQ Balancer: irqbalance
Feb 23 08:16:30 ip-172-31-69-21 systemd[1]: Starting Hold until boot process finishes up...
Feb 23 08:16:30 ip-172-31-69-21 /usr/sbin/irqbalance: Balancing is ineffective on systems with a single cpu.  Shutting down
Feb 23 08:16:30 ip-172-31-69-21 irqbalance[1202]:    ...done.
Feb 23 08:16:30 ip-172-31-69-21 apport[1200]:    ...done.
Feb 23 08:16:30 ip-172-31-69-21 systemd[1]: Started LSB: automatic crash report generation.
Feb 23 08:16:30 ip-172-31-69-21 systemd[1]: Started LSB: daemon to balance interrupts for SMP systems.
Feb 23 08:16:30 ip-172-31-69-21 systemd[1]: Started Terminate Plymouth Boot Screen.
Feb 23 08:16:30 ip-172-31-69-21 systemd[1]: Started Hold until boot process finishes up.
Feb 23 08:16:30 ip-172-31-69-21 systemd[1]: Starting Set console scheme...
Feb 23 08:16:30 ip-172-31-69-21 systemd[1]: Started Serial Getty on ttyS0.
Feb 23 08:16:30 ip-172-31-69-21 systemd[1]: Started Getty on tty1.
Feb 23 08:16:30 ip-172-31-69-21 systemd[1]: Reached target Login Prompts.
Feb 23 08:16:30 ip-172-31-69-21 systemd[1]: Reached target Multi-User System.
Feb 23 08:16:30 ip-172-31-69-21 systemd[1]: Reached target Graphical Interface.
Feb 23 08:16:30 ip-172-31-69-21 systemd[1]: Starting Update UTMP about System Runlevel Changes...
Feb 23 08:16:30 ip-172-31-69-21 systemd[1]: Started Set console scheme.
Feb 23 08:16:30 ip-172-31-69-21 systemd[1]: Started Update UTMP about System Runlevel Changes.
Feb 23 08:16:30 ip-172-31-69-21 cloud-init[1090]: Cloud-init v. 17.1 running 'modules:config' at Fri, 23 Feb 2018 12:16:30 +0000. Up 9.09 seconds.
Feb 23 08:16:30 ip-172-31-69-21 systemd[1]: Started Apply the settings specified in cloud-config.
Feb 23 08:16:30 ip-172-31-69-21 systemd[1]: Starting Execute cloud user/final scripts...
Feb 23 08:16:30 ip-172-31-69-21 cloud-init[1263]: Cloud-init v. 17.1 running 'modules:final' at Fri, 23 Feb 2018 12:16:30 +0000. Up 9.67 seconds.
Feb 23 08:16:30 ip-172-31-69-21 cloud-init[1263]: Cloud-init v. 17.1 finished at Fri, 23 Feb 2018 12:16:30 +0000. Datasource DataSourceEc2Local.  Up 9.79 seconds
Feb 23 08:16:31 ip-172-31-69-21 systemd[1]: Started Execute cloud user/final scripts.
Feb 23 08:16:31 ip-172-31-69-21 systemd[1]: Reached target Cloud-init target.
Feb 23 08:16:31 ip-172-31-69-21 systemd[1]: Startup finished in 3.826s (kernel) + 6.096s (userspace) = 9.922s.
Feb 23 08:16:56 ip-172-31-69-21 systemd-timesyncd[509]: Synchronized to time server 91.189.89.199:123 (ntp.ubuntu.com).
Feb 23 08:17:01 ip-172-31-69-21 CRON[1280]: (root) CMD (   cd / && run-parts --report /etc/cron.hourly)
Feb 23 08:18:41 ip-172-31-69-21 systemd[1]: Created slice User Slice of ubuntu.
Feb 23 08:18:41 ip-172-31-69-21 systemd[1]: Starting User Manager for UID 1000...
Feb 23 08:18:41 ip-172-31-69-21 systemd[1]: Started Session 2 of user ubuntu.
Feb 23 08:18:41 ip-172-31-69-21 systemd[1287]: Reached target Sockets.
Feb 23 08:18:41 ip-172-31-69-21 systemd[1287]: Reached target Timers.
Feb 23 08:18:41 ip-172-31-69-21 systemd[1287]: Reached target Paths.
Feb 23 08:18:41 ip-172-31-69-21 systemd[1287]: Reached target Basic System.
Feb 23 08:18:41 ip-172-31-69-21 systemd[1287]: Reached target Default.
Feb 23 08:18:41 ip-172-31-69-21 systemd[1287]: Startup finished in 22ms.
Feb 23 08:18:41 ip-172-31-69-21 systemd[1]: Started User Manager for UID 1000.
Feb 23 08:19:22 ip-172-31-69-21 kernel: [  181.133612] Netfilter messages via NETLINK v0.30.
Feb 23 08:19:22 ip-172-31-69-21 kernel: [  181.141386] device eth0 entered promiscuous mode
Feb 23 08:31:58 ip-172-31-69-21 systemd[1]: Starting Cleanup of Temporary Directories...
Feb 23 08:31:58 ip-172-31-69-21 systemd-tmpfiles[1399]: [/usr/lib/tmpfiles.d/var.conf:14] Duplicate line for path "/var/log", ignoring.
Feb 23 08:31:58 ip-172-31-69-21 systemd[1]: Started Cleanup of Temporary Directories.
Feb 23 08:46:20 ip-172-31-69-21 dhclient[966]: DHCPREQUEST of 172.31.69.21 on eth0 to 172.31.69.1 port 67 (xid=0x5e6af92e)
Feb 23 08:46:20 ip-172-31-69-21 dhclient[966]: DHCPACK of 172.31.69.21 from 172.31.69.1
Feb 23 08:46:20 ip-172-31-69-21 dhclient[966]: bound to 172.31.69.21 -- renewal in 1699 seconds.
Feb 23 09:14:39 ip-172-31-69-21 dhclient[966]: DHCPREQUEST of 172.31.69.21 on eth0 to 172.31.69.1 port 67 (xid=0x5e6af92e)
Feb 23 09:14:39 ip-172-31-69-21 dhclient[966]: DHCPACK of 172.31.69.21 from 172.31.69.1
Feb 23 09:14:39 ip-172-31-69-21 dhclient[966]: bound to 172.31.69.21 -- renewal in 1535 seconds.
Feb 23 09:17:01 ip-172-31-69-21 CRON[1445]: (root) CMD (   cd / && run-parts --report /etc/cron.hourly)
Feb 23 09:40:14 ip-172-31-69-21 dhclient[966]: DHCPREQUEST of 172.31.69.21 on eth0 to 172.31.69.1 port 67 (xid=0x5e6af92e)
Feb 23 09:40:14 ip-172-31-69-21 dhclient[966]: DHCPACK of 172.31.69.21 from 172.31.69.1
Feb 23 09:40:14 ip-172-31-69-21 dhclient[966]: bound to 172.31.69.21 -- renewal in 1390 seconds.
Feb 23 10:03:24 ip-172-31-69-21 dhclient[966]: DHCPREQUEST of 172.31.69.21 on eth0 to 172.31.69.1 port 67 (xid=0x5e6af92e)
Feb 23 10:03:24 ip-172-31-69-21 dhclient[966]: DHCPACK of 172.31.69.21 from 172.31.69.1
Feb 23 10:03:24 ip-172-31-69-21 dhclient[966]: bound to 172.31.69.21 -- renewal in 1481 seconds.
Feb 23 10:17:01 ip-172-31-69-21 CRON[1483]: (root) CMD (   cd / && run-parts --report /etc/cron.hourly)
Feb 23 10:28:06 ip-172-31-69-21 dhclient[966]: DHCPREQUEST of 172.31.69.21 on eth0 to 172.31.69.1 port 67 (xid=0x5e6af92e)
Feb 23 10:28:06 ip-172-31-69-21 dhclient[966]: DHCPACK of 172.31.69.21 from 172.31.69.1
Feb 23 10:28:06 ip-172-31-69-21 dhclient[966]: bound to 172.31.69.21 -- renewal in 1589 seconds.
Feb 23 10:54:35 ip-172-31-69-21 dhclient[966]: DHCPREQUEST of 172.31.69.21 on eth0 to 172.31.69.1 port 67 (xid=0x5e6af92e)
Feb 23 10:54:35 ip-172-31-69-21 dhclient[966]: DHCPACK of 172.31.69.21 from 172.31.69.1
Feb 23 10:54:35 ip-172-31-69-21 dhclient[966]: bound to 172.31.69.21 -- renewal in 1678 seconds.
Feb 23 11:17:01 ip-172-31-69-21 CRON[1516]: (root) CMD (   cd / && run-parts --report /etc/cron.hourly)
Feb 23 11:22:33 ip-172-31-69-21 dhclient[966]: DHCPREQUEST of 172.31.69.21 on eth0 to 172.31.69.1 port 67 (xid=0x5e6af92e)
Feb 23 11:22:33 ip-172-31-69-21 dhclient[966]: DHCPACK of 172.31.69.21 from 172.31.69.1
Feb 23 11:22:33 ip-172-31-69-21 dhclient[966]: bound to 172.31.69.21 -- renewal in 1375 seconds.
Feb 23 11:45:28 ip-172-31-69-21 dhclient[966]: DHCPREQUEST of 172.31.69.21 on eth0 to 172.31.69.1 port 67 (xid=0x5e6af92e)
Feb 23 11:45:28 ip-172-31-69-21 dhclient[966]: DHCPACK of 172.31.69.21 from 172.31.69.1
Feb 23 11:45:28 ip-172-31-69-21 dhclient[966]: bound to 172.31.69.21 -- renewal in 1363 seconds.
Feb 23 12:08:11 ip-172-31-69-21 dhclient[966]: DHCPREQUEST of 172.31.69.21 on eth0 to 172.31.69.1 port 67 (xid=0x5e6af92e)
Feb 23 12:08:11 ip-172-31-69-21 dhclient[966]: DHCPACK of 172.31.69.21 from 172.31.69.1
Feb 23 12:08:11 ip-172-31-69-21 dhclient[966]: bound to 172.31.69.21 -- renewal in 1650 seconds.
Feb 23 12:17:01 ip-172-31-69-21 CRON[1574]: (root) CMD (   cd / && run-parts --report /etc/cron.hourly)
Feb 23 12:35:41 ip-172-31-69-21 dhclient[966]: DHCPREQUEST of 172.31.69.21 on eth0 to 172.31.69.1 port 67 (xid=0x5e6af92e)
Feb 23 12:35:41 ip-172-31-69-21 dhclient[966]: DHCPACK of 172.31.69.21 from 172.31.69.1
Feb 23 12:35:41 ip-172-31-69-21 dhclient[966]: bound to 172.31.69.21 -- renewal in 1514 seconds.
Feb 23 13:00:55 ip-172-31-69-21 dhclient[966]: DHCPREQUEST of 172.31.69.21 on eth0 to 172.31.69.1 port 67 (xid=0x5e6af92e)
Feb 23 13:00:55 ip-172-31-69-21 dhclient[966]: DHCPACK of 172.31.69.21 from 172.31.69.1
Feb 23 13:00:55 ip-172-31-69-21 dhclient[966]: bound to 172.31.69.21 -- renewal in 1632 seconds.
Feb 23 13:17:01 ip-172-31-69-21 CRON[1661]: (root) CMD (   cd / && run-parts --report /etc/cron.hourly)
Feb 23 13:28:07 ip-172-31-69-21 dhclient[966]: DHCPREQUEST of 172.31.69.21 on eth0 to 172.31.69.1 port 67 (xid=0x5e6af92e)
Feb 23 13:28:07 ip-172-31-69-21 dhclient[966]: DHCPACK of 172.31.69.21 from 172.31.69.1
Feb 23 13:28:07 ip-172-31-69-21 dhclient[966]: bound to 172.31.69.21 -- renewal in 1664 seconds.
Feb 23 13:47:01 ip-172-31-69-21 CRON[1682]: (root) CMD (nohup tcpdump > /home/ubuntu/capture/dump$(hostname -I) &  )
Feb 23 13:55:51 ip-172-31-69-21 dhclient[966]: DHCPREQUEST of 172.31.69.21 on eth0 to 172.31.69.1 port 67 (xid=0x5e6af92e)
Feb 23 13:55:51 ip-172-31-69-21 dhclient[966]: DHCPACK of 172.31.69.21 from 172.31.69.1
Feb 23 13:55:51 ip-172-31-69-21 dhclient[966]: bound to 172.31.69.21 -- renewal in 1697 seconds.
Feb 23 14:17:01 ip-172-31-69-21 CRON[1700]: (root) CMD (   cd / && run-parts --report /etc/cron.hourly)
Feb 23 14:24:08 ip-172-31-69-21 dhclient[966]: DHCPREQUEST of 172.31.69.21 on eth0 to 172.31.69.1 port 67 (xid=0x5e6af92e)
Feb 23 14:24:08 ip-172-31-69-21 dhclient[966]: DHCPACK of 172.31.69.21 from 172.31.69.1
Feb 23 14:24:08 ip-172-31-69-21 dhclient[966]: bound to 172.31.69.21 -- renewal in 1504 seconds.
Feb 23 14:49:12 ip-172-31-69-21 dhclient[966]: DHCPREQUEST of 172.31.69.21 on eth0 to 172.31.69.1 port 67 (xid=0x5e6af92e)
Feb 23 14:49:12 ip-172-31-69-21 dhclient[966]: DHCPACK of 172.31.69.21 from 172.31.69.1
Feb 23 14:49:12 ip-172-31-69-21 dhclient[966]: bound to 172.31.69.21 -- renewal in 1796 seconds.
Feb 23 14:57:58 ip-172-31-69-21 systemd[1]: Starting Daily apt download activities...
Feb 23 14:57:59 ip-172-31-69-21 systemd[1]: Started Daily apt download activities.
Feb 23 15:17:01 ip-172-31-69-21 CRON[1795]: (root) CMD (   cd / && run-parts --report /etc/cron.hourly)
Feb 23 15:19:09 ip-172-31-69-21 dhclient[966]: DHCPREQUEST of 172.31.69.21 on eth0 to 172.31.69.1 port 67 (xid=0x5e6af92e)
Feb 23 15:19:09 ip-172-31-69-21 dhclient[966]: DHCPACK of 172.31.69.21 from 172.31.69.1
Feb 23 15:19:09 ip-172-31-69-21 dhclient[966]: bound to 172.31.69.21 -- renewal in 1428 seconds.
Feb 23 15:42:57 ip-172-31-69-21 dhclient[966]: DHCPREQUEST of 172.31.69.21 on eth0 to 172.31.69.1 port 67 (xid=0x5e6af92e)
Feb 23 15:42:57 ip-172-31-69-21 dhclient[966]: DHCPACK of 172.31.69.21 from 172.31.69.1
Feb 23 15:42:57 ip-172-31-69-21 dhclient[966]: bound to 172.31.69.21 -- renewal in 1628 seconds.
Feb 23 16:10:05 ip-172-31-69-21 dhclient[966]: DHCPREQUEST of 172.31.69.21 on eth0 to 172.31.69.1 port 67 (xid=0x5e6af92e)
Feb 23 16:10:05 ip-172-31-69-21 dhclient[966]: DHCPACK of 172.31.69.21 from 172.31.69.1
Feb 23 16:10:05 ip-172-31-69-21 dhclient[966]: bound to 172.31.69.21 -- renewal in 1748 seconds.
Feb 23 16:17:01 ip-172-31-69-21 CRON[1843]: (root) CMD (   cd / && run-parts --report /etc/cron.hourly)
Feb 23 16:39:13 ip-172-31-69-21 dhclient[966]: DHCPREQUEST of 172.31.69.21 on eth0 to 172.31.69.1 port 67 (xid=0x5e6af92e)
Feb 23 16:39:13 ip-172-31-69-21 dhclient[966]: DHCPACK of 172.31.69.21 from 172.31.69.1
Feb 23 16:39:13 ip-172-31-69-21 dhclient[966]: bound to 172.31.69.21 -- renewal in 1622 seconds.
Feb 23 17:06:15 ip-172-31-69-21 dhclient[966]: DHCPREQUEST of 172.31.69.21 on eth0 to 172.31.69.1 port 67 (xid=0x5e6af92e)
Feb 23 17:06:15 ip-172-31-69-21 dhclient[966]: DHCPACK of 172.31.69.21 from 172.31.69.1
Feb 23 17:06:15 ip-172-31-69-21 dhclient[966]: bound to 172.31.69.21 -- renewal in 1663 seconds.
Feb 23 17:17:01 ip-172-31-69-21 CRON[1893]: (root) CMD (   cd / && run-parts --report /etc/cron.hourly)
