Feb 23 06:39:01 ip-172-31-69-25 CRON[11721]: (root) CMD (  [ -x /usr/lib/php/sessionclean ] && /usr/lib/php/sessionclean)
Feb 23 06:49:35 ip-172-31-69-25 dhclient[936]: DHCPREQUEST of 172.31.69.25 on eth0 to 172.31.69.1 port 67 (xid=0x1c0eb57c)
Feb 23 06:49:35 ip-172-31-69-25 dhclient[936]: DHCPACK of 172.31.69.25 from 172.31.69.1
Feb 23 06:49:35 ip-172-31-69-25 dhclient[936]: bound to 172.31.69.25 -- renewal in 1800 seconds.
Feb 23 07:09:01 ip-172-31-69-25 CRON[11824]: (root) CMD (  [ -x /usr/lib/php/sessionclean ] && /usr/lib/php/sessionclean)
Feb 23 07:17:01 ip-172-31-69-25 CRON[11909]: (root) CMD (   cd / && run-parts --report /etc/cron.hourly)
Feb 23 07:19:35 ip-172-31-69-25 dhclient[936]: DHCPREQUEST of 172.31.69.25 on eth0 to 172.31.69.1 port 67 (xid=0x1c0eb57c)
Feb 23 07:19:35 ip-172-31-69-25 dhclient[936]: DHCPACK of 172.31.69.25 from 172.31.69.1
Feb 23 07:19:35 ip-172-31-69-25 dhclient[936]: bound to 172.31.69.25 -- renewal in 1730 seconds.
Feb 23 07:39:01 ip-172-31-69-25 CRON[11926]: (root) CMD (  [ -x /usr/lib/php/sessionclean ] && /usr/lib/php/sessionclean)
Feb 23 07:48:25 ip-172-31-69-25 dhclient[936]: DHCPREQUEST of 172.31.69.25 on eth0 to 172.31.69.1 port 67 (xid=0x1c0eb57c)
Feb 23 07:48:25 ip-172-31-69-25 dhclient[936]: DHCPACK of 172.31.69.25 from 172.31.69.1
Feb 23 07:48:25 ip-172-31-69-25 dhclient[936]: bound to 172.31.69.25 -- renewal in 1442 seconds.
Feb 23 08:09:01 ip-172-31-69-25 CRON[12023]: (root) CMD (  [ -x /usr/lib/php/sessionclean ] && /usr/lib/php/sessionclean)
Feb 23 08:12:27 ip-172-31-69-25 dhclient[936]: DHCPREQUEST of 172.31.69.25 on eth0 to 172.31.69.1 port 67 (xid=0x1c0eb57c)
Feb 23 08:12:27 ip-172-31-69-25 dhclient[936]: DHCPACK of 172.31.69.25 from 172.31.69.1
Feb 23 08:12:27 ip-172-31-69-25 dhclient[936]: bound to 172.31.69.25 -- renewal in 1436 seconds.
Feb 23 08:15:56 ip-172-31-69-25 systemd[1]: Received SIGINT.
Feb 23 08:15:56 ip-172-31-69-25 kernel: [85994.177654] device eth0 left promiscuous mode
Feb 23 08:15:56 ip-172-31-69-25 systemd[1]: Stopping Session 1 of user ubuntu.
Feb 23 08:15:56 ip-172-31-69-25 systemd[1]: Stopped target Cloud-init target.
Feb 23 08:15:56 ip-172-31-69-25 systemd[1]: Closed Load/Save RF Kill Switch Status /dev/rfkill Watch.
Feb 23 08:15:56 ip-172-31-69-25 systemd[1]: Stopped target Timers.
Feb 23 08:15:56 ip-172-31-69-25 systemd[1]: Stopped Daily Cleanup of Temporary Directories.
Feb 23 08:15:56 ip-172-31-69-25 systemd[1]: Stopping Authenticate and Authorize Users to Run Privileged Tasks...
Feb 23 08:15:56 ip-172-31-69-25 systemd[1]: Stopped Execute cloud user/final scripts.
Feb 23 08:15:56 ip-172-31-69-25 systemd[1]: Stopped Apply the settings specified in cloud-config.
Feb 23 08:15:56 ip-172-31-69-25 systemd[1]: Stopped target Cloud-config availability.
Feb 23 08:15:56 ip-172-31-69-25 systemd[1]: Stopped Daily apt upgrade and clean activities.
Feb 23 08:15:56 ip-172-31-69-25 systemd[1]: Stopped Daily apt download activities.
Feb 23 08:15:56 ip-172-31-69-25 systemd[1]: Stopping User Manager for UID 1000...
Feb 23 08:15:56 ip-172-31-69-25 systemd[1361]: Stopped target Default.
Feb 23 08:15:56 ip-172-31-69-25 systemd[1361]: Stopped target Basic System.
Feb 23 08:15:56 ip-172-31-69-25 systemd[1361]: Reached target Shutdown.
Feb 23 08:15:56 ip-172-31-69-25 systemd[1361]: Starting Exit the Session...
Feb 23 08:15:56 ip-172-31-69-25 systemd[1361]: Stopped target Paths.
Feb 23 08:15:56 ip-172-31-69-25 systemd[1361]: Stopped target Timers.
Feb 23 08:15:56 ip-172-31-69-25 systemd[1361]: Stopped target Sockets.
Feb 23 08:15:56 ip-172-31-69-25 systemd[1]: Stopped Timer to automatically refresh installed snaps.
Feb 23 08:15:56 ip-172-31-69-25 systemd[1]: Stopped target System Time Synchronized.
Feb 23 08:15:56 ip-172-31-69-25 systemd[1361]: Received SIGRTMIN+24 from PID 12123 (kill).
Feb 23 08:15:56 ip-172-31-69-25 systemd[1]: Stopping ACPI event daemon...
Feb 23 08:15:56 ip-172-31-69-25 systemd[1]: Stopped target Graphical Interface.
Feb 23 08:15:56 ip-172-31-69-25 systemd[1]: Stopping Accounts Service...
Feb 23 08:15:56 ip-172-31-69-25 systemd[1]: Stopped target Multi-User System.
Feb 23 08:15:56 ip-172-31-69-25 systemd[1]: Stopping LSB: automatic crash report generation...
Feb 23 08:15:56 ip-172-31-69-25 systemd[1]: Stopping FUSE filesystem for LXC...
Feb 23 08:15:56 ip-172-31-69-25 systemd[1]: Stopping LSB: Apache2 web server...
Feb 23 08:15:56 ip-172-31-69-25 systemd[1]: Stopping LXD - container startup/shutdown...
Feb 23 08:15:56 ip-172-31-69-25 systemd[1]: Stopping OpenBSD Secure Shell server...
Feb 23 08:15:56 ip-172-31-69-25 systemd[1]: Stopping LSB: Record successful boot for GRUB...
Feb 23 08:15:56 ip-172-31-69-25 systemd[1]: Stopping Snappy daemon...
Feb 23 08:15:56 ip-172-31-69-25 systemd[1]: Stopping Regular background program processing daemon...
Feb 23 08:15:56 ip-172-31-69-25 snapd[1181]: 2018/02/23 08:15:56.411331 main.go:78: Exiting on terminated signal.
Feb 23 08:15:56 ip-172-31-69-25 systemd[1]: Stopping MySQL Community Server...
Feb 23 08:15:56 ip-172-31-69-25 systemd[1]: Stopping LSB: daemon to balance interrupts for SMP systems...
Feb 23 08:15:56 ip-172-31-69-25 rsyslogd: [origin software="rsyslogd" swVersion="8.16.0" x-pid="1161" x-info="http://www.rsyslog.com"] exiting on signal 15.
Feb 23 08:16:28 ip-172-31-69-25 rsyslogd: [origin software="rsyslogd" swVersion="8.16.0" x-pid="1151" x-info="http://www.rsyslog.com"] start
Feb 23 08:16:28 ip-172-31-69-25 rsyslogd-2222: command 'KLogPermitNonKernelFacility' is currently not permitted - did you already set it via a RainerScript command (v6+ config)? [v8.16.0 try http://www.rsyslog.com/e/2222 ]
Feb 23 08:16:28 ip-172-31-69-25 rsyslogd: rsyslogd's groupid changed to 108
Feb 23 08:16:28 ip-172-31-69-25 rsyslogd: rsyslogd's userid changed to 104
Feb 23 08:16:28 ip-172-31-69-25 rsyslogd-2039: Could not open output pipe '/dev/xconsole':: No such file or directory [v8.16.0 try http://www.rsyslog.com/e/2039 ]
Feb 23 08:16:28 ip-172-31-69-25 rsyslogd-2007: action 'action 11' suspended, next retry is Fri Feb 23 08:16:58 2018 [v8.16.0 try http://www.rsyslog.com/e/2007 ]
Feb 23 08:16:28 ip-172-31-69-25 kernel: [    0.000000] Initializing cgroup subsys cpuset
Feb 23 08:16:28 ip-172-31-69-25 kernel: [    0.000000] Initializing cgroup subsys cpu
Feb 23 08:16:28 ip-172-31-69-25 kernel: [    0.000000] Initializing cgroup subsys cpuacct
Feb 23 08:16:28 ip-172-31-69-25 kernel: [    0.000000] Linux version 4.4.0-1052-aws (buildd@lgw01-amd64-031) (gcc version 5.4.0 20160609 (Ubuntu 5.4.0-6ubuntu1~16.04.9) ) #61-Ubuntu SMP Mon Feb 12 23:05:58 UTC 2018 (Ubuntu 4.4.0-1052.61-aws 4.4.98)
Feb 23 08:16:28 ip-172-31-69-25 kernel: [    0.000000] Command line: BOOT_IMAGE=/boot/vmlinuz-4.4.0-1052-aws root=UUID=ccee1a8d-0785-4b3a-a578-812d59f5d3e1 ro console=tty1 console=ttyS0 nvme.io_timeout=4294967295
Feb 23 08:16:28 ip-172-31-69-25 kernel: [    0.000000] KERNEL supported cpus:
Feb 23 08:16:28 ip-172-31-69-25 kernel: [    0.000000]   Intel GenuineIntel
Feb 23 08:16:28 ip-172-31-69-25 kernel: [    0.000000]   AMD AuthenticAMD
Feb 23 08:16:28 ip-172-31-69-25 kernel: [    0.000000]   Centaur CentaurHauls
Feb 23 08:16:28 ip-172-31-69-25 kernel: [    0.000000] x86/fpu: xstate_offset[2]:  576, xstate_sizes[2]:  256
Feb 23 08:16:28 ip-172-31-69-25 kernel: [    0.000000] x86/fpu: Supporting XSAVE feature 0x01: 'x87 floating point registers'
Feb 23 08:16:28 ip-172-31-69-25 kernel: [    0.000000] x86/fpu: Supporting XSAVE feature 0x02: 'SSE registers'
Feb 23 08:16:28 ip-172-31-69-25 kernel: [    0.000000] x86/fpu: Supporting XSAVE feature 0x04: 'AVX registers'
Feb 23 08:16:28 ip-172-31-69-25 kernel: [    0.000000] x86/fpu: Enabled xstate features 0x7, context size is 832 bytes, using 'standard' format.
Feb 23 08:16:28 ip-172-31-69-25 kernel: [    0.000000] x86/fpu: Using 'eager' FPU context switches.
Feb 23 08:16:28 ip-172-31-69-25 kernel: [    0.000000] e820: BIOS-provided physical RAM map:
Feb 23 08:16:28 ip-172-31-69-25 kernel: [    0.000000] BIOS-e820: [mem 0x0000000000000000-0x000000000009dfff] usable
Feb 23 08:16:28 ip-172-31-69-25 kernel: [    0.000000] BIOS-e820: [mem 0x000000000009e000-0x000000000009ffff] reserved
Feb 23 08:16:28 ip-172-31-69-25 kernel: [    0.000000] BIOS-e820: [mem 0x00000000000e0000-0x00000000000fffff] reserved
Feb 23 08:16:28 ip-172-31-69-25 kernel: [    0.000000] BIOS-e820: [mem 0x0000000000100000-0x000000003fffffff] usable
Feb 23 08:16:28 ip-172-31-69-25 kernel: [    0.000000] BIOS-e820: [mem 0x00000000fc000000-0x00000000ffffffff] reserved
Feb 23 08:16:28 ip-172-31-69-25 kernel: [    0.000000] NX (Execute Disable) protection: active
Feb 23 08:16:28 ip-172-31-69-25 kernel: [    0.000000] SMBIOS 2.7 present.
Feb 23 08:16:28 ip-172-31-69-25 kernel: [    0.000000] DMI: Xen HVM domU, BIOS 4.2.amazon 08/24/2006
Feb 23 08:16:28 ip-172-31-69-25 kernel: [    0.000000] Hypervisor detected: Xen
Feb 23 08:16:28 ip-172-31-69-25 kernel: [    0.000000] Xen version 4.2.
Feb 23 08:16:28 ip-172-31-69-25 kernel: [    0.000000] Xen Platform PCI: I/O protocol version 1
Feb 23 08:16:28 ip-172-31-69-25 kernel: [    0.000000] Netfront and the Xen platform PCI driver have been compiled for this kernel: unplug emulated NICs.
Feb 23 08:16:28 ip-172-31-69-25 kernel: [    0.000000] Blkfront and the Xen platform PCI driver have been compiled for this kernel: unplug emulated disks.
Feb 23 08:16:28 ip-172-31-69-25 kernel: [    0.000000] You might have to change the root device
Feb 23 08:16:28 ip-172-31-69-25 kernel: [    0.000000] from /dev/hd[a-d] to /dev/xvd[a-d]
Feb 23 08:16:28 ip-172-31-69-25 kernel: [    0.000000] in your root= kernel command line option
Feb 23 08:16:28 ip-172-31-69-25 kernel: [    0.000000] HVMOP_pagetable_dying not supported
Feb 23 08:16:28 ip-172-31-69-25 kernel: [    0.000000] e820: update [mem 0x00000000-0x00000fff] usable ==> reserved
Feb 23 08:16:28 ip-172-31-69-25 kernel: [    0.000000] e820: remove [mem 0x000a0000-0x000fffff] usable
Feb 23 08:16:28 ip-172-31-69-25 kernel: [    0.000000] e820: last_pfn = 0x40000 max_arch_pfn = 0x400000000
Feb 23 08:16:28 ip-172-31-69-25 kernel: [    0.000000] MTRR default type: write-back
Feb 23 08:16:28 ip-172-31-69-25 kernel: [    0.000000] MTRR fixed ranges enabled:
Feb 23 08:16:28 ip-172-31-69-25 kernel: [    0.000000]   00000-9FFFF write-back
Feb 23 08:16:28 ip-172-31-69-25 kernel: [    0.000000]   A0000-BFFFF write-combining
Feb 23 08:16:28 ip-172-31-69-25 kernel: [    0.000000]   C0000-FFFFF write-back
Feb 23 08:16:28 ip-172-31-69-25 kernel: [    0.000000] MTRR variable ranges enabled:
Feb 23 08:16:28 ip-172-31-69-25 kernel: [    0.000000]   0 base 0000F0000000 mask 3FFFF8000000 uncachable
Feb 23 08:16:28 ip-172-31-69-25 kernel: [    0.000000]   1 base 0000F8000000 mask 3FFFFC000000 uncachable
Feb 23 08:16:28 ip-172-31-69-25 kernel: [    0.000000]   2 disabled
Feb 23 08:16:28 ip-172-31-69-25 kernel: [    0.000000]   3 disabled
Feb 23 08:16:28 ip-172-31-69-25 kernel: [    0.000000]   4 disabled
Feb 23 08:16:28 ip-172-31-69-25 kernel: [    0.000000]   5 disabled
Feb 23 08:16:28 ip-172-31-69-25 kernel: [    0.000000]   6 disabled
Feb 23 08:16:28 ip-172-31-69-25 kernel: [    0.000000]   7 disabled
Feb 23 08:16:28 ip-172-31-69-25 kernel: [    0.000000] x86/PAT: Configuration [0-7]: WB  WC  UC- UC  WB  WC  UC- WT  
Feb 23 08:16:28 ip-172-31-69-25 kernel: [    0.000000] found SMP MP-table at [mem 0x000fbc20-0x000fbc2f] mapped at [ffff8800000fbc20]
Feb 23 08:16:28 ip-172-31-69-25 kernel: [    0.000000] Scanning 1 areas for low memory corruption
Feb 23 08:16:28 ip-172-31-69-25 kernel: [    0.000000] Base memory trampoline at [ffff880000098000] 98000 size 24576
Feb 23 08:16:28 ip-172-31-69-25 kernel: [    0.000000] BRK [0x021fd000, 0x021fdfff] PGTABLE
Feb 23 08:16:28 ip-172-31-69-25 kernel: [    0.000000] BRK [0x021fe000, 0x021fefff] PGTABLE
Feb 23 08:16:28 ip-172-31-69-25 kernel: [    0.000000] BRK [0x021ff000, 0x021fffff] PGTABLE
Feb 23 08:16:28 ip-172-31-69-25 kernel: [    0.000000] RAMDISK: [mem 0x367d6000-0x373e2fff]
Feb 23 08:16:28 ip-172-31-69-25 kernel: [    0.000000] ACPI: Early table checksum verification disabled
Feb 23 08:16:28 ip-172-31-69-25 kernel: [    0.000000] ACPI: RSDP 0x00000000000EA020 000024 (v02 Xen   )
Feb 23 08:16:28 ip-172-31-69-25 kernel: [    0.000000] ACPI: XSDT 0x00000000FC00DDC0 000054 (v01 Xen    HVM      00000000 HVML 00000000)
Feb 23 08:16:28 ip-172-31-69-25 kernel: [    0.000000] ACPI: FACP 0x00000000FC00DA80 0000F4 (v04 Xen    HVM      00000000 HVML 00000000)
Feb 23 08:16:28 ip-172-31-69-25 kernel: [    0.000000] ACPI: DSDT 0x00000000FC001CE0 00BD19 (v02 Xen    HVM      00000000 INTL 20090123)
Feb 23 08:16:28 ip-172-31-69-25 kernel: [    0.000000] ACPI: FACS 0x00000000FC001CA0 000040
Feb 23 08:16:28 ip-172-31-69-25 kernel: [    0.000000] ACPI: FACS 0x00000000FC001CA0 000040
Feb 23 08:16:28 ip-172-31-69-25 kernel: [    0.000000] ACPI: APIC 0x00000000FC00DB80 0000D8 (v02 Xen    HVM      00000000 HVML 00000000)
Feb 23 08:16:28 ip-172-31-69-25 kernel: [    0.000000] ACPI: HPET 0x00000000FC00DCD0 000038 (v01 Xen    HVM      00000000 HVML 00000000)
Feb 23 08:16:28 ip-172-31-69-25 kernel: [    0.000000] ACPI: WAET 0x00000000FC00DD10 000028 (v01 Xen    HVM      00000000 HVML 00000000)
Feb 23 08:16:28 ip-172-31-69-25 kernel: [    0.000000] ACPI: SSDT 0x00000000FC00DD40 000031 (v02 Xen    HVM      00000000 INTL 20090123)
Feb 23 08:16:28 ip-172-31-69-25 kernel: [    0.000000] ACPI: SSDT 0x00000000FC00DD80 000031 (v02 Xen    HVM      00000000 INTL 20090123)
Feb 23 08:16:28 ip-172-31-69-25 kernel: [    0.000000] ACPI: Local APIC address 0xfee00000
Feb 23 08:16:28 ip-172-31-69-25 kernel: [    0.000000] No NUMA configuration found
Feb 23 08:16:28 ip-172-31-69-25 kernel: [    0.000000] Faking a node at [mem 0x0000000000000000-0x000000003fffffff]
Feb 23 08:16:28 ip-172-31-69-25 kernel: [    0.000000] NODE_DATA(0) allocated [mem 0x3fffb000-0x3fffffff]
Feb 23 08:16:28 ip-172-31-69-25 kernel: [    0.000000] Zone ranges:
Feb 23 08:16:28 ip-172-31-69-25 kernel: [    0.000000]   DMA      [mem 0x0000000000001000-0x0000000000ffffff]
Feb 23 08:16:28 ip-172-31-69-25 kernel: [    0.000000]   DMA32    [mem 0x0000000001000000-0x000000003fffffff]
Feb 23 08:16:28 ip-172-31-69-25 kernel: [    0.000000]   Normal   empty
Feb 23 08:16:28 ip-172-31-69-25 kernel: [    0.000000]   Device   empty
Feb 23 08:16:28 ip-172-31-69-25 kernel: [    0.000000] Movable zone start for each node
Feb 23 08:16:28 ip-172-31-69-25 kernel: [    0.000000] Early memory node ranges
Feb 23 08:16:28 ip-172-31-69-25 kernel: [    0.000000]   node   0: [mem 0x0000000000001000-0x000000000009dfff]
Feb 23 08:16:28 ip-172-31-69-25 kernel: [    0.000000]   node   0: [mem 0x0000000000100000-0x000000003fffffff]
Feb 23 08:16:28 ip-172-31-69-25 kernel: [    0.000000] Initmem setup node 0 [mem 0x0000000000001000-0x000000003fffffff]
Feb 23 08:16:28 ip-172-31-69-25 kernel: [    0.000000] On node 0 totalpages: 262045
Feb 23 08:16:28 ip-172-31-69-25 kernel: [    0.000000]   DMA zone: 64 pages used for memmap
Feb 23 08:16:28 ip-172-31-69-25 kernel: [    0.000000]   DMA zone: 21 pages reserved
Feb 23 08:16:28 ip-172-31-69-25 kernel: [    0.000000]   DMA zone: 3997 pages, LIFO batch:0
Feb 23 08:16:28 ip-172-31-69-25 kernel: [    0.000000]   DMA32 zone: 4032 pages used for memmap
Feb 23 08:16:28 ip-172-31-69-25 kernel: [    0.000000]   DMA32 zone: 258048 pages, LIFO batch:31
Feb 23 08:16:28 ip-172-31-69-25 kernel: [    0.000000] ACPI: PM-Timer IO Port: 0xb008
Feb 23 08:16:28 ip-172-31-69-25 kernel: [    0.000000] ACPI: Local APIC address 0xfee00000
Feb 23 08:16:28 ip-172-31-69-25 kernel: [    0.000000] IOAPIC[0]: apic_id 1, version 17, address 0xfec00000, GSI 0-47
Feb 23 08:16:28 ip-172-31-69-25 kernel: [    0.000000] ACPI: INT_SRC_OVR (bus 0 bus_irq 0 global_irq 2 dfl dfl)
Feb 23 08:16:28 ip-172-31-69-25 kernel: [    0.000000] ACPI: INT_SRC_OVR (bus 0 bus_irq 5 global_irq 5 low level)
Feb 23 08:16:28 ip-172-31-69-25 kernel: [    0.000000] ACPI: INT_SRC_OVR (bus 0 bus_irq 10 global_irq 10 low level)
Feb 23 08:16:28 ip-172-31-69-25 kernel: [    0.000000] ACPI: INT_SRC_OVR (bus 0 bus_irq 11 global_irq 11 low level)
Feb 23 08:16:28 ip-172-31-69-25 kernel: [    0.000000] ACPI: IRQ0 used by override.
Feb 23 08:16:28 ip-172-31-69-25 kernel: [    0.000000] ACPI: IRQ5 used by override.
Feb 23 08:16:28 ip-172-31-69-25 kernel: [    0.000000] ACPI: IRQ9 used by override.
Feb 23 08:16:28 ip-172-31-69-25 kernel: [    0.000000] ACPI: IRQ10 used by override.
Feb 23 08:16:28 ip-172-31-69-25 kernel: [    0.000000] ACPI: IRQ11 used by override.
Feb 23 08:16:28 ip-172-31-69-25 kernel: [    0.000000] Using ACPI (MADT) for SMP configuration information
Feb 23 08:16:28 ip-172-31-69-25 kernel: [    0.000000] ACPI: HPET id: 0x8086a201 base: 0xfed00000
Feb 23 08:16:28 ip-172-31-69-25 kernel: [    0.000000] smpboot: Allowing 15 CPUs, 14 hotplug CPUs
Feb 23 08:16:28 ip-172-31-69-25 kernel: [    0.000000] PM: Registered nosave memory: [mem 0x00000000-0x00000fff]
Feb 23 08:16:28 ip-172-31-69-25 kernel: [    0.000000] PM: Registered nosave memory: [mem 0x0009e000-0x0009ffff]
Feb 23 08:16:28 ip-172-31-69-25 kernel: [    0.000000] PM: Registered nosave memory: [mem 0x000a0000-0x000dffff]
Feb 23 08:16:28 ip-172-31-69-25 kernel: [    0.000000] PM: Registered nosave memory: [mem 0x000e0000-0x000fffff]
Feb 23 08:16:28 ip-172-31-69-25 kernel: [    0.000000] e820: [mem 0x40000000-0xfbffffff] available for PCI devices
Feb 23 08:16:28 ip-172-31-69-25 kernel: [    0.000000] Booting paravirtualized kernel on Xen HVM
Feb 23 08:16:28 ip-172-31-69-25 kernel: [    0.000000] clocksource: refined-jiffies: mask: 0xffffffff max_cycles: 0xffffffff, max_idle_ns: 7645519600211568 ns
Feb 23 08:16:28 ip-172-31-69-25 kernel: [    0.000000] setup_percpu: NR_CPUS:256 nr_cpumask_bits:256 nr_cpu_ids:15 nr_node_ids:1
Feb 23 08:16:28 ip-172-31-69-25 kernel: [    0.000000] PERCPU: Embedded 34 pages/cpu @ffff88003e200000 s99160 r8192 d31912 u262144
Feb 23 08:16:28 ip-172-31-69-25 kernel: [    0.000000] pcpu-alloc: s99160 r8192 d31912 u262144 alloc=1*2097152
Feb 23 08:16:28 ip-172-31-69-25 kernel: [    0.000000] pcpu-alloc: [0] 00 01 02 03 04 05 06 07 [0] 08 09 10 11 12 13 14 -- 
Feb 23 08:16:28 ip-172-31-69-25 kernel: [    0.000000] xen: PV spinlocks enabled
Feb 23 08:16:28 ip-172-31-69-25 kernel: [    0.000000] PV qspinlock hash table entries: 256 (order: 0, 4096 bytes)
Feb 23 08:16:28 ip-172-31-69-25 kernel: [    0.000000] Built 1 zonelists in Node order, mobility grouping on.  Total pages: 257928
Feb 23 08:16:28 ip-172-31-69-25 kernel: [    0.000000] Policy zone: DMA32
Feb 23 08:16:28 ip-172-31-69-25 kernel: [    0.000000] Kernel command line: BOOT_IMAGE=/boot/vmlinuz-4.4.0-1052-aws root=UUID=ccee1a8d-0785-4b3a-a578-812d59f5d3e1 ro console=tty1 console=ttyS0 nvme.io_timeout=4294967295
Feb 23 08:16:28 ip-172-31-69-25 kernel: [    0.000000] PID hash table entries: 4096 (order: 3, 32768 bytes)
Feb 23 08:16:28 ip-172-31-69-25 kernel: [    0.000000] Calgary: detecting Calgary via BIOS EBDA area
Feb 23 08:16:28 ip-172-31-69-25 kernel: [    0.000000] Calgary: Unable to locate Rio Grande table in EBDA - bailing!
Feb 23 08:16:28 ip-172-31-69-25 kernel: [    0.000000] Memory: 998612K/1048180K available (8351K kernel code, 1276K rwdata, 3876K rodata, 1492K init, 1264K bss, 49568K reserved, 0K cma-reserved)
Feb 23 08:16:28 ip-172-31-69-25 kernel: [    0.000000] SLUB: HWalign=64, Order=0-3, MinObjects=0, CPUs=15, Nodes=1
Feb 23 08:16:28 ip-172-31-69-25 kernel: [    0.000000] Kernel/User page tables isolation: enabled
Feb 23 08:16:28 ip-172-31-69-25 kernel: [    0.000000] Hierarchical RCU implementation.
Feb 23 08:16:28 ip-172-31-69-25 kernel: [    0.000000] 	Build-time adjustment of leaf fanout to 64.
Feb 23 08:16:28 ip-172-31-69-25 kernel: [    0.000000] 	RCU restricting CPUs from NR_CPUS=256 to nr_cpu_ids=15.
Feb 23 08:16:28 ip-172-31-69-25 kernel: [    0.000000] RCU: Adjusting geometry for rcu_fanout_leaf=64, nr_cpu_ids=15
Feb 23 08:16:28 ip-172-31-69-25 kernel: [    0.000000] NR_IRQS:16640 nr_irqs:952 16
Feb 23 08:16:28 ip-172-31-69-25 kernel: [    0.000000] xen:events: Using 2-level ABI
Feb 23 08:16:28 ip-172-31-69-25 kernel: [    0.000000] xen:events: Xen HVM callback vector for event delivery is enabled
Feb 23 08:16:28 ip-172-31-69-25 kernel: [    0.000000] Console: colour VGA+ 80x25
Feb 23 08:16:28 ip-172-31-69-25 kernel: [    0.000000] console [tty1] enabled
Feb 23 08:16:28 ip-172-31-69-25 kernel: [    0.000000] Cannot get hvm parameter CONSOLE_EVTCHN (18): -22!
Feb 23 08:16:28 ip-172-31-69-25 kernel: [    0.000000] console [ttyS0] enabled
Feb 23 08:16:28 ip-172-31-69-25 kernel: [    0.000000] clocksource: hpet: mask: 0xffffffff max_cycles: 0xffffffff, max_idle_ns: 30580167144 ns
Feb 23 08:16:28 ip-172-31-69-25 kernel: [    0.000000] hpet clockevent registered
Feb 23 08:16:28 ip-172-31-69-25 kernel: [    0.000000] tsc: Detected 2400.050 MHz processor
Feb 23 08:16:28 ip-172-31-69-25 kernel: [    0.008000] Calibrating delay loop (skipped), value calculated using timer frequency.. 4800.10 BogoMIPS (lpj=9600200)
Feb 23 08:16:28 ip-172-31-69-25 kernel: [    0.008005] pid_max: default: 32768 minimum: 301
Feb 23 08:16:28 ip-172-31-69-25 kernel: [    0.010287] ACPI: Core revision 20150930
Feb 23 08:16:28 ip-172-31-69-25 kernel: [    0.019757] ACPI: 3 ACPI AML tables successfully acquired and loaded
Feb 23 08:16:28 ip-172-31-69-25 kernel: [    0.022545] Security Framework initialized
Feb 23 08:16:28 ip-172-31-69-25 kernel: [    0.024004] Yama: becoming mindful.
Feb 23 08:16:28 ip-172-31-69-25 kernel: [    0.025851] AppArmor: AppArmor initialized
Feb 23 08:16:28 ip-172-31-69-25 kernel: [    0.028088] Dentry cache hash table entries: 131072 (order: 8, 1048576 bytes)
Feb 23 08:16:28 ip-172-31-69-25 kernel: [    0.032174] Inode-cache hash table entries: 65536 (order: 7, 524288 bytes)
Feb 23 08:16:28 ip-172-31-69-25 kernel: [    0.036079] Mount-cache hash table entries: 2048 (order: 2, 16384 bytes)
Feb 23 08:16:28 ip-172-31-69-25 kernel: [    0.039085] Mountpoint-cache hash table entries: 2048 (order: 2, 16384 bytes)
Feb 23 08:16:28 ip-172-31-69-25 kernel: [    0.040171] Initializing cgroup subsys io
Feb 23 08:16:28 ip-172-31-69-25 kernel: [    0.044005] Initializing cgroup subsys memory
Feb 23 08:16:28 ip-172-31-69-25 kernel: [    0.046140] Initializing cgroup subsys devices
Feb 23 08:16:28 ip-172-31-69-25 kernel: [    0.048007] Initializing cgroup subsys freezer
Feb 23 08:16:28 ip-172-31-69-25 kernel: [    0.050164] Initializing cgroup subsys net_cls
Feb 23 08:16:28 ip-172-31-69-25 kernel: [    0.052007] Initializing cgroup subsys perf_event
Feb 23 08:16:28 ip-172-31-69-25 kernel: [    0.056007] Initializing cgroup subsys net_prio
Feb 23 08:16:28 ip-172-31-69-25 kernel: [    0.058360] Initializing cgroup subsys hugetlb
Feb 23 08:16:28 ip-172-31-69-25 kernel: [    0.060004] Initializing cgroup subsys pids
Feb 23 08:16:28 ip-172-31-69-25 kernel: [    0.062338] CPU: Physical Processor ID: 0
Feb 23 08:16:28 ip-172-31-69-25 kernel: [    0.064009] FEATURE SPEC_CTRL Not Present
Feb 23 08:16:28 ip-172-31-69-25 kernel: [    0.068057] mce: CPU supports 2 MCE banks
Feb 23 08:16:28 ip-172-31-69-25 kernel: [    0.070093] Last level iTLB entries: 4KB 1024, 2MB 1024, 4MB 1024
Feb 23 08:16:28 ip-172-31-69-25 kernel: [    0.072004] Last level dTLB entries: 4KB 1024, 2MB 1024, 4MB 1024, 1GB 4
Feb 23 08:16:28 ip-172-31-69-25 kernel: [    0.076003] Spectre V2 mitigation: Mitigation: Full generic retpoline
Feb 23 08:16:28 ip-172-31-69-25 kernel: [    0.078967] Spectre V2 mitigation: Speculation control IBPB not-supported IBRS not-supported
Feb 23 08:16:28 ip-172-31-69-25 kernel: [    0.101351] ftrace: allocating 31292 entries in 123 pages
Feb 23 08:16:28 ip-172-31-69-25 kernel: [    0.140090] smpboot: APIC(0) Converting physical 0 to logical package 0
Feb 23 08:16:28 ip-172-31-69-25 kernel: [    0.144004] smpboot: Max logical packages: 15
Feb 23 08:16:28 ip-172-31-69-25 kernel: [    0.156599] x2apic: IRQ remapping doesn't support X2APIC mode
Feb 23 08:16:28 ip-172-31-69-25 kernel: [    0.160003] Switched APIC routing to physical flat.
Feb 23 08:16:28 ip-172-31-69-25 kernel: [    0.164000] ..TIMER: vector=0x30 apic1=0 pin1=2 apic2=0 pin2=0
Feb 23 08:16:28 ip-172-31-69-25 kernel: [    0.168004] clocksource: xen: mask: 0xffffffffffffffff max_cycles: 0x1cd42e4dffb, max_idle_ns: 881590591483 ns
Feb 23 08:16:28 ip-172-31-69-25 kernel: [    0.176007] Xen: using vcpuop timer interface
Feb 23 08:16:28 ip-172-31-69-25 kernel: [    0.176014] installing Xen timer for CPU 0
Feb 23 08:16:28 ip-172-31-69-25 kernel: [    0.178819] smpboot: CPU0: Intel(R) Xeon(R) CPU E5-2676 v3 @ 2.40GHz (family: 0x6, model: 0x3f, stepping: 0x2)
Feb 23 08:16:28 ip-172-31-69-25 kernel: [    0.183255] cpu 0 spinlock event irq 53
Feb 23 08:16:28 ip-172-31-69-25 kernel: [    0.184013] Performance Events: unsupported p6 CPU model 63 no PMU driver, software events only.
Feb 23 08:16:28 ip-172-31-69-25 kernel: [    0.188763] x86: Booted up 1 node, 1 CPUs
Feb 23 08:16:28 ip-172-31-69-25 kernel: [    0.191290] smpboot: Total of 1 processors activated (4800.10 BogoMIPS)
Feb 23 08:16:28 ip-172-31-69-25 kernel: [    0.192009] NMI watchdog: disabled (cpu0): hardware events not enabled
Feb 23 08:16:28 ip-172-31-69-25 kernel: [    0.195737] NMI watchdog: Shutting down hard lockup detector on all cpus
Feb 23 08:16:28 ip-172-31-69-25 kernel: [    0.196355] devtmpfs: initialized
Feb 23 08:16:28 ip-172-31-69-25 kernel: [    0.199831] evm: security.selinux
Feb 23 08:16:28 ip-172-31-69-25 kernel: [    0.200008] evm: security.SMACK64
Feb 23 08:16:28 ip-172-31-69-25 kernel: [    0.202096] evm: security.SMACK64EXEC
Feb 23 08:16:28 ip-172-31-69-25 kernel: [    0.204004] evm: security.SMACK64TRANSMUTE
Feb 23 08:16:28 ip-172-31-69-25 kernel: [    0.206470] evm: security.SMACK64MMAP
Feb 23 08:16:28 ip-172-31-69-25 kernel: [    0.208005] evm: security.ima
Feb 23 08:16:28 ip-172-31-69-25 kernel: [    0.209952] evm: security.capability
Feb 23 08:16:28 ip-172-31-69-25 kernel: [    0.212166] clocksource: jiffies: mask: 0xffffffff max_cycles: 0xffffffff, max_idle_ns: 7645041785100000 ns
Feb 23 08:16:28 ip-172-31-69-25 kernel: [    0.216029] futex hash table entries: 4096 (order: 6, 262144 bytes)
Feb 23 08:16:28 ip-172-31-69-25 kernel: [    0.219898] RTC time: 12:16:20, date: 02/23/18
Feb 23 08:16:28 ip-172-31-69-25 kernel: [    0.220146] NET: Registered protocol family 16
Feb 23 08:16:28 ip-172-31-69-25 kernel: [    0.224172] cpuidle: using governor ladder
Feb 23 08:16:28 ip-172-31-69-25 kernel: [    0.226740] cpuidle: using governor menu
Feb 23 08:16:28 ip-172-31-69-25 kernel: [    0.228012] PCCT header not found.
Feb 23 08:16:28 ip-172-31-69-25 kernel: [    0.230239] ACPI: bus type PCI registered
Feb 23 08:16:28 ip-172-31-69-25 kernel: [    0.232013] acpiphp: ACPI Hot Plug PCI Controller Driver version: 0.5
Feb 23 08:16:28 ip-172-31-69-25 kernel: [    0.235779] PCI: Using configuration type 1 for base access
Feb 23 08:16:28 ip-172-31-69-25 kernel: [    0.237066] ACPI: Added _OSI(Module Device)
Feb 23 08:16:28 ip-172-31-69-25 kernel: [    0.239559] ACPI: Added _OSI(Processor Device)
Feb 23 08:16:28 ip-172-31-69-25 kernel: [    0.240005] ACPI: Added _OSI(3.0 _SCP Extensions)
Feb 23 08:16:28 ip-172-31-69-25 kernel: [    0.242817] ACPI: Added _OSI(Processor Aggregator Device)
Feb 23 08:16:28 ip-172-31-69-25 kernel: [    0.245050] xen: --> pirq=16 -> irq=9 (gsi=9)
Feb 23 08:16:28 ip-172-31-69-25 kernel: [    0.247782] ACPI: Interpreter enabled
Feb 23 08:16:28 ip-172-31-69-25 kernel: [    0.248019] ACPI: (supports S0 S4 S5)
Feb 23 08:16:28 ip-172-31-69-25 kernel: [    0.250331] ACPI: Using IOAPIC for interrupt routing
Feb 23 08:16:28 ip-172-31-69-25 kernel: [    0.252035] PCI: Using host bridge windows from ACPI; if necessary, use "pci=nocrs" and report a bug
Feb 23 08:16:28 ip-172-31-69-25 kernel: [    0.297010] ACPI: PCI Root Bridge [PCI0] (domain 0000 [bus 00-ff])
Feb 23 08:16:28 ip-172-31-69-25 kernel: [    0.300018] acpi PNP0A03:00: _OSC: OS supports [ASPM ClockPM Segments MSI]
Feb 23 08:16:28 ip-172-31-69-25 kernel: [    0.303993] acpi PNP0A03:00: _OSC failed (AE_NOT_FOUND); disabling ASPM
Feb 23 08:16:28 ip-172-31-69-25 kernel: [    0.304016] acpi PNP0A03:00: fail to add MMCONFIG information, can't access extended PCI configuration space under this bridge.
Feb 23 08:16:28 ip-172-31-69-25 kernel: [    0.308948] acpiphp: Slot [0] registered
Feb 23 08:16:28 ip-172-31-69-25 kernel: [    0.312000] acpiphp: Slot [3] registered
Feb 23 08:16:28 ip-172-31-69-25 kernel: [    0.312234] acpiphp: Slot [4] registered
Feb 23 08:16:28 ip-172-31-69-25 kernel: [    0.314890] acpiphp: Slot [5] registered
Feb 23 08:16:28 ip-172-31-69-25 kernel: [    0.316253] acpiphp: Slot [6] registered
Feb 23 08:16:28 ip-172-31-69-25 kernel: [    0.318922] acpiphp: Slot [7] registered
Feb 23 08:16:28 ip-172-31-69-25 kernel: [    0.320236] acpiphp: Slot [8] registered
Feb 23 08:16:28 ip-172-31-69-25 kernel: [    0.322827] acpiphp: Slot [9] registered
Feb 23 08:16:28 ip-172-31-69-25 kernel: [    0.324245] acpiphp: Slot [10] registered
Feb 23 08:16:28 ip-172-31-69-25 kernel: [    0.326843] acpiphp: Slot [11] registered
Feb 23 08:16:28 ip-172-31-69-25 kernel: [    0.328222] acpiphp: Slot [12] registered
Feb 23 08:16:28 ip-172-31-69-25 kernel: [    0.330715] acpiphp: Slot [13] registered
Feb 23 08:16:28 ip-172-31-69-25 kernel: [    0.332239] acpiphp: Slot [14] registered
Feb 23 08:16:28 ip-172-31-69-25 kernel: [    0.334808] acpiphp: Slot [15] registered
Feb 23 08:16:28 ip-172-31-69-25 kernel: [    0.336247] acpiphp: Slot [16] registered
Feb 23 08:16:28 ip-172-31-69-25 kernel: [    0.338794] acpiphp: Slot [17] registered
Feb 23 08:16:28 ip-172-31-69-25 kernel: [    0.340288] acpiphp: Slot [18] registered
Feb 23 08:16:28 ip-172-31-69-25 kernel: [    0.342833] acpiphp: Slot [19] registered
Feb 23 08:16:28 ip-172-31-69-25 kernel: [    0.344224] acpiphp: Slot [20] registered
Feb 23 08:16:28 ip-172-31-69-25 kernel: [    0.346796] acpiphp: Slot [21] registered
Feb 23 08:16:28 ip-172-31-69-25 kernel: [    0.348277] acpiphp: Slot [22] registered
Feb 23 08:16:28 ip-172-31-69-25 kernel: [    0.350733] acpiphp: Slot [23] registered
Feb 23 08:16:28 ip-172-31-69-25 kernel: [    0.352252] acpiphp: Slot [24] registered
Feb 23 08:16:28 ip-172-31-69-25 kernel: [    0.354825] acpiphp: Slot [25] registered
Feb 23 08:16:28 ip-172-31-69-25 kernel: [    0.356236] acpiphp: Slot [26] registered
Feb 23 08:16:28 ip-172-31-69-25 kernel: [    0.358685] acpiphp: Slot [27] registered
Feb 23 08:16:28 ip-172-31-69-25 kernel: [    0.360276] acpiphp: Slot [28] registered
Feb 23 08:16:28 ip-172-31-69-25 kernel: [    0.362708] acpiphp: Slot [29] registered
Feb 23 08:16:28 ip-172-31-69-25 kernel: [    0.364231] acpiphp: Slot [30] registered
Feb 23 08:16:28 ip-172-31-69-25 kernel: [    0.366606] acpiphp: Slot [31] registered
Feb 23 08:16:28 ip-172-31-69-25 kernel: [    0.368239] PCI host bridge to bus 0000:00
Feb 23 08:16:28 ip-172-31-69-25 kernel: [    0.370786] pci_bus 0000:00: root bus resource [io  0x0000-0x0cf7 window]
Feb 23 08:16:28 ip-172-31-69-25 kernel: [    0.372005] pci_bus 0000:00: root bus resource [io  0x0d00-0xffff window]
Feb 23 08:16:28 ip-172-31-69-25 kernel: [    0.375447] pci_bus 0000:00: root bus resource [mem 0x000a0000-0x000bffff window]
Feb 23 08:16:28 ip-172-31-69-25 kernel: [    0.376009] pci_bus 0000:00: root bus resource [mem 0xf0000000-0xfbffffff window]
Feb 23 08:16:28 ip-172-31-69-25 kernel: [    0.379931] pci_bus 0000:00: root bus resource [bus 00-ff]
Feb 23 08:16:28 ip-172-31-69-25 kernel: [    0.380120] pci 0000:00:00.0: [8086:1237] type 00 class 0x060000
Feb 23 08:16:28 ip-172-31-69-25 kernel: [    0.381461] pci 0000:00:01.0: [8086:7000] type 00 class 0x060100
Feb 23 08:16:28 ip-172-31-69-25 kernel: [    0.383330] pci 0000:00:01.1: [8086:7010] type 00 class 0x010180
Feb 23 08:16:28 ip-172-31-69-25 kernel: [    0.384203] pci 0000:00:01.1: reg 0x20: [io  0xc100-0xc10f]
Feb 23 08:16:28 ip-172-31-69-25 kernel: [    0.384678] pci 0000:00:01.1: legacy IDE quirk: reg 0x10: [io  0x01f0-0x01f7]
Feb 23 08:16:28 ip-172-31-69-25 kernel: [    0.388008] pci 0000:00:01.1: legacy IDE quirk: reg 0x14: [io  0x03f6]
Feb 23 08:16:28 ip-172-31-69-25 kernel: [    0.391307] pci 0000:00:01.1: legacy IDE quirk: reg 0x18: [io  0x0170-0x0177]
Feb 23 08:16:28 ip-172-31-69-25 kernel: [    0.392004] pci 0000:00:01.1: legacy IDE quirk: reg 0x1c: [io  0x0376]
Feb 23 08:16:28 ip-172-31-69-25 kernel: [    0.396000] pci 0000:00:01.3: [8086:7113] type 00 class 0x068000
Feb 23 08:16:28 ip-172-31-69-25 kernel: [    0.396061] * Found PM-Timer Bug on the chipset. Due to workarounds for a bug,
Feb 23 08:16:28 ip-172-31-69-25 kernel: [    0.396061] * this clock source is slow. Consider trying other clock sources
Feb 23 08:16:28 ip-172-31-69-25 kernel: [    0.401060] pci 0000:00:01.3: quirk: [io  0xb000-0xb03f] claimed by PIIX4 ACPI
Feb 23 08:16:28 ip-172-31-69-25 kernel: [    0.404724] pci 0000:00:02.0: [1013:00b8] type 00 class 0x030000
Feb 23 08:16:28 ip-172-31-69-25 kernel: [    0.404996] pci 0000:00:02.0: reg 0x10: [mem 0xf0000000-0xf1ffffff pref]
Feb 23 08:16:28 ip-172-31-69-25 kernel: [    0.405172] pci 0000:00:02.0: reg 0x14: [mem 0xf3000000-0xf3000fff]
Feb 23 08:16:28 ip-172-31-69-25 kernel: [    0.406616] pci 0000:00:03.0: [5853:0001] type 00 class 0xff8000
Feb 23 08:16:28 ip-172-31-69-25 kernel: [    0.406930] pci 0000:00:03.0: reg 0x10: [io  0xc000-0xc0ff]
Feb 23 08:16:28 ip-172-31-69-25 kernel: [    0.407124] pci 0000:00:03.0: reg 0x14: [mem 0xf2000000-0xf2ffffff pref]
Feb 23 08:16:28 ip-172-31-69-25 kernel: [    0.409304] ACPI: PCI Interrupt Link [LNKA] (IRQs *5 10 11)
Feb 23 08:16:28 ip-172-31-69-25 kernel: [    0.413621] ACPI: PCI Interrupt Link [LNKB] (IRQs 5 *10 11)
Feb 23 08:16:28 ip-172-31-69-25 kernel: [    0.418075] ACPI: PCI Interrupt Link [LNKC] (IRQs 5 10 *11)
Feb 23 08:16:28 ip-172-31-69-25 kernel: [    0.422478] ACPI: PCI Interrupt Link [LNKD] (IRQs *5 10 11)
Feb 23 08:16:28 ip-172-31-69-25 kernel: [    0.439759] ACPI: Enabled 2 GPEs in block 00 to 0F
Feb 23 08:16:28 ip-172-31-69-25 kernel: [    0.440072] xen:balloon: Initialising balloon driver
Feb 23 08:16:28 ip-172-31-69-25 kernel: [    0.444132] vgaarb: setting as boot device: PCI:0000:00:02.0
Feb 23 08:16:28 ip-172-31-69-25 kernel: [    0.447259] vgaarb: device added: PCI:0000:00:02.0,decodes=io+mem,owns=io+mem,locks=none
Feb 23 08:16:28 ip-172-31-69-25 kernel: [    0.448005] vgaarb: loaded
Feb 23 08:16:28 ip-172-31-69-25 kernel: [    0.449680] vgaarb: bridge control possible 0000:00:02.0
Feb 23 08:16:28 ip-172-31-69-25 kernel: [    0.452212] SCSI subsystem initialized
Feb 23 08:16:28 ip-172-31-69-25 kernel: [    0.454566] libata version 3.00 loaded.
Feb 23 08:16:28 ip-172-31-69-25 kernel: [    0.454589] ACPI: bus type USB registered
Feb 23 08:16:28 ip-172-31-69-25 kernel: [    0.456021] usbcore: registered new interface driver usbfs
Feb 23 08:16:28 ip-172-31-69-25 kernel: [    0.459170] usbcore: registered new interface driver hub
Feb 23 08:16:28 ip-172-31-69-25 kernel: [    0.460029] usbcore: registered new device driver usb
Feb 23 08:16:28 ip-172-31-69-25 kernel: [    0.462894] PCI: Using ACPI for IRQ routing
Feb 23 08:16:28 ip-172-31-69-25 kernel: [    0.464006] PCI: pci_cache_line_size set to 64 bytes
Feb 23 08:16:28 ip-172-31-69-25 kernel: [    0.464319] e820: reserve RAM buffer [mem 0x0009e000-0x0009ffff]
Feb 23 08:16:28 ip-172-31-69-25 kernel: [    0.464448] NetLabel: Initializing
Feb 23 08:16:28 ip-172-31-69-25 kernel: [    0.466456] NetLabel:  domain hash size = 128
Feb 23 08:16:28 ip-172-31-69-25 kernel: [    0.468008] NetLabel:  protocols = UNLABELED CIPSOv4
Feb 23 08:16:28 ip-172-31-69-25 kernel: [    0.470775] NetLabel:  unlabeled traffic allowed by default
Feb 23 08:16:28 ip-172-31-69-25 kernel: [    0.472117] HPET: 3 timers in total, 0 timers will be used for per-cpu timer
Feb 23 08:16:28 ip-172-31-69-25 kernel: [    0.475593] hpet0: at MMIO 0xfed00000, IRQs 2, 8, 0
Feb 23 08:16:28 ip-172-31-69-25 kernel: [    0.477889] hpet0: 3 comparators, 64-bit 62.500000 MHz counter
Feb 23 08:16:28 ip-172-31-69-25 kernel: [    0.482057] amd_nb: Cannot enumerate AMD northbridges
Feb 23 08:16:28 ip-172-31-69-25 kernel: [    0.484016] clocksource: Switched to clocksource xen
Feb 23 08:16:28 ip-172-31-69-25 kernel: [    0.492185] AppArmor: AppArmor Filesystem Enabled
Feb 23 08:16:28 ip-172-31-69-25 kernel: [    0.494917] pnp: PnP ACPI init
Feb 23 08:16:28 ip-172-31-69-25 kernel: [    0.497134] system 00:00: [mem 0x00000000-0x0009ffff] could not be reserved
Feb 23 08:16:28 ip-172-31-69-25 kernel: [    0.500981] system 00:00: Plug and Play ACPI device, IDs PNP0c02 (active)
Feb 23 08:16:28 ip-172-31-69-25 kernel: [    0.501061] system 00:01: [io  0x08a0-0x08a3] has been reserved
Feb 23 08:16:28 ip-172-31-69-25 kernel: [    0.504339] system 00:01: [io  0x0cc0-0x0ccf] has been reserved
Feb 23 08:16:28 ip-172-31-69-25 kernel: [    0.507652] system 00:01: [io  0x04d0-0x04d1] has been reserved
Feb 23 08:16:28 ip-172-31-69-25 kernel: [    0.511074] system 00:01: Plug and Play ACPI device, IDs PNP0c02 (active)
Feb 23 08:16:28 ip-172-31-69-25 kernel: [    0.511096] xen: --> pirq=17 -> irq=8 (gsi=8)
Feb 23 08:16:28 ip-172-31-69-25 kernel: [    0.511113] pnp 00:02: Plug and Play ACPI device, IDs PNP0b00 (active)
Feb 23 08:16:28 ip-172-31-69-25 kernel: [    0.511132] xen: --> pirq=18 -> irq=12 (gsi=12)
Feb 23 08:16:28 ip-172-31-69-25 kernel: [    0.511145] pnp 00:03: Plug and Play ACPI device, IDs PNP0f13 (active)
Feb 23 08:16:28 ip-172-31-69-25 kernel: [    0.511161] xen: --> pirq=19 -> irq=1 (gsi=1)
Feb 23 08:16:28 ip-172-31-69-25 kernel: [    0.511174] pnp 00:04: Plug and Play ACPI device, IDs PNP0303 PNP030b (active)
Feb 23 08:16:28 ip-172-31-69-25 kernel: [    0.511189] xen: --> pirq=20 -> irq=6 (gsi=6)
Feb 23 08:16:28 ip-172-31-69-25 kernel: [    0.511192] pnp 00:05: [dma 2]
Feb 23 08:16:28 ip-172-31-69-25 kernel: [    0.511205] pnp 00:05: Plug and Play ACPI device, IDs PNP0700 (active)
Feb 23 08:16:28 ip-172-31-69-25 kernel: [    0.511225] xen: --> pirq=21 -> irq=4 (gsi=4)
Feb 23 08:16:28 ip-172-31-69-25 kernel: [    0.511237] pnp 00:06: Plug and Play ACPI device, IDs PNP0501 (active)
Feb 23 08:16:28 ip-172-31-69-25 kernel: [    0.511272] system 00:07: [io  0x10c0-0x1141] has been reserved
Feb 23 08:16:28 ip-172-31-69-25 kernel: [    0.514371] system 00:07: [io  0xb044-0xb047] has been reserved
Feb 23 08:16:28 ip-172-31-69-25 kernel: [    0.517508] system 00:07: Plug and Play ACPI device, IDs PNP0c02 (active)
Feb 23 08:16:28 ip-172-31-69-25 kernel: [    0.531144] pnp: PnP ACPI: found 8 devices
Feb 23 08:16:28 ip-172-31-69-25 kernel: [    0.538928] clocksource: acpi_pm: mask: 0xffffff max_cycles: 0xffffff, max_idle_ns: 2085701024 ns
Feb 23 08:16:28 ip-172-31-69-25 kernel: [    0.543599] pci_bus 0000:00: resource 4 [io  0x0000-0x0cf7 window]
Feb 23 08:16:28 ip-172-31-69-25 kernel: [    0.543601] pci_bus 0000:00: resource 5 [io  0x0d00-0xffff window]
Feb 23 08:16:28 ip-172-31-69-25 kernel: [    0.543603] pci_bus 0000:00: resource 6 [mem 0x000a0000-0x000bffff window]
Feb 23 08:16:28 ip-172-31-69-25 kernel: [    0.543605] pci_bus 0000:00: resource 7 [mem 0xf0000000-0xfbffffff window]
Feb 23 08:16:28 ip-172-31-69-25 kernel: [    0.543645] NET: Registered protocol family 2
Feb 23 08:16:28 ip-172-31-69-25 kernel: [    0.546282] TCP established hash table entries: 8192 (order: 4, 65536 bytes)
Feb 23 08:16:28 ip-172-31-69-25 kernel: [    0.549848] TCP bind hash table entries: 8192 (order: 5, 131072 bytes)
Feb 23 08:16:28 ip-172-31-69-25 kernel: [    0.553233] TCP: Hash tables configured (established 8192 bind 8192)
Feb 23 08:16:28 ip-172-31-69-25 kernel: [    0.556483] UDP hash table entries: 512 (order: 2, 16384 bytes)
Feb 23 08:16:28 ip-172-31-69-25 kernel: [    0.559582] UDP-Lite hash table entries: 512 (order: 2, 16384 bytes)
Feb 23 08:16:28 ip-172-31-69-25 kernel: [    0.562933] NET: Registered protocol family 1
Feb 23 08:16:28 ip-172-31-69-25 kernel: [    0.565299] pci 0000:00:00.0: Limiting direct PCI/PCI transfers
Feb 23 08:16:28 ip-172-31-69-25 kernel: [    0.568300] pci 0000:00:01.0: PIIX3: Enabling Passive Release
Feb 23 08:16:28 ip-172-31-69-25 kernel: [    0.571363] pci 0000:00:01.0: Activating ISA DMA hang workarounds
Feb 23 08:16:28 ip-172-31-69-25 kernel: [    0.574531] pci 0000:00:02.0: Video device with shadowed ROM
Feb 23 08:16:28 ip-172-31-69-25 kernel: [    0.574583] PCI: CLS 0 bytes, default 64
Feb 23 08:16:28 ip-172-31-69-25 kernel: [    0.574629] Trying to unpack rootfs image as initramfs...
Feb 23 08:16:28 ip-172-31-69-25 kernel: [    0.755722] Freeing initrd memory: 12340K
Feb 23 08:16:28 ip-172-31-69-25 kernel: [    0.758694] RAPL PMU detected, API unit is 2^-32 Joules, 3 fixed counters 655360 ms ovfl timer
Feb 23 08:16:28 ip-172-31-69-25 kernel: [    0.763680] hw unit of domain pp0-core 2^-14 Joules
Feb 23 08:16:28 ip-172-31-69-25 kernel: [    0.766585] hw unit of domain package 2^-14 Joules
Feb 23 08:16:28 ip-172-31-69-25 kernel: [    0.769555] hw unit of domain dram 2^-16 Joules
Feb 23 08:16:28 ip-172-31-69-25 kernel: [    0.772601] Scanning for low memory corruption every 60 seconds
Feb 23 08:16:28 ip-172-31-69-25 kernel: [    0.776592] audit: initializing netlink subsys (disabled)
Feb 23 08:16:28 ip-172-31-69-25 kernel: [    0.780125] audit: type=2000 audit(1519388181.498:1): initialized
Feb 23 08:16:28 ip-172-31-69-25 kernel: [    0.784082] Initialise system trusted keyring
Feb 23 08:16:28 ip-172-31-69-25 kernel: [    0.787065] HugeTLB registered 2 MB page size, pre-allocated 0 pages
Feb 23 08:16:28 ip-172-31-69-25 kernel: [    0.791852] zbud: loaded
Feb 23 08:16:28 ip-172-31-69-25 kernel: [    0.794043] VFS: Disk quotas dquot_6.6.0
Feb 23 08:16:28 ip-172-31-69-25 kernel: [    0.796611] VFS: Dquot-cache hash table entries: 512 (order 0, 4096 bytes)
Feb 23 08:16:28 ip-172-31-69-25 kernel: [    0.800743] squashfs: version 4.0 (2009/01/31) Phillip Lougher
Feb 23 08:16:28 ip-172-31-69-25 kernel: [    0.803909] fuse init (API version 7.23)
Feb 23 08:16:28 ip-172-31-69-25 kernel: [    0.806236] Key type big_key registered
Feb 23 08:16:28 ip-172-31-69-25 kernel: [    0.808565] Allocating IMA MOK and blacklist keyrings.
Feb 23 08:16:28 ip-172-31-69-25 kernel: [    0.811874] Key type asymmetric registered
Feb 23 08:16:28 ip-172-31-69-25 kernel: [    0.814390] Asymmetric key parser 'x509' registered
Feb 23 08:16:28 ip-172-31-69-25 kernel: [    0.817428] Block layer SCSI generic (bsg) driver version 0.4 loaded (major 249)
Feb 23 08:16:28 ip-172-31-69-25 kernel: [    0.821726] io scheduler noop registered
Feb 23 08:16:28 ip-172-31-69-25 kernel: [    0.824298] io scheduler deadline registered (default)
Feb 23 08:16:28 ip-172-31-69-25 kernel: [    0.827234] io scheduler cfq registered
Feb 23 08:16:28 ip-172-31-69-25 kernel: [    0.829492] pci_hotplug: PCI Hot Plug PCI Core version: 0.5
Feb 23 08:16:28 ip-172-31-69-25 kernel: [    0.832483] pciehp: PCI Express Hot Plug Controller Driver version: 0.4
Feb 23 08:16:28 ip-172-31-69-25 kernel: [    0.835771] intel_idle: does not run on family 6 model 63
Feb 23 08:16:28 ip-172-31-69-25 kernel: [    0.835847] input: Power Button as /devices/LNXSYSTM:00/LNXPWRBN:00/input/input0
Feb 23 08:16:28 ip-172-31-69-25 kernel: [    0.839872] ACPI: Power Button [PWRF]
Feb 23 08:16:28 ip-172-31-69-25 kernel: [    0.842045] input: Sleep Button as /devices/LNXSYSTM:00/LNXSLPBN:00/input/input1
Feb 23 08:16:28 ip-172-31-69-25 kernel: [    0.845958] ACPI: Sleep Button [SLPF]
Feb 23 08:16:28 ip-172-31-69-25 kernel: [    0.848412] xen: --> pirq=22 -> irq=28 (gsi=28)
Feb 23 08:16:28 ip-172-31-69-25 kernel: [    0.848481] xen:grant_table: Grant tables using version 1 layout
Feb 23 08:16:28 ip-172-31-69-25 kernel: [    0.851672] Grant table initialized
Feb 23 08:16:28 ip-172-31-69-25 kernel: [    0.853730] Cannot get hvm parameter CONSOLE_EVTCHN (18): -22!
Feb 23 08:16:28 ip-172-31-69-25 kernel: [    0.856751] Serial: 8250/16550 driver, 4 ports, IRQ sharing enabled
Feb 23 08:16:28 ip-172-31-69-25 kernel: [    0.885776] 00:06: ttyS0 at I/O 0x3f8 (irq = 4, base_baud = 115200) is a 16550A
Feb 23 08:16:28 ip-172-31-69-25 kernel: [    0.890642] Linux agpgart interface v0.103
Feb 23 08:16:28 ip-172-31-69-25 kernel: [    0.895005] brd: module loaded
Feb 23 08:16:28 ip-172-31-69-25 kernel: [    0.897909] loop: module loaded
Feb 23 08:16:28 ip-172-31-69-25 kernel: [    0.900062] Invalid max_queues (4), will use default max: 1.
Feb 23 08:16:28 ip-172-31-69-25 kernel: [    0.904352] ata_piix 0000:00:01.1: version 2.13
Feb 23 08:16:28 ip-172-31-69-25 kernel: [    0.905182] scsi host0: ata_piix
Feb 23 08:16:28 ip-172-31-69-25 kernel: [    0.907616] scsi host1: ata_piix
Feb 23 08:16:28 ip-172-31-69-25 kernel: [    0.909697] ata1: PATA max MWDMA2 cmd 0x1f0 ctl 0x3f6 bmdma 0xc100 irq 14
Feb 23 08:16:28 ip-172-31-69-25 kernel: [    0.913209] ata2: PATA max MWDMA2 cmd 0x170 ctl 0x376 bmdma 0xc108 irq 15
Feb 23 08:16:28 ip-172-31-69-25 kernel: [    0.918240] libphy: Fixed MDIO Bus: probed
Feb 23 08:16:28 ip-172-31-69-25 kernel: [    0.921625] tun: Universal TUN/TAP device driver, 1.6
Feb 23 08:16:28 ip-172-31-69-25 kernel: [    0.924951] tun: (C) 1999-2004 Max Krasnyansky <maxk@qualcomm.com>
Feb 23 08:16:28 ip-172-31-69-25 kernel: [    0.928168] PPP generic driver version 2.4.2
Feb 23 08:16:28 ip-172-31-69-25 kernel: [    0.930930] xen_netfront: Initialising Xen virtual ethernet driver
Feb 23 08:16:28 ip-172-31-69-25 kernel: [    0.936743] ehci_hcd: USB 2.0 'Enhanced' Host Controller (EHCI) Driver
Feb 23 08:16:28 ip-172-31-69-25 kernel: [    0.942207] ehci-pci: EHCI PCI platform driver
Feb 23 08:16:28 ip-172-31-69-25 kernel: [    0.945978] ehci-platform: EHCI generic platform driver
Feb 23 08:16:28 ip-172-31-69-25 kernel: [    0.949375] ohci_hcd: USB 1.1 'Open' Host Controller (OHCI) Driver
Feb 23 08:16:28 ip-172-31-69-25 kernel: [    0.952857] ohci-pci: OHCI PCI platform driver
Feb 23 08:16:28 ip-172-31-69-25 kernel: [    0.955663] ohci-platform: OHCI generic platform driver
Feb 23 08:16:28 ip-172-31-69-25 kernel: [    0.959209] uhci_hcd: USB Universal Host Controller Interface driver
Feb 23 08:16:28 ip-172-31-69-25 kernel: [    0.962673] i8042: PNP: PS/2 Controller [PNP0303:PS2K,PNP0f13:PS2M] at 0x60,0x64 irq 1,12
Feb 23 08:16:28 ip-172-31-69-25 kernel: [    0.968943] serio: i8042 KBD port at 0x60,0x64 irq 1
Feb 23 08:16:28 ip-172-31-69-25 kernel: [    0.971828] serio: i8042 AUX port at 0x60,0x64 irq 12
Feb 23 08:16:28 ip-172-31-69-25 kernel: [    0.974834] mousedev: PS/2 mouse device common for all mice
Feb 23 08:16:28 ip-172-31-69-25 kernel: [    0.978847] input: AT Translated Set 2 keyboard as /devices/platform/i8042/serio0/input/input2
Feb 23 08:16:28 ip-172-31-69-25 kernel: [    0.996900] rtc_cmos 00:02: rtc core: registered rtc_cmos as rtc0
Feb 23 08:16:28 ip-172-31-69-25 kernel: [    1.001476] rtc_cmos 00:02: alarms up to one day, 114 bytes nvram, hpet irqs
Feb 23 08:16:28 ip-172-31-69-25 kernel: [    1.008865] i2c /dev entries driver
Feb 23 08:16:28 ip-172-31-69-25 kernel: [    1.011205] device-mapper: uevent: version 1.0.3
Feb 23 08:16:28 ip-172-31-69-25 kernel: [    1.014598] device-mapper: ioctl: 4.34.0-ioctl (2015-10-28) initialised: dm-devel@redhat.com
Feb 23 08:16:28 ip-172-31-69-25 kernel: [    1.019987] NET: Registered protocol family 10
Feb 23 08:16:28 ip-172-31-69-25 kernel: [    1.022743] NET: Registered protocol family 17
Feb 23 08:16:28 ip-172-31-69-25 kernel: [    1.026101] Key type dns_resolver registered
Feb 23 08:16:28 ip-172-31-69-25 kernel: [    1.029318] microcode: CPU0 sig=0x306f2, pf=0x1, revision=0x3b
Feb 23 08:16:28 ip-172-31-69-25 kernel: [    1.032686] microcode: Microcode Update Driver: v2.01 <tigran@aivazian.fsnet.co.uk>, Peter Oruba
Feb 23 08:16:28 ip-172-31-69-25 kernel: [    1.037636] registered taskstats version 1
Feb 23 08:16:28 ip-172-31-69-25 kernel: [    1.040152] Loading compiled-in X.509 certificates
Feb 23 08:16:28 ip-172-31-69-25 kernel: [    1.043613] Loaded X.509 cert 'Build time autogenerated kernel key: eec6339c199f7c061573bf7e1d5d111f4e89c8c0'
Feb 23 08:16:28 ip-172-31-69-25 kernel: [    1.048802] zswap: loaded using pool lzo/zbud
Feb 23 08:16:28 ip-172-31-69-25 kernel: [    1.051402] blkfront: xvda: barrier or flush: disabled; persistent grants: disabled; indirect descriptors: enabled;
Feb 23 08:16:28 ip-172-31-69-25 kernel: [    1.058039] Key type trusted registered
Feb 23 08:16:28 ip-172-31-69-25 kernel: [    1.060902]  xvda: xvda1
Feb 23 08:16:28 ip-172-31-69-25 kernel: [    1.065168] Key type encrypted registered
Feb 23 08:16:28 ip-172-31-69-25 kernel: [    1.067427] AppArmor: AppArmor sha1 policy hashing enabled
Feb 23 08:16:28 ip-172-31-69-25 kernel: [    1.070321] ima: No TPM chip found, activating TPM-bypass!
Feb 23 08:16:28 ip-172-31-69-25 kernel: [    1.074176] evm: HMAC attrs: 0x1
Feb 23 08:16:28 ip-172-31-69-25 kernel: [    1.076575]   Magic number: 6:694:279
Feb 23 08:16:28 ip-172-31-69-25 kernel: [    1.078712] event_source tracepoint: hash matches
Feb 23 08:16:28 ip-172-31-69-25 kernel: [    1.081287] tty tty16: hash matches
Feb 23 08:16:28 ip-172-31-69-25 kernel: [    1.083420] rtc_cmos 00:02: setting system clock to 2018-02-23 12:16:21 UTC (1519388181)
Feb 23 08:16:28 ip-172-31-69-25 kernel: [    1.087684] BIOS EDD facility v0.16 2004-Jun-25, 0 devices found
Feb 23 08:16:28 ip-172-31-69-25 kernel: [    1.090708] EDD information not available.
Feb 23 08:16:28 ip-172-31-69-25 kernel: [    1.093023] PM: Hibernation image not present or could not be loaded.
Feb 23 08:16:28 ip-172-31-69-25 kernel: [    1.094611] Freeing unused kernel memory: 1492K
Feb 23 08:16:28 ip-172-31-69-25 kernel: [    1.097053] Write protecting the kernel read-only data: 14336k
Feb 23 08:16:28 ip-172-31-69-25 kernel: [    1.100593] Freeing unused kernel memory: 1876K
Feb 23 08:16:28 ip-172-31-69-25 kernel: [    1.103488] Freeing unused kernel memory: 220K
Feb 23 08:16:28 ip-172-31-69-25 kernel: [    1.117363] random: udevadm: uninitialized urandom read (16 bytes read, 8 bits of entropy available)
Feb 23 08:16:28 ip-172-31-69-25 kernel: [    1.122501] random: systemd-udevd: uninitialized urandom read (16 bytes read, 8 bits of entropy available)
Feb 23 08:16:28 ip-172-31-69-25 kernel: [    1.127845] random: systemd-udevd: uninitialized urandom read (16 bytes read, 8 bits of entropy available)
Feb 23 08:16:28 ip-172-31-69-25 kernel: [    1.132735] random: udevadm: uninitialized urandom read (16 bytes read, 8 bits of entropy available)
Feb 23 08:16:28 ip-172-31-69-25 kernel: [    1.137559] random: systemd-udevd: uninitialized urandom read (16 bytes read, 8 bits of entropy available)
Feb 23 08:16:28 ip-172-31-69-25 kernel: [    1.147911] random: systemd-udevd: uninitialized urandom read (16 bytes read, 8 bits of entropy available)
Feb 23 08:16:28 ip-172-31-69-25 kernel: [    1.154021] random: udevadm: uninitialized urandom read (16 bytes read, 8 bits of entropy available)
Feb 23 08:16:28 ip-172-31-69-25 kernel: [    1.159588] random: systemd-udevd: uninitialized urandom read (16 bytes read, 8 bits of entropy available)
Feb 23 08:16:28 ip-172-31-69-25 kernel: [    1.164464] random: udevadm: uninitialized urandom read (16 bytes read, 8 bits of entropy available)
Feb 23 08:16:28 ip-172-31-69-25 kernel: [    1.169063] random: systemd-udevd: uninitialized urandom read (16 bytes read, 8 bits of entropy available)
Feb 23 08:16:28 ip-172-31-69-25 kernel: [    1.294932] AVX2 version of gcm_enc/dec engaged.
Feb 23 08:16:28 ip-172-31-69-25 kernel: [    1.297463] AES CTR mode by8 optimization enabled
Feb 23 08:16:28 ip-172-31-69-25 kernel: [    1.772109] tsc: Refined TSC clocksource calibration: 2399.998 MHz
Feb 23 08:16:28 ip-172-31-69-25 kernel: [    1.777416] clocksource: tsc: mask: 0xffffffffffffffff max_cycles: 0x229835b7123, max_idle_ns: 440795242976 ns
Feb 23 08:16:28 ip-172-31-69-25 kernel: [    2.793391] md: linear personality registered for level -1
Feb 23 08:16:28 ip-172-31-69-25 kernel: [    2.799296] md: multipath personality registered for level -4
Feb 23 08:16:28 ip-172-31-69-25 kernel: [    2.807333] md: raid0 personality registered for level 0
Feb 23 08:16:28 ip-172-31-69-25 kernel: [    2.814019] md: raid1 personality registered for level 1
Feb 23 08:16:28 ip-172-31-69-25 kernel: [    2.868067] raid6: sse2x1   gen()  8358 MB/s
Feb 23 08:16:28 ip-172-31-69-25 kernel: [    2.916062] raid6: sse2x1   xor()  6487 MB/s
Feb 23 08:16:28 ip-172-31-69-25 kernel: [    2.964066] raid6: sse2x2   gen() 10490 MB/s
Feb 23 08:16:28 ip-172-31-69-25 kernel: [    3.012060] raid6: sse2x2   xor()  7097 MB/s
Feb 23 08:16:28 ip-172-31-69-25 kernel: [    3.060064] raid6: sse2x4   gen() 12227 MB/s
Feb 23 08:16:28 ip-172-31-69-25 kernel: [    3.108062] raid6: sse2x4   xor()  8521 MB/s
Feb 23 08:16:28 ip-172-31-69-25 kernel: [    3.156061] raid6: avx2x1   gen() 16141 MB/s
Feb 23 08:16:28 ip-172-31-69-25 kernel: [    3.204064] raid6: avx2x2   gen() 18734 MB/s
Feb 23 08:16:28 ip-172-31-69-25 kernel: [    3.252063] raid6: avx2x4   gen() 21882 MB/s
Feb 23 08:16:28 ip-172-31-69-25 kernel: [    3.255019] raid6: using algorithm avx2x4 gen() 21882 MB/s
Feb 23 08:16:28 ip-172-31-69-25 kernel: [    3.259053] raid6: using avx2x2 recovery algorithm
Feb 23 08:16:28 ip-172-31-69-25 kernel: [    3.264369] xor: automatically using best checksumming function:
Feb 23 08:16:28 ip-172-31-69-25 kernel: [    3.308062]    avx       : 24635.000 MB/sec
Feb 23 08:16:28 ip-172-31-69-25 kernel: [    3.312988] async_tx: api initialized (async)
Feb 23 08:16:28 ip-172-31-69-25 kernel: [    3.328157] md: raid6 personality registered for level 6
Feb 23 08:16:28 ip-172-31-69-25 kernel: [    3.331797] md: raid5 personality registered for level 5
Feb 23 08:16:28 ip-172-31-69-25 kernel: [    3.335093] md: raid4 personality registered for level 4
Feb 23 08:16:28 ip-172-31-69-25 kernel: [    3.344139] md: raid10 personality registered for level 10
Feb 23 08:16:28 ip-172-31-69-25 kernel: [    3.383283] Btrfs loaded
Feb 23 08:16:28 ip-172-31-69-25 kernel: [    3.427601] EXT4-fs (xvda1): mounted filesystem with ordered data mode. Opts: (null)
Feb 23 08:16:28 ip-172-31-69-25 kernel: [    4.086420] EXT4-fs (xvda1): re-mounted. Opts: discard
Feb 23 08:16:28 ip-172-31-69-25 kernel: [    4.117441] Loading iSCSI transport class v2.0-870.
Feb 23 08:16:28 ip-172-31-69-25 kernel: [    4.138250] iscsi: registered transport (tcp)
Feb 23 08:16:28 ip-172-31-69-25 kernel: [    4.201004] iscsi: registered transport (iser)
Feb 23 08:16:28 ip-172-31-69-25 kernel: [    4.834721] audit: type=1400 audit(1519388185.248:2): apparmor="STATUS" operation="profile_load" profile="unconfined" name="lxc-container-default" pid=572 comm="apparmor_parser"
Feb 23 08:16:28 ip-172-31-69-25 kernel: [    4.834725] audit: type=1400 audit(1519388185.248:3): apparmor="STATUS" operation="profile_load" profile="unconfined" name="lxc-container-default-cgns" pid=572 comm="apparmor_parser"
Feb 23 08:16:28 ip-172-31-69-25 kernel: [    4.834729] audit: type=1400 audit(1519388185.248:4): apparmor="STATUS" operation="profile_load" profile="unconfined" name="lxc-container-default-with-mounting" pid=572 comm="apparmor_parser"
Feb 23 08:16:28 ip-172-31-69-25 kernel: [    4.834732] audit: type=1400 audit(1519388185.248:5): apparmor="STATUS" operation="profile_load" profile="unconfined" name="lxc-container-default-with-nesting" pid=572 comm="apparmor_parser"
Feb 23 08:16:28 ip-172-31-69-25 kernel: [    4.844347] audit: type=1400 audit(1519388185.260:6): apparmor="STATUS" operation="profile_load" profile="unconfined" name="/sbin/dhclient" pid=573 comm="apparmor_parser"
Feb 23 08:16:28 ip-172-31-69-25 kernel: [    4.844352] audit: type=1400 audit(1519388185.260:7): apparmor="STATUS" operation="profile_load" profile="unconfined" name="/usr/lib/NetworkManager/nm-dhcp-client.action" pid=573 comm="apparmor_parser"
Feb 23 08:16:28 ip-172-31-69-25 kernel: [    4.844356] audit: type=1400 audit(1519388185.260:8): apparmor="STATUS" operation="profile_load" profile="unconfined" name="/usr/lib/NetworkManager/nm-dhcp-helper" pid=573 comm="apparmor_parser"
Feb 23 08:16:28 ip-172-31-69-25 kernel: [    4.844359] audit: type=1400 audit(1519388185.260:9): apparmor="STATUS" operation="profile_load" profile="unconfined" name="/usr/lib/connman/scripts/dhclient-script" pid=573 comm="apparmor_parser"
Feb 23 08:16:28 ip-172-31-69-25 kernel: [    4.846185] audit: type=1400 audit(1519388185.260:10): apparmor="STATUS" operation="profile_load" profile="unconfined" name="/usr/bin/lxc-start" pid=574 comm="apparmor_parser"
Feb 23 08:16:28 ip-172-31-69-25 kernel: [    6.275749] ppdev: user-space parallel port driver
Feb 23 08:16:28 ip-172-31-69-25 kernel: [    8.037888] random: nonblocking pool is initialized
Feb 23 08:16:28 ip-172-31-69-25 kernel: [    8.203882] cgroup: new mount options do not match the existing superblock, will be ignored
Feb 23 08:16:28 ip-172-31-69-25 loadkeys[372]: Loading /etc/console-setup/cached.kmap.gz
Feb 23 08:16:28 ip-172-31-69-25 systemd-modules-load[402]: Inserted module 'iscsi_tcp'
Feb 23 08:16:28 ip-172-31-69-25 systemd[1]: Started Uncomplicated firewall.
Feb 23 08:16:28 ip-172-31-69-25 systemd[1]: Started Set console keymap.
Feb 23 08:16:28 ip-172-31-69-25 systemd[1]: Started Create list of required static device nodes for the current kernel.
Feb 23 08:16:28 ip-172-31-69-25 systemd[1]: Started Remount Root and Kernel File Systems.
Feb 23 08:16:28 ip-172-31-69-25 systemd-modules-load[402]: Inserted module 'ib_iser'
Feb 23 08:16:28 ip-172-31-69-25 systemd[1]: Started Load Kernel Modules.
Feb 23 08:16:28 ip-172-31-69-25 systemd[1]: Started Nameserver information manager.
Feb 23 08:16:28 ip-172-31-69-25 systemd[1]: Started LVM2 metadata daemon.
Feb 23 08:16:28 ip-172-31-69-25 systemd[1]: Starting Apply Kernel Variables...
Feb 23 08:16:28 ip-172-31-69-25 systemd[1]: Mounting FUSE Control File System...
Feb 23 08:16:28 ip-172-31-69-25 systemd[1]: Starting Load/Save Random Seed...
Feb 23 08:16:28 ip-172-31-69-25 systemd[1]: Starting Initial cloud-init job (pre-networking)...
Feb 23 08:16:28 ip-172-31-69-25 systemd[1]: Starting udev Coldplug all Devices...
Feb 23 08:16:28 ip-172-31-69-25 systemd[1]: Starting Create Static Device Nodes in /dev...
Feb 23 08:16:28 ip-172-31-69-25 systemd[1]: Starting Flush Journal to Persistent Storage...
Feb 23 08:16:28 ip-172-31-69-25 systemd[1]: Mounted FUSE Control File System.
Feb 23 08:16:28 ip-172-31-69-25 systemd[1]: Started Apply Kernel Variables.
Feb 23 08:16:28 ip-172-31-69-25 systemd[1]: Started Load/Save Random Seed.
Feb 23 08:16:28 ip-172-31-69-25 systemd[1]: Started Create Static Device Nodes in /dev.
Feb 23 08:16:28 ip-172-31-69-25 systemd[1]: Starting udev Kernel Device Manager...
Feb 23 08:16:28 ip-172-31-69-25 systemd[1]: Started Flush Journal to Persistent Storage.
Feb 23 08:16:28 ip-172-31-69-25 systemd[1]: Started udev Coldplug all Devices.
Feb 23 08:16:28 ip-172-31-69-25 systemd[1]: Started udev Kernel Device Manager.
Feb 23 08:16:28 ip-172-31-69-25 systemd[1]: Started Dispatch Password Requests to Console Directory Watch.
Feb 23 08:16:28 ip-172-31-69-25 systemd[1]: Started Monitoring of LVM2 mirrors, snapshots etc. using dmeventd or progress polling.
Feb 23 08:16:28 ip-172-31-69-25 systemd[1]: Reached target Local File Systems (Pre).
Feb 23 08:16:28 ip-172-31-69-25 systemd[1]: Reached target Local File Systems.
Feb 23 08:16:28 ip-172-31-69-25 systemd[1]: Starting Set console font and keymap...
Feb 23 08:16:28 ip-172-31-69-25 systemd[1]: Starting Tell Plymouth To Write Out Runtime Data...
Feb 23 08:16:28 ip-172-31-69-25 systemd[1]: Starting LSB: AppArmor initialization...
Feb 23 08:16:28 ip-172-31-69-25 systemd[1]: Starting Create Volatile Files and Directories...
Feb 23 08:16:28 ip-172-31-69-25 systemd-tmpfiles[499]: [/usr/lib/tmpfiles.d/var.conf:14] Duplicate line for path "/var/log", ignoring.
Feb 23 08:16:28 ip-172-31-69-25 systemd[1]: Started Tell Plymouth To Write Out Runtime Data.
Feb 23 08:16:28 ip-172-31-69-25 systemd[1]: Started Create Volatile Files and Directories.
Feb 23 08:16:28 ip-172-31-69-25 systemd[1]: Starting Network Time Synchronization...
Feb 23 08:16:28 ip-172-31-69-25 apparmor[494]:  * Starting AppArmor profiles
Feb 23 08:16:28 ip-172-31-69-25 systemd[1]: Starting Update UTMP about System Boot/Shutdown...
Feb 23 08:16:28 ip-172-31-69-25 systemd[1]: Started Update UTMP about System Boot/Shutdown.
Feb 23 08:16:28 ip-172-31-69-25 apparmor[494]: Skipping profile in /etc/apparmor.d/disable: usr.sbin.rsyslogd
Feb 23 08:16:28 ip-172-31-69-25 apparmor[494]:    ...done.
Feb 23 08:16:28 ip-172-31-69-25 systemd[1]: Started LSB: AppArmor initialization.
Feb 23 08:16:28 ip-172-31-69-25 systemd[1]: Started Network Time Synchronization.
Feb 23 08:16:28 ip-172-31-69-25 systemd[1]: Reached target System Time Synchronized.
Feb 23 08:16:28 ip-172-31-69-25 systemd[1]: Found device /dev/ttyS0.
Feb 23 08:16:28 ip-172-31-69-25 systemd[1]: Found device /sys/subsystem/net/devices/eth0.
Feb 23 08:16:28 ip-172-31-69-25 systemd[1]: Started Set console font and keymap.
Feb 23 08:16:28 ip-172-31-69-25 systemd[1]: Created slice system-getty.slice.
Feb 23 08:16:28 ip-172-31-69-25 systemd[1]: Listening on Load/Save RF Kill Switch Status /dev/rfkill Watch.
Feb 23 08:16:28 ip-172-31-69-25 dhclient[824]: Internet Systems Consortium DHCP Client 4.3.3
Feb 23 08:16:28 ip-172-31-69-25 dhclient[824]: Copyright 2004-2015 Internet Systems Consortium.
Feb 23 08:16:28 ip-172-31-69-25 dhclient[824]: All rights reserved.
Feb 23 08:16:28 ip-172-31-69-25 dhclient[824]: For info, please visit https://www.isc.org/software/dhcp/
Feb 23 08:16:28 ip-172-31-69-25 dhclient[824]: 
Feb 23 08:16:28 ip-172-31-69-25 dhclient[824]: Listening on LPF/eth0/02:d8:a9:4e:38:42
Feb 23 08:16:28 ip-172-31-69-25 dhclient[824]: Sending on   LPF/eth0/02:d8:a9:4e:38:42
Feb 23 08:16:28 ip-172-31-69-25 dhclient[824]: Sending on   Socket/fallback
Feb 23 08:16:28 ip-172-31-69-25 dhclient[824]: DHCPDISCOVER on eth0 to 255.255.255.255 port 67 interval 3 (xid=0x7a8aaa5d)
Feb 23 08:16:28 ip-172-31-69-25 dhclient[824]: DHCPREQUEST of 172.31.69.25 on eth0 to 255.255.255.255 port 67 (xid=0x5daa8a7a)
Feb 23 08:16:28 ip-172-31-69-25 dhclient[824]: DHCPOFFER of 172.31.69.25 from 172.31.69.1
Feb 23 08:16:28 ip-172-31-69-25 dhclient[824]: DHCPACK of 172.31.69.25 from 172.31.69.1
Feb 23 08:16:28 ip-172-31-69-25 dhclient[824]: bound to 172.31.69.25 -- renewal in 1634 seconds.
Feb 23 08:16:28 ip-172-31-69-25 cloud-init[454]: Cloud-init v. 17.1 running 'init-local' at Fri, 23 Feb 2018 12:16:25 +0000. Up 5.47 seconds.
Feb 23 08:16:28 ip-172-31-69-25 systemd[1]: Started Initial cloud-init job (pre-networking).
Feb 23 08:16:28 ip-172-31-69-25 systemd[1]: Reached target Network (Pre).
Feb 23 08:16:28 ip-172-31-69-25 systemd[1]: Starting Raise network interfaces...
Feb 23 08:16:28 ip-172-31-69-25 systemd[1]: Started ifup for eth0.
Feb 23 08:16:28 ip-172-31-69-25 dhclient[900]: Internet Systems Consortium DHCP Client 4.3.3
Feb 23 08:16:28 ip-172-31-69-25 sh[888]: Internet Systems Consortium DHCP Client 4.3.3
Feb 23 08:16:28 ip-172-31-69-25 dhclient[900]: Copyright 2004-2015 Internet Systems Consortium.
Feb 23 08:16:28 ip-172-31-69-25 sh[888]: Copyright 2004-2015 Internet Systems Consortium.
Feb 23 08:16:28 ip-172-31-69-25 dhclient[900]: All rights reserved.
Feb 23 08:16:28 ip-172-31-69-25 sh[888]: All rights reserved.
Feb 23 08:16:28 ip-172-31-69-25 dhclient[900]: For info, please visit https://www.isc.org/software/dhcp/
Feb 23 08:16:28 ip-172-31-69-25 sh[888]: For info, please visit https://www.isc.org/software/dhcp/
Feb 23 08:16:28 ip-172-31-69-25 dhclient[900]: 
Feb 23 08:16:28 ip-172-31-69-25 dhclient[900]: Listening on LPF/eth0/02:d8:a9:4e:38:42
Feb 23 08:16:28 ip-172-31-69-25 sh[888]: Listening on LPF/eth0/02:d8:a9:4e:38:42
Feb 23 08:16:28 ip-172-31-69-25 sh[888]: Sending on   LPF/eth0/02:d8:a9:4e:38:42
Feb 23 08:16:28 ip-172-31-69-25 sh[888]: Sending on   Socket/fallback
Feb 23 08:16:28 ip-172-31-69-25 sh[888]: DHCPDISCOVER on eth0 to 255.255.255.255 port 67 interval 3 (xid=0x12298d69)
Feb 23 08:16:28 ip-172-31-69-25 dhclient[900]: Sending on   LPF/eth0/02:d8:a9:4e:38:42
Feb 23 08:16:28 ip-172-31-69-25 dhclient[900]: Sending on   Socket/fallback
Feb 23 08:16:28 ip-172-31-69-25 dhclient[900]: DHCPDISCOVER on eth0 to 255.255.255.255 port 67 interval 3 (xid=0x12298d69)
Feb 23 08:16:28 ip-172-31-69-25 dhclient[900]: DHCPREQUEST of 172.31.69.25 on eth0 to 255.255.255.255 port 67 (xid=0x698d2912)
Feb 23 08:16:28 ip-172-31-69-25 sh[888]: DHCPREQUEST of 172.31.69.25 on eth0 to 255.255.255.255 port 67 (xid=0x698d2912)
Feb 23 08:16:28 ip-172-31-69-25 sh[888]: DHCPOFFER of 172.31.69.25 from 172.31.69.1
Feb 23 08:16:28 ip-172-31-69-25 dhclient[900]: DHCPOFFER of 172.31.69.25 from 172.31.69.1
Feb 23 08:16:28 ip-172-31-69-25 dhclient[900]: DHCPACK of 172.31.69.25 from 172.31.69.1
Feb 23 08:16:28 ip-172-31-69-25 sh[888]: DHCPACK of 172.31.69.25 from 172.31.69.1
Feb 23 08:16:28 ip-172-31-69-25 dhclient[900]: bound to 172.31.69.25 -- renewal in 1785 seconds.
Feb 23 08:16:28 ip-172-31-69-25 sh[888]: bound to 172.31.69.25 -- renewal in 1785 seconds.
Feb 23 08:16:28 ip-172-31-69-25 systemd[1]: Started Raise network interfaces.
Feb 23 08:16:28 ip-172-31-69-25 systemd[1]: Reached target Network.
Feb 23 08:16:28 ip-172-31-69-25 systemd[1]: Starting Initial cloud-init job (metadata service crawler)...
Feb 23 08:16:28 ip-172-31-69-25 cloud-init[1054]: Cloud-init v. 17.1 running 'init' at Fri, 23 Feb 2018 12:16:27 +0000. Up 7.56 seconds.
Feb 23 08:16:28 ip-172-31-69-25 cloud-init[1054]: ci-info: ++++++++++++++++++++++++++++++++++++++Net device info+++++++++++++++++++++++++++++++++++++++
Feb 23 08:16:28 ip-172-31-69-25 cloud-init[1054]: ci-info: +--------+------+----------------------------+-----------------+-------+-------------------+
Feb 23 08:16:28 ip-172-31-69-25 cloud-init[1054]: ci-info: | Device |  Up  |          Address           |       Mask      | Scope |     Hw-Address    |
Feb 23 08:16:28 ip-172-31-69-25 cloud-init[1054]: ci-info: +--------+------+----------------------------+-----------------+-------+-------------------+
Feb 23 08:16:28 ip-172-31-69-25 cloud-init[1054]: ci-info: |  eth0  | True |        172.31.69.25        | 255.255.255.224 |   .   | 02:d8:a9:4e:38:42 |
Feb 23 08:16:28 ip-172-31-69-25 cloud-init[1054]: ci-info: |  eth0  | True | fe80::d8:a9ff:fe4e:3842/64 |        .        |  link | 02:d8:a9:4e:38:42 |
Feb 23 08:16:28 ip-172-31-69-25 cloud-init[1054]: ci-info: |   lo   | True |         127.0.0.1          |    255.0.0.0    |   .   |         .         |
Feb 23 08:16:28 ip-172-31-69-25 cloud-init[1054]: ci-info: |   lo   | True |          ::1/128           |        .        |  host |         .         |
Feb 23 08:16:28 ip-172-31-69-25 cloud-init[1054]: ci-info: +--------+------+----------------------------+-----------------+-------+-------------------+
Feb 23 08:16:28 ip-172-31-69-25 cloud-init[1054]: ci-info: ++++++++++++++++++++++++++++++Route IPv4 info++++++++++++++++++++++++++++++
Feb 23 08:16:28 ip-172-31-69-25 cloud-init[1054]: ci-info: +-------+-------------+-------------+-----------------+-----------+-------+
Feb 23 08:16:28 ip-172-31-69-25 cloud-init[1054]: ci-info: | Route | Destination |   Gateway   |     Genmask     | Interface | Flags |
Feb 23 08:16:28 ip-172-31-69-25 cloud-init[1054]: ci-info: +-------+-------------+-------------+-----------------+-----------+-------+
Feb 23 08:16:28 ip-172-31-69-25 cloud-init[1054]: ci-info: |   0   |   0.0.0.0   | 172.31.69.1 |     0.0.0.0     |    eth0   |   UG  |
Feb 23 08:16:28 ip-172-31-69-25 cloud-init[1054]: ci-info: |   1   | 172.31.69.0 |   0.0.0.0   | 255.255.255.224 |    eth0   |   U   |
Feb 23 08:16:28 ip-172-31-69-25 cloud-init[1054]: ci-info: +-------+-------------+-------------+-----------------+-----------+-------+
Feb 23 08:16:28 ip-172-31-69-25 systemd[1]: Started Initial cloud-init job (metadata service crawler).
Feb 23 08:16:28 ip-172-31-69-25 systemd[1]: Reached target Network is Online.
Feb 23 08:16:28 ip-172-31-69-25 systemd[1]: Starting iSCSI initiator daemon (iscsid)...
Feb 23 08:16:28 ip-172-31-69-25 systemd[1]: Reached target Cloud-config availability.
Feb 23 08:16:28 ip-172-31-69-25 systemd[1]: Reached target System Initialization.
Feb 23 08:16:28 ip-172-31-69-25 systemd[1]: Starting LXD - unix socket.
Feb 23 08:16:28 ip-172-31-69-25 systemd[1]: Starting Socket activation for snappy daemon.
Feb 23 08:16:28 ip-172-31-69-25 systemd[1]: Started Timer to automatically refresh installed snaps.
Feb 23 08:16:28 ip-172-31-69-25 systemd[1]: Listening on ACPID Listen Socket.
Feb 23 08:16:28 ip-172-31-69-25 systemd[1]: Listening on UUID daemon activation socket.
Feb 23 08:16:28 ip-172-31-69-25 systemd[1]: Started Daily apt download activities.
Feb 23 08:16:28 ip-172-31-69-25 systemd[1]: Started Daily apt upgrade and clean activities.
Feb 23 08:16:28 ip-172-31-69-25 systemd[1]: Listening on D-Bus System Message Bus Socket.
Feb 23 08:16:28 ip-172-31-69-25 systemd[1]: Started Daily Cleanup of Temporary Directories.
Feb 23 08:16:28 ip-172-31-69-25 systemd[1]: Started ACPI Events Check.
Feb 23 08:16:28 ip-172-31-69-25 systemd[1]: Reached target Paths.
Feb 23 08:16:28 ip-172-31-69-25 systemd[1]: Reached target Timers.
Feb 23 08:16:28 ip-172-31-69-25 systemd[1]: Listening on LXD - unix socket.
Feb 23 08:16:28 ip-172-31-69-25 systemd[1]: Listening on Socket activation for snappy daemon.
Feb 23 08:16:28 ip-172-31-69-25 iscsid: iSCSI logger with pid=1110 started!
Feb 23 08:16:28 ip-172-31-69-25 iscsid: iSCSI daemon with pid=1111 started!
Feb 23 08:16:28 ip-172-31-69-25 systemd[1]: Started iSCSI initiator daemon (iscsid).
Feb 23 08:16:28 ip-172-31-69-25 systemd[1]: Starting Login to default iSCSI targets...
Feb 23 08:16:28 ip-172-31-69-25 systemd[1]: Reached target Sockets.
Feb 23 08:16:28 ip-172-31-69-25 systemd[1]: Reached target Basic System.
Feb 23 08:16:28 ip-172-31-69-25 systemd[1]: Starting Accounts Service...
Feb 23 08:16:28 ip-172-31-69-25 systemd[1]: Starting LSB: MD monitoring daemon...
Feb 23 08:16:28 ip-172-31-69-25 systemd[1]: Started D-Bus System Message Bus.
Feb 23 08:16:28 ip-172-31-69-25 dbus[1123]: [system] AppArmor D-Bus mediation is enabled
Feb 23 08:16:28 ip-172-31-69-25 systemd[1]: Started FUSE filesystem for LXC.
Feb 23 08:16:28 ip-172-31-69-25 systemd[1]: Starting /etc/rc.local Compatibility...
Feb 23 08:16:28 ip-172-31-69-25 lxcfs[1130]: hierarchies:
Feb 23 08:16:28 ip-172-31-69-25 lxcfs[1130]:   0: fd:   5: pids
Feb 23 08:16:28 ip-172-31-69-25 lxcfs[1130]:   1: fd:   6: memory
Feb 23 08:16:28 ip-172-31-69-25 lxcfs[1130]:   2: fd:   7: devices
Feb 23 08:16:28 ip-172-31-69-25 lxcfs[1130]:   3: fd:   8: cpu,cpuacct
Feb 23 08:16:28 ip-172-31-69-25 lxcfs[1130]:   4: fd:   9: cpuset
Feb 23 08:16:28 ip-172-31-69-25 lxcfs[1130]:   5: fd:  10: freezer
Feb 23 08:16:28 ip-172-31-69-25 lxcfs[1130]:   6: fd:  11: hugetlb
Feb 23 08:16:28 ip-172-31-69-25 lxcfs[1130]:   7: fd:  12: net_cls,net_prio
Feb 23 08:16:28 ip-172-31-69-25 lxcfs[1130]:   8: fd:  13: blkio
Feb 23 08:16:28 ip-172-31-69-25 lxcfs[1130]:   9: fd:  14: perf_event
Feb 23 08:16:28 ip-172-31-69-25 lxcfs[1130]:  10: fd:  15: name=systemd
Feb 23 08:16:28 ip-172-31-69-25 systemd[1]: Starting LSB: Record successful boot for GRUB...
Feb 23 08:16:28 ip-172-31-69-25 dbus[1123]: [system] Activating via systemd: service name='org.freedesktop.PolicyKit1' unit='polkitd.service'
Feb 23 08:16:28 ip-172-31-69-25 systemd[1]: Started Regular background program processing daemon.
Feb 23 08:16:28 ip-172-31-69-25 cron[1146]: (CRON) INFO (pidfile fd = 3)
Feb 23 08:16:28 ip-172-31-69-25 systemd[1]: Started Deferred execution scheduler.
Feb 23 08:16:28 ip-172-31-69-25 cron[1146]: (CRON) INFO (Running @reboot jobs)
Feb 23 08:16:28 ip-172-31-69-25 systemd[1]: Starting System Logging Service...
Feb 23 08:16:28 ip-172-31-69-25 systemd[1]: Starting MySQL Community Server...
Feb 23 08:16:28 ip-172-31-69-25 systemd[1]: Starting Snappy daemon...
Feb 23 08:16:28 ip-172-31-69-25 systemd[1]: Started Unattended Upgrades Shutdown.
Feb 23 08:16:28 ip-172-31-69-25 systemd[1]: Starting OpenBSD Secure Shell server...
Feb 23 08:16:28 ip-172-31-69-25 systemd[1]: Starting Login Service...
Feb 23 08:16:28 ip-172-31-69-25 systemd[1]: Starting Apply the settings specified in cloud-config...
Feb 23 08:16:28 ip-172-31-69-25 systemd[1]: Started ACPI event daemon.
Feb 23 08:16:28 ip-172-31-69-25 systemd[1]: Starting The PHP 7.0 FastCGI Process Manager...
Feb 23 08:16:28 ip-172-31-69-25 acpid: starting up with netlink and the input layer
Feb 23 08:16:28 ip-172-31-69-25 acpid: 1 rule loaded
Feb 23 08:16:28 ip-172-31-69-25 acpid: waiting for events: event logging is off
Feb 23 08:16:28 ip-172-31-69-25 systemd[1]: Starting LXD - container startup/shutdown...
Feb 23 08:16:28 ip-172-31-69-25 systemd[1]: Started System Logging Service.
Feb 23 08:16:28 ip-172-31-69-25 systemd[1]: Started /etc/rc.local Compatibility.
Feb 23 08:16:28 ip-172-31-69-25 systemd[1]: Started OpenBSD Secure Shell server.
Feb 23 08:16:28 ip-172-31-69-25 mdadm[1118]:  * Starting MD monitoring service mdadm --monitor
Feb 23 08:16:28 ip-172-31-69-25 iscsiadm[1197]: iscsiadm: No records found
Feb 23 08:16:28 ip-172-31-69-25 systemd[1]: Started Login to default iSCSI targets.
Feb 23 08:16:28 ip-172-31-69-25 mdadm[1118]:    ...done.
Feb 23 08:16:28 ip-172-31-69-25 systemd[1]: Started LSB: MD monitoring daemon.
Feb 23 08:16:28 ip-172-31-69-25 systemd[1]: Started LSB: Record successful boot for GRUB.
Feb 23 08:16:28 ip-172-31-69-25 kernel: [    8.495233] audit_printk_skb: 18 callbacks suppressed
Feb 23 08:16:28 ip-172-31-69-25 kernel: [    8.495236] audit: type=1400 audit(1519388188.908:17): apparmor="DENIED" operation="open" profile="/usr/sbin/mysqld" name="/proc/1189/status" pid=1189 comm="mysqld" requested_mask="r" denied_mask="r" fsuid=112 ouid=112
Feb 23 08:16:28 ip-172-31-69-25 kernel: [    8.495264] audit: type=1400 audit(1519388188.908:18): apparmor="DENIED" operation="open" profile="/usr/sbin/mysqld" name="/sys/devices/system/node/" pid=1189 comm="mysqld" requested_mask="r" denied_mask="r" fsuid=112 ouid=0
Feb 23 08:16:28 ip-172-31-69-25 kernel: [    8.495297] audit: type=1400 audit(1519388188.908:19): apparmor="DENIED" operation="open" profile="/usr/sbin/mysqld" name="/proc/1189/status" pid=1189 comm="mysqld" requested_mask="r" denied_mask="r" fsuid=112 ouid=112
Feb 23 08:16:28 ip-172-31-69-25 systemd[1]: Starting Authenticate and Authorize Users to Run Privileged Tasks...
Feb 23 08:16:28 ip-172-31-69-25 systemd[1]: Reached target Remote File Systems (Pre).
Feb 23 08:16:28 ip-172-31-69-25 systemd[1]: Reached target Remote File Systems.
Feb 23 08:16:28 ip-172-31-69-25 snapd[1158]: AppArmor status: apparmor is enabled and all features are available
Feb 23 08:16:28 ip-172-31-69-25 systemd[1]: Starting LSB: Apache2 web server...
Feb 23 08:16:29 ip-172-31-69-25 systemd[1]: Starting Permit User Sessions...
Feb 23 08:16:29 ip-172-31-69-25 systemd[1]: Starting LSB: Set the CPU Frequency Scaling governor to "ondemand"...
Feb 23 08:16:29 ip-172-31-69-25 systemd[1]: Starting LSB: automatic crash report generation...
Feb 23 08:16:29 ip-172-31-69-25 snapd[1158]: 2018/02/23 08:16:29.027593 daemon.go:306: started snapd/2.29.4.2 (series 16; classic) ubuntu/16.04 (amd64) linux/4.4.0-1052-aws.
Feb 23 08:16:29 ip-172-31-69-25 systemd[1]: Starting LSB: daemon to balance interrupts for SMP systems...
Feb 23 08:16:29 ip-172-31-69-25 systemd[1]: Started Permit User Sessions.
Feb 23 08:16:29 ip-172-31-69-25 systemd[1]: Started Snappy daemon.
Feb 23 08:16:29 ip-172-31-69-25 systemd[1]: Started Login Service.
Feb 23 08:16:29 ip-172-31-69-25 polkitd[1219]: started daemon version 0.105 using authority implementation `local' version `0.105'
Feb 23 08:16:29 ip-172-31-69-25 dbus[1123]: [system] Successfully activated service 'org.freedesktop.PolicyKit1'
Feb 23 08:16:29 ip-172-31-69-25 systemd[1]: Started Authenticate and Authorize Users to Run Privileged Tasks.
Feb 23 08:16:29 ip-172-31-69-25 accounts-daemon[1116]: started daemon version 0.6.40
Feb 23 08:16:29 ip-172-31-69-25 systemd[1]: Started Accounts Service.
Feb 23 08:16:29 ip-172-31-69-25 systemd[1]: Started LXD - container startup/shutdown.
Feb 23 08:16:29 ip-172-31-69-25 systemd[1]: Starting Hold until boot process finishes up...
Feb 23 08:16:29 ip-172-31-69-25 apache2[1225]:  * Starting Apache httpd web server apache2
Feb 23 08:16:29 ip-172-31-69-25 systemd[1]: Starting Terminate Plymouth Boot Screen...
Feb 23 08:16:29 ip-172-31-69-25 irqbalance[1241]:  * Starting SMP IRQ Balancer: irqbalance
Feb 23 08:16:29 ip-172-31-69-25 systemd[1]: Started Hold until boot process finishes up.
Feb 23 08:16:29 ip-172-31-69-25 systemd[1]: Started LSB: Set the CPU Frequency Scaling governor to "ondemand".
Feb 23 08:16:29 ip-172-31-69-25 /usr/sbin/irqbalance: Balancing is ineffective on systems with a single cpu.  Shutting down
Feb 23 08:16:29 ip-172-31-69-25 systemd[1]: Started Terminate Plymouth Boot Screen.
Feb 23 08:16:29 ip-172-31-69-25 apport[1236]:  * Starting automatic crash report generation: apport
Feb 23 08:16:29 ip-172-31-69-25 irqbalance[1241]:    ...done.
Feb 23 08:16:29 ip-172-31-69-25 systemd[1]: Started LSB: daemon to balance interrupts for SMP systems.
Feb 23 08:16:29 ip-172-31-69-25 apport[1236]:    ...done.
Feb 23 08:16:29 ip-172-31-69-25 systemd[1]: Started LSB: automatic crash report generation.
Feb 23 08:16:29 ip-172-31-69-25 systemd[1]: Starting Set console scheme...
Feb 23 08:16:29 ip-172-31-69-25 systemd[1]: Started Serial Getty on ttyS0.
Feb 23 08:16:29 ip-172-31-69-25 systemd[1]: Started Getty on tty1.
Feb 23 08:16:29 ip-172-31-69-25 systemd[1]: Reached target Login Prompts.
Feb 23 08:16:29 ip-172-31-69-25 systemd[1]: Started Set console scheme.
Feb 23 08:16:29 ip-172-31-69-25 systemd[1]: Started The PHP 7.0 FastCGI Process Manager.
Feb 23 08:16:29 ip-172-31-69-25 cloud-init[1171]: Cloud-init v. 17.1 running 'modules:config' at Fri, 23 Feb 2018 12:16:29 +0000. Up 9.25 seconds.
Feb 23 08:16:29 ip-172-31-69-25 systemd[1]: Started MySQL Community Server.
Feb 23 08:16:29 ip-172-31-69-25 systemd[1]: Started Apply the settings specified in cloud-config.
Feb 23 08:16:30 ip-172-31-69-25 apache2[1225]:  *
Feb 23 08:16:30 ip-172-31-69-25 systemd[1]: Started LSB: Apache2 web server.
Feb 23 08:16:30 ip-172-31-69-25 systemd[1]: Reached target Multi-User System.
Feb 23 08:16:30 ip-172-31-69-25 systemd[1]: Starting Execute cloud user/final scripts...
Feb 23 08:16:30 ip-172-31-69-25 systemd[1]: Reached target Graphical Interface.
Feb 23 08:16:30 ip-172-31-69-25 systemd[1]: Starting Update UTMP about System Runlevel Changes...
Feb 23 08:16:30 ip-172-31-69-25 systemd[1]: Started Update UTMP about System Runlevel Changes.
Feb 23 08:16:30 ip-172-31-69-25 cloud-init[1357]: Cloud-init v. 17.1 running 'modules:final' at Fri, 23 Feb 2018 12:16:30 +0000. Up 10.35 seconds.
Feb 23 08:16:30 ip-172-31-69-25 cloud-init[1357]: Cloud-init v. 17.1 finished at Fri, 23 Feb 2018 12:16:30 +0000. Datasource DataSourceEc2Local.  Up 10.46 seconds
Feb 23 08:16:30 ip-172-31-69-25 systemd[1]: Started Execute cloud user/final scripts.
Feb 23 08:16:30 ip-172-31-69-25 systemd[1]: Reached target Cloud-init target.
Feb 23 08:16:30 ip-172-31-69-25 systemd[1]: Startup finished in 3.550s (kernel) + 6.994s (userspace) = 10.545s.
Feb 23 08:16:56 ip-172-31-69-25 systemd-timesyncd[518]: Synchronized to time server 91.189.94.4:123 (ntp.ubuntu.com).
Feb 23 08:16:56 ip-172-31-69-25 systemd[1]: Time has been changed
Feb 23 08:17:02 ip-172-31-69-25 CRON[1378]: (root) CMD (   cd / && run-parts --report /etc/cron.hourly)
Feb 23 08:17:54 ip-172-31-69-25 systemd[1]: Created slice User Slice of ubuntu.
Feb 23 08:17:54 ip-172-31-69-25 systemd[1]: Starting User Manager for UID 1000...
Feb 23 08:17:54 ip-172-31-69-25 systemd[1]: Started Session 2 of user ubuntu.
Feb 23 08:17:54 ip-172-31-69-25 systemd[1383]: Reached target Sockets.
Feb 23 08:17:54 ip-172-31-69-25 systemd[1383]: Reached target Timers.
Feb 23 08:17:54 ip-172-31-69-25 systemd[1383]: Reached target Paths.
Feb 23 08:17:54 ip-172-31-69-25 systemd[1383]: Reached target Basic System.
Feb 23 08:17:54 ip-172-31-69-25 systemd[1383]: Reached target Default.
Feb 23 08:17:54 ip-172-31-69-25 systemd[1383]: Startup finished in 20ms.
Feb 23 08:17:54 ip-172-31-69-25 systemd[1]: Started User Manager for UID 1000.
Feb 23 08:18:27 ip-172-31-69-25 kernel: [  126.386318] Netfilter messages via NETLINK v0.30.
Feb 23 08:18:27 ip-172-31-69-25 kernel: [  126.393591] device eth0 entered promiscuous mode
Feb 23 08:31:30 ip-172-31-69-25 systemd[1]: Starting Cleanup of Temporary Directories...
Feb 23 08:31:30 ip-172-31-69-25 systemd-tmpfiles[1490]: [/usr/lib/tmpfiles.d/var.conf:14] Duplicate line for path "/var/log", ignoring.
Feb 23 08:31:30 ip-172-31-69-25 systemd[1]: Started Cleanup of Temporary Directories.
Feb 23 08:39:01 ip-172-31-69-25 CRON[1516]: (root) CMD (  [ -x /usr/lib/php/sessionclean ] && /usr/lib/php/sessionclean)
Feb 23 08:46:13 ip-172-31-69-25 dhclient[935]: DHCPREQUEST of 172.31.69.25 on eth0 to 172.31.69.1 port 67 (xid=0x698d2912)
Feb 23 08:46:13 ip-172-31-69-25 dhclient[935]: DHCPACK of 172.31.69.25 from 172.31.69.1
Feb 23 08:46:13 ip-172-31-69-25 dhclient[935]: bound to 172.31.69.25 -- renewal in 1405 seconds.
Feb 23 09:09:01 ip-172-31-69-25 CRON[1614]: (root) CMD (  [ -x /usr/lib/php/sessionclean ] && /usr/lib/php/sessionclean)
Feb 23 09:09:38 ip-172-31-69-25 dhclient[935]: DHCPREQUEST of 172.31.69.25 on eth0 to 172.31.69.1 port 67 (xid=0x698d2912)
Feb 23 09:09:38 ip-172-31-69-25 dhclient[935]: DHCPACK of 172.31.69.25 from 172.31.69.1
Feb 23 09:09:38 ip-172-31-69-25 dhclient[935]: bound to 172.31.69.25 -- renewal in 1376 seconds.
Feb 23 09:17:01 ip-172-31-69-25 CRON[1711]: (root) CMD (   cd / && run-parts --report /etc/cron.hourly)
Feb 23 09:32:34 ip-172-31-69-25 dhclient[935]: DHCPREQUEST of 172.31.69.25 on eth0 to 172.31.69.1 port 67 (xid=0x698d2912)
Feb 23 09:32:34 ip-172-31-69-25 dhclient[935]: DHCPACK of 172.31.69.25 from 172.31.69.1
Feb 23 09:32:34 ip-172-31-69-25 dhclient[935]: bound to 172.31.69.25 -- renewal in 1375 seconds.
Feb 23 09:39:01 ip-172-31-69-25 CRON[1728]: (root) CMD (  [ -x /usr/lib/php/sessionclean ] && /usr/lib/php/sessionclean)
Feb 23 09:55:29 ip-172-31-69-25 dhclient[935]: DHCPREQUEST of 172.31.69.25 on eth0 to 172.31.69.1 port 67 (xid=0x698d2912)
Feb 23 09:55:29 ip-172-31-69-25 dhclient[935]: DHCPACK of 172.31.69.25 from 172.31.69.1
Feb 23 09:55:29 ip-172-31-69-25 dhclient[935]: bound to 172.31.69.25 -- renewal in 1445 seconds.
Feb 23 10:09:01 ip-172-31-69-25 CRON[1825]: (root) CMD (  [ -x /usr/lib/php/sessionclean ] && /usr/lib/php/sessionclean)
Feb 23 10:17:01 ip-172-31-69-25 CRON[1910]: (root) CMD (   cd / && run-parts --report /etc/cron.hourly)
Feb 23 10:19:34 ip-172-31-69-25 dhclient[935]: DHCPREQUEST of 172.31.69.25 on eth0 to 172.31.69.1 port 67 (xid=0x698d2912)
Feb 23 10:19:34 ip-172-31-69-25 dhclient[935]: DHCPACK of 172.31.69.25 from 172.31.69.1
Feb 23 10:19:34 ip-172-31-69-25 dhclient[935]: bound to 172.31.69.25 -- renewal in 1712 seconds.
Feb 23 10:39:01 ip-172-31-69-25 CRON[1939]: (root) CMD (  [ -x /usr/lib/php/sessionclean ] && /usr/lib/php/sessionclean)
Feb 23 10:48:06 ip-172-31-69-25 dhclient[935]: DHCPREQUEST of 172.31.69.25 on eth0 to 172.31.69.1 port 67 (xid=0x698d2912)
Feb 23 10:48:06 ip-172-31-69-25 dhclient[935]: DHCPACK of 172.31.69.25 from 172.31.69.1
Feb 23 10:48:06 ip-172-31-69-25 dhclient[935]: bound to 172.31.69.25 -- renewal in 1660 seconds.
Feb 23 11:09:01 ip-172-31-69-25 CRON[2036]: (root) CMD (  [ -x /usr/lib/php/sessionclean ] && /usr/lib/php/sessionclean)
Feb 23 11:15:46 ip-172-31-69-25 dhclient[935]: DHCPREQUEST of 172.31.69.25 on eth0 to 172.31.69.1 port 67 (xid=0x698d2912)
Feb 23 11:15:46 ip-172-31-69-25 dhclient[935]: DHCPACK of 172.31.69.25 from 172.31.69.1
Feb 23 11:15:46 ip-172-31-69-25 dhclient[935]: bound to 172.31.69.25 -- renewal in 1388 seconds.
Feb 23 11:17:01 ip-172-31-69-25 CRON[2133]: (root) CMD (   cd / && run-parts --report /etc/cron.hourly)
Feb 23 11:38:55 ip-172-31-69-25 dhclient[935]: DHCPREQUEST of 172.31.69.25 on eth0 to 172.31.69.1 port 67 (xid=0x698d2912)
Feb 23 11:38:55 ip-172-31-69-25 dhclient[935]: DHCPACK of 172.31.69.25 from 172.31.69.1
Feb 23 11:38:55 ip-172-31-69-25 dhclient[935]: bound to 172.31.69.25 -- renewal in 1654 seconds.
Feb 23 11:39:01 ip-172-31-69-25 CRON[2160]: (root) CMD (  [ -x /usr/lib/php/sessionclean ] && /usr/lib/php/sessionclean)
Feb 23 12:06:29 ip-172-31-69-25 dhclient[935]: DHCPREQUEST of 172.31.69.25 on eth0 to 172.31.69.1 port 67 (xid=0x698d2912)
Feb 23 12:06:29 ip-172-31-69-25 dhclient[935]: DHCPACK of 172.31.69.25 from 172.31.69.1
Feb 23 12:06:29 ip-172-31-69-25 dhclient[935]: bound to 172.31.69.25 -- renewal in 1546 seconds.
Feb 23 12:09:01 ip-172-31-69-25 CRON[2280]: (root) CMD (  [ -x /usr/lib/php/sessionclean ] && /usr/lib/php/sessionclean)
Feb 23 12:17:01 ip-172-31-69-25 CRON[2370]: (root) CMD (   cd / && run-parts --report /etc/cron.hourly)
Feb 23 12:32:15 ip-172-31-69-25 dhclient[935]: DHCPREQUEST of 172.31.69.25 on eth0 to 172.31.69.1 port 67 (xid=0x698d2912)
Feb 23 12:32:15 ip-172-31-69-25 dhclient[935]: DHCPACK of 172.31.69.25 from 172.31.69.1
Feb 23 12:32:15 ip-172-31-69-25 dhclient[935]: bound to 172.31.69.25 -- renewal in 1574 seconds.
Feb 23 12:39:01 ip-172-31-69-25 CRON[2427]: (root) CMD (  [ -x /usr/lib/php/sessionclean ] && /usr/lib/php/sessionclean)
Feb 23 12:58:29 ip-172-31-69-25 dhclient[935]: DHCPREQUEST of 172.31.69.25 on eth0 to 172.31.69.1 port 67 (xid=0x698d2912)
Feb 23 12:58:29 ip-172-31-69-25 dhclient[935]: DHCPACK of 172.31.69.25 from 172.31.69.1
Feb 23 12:58:29 ip-172-31-69-25 dhclient[935]: bound to 172.31.69.25 -- renewal in 1447 seconds.
Feb 23 13:09:01 ip-172-31-69-25 CRON[2534]: (root) CMD (  [ -x /usr/lib/php/sessionclean ] && /usr/lib/php/sessionclean)
Feb 23 13:17:01 ip-172-31-69-25 CRON[2619]: (root) CMD (   cd / && run-parts --report /etc/cron.hourly)
Feb 23 13:22:37 ip-172-31-69-25 dhclient[935]: DHCPREQUEST of 172.31.69.25 on eth0 to 172.31.69.1 port 67 (xid=0x698d2912)
Feb 23 13:22:37 ip-172-31-69-25 dhclient[935]: DHCPACK of 172.31.69.25 from 172.31.69.1
Feb 23 13:22:37 ip-172-31-69-25 dhclient[935]: bound to 172.31.69.25 -- renewal in 1399 seconds.
Feb 23 13:39:01 ip-172-31-69-25 CRON[2636]: (root) CMD (  [ -x /usr/lib/php/sessionclean ] && /usr/lib/php/sessionclean)
Feb 23 13:40:32 ip-172-31-69-25 systemd[1]: Starting Daily apt download activities...
Feb 23 13:40:38 ip-172-31-69-25 systemd[1]: Started Daily apt download activities.
Feb 23 13:45:56 ip-172-31-69-25 dhclient[935]: DHCPREQUEST of 172.31.69.25 on eth0 to 172.31.69.1 port 67 (xid=0x698d2912)
Feb 23 13:45:56 ip-172-31-69-25 dhclient[935]: DHCPACK of 172.31.69.25 from 172.31.69.1
Feb 23 13:45:56 ip-172-31-69-25 dhclient[935]: bound to 172.31.69.25 -- renewal in 1788 seconds.
Feb 23 14:09:01 ip-172-31-69-25 CRON[3089]: (root) CMD (  [ -x /usr/lib/php/sessionclean ] && /usr/lib/php/sessionclean)
Feb 23 14:15:44 ip-172-31-69-25 dhclient[935]: DHCPREQUEST of 172.31.69.25 on eth0 to 172.31.69.1 port 67 (xid=0x698d2912)
Feb 23 14:15:44 ip-172-31-69-25 dhclient[935]: DHCPACK of 172.31.69.25 from 172.31.69.1
Feb 23 14:15:44 ip-172-31-69-25 dhclient[935]: bound to 172.31.69.25 -- renewal in 1599 seconds.
Feb 23 14:17:01 ip-172-31-69-25 CRON[3186]: (root) CMD (   cd / && run-parts --report /etc/cron.hourly)
Feb 23 14:39:01 ip-172-31-69-25 CRON[3189]: (root) CMD (  [ -x /usr/lib/php/sessionclean ] && /usr/lib/php/sessionclean)
Feb 23 14:42:23 ip-172-31-69-25 dhclient[935]: DHCPREQUEST of 172.31.69.25 on eth0 to 172.31.69.1 port 67 (xid=0x698d2912)
Feb 23 14:42:23 ip-172-31-69-25 dhclient[935]: DHCPACK of 172.31.69.25 from 172.31.69.1
Feb 23 14:42:23 ip-172-31-69-25 dhclient[935]: bound to 172.31.69.25 -- renewal in 1355 seconds.
Feb 23 15:04:58 ip-172-31-69-25 dhclient[935]: DHCPREQUEST of 172.31.69.25 on eth0 to 172.31.69.1 port 67 (xid=0x698d2912)
Feb 23 15:04:58 ip-172-31-69-25 dhclient[935]: DHCPACK of 172.31.69.25 from 172.31.69.1
Feb 23 15:04:58 ip-172-31-69-25 dhclient[935]: bound to 172.31.69.25 -- renewal in 1477 seconds.
Feb 23 15:09:01 ip-172-31-69-25 CRON[3302]: (root) CMD (  [ -x /usr/lib/php/sessionclean ] && /usr/lib/php/sessionclean)
Feb 23 15:17:01 ip-172-31-69-25 CRON[3391]: (root) CMD (   cd / && run-parts --report /etc/cron.hourly)
Feb 23 15:29:35 ip-172-31-69-25 dhclient[935]: DHCPREQUEST of 172.31.69.25 on eth0 to 172.31.69.1 port 67 (xid=0x698d2912)
Feb 23 15:29:35 ip-172-31-69-25 dhclient[935]: DHCPACK of 172.31.69.25 from 172.31.69.1
Feb 23 15:29:35 ip-172-31-69-25 dhclient[935]: bound to 172.31.69.25 -- renewal in 1679 seconds.
Feb 23 15:39:01 ip-172-31-69-25 CRON[3432]: (root) CMD (  [ -x /usr/lib/php/sessionclean ] && /usr/lib/php/sessionclean)
Feb 23 15:57:34 ip-172-31-69-25 dhclient[935]: DHCPREQUEST of 172.31.69.25 on eth0 to 172.31.69.1 port 67 (xid=0x698d2912)
Feb 23 15:57:34 ip-172-31-69-25 dhclient[935]: DHCPACK of 172.31.69.25 from 172.31.69.1
Feb 23 15:57:34 ip-172-31-69-25 dhclient[935]: bound to 172.31.69.25 -- renewal in 1497 seconds.
Feb 23 16:09:01 ip-172-31-69-25 CRON[3542]: (root) CMD (  [ -x /usr/lib/php/sessionclean ] && /usr/lib/php/sessionclean)
Feb 23 16:17:01 ip-172-31-69-25 CRON[3627]: (root) CMD (   cd / && run-parts --report /etc/cron.hourly)
Feb 23 16:22:31 ip-172-31-69-25 dhclient[935]: DHCPREQUEST of 172.31.69.25 on eth0 to 172.31.69.1 port 67 (xid=0x698d2912)
Feb 23 16:22:31 ip-172-31-69-25 dhclient[935]: DHCPACK of 172.31.69.25 from 172.31.69.1
Feb 23 16:22:31 ip-172-31-69-25 dhclient[935]: bound to 172.31.69.25 -- renewal in 1646 seconds.
Feb 23 16:39:01 ip-172-31-69-25 CRON[3645]: (root) CMD (  [ -x /usr/lib/php/sessionclean ] && /usr/lib/php/sessionclean)
Feb 23 16:49:57 ip-172-31-69-25 dhclient[935]: DHCPREQUEST of 172.31.69.25 on eth0 to 172.31.69.1 port 67 (xid=0x698d2912)
Feb 23 16:49:57 ip-172-31-69-25 dhclient[935]: DHCPACK of 172.31.69.25 from 172.31.69.1
Feb 23 16:49:57 ip-172-31-69-25 dhclient[935]: bound to 172.31.69.25 -- renewal in 1801 seconds.
Feb 23 17:09:01 ip-172-31-69-25 CRON[3746]: (root) CMD (  [ -x /usr/lib/php/sessionclean ] && /usr/lib/php/sessionclean)
Feb 23 17:17:01 ip-172-31-69-25 CRON[3845]: (root) CMD (   cd / && run-parts --report /etc/cron.hourly)
Feb 23 17:19:58 ip-172-31-69-25 dhclient[935]: DHCPREQUEST of 172.31.69.25 on eth0 to 172.31.69.1 port 67 (xid=0x698d2912)
Feb 23 17:19:58 ip-172-31-69-25 dhclient[935]: DHCPACK of 172.31.69.25 from 172.31.69.1
Feb 23 17:19:58 ip-172-31-69-25 dhclient[935]: bound to 172.31.69.25 -- renewal in 1383 seconds.
