Feb 22 06:27:31 ip-172-31-69-7 systemd[1]: Starting Daily apt upgrade and clean activities...
Feb 22 06:27:34 ip-172-31-69-7 systemd[1]: Started Daily apt upgrade and clean activities.
Feb 22 06:37:38 ip-172-31-69-7 dhclient[970]: DHCPREQUEST of 172.31.69.7 on eth0 to 172.31.69.1 port 67 (xid=0x8b285b)
Feb 22 06:37:38 ip-172-31-69-7 dhclient[970]: DHCPACK of 172.31.69.7 from 172.31.69.1
Feb 22 06:37:38 ip-172-31-69-7 dhclient[970]: bound to 172.31.69.7 -- renewal in 1555 seconds.
Feb 22 07:03:33 ip-172-31-69-7 dhclient[970]: DHCPREQUEST of 172.31.69.7 on eth0 to 172.31.69.1 port 67 (xid=0x8b285b)
Feb 22 07:03:33 ip-172-31-69-7 dhclient[970]: DHCPACK of 172.31.69.7 from 172.31.69.1
Feb 22 07:03:33 ip-172-31-69-7 dhclient[970]: bound to 172.31.69.7 -- renewal in 1566 seconds.
Feb 22 07:17:01 ip-172-31-69-7 CRON[2898]: (root) CMD (   cd / && run-parts --report /etc/cron.hourly)
Feb 22 07:29:39 ip-172-31-69-7 dhclient[970]: DHCPREQUEST of 172.31.69.7 on eth0 to 172.31.69.1 port 67 (xid=0x8b285b)
Feb 22 07:29:39 ip-172-31-69-7 dhclient[970]: DHCPACK of 172.31.69.7 from 172.31.69.1
Feb 22 07:29:39 ip-172-31-69-7 dhclient[970]: bound to 172.31.69.7 -- renewal in 1761 seconds.
Feb 22 07:59:00 ip-172-31-69-7 dhclient[970]: DHCPREQUEST of 172.31.69.7 on eth0 to 172.31.69.1 port 67 (xid=0x8b285b)
Feb 22 07:59:00 ip-172-31-69-7 dhclient[970]: DHCPACK of 172.31.69.7 from 172.31.69.1
Feb 22 07:59:00 ip-172-31-69-7 dhclient[970]: bound to 172.31.69.7 -- renewal in 1717 seconds.
Feb 22 08:17:01 ip-172-31-69-7 CRON[2931]: (root) CMD (   cd / && run-parts --report /etc/cron.hourly)
Feb 22 08:22:17 ip-172-31-69-7 systemd[1]: Received SIGINT.
Feb 22 08:22:17 ip-172-31-69-7 systemd[1]: Stopped target Graphical Interface.
Feb 22 08:22:18 ip-172-31-69-7 systemd[1]: Stopping Accounts Service...
Feb 22 08:22:18 ip-172-31-69-7 systemd[1]: Stopping User Manager for UID 1000...
Feb 22 08:22:18 ip-172-31-69-7 systemd[1]: Stopped target Cloud-init target.
Feb 22 08:22:18 ip-172-31-69-7 systemd[1287]: Stopped target Default.
Feb 22 08:22:18 ip-172-31-69-7 systemd[1287]: Stopped target Basic System.
Feb 22 08:22:18 ip-172-31-69-7 systemd[1287]: Stopped target Sockets.
Feb 22 08:22:18 ip-172-31-69-7 systemd[1287]: Stopped target Paths.
Feb 22 08:22:18 ip-172-31-69-7 systemd[1287]: Stopped target Timers.
Feb 22 08:22:18 ip-172-31-69-7 systemd[1287]: Reached target Shutdown.
Feb 22 08:22:18 ip-172-31-69-7 systemd[1287]: Starting Exit the Session...
Feb 22 08:22:18 ip-172-31-69-7 systemd[1]: Stopping Session 1 of user ubuntu.
Feb 22 08:22:18 ip-172-31-69-7 kernel: [85975.233941] device eth0 left promiscuous mode
Feb 22 08:22:18 ip-172-31-69-7 systemd[1287]: Received SIGRTMIN+24 from PID 2935 (kill).
Feb 22 08:22:18 ip-172-31-69-7 systemd[1]: Stopping Authenticate and Authorize Users to Run Privileged Tasks...
Feb 22 08:22:18 ip-172-31-69-7 systemd[1]: Stopped target Timers.
Feb 22 08:22:18 ip-172-31-69-7 systemd[1]: Stopped Timer to automatically refresh installed snaps.
Feb 22 08:22:18 ip-172-31-69-7 systemd[1]: Stopped Daily apt upgrade and clean activities.
Feb 22 08:22:18 ip-172-31-69-7 systemd[1]: Stopped Daily Cleanup of Temporary Directories.
Feb 22 08:22:18 ip-172-31-69-7 systemd[1]: Stopping ACPI event daemon...
Feb 22 08:22:18 ip-172-31-69-7 systemd[1]: Stopped Daily apt download activities.
Feb 22 08:22:18 ip-172-31-69-7 systemd[1]: Closed Load/Save RF Kill Switch Status /dev/rfkill Watch.
Feb 22 08:22:18 ip-172-31-69-7 systemd[1]: Stopped target System Time Synchronized.
Feb 22 08:22:18 ip-172-31-69-7 systemd[1]: Stopped Execute cloud user/final scripts.
Feb 22 08:22:18 ip-172-31-69-7 systemd[1]: Stopped Apply the settings specified in cloud-config.
Feb 22 08:22:18 ip-172-31-69-7 systemd[1]: Stopped target Cloud-config availability.
Feb 22 08:22:18 ip-172-31-69-7 systemd[1]: Stopped target Multi-User System.
Feb 22 08:22:18 ip-172-31-69-7 systemd[1]: Stopped target Login Prompts.
Feb 22 08:22:18 ip-172-31-69-7 systemd[1]: Stopping Getty on tty1...
Feb 22 08:22:18 ip-172-31-69-7 systemd[1]: Stopping Serial Getty on ttyS0...
Feb 22 08:22:18 ip-172-31-69-7 systemd[1]: Stopped Initialize hardware monitoring sensors.
Feb 22 08:22:18 ip-172-31-69-7 systemd[1]: Stopping LSB: Record successful boot for GRUB...
Feb 22 08:22:18 ip-172-31-69-7 systemd[1]: Stopping Snappy daemon...
Feb 22 08:22:18 ip-172-31-69-7 snapd[1099]: 2018/02/22 08:22:18.120872 main.go:78: Exiting on terminated signal.
Feb 22 08:22:18 ip-172-31-69-7 systemd[1]: Stopping Regular background program processing daemon...
Feb 22 08:22:18 ip-172-31-69-7 systemd[1]: Stopping D-Bus System Message Bus...
Feb 22 08:22:18 ip-172-31-69-7 systemd[1]: Stopping LXD - container startup/shutdown...
Feb 22 08:22:18 ip-172-31-69-7 systemd[1]: Stopping Deferred execution scheduler...
Feb 22 08:22:18 ip-172-31-69-7 systemd[1]: Stopping LSB: automatic crash report generation...
Feb 22 08:22:18 ip-172-31-69-7 systemd[1]: Stopping Unattended Upgrades Shutdown...
Feb 22 08:22:18 ip-172-31-69-7 systemd[1]: Stopping LSB: disk temperature monitoring daemon...
Feb 22 08:22:18 ip-172-31-69-7 rsyslogd: [origin software="rsyslogd" swVersion="8.16.0" x-pid="1128" x-info="http://www.rsyslog.com"] exiting on signal 15.
Feb 22 08:22:51 ip-172-31-69-7 rsyslogd: [origin software="rsyslogd" swVersion="8.16.0" x-pid="1121" x-info="http://www.rsyslog.com"] start
Feb 22 08:22:51 ip-172-31-69-7 rsyslogd-2222: command 'KLogPermitNonKernelFacility' is currently not permitted - did you already set it via a RainerScript command (v6+ config)? [v8.16.0 try http://www.rsyslog.com/e/2222 ]
Feb 22 08:22:51 ip-172-31-69-7 rsyslogd: rsyslogd's groupid changed to 108
Feb 22 08:22:51 ip-172-31-69-7 rsyslogd: rsyslogd's userid changed to 104
Feb 22 08:22:51 ip-172-31-69-7 rsyslogd-2039: Could not open output pipe '/dev/xconsole':: No such file or directory [v8.16.0 try http://www.rsyslog.com/e/2039 ]
Feb 22 08:22:51 ip-172-31-69-7 rsyslogd-2007: action 'action 11' suspended, next retry is Thu Feb 22 08:23:21 2018 [v8.16.0 try http://www.rsyslog.com/e/2007 ]
Feb 22 08:22:51 ip-172-31-69-7 kernel: [    0.000000] Initializing cgroup subsys cpuset
Feb 22 08:22:51 ip-172-31-69-7 kernel: [    0.000000] Initializing cgroup subsys cpu
Feb 22 08:22:51 ip-172-31-69-7 kernel: [    0.000000] Initializing cgroup subsys cpuacct
Feb 22 08:22:51 ip-172-31-69-7 kernel: [    0.000000] Linux version 4.4.0-1049-aws (buildd@lcy01-amd64-001) (gcc version 5.4.0 20160609 (Ubuntu 5.4.0-6ubuntu1~16.04.5) ) #58-Ubuntu SMP Fri Jan 12 23:17:09 UTC 2018 (Ubuntu 4.4.0-1049.58-aws 4.4.98)
Feb 22 08:22:51 ip-172-31-69-7 kernel: [    0.000000] Command line: BOOT_IMAGE=/boot/vmlinuz-4.4.0-1049-aws root=UUID=ccee1a8d-0785-4b3a-a578-812d59f5d3e1 ro console=tty1 console=ttyS0 nvme.io_timeout=4294967295
Feb 22 08:22:51 ip-172-31-69-7 kernel: [    0.000000] KERNEL supported cpus:
Feb 22 08:22:51 ip-172-31-69-7 kernel: [    0.000000]   Intel GenuineIntel
Feb 22 08:22:51 ip-172-31-69-7 kernel: [    0.000000]   AMD AuthenticAMD
Feb 22 08:22:51 ip-172-31-69-7 kernel: [    0.000000]   Centaur CentaurHauls
Feb 22 08:22:51 ip-172-31-69-7 kernel: [    0.000000] x86/fpu: xstate_offset[2]:  576, xstate_sizes[2]:  256
Feb 22 08:22:51 ip-172-31-69-7 kernel: [    0.000000] x86/fpu: Supporting XSAVE feature 0x01: 'x87 floating point registers'
Feb 22 08:22:51 ip-172-31-69-7 kernel: [    0.000000] x86/fpu: Supporting XSAVE feature 0x02: 'SSE registers'
Feb 22 08:22:51 ip-172-31-69-7 kernel: [    0.000000] x86/fpu: Supporting XSAVE feature 0x04: 'AVX registers'
Feb 22 08:22:51 ip-172-31-69-7 kernel: [    0.000000] x86/fpu: Enabled xstate features 0x7, context size is 832 bytes, using 'standard' format.
Feb 22 08:22:51 ip-172-31-69-7 kernel: [    0.000000] x86/fpu: Using 'eager' FPU context switches.
Feb 22 08:22:51 ip-172-31-69-7 kernel: [    0.000000] e820: BIOS-provided physical RAM map:
Feb 22 08:22:51 ip-172-31-69-7 kernel: [    0.000000] BIOS-e820: [mem 0x0000000000000000-0x000000000009dfff] usable
Feb 22 08:22:51 ip-172-31-69-7 kernel: [    0.000000] BIOS-e820: [mem 0x000000000009e000-0x000000000009ffff] reserved
Feb 22 08:22:51 ip-172-31-69-7 kernel: [    0.000000] BIOS-e820: [mem 0x00000000000e0000-0x00000000000fffff] reserved
Feb 22 08:22:51 ip-172-31-69-7 kernel: [    0.000000] BIOS-e820: [mem 0x0000000000100000-0x000000003fffffff] usable
Feb 22 08:22:51 ip-172-31-69-7 kernel: [    0.000000] BIOS-e820: [mem 0x00000000fc000000-0x00000000ffffffff] reserved
Feb 22 08:22:51 ip-172-31-69-7 kernel: [    0.000000] NX (Execute Disable) protection: active
Feb 22 08:22:51 ip-172-31-69-7 kernel: [    0.000000] SMBIOS 2.7 present.
Feb 22 08:22:51 ip-172-31-69-7 kernel: [    0.000000] DMI: Xen HVM domU, BIOS 4.2.amazon 08/24/2006
Feb 22 08:22:51 ip-172-31-69-7 kernel: [    0.000000] Hypervisor detected: Xen
Feb 22 08:22:51 ip-172-31-69-7 kernel: [    0.000000] Xen version 4.2.
Feb 22 08:22:51 ip-172-31-69-7 kernel: [    0.000000] Xen Platform PCI: I/O protocol version 1
Feb 22 08:22:51 ip-172-31-69-7 kernel: [    0.000000] Netfront and the Xen platform PCI driver have been compiled for this kernel: unplug emulated NICs.
Feb 22 08:22:51 ip-172-31-69-7 kernel: [    0.000000] Blkfront and the Xen platform PCI driver have been compiled for this kernel: unplug emulated disks.
Feb 22 08:22:51 ip-172-31-69-7 kernel: [    0.000000] You might have to change the root device
Feb 22 08:22:51 ip-172-31-69-7 kernel: [    0.000000] from /dev/hd[a-d] to /dev/xvd[a-d]
Feb 22 08:22:51 ip-172-31-69-7 kernel: [    0.000000] in your root= kernel command line option
Feb 22 08:22:51 ip-172-31-69-7 kernel: [    0.000000] HVMOP_pagetable_dying not supported
Feb 22 08:22:51 ip-172-31-69-7 kernel: [    0.000000] e820: update [mem 0x00000000-0x00000fff] usable ==> reserved
Feb 22 08:22:51 ip-172-31-69-7 kernel: [    0.000000] e820: remove [mem 0x000a0000-0x000fffff] usable
Feb 22 08:22:51 ip-172-31-69-7 kernel: [    0.000000] e820: last_pfn = 0x40000 max_arch_pfn = 0x400000000
Feb 22 08:22:51 ip-172-31-69-7 kernel: [    0.000000] MTRR default type: write-back
Feb 22 08:22:51 ip-172-31-69-7 kernel: [    0.000000] MTRR fixed ranges enabled:
Feb 22 08:22:51 ip-172-31-69-7 kernel: [    0.000000]   00000-9FFFF write-back
Feb 22 08:22:51 ip-172-31-69-7 kernel: [    0.000000]   A0000-BFFFF write-combining
Feb 22 08:22:51 ip-172-31-69-7 kernel: [    0.000000]   C0000-FFFFF write-back
Feb 22 08:22:51 ip-172-31-69-7 kernel: [    0.000000] MTRR variable ranges enabled:
Feb 22 08:22:51 ip-172-31-69-7 kernel: [    0.000000]   0 base 0000F0000000 mask 3FFFF8000000 uncachable
Feb 22 08:22:51 ip-172-31-69-7 kernel: [    0.000000]   1 base 0000F8000000 mask 3FFFFC000000 uncachable
Feb 22 08:22:51 ip-172-31-69-7 kernel: [    0.000000]   2 disabled
Feb 22 08:22:51 ip-172-31-69-7 kernel: [    0.000000]   3 disabled
Feb 22 08:22:51 ip-172-31-69-7 kernel: [    0.000000]   4 disabled
Feb 22 08:22:51 ip-172-31-69-7 kernel: [    0.000000]   5 disabled
Feb 22 08:22:51 ip-172-31-69-7 kernel: [    0.000000]   6 disabled
Feb 22 08:22:51 ip-172-31-69-7 kernel: [    0.000000]   7 disabled
Feb 22 08:22:51 ip-172-31-69-7 kernel: [    0.000000] x86/PAT: Configuration [0-7]: WB  WC  UC- UC  WB  WC  UC- WT  
Feb 22 08:22:51 ip-172-31-69-7 kernel: [    0.000000] found SMP MP-table at [mem 0x000fbc20-0x000fbc2f] mapped at [ffff8800000fbc20]
Feb 22 08:22:51 ip-172-31-69-7 kernel: [    0.000000] Scanning 1 areas for low memory corruption
Feb 22 08:22:51 ip-172-31-69-7 kernel: [    0.000000] Base memory trampoline at [ffff880000098000] 98000 size 24576
Feb 22 08:22:51 ip-172-31-69-7 kernel: [    0.000000] BRK [0x02201000, 0x02201fff] PGTABLE
Feb 22 08:22:51 ip-172-31-69-7 kernel: [    0.000000] BRK [0x02202000, 0x02202fff] PGTABLE
Feb 22 08:22:51 ip-172-31-69-7 kernel: [    0.000000] BRK [0x02203000, 0x02203fff] PGTABLE
Feb 22 08:22:51 ip-172-31-69-7 kernel: [    0.000000] RAMDISK: [mem 0x367e6000-0x373eafff]
Feb 22 08:22:51 ip-172-31-69-7 kernel: [    0.000000] ACPI: Early table checksum verification disabled
Feb 22 08:22:51 ip-172-31-69-7 kernel: [    0.000000] ACPI: RSDP 0x00000000000EA020 000024 (v02 Xen   )
Feb 22 08:22:51 ip-172-31-69-7 kernel: [    0.000000] ACPI: XSDT 0x00000000FC00DDC0 000054 (v01 Xen    HVM      00000000 HVML 00000000)
Feb 22 08:22:51 ip-172-31-69-7 kernel: [    0.000000] ACPI: FACP 0x00000000FC00DA80 0000F4 (v04 Xen    HVM      00000000 HVML 00000000)
Feb 22 08:22:51 ip-172-31-69-7 kernel: [    0.000000] ACPI: DSDT 0x00000000FC001CE0 00BD19 (v02 Xen    HVM      00000000 INTL 20090123)
Feb 22 08:22:51 ip-172-31-69-7 kernel: [    0.000000] ACPI: FACS 0x00000000FC001CA0 000040
Feb 22 08:22:51 ip-172-31-69-7 kernel: [    0.000000] ACPI: FACS 0x00000000FC001CA0 000040
Feb 22 08:22:51 ip-172-31-69-7 kernel: [    0.000000] ACPI: APIC 0x00000000FC00DB80 0000D8 (v02 Xen    HVM      00000000 HVML 00000000)
Feb 22 08:22:51 ip-172-31-69-7 kernel: [    0.000000] ACPI: HPET 0x00000000FC00DCD0 000038 (v01 Xen    HVM      00000000 HVML 00000000)
Feb 22 08:22:51 ip-172-31-69-7 kernel: [    0.000000] ACPI: WAET 0x00000000FC00DD10 000028 (v01 Xen    HVM      00000000 HVML 00000000)
Feb 22 08:22:51 ip-172-31-69-7 kernel: [    0.000000] ACPI: SSDT 0x00000000FC00DD40 000031 (v02 Xen    HVM      00000000 INTL 20090123)
Feb 22 08:22:51 ip-172-31-69-7 kernel: [    0.000000] ACPI: SSDT 0x00000000FC00DD80 000031 (v02 Xen    HVM      00000000 INTL 20090123)
Feb 22 08:22:51 ip-172-31-69-7 kernel: [    0.000000] ACPI: Local APIC address 0xfee00000
Feb 22 08:22:51 ip-172-31-69-7 kernel: [    0.000000] No NUMA configuration found
Feb 22 08:22:51 ip-172-31-69-7 kernel: [    0.000000] Faking a node at [mem 0x0000000000000000-0x000000003fffffff]
Feb 22 08:22:51 ip-172-31-69-7 kernel: [    0.000000] NODE_DATA(0) allocated [mem 0x3fffb000-0x3fffffff]
Feb 22 08:22:51 ip-172-31-69-7 kernel: [    0.000000] Zone ranges:
Feb 22 08:22:51 ip-172-31-69-7 kernel: [    0.000000]   DMA      [mem 0x0000000000001000-0x0000000000ffffff]
Feb 22 08:22:51 ip-172-31-69-7 kernel: [    0.000000]   DMA32    [mem 0x0000000001000000-0x000000003fffffff]
Feb 22 08:22:51 ip-172-31-69-7 kernel: [    0.000000]   Normal   empty
Feb 22 08:22:51 ip-172-31-69-7 kernel: [    0.000000]   Device   empty
Feb 22 08:22:51 ip-172-31-69-7 kernel: [    0.000000] Movable zone start for each node
Feb 22 08:22:51 ip-172-31-69-7 kernel: [    0.000000] Early memory node ranges
Feb 22 08:22:51 ip-172-31-69-7 kernel: [    0.000000]   node   0: [mem 0x0000000000001000-0x000000000009dfff]
Feb 22 08:22:51 ip-172-31-69-7 kernel: [    0.000000]   node   0: [mem 0x0000000000100000-0x000000003fffffff]
Feb 22 08:22:51 ip-172-31-69-7 kernel: [    0.000000] Initmem setup node 0 [mem 0x0000000000001000-0x000000003fffffff]
Feb 22 08:22:51 ip-172-31-69-7 kernel: [    0.000000] On node 0 totalpages: 262045
Feb 22 08:22:51 ip-172-31-69-7 kernel: [    0.000000]   DMA zone: 64 pages used for memmap
Feb 22 08:22:51 ip-172-31-69-7 kernel: [    0.000000]   DMA zone: 21 pages reserved
Feb 22 08:22:51 ip-172-31-69-7 kernel: [    0.000000]   DMA zone: 3997 pages, LIFO batch:0
Feb 22 08:22:51 ip-172-31-69-7 kernel: [    0.000000]   DMA32 zone: 4032 pages used for memmap
Feb 22 08:22:51 ip-172-31-69-7 kernel: [    0.000000]   DMA32 zone: 258048 pages, LIFO batch:31
Feb 22 08:22:51 ip-172-31-69-7 kernel: [    0.000000] ACPI: PM-Timer IO Port: 0xb008
Feb 22 08:22:51 ip-172-31-69-7 kernel: [    0.000000] ACPI: Local APIC address 0xfee00000
Feb 22 08:22:51 ip-172-31-69-7 kernel: [    0.000000] IOAPIC[0]: apic_id 1, version 17, address 0xfec00000, GSI 0-47
Feb 22 08:22:51 ip-172-31-69-7 kernel: [    0.000000] ACPI: INT_SRC_OVR (bus 0 bus_irq 0 global_irq 2 dfl dfl)
Feb 22 08:22:51 ip-172-31-69-7 kernel: [    0.000000] ACPI: INT_SRC_OVR (bus 0 bus_irq 5 global_irq 5 low level)
Feb 22 08:22:51 ip-172-31-69-7 kernel: [    0.000000] ACPI: INT_SRC_OVR (bus 0 bus_irq 10 global_irq 10 low level)
Feb 22 08:22:51 ip-172-31-69-7 kernel: [    0.000000] ACPI: INT_SRC_OVR (bus 0 bus_irq 11 global_irq 11 low level)
Feb 22 08:22:51 ip-172-31-69-7 kernel: [    0.000000] ACPI: IRQ0 used by override.
Feb 22 08:22:51 ip-172-31-69-7 kernel: [    0.000000] ACPI: IRQ5 used by override.
Feb 22 08:22:51 ip-172-31-69-7 kernel: [    0.000000] ACPI: IRQ9 used by override.
Feb 22 08:22:51 ip-172-31-69-7 kernel: [    0.000000] ACPI: IRQ10 used by override.
Feb 22 08:22:51 ip-172-31-69-7 kernel: [    0.000000] ACPI: IRQ11 used by override.
Feb 22 08:22:51 ip-172-31-69-7 kernel: [    0.000000] Using ACPI (MADT) for SMP configuration information
Feb 22 08:22:51 ip-172-31-69-7 kernel: [    0.000000] ACPI: HPET id: 0x8086a201 base: 0xfed00000
Feb 22 08:22:51 ip-172-31-69-7 kernel: [    0.000000] smpboot: Allowing 15 CPUs, 14 hotplug CPUs
Feb 22 08:22:51 ip-172-31-69-7 kernel: [    0.000000] PM: Registered nosave memory: [mem 0x00000000-0x00000fff]
Feb 22 08:22:51 ip-172-31-69-7 kernel: [    0.000000] PM: Registered nosave memory: [mem 0x0009e000-0x0009ffff]
Feb 22 08:22:51 ip-172-31-69-7 kernel: [    0.000000] PM: Registered nosave memory: [mem 0x000a0000-0x000dffff]
Feb 22 08:22:51 ip-172-31-69-7 kernel: [    0.000000] PM: Registered nosave memory: [mem 0x000e0000-0x000fffff]
Feb 22 08:22:51 ip-172-31-69-7 kernel: [    0.000000] e820: [mem 0x40000000-0xfbffffff] available for PCI devices
Feb 22 08:22:51 ip-172-31-69-7 kernel: [    0.000000] Booting paravirtualized kernel on Xen HVM
Feb 22 08:22:51 ip-172-31-69-7 kernel: [    0.000000] clocksource: refined-jiffies: mask: 0xffffffff max_cycles: 0xffffffff, max_idle_ns: 7645519600211568 ns
Feb 22 08:22:51 ip-172-31-69-7 kernel: [    0.000000] setup_percpu: NR_CPUS:256 nr_cpumask_bits:256 nr_cpu_ids:15 nr_node_ids:1
Feb 22 08:22:51 ip-172-31-69-7 kernel: [    0.000000] PERCPU: Embedded 34 pages/cpu @ffff88003e200000 s99160 r8192 d31912 u262144
Feb 22 08:22:51 ip-172-31-69-7 kernel: [    0.000000] pcpu-alloc: s99160 r8192 d31912 u262144 alloc=1*2097152
Feb 22 08:22:51 ip-172-31-69-7 kernel: [    0.000000] pcpu-alloc: [0] 00 01 02 03 04 05 06 07 [0] 08 09 10 11 12 13 14 -- 
Feb 22 08:22:51 ip-172-31-69-7 kernel: [    0.000000] xen: PV spinlocks enabled
Feb 22 08:22:51 ip-172-31-69-7 kernel: [    0.000000] PV qspinlock hash table entries: 256 (order: 0, 4096 bytes)
Feb 22 08:22:51 ip-172-31-69-7 kernel: [    0.000000] Built 1 zonelists in Node order, mobility grouping on.  Total pages: 257928
Feb 22 08:22:51 ip-172-31-69-7 kernel: [    0.000000] Policy zone: DMA32
Feb 22 08:22:51 ip-172-31-69-7 kernel: [    0.000000] Kernel command line: BOOT_IMAGE=/boot/vmlinuz-4.4.0-1049-aws root=UUID=ccee1a8d-0785-4b3a-a578-812d59f5d3e1 ro console=tty1 console=ttyS0 nvme.io_timeout=4294967295
Feb 22 08:22:51 ip-172-31-69-7 kernel: [    0.000000] PID hash table entries: 4096 (order: 3, 32768 bytes)
Feb 22 08:22:51 ip-172-31-69-7 kernel: [    0.000000] Calgary: detecting Calgary via BIOS EBDA area
Feb 22 08:22:51 ip-172-31-69-7 kernel: [    0.000000] Calgary: Unable to locate Rio Grande table in EBDA - bailing!
Feb 22 08:22:51 ip-172-31-69-7 kernel: [    0.000000] Memory: 998628K/1048180K available (8320K kernel code, 1276K rwdata, 3872K rodata, 1484K init, 1288K bss, 49552K reserved, 0K cma-reserved)
Feb 22 08:22:51 ip-172-31-69-7 kernel: [    0.000000] SLUB: HWalign=64, Order=0-3, MinObjects=0, CPUs=15, Nodes=1
Feb 22 08:22:51 ip-172-31-69-7 kernel: [    0.000000] Kernel/User page tables isolation: enabled
Feb 22 08:22:51 ip-172-31-69-7 kernel: [    0.000000] Hierarchical RCU implementation.
Feb 22 08:22:51 ip-172-31-69-7 kernel: [    0.000000] 	Build-time adjustment of leaf fanout to 64.
Feb 22 08:22:51 ip-172-31-69-7 kernel: [    0.000000] 	RCU restricting CPUs from NR_CPUS=256 to nr_cpu_ids=15.
Feb 22 08:22:51 ip-172-31-69-7 kernel: [    0.000000] RCU: Adjusting geometry for rcu_fanout_leaf=64, nr_cpu_ids=15
Feb 22 08:22:51 ip-172-31-69-7 kernel: [    0.000000] NR_IRQS:16640 nr_irqs:952 16
Feb 22 08:22:51 ip-172-31-69-7 kernel: [    0.000000] xen:events: Using 2-level ABI
Feb 22 08:22:51 ip-172-31-69-7 kernel: [    0.000000] xen:events: Xen HVM callback vector for event delivery is enabled
Feb 22 08:22:51 ip-172-31-69-7 kernel: [    0.000000] Console: colour VGA+ 80x25
Feb 22 08:22:51 ip-172-31-69-7 kernel: [    0.000000] console [tty1] enabled
Feb 22 08:22:51 ip-172-31-69-7 kernel: [    0.000000] Cannot get hvm parameter CONSOLE_EVTCHN (18): -22!
Feb 22 08:22:51 ip-172-31-69-7 kernel: [    0.000000] console [ttyS0] enabled
Feb 22 08:22:51 ip-172-31-69-7 kernel: [    0.000000] clocksource: hpet: mask: 0xffffffff max_cycles: 0xffffffff, max_idle_ns: 30580167144 ns
Feb 22 08:22:51 ip-172-31-69-7 kernel: [    0.000000] hpet clockevent registered
Feb 22 08:22:51 ip-172-31-69-7 kernel: [    0.000000] tsc: Detected 2400.042 MHz processor
Feb 22 08:22:51 ip-172-31-69-7 kernel: [    0.012000] Calibrating delay loop (skipped), value calculated using timer frequency.. 4800.08 BogoMIPS (lpj=9600168)
Feb 22 08:22:51 ip-172-31-69-7 kernel: [    0.016005] pid_max: default: 32768 minimum: 301
Feb 22 08:22:51 ip-172-31-69-7 kernel: [    0.020017] ACPI: Core revision 20150930
Feb 22 08:22:51 ip-172-31-69-7 kernel: [    0.031142] ACPI: 3 ACPI AML tables successfully acquired and loaded
Feb 22 08:22:51 ip-172-31-69-7 kernel: [    0.037007] Security Framework initialized
Feb 22 08:22:51 ip-172-31-69-7 kernel: [    0.040004] Yama: becoming mindful.
Feb 22 08:22:51 ip-172-31-69-7 kernel: [    0.044026] AppArmor: AppArmor initialized
Feb 22 08:22:51 ip-172-31-69-7 kernel: [    0.048103] Dentry cache hash table entries: 131072 (order: 8, 1048576 bytes)
Feb 22 08:22:51 ip-172-31-69-7 kernel: [    0.052212] Inode-cache hash table entries: 65536 (order: 7, 524288 bytes)
Feb 22 08:22:51 ip-172-31-69-7 kernel: [    0.056099] Mount-cache hash table entries: 2048 (order: 2, 16384 bytes)
Feb 22 08:22:51 ip-172-31-69-7 kernel: [    0.064007] Mountpoint-cache hash table entries: 2048 (order: 2, 16384 bytes)
Feb 22 08:22:51 ip-172-31-69-7 kernel: [    0.068219] Initializing cgroup subsys io
Feb 22 08:22:51 ip-172-31-69-7 kernel: [    0.072009] Initializing cgroup subsys memory
Feb 22 08:22:51 ip-172-31-69-7 kernel: [    0.076021] Initializing cgroup subsys devices
Feb 22 08:22:51 ip-172-31-69-7 kernel: [    0.080008] Initializing cgroup subsys freezer
Feb 22 08:22:51 ip-172-31-69-7 kernel: [    0.084010] Initializing cgroup subsys net_cls
Feb 22 08:22:51 ip-172-31-69-7 kernel: [    0.088014] Initializing cgroup subsys perf_event
Feb 22 08:22:51 ip-172-31-69-7 kernel: [    0.092011] Initializing cgroup subsys net_prio
Feb 22 08:22:51 ip-172-31-69-7 kernel: [    0.096013] Initializing cgroup subsys hugetlb
Feb 22 08:22:51 ip-172-31-69-7 kernel: [    0.100006] Initializing cgroup subsys pids
Feb 22 08:22:51 ip-172-31-69-7 kernel: [    0.104072] CPU: Physical Processor ID: 0
Feb 22 08:22:51 ip-172-31-69-7 kernel: [    0.108011] FEATURE SPEC_CTRL Not Present
Feb 22 08:22:51 ip-172-31-69-7 kernel: [    0.112774] mce: CPU supports 2 MCE banks
Feb 22 08:22:51 ip-172-31-69-7 kernel: [    0.116031] Last level iTLB entries: 4KB 1024, 2MB 1024, 4MB 1024
Feb 22 08:22:51 ip-172-31-69-7 kernel: [    0.120004] Last level dTLB entries: 4KB 1024, 2MB 1024, 4MB 1024, 1GB 4
Feb 22 08:22:51 ip-172-31-69-7 kernel: [    0.144726] ftrace: allocating 31285 entries in 123 pages
Feb 22 08:22:51 ip-172-31-69-7 kernel: [    0.176112] smpboot: APIC(0) Converting physical 0 to logical package 0
Feb 22 08:22:51 ip-172-31-69-7 kernel: [    0.180008] smpboot: Max logical packages: 15
Feb 22 08:22:51 ip-172-31-69-7 kernel: [    0.184610] x2apic: IRQ remapping doesn't support X2APIC mode
Feb 22 08:22:51 ip-172-31-69-7 kernel: [    0.188005] Switched APIC routing to physical flat.
Feb 22 08:22:51 ip-172-31-69-7 kernel: [    0.194097] ..TIMER: vector=0x30 apic1=0 pin1=2 apic2=0 pin2=0
Feb 22 08:22:51 ip-172-31-69-7 kernel: [    0.200003] clocksource: xen: mask: 0xffffffffffffffff max_cycles: 0x1cd42e4dffb, max_idle_ns: 881590591483 ns
Feb 22 08:22:51 ip-172-31-69-7 kernel: [    0.208008] Xen: using vcpuop timer interface
Feb 22 08:22:51 ip-172-31-69-7 kernel: [    0.208016] installing Xen timer for CPU 0
Feb 22 08:22:51 ip-172-31-69-7 kernel: [    0.212065] smpboot: CPU0: Intel(R) Xeon(R) CPU E5-2676 v3 @ 2.40GHz (family: 0x6, model: 0x3f, stepping: 0x2)
Feb 22 08:22:51 ip-172-31-69-7 kernel: [    0.220029] cpu 0 spinlock event irq 53
Feb 22 08:22:51 ip-172-31-69-7 kernel: [    0.223428] Performance Events: unsupported p6 CPU model 63 no PMU driver, software events only.
Feb 22 08:22:51 ip-172-31-69-7 kernel: [    0.228811] x86: Booted up 1 node, 1 CPUs
Feb 22 08:22:51 ip-172-31-69-7 kernel: [    0.232007] smpboot: Total of 1 processors activated (4800.08 BogoMIPS)
Feb 22 08:22:51 ip-172-31-69-7 kernel: [    0.236015] NMI watchdog: disabled (cpu0): hardware events not enabled
Feb 22 08:22:51 ip-172-31-69-7 kernel: [    0.240006] NMI watchdog: Shutting down hard lockup detector on all cpus
Feb 22 08:22:51 ip-172-31-69-7 kernel: [    0.244382] devtmpfs: initialized
Feb 22 08:22:51 ip-172-31-69-7 kernel: [    0.248919] evm: security.selinux
Feb 22 08:22:51 ip-172-31-69-7 kernel: [    0.252008] evm: security.SMACK64
Feb 22 08:22:51 ip-172-31-69-7 kernel: [    0.255172] evm: security.SMACK64EXEC
Feb 22 08:22:51 ip-172-31-69-7 kernel: [    0.256005] evm: security.SMACK64TRANSMUTE
Feb 22 08:22:51 ip-172-31-69-7 kernel: [    0.259605] evm: security.SMACK64MMAP
Feb 22 08:22:51 ip-172-31-69-7 kernel: [    0.260008] evm: security.ima
Feb 22 08:22:51 ip-172-31-69-7 kernel: [    0.263022] evm: security.capability
Feb 22 08:22:51 ip-172-31-69-7 kernel: [    0.264185] clocksource: jiffies: mask: 0xffffffff max_cycles: 0xffffffff, max_idle_ns: 7645041785100000 ns
Feb 22 08:22:51 ip-172-31-69-7 kernel: [    0.268050] futex hash table entries: 4096 (order: 6, 262144 bytes)
Feb 22 08:22:51 ip-172-31-69-7 kernel: [    0.272313] RTC time: 12:22:43, date: 02/22/18
Feb 22 08:22:51 ip-172-31-69-7 kernel: [    0.276118] NET: Registered protocol family 16
Feb 22 08:22:51 ip-172-31-69-7 kernel: [    0.280149] cpuidle: using governor ladder
Feb 22 08:22:51 ip-172-31-69-7 kernel: [    0.284014] cpuidle: using governor menu
Feb 22 08:22:51 ip-172-31-69-7 kernel: [    0.287606] PCCT header not found.
Feb 22 08:22:51 ip-172-31-69-7 kernel: [    0.288092] ACPI: bus type PCI registered
Feb 22 08:22:51 ip-172-31-69-7 kernel: [    0.291636] acpiphp: ACPI Hot Plug PCI Controller Driver version: 0.5
Feb 22 08:22:51 ip-172-31-69-7 kernel: [    0.292413] PCI: Using configuration type 1 for base access
Feb 22 08:22:51 ip-172-31-69-7 kernel: [    0.297098] ACPI: Added _OSI(Module Device)
Feb 22 08:22:51 ip-172-31-69-7 kernel: [    0.300006] ACPI: Added _OSI(Processor Device)
Feb 22 08:22:51 ip-172-31-69-7 kernel: [    0.303757] ACPI: Added _OSI(3.0 _SCP Extensions)
Feb 22 08:22:51 ip-172-31-69-7 kernel: [    0.304007] ACPI: Added _OSI(Processor Aggregator Device)
Feb 22 08:22:51 ip-172-31-69-7 kernel: [    0.309045] xen: --> pirq=16 -> irq=9 (gsi=9)
Feb 22 08:22:51 ip-172-31-69-7 kernel: [    0.311500] ACPI: Interpreter enabled
Feb 22 08:22:51 ip-172-31-69-7 kernel: [    0.312014] ACPI: (supports S0 S4 S5)
Feb 22 08:22:51 ip-172-31-69-7 kernel: [    0.315359] ACPI: Using IOAPIC for interrupt routing
Feb 22 08:22:51 ip-172-31-69-7 kernel: [    0.316047] PCI: Using host bridge windows from ACPI; if necessary, use "pci=nocrs" and report a bug
Feb 22 08:22:51 ip-172-31-69-7 kernel: [    0.373608] ACPI: PCI Root Bridge [PCI0] (domain 0000 [bus 00-ff])
Feb 22 08:22:51 ip-172-31-69-7 kernel: [    0.376013] acpi PNP0A03:00: _OSC: OS supports [ASPM ClockPM Segments MSI]
Feb 22 08:22:51 ip-172-31-69-7 kernel: [    0.380015] acpi PNP0A03:00: _OSC failed (AE_NOT_FOUND); disabling ASPM
Feb 22 08:22:51 ip-172-31-69-7 kernel: [    0.384018] acpi PNP0A03:00: fail to add MMCONFIG information, can't access extended PCI configuration space under this bridge.
Feb 22 08:22:51 ip-172-31-69-7 kernel: [    0.388961] acpiphp: Slot [0] registered
Feb 22 08:22:51 ip-172-31-69-7 kernel: [    0.393244] acpiphp: Slot [3] registered
Feb 22 08:22:51 ip-172-31-69-7 kernel: [    0.396361] acpiphp: Slot [4] registered
Feb 22 08:22:51 ip-172-31-69-7 kernel: [    0.400271] acpiphp: Slot [5] registered
Feb 22 08:22:51 ip-172-31-69-7 kernel: [    0.404243] acpiphp: Slot [6] registered
Feb 22 08:22:51 ip-172-31-69-7 loadkeys[361]: Loading /etc/console-setup/cached.kmap.gz
Feb 22 08:22:51 ip-172-31-69-7 systemd-modules-load[391]: Inserted module 'iscsi_tcp'
Feb 22 08:22:51 ip-172-31-69-7 systemd[1]: Started Set console keymap.
Feb 22 08:22:51 ip-172-31-69-7 systemd[1]: Started Remount Root and Kernel File Systems.
Feb 22 08:22:51 ip-172-31-69-7 systemd[1]: Started Uncomplicated firewall.
Feb 22 08:22:51 ip-172-31-69-7 systemd[1]: Started Create list of required static device nodes for the current kernel.
Feb 22 08:22:51 ip-172-31-69-7 systemd-modules-load[391]: Inserted module 'ib_iser'
Feb 22 08:22:51 ip-172-31-69-7 systemd[1]: Started Load Kernel Modules.
Feb 22 08:22:51 ip-172-31-69-7 systemd[1]: Started Nameserver information manager.
Feb 22 08:22:51 ip-172-31-69-7 systemd[1]: Started LVM2 metadata daemon.
Feb 22 08:22:51 ip-172-31-69-7 systemd[1]: Mounting FUSE Control File System...
Feb 22 08:22:51 ip-172-31-69-7 systemd[1]: Starting Apply Kernel Variables...
Feb 22 08:22:51 ip-172-31-69-7 systemd[1]: Starting Create Static Device Nodes in /dev...
Feb 22 08:22:51 ip-172-31-69-7 systemd[1]: Starting Load/Save Random Seed...
Feb 22 08:22:51 ip-172-31-69-7 systemd[1]: Starting udev Coldplug all Devices...
Feb 22 08:22:51 ip-172-31-69-7 systemd[1]: Starting Initial cloud-init job (pre-networking)...
Feb 22 08:22:51 ip-172-31-69-7 systemd[1]: Starting Flush Journal to Persistent Storage...
Feb 22 08:22:51 ip-172-31-69-7 systemd[1]: Mounted FUSE Control File System.
Feb 22 08:22:51 ip-172-31-69-7 systemd[1]: Started Apply Kernel Variables.
Feb 22 08:22:51 ip-172-31-69-7 systemd[1]: Started Create Static Device Nodes in /dev.
Feb 22 08:22:51 ip-172-31-69-7 systemd[1]: Started Load/Save Random Seed.
Feb 22 08:22:51 ip-172-31-69-7 systemd[1]: Started Monitoring of LVM2 mirrors, snapshots etc. using dmeventd or progress polling.
Feb 22 08:22:51 ip-172-31-69-7 systemd[1]: Starting udev Kernel Device Manager...
Feb 22 08:22:51 ip-172-31-69-7 systemd[1]: Started Flush Journal to Persistent Storage.
Feb 22 08:22:51 ip-172-31-69-7 systemd[1]: Started udev Coldplug all Devices.
Feb 22 08:22:51 ip-172-31-69-7 systemd[1]: Started udev Kernel Device Manager.
Feb 22 08:22:51 ip-172-31-69-7 systemd[1]: Started Dispatch Password Requests to Console Directory Watch.
Feb 22 08:22:51 ip-172-31-69-7 systemd[1]: Reached target Local File Systems (Pre).
Feb 22 08:22:51 ip-172-31-69-7 systemd[1]: Reached target Local File Systems.
Feb 22 08:22:51 ip-172-31-69-7 systemd[1]: Starting Set console font and keymap...
Feb 22 08:22:51 ip-172-31-69-7 systemd[1]: Starting Tell Plymouth To Write Out Runtime Data...
Feb 22 08:22:51 ip-172-31-69-7 systemd[1]: Starting Create Volatile Files and Directories...
Feb 22 08:22:51 ip-172-31-69-7 systemd[1]: Starting LSB: AppArmor initialization...
Feb 22 08:22:51 ip-172-31-69-7 systemd-tmpfiles[486]: [/usr/lib/tmpfiles.d/var.conf:14] Duplicate line for path "/var/log", ignoring.
Feb 22 08:22:51 ip-172-31-69-7 systemd[1]: Started Tell Plymouth To Write Out Runtime Data.
Feb 22 08:22:51 ip-172-31-69-7 systemd[1]: Started Create Volatile Files and Directories.
Feb 22 08:22:51 ip-172-31-69-7 systemd[1]: Starting Update UTMP about System Boot/Shutdown...
Feb 22 08:22:51 ip-172-31-69-7 systemd[1]: Starting Network Time Synchronization...
Feb 22 08:22:51 ip-172-31-69-7 apparmor[489]:  * Starting AppArmor profiles
Feb 22 08:22:51 ip-172-31-69-7 systemd[1]: Started Update UTMP about System Boot/Shutdown.
Feb 22 08:22:51 ip-172-31-69-7 systemd[1]: Started Network Time Synchronization.
Feb 22 08:22:51 ip-172-31-69-7 apparmor[489]: Skipping profile in /etc/apparmor.d/disable: usr.sbin.rsyslogd
Feb 22 08:22:51 ip-172-31-69-7 apparmor[489]:    ...done.
Feb 22 08:22:51 ip-172-31-69-7 systemd[1]: Started LSB: AppArmor initialization.
Feb 22 08:22:51 ip-172-31-69-7 systemd[1]: Reached target System Time Synchronized.
Feb 22 08:22:51 ip-172-31-69-7 kernel: [    0.408269] acpiphp: Slot [7] registered
Feb 22 08:22:51 ip-172-31-69-7 kernel: [    0.412014] acpiphp: Slot [8] registered
Feb 22 08:22:51 ip-172-31-69-7 kernel: [    0.416019] acpiphp: Slot [9] registered
Feb 22 08:22:51 ip-172-31-69-7 kernel: [    0.419958] acpiphp: Slot [10] registered
Feb 22 08:22:51 ip-172-31-69-7 kernel: [    0.420386] acpiphp: Slot [11] registered
Feb 22 08:22:51 ip-172-31-69-7 kernel: [    0.424409] acpiphp: Slot [12] registered
Feb 22 08:22:51 ip-172-31-69-7 kernel: [    0.428385] acpiphp: Slot [13] registered
Feb 22 08:22:51 ip-172-31-69-7 kernel: [    0.432384] acpiphp: Slot [14] registered
Feb 22 08:22:51 ip-172-31-69-7 kernel: [    0.436359] acpiphp: Slot [15] registered
Feb 22 08:22:51 ip-172-31-69-7 kernel: [    0.439967] acpiphp: Slot [16] registered
Feb 22 08:22:51 ip-172-31-69-7 kernel: [    0.440402] acpiphp: Slot [17] registered
Feb 22 08:22:51 ip-172-31-69-7 kernel: [    0.444268] acpiphp: Slot [18] registered
Feb 22 08:22:51 ip-172-31-69-7 kernel: [    0.448126] acpiphp: Slot [19] registered
Feb 22 08:22:51 ip-172-31-69-7 kernel: [    0.452153] acpiphp: Slot [20] registered
Feb 22 08:22:51 ip-172-31-69-7 kernel: [    0.455796] acpiphp: Slot [21] registered
Feb 22 08:22:51 ip-172-31-69-7 kernel: [    0.456293] acpiphp: Slot [22] registered
Feb 22 08:22:51 ip-172-31-69-7 kernel: [    0.459334] acpiphp: Slot [23] registered
Feb 22 08:22:51 ip-172-31-69-7 kernel: [    0.460304] acpiphp: Slot [24] registered
Feb 22 08:22:51 ip-172-31-69-7 kernel: [    0.463525] acpiphp: Slot [25] registered
Feb 22 08:22:51 ip-172-31-69-7 kernel: [    0.464281] acpiphp: Slot [26] registered
Feb 22 08:22:51 ip-172-31-69-7 kernel: [    0.467463] acpiphp: Slot [27] registered
Feb 22 08:22:51 ip-172-31-69-7 kernel: [    0.468299] acpiphp: Slot [28] registered
Feb 22 08:22:51 ip-172-31-69-7 kernel: [    0.471473] acpiphp: Slot [29] registered
Feb 22 08:22:51 ip-172-31-69-7 kernel: [    0.472297] acpiphp: Slot [30] registered
Feb 22 08:22:51 ip-172-31-69-7 kernel: [    0.475473] acpiphp: Slot [31] registered
Feb 22 08:22:51 ip-172-31-69-7 kernel: [    0.476282] PCI host bridge to bus 0000:00
Feb 22 08:22:51 ip-172-31-69-7 kernel: [    0.479174] pci_bus 0000:00: root bus resource [io  0x0000-0x0cf7 window]
Feb 22 08:22:51 ip-172-31-69-7 kernel: [    0.480005] pci_bus 0000:00: root bus resource [io  0x0d00-0xffff window]
Feb 22 08:22:51 ip-172-31-69-7 kernel: [    0.484007] pci_bus 0000:00: root bus resource [mem 0x000a0000-0x000bffff window]
Feb 22 08:22:51 ip-172-31-69-7 kernel: [    0.488008] pci_bus 0000:00: root bus resource [mem 0xf0000000-0xfbffffff window]
Feb 22 08:22:51 ip-172-31-69-7 kernel: [    0.492008] pci_bus 0000:00: root bus resource [bus 00-ff]
Feb 22 08:22:51 ip-172-31-69-7 kernel: [    0.495957] pci 0000:00:00.0: [8086:1237] type 00 class 0x060000
Feb 22 08:22:51 ip-172-31-69-7 kernel: [    0.497445] pci 0000:00:01.0: [8086:7000] type 00 class 0x060100
Feb 22 08:22:51 ip-172-31-69-7 kernel: [    0.499767] pci 0000:00:01.1: [8086:7010] type 00 class 0x010180
Feb 22 08:22:51 ip-172-31-69-7 kernel: [    0.500982] pci 0000:00:01.1: reg 0x20: [io  0xc100-0xc10f]
Feb 22 08:22:51 ip-172-31-69-7 kernel: [    0.501625] pci 0000:00:01.1: legacy IDE quirk: reg 0x10: [io  0x01f0-0x01f7]
Feb 22 08:22:51 ip-172-31-69-7 kernel: [    0.504007] pci 0000:00:01.1: legacy IDE quirk: reg 0x14: [io  0x03f6]
Feb 22 08:22:51 ip-172-31-69-7 kernel: [    0.508007] pci 0000:00:01.1: legacy IDE quirk: reg 0x18: [io  0x0170-0x0177]
Feb 22 08:22:51 ip-172-31-69-7 kernel: [    0.512006] pci 0000:00:01.1: legacy IDE quirk: reg 0x1c: [io  0x0376]
Feb 22 08:22:51 ip-172-31-69-7 kernel: [    0.516675] pci 0000:00:01.3: [8086:7113] type 00 class 0x068000
Feb 22 08:22:51 ip-172-31-69-7 kernel: [    0.516767] * Found PM-Timer Bug on the chipset. Due to workarounds for a bug,
Feb 22 08:22:51 ip-172-31-69-7 kernel: [    0.516767] * this clock source is slow. Consider trying other clock sources
Feb 22 08:22:51 ip-172-31-69-7 kernel: [    0.521323] pci 0000:00:01.3: quirk: [io  0xb000-0xb03f] claimed by PIIX4 ACPI
Feb 22 08:22:51 ip-172-31-69-7 kernel: [    0.524947] pci 0000:00:02.0: [1013:00b8] type 00 class 0x030000
Feb 22 08:22:51 ip-172-31-69-7 kernel: [    0.525296] pci 0000:00:02.0: reg 0x10: [mem 0xf0000000-0xf1ffffff pref]
Feb 22 08:22:51 ip-172-31-69-7 kernel: [    0.525523] pci 0000:00:02.0: reg 0x14: [mem 0xf3000000-0xf3000fff]
Feb 22 08:22:51 ip-172-31-69-7 kernel: [    0.527368] pci 0000:00:03.0: [5853:0001] type 00 class 0xff8000
Feb 22 08:22:51 ip-172-31-69-7 kernel: [    0.527793] pci 0000:00:03.0: reg 0x10: [io  0xc000-0xc0ff]
Feb 22 08:22:51 ip-172-31-69-7 kernel: [    0.528000] pci 0000:00:03.0: reg 0x14: [mem 0xf2000000-0xf2ffffff pref]
Feb 22 08:22:51 ip-172-31-69-7 kernel: [    0.530683] ACPI: PCI Interrupt Link [LNKA] (IRQs *5 10 11)
Feb 22 08:22:51 ip-172-31-69-7 kernel: [    0.535151] ACPI: PCI Interrupt Link [LNKB] (IRQs 5 *10 11)
Feb 22 08:22:51 ip-172-31-69-7 kernel: [    0.539202] ACPI: PCI Interrupt Link [LNKC] (IRQs 5 10 *11)
Feb 22 08:22:51 ip-172-31-69-7 kernel: [    0.543142] ACPI: PCI Interrupt Link [LNKD] (IRQs *5 10 11)
Feb 22 08:22:51 ip-172-31-69-7 kernel: [    0.563920] ACPI: Enabled 2 GPEs in block 00 to 0F
Feb 22 08:22:51 ip-172-31-69-7 kernel: [    0.564091] xen:balloon: Initialising balloon driver
Feb 22 08:22:51 ip-172-31-69-7 kernel: [    0.572196] vgaarb: setting as boot device: PCI:0000:00:02.0
Feb 22 08:22:51 ip-172-31-69-7 kernel: [    0.576000] vgaarb: device added: PCI:0000:00:02.0,decodes=io+mem,owns=io+mem,locks=none
Feb 22 08:22:51 ip-172-31-69-7 kernel: [    0.576006] vgaarb: loaded
Feb 22 08:22:51 ip-172-31-69-7 kernel: [    0.578240] vgaarb: bridge control possible 0000:00:02.0
Feb 22 08:22:51 ip-172-31-69-7 kernel: [    0.580200] SCSI subsystem initialized
Feb 22 08:22:51 ip-172-31-69-7 kernel: [    0.583021] libata version 3.00 loaded.
Feb 22 08:22:51 ip-172-31-69-7 kernel: [    0.583043] ACPI: bus type USB registered
Feb 22 08:22:51 ip-172-31-69-7 kernel: [    0.584027] usbcore: registered new interface driver usbfs
Feb 22 08:22:51 ip-172-31-69-7 kernel: [    0.587647] usbcore: registered new interface driver hub
Feb 22 08:22:51 ip-172-31-69-7 kernel: [    0.588034] usbcore: registered new device driver usb
Feb 22 08:22:51 ip-172-31-69-7 kernel: [    0.591341] PCI: Using ACPI for IRQ routing
Feb 22 08:22:51 ip-172-31-69-7 kernel: [    0.592006] PCI: pci_cache_line_size set to 64 bytes
Feb 22 08:22:51 ip-172-31-69-7 kernel: [    0.592348] e820: reserve RAM buffer [mem 0x0009e000-0x0009ffff]
Feb 22 08:22:51 ip-172-31-69-7 kernel: [    0.592477] NetLabel: Initializing
Feb 22 08:22:51 ip-172-31-69-7 kernel: [    0.594719] NetLabel:  domain hash size = 128
Feb 22 08:22:51 ip-172-31-69-7 kernel: [    0.596006] NetLabel:  protocols = UNLABELED CIPSOv4
Feb 22 08:22:51 ip-172-31-69-7 kernel: [    0.599126] NetLabel:  unlabeled traffic allowed by default
Feb 22 08:22:51 ip-172-31-69-7 kernel: [    0.600136] HPET: 3 timers in total, 0 timers will be used for per-cpu timer
Feb 22 08:22:51 ip-172-31-69-7 kernel: [    0.603986] hpet0: at MMIO 0xfed00000, IRQs 2, 8, 0
Feb 22 08:22:51 ip-172-31-69-7 kernel: [    0.606108] hpet0: 3 comparators, 64-bit 62.500000 MHz counter
Feb 22 08:22:51 ip-172-31-69-7 kernel: [    0.610064] amd_nb: Cannot enumerate AMD northbridges
Feb 22 08:22:51 ip-172-31-69-7 kernel: [    0.612025] clocksource: Switched to clocksource xen
Feb 22 08:22:51 ip-172-31-69-7 kernel: [    0.620928] AppArmor: AppArmor Filesystem Enabled
Feb 22 08:22:51 ip-172-31-69-7 kernel: [    0.624034] pnp: PnP ACPI init
Feb 22 08:22:51 ip-172-31-69-7 kernel: [    0.626308] system 00:00: [mem 0x00000000-0x0009ffff] could not be reserved
Feb 22 08:22:51 ip-172-31-69-7 kernel: [    0.630272] system 00:00: Plug and Play ACPI device, IDs PNP0c02 (active)
Feb 22 08:22:51 ip-172-31-69-7 kernel: [    0.630375] system 00:01: [io  0x08a0-0x08a3] has been reserved
Feb 22 08:22:51 ip-172-31-69-7 kernel: [    0.634038] system 00:01: [io  0x0cc0-0x0ccf] has been reserved
Feb 22 08:22:51 ip-172-31-69-7 kernel: [    0.637470] system 00:01: [io  0x04d0-0x04d1] has been reserved
Feb 22 08:22:51 ip-172-31-69-7 kernel: [    0.641138] system 00:01: Plug and Play ACPI device, IDs PNP0c02 (active)
Feb 22 08:22:51 ip-172-31-69-7 kernel: [    0.641170] xen: --> pirq=17 -> irq=8 (gsi=8)
Feb 22 08:22:51 ip-172-31-69-7 kernel: [    0.641198] pnp 00:02: Plug and Play ACPI device, IDs PNP0b00 (active)
Feb 22 08:22:51 ip-172-31-69-7 kernel: [    0.641225] xen: --> pirq=18 -> irq=12 (gsi=12)
Feb 22 08:22:51 ip-172-31-69-7 kernel: [    0.641238] pnp 00:03: Plug and Play ACPI device, IDs PNP0f13 (active)
Feb 22 08:22:51 ip-172-31-69-7 kernel: [    0.641253] xen: --> pirq=19 -> irq=1 (gsi=1)
Feb 22 08:22:51 ip-172-31-69-7 kernel: [    0.641267] pnp 00:04: Plug and Play ACPI device, IDs PNP0303 PNP030b (active)
Feb 22 08:22:51 ip-172-31-69-7 kernel: [    0.641283] xen: --> pirq=20 -> irq=6 (gsi=6)
Feb 22 08:22:51 ip-172-31-69-7 kernel: [    0.641284] pnp 00:05: [dma 2]
Feb 22 08:22:51 ip-172-31-69-7 kernel: [    0.641300] pnp 00:05: Plug and Play ACPI device, IDs PNP0700 (active)
Feb 22 08:22:51 ip-172-31-69-7 kernel: [    0.641324] xen: --> pirq=21 -> irq=4 (gsi=4)
Feb 22 08:22:51 ip-172-31-69-7 kernel: [    0.641338] pnp 00:06: Plug and Play ACPI device, IDs PNP0501 (active)
Feb 22 08:22:51 ip-172-31-69-7 kernel: [    0.641377] system 00:07: [io  0x10c0-0x1141] has been reserved
Feb 22 08:22:51 ip-172-31-69-7 kernel: [    0.645261] system 00:07: [io  0xb044-0xb047] has been reserved
Feb 22 08:22:51 ip-172-31-69-7 kernel: [    0.649104] system 00:07: Plug and Play ACPI device, IDs PNP0c02 (active)
Feb 22 08:22:51 ip-172-31-69-7 kernel: [    0.665915] pnp: PnP ACPI: found 8 devices
Feb 22 08:22:51 ip-172-31-69-7 kernel: [    0.674639] clocksource: acpi_pm: mask: 0xffffff max_cycles: 0xffffff, max_idle_ns: 2085701024 ns
Feb 22 08:22:51 ip-172-31-69-7 kernel: [    0.681480] pci_bus 0000:00: resource 4 [io  0x0000-0x0cf7 window]
Feb 22 08:22:51 ip-172-31-69-7 kernel: [    0.681482] pci_bus 0000:00: resource 5 [io  0x0d00-0xffff window]
Feb 22 08:22:51 ip-172-31-69-7 kernel: [    0.681484] pci_bus 0000:00: resource 6 [mem 0x000a0000-0x000bffff window]
Feb 22 08:22:51 ip-172-31-69-7 kernel: [    0.681485] pci_bus 0000:00: resource 7 [mem 0xf0000000-0xfbffffff window]
Feb 22 08:22:51 ip-172-31-69-7 kernel: [    0.681532] NET: Registered protocol family 2
Feb 22 08:22:51 ip-172-31-69-7 kernel: [    0.684918] TCP established hash table entries: 8192 (order: 4, 65536 bytes)
Feb 22 08:22:51 ip-172-31-69-7 kernel: [    0.689352] TCP bind hash table entries: 8192 (order: 5, 131072 bytes)
Feb 22 08:22:51 ip-172-31-69-7 kernel: [    0.693939] TCP: Hash tables configured (established 8192 bind 8192)
Feb 22 08:22:51 ip-172-31-69-7 kernel: [    0.698093] UDP hash table entries: 512 (order: 2, 16384 bytes)
Feb 22 08:22:51 ip-172-31-69-7 kernel: [    0.702253] UDP-Lite hash table entries: 512 (order: 2, 16384 bytes)
Feb 22 08:22:51 ip-172-31-69-7 kernel: [    0.706660] NET: Registered protocol family 1
Feb 22 08:22:51 ip-172-31-69-7 kernel: [    0.709410] pci 0000:00:00.0: Limiting direct PCI/PCI transfers
Feb 22 08:22:51 ip-172-31-69-7 kernel: [    0.712902] pci 0000:00:01.0: PIIX3: Enabling Passive Release
Feb 22 08:22:51 ip-172-31-69-7 kernel: [    0.716204] pci 0000:00:01.0: Activating ISA DMA hang workarounds
Feb 22 08:22:51 ip-172-31-69-7 kernel: [    0.720408] pci 0000:00:02.0: Video device with shadowed ROM
Feb 22 08:22:51 ip-172-31-69-7 kernel: [    0.720465] PCI: CLS 0 bytes, default 64
Feb 22 08:22:51 ip-172-31-69-7 kernel: [    0.720524] Trying to unpack rootfs image as initramfs...
Feb 22 08:22:51 ip-172-31-69-7 kernel: [    0.899265] Freeing initrd memory: 12308K
Feb 22 08:22:51 ip-172-31-69-7 kernel: [    0.902343] RAPL PMU detected, API unit is 2^-32 Joules, 3 fixed counters 655360 ms ovfl timer
Feb 22 08:22:51 ip-172-31-69-7 kernel: [    0.907864] hw unit of domain pp0-core 2^-14 Joules
Feb 22 08:22:51 ip-172-31-69-7 kernel: [    0.910892] hw unit of domain package 2^-14 Joules
Feb 22 08:22:51 ip-172-31-69-7 kernel: [    0.914054] hw unit of domain dram 2^-16 Joules
Feb 22 08:22:51 ip-172-31-69-7 kernel: [    0.917263] Scanning for low memory corruption every 60 seconds
Feb 22 08:22:51 ip-172-31-69-7 kernel: [    0.921022] audit: initializing netlink subsys (disabled)
Feb 22 08:22:51 ip-172-31-69-7 kernel: [    0.924204] audit: type=2000 audit(1519302163.794:1): initialized
Feb 22 08:22:51 ip-172-31-69-7 kernel: [    0.928078] Initialise system trusted keyring
Feb 22 08:22:51 ip-172-31-69-7 kernel: [    0.930780] HugeTLB registered 2 MB page size, pre-allocated 0 pages
Feb 22 08:22:51 ip-172-31-69-7 kernel: [    0.935423] zbud: loaded
Feb 22 08:22:51 ip-172-31-69-7 kernel: [    0.937559] VFS: Disk quotas dquot_6.6.0
Feb 22 08:22:51 ip-172-31-69-7 kernel: [    0.940133] VFS: Dquot-cache hash table entries: 512 (order 0, 4096 bytes)
Feb 22 08:22:51 ip-172-31-69-7 kernel: [    0.944386] squashfs: version 4.0 (2009/01/31) Phillip Lougher
Feb 22 08:22:51 ip-172-31-69-7 kernel: [    0.948179] fuse init (API version 7.23)
Feb 22 08:22:51 ip-172-31-69-7 kernel: [    0.950917] Key type big_key registered
Feb 22 08:22:51 ip-172-31-69-7 kernel: [    0.953369] Allocating IMA MOK and blacklist keyrings.
Feb 22 08:22:51 ip-172-31-69-7 kernel: [    0.956525] Key type asymmetric registered
Feb 22 08:22:51 ip-172-31-69-7 kernel: [    0.958985] Asymmetric key parser 'x509' registered
Feb 22 08:22:51 ip-172-31-69-7 kernel: [    0.961933] Block layer SCSI generic (bsg) driver version 0.4 loaded (major 249)
Feb 22 08:22:51 ip-172-31-69-7 kernel: [    0.968314] io scheduler noop registered
Feb 22 08:22:51 ip-172-31-69-7 kernel: [    0.971965] io scheduler deadline registered (default)
Feb 22 08:22:51 ip-172-31-69-7 kernel: [    0.976204] io scheduler cfq registered
Feb 22 08:22:51 ip-172-31-69-7 kernel: [    0.979531] pci_hotplug: PCI Hot Plug PCI Core version: 0.5
Feb 22 08:22:51 ip-172-31-69-7 kernel: [    0.984669] pciehp: PCI Express Hot Plug Controller Driver version: 0.4
Feb 22 08:22:51 ip-172-31-69-7 kernel: [    0.989108] intel_idle: does not run on family 6 model 63
Feb 22 08:22:51 ip-172-31-69-7 kernel: [    0.989187] input: Power Button as /devices/LNXSYSTM:00/LNXPWRBN:00/input/input0
Feb 22 08:22:51 ip-172-31-69-7 kernel: [    0.994233] ACPI: Power Button [PWRF]
Feb 22 08:22:51 ip-172-31-69-7 kernel: [    0.996880] input: Sleep Button as /devices/LNXSYSTM:00/LNXSLPBN:00/input/input1
Feb 22 08:22:51 ip-172-31-69-7 kernel: [    1.002378] ACPI: Sleep Button [SLPF]
Feb 22 08:22:51 ip-172-31-69-7 kernel: [    1.005483] xen: --> pirq=22 -> irq=28 (gsi=28)
Feb 22 08:22:51 ip-172-31-69-7 kernel: [    1.005572] xen:grant_table: Grant tables using version 1 layout
Feb 22 08:22:51 ip-172-31-69-7 kernel: [    1.009669] Grant table initialized
Feb 22 08:22:51 ip-172-31-69-7 kernel: [    1.012588] Cannot get hvm parameter CONSOLE_EVTCHN (18): -22!
Feb 22 08:22:51 ip-172-31-69-7 kernel: [    1.016341] Serial: 8250/16550 driver, 32 ports, IRQ sharing enabled
Feb 22 08:22:51 ip-172-31-69-7 kernel: [    1.047780] 00:06: ttyS0 at I/O 0x3f8 (irq = 4, base_baud = 115200) is a 16550A
Feb 22 08:22:51 ip-172-31-69-7 kernel: [    1.054107] Linux agpgart interface v0.103
Feb 22 08:22:51 ip-172-31-69-7 kernel: [    1.058808] brd: module loaded
Feb 22 08:22:51 ip-172-31-69-7 kernel: [    1.063002] loop: module loaded
Feb 22 08:22:51 ip-172-31-69-7 kernel: [    1.066034] Invalid max_queues (4), will use default max: 1.
Feb 22 08:22:51 ip-172-31-69-7 kernel: [    1.071705] ata_piix 0000:00:01.1: version 2.13
Feb 22 08:22:51 ip-172-31-69-7 kernel: [    1.072830] scsi host0: ata_piix
Feb 22 08:22:51 ip-172-31-69-7 kernel: [    1.076517] scsi host1: ata_piix
Feb 22 08:22:51 ip-172-31-69-7 kernel: [    1.080143] ata1: PATA max MWDMA2 cmd 0x1f0 ctl 0x3f6 bmdma 0xc100 irq 14
Feb 22 08:22:51 ip-172-31-69-7 kernel: [    1.086644] ata2: PATA max MWDMA2 cmd 0x170 ctl 0x376 bmdma 0xc108 irq 15
Feb 22 08:22:51 ip-172-31-69-7 kernel: [    1.098604] libphy: Fixed MDIO Bus: probed
Feb 22 08:22:51 ip-172-31-69-7 kernel: [    1.102353] tun: Universal TUN/TAP device driver, 1.6
Feb 22 08:22:51 ip-172-31-69-7 kernel: [    1.105910] tun: (C) 1999-2004 Max Krasnyansky <maxk@qualcomm.com>
Feb 22 08:22:51 ip-172-31-69-7 kernel: [    1.109835] PPP generic driver version 2.4.2
Feb 22 08:22:51 ip-172-31-69-7 kernel: [    1.112876] xen_netfront: Initialising Xen virtual ethernet driver
Feb 22 08:22:51 ip-172-31-69-7 kernel: [    1.121305] ehci_hcd: USB 2.0 'Enhanced' Host Controller (EHCI) Driver
Feb 22 08:22:51 ip-172-31-69-7 kernel: [    1.130201] ehci-pci: EHCI PCI platform driver
Feb 22 08:22:51 ip-172-31-69-7 kernel: [    1.134009] ehci-platform: EHCI generic platform driver
Feb 22 08:22:51 ip-172-31-69-7 kernel: [    1.137772] ohci_hcd: USB 1.1 'Open' Host Controller (OHCI) Driver
Feb 22 08:22:51 ip-172-31-69-7 kernel: [    1.142399] ohci-pci: OHCI PCI platform driver
Feb 22 08:22:51 ip-172-31-69-7 kernel: [    1.145858] ohci-platform: OHCI generic platform driver
Feb 22 08:22:51 ip-172-31-69-7 kernel: [    1.149855] uhci_hcd: USB Universal Host Controller Interface driver
Feb 22 08:22:51 ip-172-31-69-7 kernel: [    1.154991] i8042: PNP: PS/2 Controller [PNP0303:PS2K,PNP0f13:PS2M] at 0x60,0x64 irq 1,12
Feb 22 08:22:51 ip-172-31-69-7 kernel: [    1.165047] serio: i8042 KBD port at 0x60,0x64 irq 1
Feb 22 08:22:51 ip-172-31-69-7 kernel: [    1.168287] serio: i8042 AUX port at 0x60,0x64 irq 12
Feb 22 08:22:51 ip-172-31-69-7 kernel: [    1.171737] mousedev: PS/2 mouse device common for all mice
Feb 22 08:22:51 ip-172-31-69-7 kernel: [    1.176318] input: AT Translated Set 2 keyboard as /devices/platform/i8042/serio0/input/input2
Feb 22 08:22:51 ip-172-31-69-7 kernel: [    1.181795] rtc_cmos 00:02: rtc core: registered rtc_cmos as rtc0
Feb 22 08:22:51 ip-172-31-69-7 kernel: [    1.187684] rtc_cmos 00:02: alarms up to one day, 114 bytes nvram, hpet irqs
Feb 22 08:22:51 ip-172-31-69-7 kernel: [    1.205426] i2c /dev entries driver
Feb 22 08:22:51 ip-172-31-69-7 kernel: [    1.208445] device-mapper: uevent: version 1.0.3
Feb 22 08:22:51 ip-172-31-69-7 kernel: [    1.211414] device-mapper: ioctl: 4.34.0-ioctl (2015-10-28) initialised: dm-devel@redhat.com
Feb 22 08:22:51 ip-172-31-69-7 kernel: [    1.216892] NET: Registered protocol family 10
Feb 22 08:22:51 ip-172-31-69-7 kernel: [    1.221382] NET: Registered protocol family 17
Feb 22 08:22:51 ip-172-31-69-7 kernel: [    1.224372] Key type dns_resolver registered
Feb 22 08:22:51 ip-172-31-69-7 kernel: [    1.227362] registered taskstats version 1
Feb 22 08:22:51 ip-172-31-69-7 kernel: [    1.230083] Loading compiled-in X.509 certificates
Feb 22 08:22:51 ip-172-31-69-7 kernel: [    1.234098] Loaded X.509 cert 'Build time autogenerated kernel key: 3202f79a2fa321ecce3869d36458fe9267f31118'
Feb 22 08:22:51 ip-172-31-69-7 kernel: [    1.239795] blkfront: xvda: barrier or flush: disabled; persistent grants: disabled; indirect descriptors: enabled;
Feb 22 08:22:51 ip-172-31-69-7 kernel: [    1.245608] zswap: loaded using pool lzo/zbud
Feb 22 08:22:51 ip-172-31-69-7 kernel: [    1.251369]  xvda: xvda1
Feb 22 08:22:51 ip-172-31-69-7 kernel: [    1.254196] Key type trusted registered
Feb 22 08:22:51 ip-172-31-69-7 kernel: [    1.259810] Key type encrypted registered
Feb 22 08:22:51 ip-172-31-69-7 kernel: [    1.263137] AppArmor: AppArmor sha1 policy hashing enabled
Feb 22 08:22:51 ip-172-31-69-7 kernel: [    1.267246] ima: No TPM chip found, activating TPM-bypass!
Feb 22 08:22:51 ip-172-31-69-7 kernel: [    1.271117] evm: HMAC attrs: 0x1
Feb 22 08:22:51 ip-172-31-69-7 kernel: [    1.274118]   Magic number: 6:722:380
Feb 22 08:22:51 ip-172-31-69-7 kernel: [    1.277112] rtc_cmos 00:02: setting system clock to 2018-02-22 12:22:44 UTC (1519302164)
Feb 22 08:22:51 ip-172-31-69-7 kernel: [    1.282587] BIOS EDD facility v0.16 2004-Jun-25, 0 devices found
Feb 22 08:22:51 ip-172-31-69-7 kernel: [    1.286326] EDD information not available.
Feb 22 08:22:51 ip-172-31-69-7 kernel: [    1.289076] PM: Hibernation image not present or could not be loaded.
Feb 22 08:22:51 ip-172-31-69-7 kernel: [    1.290777] Freeing unused kernel memory: 1484K
Feb 22 08:22:51 ip-172-31-69-7 kernel: [    1.293854] Write protecting the kernel read-only data: 14336k
Feb 22 08:22:51 ip-172-31-69-7 kernel: [    1.298461] Freeing unused kernel memory: 1908K
Feb 22 08:22:51 ip-172-31-69-7 kernel: [    1.302173] Freeing unused kernel memory: 224K
Feb 22 08:22:51 ip-172-31-69-7 kernel: [    1.317799] random: udevadm: uninitialized urandom read (16 bytes read, 9 bits of entropy available)
Feb 22 08:22:51 ip-172-31-69-7 kernel: [    1.324332] random: systemd-udevd: uninitialized urandom read (16 bytes read, 9 bits of entropy available)
Feb 22 08:22:51 ip-172-31-69-7 kernel: [    1.330762] random: systemd-udevd: uninitialized urandom read (16 bytes read, 9 bits of entropy available)
Feb 22 08:22:51 ip-172-31-69-7 kernel: [    1.336525] random: udevadm: uninitialized urandom read (16 bytes read, 9 bits of entropy available)
Feb 22 08:22:51 ip-172-31-69-7 kernel: [    1.341893] random: systemd-udevd: uninitialized urandom read (16 bytes read, 9 bits of entropy available)
Feb 22 08:22:51 ip-172-31-69-7 kernel: [    1.352089] random: systemd-udevd: uninitialized urandom read (16 bytes read, 9 bits of entropy available)
Feb 22 08:22:51 ip-172-31-69-7 kernel: [    1.360632] random: udevadm: uninitialized urandom read (16 bytes read, 9 bits of entropy available)
Feb 22 08:22:51 ip-172-31-69-7 kernel: [    1.367037] random: systemd-udevd: uninitialized urandom read (16 bytes read, 9 bits of entropy available)
Feb 22 08:22:51 ip-172-31-69-7 kernel: [    1.373067] random: udevadm: uninitialized urandom read (16 bytes read, 9 bits of entropy available)
Feb 22 08:22:51 ip-172-31-69-7 kernel: [    1.378759] random: systemd-udevd: uninitialized urandom read (16 bytes read, 9 bits of entropy available)
Feb 22 08:22:51 ip-172-31-69-7 kernel: [    1.510390] AVX2 version of gcm_enc/dec engaged.
Feb 22 08:22:51 ip-172-31-69-7 kernel: [    1.513764] AES CTR mode by8 optimization enabled
Feb 22 08:22:51 ip-172-31-69-7 kernel: [    1.916122] tsc: Refined TSC clocksource calibration: 2399.999 MHz
Feb 22 08:22:51 ip-172-31-69-7 kernel: [    1.921575] clocksource: tsc: mask: 0xffffffffffffffff max_cycles: 0x2298364cab5, max_idle_ns: 440795214892 ns
Feb 22 08:22:51 ip-172-31-69-7 kernel: [    3.000197] md: linear personality registered for level -1
Feb 22 08:22:51 ip-172-31-69-7 kernel: [    3.006648] md: multipath personality registered for level -4
Feb 22 08:22:51 ip-172-31-69-7 kernel: [    3.013300] md: raid0 personality registered for level 0
Feb 22 08:22:51 ip-172-31-69-7 kernel: [    3.019990] md: raid1 personality registered for level 1
Feb 22 08:22:51 ip-172-31-69-7 kernel: [    3.076063] raid6: sse2x1   gen()  8338 MB/s
Feb 22 08:22:51 ip-172-31-69-7 kernel: [    3.124060] raid6: sse2x1   xor()  6503 MB/s
Feb 22 08:22:51 ip-172-31-69-7 kernel: [    3.176060] raid6: sse2x2   gen() 10785 MB/s
Feb 22 08:22:51 ip-172-31-69-7 kernel: [    3.228061] raid6: sse2x2   xor()  7169 MB/s
Feb 22 08:22:51 ip-172-31-69-7 kernel: [    3.276066] raid6: sse2x4   gen() 12426 MB/s
Feb 22 08:22:51 ip-172-31-69-7 kernel: [    3.324061] raid6: sse2x4   xor()  8557 MB/s
Feb 22 08:22:51 ip-172-31-69-7 kernel: [    3.372063] raid6: avx2x1   gen() 16257 MB/s
Feb 22 08:22:51 ip-172-31-69-7 kernel: [    3.420064] raid6: avx2x2   gen() 19532 MB/s
Feb 22 08:22:51 ip-172-31-69-7 kernel: [    3.468045] raid6: avx2x4   gen() 21722 MB/s
Feb 22 08:22:51 ip-172-31-69-7 kernel: [    3.471177] raid6: using algorithm avx2x4 gen() 21722 MB/s
Feb 22 08:22:51 ip-172-31-69-7 kernel: [    3.474794] raid6: using avx2x2 recovery algorithm
Feb 22 08:22:51 ip-172-31-69-7 kernel: [    3.480277] xor: automatically using best checksumming function:
Feb 22 08:22:51 ip-172-31-69-7 kernel: [    3.520064]    avx       : 26369.000 MB/sec
Feb 22 08:22:51 ip-172-31-69-7 kernel: [    3.525229] async_tx: api initialized (async)
Feb 22 08:22:51 ip-172-31-69-7 kernel: [    3.540106] md: raid6 personality registered for level 6
Feb 22 08:22:51 ip-172-31-69-7 kernel: [    3.543667] md: raid5 personality registered for level 5
Feb 22 08:22:51 ip-172-31-69-7 kernel: [    3.547106] md: raid4 personality registered for level 4
Feb 22 08:22:51 ip-172-31-69-7 kernel: [    3.556258] md: raid10 personality registered for level 10
Feb 22 08:22:51 ip-172-31-69-7 kernel: [    3.596217] Btrfs loaded
Feb 22 08:22:51 ip-172-31-69-7 kernel: [    3.639022] EXT4-fs (xvda1): mounted filesystem with ordered data mode. Opts: (null)
Feb 22 08:22:51 ip-172-31-69-7 kernel: [    4.181789] EXT4-fs (xvda1): re-mounted. Opts: discard
Feb 22 08:22:51 ip-172-31-69-7 kernel: [    4.323064] Loading iSCSI transport class v2.0-870.
Feb 22 08:22:51 ip-172-31-69-7 kernel: [    4.340175] iscsi: registered transport (tcp)
Feb 22 08:22:51 ip-172-31-69-7 kernel: [    4.392274] iscsi: registered transport (iser)
Feb 22 08:22:51 ip-172-31-69-7 kernel: [    5.030234] audit: type=1400 audit(1519302168.248:2): apparmor="STATUS" operation="profile_load" profile="unconfined" name="lxc-container-default" pid=563 comm="apparmor_parser"
Feb 22 08:22:51 ip-172-31-69-7 kernel: [    5.030239] audit: type=1400 audit(1519302168.248:3): apparmor="STATUS" operation="profile_load" profile="unconfined" name="lxc-container-default-cgns" pid=563 comm="apparmor_parser"
Feb 22 08:22:51 ip-172-31-69-7 kernel: [    5.030242] audit: type=1400 audit(1519302168.248:4): apparmor="STATUS" operation="profile_load" profile="unconfined" name="lxc-container-default-with-mounting" pid=563 comm="apparmor_parser"
Feb 22 08:22:51 ip-172-31-69-7 kernel: [    5.030244] audit: type=1400 audit(1519302168.248:5): apparmor="STATUS" operation="profile_load" profile="unconfined" name="lxc-container-default-with-nesting" pid=563 comm="apparmor_parser"
Feb 22 08:22:51 ip-172-31-69-7 kernel: [    5.040145] audit: type=1400 audit(1519302168.260:6): apparmor="STATUS" operation="profile_load" profile="unconfined" name="/sbin/dhclient" pid=564 comm="apparmor_parser"
Feb 22 08:22:51 ip-172-31-69-7 kernel: [    5.040149] audit: type=1400 audit(1519302168.260:7): apparmor="STATUS" operation="profile_load" profile="unconfined" name="/usr/lib/NetworkManager/nm-dhcp-client.action" pid=564 comm="apparmor_parser"
Feb 22 08:22:51 ip-172-31-69-7 kernel: [    5.040152] audit: type=1400 audit(1519302168.260:8): apparmor="STATUS" operation="profile_load" profile="unconfined" name="/usr/lib/NetworkManager/nm-dhcp-helper" pid=564 comm="apparmor_parser"
Feb 22 08:22:51 ip-172-31-69-7 kernel: [    5.040155] audit: type=1400 audit(1519302168.260:9): apparmor="STATUS" operation="profile_load" profile="unconfined" name="/usr/lib/connman/scripts/dhclient-script" pid=564 comm="apparmor_parser"
Feb 22 08:22:51 ip-172-31-69-7 kernel: [    5.045495] audit: type=1400 audit(1519302168.264:10): apparmor="STATUS" operation="profile_load" profile="unconfined" name="/usr/bin/lxc-start" pid=565 comm="apparmor_parser"
Feb 22 08:22:51 ip-172-31-69-7 kernel: [    6.581680] ppdev: user-space parallel port driver
Feb 22 08:22:51 ip-172-31-69-7 kernel: [    8.100747] random: nonblocking pool is initialized
Feb 22 08:22:51 ip-172-31-69-7 systemd[1]: Found device /dev/ttyS0.
Feb 22 08:22:51 ip-172-31-69-7 systemd[1]: Found device /sys/subsystem/net/devices/eth0.
Feb 22 08:22:51 ip-172-31-69-7 systemd[1]: Started Set console font and keymap.
Feb 22 08:22:51 ip-172-31-69-7 systemd[1]: Created slice system-getty.slice.
Feb 22 08:22:51 ip-172-31-69-7 systemd[1]: Listening on Load/Save RF Kill Switch Status /dev/rfkill Watch.
Feb 22 08:22:51 ip-172-31-69-7 dhclient[802]: Internet Systems Consortium DHCP Client 4.3.3
Feb 22 08:22:51 ip-172-31-69-7 dhclient[802]: Copyright 2004-2015 Internet Systems Consortium.
Feb 22 08:22:51 ip-172-31-69-7 dhclient[802]: All rights reserved.
Feb 22 08:22:51 ip-172-31-69-7 dhclient[802]: For info, please visit https://www.isc.org/software/dhcp/
Feb 22 08:22:51 ip-172-31-69-7 dhclient[802]: 
Feb 22 08:22:51 ip-172-31-69-7 dhclient[802]: Listening on LPF/eth0/02:c8:ef:26:67:c4
Feb 22 08:22:51 ip-172-31-69-7 dhclient[802]: Sending on   LPF/eth0/02:c8:ef:26:67:c4
Feb 22 08:22:51 ip-172-31-69-7 dhclient[802]: Sending on   Socket/fallback
Feb 22 08:22:51 ip-172-31-69-7 dhclient[802]: DHCPDISCOVER on eth0 to 255.255.255.255 port 67 interval 3 (xid=0x703931b)
Feb 22 08:22:51 ip-172-31-69-7 dhclient[802]: DHCPREQUEST of 172.31.69.7 on eth0 to 255.255.255.255 port 67 (xid=0x1b930307)
Feb 22 08:22:51 ip-172-31-69-7 dhclient[802]: DHCPOFFER of 172.31.69.7 from 172.31.69.1
Feb 22 08:22:51 ip-172-31-69-7 dhclient[802]: DHCPACK of 172.31.69.7 from 172.31.69.1
Feb 22 08:22:51 ip-172-31-69-7 dhclient[802]: bound to 172.31.69.7 -- renewal in 1362 seconds.
Feb 22 08:22:51 ip-172-31-69-7 cloud-init[450]: Cloud-init v. 17.1 running 'init-local' at Thu, 22 Feb 2018 12:22:48 +0000. Up 5.72 seconds.
Feb 22 08:22:51 ip-172-31-69-7 systemd[1]: Started Initial cloud-init job (pre-networking).
Feb 22 08:22:51 ip-172-31-69-7 systemd[1]: Reached target Network (Pre).
Feb 22 08:22:51 ip-172-31-69-7 systemd[1]: Started ifup for eth0.
Feb 22 08:22:51 ip-172-31-69-7 systemd[1]: Starting Raise network interfaces...
Feb 22 08:22:51 ip-172-31-69-7 dhclient[886]: Internet Systems Consortium DHCP Client 4.3.3
Feb 22 08:22:51 ip-172-31-69-7 sh[869]: Internet Systems Consortium DHCP Client 4.3.3
Feb 22 08:22:51 ip-172-31-69-7 dhclient[886]: Copyright 2004-2015 Internet Systems Consortium.
Feb 22 08:22:51 ip-172-31-69-7 sh[869]: Copyright 2004-2015 Internet Systems Consortium.
Feb 22 08:22:51 ip-172-31-69-7 dhclient[886]: All rights reserved.
Feb 22 08:22:51 ip-172-31-69-7 sh[869]: All rights reserved.
Feb 22 08:22:51 ip-172-31-69-7 dhclient[886]: For info, please visit https://www.isc.org/software/dhcp/
Feb 22 08:22:51 ip-172-31-69-7 sh[869]: For info, please visit https://www.isc.org/software/dhcp/
Feb 22 08:22:51 ip-172-31-69-7 dhclient[886]: 
Feb 22 08:22:51 ip-172-31-69-7 dhclient[886]: Listening on LPF/eth0/02:c8:ef:26:67:c4
Feb 22 08:22:51 ip-172-31-69-7 sh[869]: Listening on LPF/eth0/02:c8:ef:26:67:c4
Feb 22 08:22:51 ip-172-31-69-7 sh[869]: Sending on   LPF/eth0/02:c8:ef:26:67:c4
Feb 22 08:22:51 ip-172-31-69-7 sh[869]: Sending on   Socket/fallback
Feb 22 08:22:51 ip-172-31-69-7 sh[869]: DHCPDISCOVER on eth0 to 255.255.255.255 port 67 interval 3 (xid=0xfd1d8e56)
Feb 22 08:22:51 ip-172-31-69-7 dhclient[886]: Sending on   LPF/eth0/02:c8:ef:26:67:c4
Feb 22 08:22:51 ip-172-31-69-7 dhclient[886]: Sending on   Socket/fallback
Feb 22 08:22:51 ip-172-31-69-7 dhclient[886]: DHCPDISCOVER on eth0 to 255.255.255.255 port 67 interval 3 (xid=0xfd1d8e56)
Feb 22 08:22:51 ip-172-31-69-7 dhclient[886]: DHCPREQUEST of 172.31.69.7 on eth0 to 255.255.255.255 port 67 (xid=0x568e1dfd)
Feb 22 08:22:51 ip-172-31-69-7 sh[869]: DHCPREQUEST of 172.31.69.7 on eth0 to 255.255.255.255 port 67 (xid=0x568e1dfd)
Feb 22 08:22:51 ip-172-31-69-7 sh[869]: DHCPOFFER of 172.31.69.7 from 172.31.69.1
Feb 22 08:22:51 ip-172-31-69-7 dhclient[886]: DHCPOFFER of 172.31.69.7 from 172.31.69.1
Feb 22 08:22:51 ip-172-31-69-7 dhclient[886]: DHCPACK of 172.31.69.7 from 172.31.69.1
Feb 22 08:22:51 ip-172-31-69-7 sh[869]: DHCPACK of 172.31.69.7 from 172.31.69.1
Feb 22 08:22:51 ip-172-31-69-7 dhclient[886]: bound to 172.31.69.7 -- renewal in 1778 seconds.
Feb 22 08:22:51 ip-172-31-69-7 sh[869]: bound to 172.31.69.7 -- renewal in 1778 seconds.
Feb 22 08:22:51 ip-172-31-69-7 systemd[1]: Started Raise network interfaces.
Feb 22 08:22:51 ip-172-31-69-7 systemd[1]: Starting Initial cloud-init job (metadata service crawler)...
Feb 22 08:22:51 ip-172-31-69-7 systemd[1]: Reached target Network.
Feb 22 08:22:51 ip-172-31-69-7 cloud-init[1043]: Cloud-init v. 17.1 running 'init' at Thu, 22 Feb 2018 12:22:51 +0000. Up 7.86 seconds.
Feb 22 08:22:51 ip-172-31-69-7 cloud-init[1043]: ci-info: ++++++++++++++++++++++++++++++++++++++Net device info+++++++++++++++++++++++++++++++++++++++
Feb 22 08:22:51 ip-172-31-69-7 cloud-init[1043]: ci-info: +--------+------+----------------------------+-----------------+-------+-------------------+
Feb 22 08:22:51 ip-172-31-69-7 cloud-init[1043]: ci-info: | Device |  Up  |          Address           |       Mask      | Scope |     Hw-Address    |
Feb 22 08:22:51 ip-172-31-69-7 cloud-init[1043]: ci-info: +--------+------+----------------------------+-----------------+-------+-------------------+
Feb 22 08:22:51 ip-172-31-69-7 cloud-init[1043]: ci-info: |  eth0  | True |        172.31.69.7         | 255.255.255.224 |   .   | 02:c8:ef:26:67:c4 |
Feb 22 08:22:51 ip-172-31-69-7 cloud-init[1043]: ci-info: |  eth0  | True | fe80::c8:efff:fe26:67c4/64 |        .        |  link | 02:c8:ef:26:67:c4 |
Feb 22 08:22:51 ip-172-31-69-7 cloud-init[1043]: ci-info: |   lo   | True |         127.0.0.1          |    255.0.0.0    |   .   |         .         |
Feb 22 08:22:51 ip-172-31-69-7 cloud-init[1043]: ci-info: |   lo   | True |          ::1/128           |        .        |  host |         .         |
Feb 22 08:22:51 ip-172-31-69-7 cloud-init[1043]: ci-info: +--------+------+----------------------------+-----------------+-------+-------------------+
Feb 22 08:22:51 ip-172-31-69-7 cloud-init[1043]: ci-info: ++++++++++++++++++++++++++++++Route IPv4 info++++++++++++++++++++++++++++++
Feb 22 08:22:51 ip-172-31-69-7 cloud-init[1043]: ci-info: +-------+-------------+-------------+-----------------+-----------+-------+
Feb 22 08:22:51 ip-172-31-69-7 cloud-init[1043]: ci-info: | Route | Destination |   Gateway   |     Genmask     | Interface | Flags |
Feb 22 08:22:51 ip-172-31-69-7 cloud-init[1043]: ci-info: +-------+-------------+-------------+-----------------+-----------+-------+
Feb 22 08:22:51 ip-172-31-69-7 cloud-init[1043]: ci-info: |   0   |   0.0.0.0   | 172.31.69.1 |     0.0.0.0     |    eth0   |   UG  |
Feb 22 08:22:51 ip-172-31-69-7 cloud-init[1043]: ci-info: |   1   | 172.31.69.0 |   0.0.0.0   | 255.255.255.224 |    eth0   |   U   |
Feb 22 08:22:51 ip-172-31-69-7 cloud-init[1043]: ci-info: +-------+-------------+-------------+-----------------+-----------+-------+
Feb 22 08:22:51 ip-172-31-69-7 systemd[1]: Started Initial cloud-init job (metadata service crawler).
Feb 22 08:22:51 ip-172-31-69-7 systemd[1]: Reached target Cloud-config availability.
Feb 22 08:22:51 ip-172-31-69-7 systemd[1]: Reached target Network is Online.
Feb 22 08:22:51 ip-172-31-69-7 systemd[1]: Starting iSCSI initiator daemon (iscsid)...
Feb 22 08:22:51 ip-172-31-69-7 systemd[1]: Reached target System Initialization.
Feb 22 08:22:51 ip-172-31-69-7 systemd[1]: Starting LXD - unix socket.
Feb 22 08:22:51 ip-172-31-69-7 systemd[1]: Listening on UUID daemon activation socket.
Feb 22 08:22:51 ip-172-31-69-7 systemd[1]: Started Daily apt download activities.
Feb 22 08:22:51 ip-172-31-69-7 systemd[1]: Started ACPI Events Check.
Feb 22 08:22:51 ip-172-31-69-7 systemd[1]: Reached target Paths.
Feb 22 08:22:51 ip-172-31-69-7 systemd[1]: Started Daily Cleanup of Temporary Directories.
Feb 22 08:22:51 ip-172-31-69-7 systemd[1]: Starting Socket activation for snappy daemon.
Feb 22 08:22:51 ip-172-31-69-7 systemd[1]: Listening on ACPID Listen Socket.
Feb 22 08:22:51 ip-172-31-69-7 systemd[1]: Started Timer to automatically refresh installed snaps.
Feb 22 08:22:51 ip-172-31-69-7 systemd[1]: Listening on D-Bus System Message Bus Socket.
Feb 22 08:22:51 ip-172-31-69-7 systemd[1]: Started Daily apt upgrade and clean activities.
Feb 22 08:22:51 ip-172-31-69-7 systemd[1]: Reached target Timers.
Feb 22 08:22:51 ip-172-31-69-7 systemd[1]: Listening on LXD - unix socket.
Feb 22 08:22:51 ip-172-31-69-7 systemd[1]: Listening on Socket activation for snappy daemon.
Feb 22 08:22:51 ip-172-31-69-7 iscsid: iSCSI logger with pid=1099 started!
Feb 22 08:22:51 ip-172-31-69-7 iscsid: iSCSI daemon with pid=1100 started!
Feb 22 08:22:51 ip-172-31-69-7 systemd[1]: Started iSCSI initiator daemon (iscsid).
Feb 22 08:22:51 ip-172-31-69-7 systemd[1]: Starting Login to default iSCSI targets...
Feb 22 08:22:51 ip-172-31-69-7 systemd[1]: Reached target Sockets.
Feb 22 08:22:51 ip-172-31-69-7 systemd[1]: Reached target Basic System.
Feb 22 08:22:51 ip-172-31-69-7 systemd[1]: Starting /etc/rc.local Compatibility...
Feb 22 08:22:51 ip-172-31-69-7 systemd[1]: Started Deferred execution scheduler.
Feb 22 08:22:51 ip-172-31-69-7 systemd[1]: Starting LSB: Record successful boot for GRUB...
Feb 22 08:22:51 ip-172-31-69-7 systemd[1]: Starting Login Service...
Feb 22 08:22:51 ip-172-31-69-7 systemd[1]: Starting System Logging Service...
Feb 22 08:22:51 ip-172-31-69-7 systemd[1]: Starting Snappy daemon...
Feb 22 08:22:51 ip-172-31-69-7 systemd[1]: Started Regular background program processing daemon.
Feb 22 08:22:51 ip-172-31-69-7 cron[1126]: (CRON) INFO (pidfile fd = 3)
Feb 22 08:22:51 ip-172-31-69-7 systemd[1]: Started D-Bus System Message Bus.
Feb 22 08:22:51 ip-172-31-69-7 cron[1126]: (CRON) INFO (Running @reboot jobs)
Feb 22 08:22:51 ip-172-31-69-7 dbus[1130]: [system] AppArmor D-Bus mediation is enabled
Feb 22 08:22:51 ip-172-31-69-7 systemd[1]: Starting Initialize hardware monitoring sensors...
Feb 22 08:22:51 ip-172-31-69-7 systemd[1]: Starting Apply the settings specified in cloud-config...
Feb 22 08:22:51 ip-172-31-69-7 systemd[1]: Starting LSB: MD monitoring daemon...
Feb 22 08:22:51 ip-172-31-69-7 sensors[1136]: No sensors found!
Feb 22 08:22:51 ip-172-31-69-7 sensors[1136]: Make sure you loaded all the kernel drivers you need.
Feb 22 08:22:51 ip-172-31-69-7 sensors[1136]: Try sensors-detect to find out which these are.
Feb 22 08:22:51 ip-172-31-69-7 systemd[1]: Started Unattended Upgrades Shutdown.
Feb 22 08:22:51 ip-172-31-69-7 systemd[1]: Started ACPI event daemon.
Feb 22 08:22:51 ip-172-31-69-7 systemd[1]: Starting OpenBSD Secure Shell server...
Feb 22 08:22:51 ip-172-31-69-7 acpid: starting up with netlink and the input layer
Feb 22 08:22:51 ip-172-31-69-7 acpid: 1 rule loaded
Feb 22 08:22:51 ip-172-31-69-7 acpid: waiting for events: event logging is off
Feb 22 08:22:51 ip-172-31-69-7 systemd[1]: Started FUSE filesystem for LXC.
Feb 22 08:22:51 ip-172-31-69-7 systemd[1]: Starting Accounts Service...
Feb 22 08:22:51 ip-172-31-69-7 systemd[1]: Starting LXD - container startup/shutdown...
Feb 22 08:22:51 ip-172-31-69-7 lxcfs[1156]: hierarchies:
Feb 22 08:22:51 ip-172-31-69-7 lxcfs[1156]:   0: fd:   5: blkio
Feb 22 08:22:51 ip-172-31-69-7 lxcfs[1156]:   1: fd:   6: hugetlb
Feb 22 08:22:51 ip-172-31-69-7 lxcfs[1156]:   2: fd:   7: cpuset
Feb 22 08:22:51 ip-172-31-69-7 lxcfs[1156]:   3: fd:   8: net_cls,net_prio
Feb 22 08:22:51 ip-172-31-69-7 lxcfs[1156]:   4: fd:   9: perf_event
Feb 22 08:22:51 ip-172-31-69-7 lxcfs[1156]:   5: fd:  10: pids
Feb 22 08:22:51 ip-172-31-69-7 lxcfs[1156]:   6: fd:  11: freezer
Feb 22 08:22:51 ip-172-31-69-7 lxcfs[1156]:   7: fd:  12: devices
Feb 22 08:22:51 ip-172-31-69-7 lxcfs[1156]:   8: fd:  13: cpu,cpuacct
Feb 22 08:22:51 ip-172-31-69-7 lxcfs[1156]:   9: fd:  14: memory
Feb 22 08:22:51 ip-172-31-69-7 lxcfs[1156]:  10: fd:  15: name=systemd
Feb 22 08:22:51 ip-172-31-69-7 kernel: [    8.597216] cgroup: new mount options do not match the existing superblock, will be ignored
Feb 22 08:22:51 ip-172-31-69-7 systemd[1]: Started System Logging Service.
Feb 22 08:22:51 ip-172-31-69-7 systemd[1]: Started /etc/rc.local Compatibility.
Feb 22 08:22:51 ip-172-31-69-7 systemd[1]: Started OpenBSD Secure Shell server.
Feb 22 08:22:51 ip-172-31-69-7 sensors[1169]: No sensors found!
Feb 22 08:22:51 ip-172-31-69-7 sensors[1169]: Make sure you loaded all the kernel drivers you need.
Feb 22 08:22:51 ip-172-31-69-7 sensors[1169]: Try sensors-detect to find out which these are.
Feb 22 08:22:51 ip-172-31-69-7 systemd[1]: Started Initialize hardware monitoring sensors.
Feb 22 08:22:51 ip-172-31-69-7 snapd[1124]: AppArmor status: apparmor is enabled and all features are available
Feb 22 08:22:51 ip-172-31-69-7 iscsiadm[1177]: iscsiadm: No records found
Feb 22 08:22:51 ip-172-31-69-7 snapd[1124]: 2018/02/22 08:22:51.945135 daemon.go:306: started snapd/2.29.4.2 (series 16; classic) ubuntu/16.04 (amd64) linux/4.4.0-1049-aws.
Feb 22 08:22:51 ip-172-31-69-7 systemd[1]: Started Login to default iSCSI targets.
Feb 22 08:22:51 ip-172-31-69-7 dbus[1130]: [system] Activating via systemd: service name='org.freedesktop.PolicyKit1' unit='polkitd.service'
Feb 22 08:22:51 ip-172-31-69-7 systemd[1]: Started LSB: Record successful boot for GRUB.
Feb 22 08:22:51 ip-172-31-69-7 systemd[1]: Started Snappy daemon.
Feb 22 08:22:52 ip-172-31-69-7 mdadm[1141]:  * Starting MD monitoring service mdadm --monitor
Feb 22 08:22:52 ip-172-31-69-7 mdadm[1141]:    ...done.
Feb 22 08:22:52 ip-172-31-69-7 systemd[1]: Started LSB: MD monitoring daemon.
Feb 22 08:22:52 ip-172-31-69-7 systemd[1]: Started Login Service.
Feb 22 08:22:52 ip-172-31-69-7 systemd[1]: Starting Authenticate and Authorize Users to Run Privileged Tasks...
Feb 22 08:22:52 ip-172-31-69-7 systemd[1]: Reached target Remote File Systems (Pre).
Feb 22 08:22:52 ip-172-31-69-7 systemd[1]: Reached target Remote File Systems.
Feb 22 08:22:52 ip-172-31-69-7 systemd[1]: Starting Permit User Sessions...
Feb 22 08:22:52 ip-172-31-69-7 systemd[1]: Starting LSB: Set the CPU Frequency Scaling governor to "ondemand"...
Feb 22 08:22:52 ip-172-31-69-7 systemd[1]: Starting LSB: daemon to balance interrupts for SMP systems...
Feb 22 08:22:52 ip-172-31-69-7 polkitd[1197]: started daemon version 0.105 using authority implementation `local' version `0.105'
Feb 22 08:22:52 ip-172-31-69-7 dbus[1130]: [system] Successfully activated service 'org.freedesktop.PolicyKit1'
Feb 22 08:22:52 ip-172-31-69-7 systemd[1]: Starting LSB: automatic crash report generation...
Feb 22 08:22:52 ip-172-31-69-7 accounts-daemon[1159]: started daemon version 0.6.40
Feb 22 08:22:52 ip-172-31-69-7 systemd[1]: Starting LSB: disk temperature monitoring daemon...
Feb 22 08:22:52 ip-172-31-69-7 systemd[1]: Started LXD - container startup/shutdown.
Feb 22 08:22:52 ip-172-31-69-7 systemd[1]: Started Permit User Sessions.
Feb 22 08:22:52 ip-172-31-69-7 systemd[1]: Started Authenticate and Authorize Users to Run Privileged Tasks.
Feb 22 08:22:52 ip-172-31-69-7 systemd[1]: Started Accounts Service.
Feb 22 08:22:52 ip-172-31-69-7 systemd[1]: Started LSB: disk temperature monitoring daemon.
Feb 22 08:22:52 ip-172-31-69-7 systemd[1]: Starting Terminate Plymouth Boot Screen...
Feb 22 08:22:52 ip-172-31-69-7 systemd[1]: Starting Hold until boot process finishes up...
Feb 22 08:22:52 ip-172-31-69-7 irqbalance[1212]:  * Starting SMP IRQ Balancer: irqbalance
Feb 22 08:22:52 ip-172-31-69-7 apport[1216]:  * Starting automatic crash report generation: apport
Feb 22 08:22:52 ip-172-31-69-7 systemd[1]: Started Terminate Plymouth Boot Screen.
Feb 22 08:22:52 ip-172-31-69-7 systemd[1]: Started LSB: Set the CPU Frequency Scaling governor to "ondemand".
Feb 22 08:22:52 ip-172-31-69-7 systemd[1]: Started Hold until boot process finishes up.
Feb 22 08:22:52 ip-172-31-69-7 /usr/sbin/irqbalance: Balancing is ineffective on systems with a single cpu.  Shutting down
Feb 22 08:22:52 ip-172-31-69-7 irqbalance[1212]:    ...done.
Feb 22 08:22:52 ip-172-31-69-7 apport[1216]:    ...done.
Feb 22 08:22:52 ip-172-31-69-7 systemd[1]: Started LSB: daemon to balance interrupts for SMP systems.
Feb 22 08:22:52 ip-172-31-69-7 systemd[1]: Started LSB: automatic crash report generation.
Feb 22 08:22:52 ip-172-31-69-7 systemd[1]: Started Getty on tty1.
Feb 22 08:22:52 ip-172-31-69-7 systemd[1]: Started Serial Getty on ttyS0.
Feb 22 08:22:52 ip-172-31-69-7 systemd[1]: Reached target Login Prompts.
Feb 22 08:22:52 ip-172-31-69-7 systemd[1]: Starting Set console scheme...
Feb 22 08:22:52 ip-172-31-69-7 systemd[1]: Reached target Multi-User System.
Feb 22 08:22:52 ip-172-31-69-7 systemd[1]: Reached target Graphical Interface.
Feb 22 08:22:52 ip-172-31-69-7 systemd[1]: Starting Update UTMP about System Runlevel Changes...
Feb 22 08:22:52 ip-172-31-69-7 systemd[1]: Started Set console scheme.
Feb 22 08:22:52 ip-172-31-69-7 systemd[1]: Started Update UTMP about System Runlevel Changes.
Feb 22 08:22:52 ip-172-31-69-7 cloud-init[1139]: Cloud-init v. 17.1 running 'modules:config' at Thu, 22 Feb 2018 12:22:52 +0000. Up 9.34 seconds.
Feb 22 08:22:52 ip-172-31-69-7 systemd[1]: Started Apply the settings specified in cloud-config.
Feb 22 08:22:52 ip-172-31-69-7 systemd[1]: Starting Execute cloud user/final scripts...
Feb 22 08:22:53 ip-172-31-69-7 cloud-init[1280]: Cloud-init v. 17.1 running 'modules:final' at Thu, 22 Feb 2018 12:22:52 +0000. Up 9.74 seconds.
Feb 22 08:22:53 ip-172-31-69-7 cloud-init[1280]: Cloud-init v. 17.1 finished at Thu, 22 Feb 2018 12:22:53 +0000. Datasource DataSourceEc2Local.  Up 9.85 seconds
Feb 22 08:22:53 ip-172-31-69-7 systemd[1]: Started Execute cloud user/final scripts.
Feb 22 08:22:53 ip-172-31-69-7 systemd[1]: Reached target Cloud-init target.
Feb 22 08:22:53 ip-172-31-69-7 systemd[1]: Startup finished in 3.751s (kernel) + 6.201s (userspace) = 9.953s.
Feb 22 08:23:18 ip-172-31-69-7 systemd-timesyncd[512]: Synchronized to time server 91.189.89.198:123 (ntp.ubuntu.com).
Feb 22 08:25:11 ip-172-31-69-7 systemd[1]: Created slice User Slice of ubuntu.
Feb 22 08:25:11 ip-172-31-69-7 systemd[1]: Starting User Manager for UID 1000...
Feb 22 08:25:11 ip-172-31-69-7 systemd[1]: Started Session 1 of user ubuntu.
Feb 22 08:25:11 ip-172-31-69-7 systemd[1299]: Reached target Paths.
Feb 22 08:25:11 ip-172-31-69-7 systemd[1299]: Reached target Timers.
Feb 22 08:25:11 ip-172-31-69-7 systemd[1299]: Reached target Sockets.
Feb 22 08:25:11 ip-172-31-69-7 systemd[1299]: Reached target Basic System.
Feb 22 08:25:11 ip-172-31-69-7 systemd[1299]: Reached target Default.
Feb 22 08:25:11 ip-172-31-69-7 systemd[1299]: Startup finished in 24ms.
Feb 22 08:25:11 ip-172-31-69-7 systemd[1]: Started User Manager for UID 1000.
Feb 22 08:25:26 ip-172-31-69-7 kernel: [  163.653644] Netfilter messages via NETLINK v0.30.
Feb 22 08:25:44 ip-172-31-69-7 kernel: [  181.174163] device eth0 entered promiscuous mode
Feb 22 08:37:49 ip-172-31-69-7 systemd[1]: Starting Cleanup of Temporary Directories...
Feb 22 08:37:49 ip-172-31-69-7 systemd-tmpfiles[1417]: [/usr/lib/tmpfiles.d/var.conf:14] Duplicate line for path "/var/log", ignoring.
Feb 22 08:37:49 ip-172-31-69-7 systemd[1]: Started Cleanup of Temporary Directories.
Feb 22 08:52:28 ip-172-31-69-7 dhclient[921]: DHCPREQUEST of 172.31.69.7 on eth0 to 172.31.69.1 port 67 (xid=0x568e1dfd)
Feb 22 08:52:28 ip-172-31-69-7 dhclient[921]: DHCPACK of 172.31.69.7 from 172.31.69.1
Feb 22 08:52:28 ip-172-31-69-7 dhclient[921]: bound to 172.31.69.7 -- renewal in 1455 seconds.
Feb 22 09:16:43 ip-172-31-69-7 dhclient[921]: DHCPREQUEST of 172.31.69.7 on eth0 to 172.31.69.1 port 67 (xid=0x568e1dfd)
Feb 22 09:16:43 ip-172-31-69-7 dhclient[921]: DHCPACK of 172.31.69.7 from 172.31.69.1
Feb 22 09:16:43 ip-172-31-69-7 dhclient[921]: bound to 172.31.69.7 -- renewal in 1730 seconds.
Feb 22 09:17:01 ip-172-31-69-7 CRON[1449]: (root) CMD (   cd / && run-parts --report /etc/cron.hourly)
Feb 22 09:45:33 ip-172-31-69-7 dhclient[921]: DHCPREQUEST of 172.31.69.7 on eth0 to 172.31.69.1 port 67 (xid=0x568e1dfd)
Feb 22 09:45:33 ip-172-31-69-7 dhclient[921]: DHCPACK of 172.31.69.7 from 172.31.69.1
Feb 22 09:45:33 ip-172-31-69-7 dhclient[921]: bound to 172.31.69.7 -- renewal in 1563 seconds.
Feb 22 10:11:36 ip-172-31-69-7 dhclient[921]: DHCPREQUEST of 172.31.69.7 on eth0 to 172.31.69.1 port 67 (xid=0x568e1dfd)
Feb 22 10:11:36 ip-172-31-69-7 dhclient[921]: DHCPACK of 172.31.69.7 from 172.31.69.1
Feb 22 10:11:36 ip-172-31-69-7 dhclient[921]: bound to 172.31.69.7 -- renewal in 1526 seconds.
Feb 22 10:17:01 ip-172-31-69-7 CRON[1508]: (root) CMD (   cd / && run-parts --report /etc/cron.hourly)
Feb 22 10:37:03 ip-172-31-69-7 dhclient[921]: DHCPREQUEST of 172.31.69.7 on eth0 to 172.31.69.1 port 67 (xid=0x568e1dfd)
Feb 22 10:37:03 ip-172-31-69-7 dhclient[921]: DHCPACK of 172.31.69.7 from 172.31.69.1
Feb 22 10:37:03 ip-172-31-69-7 dhclient[921]: bound to 172.31.69.7 -- renewal in 1636 seconds.
Feb 22 11:04:19 ip-172-31-69-7 dhclient[921]: DHCPREQUEST of 172.31.69.7 on eth0 to 172.31.69.1 port 67 (xid=0x568e1dfd)
Feb 22 11:04:19 ip-172-31-69-7 dhclient[921]: DHCPACK of 172.31.69.7 from 172.31.69.1
Feb 22 11:04:19 ip-172-31-69-7 dhclient[921]: bound to 172.31.69.7 -- renewal in 1440 seconds.
Feb 22 11:17:01 ip-172-31-69-7 CRON[1541]: (root) CMD (   cd / && run-parts --report /etc/cron.hourly)
Feb 22 11:28:19 ip-172-31-69-7 dhclient[921]: DHCPREQUEST of 172.31.69.7 on eth0 to 172.31.69.1 port 67 (xid=0x568e1dfd)
Feb 22 11:28:19 ip-172-31-69-7 dhclient[921]: DHCPACK of 172.31.69.7 from 172.31.69.1
Feb 22 11:28:19 ip-172-31-69-7 dhclient[921]: bound to 172.31.69.7 -- renewal in 1494 seconds.
Feb 22 11:53:13 ip-172-31-69-7 dhclient[921]: DHCPREQUEST of 172.31.69.7 on eth0 to 172.31.69.1 port 67 (xid=0x568e1dfd)
Feb 22 11:53:13 ip-172-31-69-7 dhclient[921]: DHCPACK of 172.31.69.7 from 172.31.69.1
Feb 22 11:53:13 ip-172-31-69-7 dhclient[921]: bound to 172.31.69.7 -- renewal in 1544 seconds.
Feb 22 12:17:01 ip-172-31-69-7 CRON[1568]: (root) CMD (   cd / && run-parts --report /etc/cron.hourly)
Feb 22 12:18:57 ip-172-31-69-7 dhclient[921]: DHCPREQUEST of 172.31.69.7 on eth0 to 172.31.69.1 port 67 (xid=0x568e1dfd)
Feb 22 12:18:57 ip-172-31-69-7 dhclient[921]: DHCPACK of 172.31.69.7 from 172.31.69.1
Feb 22 12:18:57 ip-172-31-69-7 dhclient[921]: bound to 172.31.69.7 -- renewal in 1588 seconds.
Feb 22 12:45:25 ip-172-31-69-7 dhclient[921]: DHCPREQUEST of 172.31.69.7 on eth0 to 172.31.69.1 port 67 (xid=0x568e1dfd)
Feb 22 12:45:25 ip-172-31-69-7 dhclient[921]: DHCPACK of 172.31.69.7 from 172.31.69.1
Feb 22 12:45:25 ip-172-31-69-7 dhclient[921]: bound to 172.31.69.7 -- renewal in 1436 seconds.
Feb 22 13:09:21 ip-172-31-69-7 dhclient[921]: DHCPREQUEST of 172.31.69.7 on eth0 to 172.31.69.1 port 67 (xid=0x568e1dfd)
Feb 22 13:09:21 ip-172-31-69-7 dhclient[921]: DHCPACK of 172.31.69.7 from 172.31.69.1
Feb 22 13:09:21 ip-172-31-69-7 dhclient[921]: bound to 172.31.69.7 -- renewal in 1584 seconds.
Feb 22 13:17:01 ip-172-31-69-7 CRON[1690]: (root) CMD (   cd / && run-parts --report /etc/cron.hourly)
Feb 22 13:30:01 ip-172-31-69-7 systemd-timesyncd[512]: Synchronized to time server 91.189.89.199:123 (ntp.ubuntu.com).
Feb 22 13:35:45 ip-172-31-69-7 dhclient[921]: DHCPREQUEST of 172.31.69.7 on eth0 to 172.31.69.1 port 67 (xid=0x568e1dfd)
Feb 22 13:35:45 ip-172-31-69-7 dhclient[921]: DHCPACK of 172.31.69.7 from 172.31.69.1
Feb 22 13:35:45 ip-172-31-69-7 dhclient[921]: bound to 172.31.69.7 -- renewal in 1590 seconds.
Feb 22 13:47:01 ip-172-31-69-7 CRON[1707]: (root) CMD (nohup tcpdump > /home/ubuntu/capture/dump$(hostname -I) &  )
Feb 22 14:02:15 ip-172-31-69-7 dhclient[921]: DHCPREQUEST of 172.31.69.7 on eth0 to 172.31.69.1 port 67 (xid=0x568e1dfd)
Feb 22 14:02:15 ip-172-31-69-7 dhclient[921]: DHCPACK of 172.31.69.7 from 172.31.69.1
Feb 22 14:02:15 ip-172-31-69-7 dhclient[921]: bound to 172.31.69.7 -- renewal in 1466 seconds.
Feb 22 14:17:01 ip-172-31-69-7 CRON[1726]: (root) CMD (   cd / && run-parts --report /etc/cron.hourly)
Feb 22 14:26:41 ip-172-31-69-7 dhclient[921]: DHCPREQUEST of 172.31.69.7 on eth0 to 172.31.69.1 port 67 (xid=0x568e1dfd)
Feb 22 14:26:41 ip-172-31-69-7 dhclient[921]: DHCPACK of 172.31.69.7 from 172.31.69.1
Feb 22 14:26:41 ip-172-31-69-7 dhclient[921]: bound to 172.31.69.7 -- renewal in 1504 seconds.
Feb 22 14:39:06 ip-172-31-69-7 systemd[1]: Starting Daily apt download activities...
Feb 22 14:39:15 ip-172-31-69-7 systemd[1]: Started Daily apt download activities.
Feb 22 14:51:45 ip-172-31-69-7 dhclient[921]: DHCPREQUEST of 172.31.69.7 on eth0 to 172.31.69.1 port 67 (xid=0x568e1dfd)
Feb 22 14:51:45 ip-172-31-69-7 dhclient[921]: DHCPACK of 172.31.69.7 from 172.31.69.1
Feb 22 14:51:45 ip-172-31-69-7 dhclient[921]: bound to 172.31.69.7 -- renewal in 1784 seconds.
Feb 22 15:17:01 ip-172-31-69-7 CRON[2024]: (root) CMD (   cd / && run-parts --report /etc/cron.hourly)
Feb 22 15:21:29 ip-172-31-69-7 dhclient[921]: DHCPREQUEST of 172.31.69.7 on eth0 to 172.31.69.1 port 67 (xid=0x568e1dfd)
Feb 22 15:21:29 ip-172-31-69-7 dhclient[921]: DHCPACK of 172.31.69.7 from 172.31.69.1
Feb 22 15:21:29 ip-172-31-69-7 dhclient[921]: bound to 172.31.69.7 -- renewal in 1387 seconds.
Feb 22 15:44:36 ip-172-31-69-7 dhclient[921]: DHCPREQUEST of 172.31.69.7 on eth0 to 172.31.69.1 port 67 (xid=0x568e1dfd)
Feb 22 15:44:36 ip-172-31-69-7 dhclient[921]: DHCPACK of 172.31.69.7 from 172.31.69.1
Feb 22 15:44:36 ip-172-31-69-7 dhclient[921]: bound to 172.31.69.7 -- renewal in 1369 seconds.
Feb 22 16:07:25 ip-172-31-69-7 dhclient[921]: DHCPREQUEST of 172.31.69.7 on eth0 to 172.31.69.1 port 67 (xid=0x568e1dfd)
Feb 22 16:07:25 ip-172-31-69-7 dhclient[921]: DHCPACK of 172.31.69.7 from 172.31.69.1
Feb 22 16:07:25 ip-172-31-69-7 dhclient[921]: bound to 172.31.69.7 -- renewal in 1539 seconds.
Feb 22 16:17:01 ip-172-31-69-7 CRON[2065]: (root) CMD (   cd / && run-parts --report /etc/cron.hourly)
Feb 22 16:33:04 ip-172-31-69-7 dhclient[921]: DHCPREQUEST of 172.31.69.7 on eth0 to 172.31.69.1 port 67 (xid=0x568e1dfd)
Feb 22 16:33:04 ip-172-31-69-7 dhclient[921]: DHCPACK of 172.31.69.7 from 172.31.69.1
Feb 22 16:33:04 ip-172-31-69-7 dhclient[921]: bound to 172.31.69.7 -- renewal in 1796 seconds.
Feb 22 17:03:00 ip-172-31-69-7 dhclient[921]: DHCPREQUEST of 172.31.69.7 on eth0 to 172.31.69.1 port 67 (xid=0x568e1dfd)
Feb 22 17:03:00 ip-172-31-69-7 dhclient[921]: DHCPACK of 172.31.69.7 from 172.31.69.1
Feb 22 17:03:00 ip-172-31-69-7 dhclient[921]: bound to 172.31.69.7 -- renewal in 1622 seconds.
Feb 22 17:17:01 ip-172-31-69-7 CRON[2299]: (root) CMD (   cd / && run-parts --report /etc/cron.hourly)
