Feb 28 06:39:01 ip-172-31-69-28 CRON[7180]: (root) CMD (  [ -x /usr/lib/php/sessionclean ] && /usr/lib/php/sessionclean)
Feb 28 06:40:35 ip-172-31-69-28 dhclient[985]: DHCPREQUEST of 172.31.69.28 on eth0 to 172.31.69.1 port 67 (xid=0x2c0ef0d7)
Feb 28 06:40:35 ip-172-31-69-28 dhclient[985]: DHCPACK of 172.31.69.28 from 172.31.69.1
Feb 28 06:40:35 ip-172-31-69-28 dhclient[985]: bound to 172.31.69.28 -- renewal in 1382 seconds.
Feb 28 07:03:37 ip-172-31-69-28 dhclient[985]: DHCPREQUEST of 172.31.69.28 on eth0 to 172.31.69.1 port 67 (xid=0x2c0ef0d7)
Feb 28 07:03:37 ip-172-31-69-28 dhclient[985]: DHCPACK of 172.31.69.28 from 172.31.69.1
Feb 28 07:03:37 ip-172-31-69-28 dhclient[985]: bound to 172.31.69.28 -- renewal in 1729 seconds.
Feb 28 07:09:01 ip-172-31-69-28 CRON[7295]: (root) CMD (  [ -x /usr/lib/php/sessionclean ] && /usr/lib/php/sessionclean)
Feb 28 07:17:01 ip-172-31-69-28 CRON[7382]: (root) CMD (   cd / && run-parts --report /etc/cron.hourly)
Feb 28 07:32:26 ip-172-31-69-28 dhclient[985]: DHCPREQUEST of 172.31.69.28 on eth0 to 172.31.69.1 port 67 (xid=0x2c0ef0d7)
Feb 28 07:32:26 ip-172-31-69-28 dhclient[985]: DHCPACK of 172.31.69.28 from 172.31.69.1
Feb 28 07:32:26 ip-172-31-69-28 dhclient[985]: bound to 172.31.69.28 -- renewal in 1715 seconds.
Feb 28 07:39:01 ip-172-31-69-28 CRON[7403]: (root) CMD (  [ -x /usr/lib/php/sessionclean ] && /usr/lib/php/sessionclean)
Feb 28 08:01:01 ip-172-31-69-28 dhclient[985]: DHCPREQUEST of 172.31.69.28 on eth0 to 172.31.69.1 port 67 (xid=0x2c0ef0d7)
Feb 28 08:01:01 ip-172-31-69-28 dhclient[985]: DHCPACK of 172.31.69.28 from 172.31.69.1
Feb 28 08:01:01 ip-172-31-69-28 dhclient[985]: bound to 172.31.69.28 -- renewal in 1494 seconds.
Feb 28 08:09:01 ip-172-31-69-28 CRON[7502]: (root) CMD (  [ -x /usr/lib/php/sessionclean ] && /usr/lib/php/sessionclean)
Feb 28 08:17:01 ip-172-31-69-28 CRON[7591]: (root) CMD (   cd / && run-parts --report /etc/cron.hourly)
Feb 28 08:21:11 ip-172-31-69-28 systemd[1]: Received SIGINT.
Feb 28 08:21:11 ip-172-31-69-28 systemd[1]: Stopped target Timers.
Feb 28 08:21:11 ip-172-31-69-28 systemd[1]: Stopped Daily apt upgrade and clean activities.
Feb 28 08:21:11 ip-172-31-69-28 systemd[1]: Stopped Timer to automatically refresh installed snaps.
Feb 28 08:21:11 ip-172-31-69-28 systemd[1]: Stopped Daily apt download activities.
Feb 28 08:21:11 ip-172-31-69-28 systemd[1]: Stopped target System Time Synchronized.
Feb 28 08:21:11 ip-172-31-69-28 systemd[1]: Stopping Authenticate and Authorize Users to Run Privileged Tasks...
Feb 28 08:21:11 ip-172-31-69-28 systemd[1]: Stopped target Graphical Interface.
Feb 28 08:21:11 ip-172-31-69-28 systemd[1]: Stopping User Manager for UID 1000...
Feb 28 08:21:11 ip-172-31-69-28 systemd[1370]: Reached target Shutdown.
Feb 28 08:21:11 ip-172-31-69-28 systemd[1370]: Starting Exit the Session...
Feb 28 08:21:11 ip-172-31-69-28 systemd[1370]: Stopped target Default.
Feb 28 08:21:11 ip-172-31-69-28 systemd[1370]: Stopped target Basic System.
Feb 28 08:21:11 ip-172-31-69-28 systemd[1370]: Stopped target Timers.
Feb 28 08:21:11 ip-172-31-69-28 systemd[1370]: Stopped target Sockets.
Feb 28 08:21:11 ip-172-31-69-28 systemd[1370]: Stopped target Paths.
Feb 28 08:21:11 ip-172-31-69-28 systemd[1]: Stopping Session 1 of user ubuntu.
Feb 28 08:21:11 ip-172-31-69-28 systemd[1370]: Received SIGRTMIN+24 from PID 7595 (kill).
Feb 28 08:21:11 ip-172-31-69-28 kernel: [86553.140087] device eth0 left promiscuous mode
Feb 28 08:21:11 ip-172-31-69-28 systemd[1]: Closed Load/Save RF Kill Switch Status /dev/rfkill Watch.
Feb 28 08:21:11 ip-172-31-69-28 systemd[1]: Stopped Daily Cleanup of Temporary Directories.
Feb 28 08:21:11 ip-172-31-69-28 systemd[1]: Stopped target Cloud-init target.
Feb 28 08:21:11 ip-172-31-69-28 systemd[1]: Stopped Execute cloud user/final scripts.
Feb 28 08:21:11 ip-172-31-69-28 systemd[1]: Stopped target Multi-User System.
Feb 28 08:21:11 ip-172-31-69-28 systemd[1]: Stopping LSB: MD monitoring daemon...
Feb 28 08:21:11 ip-172-31-69-28 systemd[1]: Stopping Regular background program processing daemon...
Feb 28 08:21:11 ip-172-31-69-28 systemd[1]: Stopping LSB: Apache2 web server...
Feb 28 08:21:11 ip-172-31-69-28 systemd[1]: Stopping Deferred execution scheduler...
Feb 28 08:21:11 ip-172-31-69-28 systemd[1]: Stopping Unattended Upgrades Shutdown...
Feb 28 08:21:11 ip-172-31-69-28 systemd[1]: Stopping MySQL Community Server...
Feb 28 08:21:11 ip-172-31-69-28 systemd[1]: Stopping Snappy daemon...
Feb 28 08:21:11 ip-172-31-69-28 snapd[1156]: 2018/02/28 08:21:11.595026 main.go:78: Exiting on terminated signal.
Feb 28 08:21:11 ip-172-31-69-28 systemd[1]: Stopping D-Bus System Message Bus...
Feb 28 08:21:11 ip-172-31-69-28 systemd[1]: Stopping LSB: Set the CPU Frequency Scaling governor to "ondemand"...
Feb 28 08:21:11 ip-172-31-69-28 systemd[1]: Stopping LSB: daemon to balance interrupts for SMP systems...
Feb 28 08:21:11 ip-172-31-69-28 systemd[1]: Stopping LSB: Record successful boot for GRUB...
Feb 28 08:21:11 ip-172-31-69-28 systemd[1]: Stopped target Login Prompts.
Feb 28 08:21:11 ip-172-31-69-28 systemd[1]: Stopping Getty on tty1...
Feb 28 08:21:11 ip-172-31-69-28 systemd[1]: Stopping Serial Getty on ttyS0...
Feb 28 08:21:11 ip-172-31-69-28 systemd[1]: Stopping LSB: automatic crash report generation...
Feb 28 08:21:11 ip-172-31-69-28 systemd[1]: Stopping The PHP 7.0 FastCGI Process Manager...
Feb 28 08:21:11 ip-172-31-69-28 rsyslogd: [origin software="rsyslogd" swVersion="8.16.0" x-pid="1137" x-info="http://www.rsyslog.com"] exiting on signal 15.
Feb 28 08:21:45 ip-172-31-69-28 rsyslogd: [origin software="rsyslogd" swVersion="8.16.0" x-pid="1113" x-info="http://www.rsyslog.com"] start
Feb 28 08:21:45 ip-172-31-69-28 rsyslogd-2222: command 'KLogPermitNonKernelFacility' is currently not permitted - did you already set it via a RainerScript command (v6+ config)? [v8.16.0 try http://www.rsyslog.com/e/2222 ]
Feb 28 08:21:45 ip-172-31-69-28 rsyslogd: rsyslogd's groupid changed to 108
Feb 28 08:21:45 ip-172-31-69-28 rsyslogd: rsyslogd's userid changed to 104
Feb 28 08:21:45 ip-172-31-69-28 rsyslogd-2039: Could not open output pipe '/dev/xconsole':: No such file or directory [v8.16.0 try http://www.rsyslog.com/e/2039 ]
Feb 28 08:21:45 ip-172-31-69-28 rsyslogd-2007: action 'action 11' suspended, next retry is Wed Feb 28 08:22:15 2018 [v8.16.0 try http://www.rsyslog.com/e/2007 ]
Feb 28 08:21:45 ip-172-31-69-28 kernel: [    0.000000] Initializing cgroup subsys cpuset
Feb 28 08:21:45 ip-172-31-69-28 kernel: [    0.000000] Initializing cgroup subsys cpu
Feb 28 08:21:45 ip-172-31-69-28 kernel: [    0.000000] Initializing cgroup subsys cpuacct
Feb 28 08:21:45 ip-172-31-69-28 kernel: [    0.000000] Linux version 4.4.0-1052-aws (buildd@lgw01-amd64-031) (gcc version 5.4.0 20160609 (Ubuntu 5.4.0-6ubuntu1~16.04.9) ) #61-Ubuntu SMP Mon Feb 12 23:05:58 UTC 2018 (Ubuntu 4.4.0-1052.61-aws 4.4.98)
Feb 28 08:21:45 ip-172-31-69-28 kernel: [    0.000000] Command line: BOOT_IMAGE=/boot/vmlinuz-4.4.0-1052-aws root=UUID=ccee1a8d-0785-4b3a-a578-812d59f5d3e1 ro console=tty1 console=ttyS0 nvme.io_timeout=4294967295
Feb 28 08:21:45 ip-172-31-69-28 kernel: [    0.000000] KERNEL supported cpus:
Feb 28 08:21:45 ip-172-31-69-28 kernel: [    0.000000]   Intel GenuineIntel
Feb 28 08:21:45 ip-172-31-69-28 kernel: [    0.000000]   AMD AuthenticAMD
Feb 28 08:21:45 ip-172-31-69-28 kernel: [    0.000000]   Centaur CentaurHauls
Feb 28 08:21:45 ip-172-31-69-28 kernel: [    0.000000] x86/fpu: xstate_offset[2]:  576, xstate_sizes[2]:  256
Feb 28 08:21:45 ip-172-31-69-28 kernel: [    0.000000] x86/fpu: Supporting XSAVE feature 0x01: 'x87 floating point registers'
Feb 28 08:21:45 ip-172-31-69-28 kernel: [    0.000000] x86/fpu: Supporting XSAVE feature 0x02: 'SSE registers'
Feb 28 08:21:45 ip-172-31-69-28 kernel: [    0.000000] x86/fpu: Supporting XSAVE feature 0x04: 'AVX registers'
Feb 28 08:21:45 ip-172-31-69-28 kernel: [    0.000000] x86/fpu: Enabled xstate features 0x7, context size is 832 bytes, using 'standard' format.
Feb 28 08:21:45 ip-172-31-69-28 kernel: [    0.000000] x86/fpu: Using 'eager' FPU context switches.
Feb 28 08:21:45 ip-172-31-69-28 kernel: [    0.000000] e820: BIOS-provided physical RAM map:
Feb 28 08:21:45 ip-172-31-69-28 kernel: [    0.000000] BIOS-e820: [mem 0x0000000000000000-0x000000000009dfff] usable
Feb 28 08:21:45 ip-172-31-69-28 kernel: [    0.000000] BIOS-e820: [mem 0x000000000009e000-0x000000000009ffff] reserved
Feb 28 08:21:45 ip-172-31-69-28 kernel: [    0.000000] BIOS-e820: [mem 0x00000000000e0000-0x00000000000fffff] reserved
Feb 28 08:21:45 ip-172-31-69-28 kernel: [    0.000000] BIOS-e820: [mem 0x0000000000100000-0x000000003fffffff] usable
Feb 28 08:21:45 ip-172-31-69-28 kernel: [    0.000000] BIOS-e820: [mem 0x00000000fc000000-0x00000000ffffffff] reserved
Feb 28 08:21:45 ip-172-31-69-28 kernel: [    0.000000] NX (Execute Disable) protection: active
Feb 28 08:21:45 ip-172-31-69-28 kernel: [    0.000000] SMBIOS 2.7 present.
Feb 28 08:21:45 ip-172-31-69-28 kernel: [    0.000000] DMI: Xen HVM domU, BIOS 4.2.amazon 08/24/2006
Feb 28 08:21:45 ip-172-31-69-28 kernel: [    0.000000] Hypervisor detected: Xen
Feb 28 08:21:45 ip-172-31-69-28 kernel: [    0.000000] Xen version 4.2.
Feb 28 08:21:45 ip-172-31-69-28 kernel: [    0.000000] Xen Platform PCI: I/O protocol version 1
Feb 28 08:21:45 ip-172-31-69-28 kernel: [    0.000000] Netfront and the Xen platform PCI driver have been compiled for this kernel: unplug emulated NICs.
Feb 28 08:21:45 ip-172-31-69-28 kernel: [    0.000000] Blkfront and the Xen platform PCI driver have been compiled for this kernel: unplug emulated disks.
Feb 28 08:21:45 ip-172-31-69-28 kernel: [    0.000000] You might have to change the root device
Feb 28 08:21:45 ip-172-31-69-28 kernel: [    0.000000] from /dev/hd[a-d] to /dev/xvd[a-d]
Feb 28 08:21:45 ip-172-31-69-28 kernel: [    0.000000] in your root= kernel command line option
Feb 28 08:21:45 ip-172-31-69-28 kernel: [    0.000000] HVMOP_pagetable_dying not supported
Feb 28 08:21:45 ip-172-31-69-28 kernel: [    0.000000] e820: update [mem 0x00000000-0x00000fff] usable ==> reserved
Feb 28 08:21:45 ip-172-31-69-28 kernel: [    0.000000] e820: remove [mem 0x000a0000-0x000fffff] usable
Feb 28 08:21:45 ip-172-31-69-28 kernel: [    0.000000] e820: last_pfn = 0x40000 max_arch_pfn = 0x400000000
Feb 28 08:21:45 ip-172-31-69-28 kernel: [    0.000000] MTRR default type: write-back
Feb 28 08:21:45 ip-172-31-69-28 kernel: [    0.000000] MTRR fixed ranges enabled:
Feb 28 08:21:45 ip-172-31-69-28 kernel: [    0.000000]   00000-9FFFF write-back
Feb 28 08:21:45 ip-172-31-69-28 kernel: [    0.000000]   A0000-BFFFF write-combining
Feb 28 08:21:45 ip-172-31-69-28 kernel: [    0.000000]   C0000-FFFFF write-back
Feb 28 08:21:45 ip-172-31-69-28 kernel: [    0.000000] MTRR variable ranges enabled:
Feb 28 08:21:45 ip-172-31-69-28 kernel: [    0.000000]   0 base 0000F0000000 mask 3FFFF8000000 uncachable
Feb 28 08:21:45 ip-172-31-69-28 kernel: [    0.000000]   1 base 0000F8000000 mask 3FFFFC000000 uncachable
Feb 28 08:21:45 ip-172-31-69-28 kernel: [    0.000000]   2 disabled
Feb 28 08:21:45 ip-172-31-69-28 kernel: [    0.000000]   3 disabled
Feb 28 08:21:45 ip-172-31-69-28 kernel: [    0.000000]   4 disabled
Feb 28 08:21:45 ip-172-31-69-28 kernel: [    0.000000]   5 disabled
Feb 28 08:21:45 ip-172-31-69-28 kernel: [    0.000000]   6 disabled
Feb 28 08:21:45 ip-172-31-69-28 kernel: [    0.000000]   7 disabled
Feb 28 08:21:45 ip-172-31-69-28 kernel: [    0.000000] x86/PAT: Configuration [0-7]: WB  WC  UC- UC  WB  WC  UC- WT  
Feb 28 08:21:45 ip-172-31-69-28 kernel: [    0.000000] found SMP MP-table at [mem 0x000fbc20-0x000fbc2f] mapped at [ffff8800000fbc20]
Feb 28 08:21:45 ip-172-31-69-28 kernel: [    0.000000] Scanning 1 areas for low memory corruption
Feb 28 08:21:45 ip-172-31-69-28 kernel: [    0.000000] Base memory trampoline at [ffff880000098000] 98000 size 24576
Feb 28 08:21:45 ip-172-31-69-28 kernel: [    0.000000] BRK [0x021fd000, 0x021fdfff] PGTABLE
Feb 28 08:21:45 ip-172-31-69-28 kernel: [    0.000000] BRK [0x021fe000, 0x021fefff] PGTABLE
Feb 28 08:21:45 ip-172-31-69-28 kernel: [    0.000000] BRK [0x021ff000, 0x021fffff] PGTABLE
Feb 28 08:21:45 ip-172-31-69-28 kernel: [    0.000000] RAMDISK: [mem 0x367d6000-0x373e2fff]
Feb 28 08:21:45 ip-172-31-69-28 kernel: [    0.000000] ACPI: Early table checksum verification disabled
Feb 28 08:21:45 ip-172-31-69-28 kernel: [    0.000000] ACPI: RSDP 0x00000000000EA020 000024 (v02 Xen   )
Feb 28 08:21:45 ip-172-31-69-28 kernel: [    0.000000] ACPI: XSDT 0x00000000FC00DDC0 000054 (v01 Xen    HVM      00000000 HVML 00000000)
Feb 28 08:21:45 ip-172-31-69-28 kernel: [    0.000000] ACPI: FACP 0x00000000FC00DA80 0000F4 (v04 Xen    HVM      00000000 HVML 00000000)
Feb 28 08:21:45 ip-172-31-69-28 kernel: [    0.000000] ACPI: DSDT 0x00000000FC001CE0 00BD19 (v02 Xen    HVM      00000000 INTL 20090123)
Feb 28 08:21:45 ip-172-31-69-28 kernel: [    0.000000] ACPI: FACS 0x00000000FC001CA0 000040
Feb 28 08:21:45 ip-172-31-69-28 kernel: [    0.000000] ACPI: FACS 0x00000000FC001CA0 000040
Feb 28 08:21:45 ip-172-31-69-28 kernel: [    0.000000] ACPI: APIC 0x00000000FC00DB80 0000D8 (v02 Xen    HVM      00000000 HVML 00000000)
Feb 28 08:21:45 ip-172-31-69-28 kernel: [    0.000000] ACPI: HPET 0x00000000FC00DCD0 000038 (v01 Xen    HVM      00000000 HVML 00000000)
Feb 28 08:21:45 ip-172-31-69-28 kernel: [    0.000000] ACPI: WAET 0x00000000FC00DD10 000028 (v01 Xen    HVM      00000000 HVML 00000000)
Feb 28 08:21:45 ip-172-31-69-28 kernel: [    0.000000] ACPI: SSDT 0x00000000FC00DD40 000031 (v02 Xen    HVM      00000000 INTL 20090123)
Feb 28 08:21:45 ip-172-31-69-28 kernel: [    0.000000] ACPI: SSDT 0x00000000FC00DD80 000031 (v02 Xen    HVM      00000000 INTL 20090123)
Feb 28 08:21:45 ip-172-31-69-28 kernel: [    0.000000] ACPI: Local APIC address 0xfee00000
Feb 28 08:21:45 ip-172-31-69-28 kernel: [    0.000000] No NUMA configuration found
Feb 28 08:21:45 ip-172-31-69-28 kernel: [    0.000000] Faking a node at [mem 0x0000000000000000-0x000000003fffffff]
Feb 28 08:21:45 ip-172-31-69-28 kernel: [    0.000000] NODE_DATA(0) allocated [mem 0x3fffb000-0x3fffffff]
Feb 28 08:21:45 ip-172-31-69-28 kernel: [    0.000000] Zone ranges:
Feb 28 08:21:45 ip-172-31-69-28 kernel: [    0.000000]   DMA      [mem 0x0000000000001000-0x0000000000ffffff]
Feb 28 08:21:45 ip-172-31-69-28 kernel: [    0.000000]   DMA32    [mem 0x0000000001000000-0x000000003fffffff]
Feb 28 08:21:45 ip-172-31-69-28 kernel: [    0.000000]   Normal   empty
Feb 28 08:21:45 ip-172-31-69-28 kernel: [    0.000000]   Device   empty
Feb 28 08:21:45 ip-172-31-69-28 kernel: [    0.000000] Movable zone start for each node
Feb 28 08:21:45 ip-172-31-69-28 kernel: [    0.000000] Early memory node ranges
Feb 28 08:21:45 ip-172-31-69-28 kernel: [    0.000000]   node   0: [mem 0x0000000000001000-0x000000000009dfff]
Feb 28 08:21:45 ip-172-31-69-28 kernel: [    0.000000]   node   0: [mem 0x0000000000100000-0x000000003fffffff]
Feb 28 08:21:45 ip-172-31-69-28 kernel: [    0.000000] Initmem setup node 0 [mem 0x0000000000001000-0x000000003fffffff]
Feb 28 08:21:45 ip-172-31-69-28 kernel: [    0.000000] On node 0 totalpages: 262045
Feb 28 08:21:45 ip-172-31-69-28 kernel: [    0.000000]   DMA zone: 64 pages used for memmap
Feb 28 08:21:45 ip-172-31-69-28 kernel: [    0.000000]   DMA zone: 21 pages reserved
Feb 28 08:21:45 ip-172-31-69-28 kernel: [    0.000000]   DMA zone: 3997 pages, LIFO batch:0
Feb 28 08:21:45 ip-172-31-69-28 kernel: [    0.000000]   DMA32 zone: 4032 pages used for memmap
Feb 28 08:21:45 ip-172-31-69-28 kernel: [    0.000000]   DMA32 zone: 258048 pages, LIFO batch:31
Feb 28 08:21:45 ip-172-31-69-28 kernel: [    0.000000] ACPI: PM-Timer IO Port: 0xb008
Feb 28 08:21:45 ip-172-31-69-28 kernel: [    0.000000] ACPI: Local APIC address 0xfee00000
Feb 28 08:21:45 ip-172-31-69-28 kernel: [    0.000000] IOAPIC[0]: apic_id 1, version 17, address 0xfec00000, GSI 0-47
Feb 28 08:21:45 ip-172-31-69-28 kernel: [    0.000000] ACPI: INT_SRC_OVR (bus 0 bus_irq 0 global_irq 2 dfl dfl)
Feb 28 08:21:45 ip-172-31-69-28 kernel: [    0.000000] ACPI: INT_SRC_OVR (bus 0 bus_irq 5 global_irq 5 low level)
Feb 28 08:21:45 ip-172-31-69-28 kernel: [    0.000000] ACPI: INT_SRC_OVR (bus 0 bus_irq 10 global_irq 10 low level)
Feb 28 08:21:45 ip-172-31-69-28 kernel: [    0.000000] ACPI: INT_SRC_OVR (bus 0 bus_irq 11 global_irq 11 low level)
Feb 28 08:21:45 ip-172-31-69-28 kernel: [    0.000000] ACPI: IRQ0 used by override.
Feb 28 08:21:45 ip-172-31-69-28 kernel: [    0.000000] ACPI: IRQ5 used by override.
Feb 28 08:21:45 ip-172-31-69-28 kernel: [    0.000000] ACPI: IRQ9 used by override.
Feb 28 08:21:45 ip-172-31-69-28 kernel: [    0.000000] ACPI: IRQ10 used by override.
Feb 28 08:21:45 ip-172-31-69-28 kernel: [    0.000000] ACPI: IRQ11 used by override.
Feb 28 08:21:45 ip-172-31-69-28 kernel: [    0.000000] Using ACPI (MADT) for SMP configuration information
Feb 28 08:21:45 ip-172-31-69-28 kernel: [    0.000000] ACPI: HPET id: 0x8086a201 base: 0xfed00000
Feb 28 08:21:45 ip-172-31-69-28 kernel: [    0.000000] smpboot: Allowing 15 CPUs, 14 hotplug CPUs
Feb 28 08:21:45 ip-172-31-69-28 kernel: [    0.000000] PM: Registered nosave memory: [mem 0x00000000-0x00000fff]
Feb 28 08:21:45 ip-172-31-69-28 kernel: [    0.000000] PM: Registered nosave memory: [mem 0x0009e000-0x0009ffff]
Feb 28 08:21:45 ip-172-31-69-28 kernel: [    0.000000] PM: Registered nosave memory: [mem 0x000a0000-0x000dffff]
Feb 28 08:21:45 ip-172-31-69-28 kernel: [    0.000000] PM: Registered nosave memory: [mem 0x000e0000-0x000fffff]
Feb 28 08:21:45 ip-172-31-69-28 kernel: [    0.000000] e820: [mem 0x40000000-0xfbffffff] available for PCI devices
Feb 28 08:21:45 ip-172-31-69-28 kernel: [    0.000000] Booting paravirtualized kernel on Xen HVM
Feb 28 08:21:45 ip-172-31-69-28 kernel: [    0.000000] clocksource: refined-jiffies: mask: 0xffffffff max_cycles: 0xffffffff, max_idle_ns: 7645519600211568 ns
Feb 28 08:21:45 ip-172-31-69-28 kernel: [    0.000000] setup_percpu: NR_CPUS:256 nr_cpumask_bits:256 nr_cpu_ids:15 nr_node_ids:1
Feb 28 08:21:45 ip-172-31-69-28 kernel: [    0.000000] PERCPU: Embedded 34 pages/cpu @ffff88003e200000 s99160 r8192 d31912 u262144
Feb 28 08:21:45 ip-172-31-69-28 kernel: [    0.000000] pcpu-alloc: s99160 r8192 d31912 u262144 alloc=1*2097152
Feb 28 08:21:45 ip-172-31-69-28 kernel: [    0.000000] pcpu-alloc: [0] 00 01 02 03 04 05 06 07 [0] 08 09 10 11 12 13 14 -- 
Feb 28 08:21:45 ip-172-31-69-28 kernel: [    0.000000] xen: PV spinlocks enabled
Feb 28 08:21:45 ip-172-31-69-28 kernel: [    0.000000] PV qspinlock hash table entries: 256 (order: 0, 4096 bytes)
Feb 28 08:21:45 ip-172-31-69-28 kernel: [    0.000000] Built 1 zonelists in Node order, mobility grouping on.  Total pages: 257928
Feb 28 08:21:45 ip-172-31-69-28 kernel: [    0.000000] Policy zone: DMA32
Feb 28 08:21:45 ip-172-31-69-28 kernel: [    0.000000] Kernel command line: BOOT_IMAGE=/boot/vmlinuz-4.4.0-1052-aws root=UUID=ccee1a8d-0785-4b3a-a578-812d59f5d3e1 ro console=tty1 console=ttyS0 nvme.io_timeout=4294967295
Feb 28 08:21:45 ip-172-31-69-28 kernel: [    0.000000] PID hash table entries: 4096 (order: 3, 32768 bytes)
Feb 28 08:21:45 ip-172-31-69-28 kernel: [    0.000000] Calgary: detecting Calgary via BIOS EBDA area
Feb 28 08:21:45 ip-172-31-69-28 kernel: [    0.000000] Calgary: Unable to locate Rio Grande table in EBDA - bailing!
Feb 28 08:21:45 ip-172-31-69-28 kernel: [    0.000000] Memory: 998612K/1048180K available (8351K kernel code, 1276K rwdata, 3876K rodata, 1492K init, 1264K bss, 49568K reserved, 0K cma-reserved)
Feb 28 08:21:45 ip-172-31-69-28 kernel: [    0.000000] SLUB: HWalign=64, Order=0-3, MinObjects=0, CPUs=15, Nodes=1
Feb 28 08:21:45 ip-172-31-69-28 kernel: [    0.000000] Kernel/User page tables isolation: enabled
Feb 28 08:21:45 ip-172-31-69-28 kernel: [    0.000000] Hierarchical RCU implementation.
Feb 28 08:21:45 ip-172-31-69-28 kernel: [    0.000000] 	Build-time adjustment of leaf fanout to 64.
Feb 28 08:21:45 ip-172-31-69-28 kernel: [    0.000000] 	RCU restricting CPUs from NR_CPUS=256 to nr_cpu_ids=15.
Feb 28 08:21:45 ip-172-31-69-28 kernel: [    0.000000] RCU: Adjusting geometry for rcu_fanout_leaf=64, nr_cpu_ids=15
Feb 28 08:21:45 ip-172-31-69-28 kernel: [    0.000000] NR_IRQS:16640 nr_irqs:952 16
Feb 28 08:21:45 ip-172-31-69-28 kernel: [    0.000000] xen:events: Using 2-level ABI
Feb 28 08:21:45 ip-172-31-69-28 kernel: [    0.000000] xen:events: Xen HVM callback vector for event delivery is enabled
Feb 28 08:21:45 ip-172-31-69-28 kernel: [    0.000000] Console: colour VGA+ 80x25
Feb 28 08:21:45 ip-172-31-69-28 kernel: [    0.000000] console [tty1] enabled
Feb 28 08:21:45 ip-172-31-69-28 kernel: [    0.000000] Cannot get hvm parameter CONSOLE_EVTCHN (18): -22!
Feb 28 08:21:45 ip-172-31-69-28 kernel: [    0.000000] console [ttyS0] enabled
Feb 28 08:21:45 ip-172-31-69-28 kernel: [    0.000000] clocksource: hpet: mask: 0xffffffff max_cycles: 0xffffffff, max_idle_ns: 30580167144 ns
Feb 28 08:21:45 ip-172-31-69-28 kernel: [    0.000000] hpet clockevent registered
Feb 28 08:21:45 ip-172-31-69-28 kernel: [    0.000000] tsc: Detected 2400.044 MHz processor
Feb 28 08:21:45 ip-172-31-69-28 kernel: [    0.008000] Calibrating delay loop (skipped), value calculated using timer frequency.. 4800.08 BogoMIPS (lpj=9600176)
Feb 28 08:21:45 ip-172-31-69-28 kernel: [    0.009946] pid_max: default: 32768 minimum: 301
Feb 28 08:21:45 ip-172-31-69-28 kernel: [    0.012010] ACPI: Core revision 20150930
Feb 28 08:21:45 ip-172-31-69-28 kernel: [    0.022209] ACPI: 3 ACPI AML tables successfully acquired and loaded
Feb 28 08:21:45 ip-172-31-69-28 kernel: [    0.024699] Security Framework initialized
Feb 28 08:21:45 ip-172-31-69-28 kernel: [    0.028003] Yama: becoming mindful.
Feb 28 08:21:45 ip-172-31-69-28 kernel: [    0.030100] AppArmor: AppArmor initialized
Feb 28 08:21:45 ip-172-31-69-28 kernel: [    0.032084] Dentry cache hash table entries: 131072 (order: 8, 1048576 bytes)
Feb 28 08:21:45 ip-172-31-69-28 kernel: [    0.036174] Inode-cache hash table entries: 65536 (order: 7, 524288 bytes)
Feb 28 08:21:45 ip-172-31-69-28 kernel: [    0.040078] Mount-cache hash table entries: 2048 (order: 2, 16384 bytes)
Feb 28 08:21:45 ip-172-31-69-28 kernel: [    0.044004] Mountpoint-cache hash table entries: 2048 (order: 2, 16384 bytes)
Feb 28 08:21:45 ip-172-31-69-28 kernel: [    0.048175] Initializing cgroup subsys io
Feb 28 08:21:45 ip-172-31-69-28 kernel: [    0.050621] Initializing cgroup subsys memory
Feb 28 08:21:45 ip-172-31-69-28 kernel: [    0.052010] Initializing cgroup subsys devices
Feb 28 08:21:45 ip-172-31-69-28 kernel: [    0.056003] Initializing cgroup subsys freezer
Feb 28 08:21:45 ip-172-31-69-28 kernel: [    0.058638] Initializing cgroup subsys net_cls
Feb 28 08:21:45 ip-172-31-69-28 kernel: [    0.060004] Initializing cgroup subsys perf_event
Feb 28 08:21:45 ip-172-31-69-28 kernel: [    0.064007] Initializing cgroup subsys net_prio
Feb 28 08:21:45 ip-172-31-69-28 kernel: [    0.068008] Initializing cgroup subsys hugetlb
Feb 28 08:21:45 ip-172-31-69-28 kernel: [    0.070679] Initializing cgroup subsys pids
Feb 28 08:21:45 ip-172-31-69-28 kernel: [    0.072059] CPU: Physical Processor ID: 0
Feb 28 08:21:45 ip-172-31-69-28 kernel: [    0.076011] FEATURE SPEC_CTRL Not Present
Feb 28 08:21:45 ip-172-31-69-28 kernel: [    0.079236] mce: CPU supports 2 MCE banks
Feb 28 08:21:45 ip-172-31-69-28 kernel: [    0.080023] Last level iTLB entries: 4KB 1024, 2MB 1024, 4MB 1024
Feb 28 08:21:45 ip-172-31-69-28 kernel: [    0.084002] Last level dTLB entries: 4KB 1024, 2MB 1024, 4MB 1024, 1GB 4
Feb 28 08:21:45 ip-172-31-69-28 kernel: [    0.088005] Spectre V2 mitigation: Mitigation: Full generic retpoline
Feb 28 08:21:45 ip-172-31-69-28 kernel: [    0.092004] Spectre V2 mitigation: Speculation control IBPB not-supported IBRS not-supported
Feb 28 08:21:45 ip-172-31-69-28 kernel: [    0.115522] ftrace: allocating 31292 entries in 123 pages
Feb 28 08:21:45 ip-172-31-69-28 kernel: [    0.156091] smpboot: APIC(0) Converting physical 0 to logical package 0
Feb 28 08:21:45 ip-172-31-69-28 kernel: [    0.160006] smpboot: Max logical packages: 15
Feb 28 08:21:45 ip-172-31-69-28 kernel: [    0.162744] x2apic: IRQ remapping doesn't support X2APIC mode
Feb 28 08:21:45 ip-172-31-69-28 kernel: [    0.164005] Switched APIC routing to physical flat.
Feb 28 08:21:45 ip-172-31-69-28 kernel: [    0.170059] ..TIMER: vector=0x30 apic1=0 pin1=2 apic2=0 pin2=0
Feb 28 08:21:45 ip-172-31-69-28 kernel: [    0.172003] clocksource: xen: mask: 0xffffffffffffffff max_cycles: 0x1cd42e4dffb, max_idle_ns: 881590591483 ns
Feb 28 08:21:45 ip-172-31-69-28 kernel: [    0.176009] Xen: using vcpuop timer interface
Feb 28 08:21:45 ip-172-31-69-28 kernel: [    0.176016] installing Xen timer for CPU 0
Feb 28 08:21:45 ip-172-31-69-28 kernel: [    0.180063] smpboot: CPU0: Intel(R) Xeon(R) CPU E5-2676 v3 @ 2.40GHz (family: 0x6, model: 0x3f, stepping: 0x2)
Feb 28 08:21:45 ip-172-31-69-28 kernel: [    0.185306] cpu 0 spinlock event irq 53
Feb 28 08:21:45 ip-172-31-69-28 kernel: [    0.187436] Performance Events: unsupported p6 CPU model 63 no PMU driver, software events only.
Feb 28 08:21:45 ip-172-31-69-28 kernel: [    0.192180] x86: Booted up 1 node, 1 CPUs
Feb 28 08:21:45 ip-172-31-69-28 kernel: [    0.194420] smpboot: Total of 1 processors activated (4800.08 BogoMIPS)
Feb 28 08:21:45 ip-172-31-69-28 kernel: [    0.196010] NMI watchdog: disabled (cpu0): hardware events not enabled
Feb 28 08:21:45 ip-172-31-69-28 kernel: [    0.199134] NMI watchdog: Shutting down hard lockup detector on all cpus
Feb 28 08:21:45 ip-172-31-69-28 kernel: [    0.200353] devtmpfs: initialized
Feb 28 08:21:45 ip-172-31-69-28 kernel: [    0.204274] evm: security.selinux
Feb 28 08:21:45 ip-172-31-69-28 kernel: [    0.206207] evm: security.SMACK64
Feb 28 08:21:45 ip-172-31-69-28 kernel: [    0.208006] evm: security.SMACK64EXEC
Feb 28 08:21:45 ip-172-31-69-28 kernel: [    0.210056] evm: security.SMACK64TRANSMUTE
Feb 28 08:21:45 ip-172-31-69-28 kernel: [    0.212006] evm: security.SMACK64MMAP
Feb 28 08:21:45 ip-172-31-69-28 kernel: [    0.214087] evm: security.ima
Feb 28 08:21:45 ip-172-31-69-28 kernel: [    0.215889] evm: security.capability
Feb 28 08:21:45 ip-172-31-69-28 kernel: [    0.216144] clocksource: jiffies: mask: 0xffffffff max_cycles: 0xffffffff, max_idle_ns: 7645041785100000 ns
Feb 28 08:21:45 ip-172-31-69-28 kernel: [    0.220032] futex hash table entries: 4096 (order: 6, 262144 bytes)
Feb 28 08:21:45 ip-172-31-69-28 kernel: [    0.223341] RTC time: 12:21:37, date: 02/28/18
Feb 28 08:21:45 ip-172-31-69-28 kernel: [    0.224136] NET: Registered protocol family 16
Feb 28 08:21:45 ip-172-31-69-28 kernel: [    0.228140] cpuidle: using governor ladder
Feb 28 08:21:45 ip-172-31-69-28 kernel: [    0.230407] cpuidle: using governor menu
Feb 28 08:21:45 ip-172-31-69-28 kernel: [    0.232011] PCCT header not found.
Feb 28 08:21:45 ip-172-31-69-28 kernel: [    0.233989] ACPI: bus type PCI registered
Feb 28 08:21:45 ip-172-31-69-28 kernel: [    0.236006] acpiphp: ACPI Hot Plug PCI Controller Driver version: 0.5
Feb 28 08:21:45 ip-172-31-69-28 kernel: [    0.239481] PCI: Using configuration type 1 for base access
Feb 28 08:21:45 ip-172-31-69-28 kernel: [    0.241042] ACPI: Added _OSI(Module Device)
Feb 28 08:21:45 ip-172-31-69-28 kernel: [    0.243437] ACPI: Added _OSI(Processor Device)
Feb 28 08:21:45 ip-172-31-69-28 kernel: [    0.244007] ACPI: Added _OSI(3.0 _SCP Extensions)
Feb 28 08:21:45 ip-172-31-69-28 kernel: [    0.246626] ACPI: Added _OSI(Processor Aggregator Device)
Feb 28 08:21:45 ip-172-31-69-28 kernel: [    0.249034] xen: --> pirq=16 -> irq=9 (gsi=9)
Feb 28 08:21:45 ip-172-31-69-28 kernel: [    0.251762] ACPI: Interpreter enabled
Feb 28 08:21:45 ip-172-31-69-28 kernel: [    0.252017] ACPI: (supports S0 S4 S5)
Feb 28 08:21:45 ip-172-31-69-28 kernel: [    0.254137] ACPI: Using IOAPIC for interrupt routing
Feb 28 08:21:45 ip-172-31-69-28 kernel: [    0.256030] PCI: Using host bridge windows from ACPI; if necessary, use "pci=nocrs" and report a bug
Feb 28 08:21:45 ip-172-31-69-28 kernel: [    0.298265] ACPI: PCI Root Bridge [PCI0] (domain 0000 [bus 00-ff])
Feb 28 08:21:45 ip-172-31-69-28 kernel: [    0.300014] acpi PNP0A03:00: _OSC: OS supports [ASPM ClockPM Segments MSI]
Feb 28 08:21:45 ip-172-31-69-28 kernel: [    0.303674] acpi PNP0A03:00: _OSC failed (AE_NOT_FOUND); disabling ASPM
Feb 28 08:21:45 ip-172-31-69-28 kernel: [    0.304019] acpi PNP0A03:00: fail to add MMCONFIG information, can't access extended PCI configuration space under this bridge.
Feb 28 08:21:45 ip-172-31-69-28 kernel: [    0.308933] acpiphp: Slot [0] registered
Feb 28 08:21:45 ip-172-31-69-28 kernel: [    0.311813] acpiphp: Slot [3] registered
Feb 28 08:21:45 ip-172-31-69-28 kernel: [    0.312221] acpiphp: Slot [4] registered
Feb 28 08:21:45 ip-172-31-69-28 kernel: [    0.314674] acpiphp: Slot [5] registered
Feb 28 08:21:45 ip-172-31-69-28 kernel: [    0.316232] acpiphp: Slot [6] registered
Feb 28 08:21:45 ip-172-31-69-28 kernel: [    0.318661] acpiphp: Slot [7] registered
Feb 28 08:21:45 ip-172-31-69-28 kernel: [    0.320224] acpiphp: Slot [8] registered
Feb 28 08:21:45 ip-172-31-69-28 kernel: [    0.322636] acpiphp: Slot [9] registered
Feb 28 08:21:45 ip-172-31-69-28 kernel: [    0.324242] acpiphp: Slot [10] registered
Feb 28 08:21:45 ip-172-31-69-28 kernel: [    0.326825] acpiphp: Slot [11] registered
Feb 28 08:21:45 ip-172-31-69-28 kernel: [    0.328249] acpiphp: Slot [12] registered
Feb 28 08:21:45 ip-172-31-69-28 kernel: [    0.330663] acpiphp: Slot [13] registered
Feb 28 08:21:45 ip-172-31-69-28 kernel: [    0.332219] acpiphp: Slot [14] registered
Feb 28 08:21:45 ip-172-31-69-28 kernel: [    0.334664] acpiphp: Slot [15] registered
Feb 28 08:21:45 ip-172-31-69-28 kernel: [    0.336222] acpiphp: Slot [16] registered
Feb 28 08:21:45 ip-172-31-69-28 kernel: [    0.338654] acpiphp: Slot [17] registered
Feb 28 08:21:45 ip-172-31-69-28 kernel: [    0.340217] acpiphp: Slot [18] registered
Feb 28 08:21:45 ip-172-31-69-28 kernel: [    0.342633] acpiphp: Slot [19] registered
Feb 28 08:21:45 ip-172-31-69-28 kernel: [    0.344233] acpiphp: Slot [20] registered
Feb 28 08:21:45 ip-172-31-69-28 kernel: [    0.346656] acpiphp: Slot [21] registered
Feb 28 08:21:45 ip-172-31-69-28 kernel: [    0.348229] acpiphp: Slot [22] registered
Feb 28 08:21:45 ip-172-31-69-28 kernel: [    0.350598] acpiphp: Slot [23] registered
Feb 28 08:21:45 ip-172-31-69-28 kernel: [    0.352301] acpiphp: Slot [24] registered
Feb 28 08:21:45 ip-172-31-69-28 kernel: [    0.354700] acpiphp: Slot [25] registered
Feb 28 08:21:45 ip-172-31-69-28 kernel: [    0.356232] acpiphp: Slot [26] registered
Feb 28 08:21:45 ip-172-31-69-28 kernel: [    0.358752] acpiphp: Slot [27] registered
Feb 28 08:21:45 ip-172-31-69-28 kernel: [    0.360226] acpiphp: Slot [28] registered
Feb 28 08:21:45 ip-172-31-69-28 kernel: [    0.362627] acpiphp: Slot [29] registered
Feb 28 08:21:45 ip-172-31-69-28 kernel: [    0.364233] acpiphp: Slot [30] registered
Feb 28 08:21:45 ip-172-31-69-28 kernel: [    0.366712] acpiphp: Slot [31] registered
Feb 28 08:21:45 ip-172-31-69-28 kernel: [    0.368231] PCI host bridge to bus 0000:00
Feb 28 08:21:45 ip-172-31-69-28 kernel: [    0.370491] pci_bus 0000:00: root bus resource [io  0x0000-0x0cf7 window]
Feb 28 08:21:45 ip-172-31-69-28 kernel: [    0.372008] pci_bus 0000:00: root bus resource [io  0x0d00-0xffff window]
Feb 28 08:21:45 ip-172-31-69-28 kernel: [    0.375297] pci_bus 0000:00: root bus resource [mem 0x000a0000-0x000bffff window]
Feb 28 08:21:45 ip-172-31-69-28 kernel: [    0.376007] pci_bus 0000:00: root bus resource [mem 0xf0000000-0xfbffffff window]
Feb 28 08:21:45 ip-172-31-69-28 kernel: [    0.379859] pci_bus 0000:00: root bus resource [bus 00-ff]
Feb 28 08:21:45 ip-172-31-69-28 kernel: [    0.380108] pci 0000:00:00.0: [8086:1237] type 00 class 0x060000
Feb 28 08:21:45 ip-172-31-69-28 kernel: [    0.381435] pci 0000:00:01.0: [8086:7000] type 00 class 0x060100
Feb 28 08:21:45 ip-172-31-69-28 kernel: [    0.383288] pci 0000:00:01.1: [8086:7010] type 00 class 0x010180
Feb 28 08:21:45 ip-172-31-69-28 kernel: [    0.384171] pci 0000:00:01.1: reg 0x20: [io  0xc100-0xc10f]
Feb 28 08:21:45 ip-172-31-69-28 kernel: [    0.384579] pci 0000:00:01.1: legacy IDE quirk: reg 0x10: [io  0x01f0-0x01f7]
Feb 28 08:21:45 ip-172-31-69-28 kernel: [    0.387984] pci 0000:00:01.1: legacy IDE quirk: reg 0x14: [io  0x03f6]
Feb 28 08:21:45 ip-172-31-69-28 kernel: [    0.388007] pci 0000:00:01.1: legacy IDE quirk: reg 0x18: [io  0x0170-0x0177]
Feb 28 08:21:45 ip-172-31-69-28 kernel: [    0.391401] pci 0000:00:01.1: legacy IDE quirk: reg 0x1c: [io  0x0376]
Feb 28 08:21:45 ip-172-31-69-28 kernel: [    0.392491] pci 0000:00:01.3: [8086:7113] type 00 class 0x068000
Feb 28 08:21:45 ip-172-31-69-28 kernel: [    0.392569] * Found PM-Timer Bug on the chipset. Due to workarounds for a bug,
Feb 28 08:21:45 ip-172-31-69-28 kernel: [    0.392569] * this clock source is slow. Consider trying other clock sources
Feb 28 08:21:45 ip-172-31-69-28 kernel: [    0.396951] pci 0000:00:01.3: quirk: [io  0xb000-0xb03f] claimed by PIIX4 ACPI
Feb 28 08:21:45 ip-172-31-69-28 kernel: [    0.400719] pci 0000:00:02.0: [1013:00b8] type 00 class 0x030000
Feb 28 08:21:45 ip-172-31-69-28 kernel: [    0.400993] pci 0000:00:02.0: reg 0x10: [mem 0xf0000000-0xf1ffffff pref]
Feb 28 08:21:45 ip-172-31-69-28 kernel: [    0.401159] pci 0000:00:02.0: reg 0x14: [mem 0xf3000000-0xf3000fff]
Feb 28 08:21:45 ip-172-31-69-28 kernel: [    0.402549] pci 0000:00:03.0: [5853:0001] type 00 class 0xff8000
Feb 28 08:21:45 ip-172-31-69-28 kernel: [    0.402874] pci 0000:00:03.0: reg 0x10: [io  0xc000-0xc0ff]
Feb 28 08:21:45 ip-172-31-69-28 kernel: [    0.403046] pci 0000:00:03.0: reg 0x14: [mem 0xf2000000-0xf2ffffff pref]
Feb 28 08:21:45 ip-172-31-69-28 kernel: [    0.405101] ACPI: PCI Interrupt Link [LNKA] (IRQs *5 10 11)
Feb 28 08:21:45 ip-172-31-69-28 kernel: [    0.409590] ACPI: PCI Interrupt Link [LNKB] (IRQs 5 *10 11)
Feb 28 08:21:45 ip-172-31-69-28 kernel: [    0.414063] ACPI: PCI Interrupt Link [LNKC] (IRQs 5 10 *11)
Feb 28 08:21:45 ip-172-31-69-28 kernel: [    0.418384] ACPI: PCI Interrupt Link [LNKD] (IRQs *5 10 11)
Feb 28 08:21:45 ip-172-31-69-28 kernel: [    0.435334] ACPI: Enabled 2 GPEs in block 00 to 0F
Feb 28 08:21:45 ip-172-31-69-28 kernel: [    0.436069] xen:balloon: Initialising balloon driver
Feb 28 08:21:45 ip-172-31-69-28 kernel: [    0.440157] vgaarb: setting as boot device: PCI:0000:00:02.0
Feb 28 08:21:45 ip-172-31-69-28 kernel: [    0.443197] vgaarb: device added: PCI:0000:00:02.0,decodes=io+mem,owns=io+mem,locks=none
Feb 28 08:21:45 ip-172-31-69-28 kernel: [    0.444006] vgaarb: loaded
Feb 28 08:21:45 ip-172-31-69-28 kernel: [    0.445743] vgaarb: bridge control possible 0000:00:02.0
Feb 28 08:21:45 ip-172-31-69-28 kernel: [    0.448208] SCSI subsystem initialized
Feb 28 08:21:45 ip-172-31-69-28 kernel: [    0.450488] libata version 3.00 loaded.
Feb 28 08:21:45 ip-172-31-69-28 kernel: [    0.450511] ACPI: bus type USB registered
Feb 28 08:21:45 ip-172-31-69-28 kernel: [    0.452024] usbcore: registered new interface driver usbfs
Feb 28 08:21:45 ip-172-31-69-28 kernel: [    0.454994] usbcore: registered new interface driver hub
Feb 28 08:21:45 ip-172-31-69-28 kernel: [    0.456025] usbcore: registered new device driver usb
Feb 28 08:21:45 ip-172-31-69-28 kernel: [    0.458773] PCI: Using ACPI for IRQ routing
Feb 28 08:21:45 ip-172-31-69-28 kernel: [    0.460006] PCI: pci_cache_line_size set to 64 bytes
Feb 28 08:21:45 ip-172-31-69-28 kernel: [    0.460297] e820: reserve RAM buffer [mem 0x0009e000-0x0009ffff]
Feb 28 08:21:45 ip-172-31-69-28 kernel: [    0.460412] NetLabel: Initializing
Feb 28 08:21:45 ip-172-31-69-28 kernel: [    0.462399] NetLabel:  domain hash size = 128
Feb 28 08:21:45 ip-172-31-69-28 kernel: [    0.464005] NetLabel:  protocols = UNLABELED CIPSOv4
Feb 28 08:21:45 ip-172-31-69-28 kernel: [    0.466545] NetLabel:  unlabeled traffic allowed by default
Feb 28 08:21:45 ip-172-31-69-28 kernel: [    0.468088] HPET: 3 timers in total, 0 timers will be used for per-cpu timer
Feb 28 08:21:45 ip-172-31-69-28 kernel: [    0.471505] hpet0: at MMIO 0xfed00000, IRQs 2, 8, 0
Feb 28 08:21:45 ip-172-31-69-28 kernel: [    0.473870] hpet0: 3 comparators, 64-bit 62.500000 MHz counter
Feb 28 08:21:45 ip-172-31-69-28 kernel: [    0.479061] amd_nb: Cannot enumerate AMD northbridges
Feb 28 08:21:45 ip-172-31-69-28 kernel: [    0.480018] clocksource: Switched to clocksource xen
Feb 28 08:21:45 ip-172-31-69-28 kernel: [    0.487786] AppArmor: AppArmor Filesystem Enabled
Feb 28 08:21:45 ip-172-31-69-28 kernel: [    0.490383] pnp: PnP ACPI init
Feb 28 08:21:45 ip-172-31-69-28 kernel: [    0.492273] system 00:00: [mem 0x00000000-0x0009ffff] could not be reserved
Feb 28 08:21:45 ip-172-31-69-28 kernel: [    0.495604] system 00:00: Plug and Play ACPI device, IDs PNP0c02 (active)
Feb 28 08:21:45 ip-172-31-69-28 kernel: [    0.495688] system 00:01: [io  0x08a0-0x08a3] has been reserved
Feb 28 08:21:45 ip-172-31-69-28 kernel: [    0.498666] system 00:01: [io  0x0cc0-0x0ccf] has been reserved
Feb 28 08:21:45 ip-172-31-69-28 kernel: [    0.501554] system 00:01: [io  0x04d0-0x04d1] has been reserved
Feb 28 08:21:45 ip-172-31-69-28 kernel: [    0.504592] system 00:01: Plug and Play ACPI device, IDs PNP0c02 (active)
Feb 28 08:21:45 ip-172-31-69-28 kernel: [    0.504622] xen: --> pirq=17 -> irq=8 (gsi=8)
Feb 28 08:21:45 ip-172-31-69-28 kernel: [    0.504643] pnp 00:02: Plug and Play ACPI device, IDs PNP0b00 (active)
Feb 28 08:21:45 ip-172-31-69-28 kernel: [    0.504664] xen: --> pirq=18 -> irq=12 (gsi=12)
Feb 28 08:21:45 ip-172-31-69-28 kernel: [    0.504678] pnp 00:03: Plug and Play ACPI device, IDs PNP0f13 (active)
Feb 28 08:21:45 ip-172-31-69-28 kernel: [    0.504695] xen: --> pirq=19 -> irq=1 (gsi=1)
Feb 28 08:21:45 ip-172-31-69-28 kernel: [    0.504708] pnp 00:04: Plug and Play ACPI device, IDs PNP0303 PNP030b (active)
Feb 28 08:21:45 ip-172-31-69-28 kernel: [    0.504723] xen: --> pirq=20 -> irq=6 (gsi=6)
Feb 28 08:21:45 ip-172-31-69-28 kernel: [    0.504726] pnp 00:05: [dma 2]
Feb 28 08:21:45 ip-172-31-69-28 kernel: [    0.504739] pnp 00:05: Plug and Play ACPI device, IDs PNP0700 (active)
Feb 28 08:21:45 ip-172-31-69-28 kernel: [    0.504760] xen: --> pirq=21 -> irq=4 (gsi=4)
Feb 28 08:21:45 ip-172-31-69-28 kernel: [    0.504772] pnp 00:06: Plug and Play ACPI device, IDs PNP0501 (active)
Feb 28 08:21:45 ip-172-31-69-28 kernel: [    0.504809] system 00:07: [io  0x10c0-0x1141] has been reserved
Feb 28 08:21:45 ip-172-31-69-28 kernel: [    0.507851] system 00:07: [io  0xb044-0xb047] has been reserved
Feb 28 08:21:45 ip-172-31-69-28 kernel: [    0.510796] system 00:07: Plug and Play ACPI device, IDs PNP0c02 (active)
Feb 28 08:21:45 ip-172-31-69-28 kernel: [    0.524159] pnp: PnP ACPI: found 8 devices
Feb 28 08:21:45 ip-172-31-69-28 kernel: [    0.531895] clocksource: acpi_pm: mask: 0xffffff max_cycles: 0xffffff, max_idle_ns: 2085701024 ns
Feb 28 08:21:45 ip-172-31-69-28 kernel: [    0.536654] pci_bus 0000:00: resource 4 [io  0x0000-0x0cf7 window]
Feb 28 08:21:45 ip-172-31-69-28 kernel: [    0.536657] pci_bus 0000:00: resource 5 [io  0x0d00-0xffff window]
Feb 28 08:21:45 ip-172-31-69-28 kernel: [    0.536659] pci_bus 0000:00: resource 6 [mem 0x000a0000-0x000bffff window]
Feb 28 08:21:45 ip-172-31-69-28 kernel: [    0.536661] pci_bus 0000:00: resource 7 [mem 0xf0000000-0xfbffffff window]
Feb 28 08:21:45 ip-172-31-69-28 kernel: [    0.536699] NET: Registered protocol family 2
Feb 28 08:21:45 ip-172-31-69-28 kernel: [    0.539543] TCP established hash table entries: 8192 (order: 4, 65536 bytes)
Feb 28 08:21:45 ip-172-31-69-28 kernel: [    0.543296] TCP bind hash table entries: 8192 (order: 5, 131072 bytes)
Feb 28 08:21:45 ip-172-31-69-28 kernel: [    0.546522] TCP: Hash tables configured (established 8192 bind 8192)
Feb 28 08:21:45 ip-172-31-69-28 kernel: [    0.549825] UDP hash table entries: 512 (order: 2, 16384 bytes)
Feb 28 08:21:45 ip-172-31-69-28 kernel: [    0.552794] UDP-Lite hash table entries: 512 (order: 2, 16384 bytes)
Feb 28 08:21:45 ip-172-31-69-28 kernel: [    0.556010] NET: Registered protocol family 1
Feb 28 08:21:45 ip-172-31-69-28 kernel: [    0.558387] pci 0000:00:00.0: Limiting direct PCI/PCI transfers
Feb 28 08:21:45 ip-172-31-69-28 kernel: [    0.561366] pci 0000:00:01.0: PIIX3: Enabling Passive Release
Feb 28 08:21:45 ip-172-31-69-28 kernel: [    0.564292] pci 0000:00:01.0: Activating ISA DMA hang workarounds
Feb 28 08:21:45 ip-172-31-69-28 kernel: [    0.567480] pci 0000:00:02.0: Video device with shadowed ROM
Feb 28 08:21:45 ip-172-31-69-28 kernel: [    0.567531] PCI: CLS 0 bytes, default 64
Feb 28 08:21:45 ip-172-31-69-28 kernel: [    0.567574] Trying to unpack rootfs image as initramfs...
Feb 28 08:21:45 ip-172-31-69-28 kernel: [    0.747639] Freeing initrd memory: 12340K
Feb 28 08:21:45 ip-172-31-69-28 kernel: [    0.750125] RAPL PMU detected, API unit is 2^-32 Joules, 3 fixed counters 655360 ms ovfl timer
Feb 28 08:21:45 ip-172-31-69-28 kernel: [    0.754607] hw unit of domain pp0-core 2^-14 Joules
Feb 28 08:21:45 ip-172-31-69-28 kernel: [    0.757303] hw unit of domain package 2^-14 Joules
Feb 28 08:21:45 ip-172-31-69-28 kernel: [    0.759782] hw unit of domain dram 2^-16 Joules
Feb 28 08:21:45 ip-172-31-69-28 kernel: [    0.762348] Scanning for low memory corruption every 60 seconds
Feb 28 08:21:45 ip-172-31-69-28 kernel: [    0.765721] audit: initializing netlink subsys (disabled)
Feb 28 08:21:45 ip-172-31-69-28 kernel: [    0.768477] audit: type=2000 audit(1519820497.977:1): initialized
Feb 28 08:21:45 ip-172-31-69-28 kernel: [    0.771793] Initialise system trusted keyring
Feb 28 08:21:45 ip-172-31-69-28 kernel: [    0.774246] HugeTLB registered 2 MB page size, pre-allocated 0 pages
Feb 28 08:21:45 ip-172-31-69-28 kernel: [    0.779718] zbud: loaded
Feb 28 08:21:45 ip-172-31-69-28 kernel: [    0.782041] VFS: Disk quotas dquot_6.6.0
Feb 28 08:21:45 ip-172-31-69-28 kernel: [    0.784451] VFS: Dquot-cache hash table entries: 512 (order 0, 4096 bytes)
Feb 28 08:21:45 ip-172-31-69-28 kernel: [    0.788457] squashfs: version 4.0 (2009/01/31) Phillip Lougher
Feb 28 08:21:45 ip-172-31-69-28 kernel: [    0.791701] fuse init (API version 7.23)
Feb 28 08:21:45 ip-172-31-69-28 kernel: [    0.794048] Key type big_key registered
Feb 28 08:21:45 ip-172-31-69-28 kernel: [    0.796227] Allocating IMA MOK and blacklist keyrings.
Feb 28 08:21:45 ip-172-31-69-28 kernel: [    0.799159] Key type asymmetric registered
Feb 28 08:21:45 ip-172-31-69-28 kernel: [    0.801469] Asymmetric key parser 'x509' registered
Feb 28 08:21:45 ip-172-31-69-28 kernel: [    0.804035] Block layer SCSI generic (bsg) driver version 0.4 loaded (major 249)
Feb 28 08:21:45 ip-172-31-69-28 kernel: [    0.807884] io scheduler noop registered
Feb 28 08:21:45 ip-172-31-69-28 kernel: [    0.810124] io scheduler deadline registered (default)
Feb 28 08:21:45 ip-172-31-69-28 kernel: [    0.812915] io scheduler cfq registered
Feb 28 08:21:45 ip-172-31-69-28 kernel: [    0.815155] pci_hotplug: PCI Hot Plug PCI Core version: 0.5
Feb 28 08:21:45 ip-172-31-69-28 kernel: [    0.817966] pciehp: PCI Express Hot Plug Controller Driver version: 0.4
Feb 28 08:21:45 ip-172-31-69-28 kernel: [    0.821194] intel_idle: does not run on family 6 model 63
Feb 28 08:21:45 ip-172-31-69-28 kernel: [    0.821263] input: Power Button as /devices/LNXSYSTM:00/LNXPWRBN:00/input/input0
Feb 28 08:21:45 ip-172-31-69-28 kernel: [    0.825269] ACPI: Power Button [PWRF]
Feb 28 08:21:45 ip-172-31-69-28 kernel: [    0.827385] input: Sleep Button as /devices/LNXSYSTM:00/LNXSLPBN:00/input/input1
Feb 28 08:21:45 ip-172-31-69-28 kernel: [    0.831309] ACPI: Sleep Button [SLPF]
Feb 28 08:21:45 ip-172-31-69-28 kernel: [    0.833732] xen: --> pirq=22 -> irq=28 (gsi=28)
Feb 28 08:21:45 ip-172-31-69-28 kernel: [    0.833801] xen:grant_table: Grant tables using version 1 layout
Feb 28 08:21:45 ip-172-31-69-28 kernel: [    0.836810] Grant table initialized
Feb 28 08:21:45 ip-172-31-69-28 kernel: [    0.838970] Cannot get hvm parameter CONSOLE_EVTCHN (18): -22!
Feb 28 08:21:45 ip-172-31-69-28 kernel: [    0.841836] Serial: 8250/16550 driver, 4 ports, IRQ sharing enabled
Feb 28 08:21:45 ip-172-31-69-28 kernel: [    0.870401] 00:06: ttyS0 at I/O 0x3f8 (irq = 4, base_baud = 115200) is a 16550A
Feb 28 08:21:45 ip-172-31-69-28 kernel: [    0.874763] Linux agpgart interface v0.103
Feb 28 08:21:45 ip-172-31-69-28 kernel: [    0.878808] brd: module loaded
Feb 28 08:21:45 ip-172-31-69-28 kernel: [    0.881644] loop: module loaded
Feb 28 08:21:45 ip-172-31-69-28 kernel: [    0.883514] Invalid max_queues (4), will use default max: 1.
Feb 28 08:21:45 ip-172-31-69-28 kernel: [    0.887224] ata_piix 0000:00:01.1: version 2.13
Feb 28 08:21:45 ip-172-31-69-28 kernel: [    0.888075] scsi host0: ata_piix
Feb 28 08:21:45 ip-172-31-69-28 kernel: [    0.890303] scsi host1: ata_piix
Feb 28 08:21:45 ip-172-31-69-28 kernel: [    0.892376] ata1: PATA max MWDMA2 cmd 0x1f0 ctl 0x3f6 bmdma 0xc100 irq 14
Feb 28 08:21:45 ip-172-31-69-28 kernel: [    0.895860] ata2: PATA max MWDMA2 cmd 0x170 ctl 0x376 bmdma 0xc108 irq 15
Feb 28 08:21:45 ip-172-31-69-28 kernel: [    0.900715] libphy: Fixed MDIO Bus: probed
Feb 28 08:21:45 ip-172-31-69-28 kernel: [    0.903110] tun: Universal TUN/TAP device driver, 1.6
Feb 28 08:21:45 ip-172-31-69-28 kernel: [    0.906794] tun: (C) 1999-2004 Max Krasnyansky <maxk@qualcomm.com>
Feb 28 08:21:45 ip-172-31-69-28 kernel: [    0.909962] PPP generic driver version 2.4.2
Feb 28 08:21:45 ip-172-31-69-28 kernel: [    0.912863] xen_netfront: Initialising Xen virtual ethernet driver
Feb 28 08:21:45 ip-172-31-69-28 kernel: [    0.918692] ehci_hcd: USB 2.0 'Enhanced' Host Controller (EHCI) Driver
Feb 28 08:21:45 ip-172-31-69-28 kernel: [    0.923687] ehci-pci: EHCI PCI platform driver
Feb 28 08:21:45 ip-172-31-69-28 kernel: [    0.927335] ehci-platform: EHCI generic platform driver
Feb 28 08:21:45 ip-172-31-69-28 kernel: [    0.930316] ohci_hcd: USB 1.1 'Open' Host Controller (OHCI) Driver
Feb 28 08:21:45 ip-172-31-69-28 kernel: [    0.933623] ohci-pci: OHCI PCI platform driver
Feb 28 08:21:45 ip-172-31-69-28 kernel: [    0.936259] ohci-platform: OHCI generic platform driver
Feb 28 08:21:45 ip-172-31-69-28 kernel: [    0.939635] uhci_hcd: USB Universal Host Controller Interface driver
Feb 28 08:21:45 ip-172-31-69-28 kernel: [    0.943150] i8042: PNP: PS/2 Controller [PNP0303:PS2K,PNP0f13:PS2M] at 0x60,0x64 irq 1,12
Feb 28 08:21:45 ip-172-31-69-28 kernel: [    0.949434] serio: i8042 KBD port at 0x60,0x64 irq 1
Feb 28 08:21:45 ip-172-31-69-28 kernel: [    0.952142] serio: i8042 AUX port at 0x60,0x64 irq 12
Feb 28 08:21:45 ip-172-31-69-28 kernel: [    0.955100] mousedev: PS/2 mouse device common for all mice
Feb 28 08:21:45 ip-172-31-69-28 kernel: [    0.959011] input: AT Translated Set 2 keyboard as /devices/platform/i8042/serio0/input/input2
Feb 28 08:21:45 ip-172-31-69-28 kernel: [    0.976775] rtc_cmos 00:02: rtc core: registered rtc_cmos as rtc0
Feb 28 08:21:45 ip-172-31-69-28 kernel: [    0.980227] rtc_cmos 00:02: alarms up to one day, 114 bytes nvram, hpet irqs
Feb 28 08:21:45 ip-172-31-69-28 kernel: [    0.984043] i2c /dev entries driver
Feb 28 08:21:45 ip-172-31-69-28 kernel: [    0.992704] device-mapper: uevent: version 1.0.3
Feb 28 08:21:45 ip-172-31-69-28 kernel: [    0.996544] device-mapper: ioctl: 4.34.0-ioctl (2015-10-28) initialised: dm-devel@redhat.com
Feb 28 08:21:45 ip-172-31-69-28 kernel: [    1.002273] NET: Registered protocol family 10
Feb 28 08:21:45 ip-172-31-69-28 kernel: [    1.006201] NET: Registered protocol family 17
Feb 28 08:21:45 ip-172-31-69-28 kernel: [    1.016098] Key type dns_resolver registered
Feb 28 08:21:45 ip-172-31-69-28 kernel: [    1.019217] microcode: CPU0 sig=0x306f2, pf=0x1, revision=0x3b
Feb 28 08:21:45 ip-172-31-69-28 kernel: [    1.023080] microcode: Microcode Update Driver: v2.01 <tigran@aivazian.fsnet.co.uk>, Peter Oruba
Feb 28 08:21:45 ip-172-31-69-28 kernel: [    1.028770] registered taskstats version 1
Feb 28 08:21:45 ip-172-31-69-28 kernel: [    1.031644] Loading compiled-in X.509 certificates
Feb 28 08:21:45 ip-172-31-69-28 kernel: [    1.035391] Loaded X.509 cert 'Build time autogenerated kernel key: eec6339c199f7c061573bf7e1d5d111f4e89c8c0'
Feb 28 08:21:45 ip-172-31-69-28 kernel: [    1.041130] zswap: loaded using pool lzo/zbud
Feb 28 08:21:45 ip-172-31-69-28 kernel: [    1.044198] blkfront: xvda: barrier or flush: disabled; persistent grants: disabled; indirect descriptors: enabled;
Feb 28 08:21:45 ip-172-31-69-28 kernel: [    1.051441] Key type trusted registered
Feb 28 08:21:45 ip-172-31-69-28 kernel: [    1.057384]  xvda: xvda1
Feb 28 08:21:45 ip-172-31-69-28 kernel: [    1.060903] Key type encrypted registered
Feb 28 08:21:45 ip-172-31-69-28 kernel: [    1.063463] AppArmor: AppArmor sha1 policy hashing enabled
Feb 28 08:21:45 ip-172-31-69-28 kernel: [    1.066569] ima: No TPM chip found, activating TPM-bypass!
Feb 28 08:21:45 ip-172-31-69-28 kernel: [    1.069769] evm: HMAC attrs: 0x1
Feb 28 08:21:45 ip-172-31-69-28 kernel: [    1.072180]   Magic number: 6:175:381
Feb 28 08:21:45 ip-172-31-69-28 kernel: [    1.074584] rtc_cmos 00:02: setting system clock to 2018-02-28 12:21:38 UTC (1519820498)
Feb 28 08:21:45 ip-172-31-69-28 kernel: [    1.080492] BIOS EDD facility v0.16 2004-Jun-25, 0 devices found
Feb 28 08:21:45 ip-172-31-69-28 kernel: [    1.083859] EDD information not available.
Feb 28 08:21:45 ip-172-31-69-28 kernel: [    1.086407] PM: Hibernation image not present or could not be loaded.
Feb 28 08:21:45 ip-172-31-69-28 kernel: [    1.087991] Freeing unused kernel memory: 1492K
Feb 28 08:21:45 ip-172-31-69-28 kernel: [    1.090723] Write protecting the kernel read-only data: 14336k
Feb 28 08:21:45 ip-172-31-69-28 kernel: [    1.094645] Freeing unused kernel memory: 1876K
Feb 28 08:21:45 ip-172-31-69-28 kernel: [    1.097705] Freeing unused kernel memory: 220K
Feb 28 08:21:45 ip-172-31-69-28 kernel: [    1.112573] random: systemd-udevd: uninitialized urandom read (16 bytes read, 8 bits of entropy available)
Feb 28 08:21:45 ip-172-31-69-28 kernel: [    1.118661] random: udevadm: uninitialized urandom read (16 bytes read, 8 bits of entropy available)
Feb 28 08:21:45 ip-172-31-69-28 kernel: [    1.123905] random: systemd-udevd: uninitialized urandom read (16 bytes read, 8 bits of entropy available)
Feb 28 08:21:45 ip-172-31-69-28 kernel: [    1.129534] random: udevadm: uninitialized urandom read (16 bytes read, 8 bits of entropy available)
Feb 28 08:21:45 ip-172-31-69-28 kernel: [    1.134901] random: systemd-udevd: uninitialized urandom read (16 bytes read, 8 bits of entropy available)
Feb 28 08:21:45 ip-172-31-69-28 kernel: [    1.145798] random: systemd-udevd: uninitialized urandom read (16 bytes read, 8 bits of entropy available)
Feb 28 08:21:45 ip-172-31-69-28 kernel: [    1.152412] random: udevadm: uninitialized urandom read (16 bytes read, 8 bits of entropy available)
Feb 28 08:21:45 ip-172-31-69-28 kernel: [    1.158526] random: systemd-udevd: uninitialized urandom read (16 bytes read, 8 bits of entropy available)
Feb 28 08:21:45 ip-172-31-69-28 kernel: [    1.163851] random: udevadm: uninitialized urandom read (16 bytes read, 8 bits of entropy available)
Feb 28 08:21:45 ip-172-31-69-28 kernel: [    1.168479] random: systemd-udevd: uninitialized urandom read (16 bytes read, 8 bits of entropy available)
Feb 28 08:21:45 ip-172-31-69-28 kernel: [    1.299557] AVX2 version of gcm_enc/dec engaged.
Feb 28 08:21:45 ip-172-31-69-28 kernel: [    1.302127] AES CTR mode by8 optimization enabled
Feb 28 08:21:45 ip-172-31-69-28 kernel: [    1.760106] tsc: Refined TSC clocksource calibration: 2399.999 MHz
Feb 28 08:21:45 ip-172-31-69-28 kernel: [    1.767493] clocksource: tsc: mask: 0xffffffffffffffff max_cycles: 0x2298364cab5, max_idle_ns: 440795214892 ns
Feb 28 08:21:45 ip-172-31-69-28 kernel: [    2.772884] md: linear personality registered for level -1
Feb 28 08:21:45 ip-172-31-69-28 kernel: [    2.778524] md: multipath personality registered for level -4
Feb 28 08:21:45 ip-172-31-69-28 kernel: [    2.784251] md: raid0 personality registered for level 0
Feb 28 08:21:45 ip-172-31-69-28 kernel: [    2.790224] md: raid1 personality registered for level 1
Feb 28 08:21:45 ip-172-31-69-28 kernel: [    2.844066] raid6: sse2x1   gen()  8368 MB/s
Feb 28 08:21:45 ip-172-31-69-28 kernel: [    2.892061] raid6: sse2x1   xor()  6402 MB/s
Feb 28 08:21:45 ip-172-31-69-28 kernel: [    2.940062] raid6: sse2x2   gen() 10752 MB/s
Feb 28 08:21:45 ip-172-31-69-28 kernel: [    2.988058] raid6: sse2x2   xor()  6954 MB/s
Feb 28 08:21:45 ip-172-31-69-28 kernel: [    3.036060] raid6: sse2x4   gen() 12288 MB/s
Feb 28 08:21:45 ip-172-31-69-28 kernel: [    3.084061] raid6: sse2x4   xor()  8566 MB/s
Feb 28 08:21:45 ip-172-31-69-28 kernel: [    3.132061] raid6: avx2x1   gen() 15870 MB/s
Feb 28 08:21:45 ip-172-31-69-28 kernel: [    3.180058] raid6: avx2x2   gen() 19061 MB/s
Feb 28 08:21:45 ip-172-31-69-28 kernel: [    3.228058] raid6: avx2x4   gen() 21430 MB/s
Feb 28 08:21:45 ip-172-31-69-28 kernel: [    3.230555] raid6: using algorithm avx2x4 gen() 21430 MB/s
Feb 28 08:21:45 ip-172-31-69-28 kernel: [    3.233429] raid6: using avx2x2 recovery algorithm
Feb 28 08:21:45 ip-172-31-69-28 kernel: [    3.238261] xor: automatically using best checksumming function:
Feb 28 08:21:45 ip-172-31-69-28 kernel: [    3.280057]    avx       : 24374.000 MB/sec
Feb 28 08:21:45 ip-172-31-69-28 kernel: [    3.284239] async_tx: api initialized (async)
Feb 28 08:21:45 ip-172-31-69-28 kernel: [    3.298317] md: raid6 personality registered for level 6
Feb 28 08:21:45 ip-172-31-69-28 kernel: [    3.301132] md: raid5 personality registered for level 5
Feb 28 08:21:45 ip-172-31-69-28 kernel: [    3.303874] md: raid4 personality registered for level 4
Feb 28 08:21:45 ip-172-31-69-28 kernel: [    3.311940] md: raid10 personality registered for level 10
Feb 28 08:21:45 ip-172-31-69-28 kernel: [    3.350493] Btrfs loaded
Feb 28 08:21:45 ip-172-31-69-28 kernel: [    3.389702] EXT4-fs (xvda1): mounted filesystem with ordered data mode. Opts: (null)
Feb 28 08:21:45 ip-172-31-69-28 kernel: [    3.838820] Loading iSCSI transport class v2.0-870.
Feb 28 08:21:45 ip-172-31-69-28 kernel: [    3.855357] iscsi: registered transport (tcp)
Feb 28 08:21:45 ip-172-31-69-28 kernel: [    3.870959] EXT4-fs (xvda1): re-mounted. Opts: discard
Feb 28 08:21:45 ip-172-31-69-28 kernel: [    3.919014] iscsi: registered transport (iser)
Feb 28 08:21:45 ip-172-31-69-28 kernel: [    4.961746] audit: type=1400 audit(1519820502.384:2): apparmor="STATUS" operation="profile_load" profile="unconfined" name="lxc-container-default" pid=588 comm="apparmor_parser"
Feb 28 08:21:45 ip-172-31-69-28 kernel: [    4.961752] audit: type=1400 audit(1519820502.384:3): apparmor="STATUS" operation="profile_load" profile="unconfined" name="lxc-container-default-cgns" pid=588 comm="apparmor_parser"
Feb 28 08:21:45 ip-172-31-69-28 kernel: [    4.961755] audit: type=1400 audit(1519820502.384:4): apparmor="STATUS" operation="profile_load" profile="unconfined" name="lxc-container-default-with-mounting" pid=588 comm="apparmor_parser"
Feb 28 08:21:45 ip-172-31-69-28 kernel: [    4.961759] audit: type=1400 audit(1519820502.384:5): apparmor="STATUS" operation="profile_load" profile="unconfined" name="lxc-container-default-with-nesting" pid=588 comm="apparmor_parser"
Feb 28 08:21:45 ip-172-31-69-28 kernel: [    4.971908] audit: type=1400 audit(1519820502.392:6): apparmor="STATUS" operation="profile_load" profile="unconfined" name="/sbin/dhclient" pid=589 comm="apparmor_parser"
Feb 28 08:21:45 ip-172-31-69-28 kernel: [    4.971912] audit: type=1400 audit(1519820502.392:7): apparmor="STATUS" operation="profile_load" profile="unconfined" name="/usr/lib/NetworkManager/nm-dhcp-client.action" pid=589 comm="apparmor_parser"
Feb 28 08:21:45 ip-172-31-69-28 kernel: [    4.971916] audit: type=1400 audit(1519820502.392:8): apparmor="STATUS" operation="profile_load" profile="unconfined" name="/usr/lib/NetworkManager/nm-dhcp-helper" pid=589 comm="apparmor_parser"
Feb 28 08:21:45 ip-172-31-69-28 kernel: [    4.971919] audit: type=1400 audit(1519820502.392:9): apparmor="STATUS" operation="profile_load" profile="unconfined" name="/usr/lib/connman/scripts/dhclient-script" pid=589 comm="apparmor_parser"
Feb 28 08:21:45 ip-172-31-69-28 kernel: [    4.977842] audit: type=1400 audit(1519820502.400:10): apparmor="STATUS" operation="profile_load" profile="unconfined" name="/usr/bin/lxc-start" pid=590 comm="apparmor_parser"
Feb 28 08:21:45 ip-172-31-69-28 kernel: [    6.089113] ppdev: user-space parallel port driver
Feb 28 08:21:45 ip-172-31-69-28 kernel: [    7.910263] random: nonblocking pool is initialized
Feb 28 08:21:45 ip-172-31-69-28 systemd-modules-load[378]: Inserted module 'iscsi_tcp'
Feb 28 08:21:45 ip-172-31-69-28 systemd-modules-load[378]: Inserted module 'ib_iser'
Feb 28 08:21:45 ip-172-31-69-28 loadkeys[397]: Loading /etc/console-setup/cached.kmap.gz
Feb 28 08:21:45 ip-172-31-69-28 systemd[1]: Started Load Kernel Modules.
Feb 28 08:21:45 ip-172-31-69-28 systemd[1]: Started Remount Root and Kernel File Systems.
Feb 28 08:21:45 ip-172-31-69-28 systemd[1]: Started Uncomplicated firewall.
Feb 28 08:21:45 ip-172-31-69-28 systemd[1]: Started Set console keymap.
Feb 28 08:21:45 ip-172-31-69-28 systemd[1]: Started Create list of required static device nodes for the current kernel.
Feb 28 08:21:45 ip-172-31-69-28 systemd[1]: Started Nameserver information manager.
Feb 28 08:21:45 ip-172-31-69-28 systemd[1]: Started LVM2 metadata daemon.
Feb 28 08:21:45 ip-172-31-69-28 systemd[1]: Starting Create Static Device Nodes in /dev...
Feb 28 08:21:45 ip-172-31-69-28 systemd[1]: Starting udev Coldplug all Devices...
Feb 28 08:21:45 ip-172-31-69-28 systemd[1]: Starting Initial cloud-init job (pre-networking)...
Feb 28 08:21:45 ip-172-31-69-28 systemd[1]: Starting Load/Save Random Seed...
Feb 28 08:21:45 ip-172-31-69-28 systemd[1]: Starting Apply Kernel Variables...
Feb 28 08:21:45 ip-172-31-69-28 systemd[1]: Mounting FUSE Control File System...
Feb 28 08:21:45 ip-172-31-69-28 systemd[1]: Starting Flush Journal to Persistent Storage...
Feb 28 08:21:45 ip-172-31-69-28 systemd[1]: Mounted FUSE Control File System.
Feb 28 08:21:45 ip-172-31-69-28 systemd[1]: Started Create Static Device Nodes in /dev.
Feb 28 08:21:45 ip-172-31-69-28 systemd[1]: Started Load/Save Random Seed.
Feb 28 08:21:45 ip-172-31-69-28 systemd[1]: Started Apply Kernel Variables.
Feb 28 08:21:45 ip-172-31-69-28 systemd[1]: Starting udev Kernel Device Manager...
Feb 28 08:21:45 ip-172-31-69-28 systemd[1]: Started Flush Journal to Persistent Storage.
Feb 28 08:21:45 ip-172-31-69-28 systemd[1]: Started udev Coldplug all Devices.
Feb 28 08:21:45 ip-172-31-69-28 systemd[1]: Started udev Kernel Device Manager.
Feb 28 08:21:45 ip-172-31-69-28 systemd[1]: Started Dispatch Password Requests to Console Directory Watch.
Feb 28 08:21:45 ip-172-31-69-28 systemd[1]: Started Monitoring of LVM2 mirrors, snapshots etc. using dmeventd or progress polling.
Feb 28 08:21:45 ip-172-31-69-28 systemd[1]: Reached target Local File Systems (Pre).
Feb 28 08:21:45 ip-172-31-69-28 systemd[1]: Reached target Local File Systems.
Feb 28 08:21:45 ip-172-31-69-28 systemd[1]: Starting Tell Plymouth To Write Out Runtime Data...
Feb 28 08:21:45 ip-172-31-69-28 systemd[1]: Starting Create Volatile Files and Directories...
Feb 28 08:21:45 ip-172-31-69-28 systemd[1]: Starting LSB: AppArmor initialization...
Feb 28 08:21:45 ip-172-31-69-28 systemd-tmpfiles[488]: [/usr/lib/tmpfiles.d/var.conf:14] Duplicate line for path "/var/log", ignoring.
Feb 28 08:21:45 ip-172-31-69-28 systemd[1]: Starting Set console font and keymap...
Feb 28 08:21:45 ip-172-31-69-28 systemd[1]: Started Tell Plymouth To Write Out Runtime Data.
Feb 28 08:21:45 ip-172-31-69-28 systemd[1]: Started Create Volatile Files and Directories.
Feb 28 08:21:45 ip-172-31-69-28 systemd[1]: Starting Network Time Synchronization...
Feb 28 08:21:45 ip-172-31-69-28 systemd[1]: Starting Update UTMP about System Boot/Shutdown...
Feb 28 08:21:45 ip-172-31-69-28 apparmor[491]:  * Starting AppArmor profiles
Feb 28 08:21:45 ip-172-31-69-28 systemd[1]: Started Update UTMP about System Boot/Shutdown.
Feb 28 08:21:45 ip-172-31-69-28 systemd[1]: Found device /dev/ttyS0.
Feb 28 08:21:45 ip-172-31-69-28 systemd[1]: Started Network Time Synchronization.
Feb 28 08:21:45 ip-172-31-69-28 systemd[1]: Reached target System Time Synchronized.
Feb 28 08:21:45 ip-172-31-69-28 apparmor[491]: Skipping profile in /etc/apparmor.d/disable: usr.sbin.rsyslogd
Feb 28 08:21:45 ip-172-31-69-28 apparmor[491]:    ...done.
Feb 28 08:21:45 ip-172-31-69-28 systemd[1]: Started LSB: AppArmor initialization.
Feb 28 08:21:45 ip-172-31-69-28 systemd[1]: Found device /sys/subsystem/net/devices/eth0.
Feb 28 08:21:45 ip-172-31-69-28 systemd[1]: Listening on Load/Save RF Kill Switch Status /dev/rfkill Watch.
Feb 28 08:21:45 ip-172-31-69-28 dhclient[817]: Internet Systems Consortium DHCP Client 4.3.3
Feb 28 08:21:45 ip-172-31-69-28 dhclient[817]: Copyright 2004-2015 Internet Systems Consortium.
Feb 28 08:21:45 ip-172-31-69-28 dhclient[817]: All rights reserved.
Feb 28 08:21:45 ip-172-31-69-28 dhclient[817]: For info, please visit https://www.isc.org/software/dhcp/
Feb 28 08:21:45 ip-172-31-69-28 dhclient[817]: 
Feb 28 08:21:45 ip-172-31-69-28 dhclient[817]: Listening on LPF/eth0/02:9e:42:48:90:aa
Feb 28 08:21:45 ip-172-31-69-28 dhclient[817]: Sending on   LPF/eth0/02:9e:42:48:90:aa
Feb 28 08:21:45 ip-172-31-69-28 dhclient[817]: Sending on   Socket/fallback
Feb 28 08:21:45 ip-172-31-69-28 dhclient[817]: DHCPDISCOVER on eth0 to 255.255.255.255 port 67 interval 3 (xid=0xb4f8b532)
Feb 28 08:21:45 ip-172-31-69-28 dhclient[817]: DHCPREQUEST of 172.31.69.28 on eth0 to 255.255.255.255 port 67 (xid=0x32b5f8b4)
Feb 28 08:21:45 ip-172-31-69-28 dhclient[817]: DHCPOFFER of 172.31.69.28 from 172.31.69.1
Feb 28 08:21:45 ip-172-31-69-28 dhclient[817]: DHCPACK of 172.31.69.28 from 172.31.69.1
Feb 28 08:21:45 ip-172-31-69-28 dhclient[817]: bound to 172.31.69.28 -- renewal in 1500 seconds.
Feb 28 08:21:45 ip-172-31-69-28 systemd[1]: Started Set console font and keymap.
Feb 28 08:21:45 ip-172-31-69-28 cloud-init[446]: Cloud-init v. 17.1 running 'init-local' at Wed, 28 Feb 2018 12:21:42 +0000. Up 5.32 seconds.
Feb 28 08:21:45 ip-172-31-69-28 systemd[1]: Created slice system-getty.slice.
Feb 28 08:21:45 ip-172-31-69-28 systemd-udevd[478]: Process 'console-setup-tty /dev/tty6' failed with exit code 71.
Feb 28 08:21:45 ip-172-31-69-28 systemd[1]: Started Initial cloud-init job (pre-networking).
Feb 28 08:21:45 ip-172-31-69-28 systemd[1]: Reached target Network (Pre).
Feb 28 08:21:45 ip-172-31-69-28 systemd[1]: Started ifup for eth0.
Feb 28 08:21:45 ip-172-31-69-28 systemd[1]: Starting Raise network interfaces...
Feb 28 08:21:45 ip-172-31-69-28 dhclient[898]: Internet Systems Consortium DHCP Client 4.3.3
Feb 28 08:21:45 ip-172-31-69-28 sh[881]: Internet Systems Consortium DHCP Client 4.3.3
Feb 28 08:21:45 ip-172-31-69-28 dhclient[898]: Copyright 2004-2015 Internet Systems Consortium.
Feb 28 08:21:45 ip-172-31-69-28 sh[881]: Copyright 2004-2015 Internet Systems Consortium.
Feb 28 08:21:45 ip-172-31-69-28 dhclient[898]: All rights reserved.
Feb 28 08:21:45 ip-172-31-69-28 sh[881]: All rights reserved.
Feb 28 08:21:45 ip-172-31-69-28 dhclient[898]: For info, please visit https://www.isc.org/software/dhcp/
Feb 28 08:21:45 ip-172-31-69-28 sh[881]: For info, please visit https://www.isc.org/software/dhcp/
Feb 28 08:21:45 ip-172-31-69-28 dhclient[898]: 
Feb 28 08:21:45 ip-172-31-69-28 dhclient[898]: Listening on LPF/eth0/02:9e:42:48:90:aa
Feb 28 08:21:45 ip-172-31-69-28 sh[881]: Listening on LPF/eth0/02:9e:42:48:90:aa
Feb 28 08:21:45 ip-172-31-69-28 sh[881]: Sending on   LPF/eth0/02:9e:42:48:90:aa
Feb 28 08:21:45 ip-172-31-69-28 sh[881]: Sending on   Socket/fallback
Feb 28 08:21:45 ip-172-31-69-28 sh[881]: DHCPDISCOVER on eth0 to 255.255.255.255 port 67 interval 3 (xid=0x40478724)
Feb 28 08:21:45 ip-172-31-69-28 dhclient[898]: Sending on   LPF/eth0/02:9e:42:48:90:aa
Feb 28 08:21:45 ip-172-31-69-28 dhclient[898]: Sending on   Socket/fallback
Feb 28 08:21:45 ip-172-31-69-28 dhclient[898]: DHCPDISCOVER on eth0 to 255.255.255.255 port 67 interval 3 (xid=0x40478724)
Feb 28 08:21:45 ip-172-31-69-28 dhclient[898]: DHCPREQUEST of 172.31.69.28 on eth0 to 255.255.255.255 port 67 (xid=0x24874740)
Feb 28 08:21:45 ip-172-31-69-28 sh[881]: DHCPREQUEST of 172.31.69.28 on eth0 to 255.255.255.255 port 67 (xid=0x24874740)
Feb 28 08:21:45 ip-172-31-69-28 sh[881]: DHCPOFFER of 172.31.69.28 from 172.31.69.1
Feb 28 08:21:45 ip-172-31-69-28 dhclient[898]: DHCPOFFER of 172.31.69.28 from 172.31.69.1
Feb 28 08:21:45 ip-172-31-69-28 dhclient[898]: DHCPACK of 172.31.69.28 from 172.31.69.1
Feb 28 08:21:45 ip-172-31-69-28 sh[881]: DHCPACK of 172.31.69.28 from 172.31.69.1
Feb 28 08:21:45 ip-172-31-69-28 dhclient[898]: bound to 172.31.69.28 -- renewal in 1733 seconds.
Feb 28 08:21:45 ip-172-31-69-28 sh[881]: bound to 172.31.69.28 -- renewal in 1733 seconds.
Feb 28 08:21:45 ip-172-31-69-28 systemd[1]: Started Raise network interfaces.
Feb 28 08:21:45 ip-172-31-69-28 systemd[1]: Starting Initial cloud-init job (metadata service crawler)...
Feb 28 08:21:45 ip-172-31-69-28 systemd[1]: Reached target Network.
Feb 28 08:21:45 ip-172-31-69-28 cloud-init[1052]: Cloud-init v. 17.1 running 'init' at Wed, 28 Feb 2018 12:21:44 +0000. Up 7.46 seconds.
Feb 28 08:21:45 ip-172-31-69-28 cloud-init[1052]: ci-info: ++++++++++++++++++++++++++++++++++++++Net device info+++++++++++++++++++++++++++++++++++++++
Feb 28 08:21:45 ip-172-31-69-28 cloud-init[1052]: ci-info: +--------+------+----------------------------+-----------------+-------+-------------------+
Feb 28 08:21:45 ip-172-31-69-28 cloud-init[1052]: ci-info: | Device |  Up  |          Address           |       Mask      | Scope |     Hw-Address    |
Feb 28 08:21:45 ip-172-31-69-28 cloud-init[1052]: ci-info: +--------+------+----------------------------+-----------------+-------+-------------------+
Feb 28 08:21:45 ip-172-31-69-28 cloud-init[1052]: ci-info: |  eth0  | True |        172.31.69.28        | 255.255.255.224 |   .   | 02:9e:42:48:90:aa |
Feb 28 08:21:45 ip-172-31-69-28 cloud-init[1052]: ci-info: |  eth0  | True | fe80::9e:42ff:fe48:90aa/64 |        .        |  link | 02:9e:42:48:90:aa |
Feb 28 08:21:45 ip-172-31-69-28 cloud-init[1052]: ci-info: |   lo   | True |         127.0.0.1          |    255.0.0.0    |   .   |         .         |
Feb 28 08:21:45 ip-172-31-69-28 cloud-init[1052]: ci-info: |   lo   | True |          ::1/128           |        .        |  host |         .         |
Feb 28 08:21:45 ip-172-31-69-28 cloud-init[1052]: ci-info: +--------+------+----------------------------+-----------------+-------+-------------------+
Feb 28 08:21:45 ip-172-31-69-28 cloud-init[1052]: ci-info: ++++++++++++++++++++++++++++++Route IPv4 info++++++++++++++++++++++++++++++
Feb 28 08:21:45 ip-172-31-69-28 cloud-init[1052]: ci-info: +-------+-------------+-------------+-----------------+-----------+-------+
Feb 28 08:21:45 ip-172-31-69-28 cloud-init[1052]: ci-info: | Route | Destination |   Gateway   |     Genmask     | Interface | Flags |
Feb 28 08:21:45 ip-172-31-69-28 cloud-init[1052]: ci-info: +-------+-------------+-------------+-----------------+-----------+-------+
Feb 28 08:21:45 ip-172-31-69-28 cloud-init[1052]: ci-info: |   0   |   0.0.0.0   | 172.31.69.1 |     0.0.0.0     |    eth0   |   UG  |
Feb 28 08:21:45 ip-172-31-69-28 cloud-init[1052]: ci-info: |   1   | 172.31.69.0 |   0.0.0.0   | 255.255.255.224 |    eth0   |   U   |
Feb 28 08:21:45 ip-172-31-69-28 cloud-init[1052]: ci-info: +-------+-------------+-------------+-----------------+-----------+-------+
Feb 28 08:21:45 ip-172-31-69-28 systemd[1]: Started Initial cloud-init job (metadata service crawler).
Feb 28 08:21:45 ip-172-31-69-28 systemd[1]: Reached target Cloud-config availability.
Feb 28 08:21:45 ip-172-31-69-28 systemd[1]: Reached target System Initialization.
Feb 28 08:21:45 ip-172-31-69-28 systemd[1]: Starting LXD - unix socket.
Feb 28 08:21:45 ip-172-31-69-28 systemd[1]: Listening on ACPID Listen Socket.
Feb 28 08:21:45 ip-172-31-69-28 systemd[1]: Starting Socket activation for snappy daemon.
Feb 28 08:21:45 ip-172-31-69-28 systemd[1]: Listening on UUID daemon activation socket.
Feb 28 08:21:45 ip-172-31-69-28 systemd[1]: Started Timer to automatically refresh installed snaps.
Feb 28 08:21:45 ip-172-31-69-28 systemd[1]: Started ACPI Events Check.
Feb 28 08:21:45 ip-172-31-69-28 systemd[1]: Reached target Paths.
Feb 28 08:21:45 ip-172-31-69-28 systemd[1]: Listening on D-Bus System Message Bus Socket.
Feb 28 08:21:45 ip-172-31-69-28 systemd[1]: Started Daily Cleanup of Temporary Directories.
Feb 28 08:21:45 ip-172-31-69-28 systemd[1]: Reached target Network is Online.
Feb 28 08:21:45 ip-172-31-69-28 systemd[1]: Started Daily apt download activities.
Feb 28 08:21:45 ip-172-31-69-28 systemd[1]: Started Daily apt upgrade and clean activities.
Feb 28 08:21:45 ip-172-31-69-28 systemd[1]: Reached target Timers.
Feb 28 08:21:45 ip-172-31-69-28 systemd[1]: Starting iSCSI initiator daemon (iscsid)...
Feb 28 08:21:45 ip-172-31-69-28 systemd[1]: Listening on LXD - unix socket.
Feb 28 08:21:45 ip-172-31-69-28 systemd[1]: Listening on Socket activation for snappy daemon.
Feb 28 08:21:45 ip-172-31-69-28 systemd[1]: Reached target Sockets.
Feb 28 08:21:45 ip-172-31-69-28 iscsid: iSCSI logger with pid=1107 started!
Feb 28 08:21:45 ip-172-31-69-28 iscsid: iSCSI daemon with pid=1108 started!
Feb 28 08:21:45 ip-172-31-69-28 systemd[1]: Reached target Basic System.
Feb 28 08:21:45 ip-172-31-69-28 systemd[1]: Started Regular background program processing daemon.
Feb 28 08:21:45 ip-172-31-69-28 cron[1110]: (CRON) INFO (pidfile fd = 3)
Feb 28 08:21:45 ip-172-31-69-28 systemd[1]: Starting System Logging Service...
Feb 28 08:21:45 ip-172-31-69-28 systemd[1]: Starting The PHP 7.0 FastCGI Process Manager...
Feb 28 08:21:45 ip-172-31-69-28 systemd[1]: Starting Accounts Service...
Feb 28 08:21:45 ip-172-31-69-28 cron[1110]: (CRON) INFO (Running @reboot jobs)
Feb 28 08:21:45 ip-172-31-69-28 systemd[1]: Starting Apply the settings specified in cloud-config...
Feb 28 08:21:45 ip-172-31-69-28 systemd[1]: Started Deferred execution scheduler.
Feb 28 08:21:45 ip-172-31-69-28 systemd[1]: Started ACPI event daemon.
Feb 28 08:21:45 ip-172-31-69-28 systemd[1]: Starting MySQL Community Server...
Feb 28 08:21:45 ip-172-31-69-28 acpid: starting up with netlink and the input layer
Feb 28 08:21:45 ip-172-31-69-28 acpid: 1 rule loaded
Feb 28 08:21:45 ip-172-31-69-28 acpid: waiting for events: event logging is off
Feb 28 08:21:45 ip-172-31-69-28 systemd[1]: Starting Snappy daemon...
Feb 28 08:21:45 ip-172-31-69-28 systemd[1]: Started FUSE filesystem for LXC.
Feb 28 08:21:45 ip-172-31-69-28 systemd[1]: Starting /etc/rc.local Compatibility...
Feb 28 08:21:45 ip-172-31-69-28 systemd[1]: Starting OpenBSD Secure Shell server...
Feb 28 08:21:45 ip-172-31-69-28 systemd[1]: Started Unattended Upgrades Shutdown.
Feb 28 08:21:45 ip-172-31-69-28 kernel: [    8.092999] cgroup: new mount options do not match the existing superblock, will be ignored
Feb 28 08:21:45 ip-172-31-69-28 lxcfs[1139]: hierarchies:
Feb 28 08:21:45 ip-172-31-69-28 lxcfs[1139]:   0: fd:   5: devices
Feb 28 08:21:45 ip-172-31-69-28 lxcfs[1139]:   1: fd:   6: cpuset
Feb 28 08:21:45 ip-172-31-69-28 lxcfs[1139]:   2: fd:   7: hugetlb
Feb 28 08:21:45 ip-172-31-69-28 lxcfs[1139]:   3: fd:   8: perf_event
Feb 28 08:21:45 ip-172-31-69-28 lxcfs[1139]:   4: fd:   9: freezer
Feb 28 08:21:45 ip-172-31-69-28 lxcfs[1139]:   5: fd:  10: memory
Feb 28 08:21:45 ip-172-31-69-28 lxcfs[1139]:   6: fd:  11: cpu,cpuacct
Feb 28 08:21:45 ip-172-31-69-28 lxcfs[1139]:   7: fd:  12: net_cls,net_prio
Feb 28 08:21:45 ip-172-31-69-28 lxcfs[1139]:   8: fd:  13: pids
Feb 28 08:21:45 ip-172-31-69-28 lxcfs[1139]:   9: fd:  14: blkio
Feb 28 08:21:45 ip-172-31-69-28 lxcfs[1139]:  10: fd:  15: name=systemd
Feb 28 08:21:45 ip-172-31-69-28 systemd[1]: Started D-Bus System Message Bus.
Feb 28 08:21:45 ip-172-31-69-28 dbus[1159]: [system] AppArmor D-Bus mediation is enabled
Feb 28 08:21:45 ip-172-31-69-28 systemd[1]: Starting LSB: MD monitoring daemon...
Feb 28 08:21:45 ip-172-31-69-28 systemd[1]: Starting LXD - container startup/shutdown...
Feb 28 08:21:45 ip-172-31-69-28 systemd[1]: Starting LSB: Record successful boot for GRUB...
Feb 28 08:21:45 ip-172-31-69-28 systemd[1]: Starting Login Service...
Feb 28 08:21:45 ip-172-31-69-28 systemd[1]: Started System Logging Service.
Feb 28 08:21:45 ip-172-31-69-28 dbus[1159]: [system] Activating via systemd: service name='org.freedesktop.PolicyKit1' unit='polkitd.service'
Feb 28 08:21:45 ip-172-31-69-28 systemd[1]: Started OpenBSD Secure Shell server.
Feb 28 08:21:45 ip-172-31-69-28 systemd[1]: Started iSCSI initiator daemon (iscsid).
Feb 28 08:21:45 ip-172-31-69-28 systemd[1]: Started /etc/rc.local Compatibility.
Feb 28 08:21:45 ip-172-31-69-28 snapd[1136]: AppArmor status: apparmor is enabled and all features are available
Feb 28 08:21:45 ip-172-31-69-28 snapd[1136]: 2018/02/28 08:21:45.763997 daemon.go:306: started snapd/2.29.4.2 (series 16; classic) ubuntu/16.04 (amd64) linux/4.4.0-1052-aws.
Feb 28 08:21:45 ip-172-31-69-28 systemd[1]: Started Snappy daemon.
Feb 28 08:21:45 ip-172-31-69-28 mdadm[1164]:  * Starting MD monitoring service mdadm --monitor
Feb 28 08:21:45 ip-172-31-69-28 mdadm[1164]:    ...done.
Feb 28 08:21:45 ip-172-31-69-28 kernel: [    8.373778] audit_printk_skb: 18 callbacks suppressed
Feb 28 08:21:45 ip-172-31-69-28 kernel: [    8.373781] audit: type=1400 audit(1519820505.796:17): apparmor="DENIED" operation="open" profile="/usr/sbin/mysqld" name="/proc/1186/status" pid=1186 comm="mysqld" requested_mask="r" denied_mask="r" fsuid=112 ouid=112
Feb 28 08:21:45 ip-172-31-69-28 kernel: [    8.373807] audit: type=1400 audit(1519820505.796:18): apparmor="DENIED" operation="open" profile="/usr/sbin/mysqld" name="/sys/devices/system/node/" pid=1186 comm="mysqld" requested_mask="r" denied_mask="r" fsuid=112 ouid=0
Feb 28 08:21:45 ip-172-31-69-28 kernel: [    8.373841] audit: type=1400 audit(1519820505.796:19): apparmor="DENIED" operation="open" profile="/usr/sbin/mysqld" name="/proc/1186/status" pid=1186 comm="mysqld" requested_mask="r" denied_mask="r" fsuid=112 ouid=112
Feb 28 08:21:45 ip-172-31-69-28 systemd[1]: Started LSB: MD monitoring daemon.
Feb 28 08:21:45 ip-172-31-69-28 systemd[1]: Starting Authenticate and Authorize Users to Run Privileged Tasks...
Feb 28 08:21:45 ip-172-31-69-28 systemd[1]: Starting Login to default iSCSI targets...
Feb 28 08:21:45 ip-172-31-69-28 systemd[1]: Started LSB: Record successful boot for GRUB.
Feb 28 08:21:45 ip-172-31-69-28 systemd[1]: Started Login Service.
Feb 28 08:21:45 ip-172-31-69-28 polkitd[1203]: started daemon version 0.105 using authority implementation `local' version `0.105'
Feb 28 08:21:45 ip-172-31-69-28 dbus[1159]: [system] Successfully activated service 'org.freedesktop.PolicyKit1'
Feb 28 08:21:45 ip-172-31-69-28 systemd[1]: Started Authenticate and Authorize Users to Run Privileged Tasks.
Feb 28 08:21:45 ip-172-31-69-28 accounts-daemon[1118]: started daemon version 0.6.40
Feb 28 08:21:45 ip-172-31-69-28 systemd[1]: Started Accounts Service.
Feb 28 08:21:45 ip-172-31-69-28 systemd[1]: Started LXD - container startup/shutdown.
Feb 28 08:21:45 ip-172-31-69-28 iscsiadm[1215]: iscsiadm: No records found
Feb 28 08:21:45 ip-172-31-69-28 systemd[1]: Started Login to default iSCSI targets.
Feb 28 08:21:45 ip-172-31-69-28 systemd[1]: Reached target Remote File Systems (Pre).
Feb 28 08:21:45 ip-172-31-69-28 systemd[1]: Reached target Remote File Systems.
Feb 28 08:21:45 ip-172-31-69-28 systemd[1]: Starting LSB: Set the CPU Frequency Scaling governor to "ondemand"...
Feb 28 08:21:45 ip-172-31-69-28 systemd[1]: Starting Permit User Sessions...
Feb 28 08:21:45 ip-172-31-69-28 systemd[1]: Starting LSB: automatic crash report generation...
Feb 28 08:21:45 ip-172-31-69-28 systemd[1]: Starting LSB: daemon to balance interrupts for SMP systems...
Feb 28 08:21:45 ip-172-31-69-28 systemd[1]: Starting LSB: Apache2 web server...
Feb 28 08:21:46 ip-172-31-69-28 systemd[1]: Started Permit User Sessions.
Feb 28 08:21:46 ip-172-31-69-28 apport[1228]:  * Starting automatic crash report generation: apport
Feb 28 08:21:46 ip-172-31-69-28 systemd[1]: Starting Terminate Plymouth Boot Screen...
Feb 28 08:21:46 ip-172-31-69-28 systemd[1]: Starting Hold until boot process finishes up...
Feb 28 08:21:46 ip-172-31-69-28 irqbalance[1236]:  * Starting SMP IRQ Balancer: irqbalance
Feb 28 08:21:46 ip-172-31-69-28 apache2[1242]:  * Starting Apache httpd web server apache2
Feb 28 08:21:46 ip-172-31-69-28 systemd[1]: Started Hold until boot process finishes up.
Feb 28 08:21:46 ip-172-31-69-28 /usr/sbin/irqbalance: Balancing is ineffective on systems with a single cpu.  Shutting down
Feb 28 08:21:46 ip-172-31-69-28 systemd[1]: Started Terminate Plymouth Boot Screen.
Feb 28 08:21:46 ip-172-31-69-28 apport[1228]:    ...done.
Feb 28 08:21:46 ip-172-31-69-28 systemd[1]: Started Serial Getty on ttyS0.
Feb 28 08:21:46 ip-172-31-69-28 irqbalance[1236]:    ...done.
Feb 28 08:21:46 ip-172-31-69-28 systemd[1]: Started Getty on tty1.
Feb 28 08:21:46 ip-172-31-69-28 systemd[1]: Reached target Login Prompts.
Feb 28 08:21:46 ip-172-31-69-28 systemd[1]: Starting Set console scheme...
Feb 28 08:21:46 ip-172-31-69-28 systemd[1]: Started The PHP 7.0 FastCGI Process Manager.
Feb 28 08:21:46 ip-172-31-69-28 systemd[1]: Started LSB: Set the CPU Frequency Scaling governor to "ondemand".
Feb 28 08:21:46 ip-172-31-69-28 systemd[1]: Started LSB: automatic crash report generation.
Feb 28 08:21:46 ip-172-31-69-28 systemd[1]: Started LSB: daemon to balance interrupts for SMP systems.
Feb 28 08:21:46 ip-172-31-69-28 systemd[1]: Started Set console scheme.
Feb 28 08:21:46 ip-172-31-69-28 cloud-init[1121]: Cloud-init v. 17.1 running 'modules:config' at Wed, 28 Feb 2018 12:21:46 +0000. Up 9.07 seconds.
Feb 28 08:21:46 ip-172-31-69-28 systemd[1]: Started Apply the settings specified in cloud-config.
Feb 28 08:21:46 ip-172-31-69-28 systemd[1]: Started MySQL Community Server.
Feb 28 08:21:47 ip-172-31-69-28 apache2[1242]:  *
Feb 28 08:21:47 ip-172-31-69-28 systemd[1]: Started LSB: Apache2 web server.
Feb 28 08:21:47 ip-172-31-69-28 systemd[1]: Reached target Multi-User System.
Feb 28 08:21:47 ip-172-31-69-28 systemd[1]: Starting Execute cloud user/final scripts...
Feb 28 08:21:47 ip-172-31-69-28 systemd[1]: Reached target Graphical Interface.
Feb 28 08:21:47 ip-172-31-69-28 systemd[1]: Starting Update UTMP about System Runlevel Changes...
Feb 28 08:21:47 ip-172-31-69-28 systemd[1]: Started Update UTMP about System Runlevel Changes.
Feb 28 08:21:47 ip-172-31-69-28 cloud-init[1353]: Cloud-init v. 17.1 running 'modules:final' at Wed, 28 Feb 2018 12:21:47 +0000. Up 10.27 seconds.
Feb 28 08:21:47 ip-172-31-69-28 cloud-init[1353]: Cloud-init v. 17.1 finished at Wed, 28 Feb 2018 12:21:47 +0000. Datasource DataSourceEc2Local.  Up 10.37 seconds
Feb 28 08:21:47 ip-172-31-69-28 systemd[1]: Started Execute cloud user/final scripts.
Feb 28 08:21:47 ip-172-31-69-28 systemd[1]: Starting Daily apt download activities...
Feb 28 08:21:47 ip-172-31-69-28 systemd[1]: Reached target Cloud-init target.
Feb 28 08:21:55 ip-172-31-69-28 systemd[1]: Started Daily apt download activities.
Feb 28 08:21:55 ip-172-31-69-28 systemd[1]: Startup finished in 3.498s (kernel) + 14.551s (userspace) = 18.050s.
Feb 28 08:22:12 ip-172-31-69-28 systemd-timesyncd[512]: Synchronized to time server 91.189.89.198:123 (ntp.ubuntu.com).
Feb 28 08:22:46 ip-172-31-69-28 systemd[1]: Created slice User Slice of ubuntu.
Feb 28 08:22:46 ip-172-31-69-28 systemd[1]: Starting User Manager for UID 1000...
Feb 28 08:22:46 ip-172-31-69-28 systemd[1]: Started Session 1 of user ubuntu.
Feb 28 08:22:46 ip-172-31-69-28 systemd[1691]: Reached target Timers.
Feb 28 08:22:46 ip-172-31-69-28 systemd[1691]: Reached target Sockets.
Feb 28 08:22:46 ip-172-31-69-28 systemd[1691]: Reached target Paths.
Feb 28 08:22:46 ip-172-31-69-28 systemd[1691]: Reached target Basic System.
Feb 28 08:22:46 ip-172-31-69-28 systemd[1691]: Reached target Default.
Feb 28 08:22:46 ip-172-31-69-28 systemd[1691]: Startup finished in 20ms.
Feb 28 08:22:46 ip-172-31-69-28 systemd[1]: Started User Manager for UID 1000.
Feb 28 08:22:57 ip-172-31-69-28 kernel: [   80.308244] Netfilter messages via NETLINK v0.30.
Feb 28 08:22:57 ip-172-31-69-28 kernel: [   80.315818] device eth0 entered promiscuous mode
Feb 28 08:36:44 ip-172-31-69-28 systemd[1]: Starting Cleanup of Temporary Directories...
Feb 28 08:36:44 ip-172-31-69-28 systemd-tmpfiles[1803]: [/usr/lib/tmpfiles.d/var.conf:14] Duplicate line for path "/var/log", ignoring.
Feb 28 08:36:45 ip-172-31-69-28 systemd[1]: Started Cleanup of Temporary Directories.
Feb 28 08:39:01 ip-172-31-69-28 CRON[1811]: (root) CMD (  [ -x /usr/lib/php/sessionclean ] && /usr/lib/php/sessionclean)
Feb 28 08:50:37 ip-172-31-69-28 dhclient[933]: DHCPREQUEST of 172.31.69.28 on eth0 to 172.31.69.1 port 67 (xid=0x24874740)
Feb 28 08:50:37 ip-172-31-69-28 dhclient[933]: DHCPACK of 172.31.69.28 from 172.31.69.1
Feb 28 08:50:37 ip-172-31-69-28 dhclient[933]: bound to 172.31.69.28 -- renewal in 1794 seconds.
Feb 28 09:09:01 ip-172-31-69-28 CRON[1910]: (root) CMD (  [ -x /usr/lib/php/sessionclean ] && /usr/lib/php/sessionclean)
Feb 28 09:17:01 ip-172-31-69-28 CRON[2011]: (root) CMD (   cd / && run-parts --report /etc/cron.hourly)
Feb 28 09:20:32 ip-172-31-69-28 dhclient[933]: DHCPREQUEST of 172.31.69.28 on eth0 to 172.31.69.1 port 67 (xid=0x24874740)
Feb 28 09:20:32 ip-172-31-69-28 dhclient[933]: DHCPACK of 172.31.69.28 from 172.31.69.1
Feb 28 09:20:32 ip-172-31-69-28 dhclient[933]: bound to 172.31.69.28 -- renewal in 1506 seconds.
Feb 28 09:39:01 ip-172-31-69-28 CRON[2034]: (root) CMD (  [ -x /usr/lib/php/sessionclean ] && /usr/lib/php/sessionclean)
Feb 28 09:45:38 ip-172-31-69-28 dhclient[933]: DHCPREQUEST of 172.31.69.28 on eth0 to 172.31.69.1 port 67 (xid=0x24874740)
Feb 28 09:45:38 ip-172-31-69-28 dhclient[933]: DHCPACK of 172.31.69.28 from 172.31.69.1
Feb 28 09:45:38 ip-172-31-69-28 dhclient[933]: bound to 172.31.69.28 -- renewal in 1560 seconds.
Feb 28 10:09:01 ip-172-31-69-28 CRON[2136]: (root) CMD (  [ -x /usr/lib/php/sessionclean ] && /usr/lib/php/sessionclean)
Feb 28 10:11:38 ip-172-31-69-28 dhclient[933]: DHCPREQUEST of 172.31.69.28 on eth0 to 172.31.69.1 port 67 (xid=0x24874740)
Feb 28 10:11:38 ip-172-31-69-28 dhclient[933]: DHCPACK of 172.31.69.28 from 172.31.69.1
Feb 28 10:11:38 ip-172-31-69-28 dhclient[933]: bound to 172.31.69.28 -- renewal in 1368 seconds.
Feb 28 10:17:01 ip-172-31-69-28 CRON[2233]: (root) CMD (   cd / && run-parts --report /etc/cron.hourly)
Feb 28 10:34:26 ip-172-31-69-28 dhclient[933]: DHCPREQUEST of 172.31.69.28 on eth0 to 172.31.69.1 port 67 (xid=0x24874740)
Feb 28 10:34:26 ip-172-31-69-28 dhclient[933]: DHCPACK of 172.31.69.28 from 172.31.69.1
Feb 28 10:34:26 ip-172-31-69-28 dhclient[933]: bound to 172.31.69.28 -- renewal in 1577 seconds.
Feb 28 10:39:01 ip-172-31-69-28 CRON[2248]: (root) CMD (  [ -x /usr/lib/php/sessionclean ] && /usr/lib/php/sessionclean)
Feb 28 11:00:43 ip-172-31-69-28 dhclient[933]: DHCPREQUEST of 172.31.69.28 on eth0 to 172.31.69.1 port 67 (xid=0x24874740)
Feb 28 11:00:43 ip-172-31-69-28 dhclient[933]: DHCPACK of 172.31.69.28 from 172.31.69.1
Feb 28 11:00:43 ip-172-31-69-28 dhclient[933]: bound to 172.31.69.28 -- renewal in 1462 seconds.
Feb 28 11:09:01 ip-172-31-69-28 CRON[2355]: (root) CMD (  [ -x /usr/lib/php/sessionclean ] && /usr/lib/php/sessionclean)
Feb 28 11:17:01 ip-172-31-69-28 CRON[2440]: (root) CMD (   cd / && run-parts --report /etc/cron.hourly)
Feb 28 11:25:05 ip-172-31-69-28 dhclient[933]: DHCPREQUEST of 172.31.69.28 on eth0 to 172.31.69.1 port 67 (xid=0x24874740)
Feb 28 11:25:05 ip-172-31-69-28 dhclient[933]: DHCPACK of 172.31.69.28 from 172.31.69.1
Feb 28 11:25:05 ip-172-31-69-28 dhclient[933]: bound to 172.31.69.28 -- renewal in 1449 seconds.
Feb 28 11:39:01 ip-172-31-69-28 CRON[2455]: (root) CMD (  [ -x /usr/lib/php/sessionclean ] && /usr/lib/php/sessionclean)
Feb 28 11:49:14 ip-172-31-69-28 dhclient[933]: DHCPREQUEST of 172.31.69.28 on eth0 to 172.31.69.1 port 67 (xid=0x24874740)
Feb 28 11:49:14 ip-172-31-69-28 dhclient[933]: DHCPACK of 172.31.69.28 from 172.31.69.1
Feb 28 11:49:14 ip-172-31-69-28 dhclient[933]: bound to 172.31.69.28 -- renewal in 1387 seconds.
Feb 28 12:09:01 ip-172-31-69-28 CRON[2559]: (root) CMD (  [ -x /usr/lib/php/sessionclean ] && /usr/lib/php/sessionclean)
Feb 28 12:12:21 ip-172-31-69-28 dhclient[933]: DHCPREQUEST of 172.31.69.28 on eth0 to 172.31.69.1 port 67 (xid=0x24874740)
Feb 28 12:12:21 ip-172-31-69-28 dhclient[933]: DHCPACK of 172.31.69.28 from 172.31.69.1
Feb 28 12:12:21 ip-172-31-69-28 dhclient[933]: bound to 172.31.69.28 -- renewal in 1733 seconds.
Feb 28 12:17:01 ip-172-31-69-28 CRON[2662]: (root) CMD (   cd / && run-parts --report /etc/cron.hourly)
Feb 28 12:39:01 ip-172-31-69-28 CRON[2673]: (root) CMD (  [ -x /usr/lib/php/sessionclean ] && /usr/lib/php/sessionclean)
Feb 28 12:41:14 ip-172-31-69-28 dhclient[933]: DHCPREQUEST of 172.31.69.28 on eth0 to 172.31.69.1 port 67 (xid=0x24874740)
Feb 28 12:41:14 ip-172-31-69-28 dhclient[933]: DHCPACK of 172.31.69.28 from 172.31.69.1
Feb 28 12:41:15 ip-172-31-69-28 dhclient[933]: bound to 172.31.69.28 -- renewal in 1790 seconds.
Feb 28 13:09:01 ip-172-31-69-28 CRON[2776]: (root) CMD (  [ -x /usr/lib/php/sessionclean ] && /usr/lib/php/sessionclean)
Feb 28 13:11:05 ip-172-31-69-28 dhclient[933]: DHCPREQUEST of 172.31.69.28 on eth0 to 172.31.69.1 port 67 (xid=0x24874740)
Feb 28 13:11:05 ip-172-31-69-28 dhclient[933]: DHCPACK of 172.31.69.28 from 172.31.69.1
Feb 28 13:11:05 ip-172-31-69-28 dhclient[933]: bound to 172.31.69.28 -- renewal in 1509 seconds.
Feb 28 13:17:01 ip-172-31-69-28 CRON[2885]: (root) CMD (   cd / && run-parts --report /etc/cron.hourly)
Feb 28 13:36:14 ip-172-31-69-28 dhclient[933]: DHCPREQUEST of 172.31.69.28 on eth0 to 172.31.69.1 port 67 (xid=0x24874740)
Feb 28 13:36:14 ip-172-31-69-28 dhclient[933]: DHCPACK of 172.31.69.28 from 172.31.69.1
Feb 28 13:36:14 ip-172-31-69-28 dhclient[933]: bound to 172.31.69.28 -- renewal in 1428 seconds.
Feb 28 13:39:01 ip-172-31-69-28 CRON[2914]: (root) CMD (  [ -x /usr/lib/php/sessionclean ] && /usr/lib/php/sessionclean)
Feb 28 14:00:02 ip-172-31-69-28 dhclient[933]: DHCPREQUEST of 172.31.69.28 on eth0 to 172.31.69.1 port 67 (xid=0x24874740)
Feb 28 14:00:02 ip-172-31-69-28 dhclient[933]: DHCPACK of 172.31.69.28 from 172.31.69.1
Feb 28 14:00:02 ip-172-31-69-28 dhclient[933]: bound to 172.31.69.28 -- renewal in 1788 seconds.
Feb 28 14:09:01 ip-172-31-69-28 CRON[3078]: (root) CMD (  [ -x /usr/lib/php/sessionclean ] && /usr/lib/php/sessionclean)
Feb 28 14:17:01 ip-172-31-69-28 CRON[3165]: (root) CMD (   cd / && run-parts --report /etc/cron.hourly)
Feb 28 14:29:50 ip-172-31-69-28 dhclient[933]: DHCPREQUEST of 172.31.69.28 on eth0 to 172.31.69.1 port 67 (xid=0x24874740)
Feb 28 14:29:50 ip-172-31-69-28 dhclient[933]: DHCPACK of 172.31.69.28 from 172.31.69.1
Feb 28 14:29:50 ip-172-31-69-28 dhclient[933]: bound to 172.31.69.28 -- renewal in 1665 seconds.
Feb 28 14:39:01 ip-172-31-69-28 CRON[3188]: (root) CMD (  [ -x /usr/lib/php/sessionclean ] && /usr/lib/php/sessionclean)
Feb 28 14:45:05 ip-172-31-69-28 systemd[1]: Started Session 21 of user ubuntu.
Feb 28 14:57:35 ip-172-31-69-28 dhclient[933]: DHCPREQUEST of 172.31.69.28 on eth0 to 172.31.69.1 port 67 (xid=0x24874740)
Feb 28 14:57:35 ip-172-31-69-28 dhclient[933]: DHCPACK of 172.31.69.28 from 172.31.69.1
Feb 28 14:57:35 ip-172-31-69-28 dhclient[933]: bound to 172.31.69.28 -- renewal in 1434 seconds.
Feb 28 15:09:01 ip-172-31-69-28 CRON[3379]: (root) CMD (  [ -x /usr/lib/php/sessionclean ] && /usr/lib/php/sessionclean)
Feb 28 15:17:01 ip-172-31-69-28 CRON[3464]: (root) CMD (   cd / && run-parts --report /etc/cron.hourly)
Feb 28 15:21:29 ip-172-31-69-28 dhclient[933]: DHCPREQUEST of 172.31.69.28 on eth0 to 172.31.69.1 port 67 (xid=0x24874740)
Feb 28 15:21:29 ip-172-31-69-28 dhclient[933]: DHCPACK of 172.31.69.28 from 172.31.69.1
Feb 28 15:21:29 ip-172-31-69-28 dhclient[933]: bound to 172.31.69.28 -- renewal in 1576 seconds.
Feb 28 15:39:01 ip-172-31-69-28 CRON[3485]: (root) CMD (  [ -x /usr/lib/php/sessionclean ] && /usr/lib/php/sessionclean)
Feb 28 15:47:45 ip-172-31-69-28 dhclient[933]: DHCPREQUEST of 172.31.69.28 on eth0 to 172.31.69.1 port 67 (xid=0x24874740)
Feb 28 15:47:45 ip-172-31-69-28 dhclient[933]: DHCPACK of 172.31.69.28 from 172.31.69.1
Feb 28 15:47:45 ip-172-31-69-28 dhclient[933]: bound to 172.31.69.28 -- renewal in 1478 seconds.
Feb 28 16:09:01 ip-172-31-69-28 CRON[3598]: (root) CMD (  [ -x /usr/lib/php/sessionclean ] && /usr/lib/php/sessionclean)
Feb 28 16:12:23 ip-172-31-69-28 dhclient[933]: DHCPREQUEST of 172.31.69.28 on eth0 to 172.31.69.1 port 67 (xid=0x24874740)
Feb 28 16:12:23 ip-172-31-69-28 dhclient[933]: DHCPACK of 172.31.69.28 from 172.31.69.1
Feb 28 16:12:23 ip-172-31-69-28 dhclient[933]: bound to 172.31.69.28 -- renewal in 1681 seconds.
Feb 28 16:17:01 ip-172-31-69-28 CRON[3699]: (root) CMD (   cd / && run-parts --report /etc/cron.hourly)
Feb 28 16:39:01 ip-172-31-69-28 CRON[3719]: (root) CMD (  [ -x /usr/lib/php/sessionclean ] && /usr/lib/php/sessionclean)
Feb 28 16:40:24 ip-172-31-69-28 dhclient[933]: DHCPREQUEST of 172.31.69.28 on eth0 to 172.31.69.1 port 67 (xid=0x24874740)
Feb 28 16:40:24 ip-172-31-69-28 dhclient[933]: DHCPACK of 172.31.69.28 from 172.31.69.1
Feb 28 16:40:24 ip-172-31-69-28 dhclient[933]: bound to 172.31.69.28 -- renewal in 1386 seconds.
Feb 28 17:03:31 ip-172-31-69-28 dhclient[933]: DHCPREQUEST of 172.31.69.28 on eth0 to 172.31.69.1 port 67 (xid=0x24874740)
Feb 28 17:03:31 ip-172-31-69-28 dhclient[933]: DHCPACK of 172.31.69.28 from 172.31.69.1
Feb 28 17:03:31 ip-172-31-69-28 dhclient[933]: bound to 172.31.69.28 -- renewal in 1501 seconds.
Feb 28 17:09:01 ip-172-31-69-28 CRON[3840]: (root) CMD (  [ -x /usr/lib/php/sessionclean ] && /usr/lib/php/sessionclean)
Feb 28 17:17:01 ip-172-31-69-28 CRON[3937]: (root) CMD (   cd / && run-parts --report /etc/cron.hourly)
Feb 28 17:28:32 ip-172-31-69-28 dhclient[933]: DHCPREQUEST of 172.31.69.28 on eth0 to 172.31.69.1 port 67 (xid=0x24874740)
Feb 28 17:28:32 ip-172-31-69-28 dhclient[933]: DHCPACK of 172.31.69.28 from 172.31.69.1
Feb 28 17:28:32 ip-172-31-69-28 dhclient[933]: bound to 172.31.69.28 -- renewal in 1563 seconds.
