Feb 16 06:48:02 ip-172-31-69-27 dhclient[934]: DHCPREQUEST of 172.31.69.27 on eth0 to 172.31.69.1 port 67 (xid=0x65bebedf)
Feb 16 06:48:02 ip-172-31-69-27 dhclient[934]: DHCPACK of 172.31.69.27 from 172.31.69.1
Feb 16 06:48:02 ip-172-31-69-27 dhclient[934]: bound to 172.31.69.27 -- renewal in 1666 seconds.
Feb 16 07:15:48 ip-172-31-69-27 dhclient[934]: DHCPREQUEST of 172.31.69.27 on eth0 to 172.31.69.1 port 67 (xid=0x65bebedf)
Feb 16 07:15:48 ip-172-31-69-27 dhclient[934]: DHCPACK of 172.31.69.27 from 172.31.69.1
Feb 16 07:15:48 ip-172-31-69-27 dhclient[934]: bound to 172.31.69.27 -- renewal in 1653 seconds.
Feb 16 07:17:01 ip-172-31-69-27 CRON[3121]: (root) CMD (   cd / && run-parts --report /etc/cron.hourly)
Feb 16 07:43:21 ip-172-31-69-27 dhclient[934]: DHCPREQUEST of 172.31.69.27 on eth0 to 172.31.69.1 port 67 (xid=0x65bebedf)
Feb 16 07:43:21 ip-172-31-69-27 dhclient[934]: DHCPACK of 172.31.69.27 from 172.31.69.1
Feb 16 07:43:21 ip-172-31-69-27 dhclient[934]: bound to 172.31.69.27 -- renewal in 1698 seconds.
Feb 16 08:11:39 ip-172-31-69-27 dhclient[934]: DHCPREQUEST of 172.31.69.27 on eth0 to 172.31.69.1 port 67 (xid=0x65bebedf)
Feb 16 08:11:39 ip-172-31-69-27 dhclient[934]: DHCPACK of 172.31.69.27 from 172.31.69.1
Feb 16 08:11:39 ip-172-31-69-27 dhclient[934]: bound to 172.31.69.27 -- renewal in 1750 seconds.
Feb 16 08:17:01 ip-172-31-69-27 CRON[3155]: (root) CMD (   cd / && run-parts --report /etc/cron.hourly)
Feb 16 08:36:44 ip-172-31-69-27 systemd[1]: Received SIGINT.
Feb 16 08:36:44 ip-172-31-69-27 systemd[1]: Stopping User Manager for UID 1000...
Feb 16 08:36:44 ip-172-31-69-27 systemd[1579]: Reached target Shutdown.
Feb 16 08:36:44 ip-172-31-69-27 systemd[1579]: Starting Exit the Session...
Feb 16 08:36:44 ip-172-31-69-27 systemd[1579]: Stopped target Default.
Feb 16 08:36:44 ip-172-31-69-27 systemd[1579]: Stopped target Basic System.
Feb 16 08:36:44 ip-172-31-69-27 systemd[1579]: Stopped target Paths.
Feb 16 08:36:44 ip-172-31-69-27 systemd[1579]: Stopped target Timers.
Feb 16 08:36:44 ip-172-31-69-27 systemd[1579]: Stopped target Sockets.
Feb 16 08:36:44 ip-172-31-69-27 systemd[1579]: Received SIGRTMIN+24 from PID 3167 (kill).
Feb 16 08:36:44 ip-172-31-69-27 systemd[1]: Stopping ACPI event daemon...
Feb 16 08:36:44 ip-172-31-69-27 systemd[1]: Closed Load/Save RF Kill Switch Status /dev/rfkill Watch.
Feb 16 08:36:44 ip-172-31-69-27 systemd[1]: Stopping Authenticate and Authorize Users to Run Privileged Tasks...
Feb 16 08:36:44 ip-172-31-69-27 systemd[1]: Stopped target Graphical Interface.
Feb 16 08:36:44 ip-172-31-69-27 systemd[1]: Stopping Accounts Service...
Feb 16 08:36:44 ip-172-31-69-27 kernel: [87220.131331] device eth0 left promiscuous mode
Feb 16 08:36:44 ip-172-31-69-27 systemd[1]: Stopping Session 1 of user ubuntu.
Feb 16 08:36:44 ip-172-31-69-27 systemd[1]: Stopped target Cloud-init target.
Feb 16 08:36:44 ip-172-31-69-27 systemd[1]: Stopped Execute cloud user/final scripts.
Feb 16 08:36:44 ip-172-31-69-27 systemd[1]: Stopped target Multi-User System.
Feb 16 08:36:44 ip-172-31-69-27 systemd[1]: Stopping LSB: Set the CPU Frequency Scaling governor to "ondemand"...
Feb 16 08:36:44 ip-172-31-69-27 systemd[1]: Stopping LSB: daemon to balance interrupts for SMP systems...
Feb 16 08:36:44 ip-172-31-69-27 systemd[1]: Stopping LXD - container startup/shutdown...
Feb 16 08:36:44 ip-172-31-69-27 systemd[1]: Stopping LSB: MD monitoring daemon...
Feb 16 08:36:44 ip-172-31-69-27 snapd[1162]: 2018/02/16 08:36:44.985999 main.go:78: Exiting on terminated signal.
Feb 16 08:36:44 ip-172-31-69-27 rsyslogd: [origin software="rsyslogd" swVersion="8.16.0" x-pid="1129" x-info="http://www.rsyslog.com"] exiting on signal 15.
Feb 16 08:37:15 ip-172-31-69-27 rsyslogd: [origin software="rsyslogd" swVersion="8.16.0" x-pid="1108" x-info="http://www.rsyslog.com"] start
Feb 16 08:37:15 ip-172-31-69-27 rsyslogd-2222: command 'KLogPermitNonKernelFacility' is currently not permitted - did you already set it via a RainerScript command (v6+ config)? [v8.16.0 try http://www.rsyslog.com/e/2222 ]
Feb 16 08:37:15 ip-172-31-69-27 rsyslogd: rsyslogd's groupid changed to 108
Feb 16 08:37:15 ip-172-31-69-27 rsyslogd: rsyslogd's userid changed to 104
Feb 16 08:37:15 ip-172-31-69-27 rsyslogd-2039: Could not open output pipe '/dev/xconsole':: No such file or directory [v8.16.0 try http://www.rsyslog.com/e/2039 ]
Feb 16 08:37:15 ip-172-31-69-27 rsyslogd-2007: action 'action 11' suspended, next retry is Fri Feb 16 08:37:45 2018 [v8.16.0 try http://www.rsyslog.com/e/2007 ]
Feb 16 08:37:15 ip-172-31-69-27 kernel: [    0.000000] Initializing cgroup subsys cpuset
Feb 16 08:37:15 ip-172-31-69-27 kernel: [    0.000000] Initializing cgroup subsys cpu
Feb 16 08:37:15 ip-172-31-69-27 kernel: [    0.000000] Initializing cgroup subsys cpuacct
Feb 16 08:37:15 ip-172-31-69-27 kernel: [    0.000000] Linux version 4.4.0-1049-aws (buildd@lcy01-amd64-001) (gcc version 5.4.0 20160609 (Ubuntu 5.4.0-6ubuntu1~16.04.5) ) #58-Ubuntu SMP Fri Jan 12 23:17:09 UTC 2018 (Ubuntu 4.4.0-1049.58-aws 4.4.98)
Feb 16 08:37:15 ip-172-31-69-27 kernel: [    0.000000] Command line: BOOT_IMAGE=/boot/vmlinuz-4.4.0-1049-aws root=UUID=ccee1a8d-0785-4b3a-a578-812d59f5d3e1 ro console=tty1 console=ttyS0 nvme.io_timeout=4294967295
Feb 16 08:37:15 ip-172-31-69-27 kernel: [    0.000000] KERNEL supported cpus:
Feb 16 08:37:15 ip-172-31-69-27 kernel: [    0.000000]   Intel GenuineIntel
Feb 16 08:37:15 ip-172-31-69-27 kernel: [    0.000000]   AMD AuthenticAMD
Feb 16 08:37:15 ip-172-31-69-27 kernel: [    0.000000]   Centaur CentaurHauls
Feb 16 08:37:15 ip-172-31-69-27 kernel: [    0.000000] x86/fpu: xstate_offset[2]:  576, xstate_sizes[2]:  256
Feb 16 08:37:15 ip-172-31-69-27 kernel: [    0.000000] x86/fpu: Supporting XSAVE feature 0x01: 'x87 floating point registers'
Feb 16 08:37:15 ip-172-31-69-27 kernel: [    0.000000] x86/fpu: Supporting XSAVE feature 0x02: 'SSE registers'
Feb 16 08:37:15 ip-172-31-69-27 kernel: [    0.000000] x86/fpu: Supporting XSAVE feature 0x04: 'AVX registers'
Feb 16 08:37:15 ip-172-31-69-27 kernel: [    0.000000] x86/fpu: Enabled xstate features 0x7, context size is 832 bytes, using 'standard' format.
Feb 16 08:37:15 ip-172-31-69-27 kernel: [    0.000000] x86/fpu: Using 'eager' FPU context switches.
Feb 16 08:37:15 ip-172-31-69-27 kernel: [    0.000000] e820: BIOS-provided physical RAM map:
Feb 16 08:37:15 ip-172-31-69-27 kernel: [    0.000000] BIOS-e820: [mem 0x0000000000000000-0x000000000009dfff] usable
Feb 16 08:37:15 ip-172-31-69-27 kernel: [    0.000000] BIOS-e820: [mem 0x000000000009e000-0x000000000009ffff] reserved
Feb 16 08:37:15 ip-172-31-69-27 kernel: [    0.000000] BIOS-e820: [mem 0x00000000000e0000-0x00000000000fffff] reserved
Feb 16 08:37:15 ip-172-31-69-27 kernel: [    0.000000] BIOS-e820: [mem 0x0000000000100000-0x000000003fffffff] usable
Feb 16 08:37:15 ip-172-31-69-27 kernel: [    0.000000] BIOS-e820: [mem 0x00000000fc000000-0x00000000ffffffff] reserved
Feb 16 08:37:15 ip-172-31-69-27 kernel: [    0.000000] NX (Execute Disable) protection: active
Feb 16 08:37:15 ip-172-31-69-27 kernel: [    0.000000] SMBIOS 2.7 present.
Feb 16 08:37:15 ip-172-31-69-27 kernel: [    0.000000] DMI: Xen HVM domU, BIOS 4.2.amazon 08/24/2006
Feb 16 08:37:15 ip-172-31-69-27 kernel: [    0.000000] Hypervisor detected: Xen
Feb 16 08:37:15 ip-172-31-69-27 kernel: [    0.000000] Xen version 4.2.
Feb 16 08:37:15 ip-172-31-69-27 kernel: [    0.000000] Xen Platform PCI: I/O protocol version 1
Feb 16 08:37:15 ip-172-31-69-27 kernel: [    0.000000] Netfront and the Xen platform PCI driver have been compiled for this kernel: unplug emulated NICs.
Feb 16 08:37:15 ip-172-31-69-27 kernel: [    0.000000] Blkfront and the Xen platform PCI driver have been compiled for this kernel: unplug emulated disks.
Feb 16 08:37:15 ip-172-31-69-27 kernel: [    0.000000] You might have to change the root device
Feb 16 08:37:15 ip-172-31-69-27 kernel: [    0.000000] from /dev/hd[a-d] to /dev/xvd[a-d]
Feb 16 08:37:15 ip-172-31-69-27 kernel: [    0.000000] in your root= kernel command line option
Feb 16 08:37:15 ip-172-31-69-27 kernel: [    0.000000] HVMOP_pagetable_dying not supported
Feb 16 08:37:15 ip-172-31-69-27 kernel: [    0.000000] e820: update [mem 0x00000000-0x00000fff] usable ==> reserved
Feb 16 08:37:15 ip-172-31-69-27 kernel: [    0.000000] e820: remove [mem 0x000a0000-0x000fffff] usable
Feb 16 08:37:15 ip-172-31-69-27 kernel: [    0.000000] e820: last_pfn = 0x40000 max_arch_pfn = 0x400000000
Feb 16 08:37:15 ip-172-31-69-27 kernel: [    0.000000] MTRR default type: write-back
Feb 16 08:37:15 ip-172-31-69-27 kernel: [    0.000000] MTRR fixed ranges enabled:
Feb 16 08:37:15 ip-172-31-69-27 kernel: [    0.000000]   00000-9FFFF write-back
Feb 16 08:37:15 ip-172-31-69-27 kernel: [    0.000000]   A0000-BFFFF write-combining
Feb 16 08:37:15 ip-172-31-69-27 kernel: [    0.000000]   C0000-FFFFF write-back
Feb 16 08:37:15 ip-172-31-69-27 kernel: [    0.000000] MTRR variable ranges enabled:
Feb 16 08:37:15 ip-172-31-69-27 kernel: [    0.000000]   0 base 0000F0000000 mask 3FFFF8000000 uncachable
Feb 16 08:37:15 ip-172-31-69-27 kernel: [    0.000000]   1 base 0000F8000000 mask 3FFFFC000000 uncachable
Feb 16 08:37:15 ip-172-31-69-27 kernel: [    0.000000]   2 disabled
Feb 16 08:37:15 ip-172-31-69-27 kernel: [    0.000000]   3 disabled
Feb 16 08:37:15 ip-172-31-69-27 kernel: [    0.000000]   4 disabled
Feb 16 08:37:15 ip-172-31-69-27 kernel: [    0.000000]   5 disabled
Feb 16 08:37:15 ip-172-31-69-27 kernel: [    0.000000]   6 disabled
Feb 16 08:37:15 ip-172-31-69-27 kernel: [    0.000000]   7 disabled
Feb 16 08:37:15 ip-172-31-69-27 kernel: [    0.000000] x86/PAT: Configuration [0-7]: WB  WC  UC- UC  WB  WC  UC- WT  
Feb 16 08:37:15 ip-172-31-69-27 kernel: [    0.000000] found SMP MP-table at [mem 0x000fbc20-0x000fbc2f] mapped at [ffff8800000fbc20]
Feb 16 08:37:15 ip-172-31-69-27 kernel: [    0.000000] Scanning 1 areas for low memory corruption
Feb 16 08:37:15 ip-172-31-69-27 kernel: [    0.000000] Base memory trampoline at [ffff880000098000] 98000 size 24576
Feb 16 08:37:15 ip-172-31-69-27 kernel: [    0.000000] BRK [0x02201000, 0x02201fff] PGTABLE
Feb 16 08:37:15 ip-172-31-69-27 kernel: [    0.000000] BRK [0x02202000, 0x02202fff] PGTABLE
Feb 16 08:37:15 ip-172-31-69-27 kernel: [    0.000000] BRK [0x02203000, 0x02203fff] PGTABLE
Feb 16 08:37:15 ip-172-31-69-27 kernel: [    0.000000] RAMDISK: [mem 0x367e6000-0x373eafff]
Feb 16 08:37:15 ip-172-31-69-27 kernel: [    0.000000] ACPI: Early table checksum verification disabled
Feb 16 08:37:15 ip-172-31-69-27 kernel: [    0.000000] ACPI: RSDP 0x00000000000EA020 000024 (v02 Xen   )
Feb 16 08:37:15 ip-172-31-69-27 kernel: [    0.000000] ACPI: XSDT 0x00000000FC00DDC0 000054 (v01 Xen    HVM      00000000 HVML 00000000)
Feb 16 08:37:15 ip-172-31-69-27 kernel: [    0.000000] ACPI: FACP 0x00000000FC00DA80 0000F4 (v04 Xen    HVM      00000000 HVML 00000000)
Feb 16 08:37:15 ip-172-31-69-27 kernel: [    0.000000] ACPI: DSDT 0x00000000FC001CE0 00BD19 (v02 Xen    HVM      00000000 INTL 20090123)
Feb 16 08:37:15 ip-172-31-69-27 kernel: [    0.000000] ACPI: FACS 0x00000000FC001CA0 000040
Feb 16 08:37:15 ip-172-31-69-27 kernel: [    0.000000] ACPI: FACS 0x00000000FC001CA0 000040
Feb 16 08:37:15 ip-172-31-69-27 kernel: [    0.000000] ACPI: APIC 0x00000000FC00DB80 0000D8 (v02 Xen    HVM      00000000 HVML 00000000)
Feb 16 08:37:15 ip-172-31-69-27 kernel: [    0.000000] ACPI: HPET 0x00000000FC00DCD0 000038 (v01 Xen    HVM      00000000 HVML 00000000)
Feb 16 08:37:15 ip-172-31-69-27 kernel: [    0.000000] ACPI: WAET 0x00000000FC00DD10 000028 (v01 Xen    HVM      00000000 HVML 00000000)
Feb 16 08:37:15 ip-172-31-69-27 kernel: [    0.000000] ACPI: SSDT 0x00000000FC00DD40 000031 (v02 Xen    HVM      00000000 INTL 20090123)
Feb 16 08:37:15 ip-172-31-69-27 kernel: [    0.000000] ACPI: SSDT 0x00000000FC00DD80 000031 (v02 Xen    HVM      00000000 INTL 20090123)
Feb 16 08:37:15 ip-172-31-69-27 kernel: [    0.000000] ACPI: Local APIC address 0xfee00000
Feb 16 08:37:15 ip-172-31-69-27 kernel: [    0.000000] No NUMA configuration found
Feb 16 08:37:15 ip-172-31-69-27 kernel: [    0.000000] Faking a node at [mem 0x0000000000000000-0x000000003fffffff]
Feb 16 08:37:15 ip-172-31-69-27 kernel: [    0.000000] NODE_DATA(0) allocated [mem 0x3fffb000-0x3fffffff]
Feb 16 08:37:15 ip-172-31-69-27 kernel: [    0.000000] Zone ranges:
Feb 16 08:37:15 ip-172-31-69-27 kernel: [    0.000000]   DMA      [mem 0x0000000000001000-0x0000000000ffffff]
Feb 16 08:37:15 ip-172-31-69-27 kernel: [    0.000000]   DMA32    [mem 0x0000000001000000-0x000000003fffffff]
Feb 16 08:37:15 ip-172-31-69-27 kernel: [    0.000000]   Normal   empty
Feb 16 08:37:15 ip-172-31-69-27 kernel: [    0.000000]   Device   empty
Feb 16 08:37:15 ip-172-31-69-27 kernel: [    0.000000] Movable zone start for each node
Feb 16 08:37:15 ip-172-31-69-27 kernel: [    0.000000] Early memory node ranges
Feb 16 08:37:15 ip-172-31-69-27 kernel: [    0.000000]   node   0: [mem 0x0000000000001000-0x000000000009dfff]
Feb 16 08:37:15 ip-172-31-69-27 kernel: [    0.000000]   node   0: [mem 0x0000000000100000-0x000000003fffffff]
Feb 16 08:37:15 ip-172-31-69-27 kernel: [    0.000000] Initmem setup node 0 [mem 0x0000000000001000-0x000000003fffffff]
Feb 16 08:37:15 ip-172-31-69-27 kernel: [    0.000000] On node 0 totalpages: 262045
Feb 16 08:37:15 ip-172-31-69-27 kernel: [    0.000000]   DMA zone: 64 pages used for memmap
Feb 16 08:37:15 ip-172-31-69-27 kernel: [    0.000000]   DMA zone: 21 pages reserved
Feb 16 08:37:15 ip-172-31-69-27 kernel: [    0.000000]   DMA zone: 3997 pages, LIFO batch:0
Feb 16 08:37:15 ip-172-31-69-27 kernel: [    0.000000]   DMA32 zone: 4032 pages used for memmap
Feb 16 08:37:15 ip-172-31-69-27 kernel: [    0.000000]   DMA32 zone: 258048 pages, LIFO batch:31
Feb 16 08:37:15 ip-172-31-69-27 kernel: [    0.000000] ACPI: PM-Timer IO Port: 0xb008
Feb 16 08:37:15 ip-172-31-69-27 kernel: [    0.000000] ACPI: Local APIC address 0xfee00000
Feb 16 08:37:15 ip-172-31-69-27 kernel: [    0.000000] IOAPIC[0]: apic_id 1, version 17, address 0xfec00000, GSI 0-47
Feb 16 08:37:15 ip-172-31-69-27 kernel: [    0.000000] ACPI: INT_SRC_OVR (bus 0 bus_irq 0 global_irq 2 dfl dfl)
Feb 16 08:37:15 ip-172-31-69-27 kernel: [    0.000000] ACPI: INT_SRC_OVR (bus 0 bus_irq 5 global_irq 5 low level)
Feb 16 08:37:15 ip-172-31-69-27 kernel: [    0.000000] ACPI: INT_SRC_OVR (bus 0 bus_irq 10 global_irq 10 low level)
Feb 16 08:37:15 ip-172-31-69-27 kernel: [    0.000000] ACPI: INT_SRC_OVR (bus 0 bus_irq 11 global_irq 11 low level)
Feb 16 08:37:15 ip-172-31-69-27 kernel: [    0.000000] ACPI: IRQ0 used by override.
Feb 16 08:37:15 ip-172-31-69-27 kernel: [    0.000000] ACPI: IRQ5 used by override.
Feb 16 08:37:15 ip-172-31-69-27 kernel: [    0.000000] ACPI: IRQ9 used by override.
Feb 16 08:37:15 ip-172-31-69-27 kernel: [    0.000000] ACPI: IRQ10 used by override.
Feb 16 08:37:15 ip-172-31-69-27 kernel: [    0.000000] ACPI: IRQ11 used by override.
Feb 16 08:37:15 ip-172-31-69-27 kernel: [    0.000000] Using ACPI (MADT) for SMP configuration information
Feb 16 08:37:15 ip-172-31-69-27 kernel: [    0.000000] ACPI: HPET id: 0x8086a201 base: 0xfed00000
Feb 16 08:37:15 ip-172-31-69-27 kernel: [    0.000000] smpboot: Allowing 15 CPUs, 14 hotplug CPUs
Feb 16 08:37:15 ip-172-31-69-27 kernel: [    0.000000] PM: Registered nosave memory: [mem 0x00000000-0x00000fff]
Feb 16 08:37:15 ip-172-31-69-27 kernel: [    0.000000] PM: Registered nosave memory: [mem 0x0009e000-0x0009ffff]
Feb 16 08:37:15 ip-172-31-69-27 kernel: [    0.000000] PM: Registered nosave memory: [mem 0x000a0000-0x000dffff]
Feb 16 08:37:15 ip-172-31-69-27 kernel: [    0.000000] PM: Registered nosave memory: [mem 0x000e0000-0x000fffff]
Feb 16 08:37:15 ip-172-31-69-27 kernel: [    0.000000] e820: [mem 0x40000000-0xfbffffff] available for PCI devices
Feb 16 08:37:15 ip-172-31-69-27 kernel: [    0.000000] Booting paravirtualized kernel on Xen HVM
Feb 16 08:37:15 ip-172-31-69-27 kernel: [    0.000000] clocksource: refined-jiffies: mask: 0xffffffff max_cycles: 0xffffffff, max_idle_ns: 7645519600211568 ns
Feb 16 08:37:15 ip-172-31-69-27 kernel: [    0.000000] setup_percpu: NR_CPUS:256 nr_cpumask_bits:256 nr_cpu_ids:15 nr_node_ids:1
Feb 16 08:37:15 ip-172-31-69-27 kernel: [    0.000000] PERCPU: Embedded 34 pages/cpu @ffff88003e200000 s99160 r8192 d31912 u262144
Feb 16 08:37:15 ip-172-31-69-27 kernel: [    0.000000] pcpu-alloc: s99160 r8192 d31912 u262144 alloc=1*2097152
Feb 16 08:37:15 ip-172-31-69-27 kernel: [    0.000000] pcpu-alloc: [0] 00 01 02 03 04 05 06 07 [0] 08 09 10 11 12 13 14 -- 
Feb 16 08:37:15 ip-172-31-69-27 kernel: [    0.000000] xen: PV spinlocks enabled
Feb 16 08:37:15 ip-172-31-69-27 kernel: [    0.000000] PV qspinlock hash table entries: 256 (order: 0, 4096 bytes)
Feb 16 08:37:15 ip-172-31-69-27 kernel: [    0.000000] Built 1 zonelists in Node order, mobility grouping on.  Total pages: 257928
Feb 16 08:37:15 ip-172-31-69-27 kernel: [    0.000000] Policy zone: DMA32
Feb 16 08:37:15 ip-172-31-69-27 kernel: [    0.000000] Kernel command line: BOOT_IMAGE=/boot/vmlinuz-4.4.0-1049-aws root=UUID=ccee1a8d-0785-4b3a-a578-812d59f5d3e1 ro console=tty1 console=ttyS0 nvme.io_timeout=4294967295
Feb 16 08:37:15 ip-172-31-69-27 kernel: [    0.000000] PID hash table entries: 4096 (order: 3, 32768 bytes)
Feb 16 08:37:15 ip-172-31-69-27 kernel: [    0.000000] Calgary: detecting Calgary via BIOS EBDA area
Feb 16 08:37:15 ip-172-31-69-27 kernel: [    0.000000] Calgary: Unable to locate Rio Grande table in EBDA - bailing!
Feb 16 08:37:15 ip-172-31-69-27 kernel: [    0.000000] Memory: 998628K/1048180K available (8320K kernel code, 1276K rwdata, 3872K rodata, 1484K init, 1288K bss, 49552K reserved, 0K cma-reserved)
Feb 16 08:37:15 ip-172-31-69-27 kernel: [    0.000000] SLUB: HWalign=64, Order=0-3, MinObjects=0, CPUs=15, Nodes=1
Feb 16 08:37:15 ip-172-31-69-27 kernel: [    0.000000] Kernel/User page tables isolation: enabled
Feb 16 08:37:15 ip-172-31-69-27 kernel: [    0.000000] Hierarchical RCU implementation.
Feb 16 08:37:15 ip-172-31-69-27 kernel: [    0.000000] 	Build-time adjustment of leaf fanout to 64.
Feb 16 08:37:15 ip-172-31-69-27 kernel: [    0.000000] 	RCU restricting CPUs from NR_CPUS=256 to nr_cpu_ids=15.
Feb 16 08:37:15 ip-172-31-69-27 kernel: [    0.000000] RCU: Adjusting geometry for rcu_fanout_leaf=64, nr_cpu_ids=15
Feb 16 08:37:15 ip-172-31-69-27 kernel: [    0.000000] NR_IRQS:16640 nr_irqs:952 16
Feb 16 08:37:15 ip-172-31-69-27 kernel: [    0.000000] xen:events: Using 2-level ABI
Feb 16 08:37:15 ip-172-31-69-27 kernel: [    0.000000] xen:events: Xen HVM callback vector for event delivery is enabled
Feb 16 08:37:15 ip-172-31-69-27 kernel: [    0.000000] Console: colour VGA+ 80x25
Feb 16 08:37:15 ip-172-31-69-27 kernel: [    0.000000] console [tty1] enabled
Feb 16 08:37:15 ip-172-31-69-27 kernel: [    0.000000] Cannot get hvm parameter CONSOLE_EVTCHN (18): -22!
Feb 16 08:37:15 ip-172-31-69-27 kernel: [    0.000000] console [ttyS0] enabled
Feb 16 08:37:15 ip-172-31-69-27 kernel: [    0.000000] clocksource: hpet: mask: 0xffffffff max_cycles: 0xffffffff, max_idle_ns: 30580167144 ns
Feb 16 08:37:15 ip-172-31-69-27 kernel: [    0.000000] hpet clockevent registered
Feb 16 08:37:15 ip-172-31-69-27 kernel: [    0.000000] tsc: Detected 2400.064 MHz processor
Feb 16 08:37:15 ip-172-31-69-27 kernel: [    0.008000] Calibrating delay loop (skipped), value calculated using timer frequency.. 4800.12 BogoMIPS (lpj=9600256)
Feb 16 08:37:15 ip-172-31-69-27 kernel: [    0.009923] pid_max: default: 32768 minimum: 301
Feb 16 08:37:15 ip-172-31-69-27 kernel: [    0.012012] ACPI: Core revision 20150930
Feb 16 08:37:15 ip-172-31-69-27 kernel: [    0.021923] ACPI: 3 ACPI AML tables successfully acquired and loaded
Feb 16 08:37:15 ip-172-31-69-27 kernel: [    0.024725] Security Framework initialized
Feb 16 08:37:15 ip-172-31-69-27 kernel: [    0.026846] Yama: becoming mindful.
Feb 16 08:37:15 ip-172-31-69-27 kernel: [    0.028026] AppArmor: AppArmor initialized
Feb 16 08:37:15 ip-172-31-69-27 kernel: [    0.030185] Dentry cache hash table entries: 131072 (order: 8, 1048576 bytes)
Feb 16 08:37:15 ip-172-31-69-27 kernel: [    0.032188] Inode-cache hash table entries: 65536 (order: 7, 524288 bytes)
Feb 16 08:37:15 ip-172-31-69-27 kernel: [    0.036082] Mount-cache hash table entries: 2048 (order: 2, 16384 bytes)
Feb 16 08:37:15 ip-172-31-69-27 kernel: [    0.040008] Mountpoint-cache hash table entries: 2048 (order: 2, 16384 bytes)
Feb 16 08:37:15 ip-172-31-69-27 kernel: [    0.044182] Initializing cgroup subsys io
Feb 16 08:37:15 ip-172-31-69-27 kernel: [    0.046345] Initializing cgroup subsys memory
Feb 16 08:37:15 ip-172-31-69-27 kernel: [    0.048012] Initializing cgroup subsys devices
Feb 16 08:37:15 ip-172-31-69-27 kernel: [    0.052004] Initializing cgroup subsys freezer
Feb 16 08:37:15 ip-172-31-69-27 kernel: [    0.054279] Initializing cgroup subsys net_cls
Feb 16 08:37:15 ip-172-31-69-27 kernel: [    0.056007] Initializing cgroup subsys perf_event
Feb 16 08:37:15 ip-172-31-69-27 kernel: [    0.058422] Initializing cgroup subsys net_prio
Feb 16 08:37:15 ip-172-31-69-27 kernel: [    0.060008] Initializing cgroup subsys hugetlb
Feb 16 08:37:15 ip-172-31-69-27 kernel: [    0.064005] Initializing cgroup subsys pids
Feb 16 08:37:15 ip-172-31-69-27 kernel: [    0.066197] CPU: Physical Processor ID: 0
Feb 16 08:37:15 ip-172-31-69-27 kernel: [    0.068010] FEATURE SPEC_CTRL Not Present
Feb 16 08:37:15 ip-172-31-69-27 kernel: [    0.070854] mce: CPU supports 2 MCE banks
Feb 16 08:37:15 ip-172-31-69-27 kernel: [    0.072023] Last level iTLB entries: 4KB 1024, 2MB 1024, 4MB 1024
Feb 16 08:37:15 ip-172-31-69-27 kernel: [    0.076004] Last level dTLB entries: 4KB 1024, 2MB 1024, 4MB 1024, 1GB 4
Feb 16 08:37:15 ip-172-31-69-27 kernel: [    0.095955] ftrace: allocating 31285 entries in 123 pages
Feb 16 08:37:15 ip-172-31-69-27 kernel: [    0.124102] smpboot: APIC(0) Converting physical 0 to logical package 0
Feb 16 08:37:15 ip-172-31-69-27 kernel: [    0.128004] smpboot: Max logical packages: 15
Feb 16 08:37:15 ip-172-31-69-27 kernel: [    0.132397] x2apic: IRQ remapping doesn't support X2APIC mode
Feb 16 08:37:15 ip-172-31-69-27 kernel: [    0.135702] Switched APIC routing to physical flat.
Feb 16 08:37:15 ip-172-31-69-27 kernel: [    0.138241] ..TIMER: vector=0x30 apic1=0 pin1=2 apic2=0 pin2=0
Feb 16 08:37:15 ip-172-31-69-27 kernel: [    0.140008] clocksource: xen: mask: 0xffffffffffffffff max_cycles: 0x1cd42e4dffb, max_idle_ns: 881590591483 ns
Feb 16 08:37:15 ip-172-31-69-27 kernel: [    0.148016] Xen: using vcpuop timer interface
Feb 16 08:37:15 ip-172-31-69-27 kernel: [    0.148023] installing Xen timer for CPU 0
Feb 16 08:37:15 ip-172-31-69-27 kernel: [    0.150429] smpboot: CPU0: Intel(R) Xeon(R) CPU E5-2676 v3 @ 2.40GHz (family: 0x6, model: 0x3f, stepping: 0x2)
Feb 16 08:37:15 ip-172-31-69-27 kernel: [    0.153321] cpu 0 spinlock event irq 53
Feb 16 08:37:15 ip-172-31-69-27 kernel: [    0.155611] Performance Events: unsupported p6 CPU model 63 no PMU driver, software events only.
Feb 16 08:37:15 ip-172-31-69-27 kernel: [    0.160403] x86: Booted up 1 node, 1 CPUs
Feb 16 08:37:15 ip-172-31-69-27 kernel: [    0.162749] smpboot: Total of 1 processors activated (4800.12 BogoMIPS)
Feb 16 08:37:15 ip-172-31-69-27 kernel: [    0.164011] NMI watchdog: disabled (cpu0): hardware events not enabled
Feb 16 08:37:15 ip-172-31-69-27 kernel: [    0.167423] NMI watchdog: Shutting down hard lockup detector on all cpus
Feb 16 08:37:15 ip-172-31-69-27 kernel: [    0.168369] devtmpfs: initialized
Feb 16 08:37:15 ip-172-31-69-27 kernel: [    0.171809] evm: security.selinux
Feb 16 08:37:15 ip-172-31-69-27 kernel: [    0.172008] evm: security.SMACK64
Feb 16 08:37:15 ip-172-31-69-27 kernel: [    0.173998] evm: security.SMACK64EXEC
Feb 16 08:37:15 ip-172-31-69-27 kernel: [    0.176007] evm: security.SMACK64TRANSMUTE
Feb 16 08:37:15 ip-172-31-69-27 kernel: [    0.178356] evm: security.SMACK64MMAP
Feb 16 08:37:15 ip-172-31-69-27 kernel: [    0.180006] evm: security.ima
Feb 16 08:37:15 ip-172-31-69-27 kernel: [    0.181968] evm: security.capability
Feb 16 08:37:15 ip-172-31-69-27 kernel: [    0.184175] clocksource: jiffies: mask: 0xffffffff max_cycles: 0xffffffff, max_idle_ns: 7645041785100000 ns
Feb 16 08:37:15 ip-172-31-69-27 kernel: [    0.188036] futex hash table entries: 4096 (order: 6, 262144 bytes)
Feb 16 08:37:15 ip-172-31-69-27 kernel: [    0.192000] RTC time: 12:37:07, date: 02/16/18
Feb 16 08:37:15 ip-172-31-69-27 kernel: [    0.192144] NET: Registered protocol family 16
Feb 16 08:37:15 ip-172-31-69-27 kernel: [    0.195278] cpuidle: using governor ladder
Feb 16 08:37:15 ip-172-31-69-27 kernel: [    0.196009] cpuidle: using governor menu
Feb 16 08:37:15 ip-172-31-69-27 kernel: [    0.198654] PCCT header not found.
Feb 16 08:37:15 ip-172-31-69-27 kernel: [    0.200085] ACPI: bus type PCI registered
Feb 16 08:37:15 ip-172-31-69-27 kernel: [    0.202469] acpiphp: ACPI Hot Plug PCI Controller Driver version: 0.5
Feb 16 08:37:15 ip-172-31-69-27 kernel: [    0.204272] PCI: Using configuration type 1 for base access
Feb 16 08:37:15 ip-172-31-69-27 kernel: [    0.208175] ACPI: Added _OSI(Module Device)
Feb 16 08:37:15 ip-172-31-69-27 kernel: [    0.210825] ACPI: Added _OSI(Processor Device)
Feb 16 08:37:15 ip-172-31-69-27 kernel: [    0.212007] ACPI: Added _OSI(3.0 _SCP Extensions)
Feb 16 08:37:15 ip-172-31-69-27 kernel: [    0.214649] ACPI: Added _OSI(Processor Aggregator Device)
Feb 16 08:37:15 ip-172-31-69-27 kernel: [    0.216949] xen: --> pirq=16 -> irq=9 (gsi=9)
Feb 16 08:37:15 ip-172-31-69-27 kernel: [    0.219383] ACPI: Interpreter enabled
Feb 16 08:37:15 ip-172-31-69-27 kernel: [    0.220017] ACPI: (supports S0 S4 S5)
Feb 16 08:37:15 ip-172-31-69-27 kernel: [    0.222468] ACPI: Using IOAPIC for interrupt routing
Feb 16 08:37:15 ip-172-31-69-27 kernel: [    0.224035] PCI: Using host bridge windows from ACPI; if necessary, use "pci=nocrs" and report a bug
Feb 16 08:37:15 ip-172-31-69-27 kernel: [    0.266166] ACPI: PCI Root Bridge [PCI0] (domain 0000 [bus 00-ff])
Feb 16 08:37:15 ip-172-31-69-27 kernel: [    0.268016] acpi PNP0A03:00: _OSC: OS supports [ASPM ClockPM Segments MSI]
Feb 16 08:37:15 ip-172-31-69-27 kernel: [    0.271604] acpi PNP0A03:00: _OSC failed (AE_NOT_FOUND); disabling ASPM
Feb 16 08:37:15 ip-172-31-69-27 kernel: [    0.272020] acpi PNP0A03:00: fail to add MMCONFIG information, can't access extended PCI configuration space under this bridge.
Feb 16 08:37:15 ip-172-31-69-27 kernel: [    0.276882] acpiphp: Slot [0] registered
Feb 16 08:37:15 ip-172-31-69-27 kernel: [    0.280000] acpiphp: Slot [3] registered
Feb 16 08:37:15 ip-172-31-69-27 kernel: [    0.280230] acpiphp: Slot [4] registered
Feb 16 08:37:15 ip-172-31-69-27 kernel: [    0.282789] acpiphp: Slot [5] registered
Feb 16 08:37:15 ip-172-31-69-27 kernel: [    0.284237] acpiphp: Slot [6] registered
Feb 16 08:37:15 ip-172-31-69-27 kernel: [    0.286753] acpiphp: Slot [7] registered
Feb 16 08:37:15 ip-172-31-69-27 kernel: [    0.288235] acpiphp: Slot [8] registered
Feb 16 08:37:15 ip-172-31-69-27 kernel: [    0.290795] acpiphp: Slot [9] registered
Feb 16 08:37:15 ip-172-31-69-27 kernel: [    0.292208] acpiphp: Slot [10] registered
Feb 16 08:37:15 ip-172-31-69-27 kernel: [    0.294720] acpiphp: Slot [11] registered
Feb 16 08:37:15 ip-172-31-69-27 kernel: [    0.296243] acpiphp: Slot [12] registered
Feb 16 08:37:15 ip-172-31-69-27 kernel: [    0.298728] acpiphp: Slot [13] registered
Feb 16 08:37:15 ip-172-31-69-27 kernel: [    0.300247] acpiphp: Slot [14] registered
Feb 16 08:37:15 ip-172-31-69-27 kernel: [    0.302858] acpiphp: Slot [15] registered
Feb 16 08:37:15 ip-172-31-69-27 kernel: [    0.304233] acpiphp: Slot [16] registered
Feb 16 08:37:15 ip-172-31-69-27 kernel: [    0.306847] acpiphp: Slot [17] registered
Feb 16 08:37:15 ip-172-31-69-27 kernel: [    0.308232] acpiphp: Slot [18] registered
Feb 16 08:37:15 ip-172-31-69-27 kernel: [    0.310820] acpiphp: Slot [19] registered
Feb 16 08:37:15 ip-172-31-69-27 kernel: [    0.312242] acpiphp: Slot [20] registered
Feb 16 08:37:15 ip-172-31-69-27 kernel: [    0.314842] acpiphp: Slot [21] registered
Feb 16 08:37:15 ip-172-31-69-27 kernel: [    0.316267] acpiphp: Slot [22] registered
Feb 16 08:37:15 ip-172-31-69-27 kernel: [    0.319064] acpiphp: Slot [23] registered
Feb 16 08:37:15 ip-172-31-69-27 kernel: [    0.320222] acpiphp: Slot [24] registered
Feb 16 08:37:15 ip-172-31-69-27 kernel: [    0.322665] acpiphp: Slot [25] registered
Feb 16 08:37:15 ip-172-31-69-27 kernel: [    0.324237] acpiphp: Slot [26] registered
Feb 16 08:37:15 ip-172-31-69-27 kernel: [    0.326727] acpiphp: Slot [27] registered
Feb 16 08:37:15 ip-172-31-69-27 kernel: [    0.328230] acpiphp: Slot [28] registered
Feb 16 08:37:15 ip-172-31-69-27 kernel: [    0.330880] acpiphp: Slot [29] registered
Feb 16 08:37:15 ip-172-31-69-27 kernel: [    0.332242] acpiphp: Slot [30] registered
Feb 16 08:37:15 ip-172-31-69-27 kernel: [    0.334915] acpiphp: Slot [31] registered
Feb 16 08:37:15 ip-172-31-69-27 kernel: [    0.336235] PCI host bridge to bus 0000:00
Feb 16 08:37:15 ip-172-31-69-27 kernel: [    0.338594] pci_bus 0000:00: root bus resource [io  0x0000-0x0cf7 window]
Feb 16 08:37:15 ip-172-31-69-27 kernel: [    0.340006] pci_bus 0000:00: root bus resource [io  0x0d00-0xffff window]
Feb 16 08:37:15 ip-172-31-69-27 kernel: [    0.343619] pci_bus 0000:00: root bus resource [mem 0x000a0000-0x000bffff window]
Feb 16 08:37:15 ip-172-31-69-27 kernel: [    0.344007] pci_bus 0000:00: root bus resource [mem 0xf0000000-0xfbffffff window]
Feb 16 08:37:15 ip-172-31-69-27 kernel: [    0.348007] pci_bus 0000:00: root bus resource [bus 00-ff]
Feb 16 08:37:15 ip-172-31-69-27 kernel: [    0.351009] pci 0000:00:00.0: [8086:1237] type 00 class 0x060000
Feb 16 08:37:15 ip-172-31-69-27 kernel: [    0.352239] pci 0000:00:01.0: [8086:7000] type 00 class 0x060100
Feb 16 08:37:15 ip-172-31-69-27 kernel: [    0.354154] pci 0000:00:01.1: [8086:7010] type 00 class 0x010180
Feb 16 08:37:15 ip-172-31-69-27 kernel: [    0.355112] pci 0000:00:01.1: reg 0x20: [io  0xc100-0xc10f]
Feb 16 08:37:15 ip-172-31-69-27 kernel: [    0.355517] pci 0000:00:01.1: legacy IDE quirk: reg 0x10: [io  0x01f0-0x01f7]
Feb 16 08:37:15 ip-172-31-69-27 kernel: [    0.356007] pci 0000:00:01.1: legacy IDE quirk: reg 0x14: [io  0x03f6]
Feb 16 08:37:15 ip-172-31-69-27 kernel: [    0.359438] pci 0000:00:01.1: legacy IDE quirk: reg 0x18: [io  0x0170-0x0177]
Feb 16 08:37:15 ip-172-31-69-27 kernel: [    0.360007] pci 0000:00:01.1: legacy IDE quirk: reg 0x1c: [io  0x0376]
Feb 16 08:37:15 ip-172-31-69-27 kernel: [    0.364117] pci 0000:00:01.3: [8086:7113] type 00 class 0x068000
Feb 16 08:37:15 ip-172-31-69-27 kernel: [    0.364198] * Found PM-Timer Bug on the chipset. Due to workarounds for a bug,
Feb 16 08:37:15 ip-172-31-69-27 kernel: [    0.364198] * this clock source is slow. Consider trying other clock sources
Feb 16 08:37:15 ip-172-31-69-27 kernel: [    0.369115] pci 0000:00:01.3: quirk: [io  0xb000-0xb03f] claimed by PIIX4 ACPI
Feb 16 08:37:15 ip-172-31-69-27 kernel: [    0.372761] pci 0000:00:02.0: [1013:00b8] type 00 class 0x030000
Feb 16 08:37:15 ip-172-31-69-27 kernel: [    0.373032] pci 0000:00:02.0: reg 0x10: [mem 0xf0000000-0xf1ffffff pref]
Feb 16 08:37:15 ip-172-31-69-27 kernel: [    0.373214] pci 0000:00:02.0: reg 0x14: [mem 0xf3000000-0xf3000fff]
Feb 16 08:37:15 ip-172-31-69-27 kernel: [    0.374771] pci 0000:00:03.0: [5853:0001] type 00 class 0xff8000
Feb 16 08:37:15 ip-172-31-69-27 kernel: [    0.375128] pci 0000:00:03.0: reg 0x10: [io  0xc000-0xc0ff]
Feb 16 08:37:15 ip-172-31-69-27 kernel: [    0.375306] pci 0000:00:03.0: reg 0x14: [mem 0xf2000000-0xf2ffffff pref]
Feb 16 08:37:15 ip-172-31-69-27 kernel: [    0.377719] ACPI: PCI Interrupt Link [LNKA] (IRQs *5 10 11)
Feb 16 08:37:15 ip-172-31-69-27 kernel: [    0.382238] ACPI: PCI Interrupt Link [LNKB] (IRQs 5 *10 11)
Feb 16 08:37:15 ip-172-31-69-27 kernel: [    0.386543] ACPI: PCI Interrupt Link [LNKC] (IRQs 5 10 *11)
Feb 16 08:37:15 ip-172-31-69-27 kernel: [    0.390465] ACPI: PCI Interrupt Link [LNKD] (IRQs *5 10 11)
Feb 16 08:37:15 ip-172-31-69-27 kernel: [    0.407753] ACPI: Enabled 2 GPEs in block 00 to 0F
Feb 16 08:37:15 ip-172-31-69-27 kernel: [    0.408073] xen:balloon: Initialising balloon driver
Feb 16 08:37:15 ip-172-31-69-27 kernel: [    0.412123] vgaarb: setting as boot device: PCI:0000:00:02.0
Feb 16 08:37:15 ip-172-31-69-27 kernel: [    0.415291] vgaarb: device added: PCI:0000:00:02.0,decodes=io+mem,owns=io+mem,locks=none
Feb 16 08:37:15 ip-172-31-69-27 kernel: [    0.416006] vgaarb: loaded
Feb 16 08:37:15 ip-172-31-69-27 kernel: [    0.417779] vgaarb: bridge control possible 0000:00:02.0
Feb 16 08:37:15 ip-172-31-69-27 kernel: [    0.420198] SCSI subsystem initialized
Feb 16 08:37:15 ip-172-31-69-27 kernel: [    0.422552] libata version 3.00 loaded.
Feb 16 08:37:15 ip-172-31-69-27 kernel: [    0.422576] ACPI: bus type USB registered
Feb 16 08:37:15 ip-172-31-69-27 kernel: [    0.424026] usbcore: registered new interface driver usbfs
Feb 16 08:37:15 ip-172-31-69-27 kernel: [    0.426921] usbcore: registered new interface driver hub
Feb 16 08:37:15 ip-172-31-69-27 kernel: [    0.428029] usbcore: registered new device driver usb
Feb 16 08:37:15 ip-172-31-69-27 kernel: [    0.430842] PCI: Using ACPI for IRQ routing
Feb 16 08:37:15 ip-172-31-69-27 kernel: [    0.432007] PCI: pci_cache_line_size set to 64 bytes
Feb 16 08:37:15 ip-172-31-69-27 kernel: [    0.432324] e820: reserve RAM buffer [mem 0x0009e000-0x0009ffff]
Feb 16 08:37:15 ip-172-31-69-27 kernel: [    0.432448] NetLabel: Initializing
Feb 16 08:37:15 ip-172-31-69-27 kernel: [    0.434500] NetLabel:  domain hash size = 128
Feb 16 08:37:15 ip-172-31-69-27 kernel: [    0.436005] NetLabel:  protocols = UNLABELED CIPSOv4
Feb 16 08:37:15 ip-172-31-69-27 kernel: [    0.438706] NetLabel:  unlabeled traffic allowed by default
Feb 16 08:37:15 ip-172-31-69-27 kernel: [    0.440106] HPET: 3 timers in total, 0 timers will be used for per-cpu timer
Feb 16 08:37:15 ip-172-31-69-27 kernel: [    0.443681] hpet0: at MMIO 0xfed00000, IRQs 2, 8, 0
Feb 16 08:37:15 ip-172-31-69-27 kernel: [    0.445918] hpet0: 3 comparators, 64-bit 62.500000 MHz counter
Feb 16 08:37:15 ip-172-31-69-27 kernel: [    0.450053] amd_nb: Cannot enumerate AMD northbridges
Feb 16 08:37:15 ip-172-31-69-27 kernel: [    0.452020] clocksource: Switched to clocksource xen
Feb 16 08:37:15 ip-172-31-69-27 kernel: [    0.459894] AppArmor: AppArmor Filesystem Enabled
Feb 16 08:37:15 ip-172-31-69-27 kernel: [    0.462688] pnp: PnP ACPI init
Feb 16 08:37:15 ip-172-31-69-27 kernel: [    0.464714] system 00:00: [mem 0x00000000-0x0009ffff] could not be reserved
Feb 16 08:37:15 ip-172-31-69-27 kernel: [    0.468198] system 00:00: Plug and Play ACPI device, IDs PNP0c02 (active)
Feb 16 08:37:15 ip-172-31-69-27 kernel: [    0.468280] system 00:01: [io  0x08a0-0x08a3] has been reserved
Feb 16 08:37:15 ip-172-31-69-27 kernel: [    0.471327] system 00:01: [io  0x0cc0-0x0ccf] has been reserved
Feb 16 08:37:15 ip-172-31-69-27 kernel: [    0.474400] system 00:01: [io  0x04d0-0x04d1] has been reserved
Feb 16 08:37:15 ip-172-31-69-27 kernel: [    0.477497] system 00:01: Plug and Play ACPI device, IDs PNP0c02 (active)
Feb 16 08:37:15 ip-172-31-69-27 kernel: [    0.477522] xen: --> pirq=17 -> irq=8 (gsi=8)
Feb 16 08:37:15 ip-172-31-69-27 kernel: [    0.477543] pnp 00:02: Plug and Play ACPI device, IDs PNP0b00 (active)
Feb 16 08:37:15 ip-172-31-69-27 kernel: [    0.477564] xen: --> pirq=18 -> irq=12 (gsi=12)
Feb 16 08:37:15 ip-172-31-69-27 kernel: [    0.477577] pnp 00:03: Plug and Play ACPI device, IDs PNP0f13 (active)
Feb 16 08:37:15 ip-172-31-69-27 kernel: [    0.477592] xen: --> pirq=19 -> irq=1 (gsi=1)
Feb 16 08:37:15 ip-172-31-69-27 kernel: [    0.477605] pnp 00:04: Plug and Play ACPI device, IDs PNP0303 PNP030b (active)
Feb 16 08:37:15 ip-172-31-69-27 kernel: [    0.477620] xen: --> pirq=20 -> irq=6 (gsi=6)
Feb 16 08:37:15 ip-172-31-69-27 kernel: [    0.477622] pnp 00:05: [dma 2]
Feb 16 08:37:15 ip-172-31-69-27 kernel: [    0.477634] pnp 00:05: Plug and Play ACPI device, IDs PNP0700 (active)
Feb 16 08:37:15 ip-172-31-69-27 kernel: [    0.477656] xen: --> pirq=21 -> irq=4 (gsi=4)
Feb 16 08:37:15 ip-172-31-69-27 kernel: [    0.477669] pnp 00:06: Plug and Play ACPI device, IDs PNP0501 (active)
Feb 16 08:37:15 ip-172-31-69-27 kernel: [    0.477703] system 00:07: [io  0x10c0-0x1141] has been reserved
Feb 16 08:37:15 ip-172-31-69-27 kernel: [    0.480838] system 00:07: [io  0xb044-0xb047] has been reserved
Feb 16 08:37:15 ip-172-31-69-27 kernel: [    0.484649] system 00:07: Plug and Play ACPI device, IDs PNP0c02 (active)
Feb 16 08:37:15 ip-172-31-69-27 kernel: [    0.498594] pnp: PnP ACPI: found 8 devices
Feb 16 08:37:15 ip-172-31-69-27 kernel: [    0.506581] clocksource: acpi_pm: mask: 0xffffff max_cycles: 0xffffff, max_idle_ns: 2085701024 ns
Feb 16 08:37:15 ip-172-31-69-27 kernel: [    0.511631] pci_bus 0000:00: resource 4 [io  0x0000-0x0cf7 window]
Feb 16 08:37:15 ip-172-31-69-27 kernel: [    0.511634] pci_bus 0000:00: resource 5 [io  0x0d00-0xffff window]
Feb 16 08:37:15 ip-172-31-69-27 kernel: [    0.511635] pci_bus 0000:00: resource 6 [mem 0x000a0000-0x000bffff window]
Feb 16 08:37:15 ip-172-31-69-27 kernel: [    0.511637] pci_bus 0000:00: resource 7 [mem 0xf0000000-0xfbffffff window]
Feb 16 08:37:15 ip-172-31-69-27 kernel: [    0.511678] NET: Registered protocol family 2
Feb 16 08:37:15 ip-172-31-69-27 kernel: [    0.514411] TCP established hash table entries: 8192 (order: 4, 65536 bytes)
Feb 16 08:37:15 ip-172-31-69-27 kernel: [    0.518011] TCP bind hash table entries: 8192 (order: 5, 131072 bytes)
Feb 16 08:37:15 ip-172-31-69-27 kernel: [    0.521531] TCP: Hash tables configured (established 8192 bind 8192)
Feb 16 08:37:15 ip-172-31-69-27 kernel: [    0.525063] UDP hash table entries: 512 (order: 2, 16384 bytes)
Feb 16 08:37:15 ip-172-31-69-27 kernel: [    0.528127] UDP-Lite hash table entries: 512 (order: 2, 16384 bytes)
Feb 16 08:37:15 ip-172-31-69-27 kernel: [    0.531408] NET: Registered protocol family 1
Feb 16 08:37:15 ip-172-31-69-27 kernel: [    0.533838] pci 0000:00:00.0: Limiting direct PCI/PCI transfers
Feb 16 08:37:15 ip-172-31-69-27 kernel: [    0.536984] pci 0000:00:01.0: PIIX3: Enabling Passive Release
Feb 16 08:37:15 ip-172-31-69-27 kernel: [    0.540079] pci 0000:00:01.0: Activating ISA DMA hang workarounds
Feb 16 08:37:15 ip-172-31-69-27 kernel: [    0.543421] pci 0000:00:02.0: Video device with shadowed ROM
Feb 16 08:37:15 ip-172-31-69-27 kernel: [    0.543473] PCI: CLS 0 bytes, default 64
Feb 16 08:37:15 ip-172-31-69-27 kernel: [    0.543526] Trying to unpack rootfs image as initramfs...
Feb 16 08:37:15 ip-172-31-69-27 kernel: [    0.720176] Freeing initrd memory: 12308K
Feb 16 08:37:15 ip-172-31-69-27 kernel: [    0.722670] RAPL PMU detected, API unit is 2^-32 Joules, 3 fixed counters 655360 ms ovfl timer
Feb 16 08:37:15 ip-172-31-69-27 kernel: [    0.727336] hw unit of domain pp0-core 2^-14 Joules
Feb 16 08:37:15 ip-172-31-69-27 kernel: [    0.729905] hw unit of domain package 2^-14 Joules
Feb 16 08:37:15 ip-172-31-69-27 kernel: [    0.732540] hw unit of domain dram 2^-16 Joules
Feb 16 08:37:15 ip-172-31-69-27 kernel: [    0.735186] Scanning for low memory corruption every 60 seconds
Feb 16 08:37:15 ip-172-31-69-27 kernel: [    0.738820] audit: initializing netlink subsys (disabled)
Feb 16 08:37:15 ip-172-31-69-27 kernel: [    0.741806] audit: type=2000 audit(1518784627.764:1): initialized
Feb 16 08:37:15 ip-172-31-69-27 kernel: [    0.745317] Initialise system trusted keyring
Feb 16 08:37:15 ip-172-31-69-27 kernel: [    0.747939] HugeTLB registered 2 MB page size, pre-allocated 0 pages
Feb 16 08:37:15 ip-172-31-69-27 kernel: [    0.752323] zbud: loaded
Feb 16 08:37:15 ip-172-31-69-27 kernel: [    0.754231] VFS: Disk quotas dquot_6.6.0
Feb 16 08:37:15 ip-172-31-69-27 kernel: [    0.756572] VFS: Dquot-cache hash table entries: 512 (order 0, 4096 bytes)
Feb 16 08:37:15 ip-172-31-69-27 kernel: [    0.760261] squashfs: version 4.0 (2009/01/31) Phillip Lougher
Feb 16 08:37:15 ip-172-31-69-27 kernel: [    0.763601] fuse init (API version 7.23)
Feb 16 08:37:15 ip-172-31-69-27 kernel: [    0.766195] Key type big_key registered
Feb 16 08:37:15 ip-172-31-69-27 kernel: [    0.768496] Allocating IMA MOK and blacklist keyrings.
Feb 16 08:37:15 ip-172-31-69-27 kernel: [    0.771495] Key type asymmetric registered
Feb 16 08:37:15 ip-172-31-69-27 kernel: [    0.773846] Asymmetric key parser 'x509' registered
Feb 16 08:37:15 ip-172-31-69-27 kernel: [    0.776839] Block layer SCSI generic (bsg) driver version 0.4 loaded (major 249)
Feb 16 08:37:15 ip-172-31-69-27 kernel: [    0.781098] io scheduler noop registered
Feb 16 08:37:15 ip-172-31-69-27 kernel: [    0.783431] io scheduler deadline registered (default)
Feb 16 08:37:15 ip-172-31-69-27 kernel: [    0.786176] io scheduler cfq registered
Feb 16 08:37:15 ip-172-31-69-27 kernel: [    0.788515] pci_hotplug: PCI Hot Plug PCI Core version: 0.5
Feb 16 08:37:15 ip-172-31-69-27 kernel: [    0.791443] pciehp: PCI Express Hot Plug Controller Driver version: 0.4
Feb 16 08:37:15 ip-172-31-69-27 kernel: [    0.794879] intel_idle: does not run on family 6 model 63
Feb 16 08:37:15 ip-172-31-69-27 kernel: [    0.794946] input: Power Button as /devices/LNXSYSTM:00/LNXPWRBN:00/input/input0
Feb 16 08:37:15 ip-172-31-69-27 kernel: [    0.799041] ACPI: Power Button [PWRF]
Feb 16 08:37:15 ip-172-31-69-27 kernel: [    0.801247] input: Sleep Button as /devices/LNXSYSTM:00/LNXSLPBN:00/input/input1
Feb 16 08:37:15 ip-172-31-69-27 kernel: [    0.805329] ACPI: Sleep Button [SLPF]
Feb 16 08:37:15 ip-172-31-69-27 kernel: [    0.807842] xen: --> pirq=22 -> irq=28 (gsi=28)
Feb 16 08:37:15 ip-172-31-69-27 kernel: [    0.807913] xen:grant_table: Grant tables using version 1 layout
Feb 16 08:37:15 ip-172-31-69-27 kernel: [    0.811092] Grant table initialized
Feb 16 08:37:15 ip-172-31-69-27 kernel: [    0.813223] Cannot get hvm parameter CONSOLE_EVTCHN (18): -22!
Feb 16 08:37:15 ip-172-31-69-27 kernel: [    0.816355] Serial: 8250/16550 driver, 32 ports, IRQ sharing enabled
Feb 16 08:37:15 ip-172-31-69-27 kernel: [    0.845653] 00:06: ttyS0 at I/O 0x3f8 (irq = 4, base_baud = 115200) is a 16550A
Feb 16 08:37:15 ip-172-31-69-27 kernel: [    0.851656] Linux agpgart interface v0.103
Feb 16 08:37:15 ip-172-31-69-27 kernel: [    0.856129] brd: module loaded
Feb 16 08:37:15 ip-172-31-69-27 kernel: [    0.859294] loop: module loaded
Feb 16 08:37:15 ip-172-31-69-27 kernel: [    0.861693] Invalid max_queues (4), will use default max: 1.
Feb 16 08:37:15 ip-172-31-69-27 kernel: [    0.868866] ata_piix 0000:00:01.1: version 2.13
Feb 16 08:37:15 ip-172-31-69-27 kernel: [    0.869924] scsi host0: ata_piix
Feb 16 08:37:15 ip-172-31-69-27 kernel: [    0.872902] scsi host1: ata_piix
Feb 16 08:37:15 ip-172-31-69-27 kernel: [    0.875088] ata1: PATA max MWDMA2 cmd 0x1f0 ctl 0x3f6 bmdma 0xc100 irq 14
Feb 16 08:37:15 ip-172-31-69-27 kernel: [    0.878499] ata2: PATA max MWDMA2 cmd 0x170 ctl 0x376 bmdma 0xc108 irq 15
Feb 16 08:37:15 ip-172-31-69-27 kernel: [    0.883813] libphy: Fixed MDIO Bus: probed
Feb 16 08:37:15 ip-172-31-69-27 kernel: [    0.886450] tun: Universal TUN/TAP device driver, 1.6
Feb 16 08:37:15 ip-172-31-69-27 kernel: [    0.891197] tun: (C) 1999-2004 Max Krasnyansky <maxk@qualcomm.com>
Feb 16 08:37:15 ip-172-31-69-27 kernel: [    0.894564] PPP generic driver version 2.4.2
Feb 16 08:37:15 ip-172-31-69-27 kernel: [    0.897660] xen_netfront: Initialising Xen virtual ethernet driver
Feb 16 08:37:15 ip-172-31-69-27 kernel: [    0.904003] ehci_hcd: USB 2.0 'Enhanced' Host Controller (EHCI) Driver
Feb 16 08:37:15 ip-172-31-69-27 kernel: [    0.910346] ehci-pci: EHCI PCI platform driver
Feb 16 08:37:15 ip-172-31-69-27 kernel: [    0.914818] ehci-platform: EHCI generic platform driver
Feb 16 08:37:15 ip-172-31-69-27 kernel: [    0.917782] ohci_hcd: USB 1.1 'Open' Host Controller (OHCI) Driver
Feb 16 08:37:15 ip-172-31-69-27 kernel: [    0.921140] ohci-pci: OHCI PCI platform driver
Feb 16 08:37:15 ip-172-31-69-27 kernel: [    0.923883] ohci-platform: OHCI generic platform driver
Feb 16 08:37:15 ip-172-31-69-27 kernel: [    0.927010] uhci_hcd: USB Universal Host Controller Interface driver
Feb 16 08:37:15 ip-172-31-69-27 kernel: [    0.931051] i8042: PNP: PS/2 Controller [PNP0303:PS2K,PNP0f13:PS2M] at 0x60,0x64 irq 1,12
Feb 16 08:37:15 ip-172-31-69-27 kernel: [    0.937763] serio: i8042 KBD port at 0x60,0x64 irq 1
Feb 16 08:37:15 ip-172-31-69-27 kernel: [    0.940718] serio: i8042 AUX port at 0x60,0x64 irq 12
Feb 16 08:37:15 ip-172-31-69-27 kernel: [    0.943860] mousedev: PS/2 mouse device common for all mice
Feb 16 08:37:15 ip-172-31-69-27 kernel: [    0.947954] input: AT Translated Set 2 keyboard as /devices/platform/i8042/serio0/input/input2
Feb 16 08:37:15 ip-172-31-69-27 kernel: [    0.952729] rtc_cmos 00:02: rtc core: registered rtc_cmos as rtc0
Feb 16 08:37:15 ip-172-31-69-27 kernel: [    0.956733] rtc_cmos 00:02: alarms up to one day, 114 bytes nvram, hpet irqs
Feb 16 08:37:15 ip-172-31-69-27 kernel: [    0.977484] i2c /dev entries driver
Feb 16 08:37:15 ip-172-31-69-27 kernel: [    0.980348] device-mapper: uevent: version 1.0.3
Feb 16 08:37:15 ip-172-31-69-27 kernel: [    0.983476] device-mapper: ioctl: 4.34.0-ioctl (2015-10-28) initialised: dm-devel@redhat.com
Feb 16 08:37:15 ip-172-31-69-27 kernel: [    0.988863] NET: Registered protocol family 10
Feb 16 08:37:15 ip-172-31-69-27 kernel: [    0.991965] NET: Registered protocol family 17
Feb 16 08:37:15 ip-172-31-69-27 kernel: [    0.995847] Key type dns_resolver registered
Feb 16 08:37:15 ip-172-31-69-27 kernel: [    0.999031] registered taskstats version 1
Feb 16 08:37:15 ip-172-31-69-27 kernel: [    1.003817] Loading compiled-in X.509 certificates
Feb 16 08:37:15 ip-172-31-69-27 kernel: [    1.007510] Loaded X.509 cert 'Build time autogenerated kernel key: 3202f79a2fa321ecce3869d36458fe9267f31118'
Feb 16 08:37:15 ip-172-31-69-27 kernel: [    1.013583] zswap: loaded using pool lzo/zbud
Feb 16 08:37:15 ip-172-31-69-27 kernel: [    1.018222] blkfront: xvda: barrier or flush: disabled; persistent grants: disabled; indirect descriptors: enabled;
Feb 16 08:37:15 ip-172-31-69-27 kernel: [    1.024340] Key type trusted registered
Feb 16 08:37:15 ip-172-31-69-27 kernel: [    1.028859]  xvda: xvda1
Feb 16 08:37:15 ip-172-31-69-27 kernel: [    1.031969] Key type encrypted registered
Feb 16 08:37:15 ip-172-31-69-27 kernel: [    1.034350] AppArmor: AppArmor sha1 policy hashing enabled
Feb 16 08:37:15 ip-172-31-69-27 kernel: [    1.038155] ima: No TPM chip found, activating TPM-bypass!
Feb 16 08:37:15 ip-172-31-69-27 kernel: [    1.041193] evm: HMAC attrs: 0x1
Feb 16 08:37:15 ip-172-31-69-27 kernel: [    1.043486]   Magic number: 6:31:633
Feb 16 08:37:15 ip-172-31-69-27 kernel: [    1.045928] rtc_cmos 00:02: setting system clock to 2018-02-16 12:37:08 UTC (1518784628)
Feb 16 08:37:15 ip-172-31-69-27 kernel: [    1.050243] BIOS EDD facility v0.16 2004-Jun-25, 0 devices found
Feb 16 08:37:15 ip-172-31-69-27 kernel: [    1.053303] EDD information not available.
Feb 16 08:37:15 ip-172-31-69-27 kernel: [    1.055739] PM: Hibernation image not present or could not be loaded.
Feb 16 08:37:15 ip-172-31-69-27 kernel: [    1.057324] Freeing unused kernel memory: 1484K
Feb 16 08:37:15 ip-172-31-69-27 kernel: [    1.059995] Write protecting the kernel read-only data: 14336k
Feb 16 08:37:15 ip-172-31-69-27 kernel: [    1.063559] Freeing unused kernel memory: 1908K
Feb 16 08:37:15 ip-172-31-69-27 kernel: [    1.066786] Freeing unused kernel memory: 224K
Feb 16 08:37:15 ip-172-31-69-27 kernel: [    1.080696] random: udevadm: uninitialized urandom read (16 bytes read, 8 bits of entropy available)
Feb 16 08:37:15 ip-172-31-69-27 kernel: [    1.086947] random: systemd-udevd: uninitialized urandom read (16 bytes read, 8 bits of entropy available)
Feb 16 08:37:15 ip-172-31-69-27 kernel: [    1.092901] random: systemd-udevd: uninitialized urandom read (16 bytes read, 8 bits of entropy available)
Feb 16 08:37:15 ip-172-31-69-27 kernel: [    1.098931] random: udevadm: uninitialized urandom read (16 bytes read, 8 bits of entropy available)
Feb 16 08:37:15 ip-172-31-69-27 kernel: [    1.104502] random: systemd-udevd: uninitialized urandom read (16 bytes read, 8 bits of entropy available)
Feb 16 08:37:15 ip-172-31-69-27 kernel: [    1.115447] random: systemd-udevd: uninitialized urandom read (16 bytes read, 8 bits of entropy available)
Feb 16 08:37:15 ip-172-31-69-27 kernel: [    1.122358] random: udevadm: uninitialized urandom read (16 bytes read, 8 bits of entropy available)
Feb 16 08:37:15 ip-172-31-69-27 kernel: [    1.128762] random: systemd-udevd: uninitialized urandom read (16 bytes read, 8 bits of entropy available)
Feb 16 08:37:15 ip-172-31-69-27 kernel: [    1.134598] random: udevadm: uninitialized urandom read (16 bytes read, 8 bits of entropy available)
Feb 16 08:37:15 ip-172-31-69-27 kernel: [    1.140255] random: systemd-udevd: uninitialized urandom read (16 bytes read, 8 bits of entropy available)
Feb 16 08:37:15 ip-172-31-69-27 kernel: [    1.261516] AVX2 version of gcm_enc/dec engaged.
Feb 16 08:37:15 ip-172-31-69-27 kernel: [    1.265190] AES CTR mode by8 optimization enabled
Feb 16 08:37:15 ip-172-31-69-27 kernel: [    1.732124] tsc: Refined TSC clocksource calibration: 2399.997 MHz
Feb 16 08:37:15 ip-172-31-69-27 kernel: [    1.736885] clocksource: tsc: mask: 0xffffffffffffffff max_cycles: 0x229834d6ac9, max_idle_ns: 440795285103 ns
Feb 16 08:37:15 ip-172-31-69-27 kernel: [    2.800179] md: linear personality registered for level -1
Feb 16 08:37:15 ip-172-31-69-27 kernel: [    2.806499] md: multipath personality registered for level -4
Feb 16 08:37:15 ip-172-31-69-27 kernel: [    2.812927] md: raid0 personality registered for level 0
Feb 16 08:37:15 ip-172-31-69-27 kernel: [    2.819556] md: raid1 personality registered for level 1
Feb 16 08:37:15 ip-172-31-69-27 kernel: [    2.876067] raid6: sse2x1   gen()  8348 MB/s
Feb 16 08:37:15 ip-172-31-69-27 kernel: [    2.924062] raid6: sse2x1   xor()  6508 MB/s
Feb 16 08:37:15 ip-172-31-69-27 kernel: [    2.972065] raid6: sse2x2   gen() 10666 MB/s
Feb 16 08:37:15 ip-172-31-69-27 kernel: [    3.020065] raid6: sse2x2   xor()  7101 MB/s
Feb 16 08:37:15 ip-172-31-69-27 kernel: [    3.068062] raid6: sse2x4   gen() 12101 MB/s
Feb 16 08:37:15 ip-172-31-69-27 kernel: [    3.116065] raid6: sse2x4   xor()  8572 MB/s
Feb 16 08:37:15 ip-172-31-69-27 kernel: [    3.164062] raid6: avx2x1   gen() 16222 MB/s
Feb 16 08:37:15 ip-172-31-69-27 kernel: [    3.212063] raid6: avx2x2   gen() 19133 MB/s
Feb 16 08:37:15 ip-172-31-69-27 kernel: [    3.260060] raid6: avx2x4   gen() 21933 MB/s
Feb 16 08:37:15 ip-172-31-69-27 kernel: [    3.263041] raid6: using algorithm avx2x4 gen() 21933 MB/s
Feb 16 08:37:15 ip-172-31-69-27 kernel: [    3.266401] raid6: using avx2x2 recovery algorithm
Feb 16 08:37:15 ip-172-31-69-27 kernel: [    3.271299] xor: automatically using best checksumming function:
Feb 16 08:37:15 ip-172-31-69-27 kernel: [    3.312059]    avx       : 26238.000 MB/sec
Feb 16 08:37:15 ip-172-31-69-27 kernel: [    3.316858] async_tx: api initialized (async)
Feb 16 08:37:15 ip-172-31-69-27 kernel: [    3.331449] md: raid6 personality registered for level 6
Feb 16 08:37:15 ip-172-31-69-27 kernel: [    3.335023] md: raid5 personality registered for level 5
Feb 16 08:37:15 ip-172-31-69-27 kernel: [    3.338460] md: raid4 personality registered for level 4
Feb 16 08:37:15 ip-172-31-69-27 kernel: [    3.347540] md: raid10 personality registered for level 10
Feb 16 08:37:15 ip-172-31-69-27 kernel: [    3.387545] Btrfs loaded
Feb 16 08:37:15 ip-172-31-69-27 kernel: [    3.430801] EXT4-fs (xvda1): mounted filesystem with ordered data mode. Opts: (null)
Feb 16 08:37:15 ip-172-31-69-27 kernel: [    3.933295] Loading iSCSI transport class v2.0-870.
Feb 16 08:37:15 ip-172-31-69-27 kernel: [    3.954718] iscsi: registered transport (tcp)
Feb 16 08:37:15 ip-172-31-69-27 kernel: [    4.016205] EXT4-fs (xvda1): re-mounted. Opts: discard
Feb 16 08:37:15 ip-172-31-69-27 kernel: [    4.032687] iscsi: registered transport (iser)
Feb 16 08:37:15 ip-172-31-69-27 kernel: [    4.786386] audit: type=1400 audit(1518784632.236:2): apparmor="STATUS" operation="profile_load" profile="unconfined" name="lxc-container-default" pid=562 comm="apparmor_parser"
Feb 16 08:37:15 ip-172-31-69-27 kernel: [    4.786390] audit: type=1400 audit(1518784632.236:3): apparmor="STATUS" operation="profile_load" profile="unconfined" name="lxc-container-default-cgns" pid=562 comm="apparmor_parser"
Feb 16 08:37:15 ip-172-31-69-27 kernel: [    4.786393] audit: type=1400 audit(1518784632.236:4): apparmor="STATUS" operation="profile_load" profile="unconfined" name="lxc-container-default-with-mounting" pid=562 comm="apparmor_parser"
Feb 16 08:37:15 ip-172-31-69-27 kernel: [    4.786396] audit: type=1400 audit(1518784632.236:5): apparmor="STATUS" operation="profile_load" profile="unconfined" name="lxc-container-default-with-nesting" pid=562 comm="apparmor_parser"
Feb 16 08:37:15 ip-172-31-69-27 kernel: [    4.796455] audit: type=1400 audit(1518784632.248:6): apparmor="STATUS" operation="profile_load" profile="unconfined" name="/sbin/dhclient" pid=563 comm="apparmor_parser"
Feb 16 08:37:15 ip-172-31-69-27 kernel: [    4.796460] audit: type=1400 audit(1518784632.248:7): apparmor="STATUS" operation="profile_load" profile="unconfined" name="/usr/lib/NetworkManager/nm-dhcp-client.action" pid=563 comm="apparmor_parser"
Feb 16 08:37:15 ip-172-31-69-27 kernel: [    4.796463] audit: type=1400 audit(1518784632.248:8): apparmor="STATUS" operation="profile_load" profile="unconfined" name="/usr/lib/NetworkManager/nm-dhcp-helper" pid=563 comm="apparmor_parser"
Feb 16 08:37:15 ip-172-31-69-27 kernel: [    4.796466] audit: type=1400 audit(1518784632.248:9): apparmor="STATUS" operation="profile_load" profile="unconfined" name="/usr/lib/connman/scripts/dhclient-script" pid=563 comm="apparmor_parser"
Feb 16 08:37:15 ip-172-31-69-27 kernel: [    4.798619] audit: type=1400 audit(1518784632.248:10): apparmor="STATUS" operation="profile_load" profile="unconfined" name="/usr/bin/lxc-start" pid=564 comm="apparmor_parser"
Feb 16 08:37:15 ip-172-31-69-27 kernel: [    6.328889] ppdev: user-space parallel port driver
Feb 16 08:37:15 ip-172-31-69-27 kernel: [    7.941726] random: nonblocking pool is initialized
Feb 16 08:37:15 ip-172-31-69-27 systemd-modules-load[358]: Inserted module 'iscsi_tcp'
Feb 16 08:37:15 ip-172-31-69-27 systemd-modules-load[358]: Inserted module 'ib_iser'
Feb 16 08:37:15 ip-172-31-69-27 loadkeys[389]: Loading /etc/console-setup/cached.kmap.gz
Feb 16 08:37:15 ip-172-31-69-27 systemd[1]: Started Load Kernel Modules.
Feb 16 08:37:15 ip-172-31-69-27 systemd[1]: Started Remount Root and Kernel File Systems.
Feb 16 08:37:15 ip-172-31-69-27 systemd[1]: Started Create list of required static device nodes for the current kernel.
Feb 16 08:37:15 ip-172-31-69-27 systemd[1]: Started Set console keymap.
Feb 16 08:37:15 ip-172-31-69-27 systemd[1]: Started Uncomplicated firewall.
Feb 16 08:37:15 ip-172-31-69-27 systemd[1]: Started Nameserver information manager.
Feb 16 08:37:15 ip-172-31-69-27 systemd[1]: Started LVM2 metadata daemon.
Feb 16 08:37:15 ip-172-31-69-27 systemd[1]: Starting Create Static Device Nodes in /dev...
Feb 16 08:37:15 ip-172-31-69-27 systemd[1]: Starting Initial cloud-init job (pre-networking)...
Feb 16 08:37:15 ip-172-31-69-27 systemd[1]: Starting Load/Save Random Seed...
Feb 16 08:37:15 ip-172-31-69-27 systemd[1]: Starting udev Coldplug all Devices...
Feb 16 08:37:15 ip-172-31-69-27 systemd[1]: Mounting FUSE Control File System...
Feb 16 08:37:15 ip-172-31-69-27 systemd[1]: Starting Apply Kernel Variables...
Feb 16 08:37:15 ip-172-31-69-27 systemd[1]: Starting Flush Journal to Persistent Storage...
Feb 16 08:37:15 ip-172-31-69-27 systemd[1]: Mounted FUSE Control File System.
Feb 16 08:37:15 ip-172-31-69-27 systemd[1]: Started Create Static Device Nodes in /dev.
Feb 16 08:37:15 ip-172-31-69-27 systemd[1]: Started Load/Save Random Seed.
Feb 16 08:37:15 ip-172-31-69-27 systemd[1]: Started Apply Kernel Variables.
Feb 16 08:37:15 ip-172-31-69-27 systemd[1]: Starting udev Kernel Device Manager...
Feb 16 08:37:15 ip-172-31-69-27 systemd[1]: Started Flush Journal to Persistent Storage.
Feb 16 08:37:15 ip-172-31-69-27 systemd[1]: Started udev Coldplug all Devices.
Feb 16 08:37:15 ip-172-31-69-27 systemd[1]: Started udev Kernel Device Manager.
Feb 16 08:37:15 ip-172-31-69-27 systemd[1]: Started Dispatch Password Requests to Console Directory Watch.
Feb 16 08:37:15 ip-172-31-69-27 systemd[1]: Started Monitoring of LVM2 mirrors, snapshots etc. using dmeventd or progress polling.
Feb 16 08:37:15 ip-172-31-69-27 systemd[1]: Reached target Local File Systems (Pre).
Feb 16 08:37:15 ip-172-31-69-27 systemd[1]: Reached target Local File Systems.
Feb 16 08:37:15 ip-172-31-69-27 systemd[1]: Starting Tell Plymouth To Write Out Runtime Data...
Feb 16 08:37:15 ip-172-31-69-27 systemd[1]: Starting Create Volatile Files and Directories...
Feb 16 08:37:15 ip-172-31-69-27 systemd-tmpfiles[479]: [/usr/lib/tmpfiles.d/var.conf:14] Duplicate line for path "/var/log", ignoring.
Feb 16 08:37:15 ip-172-31-69-27 systemd[1]: Starting LSB: AppArmor initialization...
Feb 16 08:37:15 ip-172-31-69-27 systemd[1]: Starting Set console font and keymap...
Feb 16 08:37:15 ip-172-31-69-27 systemd[1]: Started Tell Plymouth To Write Out Runtime Data.
Feb 16 08:37:15 ip-172-31-69-27 systemd[1]: Started Create Volatile Files and Directories.
Feb 16 08:37:15 ip-172-31-69-27 systemd[1]: Starting Network Time Synchronization...
Feb 16 08:37:15 ip-172-31-69-27 systemd[1]: Starting Update UTMP about System Boot/Shutdown...
Feb 16 08:37:15 ip-172-31-69-27 systemd[1]: Started Network Time Synchronization.
Feb 16 08:37:15 ip-172-31-69-27 apparmor[482]:  * Starting AppArmor profiles
Feb 16 08:37:15 ip-172-31-69-27 systemd[1]: Reached target System Time Synchronized.
Feb 16 08:37:15 ip-172-31-69-27 systemd[1]: Started Update UTMP about System Boot/Shutdown.
Feb 16 08:37:15 ip-172-31-69-27 apparmor[482]: Skipping profile in /etc/apparmor.d/disable: usr.sbin.rsyslogd
Feb 16 08:37:15 ip-172-31-69-27 apparmor[482]:    ...done.
Feb 16 08:37:15 ip-172-31-69-27 systemd[1]: Started LSB: AppArmor initialization.
Feb 16 08:37:15 ip-172-31-69-27 systemd[1]: Found device /dev/ttyS0.
Feb 16 08:37:15 ip-172-31-69-27 systemd[1]: Found device /sys/subsystem/net/devices/eth0.
Feb 16 08:37:15 ip-172-31-69-27 systemd[1]: Started Set console font and keymap.
Feb 16 08:37:15 ip-172-31-69-27 systemd[1]: Created slice system-getty.slice.
Feb 16 08:37:15 ip-172-31-69-27 systemd[1]: Listening on Load/Save RF Kill Switch Status /dev/rfkill Watch.
Feb 16 08:37:15 ip-172-31-69-27 dhclient[796]: Internet Systems Consortium DHCP Client 4.3.3
Feb 16 08:37:15 ip-172-31-69-27 dhclient[796]: Copyright 2004-2015 Internet Systems Consortium.
Feb 16 08:37:15 ip-172-31-69-27 dhclient[796]: All rights reserved.
Feb 16 08:37:15 ip-172-31-69-27 dhclient[796]: For info, please visit https://www.isc.org/software/dhcp/
Feb 16 08:37:15 ip-172-31-69-27 dhclient[796]: 
Feb 16 08:37:15 ip-172-31-69-27 dhclient[796]: Listening on LPF/eth0/02:0f:db:2b:f4:de
Feb 16 08:37:15 ip-172-31-69-27 dhclient[796]: Sending on   LPF/eth0/02:0f:db:2b:f4:de
Feb 16 08:37:15 ip-172-31-69-27 dhclient[796]: Sending on   Socket/fallback
Feb 16 08:37:15 ip-172-31-69-27 dhclient[796]: DHCPDISCOVER on eth0 to 255.255.255.255 port 67 interval 3 (xid=0xc28e7964)
Feb 16 08:37:15 ip-172-31-69-27 dhclient[796]: DHCPREQUEST of 172.31.69.27 on eth0 to 255.255.255.255 port 67 (xid=0x64798ec2)
Feb 16 08:37:15 ip-172-31-69-27 dhclient[796]: DHCPOFFER of 172.31.69.27 from 172.31.69.1
Feb 16 08:37:15 ip-172-31-69-27 dhclient[796]: DHCPACK of 172.31.69.27 from 172.31.69.1
Feb 16 08:37:15 ip-172-31-69-27 dhclient[796]: bound to 172.31.69.27 -- renewal in 1615 seconds.
Feb 16 08:37:15 ip-172-31-69-27 cloud-init[435]: Cloud-init v. 17.1 running 'init-local' at Fri, 16 Feb 2018 12:37:12 +0000. Up 5.42 seconds.
Feb 16 08:37:15 ip-172-31-69-27 systemd[1]: Started Initial cloud-init job (pre-networking).
Feb 16 08:37:15 ip-172-31-69-27 systemd[1]: Reached target Network (Pre).
Feb 16 08:37:15 ip-172-31-69-27 systemd[1]: Starting Raise network interfaces...
Feb 16 08:37:15 ip-172-31-69-27 systemd[1]: Started ifup for eth0.
Feb 16 08:37:15 ip-172-31-69-27 dhclient[880]: Internet Systems Consortium DHCP Client 4.3.3
Feb 16 08:37:15 ip-172-31-69-27 sh[865]: Internet Systems Consortium DHCP Client 4.3.3
Feb 16 08:37:15 ip-172-31-69-27 dhclient[880]: Copyright 2004-2015 Internet Systems Consortium.
Feb 16 08:37:15 ip-172-31-69-27 sh[865]: Copyright 2004-2015 Internet Systems Consortium.
Feb 16 08:37:15 ip-172-31-69-27 dhclient[880]: All rights reserved.
Feb 16 08:37:15 ip-172-31-69-27 sh[865]: All rights reserved.
Feb 16 08:37:15 ip-172-31-69-27 dhclient[880]: For info, please visit https://www.isc.org/software/dhcp/
Feb 16 08:37:15 ip-172-31-69-27 sh[865]: For info, please visit https://www.isc.org/software/dhcp/
Feb 16 08:37:15 ip-172-31-69-27 dhclient[880]: 
Feb 16 08:37:15 ip-172-31-69-27 dhclient[880]: Listening on LPF/eth0/02:0f:db:2b:f4:de
Feb 16 08:37:15 ip-172-31-69-27 sh[865]: Listening on LPF/eth0/02:0f:db:2b:f4:de
Feb 16 08:37:15 ip-172-31-69-27 sh[865]: Sending on   LPF/eth0/02:0f:db:2b:f4:de
Feb 16 08:37:15 ip-172-31-69-27 sh[865]: Sending on   Socket/fallback
Feb 16 08:37:15 ip-172-31-69-27 sh[865]: DHCPDISCOVER on eth0 to 255.255.255.255 port 67 interval 3 (xid=0x895f685f)
Feb 16 08:37:15 ip-172-31-69-27 dhclient[880]: Sending on   LPF/eth0/02:0f:db:2b:f4:de
Feb 16 08:37:15 ip-172-31-69-27 dhclient[880]: Sending on   Socket/fallback
Feb 16 08:37:15 ip-172-31-69-27 dhclient[880]: DHCPDISCOVER on eth0 to 255.255.255.255 port 67 interval 3 (xid=0x895f685f)
Feb 16 08:37:15 ip-172-31-69-27 dhclient[880]: DHCPREQUEST of 172.31.69.27 on eth0 to 255.255.255.255 port 67 (xid=0x5f685f89)
Feb 16 08:37:15 ip-172-31-69-27 sh[865]: DHCPREQUEST of 172.31.69.27 on eth0 to 255.255.255.255 port 67 (xid=0x5f685f89)
Feb 16 08:37:15 ip-172-31-69-27 sh[865]: DHCPOFFER of 172.31.69.27 from 172.31.69.1
Feb 16 08:37:15 ip-172-31-69-27 dhclient[880]: DHCPOFFER of 172.31.69.27 from 172.31.69.1
Feb 16 08:37:15 ip-172-31-69-27 dhclient[880]: DHCPACK of 172.31.69.27 from 172.31.69.1
Feb 16 08:37:15 ip-172-31-69-27 sh[865]: DHCPACK of 172.31.69.27 from 172.31.69.1
Feb 16 08:37:15 ip-172-31-69-27 dhclient[880]: bound to 172.31.69.27 -- renewal in 1443 seconds.
Feb 16 08:37:15 ip-172-31-69-27 sh[865]: bound to 172.31.69.27 -- renewal in 1443 seconds.
Feb 16 08:37:15 ip-172-31-69-27 systemd[1]: Started Raise network interfaces.
Feb 16 08:37:15 ip-172-31-69-27 systemd[1]: Starting Initial cloud-init job (metadata service crawler)...
Feb 16 08:37:15 ip-172-31-69-27 systemd[1]: Reached target Network.
Feb 16 08:37:15 ip-172-31-69-27 cloud-init[1037]: Cloud-init v. 17.1 running 'init' at Fri, 16 Feb 2018 12:37:15 +0000. Up 7.69 seconds.
Feb 16 08:37:15 ip-172-31-69-27 cloud-init[1037]: ci-info: ++++++++++++++++++++++++++++++++++++++Net device info++++++++++++++++++++++++++++++++++++++
Feb 16 08:37:15 ip-172-31-69-27 cloud-init[1037]: ci-info: +--------+------+---------------------------+-----------------+-------+-------------------+
Feb 16 08:37:15 ip-172-31-69-27 cloud-init[1037]: ci-info: | Device |  Up  |          Address          |       Mask      | Scope |     Hw-Address    |
Feb 16 08:37:15 ip-172-31-69-27 cloud-init[1037]: ci-info: +--------+------+---------------------------+-----------------+-------+-------------------+
Feb 16 08:37:15 ip-172-31-69-27 cloud-init[1037]: ci-info: |  eth0  | True |        172.31.69.27       | 255.255.255.224 |   .   | 02:0f:db:2b:f4:de |
Feb 16 08:37:15 ip-172-31-69-27 cloud-init[1037]: ci-info: |  eth0  | True | fe80::f:dbff:fe2b:f4de/64 |        .        |  link | 02:0f:db:2b:f4:de |
Feb 16 08:37:15 ip-172-31-69-27 cloud-init[1037]: ci-info: |   lo   | True |         127.0.0.1         |    255.0.0.0    |   .   |         .         |
Feb 16 08:37:15 ip-172-31-69-27 cloud-init[1037]: ci-info: |   lo   | True |          ::1/128          |        .        |  host |         .         |
Feb 16 08:37:15 ip-172-31-69-27 cloud-init[1037]: ci-info: +--------+------+---------------------------+-----------------+-------+-------------------+
Feb 16 08:37:15 ip-172-31-69-27 cloud-init[1037]: ci-info: ++++++++++++++++++++++++++++++Route IPv4 info++++++++++++++++++++++++++++++
Feb 16 08:37:15 ip-172-31-69-27 cloud-init[1037]: ci-info: +-------+-------------+-------------+-----------------+-----------+-------+
Feb 16 08:37:15 ip-172-31-69-27 cloud-init[1037]: ci-info: | Route | Destination |   Gateway   |     Genmask     | Interface | Flags |
Feb 16 08:37:15 ip-172-31-69-27 cloud-init[1037]: ci-info: +-------+-------------+-------------+-----------------+-----------+-------+
Feb 16 08:37:15 ip-172-31-69-27 cloud-init[1037]: ci-info: |   0   |   0.0.0.0   | 172.31.69.1 |     0.0.0.0     |    eth0   |   UG  |
Feb 16 08:37:15 ip-172-31-69-27 cloud-init[1037]: ci-info: |   1   | 172.31.69.0 |   0.0.0.0   | 255.255.255.224 |    eth0   |   U   |
Feb 16 08:37:15 ip-172-31-69-27 cloud-init[1037]: ci-info: +-------+-------------+-------------+-----------------+-----------+-------+
Feb 16 08:37:15 ip-172-31-69-27 systemd[1]: Started Initial cloud-init job (metadata service crawler).
Feb 16 08:37:15 ip-172-31-69-27 systemd[1]: Reached target System Initialization.
Feb 16 08:37:15 ip-172-31-69-27 systemd[1]: Started Timer to automatically refresh installed snaps.
Feb 16 08:37:15 ip-172-31-69-27 systemd[1]: Listening on UUID daemon activation socket.
Feb 16 08:37:15 ip-172-31-69-27 systemd[1]: Started ACPI Events Check.
Feb 16 08:37:15 ip-172-31-69-27 systemd[1]: Reached target Paths.
Feb 16 08:37:15 ip-172-31-69-27 systemd[1]: Starting LXD - unix socket.
Feb 16 08:37:15 ip-172-31-69-27 systemd[1]: Listening on ACPID Listen Socket.
Feb 16 08:37:15 ip-172-31-69-27 systemd[1]: Started Daily Cleanup of Temporary Directories.
Feb 16 08:37:15 ip-172-31-69-27 systemd[1]: Starting Socket activation for snappy daemon.
Feb 16 08:37:15 ip-172-31-69-27 systemd[1]: Listening on D-Bus System Message Bus Socket.
Feb 16 08:37:15 ip-172-31-69-27 systemd[1]: Reached target Network is Online.
Feb 16 08:37:15 ip-172-31-69-27 systemd[1]: Starting iSCSI initiator daemon (iscsid)...
Feb 16 08:37:15 ip-172-31-69-27 systemd[1]: Started Daily apt download activities.
Feb 16 08:37:15 ip-172-31-69-27 systemd[1]: Started Daily apt upgrade and clean activities.
Feb 16 08:37:15 ip-172-31-69-27 systemd[1]: Reached target Timers.
Feb 16 08:37:15 ip-172-31-69-27 systemd[1]: Reached target Cloud-config availability.
Feb 16 08:37:15 ip-172-31-69-27 systemd[1]: Listening on LXD - unix socket.
Feb 16 08:37:15 ip-172-31-69-27 systemd[1]: Listening on Socket activation for snappy daemon.
Feb 16 08:37:15 ip-172-31-69-27 iscsid: iSCSI logger with pid=1093 started!
Feb 16 08:37:15 ip-172-31-69-27 iscsid: iSCSI daemon with pid=1094 started!
Feb 16 08:37:15 ip-172-31-69-27 systemd[1]: Started iSCSI initiator daemon (iscsid).
Feb 16 08:37:15 ip-172-31-69-27 systemd[1]: Starting Login to default iSCSI targets...
Feb 16 08:37:15 ip-172-31-69-27 systemd[1]: Reached target Sockets.
Feb 16 08:37:15 ip-172-31-69-27 systemd[1]: Reached target Basic System.
Feb 16 08:37:15 ip-172-31-69-27 systemd[1]: Started Regular background program processing daemon.
Feb 16 08:37:15 ip-172-31-69-27 cron[1099]: (CRON) INFO (pidfile fd = 3)
Feb 16 08:37:15 ip-172-31-69-27 systemd[1]: Starting Snappy daemon...
Feb 16 08:37:15 ip-172-31-69-27 systemd[1]: Started D-Bus System Message Bus.
Feb 16 08:37:15 ip-172-31-69-27 cron[1099]: (CRON) INFO (Running @reboot jobs)
Feb 16 08:37:15 ip-172-31-69-27 dbus[1104]: [system] AppArmor D-Bus mediation is enabled
Feb 16 08:37:15 ip-172-31-69-27 systemd[1]: Starting System Logging Service...
Feb 16 08:37:15 ip-172-31-69-27 systemd[1]: Started ACPI event daemon.
Feb 16 08:37:15 ip-172-31-69-27 acpid: starting up with netlink and the input layer
Feb 16 08:37:15 ip-172-31-69-27 acpid: 1 rule loaded
Feb 16 08:37:15 ip-172-31-69-27 acpid: waiting for events: event logging is off
Feb 16 08:37:15 ip-172-31-69-27 systemd[1]: Started Deferred execution scheduler.
Feb 16 08:37:15 ip-172-31-69-27 systemd[1]: Starting OpenBSD Secure Shell server...
Feb 16 08:37:15 ip-172-31-69-27 systemd[1]: Starting Initialize hardware monitoring sensors...
Feb 16 08:37:15 ip-172-31-69-27 systemd[1]: Starting /etc/rc.local Compatibility...
Feb 16 08:37:15 ip-172-31-69-27 sensors[1122]: No sensors found!
Feb 16 08:37:15 ip-172-31-69-27 sensors[1122]: Make sure you loaded all the kernel drivers you need.
Feb 16 08:37:15 ip-172-31-69-27 sensors[1122]: Try sensors-detect to find out which these are.
Feb 16 08:37:15 ip-172-31-69-27 systemd[1]: Started Unattended Upgrades Shutdown.
Feb 16 08:37:15 ip-172-31-69-27 systemd[1]: Starting LSB: Record successful boot for GRUB...
Feb 16 08:37:15 ip-172-31-69-27 systemd[1]: Starting LSB: MD monitoring daemon...
Feb 16 08:37:15 ip-172-31-69-27 systemd[1]: Started FUSE filesystem for LXC.
Feb 16 08:37:15 ip-172-31-69-27 systemd[1]: Starting Accounts Service...
Feb 16 08:37:15 ip-172-31-69-27 lxcfs[1144]: hierarchies:
Feb 16 08:37:15 ip-172-31-69-27 lxcfs[1144]:   0: fd:   5: cpuset
Feb 16 08:37:15 ip-172-31-69-27 lxcfs[1144]:   1: fd:   6: pids
Feb 16 08:37:15 ip-172-31-69-27 lxcfs[1144]:   2: fd:   7: memory
Feb 16 08:37:15 ip-172-31-69-27 lxcfs[1144]:   3: fd:   8: cpu,cpuacct
Feb 16 08:37:15 ip-172-31-69-27 lxcfs[1144]:   4: fd:   9: blkio
Feb 16 08:37:15 ip-172-31-69-27 lxcfs[1144]:   5: fd:  10: perf_event
Feb 16 08:37:15 ip-172-31-69-27 lxcfs[1144]:   6: fd:  11: devices
Feb 16 08:37:15 ip-172-31-69-27 lxcfs[1144]:   7: fd:  12: net_cls,net_prio
Feb 16 08:37:15 ip-172-31-69-27 lxcfs[1144]:   8: fd:  13: hugetlb
Feb 16 08:37:15 ip-172-31-69-27 lxcfs[1144]:   9: fd:  14: freezer
Feb 16 08:37:15 ip-172-31-69-27 lxcfs[1144]:  10: fd:  15: name=systemd
Feb 16 08:37:15 ip-172-31-69-27 kernel: [    8.352982] cgroup: new mount options do not match the existing superblock, will be ignored
Feb 16 08:37:15 ip-172-31-69-27 systemd[1]: Starting Apply the settings specified in cloud-config...
Feb 16 08:37:15 ip-172-31-69-27 systemd[1]: Starting Login Service...
Feb 16 08:37:15 ip-172-31-69-27 systemd[1]: Starting LXD - container startup/shutdown...
Feb 16 08:37:15 ip-172-31-69-27 systemd[1]: Started System Logging Service.
Feb 16 08:37:15 ip-172-31-69-27 systemd[1]: Started OpenBSD Secure Shell server.
Feb 16 08:37:15 ip-172-31-69-27 systemd[1]: Started /etc/rc.local Compatibility.
Feb 16 08:37:15 ip-172-31-69-27 sensors[1163]: No sensors found!
Feb 16 08:37:15 ip-172-31-69-27 sensors[1163]: Make sure you loaded all the kernel drivers you need.
Feb 16 08:37:15 ip-172-31-69-27 sensors[1163]: Try sensors-detect to find out which these are.
Feb 16 08:37:15 ip-172-31-69-27 systemd[1]: Started Initialize hardware monitoring sensors.
Feb 16 08:37:15 ip-172-31-69-27 snapd[1102]: AppArmor status: apparmor is enabled and all features are available
Feb 16 08:37:15 ip-172-31-69-27 snapd[1102]: 2018/02/16 08:37:15.915006 daemon.go:306: started snapd/2.29.4.2 (series 16; classic) ubuntu/16.04 (amd64) linux/4.4.0-1049-aws.
Feb 16 08:37:15 ip-172-31-69-27 systemd[1]: Started Snappy daemon.
Feb 16 08:37:15 ip-172-31-69-27 iscsiadm[1171]: iscsiadm: No records found
Feb 16 08:37:15 ip-172-31-69-27 dbus[1104]: [system] Activating via systemd: service name='org.freedesktop.PolicyKit1' unit='polkitd.service'
Feb 16 08:37:15 ip-172-31-69-27 systemd[1]: Started Login to default iSCSI targets.
Feb 16 08:37:15 ip-172-31-69-27 systemd[1]: Started LSB: Record successful boot for GRUB.
Feb 16 08:37:15 ip-172-31-69-27 mdadm[1139]:  * Starting MD monitoring service mdadm --monitor
Feb 16 08:37:16 ip-172-31-69-27 mdadm[1139]:    ...done.
Feb 16 08:37:16 ip-172-31-69-27 systemd[1]: Started LSB: MD monitoring daemon.
Feb 16 08:37:16 ip-172-31-69-27 systemd[1]: Started Login Service.
Feb 16 08:37:16 ip-172-31-69-27 systemd[1]: Starting Authenticate and Authorize Users to Run Privileged Tasks...
Feb 16 08:37:16 ip-172-31-69-27 systemd[1]: Reached target Remote File Systems (Pre).
Feb 16 08:37:16 ip-172-31-69-27 systemd[1]: Reached target Remote File Systems.
Feb 16 08:37:16 ip-172-31-69-27 systemd[1]: Starting LSB: Set the CPU Frequency Scaling governor to "ondemand"...
Feb 16 08:37:16 ip-172-31-69-27 systemd[1]: Starting LSB: automatic crash report generation...
Feb 16 08:37:16 ip-172-31-69-27 systemd[1]: Starting Permit User Sessions...
Feb 16 08:37:16 ip-172-31-69-27 systemd[1]: Starting LSB: daemon to balance interrupts for SMP systems...
Feb 16 08:37:16 ip-172-31-69-27 polkitd[1191]: started daemon version 0.105 using authority implementation `local' version `0.105'
Feb 16 08:37:16 ip-172-31-69-27 dbus[1104]: [system] Successfully activated service 'org.freedesktop.PolicyKit1'
Feb 16 08:37:16 ip-172-31-69-27 accounts-daemon[1148]: started daemon version 0.6.40
Feb 16 08:37:16 ip-172-31-69-27 systemd[1]: Starting LSB: disk temperature monitoring daemon...
Feb 16 08:37:16 ip-172-31-69-27 systemd[1]: Started Permit User Sessions.
Feb 16 08:37:16 ip-172-31-69-27 systemd[1]: Started LXD - container startup/shutdown.
Feb 16 08:37:16 ip-172-31-69-27 systemd[1]: Started Authenticate and Authorize Users to Run Privileged Tasks.
Feb 16 08:37:16 ip-172-31-69-27 systemd[1]: Started Accounts Service.
Feb 16 08:37:16 ip-172-31-69-27 apport[1200]:  * Starting automatic crash report generation: apport
Feb 16 08:37:16 ip-172-31-69-27 systemd[1]: Started LSB: Set the CPU Frequency Scaling governor to "ondemand".
Feb 16 08:37:16 ip-172-31-69-27 systemd[1]: Starting Hold until boot process finishes up...
Feb 16 08:37:16 ip-172-31-69-27 apport[1200]:    ...done.
Feb 16 08:37:16 ip-172-31-69-27 systemd[1]: Starting Terminate Plymouth Boot Screen...
Feb 16 08:37:16 ip-172-31-69-27 systemd[1]: Started LSB: automatic crash report generation.
Feb 16 08:37:16 ip-172-31-69-27 systemd[1]: Started LSB: disk temperature monitoring daemon.
Feb 16 08:37:16 ip-172-31-69-27 systemd[1]: Started Hold until boot process finishes up.
Feb 16 08:37:16 ip-172-31-69-27 systemd[1]: Started Terminate Plymouth Boot Screen.
Feb 16 08:37:16 ip-172-31-69-27 irqbalance[1211]:  * Starting SMP IRQ Balancer: irqbalance
Feb 16 08:37:16 ip-172-31-69-27 systemd[1]: Starting Set console scheme...
Feb 16 08:37:16 ip-172-31-69-27 systemd[1]: Started Getty on tty1.
Feb 16 08:37:16 ip-172-31-69-27 /usr/sbin/irqbalance: Balancing is ineffective on systems with a single cpu.  Shutting down
Feb 16 08:37:16 ip-172-31-69-27 irqbalance[1211]:    ...done.
Feb 16 08:37:16 ip-172-31-69-27 systemd[1]: Started Serial Getty on ttyS0.
Feb 16 08:37:16 ip-172-31-69-27 systemd[1]: Reached target Login Prompts.
Feb 16 08:37:16 ip-172-31-69-27 systemd[1]: Started LSB: daemon to balance interrupts for SMP systems.
Feb 16 08:37:16 ip-172-31-69-27 systemd[1]: Started Set console scheme.
Feb 16 08:37:16 ip-172-31-69-27 systemd[1]: Reached target Multi-User System.
Feb 16 08:37:16 ip-172-31-69-27 systemd[1]: Reached target Graphical Interface.
Feb 16 08:37:16 ip-172-31-69-27 systemd[1]: Starting Update UTMP about System Runlevel Changes...
Feb 16 08:37:16 ip-172-31-69-27 systemd[1]: Started Update UTMP about System Runlevel Changes.
Feb 16 08:37:16 ip-172-31-69-27 cloud-init[1151]: Cloud-init v. 17.1 running 'modules:config' at Fri, 16 Feb 2018 12:37:16 +0000. Up 9.07 seconds.
Feb 16 08:37:16 ip-172-31-69-27 systemd[1]: Started Apply the settings specified in cloud-config.
Feb 16 08:37:16 ip-172-31-69-27 systemd[1]: Starting Execute cloud user/final scripts...
Feb 16 08:37:17 ip-172-31-69-27 cloud-init[1274]: Cloud-init v. 17.1 running 'modules:final' at Fri, 16 Feb 2018 12:37:16 +0000. Up 9.47 seconds.
Feb 16 08:37:17 ip-172-31-69-27 cloud-init[1274]: Cloud-init v. 17.1 finished at Fri, 16 Feb 2018 12:37:17 +0000. Datasource DataSourceEc2Local.  Up 9.58 seconds
Feb 16 08:37:17 ip-172-31-69-27 systemd[1]: Started Execute cloud user/final scripts.
Feb 16 08:37:17 ip-172-31-69-27 systemd[1]: Reached target Cloud-init target.
Feb 16 08:37:17 ip-172-31-69-27 systemd[1]: Starting Daily apt download activities...
Feb 16 08:37:25 ip-172-31-69-27 systemd[1]: Started Daily apt download activities.
Feb 16 08:37:25 ip-172-31-69-27 systemd[1]: Startup finished in 3.544s (kernel) + 14.192s (userspace) = 17.737s.
Feb 16 08:37:42 ip-172-31-69-27 systemd-timesyncd[506]: Synchronized to time server 91.189.89.199:123 (ntp.ubuntu.com).
Feb 16 08:39:10 ip-172-31-69-27 systemd[1]: Created slice User Slice of ubuntu.
Feb 16 08:39:10 ip-172-31-69-27 systemd[1]: Starting User Manager for UID 1000...
Feb 16 08:39:10 ip-172-31-69-27 systemd[1]: Started Session 1 of user ubuntu.
Feb 16 08:39:10 ip-172-31-69-27 systemd[1560]: Reached target Timers.
Feb 16 08:39:10 ip-172-31-69-27 systemd[1560]: Reached target Sockets.
Feb 16 08:39:10 ip-172-31-69-27 systemd[1560]: Reached target Paths.
Feb 16 08:39:10 ip-172-31-69-27 systemd[1560]: Reached target Basic System.
Feb 16 08:39:10 ip-172-31-69-27 systemd[1560]: Reached target Default.
Feb 16 08:39:10 ip-172-31-69-27 systemd[1560]: Startup finished in 22ms.
Feb 16 08:39:10 ip-172-31-69-27 systemd[1]: Started User Manager for UID 1000.
Feb 16 08:39:15 ip-172-31-69-27 kernel: [  127.933841] Netfilter messages via NETLINK v0.30.
Feb 16 08:39:15 ip-172-31-69-27 kernel: [  127.940917] device eth0 entered promiscuous mode
Feb 16 08:52:34 ip-172-31-69-27 systemd[1]: Starting Cleanup of Temporary Directories...
Feb 16 08:52:34 ip-172-31-69-27 systemd-tmpfiles[1664]: [/usr/lib/tmpfiles.d/var.conf:14] Duplicate line for path "/var/log", ignoring.
Feb 16 08:52:34 ip-172-31-69-27 systemd[1]: Started Cleanup of Temporary Directories.
Feb 16 09:01:17 ip-172-31-69-27 dhclient[915]: DHCPREQUEST of 172.31.69.27 on eth0 to 172.31.69.1 port 67 (xid=0x5f685f89)
Feb 16 09:01:17 ip-172-31-69-27 dhclient[915]: DHCPACK of 172.31.69.27 from 172.31.69.1
Feb 16 09:01:17 ip-172-31-69-27 dhclient[915]: bound to 172.31.69.27 -- renewal in 1786 seconds.
Feb 16 09:17:01 ip-172-31-69-27 CRON[1684]: (root) CMD (   cd / && run-parts --report /etc/cron.hourly)
Feb 16 09:31:03 ip-172-31-69-27 dhclient[915]: DHCPREQUEST of 172.31.69.27 on eth0 to 172.31.69.1 port 67 (xid=0x5f685f89)
Feb 16 09:31:03 ip-172-31-69-27 dhclient[915]: DHCPACK of 172.31.69.27 from 172.31.69.1
Feb 16 09:31:03 ip-172-31-69-27 dhclient[915]: bound to 172.31.69.27 -- renewal in 1684 seconds.
Feb 16 09:59:07 ip-172-31-69-27 dhclient[915]: DHCPREQUEST of 172.31.69.27 on eth0 to 172.31.69.1 port 67 (xid=0x5f685f89)
Feb 16 09:59:07 ip-172-31-69-27 dhclient[915]: DHCPACK of 172.31.69.27 from 172.31.69.1
Feb 16 09:59:07 ip-172-31-69-27 dhclient[915]: bound to 172.31.69.27 -- renewal in 1658 seconds.
Feb 16 10:17:01 ip-172-31-69-27 CRON[1715]: (root) CMD (   cd / && run-parts --report /etc/cron.hourly)
Feb 16 10:26:45 ip-172-31-69-27 dhclient[915]: DHCPREQUEST of 172.31.69.27 on eth0 to 172.31.69.1 port 67 (xid=0x5f685f89)
Feb 16 10:26:45 ip-172-31-69-27 dhclient[915]: DHCPACK of 172.31.69.27 from 172.31.69.1
Feb 16 10:26:45 ip-172-31-69-27 dhclient[915]: bound to 172.31.69.27 -- renewal in 1396 seconds.
Feb 16 10:50:01 ip-172-31-69-27 dhclient[915]: DHCPREQUEST of 172.31.69.27 on eth0 to 172.31.69.1 port 67 (xid=0x5f685f89)
Feb 16 10:50:01 ip-172-31-69-27 dhclient[915]: DHCPACK of 172.31.69.27 from 172.31.69.1
Feb 16 10:50:01 ip-172-31-69-27 dhclient[915]: bound to 172.31.69.27 -- renewal in 1641 seconds.
Feb 16 11:17:01 ip-172-31-69-27 CRON[1746]: (root) CMD (   cd / && run-parts --report /etc/cron.hourly)
Feb 16 11:17:22 ip-172-31-69-27 dhclient[915]: DHCPREQUEST of 172.31.69.27 on eth0 to 172.31.69.1 port 67 (xid=0x5f685f89)
Feb 16 11:17:22 ip-172-31-69-27 dhclient[915]: DHCPACK of 172.31.69.27 from 172.31.69.1
Feb 16 11:17:22 ip-172-31-69-27 dhclient[915]: bound to 172.31.69.27 -- renewal in 1635 seconds.
Feb 16 11:44:37 ip-172-31-69-27 dhclient[915]: DHCPREQUEST of 172.31.69.27 on eth0 to 172.31.69.1 port 67 (xid=0x5f685f89)
Feb 16 11:44:37 ip-172-31-69-27 dhclient[915]: DHCPACK of 172.31.69.27 from 172.31.69.1
Feb 16 11:44:37 ip-172-31-69-27 dhclient[915]: bound to 172.31.69.27 -- renewal in 1733 seconds.
Feb 16 12:13:30 ip-172-31-69-27 dhclient[915]: DHCPREQUEST of 172.31.69.27 on eth0 to 172.31.69.1 port 67 (xid=0x5f685f89)
Feb 16 12:13:30 ip-172-31-69-27 dhclient[915]: DHCPACK of 172.31.69.27 from 172.31.69.1
Feb 16 12:13:30 ip-172-31-69-27 dhclient[915]: bound to 172.31.69.27 -- renewal in 1655 seconds.
Feb 16 12:17:01 ip-172-31-69-27 CRON[1794]: (root) CMD (   cd / && run-parts --report /etc/cron.hourly)
Feb 16 12:41:05 ip-172-31-69-27 dhclient[915]: DHCPREQUEST of 172.31.69.27 on eth0 to 172.31.69.1 port 67 (xid=0x5f685f89)
Feb 16 12:41:05 ip-172-31-69-27 dhclient[915]: DHCPACK of 172.31.69.27 from 172.31.69.1
Feb 16 12:41:05 ip-172-31-69-27 dhclient[915]: bound to 172.31.69.27 -- renewal in 1716 seconds.
Feb 16 13:09:41 ip-172-31-69-27 dhclient[915]: DHCPREQUEST of 172.31.69.27 on eth0 to 172.31.69.1 port 67 (xid=0x5f685f89)
Feb 16 13:09:41 ip-172-31-69-27 dhclient[915]: DHCPACK of 172.31.69.27 from 172.31.69.1
Feb 16 13:09:41 ip-172-31-69-27 dhclient[915]: bound to 172.31.69.27 -- renewal in 1774 seconds.
Feb 16 13:17:01 ip-172-31-69-27 CRON[1825]: (root) CMD (   cd / && run-parts --report /etc/cron.hourly)
Feb 16 13:39:15 ip-172-31-69-27 dhclient[915]: DHCPREQUEST of 172.31.69.27 on eth0 to 172.31.69.1 port 67 (xid=0x5f685f89)
Feb 16 13:39:15 ip-172-31-69-27 dhclient[915]: DHCPACK of 172.31.69.27 from 172.31.69.1
Feb 16 13:39:15 ip-172-31-69-27 dhclient[915]: bound to 172.31.69.27 -- renewal in 1620 seconds.
Feb 16 13:47:01 ip-172-31-69-27 CRON[1840]: (root) CMD (nohup tcpdump > /home/ubuntu/capture/dump$(hostname -I) &  )
Feb 16 14:06:15 ip-172-31-69-27 dhclient[915]: DHCPREQUEST of 172.31.69.27 on eth0 to 172.31.69.1 port 67 (xid=0x5f685f89)
Feb 16 14:06:15 ip-172-31-69-27 dhclient[915]: DHCPACK of 172.31.69.27 from 172.31.69.1
Feb 16 14:06:15 ip-172-31-69-27 dhclient[915]: bound to 172.31.69.27 -- renewal in 1648 seconds.
Feb 16 14:17:01 ip-172-31-69-27 CRON[1856]: (root) CMD (   cd / && run-parts --report /etc/cron.hourly)
Feb 16 14:33:43 ip-172-31-69-27 dhclient[915]: DHCPREQUEST of 172.31.69.27 on eth0 to 172.31.69.1 port 67 (xid=0x5f685f89)
Feb 16 14:33:43 ip-172-31-69-27 dhclient[915]: DHCPACK of 172.31.69.27 from 172.31.69.1
Feb 16 14:33:43 ip-172-31-69-27 dhclient[915]: bound to 172.31.69.27 -- renewal in 1460 seconds.
Feb 16 14:58:03 ip-172-31-69-27 dhclient[915]: DHCPREQUEST of 172.31.69.27 on eth0 to 172.31.69.1 port 67 (xid=0x5f685f89)
Feb 16 14:58:03 ip-172-31-69-27 dhclient[915]: DHCPACK of 172.31.69.27 from 172.31.69.1
Feb 16 14:58:03 ip-172-31-69-27 dhclient[915]: bound to 172.31.69.27 -- renewal in 1622 seconds.
Feb 16 15:17:01 ip-172-31-69-27 CRON[1887]: (root) CMD (   cd / && run-parts --report /etc/cron.hourly)
Feb 16 15:25:05 ip-172-31-69-27 dhclient[915]: DHCPREQUEST of 172.31.69.27 on eth0 to 172.31.69.1 port 67 (xid=0x5f685f89)
Feb 16 15:25:05 ip-172-31-69-27 dhclient[915]: DHCPACK of 172.31.69.27 from 172.31.69.1
Feb 16 15:25:05 ip-172-31-69-27 dhclient[915]: bound to 172.31.69.27 -- renewal in 1549 seconds.
Feb 16 15:50:54 ip-172-31-69-27 dhclient[915]: DHCPREQUEST of 172.31.69.27 on eth0 to 172.31.69.1 port 67 (xid=0x5f685f89)
Feb 16 15:50:54 ip-172-31-69-27 dhclient[915]: DHCPACK of 172.31.69.27 from 172.31.69.1
Feb 16 15:50:54 ip-172-31-69-27 dhclient[915]: bound to 172.31.69.27 -- renewal in 1353 seconds.
Feb 16 16:13:27 ip-172-31-69-27 dhclient[915]: DHCPREQUEST of 172.31.69.27 on eth0 to 172.31.69.1 port 67 (xid=0x5f685f89)
Feb 16 16:13:27 ip-172-31-69-27 dhclient[915]: DHCPACK of 172.31.69.27 from 172.31.69.1
Feb 16 16:13:27 ip-172-31-69-27 dhclient[915]: bound to 172.31.69.27 -- renewal in 1664 seconds.
Feb 16 16:17:01 ip-172-31-69-27 CRON[1933]: (root) CMD (   cd / && run-parts --report /etc/cron.hourly)
Feb 16 16:41:11 ip-172-31-69-27 dhclient[915]: DHCPREQUEST of 172.31.69.27 on eth0 to 172.31.69.1 port 67 (xid=0x5f685f89)
Feb 16 16:41:11 ip-172-31-69-27 dhclient[915]: DHCPACK of 172.31.69.27 from 172.31.69.1
Feb 16 16:41:11 ip-172-31-69-27 dhclient[915]: bound to 172.31.69.27 -- renewal in 1384 seconds.
Feb 16 17:04:15 ip-172-31-69-27 dhclient[915]: DHCPREQUEST of 172.31.69.27 on eth0 to 172.31.69.1 port 67 (xid=0x5f685f89)
Feb 16 17:04:15 ip-172-31-69-27 dhclient[915]: DHCPACK of 172.31.69.27 from 172.31.69.1
Feb 16 17:04:15 ip-172-31-69-27 dhclient[915]: bound to 172.31.69.27 -- renewal in 1791 seconds.
Feb 16 17:17:01 ip-172-31-69-27 CRON[1966]: (root) CMD (   cd / && run-parts --report /etc/cron.hourly)
Feb 16 06:43:51 ip-172-31-69-18 dhclient[991]: DHCPREQUEST of 172.31.69.18 on eth0 to 172.31.69.1 port 67 (xid=0x4c0fd37)
Feb 16 06:43:51 ip-172-31-69-18 dhclient[991]: DHCPACK of 172.31.69.18 from 172.31.69.1
Feb 16 06:43:51 ip-172-31-69-18 dhclient[991]: bound to 172.31.69.18 -- renewal in 1787 seconds.
Feb 16 07:13:38 ip-172-31-69-18 dhclient[991]: DHCPREQUEST of 172.31.69.18 on eth0 to 172.31.69.1 port 67 (xid=0x4c0fd37)
Feb 16 07:13:38 ip-172-31-69-18 dhclient[991]: DHCPACK of 172.31.69.18 from 172.31.69.1
Feb 16 07:13:38 ip-172-31-69-18 dhclient[991]: bound to 172.31.69.18 -- renewal in 1683 seconds.
Feb 16 07:17:01 ip-172-31-69-18 CRON[2776]: (root) CMD (   cd / && run-parts --report /etc/cron.hourly)
Feb 16 07:41:41 ip-172-31-69-18 dhclient[991]: DHCPREQUEST of 172.31.69.18 on eth0 to 172.31.69.1 port 67 (xid=0x4c0fd37)
Feb 16 07:41:41 ip-172-31-69-18 dhclient[991]: DHCPACK of 172.31.69.18 from 172.31.69.1
Feb 16 07:41:41 ip-172-31-69-18 dhclient[991]: bound to 172.31.69.18 -- renewal in 1699 seconds.
Feb 16 08:10:00 ip-172-31-69-18 dhclient[991]: DHCPREQUEST of 172.31.69.18 on eth0 to 172.31.69.1 port 67 (xid=0x4c0fd37)
Feb 16 08:10:00 ip-172-31-69-18 dhclient[991]: DHCPACK of 172.31.69.18 from 172.31.69.1
Feb 16 08:10:00 ip-172-31-69-18 dhclient[991]: bound to 172.31.69.18 -- renewal in 1689 seconds.
Feb 16 08:17:01 ip-172-31-69-18 CRON[2806]: (root) CMD (   cd / && run-parts --report /etc/cron.hourly)
Feb 16 08:37:01 ip-172-31-69-18 systemd[1]: Received SIGINT.
Feb 16 08:37:01 ip-172-31-69-18 systemd[1]: Stopping Authenticate and Authorize Users to Run Privileged Tasks...
Feb 16 08:37:01 ip-172-31-69-18 systemd[1]: Stopped target Cloud-init target.
Feb 16 08:37:01 ip-172-31-69-18 systemd[1]: Stopping ACPI event daemon...
Feb 16 08:37:01 ip-172-31-69-18 systemd[1]: Closed Load/Save RF Kill Switch Status /dev/rfkill Watch.
Feb 16 08:37:01 ip-172-31-69-18 systemd[1]: Stopped Execute cloud user/final scripts.
Feb 16 08:37:01 ip-172-31-69-18 systemd[1]: Stopping User Manager for UID 1000...
Feb 16 08:37:01 ip-172-31-69-18 systemd[1307]: Stopped target Default.
Feb 16 08:37:01 ip-172-31-69-18 systemd[1307]: Stopped target Basic System.
Feb 16 08:37:01 ip-172-31-69-18 systemd[1307]: Stopped target Paths.
Feb 16 08:37:01 ip-172-31-69-18 systemd[1307]: Stopped target Timers.
Feb 16 08:37:01 ip-172-31-69-18 systemd[1307]: Reached target Shutdown.
Feb 16 08:37:01 ip-172-31-69-18 systemd[1307]: Stopped target Sockets.
Feb 16 08:37:01 ip-172-31-69-18 systemd[1307]: Starting Exit the Session...
Feb 16 08:37:01 ip-172-31-69-18 systemd[1]: Stopping Session 1 of user ubuntu.
Feb 16 08:37:01 ip-172-31-69-18 kernel: [87219.795682] device eth0 left promiscuous mode
Feb 16 08:37:01 ip-172-31-69-18 systemd[1]: Stopped target Timers.
Feb 16 08:37:01 ip-172-31-69-18 systemd[1307]: Received SIGRTMIN+24 from PID 2820 (kill).
Feb 16 08:37:01 ip-172-31-69-18 systemd[1]: Stopped Timer to automatically refresh installed snaps.
Feb 16 08:37:01 ip-172-31-69-18 systemd[1]: Stopped Daily Cleanup of Temporary Directories.
Feb 16 08:37:01 ip-172-31-69-18 systemd[1]: Stopped target Graphical Interface.
Feb 16 08:37:01 ip-172-31-69-18 systemd[1]: Stopped target Multi-User System.
Feb 16 08:37:01 ip-172-31-69-18 systemd[1]: Stopping Deferred execution scheduler...
Feb 16 08:37:01 ip-172-31-69-18 systemd[1]: Stopped target Login Prompts.
Feb 16 08:37:01 ip-172-31-69-18 systemd[1]: Stopping Getty on tty1...
Feb 16 08:37:01 ip-172-31-69-18 systemd[1]: Stopping Serial Getty on ttyS0...
Feb 16 08:37:01 ip-172-31-69-18 systemd[1]: Stopping LXD - container startup/shutdown...
Feb 16 08:37:01 ip-172-31-69-18 systemd[1]: Stopping FUSE filesystem for LXC...
Feb 16 08:37:01 ip-172-31-69-18 systemd[1]: Stopped Initialize hardware monitoring sensors.
Feb 16 08:37:01 ip-172-31-69-18 rsyslogd: [origin software="rsyslogd" swVersion="8.16.0" x-pid="1168" x-info="http://www.rsyslog.com"] exiting on signal 15.
Feb 16 08:37:34 ip-172-31-69-18 rsyslogd: [origin software="rsyslogd" swVersion="8.16.0" x-pid="1129" x-info="http://www.rsyslog.com"] start
Feb 16 08:37:34 ip-172-31-69-18 rsyslogd-2222: command 'KLogPermitNonKernelFacility' is currently not permitted - did you already set it via a RainerScript command (v6+ config)? [v8.16.0 try http://www.rsyslog.com/e/2222 ]
Feb 16 08:37:34 ip-172-31-69-18 rsyslogd: rsyslogd's groupid changed to 108
Feb 16 08:37:34 ip-172-31-69-18 rsyslogd: rsyslogd's userid changed to 104
Feb 16 08:37:34 ip-172-31-69-18 rsyslogd-2039: Could not open output pipe '/dev/xconsole':: No such file or directory [v8.16.0 try http://www.rsyslog.com/e/2039 ]
Feb 16 08:37:34 ip-172-31-69-18 rsyslogd-2007: action 'action 11' suspended, next retry is Fri Feb 16 08:38:04 2018 [v8.16.0 try http://www.rsyslog.com/e/2007 ]
Feb 16 08:37:34 ip-172-31-69-18 kernel: [    0.000000] Initializing cgroup subsys cpuset
Feb 16 08:37:34 ip-172-31-69-18 kernel: [    0.000000] Initializing cgroup subsys cpu
Feb 16 08:37:34 ip-172-31-69-18 kernel: [    0.000000] Initializing cgroup subsys cpuacct
Feb 16 08:37:34 ip-172-31-69-18 kernel: [    0.000000] Linux version 4.4.0-1049-aws (buildd@lcy01-amd64-001) (gcc version 5.4.0 20160609 (Ubuntu 5.4.0-6ubuntu1~16.04.5) ) #58-Ubuntu SMP Fri Jan 12 23:17:09 UTC 2018 (Ubuntu 4.4.0-1049.58-aws 4.4.98)
Feb 16 08:37:34 ip-172-31-69-18 kernel: [    0.000000] Command line: BOOT_IMAGE=/boot/vmlinuz-4.4.0-1049-aws root=UUID=ccee1a8d-0785-4b3a-a578-812d59f5d3e1 ro console=tty1 console=ttyS0 nvme.io_timeout=4294967295
Feb 16 08:37:34 ip-172-31-69-18 kernel: [    0.000000] KERNEL supported cpus:
Feb 16 08:37:34 ip-172-31-69-18 kernel: [    0.000000]   Intel GenuineIntel
Feb 16 08:37:34 ip-172-31-69-18 kernel: [    0.000000]   AMD AuthenticAMD
Feb 16 08:37:34 ip-172-31-69-18 kernel: [    0.000000]   Centaur CentaurHauls
Feb 16 08:37:34 ip-172-31-69-18 kernel: [    0.000000] x86/fpu: xstate_offset[2]:  576, xstate_sizes[2]:  256
Feb 16 08:37:34 ip-172-31-69-18 kernel: [    0.000000] x86/fpu: Supporting XSAVE feature 0x01: 'x87 floating point registers'
Feb 16 08:37:34 ip-172-31-69-18 kernel: [    0.000000] x86/fpu: Supporting XSAVE feature 0x02: 'SSE registers'
Feb 16 08:37:34 ip-172-31-69-18 kernel: [    0.000000] x86/fpu: Supporting XSAVE feature 0x04: 'AVX registers'
Feb 16 08:37:34 ip-172-31-69-18 kernel: [    0.000000] x86/fpu: Enabled xstate features 0x7, context size is 832 bytes, using 'standard' format.
Feb 16 08:37:34 ip-172-31-69-18 kernel: [    0.000000] x86/fpu: Using 'eager' FPU context switches.
Feb 16 08:37:34 ip-172-31-69-18 kernel: [    0.000000] e820: BIOS-provided physical RAM map:
Feb 16 08:37:34 ip-172-31-69-18 kernel: [    0.000000] BIOS-e820: [mem 0x0000000000000000-0x000000000009dfff] usable
Feb 16 08:37:34 ip-172-31-69-18 kernel: [    0.000000] BIOS-e820: [mem 0x000000000009e000-0x000000000009ffff] reserved
Feb 16 08:37:34 ip-172-31-69-18 kernel: [    0.000000] BIOS-e820: [mem 0x00000000000e0000-0x00000000000fffff] reserved
Feb 16 08:37:34 ip-172-31-69-18 kernel: [    0.000000] BIOS-e820: [mem 0x0000000000100000-0x000000003fffffff] usable
Feb 16 08:37:34 ip-172-31-69-18 kernel: [    0.000000] BIOS-e820: [mem 0x00000000fc000000-0x00000000ffffffff] reserved
Feb 16 08:37:34 ip-172-31-69-18 kernel: [    0.000000] NX (Execute Disable) protection: active
Feb 16 08:37:34 ip-172-31-69-18 kernel: [    0.000000] SMBIOS 2.7 present.
Feb 16 08:37:34 ip-172-31-69-18 kernel: [    0.000000] DMI: Xen HVM domU, BIOS 4.2.amazon 08/24/2006
Feb 16 08:37:34 ip-172-31-69-18 kernel: [    0.000000] Hypervisor detected: Xen
Feb 16 08:37:34 ip-172-31-69-18 kernel: [    0.000000] Xen version 4.2.
Feb 16 08:37:34 ip-172-31-69-18 kernel: [    0.000000] Xen Platform PCI: I/O protocol version 1
Feb 16 08:37:34 ip-172-31-69-18 kernel: [    0.000000] Netfront and the Xen platform PCI driver have been compiled for this kernel: unplug emulated NICs.
Feb 16 08:37:34 ip-172-31-69-18 kernel: [    0.000000] Blkfront and the Xen platform PCI driver have been compiled for this kernel: unplug emulated disks.
Feb 16 08:37:34 ip-172-31-69-18 kernel: [    0.000000] You might have to change the root device
Feb 16 08:37:34 ip-172-31-69-18 kernel: [    0.000000] from /dev/hd[a-d] to /dev/xvd[a-d]
Feb 16 08:37:34 ip-172-31-69-18 kernel: [    0.000000] in your root= kernel command line option
Feb 16 08:37:34 ip-172-31-69-18 kernel: [    0.000000] HVMOP_pagetable_dying not supported
Feb 16 08:37:34 ip-172-31-69-18 kernel: [    0.000000] e820: update [mem 0x00000000-0x00000fff] usable ==> reserved
Feb 16 08:37:34 ip-172-31-69-18 kernel: [    0.000000] e820: remove [mem 0x000a0000-0x000fffff] usable
Feb 16 08:37:34 ip-172-31-69-18 kernel: [    0.000000] e820: last_pfn = 0x40000 max_arch_pfn = 0x400000000
Feb 16 08:37:34 ip-172-31-69-18 kernel: [    0.000000] MTRR default type: write-back
Feb 16 08:37:34 ip-172-31-69-18 kernel: [    0.000000] MTRR fixed ranges enabled:
Feb 16 08:37:34 ip-172-31-69-18 kernel: [    0.000000]   00000-9FFFF write-back
Feb 16 08:37:34 ip-172-31-69-18 kernel: [    0.000000]   A0000-BFFFF write-combining
Feb 16 08:37:34 ip-172-31-69-18 kernel: [    0.000000]   C0000-FFFFF write-back
Feb 16 08:37:34 ip-172-31-69-18 kernel: [    0.000000] MTRR variable ranges enabled:
Feb 16 08:37:34 ip-172-31-69-18 kernel: [    0.000000]   0 base 0000F0000000 mask 3FFFF8000000 uncachable
Feb 16 08:37:34 ip-172-31-69-18 kernel: [    0.000000]   1 base 0000F8000000 mask 3FFFFC000000 uncachable
Feb 16 08:37:34 ip-172-31-69-18 kernel: [    0.000000]   2 disabled
Feb 16 08:37:34 ip-172-31-69-18 kernel: [    0.000000]   3 disabled
Feb 16 08:37:34 ip-172-31-69-18 kernel: [    0.000000]   4 disabled
Feb 16 08:37:34 ip-172-31-69-18 kernel: [    0.000000]   5 disabled
Feb 16 08:37:34 ip-172-31-69-18 kernel: [    0.000000]   6 disabled
Feb 16 08:37:34 ip-172-31-69-18 kernel: [    0.000000]   7 disabled
Feb 16 08:37:34 ip-172-31-69-18 kernel: [    0.000000] x86/PAT: Configuration [0-7]: WB  WC  UC- UC  WB  WC  UC- WT  
Feb 16 08:37:34 ip-172-31-69-18 kernel: [    0.000000] found SMP MP-table at [mem 0x000fbc20-0x000fbc2f] mapped at [ffff8800000fbc20]
Feb 16 08:37:34 ip-172-31-69-18 kernel: [    0.000000] Scanning 1 areas for low memory corruption
Feb 16 08:37:34 ip-172-31-69-18 kernel: [    0.000000] Base memory trampoline at [ffff880000098000] 98000 size 24576
Feb 16 08:37:34 ip-172-31-69-18 kernel: [    0.000000] BRK [0x02201000, 0x02201fff] PGTABLE
Feb 16 08:37:34 ip-172-31-69-18 kernel: [    0.000000] BRK [0x02202000, 0x02202fff] PGTABLE
Feb 16 08:37:34 ip-172-31-69-18 kernel: [    0.000000] BRK [0x02203000, 0x02203fff] PGTABLE
Feb 16 08:37:34 ip-172-31-69-18 kernel: [    0.000000] RAMDISK: [mem 0x367e6000-0x373eafff]
Feb 16 08:37:34 ip-172-31-69-18 kernel: [    0.000000] ACPI: Early table checksum verification disabled
Feb 16 08:37:34 ip-172-31-69-18 kernel: [    0.000000] ACPI: RSDP 0x00000000000EA020 000024 (v02 Xen   )
Feb 16 08:37:34 ip-172-31-69-18 kernel: [    0.000000] ACPI: XSDT 0x00000000FC00DDC0 000054 (v01 Xen    HVM      00000000 HVML 00000000)
Feb 16 08:37:34 ip-172-31-69-18 kernel: [    0.000000] ACPI: FACP 0x00000000FC00DA80 0000F4 (v04 Xen    HVM      00000000 HVML 00000000)
Feb 16 08:37:34 ip-172-31-69-18 kernel: [    0.000000] ACPI: DSDT 0x00000000FC001CE0 00BD19 (v02 Xen    HVM      00000000 INTL 20090123)
Feb 16 08:37:34 ip-172-31-69-18 kernel: [    0.000000] ACPI: FACS 0x00000000FC001CA0 000040
Feb 16 08:37:34 ip-172-31-69-18 kernel: [    0.000000] ACPI: FACS 0x00000000FC001CA0 000040
Feb 16 08:37:34 ip-172-31-69-18 kernel: [    0.000000] ACPI: APIC 0x00000000FC00DB80 0000D8 (v02 Xen    HVM      00000000 HVML 00000000)
Feb 16 08:37:34 ip-172-31-69-18 kernel: [    0.000000] ACPI: HPET 0x00000000FC00DCD0 000038 (v01 Xen    HVM      00000000 HVML 00000000)
Feb 16 08:37:34 ip-172-31-69-18 kernel: [    0.000000] ACPI: WAET 0x00000000FC00DD10 000028 (v01 Xen    HVM      00000000 HVML 00000000)
Feb 16 08:37:34 ip-172-31-69-18 kernel: [    0.000000] ACPI: SSDT 0x00000000FC00DD40 000031 (v02 Xen    HVM      00000000 INTL 20090123)
Feb 16 08:37:34 ip-172-31-69-18 kernel: [    0.000000] ACPI: SSDT 0x00000000FC00DD80 000031 (v02 Xen    HVM      00000000 INTL 20090123)
Feb 16 08:37:34 ip-172-31-69-18 kernel: [    0.000000] ACPI: Local APIC address 0xfee00000
Feb 16 08:37:34 ip-172-31-69-18 kernel: [    0.000000] No NUMA configuration found
Feb 16 08:37:34 ip-172-31-69-18 kernel: [    0.000000] Faking a node at [mem 0x0000000000000000-0x000000003fffffff]
Feb 16 08:37:34 ip-172-31-69-18 kernel: [    0.000000] NODE_DATA(0) allocated [mem 0x3fffb000-0x3fffffff]
Feb 16 08:37:34 ip-172-31-69-18 kernel: [    0.000000] Zone ranges:
Feb 16 08:37:34 ip-172-31-69-18 kernel: [    0.000000]   DMA      [mem 0x0000000000001000-0x0000000000ffffff]
Feb 16 08:37:34 ip-172-31-69-18 kernel: [    0.000000]   DMA32    [mem 0x0000000001000000-0x000000003fffffff]
Feb 16 08:37:34 ip-172-31-69-18 kernel: [    0.000000]   Normal   empty
Feb 16 08:37:34 ip-172-31-69-18 kernel: [    0.000000]   Device   empty
Feb 16 08:37:34 ip-172-31-69-18 kernel: [    0.000000] Movable zone start for each node
Feb 16 08:37:34 ip-172-31-69-18 kernel: [    0.000000] Early memory node ranges
Feb 16 08:37:34 ip-172-31-69-18 kernel: [    0.000000]   node   0: [mem 0x0000000000001000-0x000000000009dfff]
Feb 16 08:37:34 ip-172-31-69-18 kernel: [    0.000000]   node   0: [mem 0x0000000000100000-0x000000003fffffff]
Feb 16 08:37:34 ip-172-31-69-18 kernel: [    0.000000] Initmem setup node 0 [mem 0x0000000000001000-0x000000003fffffff]
Feb 16 08:37:34 ip-172-31-69-18 kernel: [    0.000000] On node 0 totalpages: 262045
Feb 16 08:37:34 ip-172-31-69-18 kernel: [    0.000000]   DMA zone: 64 pages used for memmap
Feb 16 08:37:34 ip-172-31-69-18 kernel: [    0.000000]   DMA zone: 21 pages reserved
Feb 16 08:37:34 ip-172-31-69-18 kernel: [    0.000000]   DMA zone: 3997 pages, LIFO batch:0
Feb 16 08:37:34 ip-172-31-69-18 kernel: [    0.000000]   DMA32 zone: 4032 pages used for memmap
Feb 16 08:37:34 ip-172-31-69-18 kernel: [    0.000000]   DMA32 zone: 258048 pages, LIFO batch:31
Feb 16 08:37:34 ip-172-31-69-18 kernel: [    0.000000] ACPI: PM-Timer IO Port: 0xb008
Feb 16 08:37:34 ip-172-31-69-18 kernel: [    0.000000] ACPI: Local APIC address 0xfee00000
Feb 16 08:37:34 ip-172-31-69-18 kernel: [    0.000000] IOAPIC[0]: apic_id 1, version 17, address 0xfec00000, GSI 0-47
Feb 16 08:37:34 ip-172-31-69-18 kernel: [    0.000000] ACPI: INT_SRC_OVR (bus 0 bus_irq 0 global_irq 2 dfl dfl)
Feb 16 08:37:34 ip-172-31-69-18 kernel: [    0.000000] ACPI: INT_SRC_OVR (bus 0 bus_irq 5 global_irq 5 low level)
Feb 16 08:37:34 ip-172-31-69-18 kernel: [    0.000000] ACPI: INT_SRC_OVR (bus 0 bus_irq 10 global_irq 10 low level)
Feb 16 08:37:34 ip-172-31-69-18 kernel: [    0.000000] ACPI: INT_SRC_OVR (bus 0 bus_irq 11 global_irq 11 low level)
Feb 16 08:37:34 ip-172-31-69-18 kernel: [    0.000000] ACPI: IRQ0 used by override.
Feb 16 08:37:34 ip-172-31-69-18 kernel: [    0.000000] ACPI: IRQ5 used by override.
