Feb 22 06:33:31 ip-172-31-69-21 dhclient[981]: DHCPREQUEST of 172.31.69.21 on eth0 to 172.31.69.1 port 67 (xid=0x7f7e2a2d)
Feb 22 06:33:31 ip-172-31-69-21 dhclient[981]: DHCPACK of 172.31.69.21 from 172.31.69.1
Feb 22 06:33:31 ip-172-31-69-21 dhclient[981]: bound to 172.31.69.21 -- renewal in 1469 seconds.
Feb 22 06:58:00 ip-172-31-69-21 dhclient[981]: DHCPREQUEST of 172.31.69.21 on eth0 to 172.31.69.1 port 67 (xid=0x7f7e2a2d)
Feb 22 06:58:00 ip-172-31-69-21 dhclient[981]: DHCPACK of 172.31.69.21 from 172.31.69.1
Feb 22 06:58:00 ip-172-31-69-21 dhclient[981]: bound to 172.31.69.21 -- renewal in 1527 seconds.
Feb 22 06:59:29 ip-172-31-69-21 systemd[1]: Starting Daily apt upgrade and clean activities...
Feb 22 06:59:41 ip-172-31-69-21 systemd[1]: Started Daily apt upgrade and clean activities.
Feb 22 07:17:01 ip-172-31-69-21 CRON[3175]: (root) CMD (   cd / && run-parts --report /etc/cron.hourly)
Feb 22 07:23:27 ip-172-31-69-21 dhclient[981]: DHCPREQUEST of 172.31.69.21 on eth0 to 172.31.69.1 port 67 (xid=0x7f7e2a2d)
Feb 22 07:23:27 ip-172-31-69-21 dhclient[981]: DHCPACK of 172.31.69.21 from 172.31.69.1
Feb 22 07:23:27 ip-172-31-69-21 dhclient[981]: bound to 172.31.69.21 -- renewal in 1679 seconds.
Feb 22 07:51:26 ip-172-31-69-21 dhclient[981]: DHCPREQUEST of 172.31.69.21 on eth0 to 172.31.69.1 port 67 (xid=0x7f7e2a2d)
Feb 22 07:51:26 ip-172-31-69-21 dhclient[981]: DHCPACK of 172.31.69.21 from 172.31.69.1
Feb 22 07:51:26 ip-172-31-69-21 dhclient[981]: bound to 172.31.69.21 -- renewal in 1442 seconds.
Feb 22 08:15:28 ip-172-31-69-21 dhclient[981]: DHCPREQUEST of 172.31.69.21 on eth0 to 172.31.69.1 port 67 (xid=0x7f7e2a2d)
Feb 22 08:15:29 ip-172-31-69-21 dhclient[981]: DHCPACK of 172.31.69.21 from 172.31.69.1
Feb 22 08:15:29 ip-172-31-69-21 dhclient[981]: bound to 172.31.69.21 -- renewal in 1770 seconds.
Feb 22 08:17:01 ip-172-31-69-21 CRON[3226]: (root) CMD (   cd / && run-parts --report /etc/cron.hourly)
Feb 22 08:22:18 ip-172-31-69-21 systemd[1]: Received SIGINT.
Feb 22 08:22:18 ip-172-31-69-21 systemd[1]: Stopping User Manager for UID 1000...
Feb 22 08:22:18 ip-172-31-69-21 systemd[1296]: Stopped target Default.
Feb 22 08:22:18 ip-172-31-69-21 systemd[1296]: Stopped target Basic System.
Feb 22 08:22:18 ip-172-31-69-21 systemd[1296]: Stopped target Timers.
Feb 22 08:22:18 ip-172-31-69-21 systemd[1296]: Stopped target Sockets.
Feb 22 08:22:18 ip-172-31-69-21 systemd[1296]: Stopped target Paths.
Feb 22 08:22:18 ip-172-31-69-21 systemd[1296]: Reached target Shutdown.
Feb 22 08:22:18 ip-172-31-69-21 systemd[1296]: Starting Exit the Session...
Feb 22 08:22:18 ip-172-31-69-21 systemd[1296]: Received SIGRTMIN+24 from PID 3229 (kill).
Feb 22 08:22:18 ip-172-31-69-21 systemd[1]: Stopped target Graphical Interface.
Feb 22 08:22:18 ip-172-31-69-21 systemd[1]: Stopping Session 1 of user ubuntu.
Feb 22 08:22:18 ip-172-31-69-21 kernel: [85976.063695] device eth0 left promiscuous mode
Feb 22 08:22:18 ip-172-31-69-21 systemd[1]: Stopped target Cloud-init target.
Feb 22 08:22:18 ip-172-31-69-21 systemd[1]: Stopped Execute cloud user/final scripts.
Feb 22 08:22:18 ip-172-31-69-21 systemd[1]: Stopped target Multi-User System.
Feb 22 08:22:18 ip-172-31-69-21 rsyslogd: [origin software="rsyslogd" swVersion="8.16.0" x-pid="1135" x-info="http://www.rsyslog.com"] exiting on signal 15.
Feb 22 08:22:51 ip-172-31-69-21 rsyslogd: [origin software="rsyslogd" swVersion="8.16.0" x-pid="1089" x-info="http://www.rsyslog.com"] start
Feb 22 08:22:51 ip-172-31-69-21 rsyslogd-2222: command 'KLogPermitNonKernelFacility' is currently not permitted - did you already set it via a RainerScript command (v6+ config)? [v8.16.0 try http://www.rsyslog.com/e/2222 ]
Feb 22 08:22:51 ip-172-31-69-21 rsyslogd: rsyslogd's groupid changed to 108
Feb 22 08:22:51 ip-172-31-69-21 rsyslogd: rsyslogd's userid changed to 104
Feb 22 08:22:51 ip-172-31-69-21 rsyslogd-2039: Could not open output pipe '/dev/xconsole':: No such file or directory [v8.16.0 try http://www.rsyslog.com/e/2039 ]
Feb 22 08:22:51 ip-172-31-69-21 rsyslogd-2007: action 'action 11' suspended, next retry is Thu Feb 22 08:23:21 2018 [v8.16.0 try http://www.rsyslog.com/e/2007 ]
Feb 22 08:22:51 ip-172-31-69-21 kernel: [    0.000000] Initializing cgroup subsys cpuset
Feb 22 08:22:51 ip-172-31-69-21 kernel: [    0.000000] Initializing cgroup subsys cpu
Feb 22 08:22:51 ip-172-31-69-21 kernel: [    0.000000] Initializing cgroup subsys cpuacct
Feb 22 08:22:51 ip-172-31-69-21 kernel: [    0.000000] Linux version 4.4.0-1049-aws (buildd@lcy01-amd64-001) (gcc version 5.4.0 20160609 (Ubuntu 5.4.0-6ubuntu1~16.04.5) ) #58-Ubuntu SMP Fri Jan 12 23:17:09 UTC 2018 (Ubuntu 4.4.0-1049.58-aws 4.4.98)
Feb 22 08:22:51 ip-172-31-69-21 kernel: [    0.000000] Command line: BOOT_IMAGE=/boot/vmlinuz-4.4.0-1049-aws root=UUID=ccee1a8d-0785-4b3a-a578-812d59f5d3e1 ro console=tty1 console=ttyS0 nvme.io_timeout=4294967295
Feb 22 08:22:51 ip-172-31-69-21 kernel: [    0.000000] KERNEL supported cpus:
Feb 22 08:22:51 ip-172-31-69-21 kernel: [    0.000000]   Intel GenuineIntel
Feb 22 08:22:51 ip-172-31-69-21 kernel: [    0.000000]   AMD AuthenticAMD
Feb 22 08:22:51 ip-172-31-69-21 kernel: [    0.000000]   Centaur CentaurHauls
Feb 22 08:22:51 ip-172-31-69-21 kernel: [    0.000000] x86/fpu: xstate_offset[2]:  576, xstate_sizes[2]:  256
Feb 22 08:22:51 ip-172-31-69-21 kernel: [    0.000000] x86/fpu: Supporting XSAVE feature 0x01: 'x87 floating point registers'
Feb 22 08:22:51 ip-172-31-69-21 kernel: [    0.000000] x86/fpu: Supporting XSAVE feature 0x02: 'SSE registers'
Feb 22 08:22:51 ip-172-31-69-21 kernel: [    0.000000] x86/fpu: Supporting XSAVE feature 0x04: 'AVX registers'
Feb 22 08:22:51 ip-172-31-69-21 kernel: [    0.000000] x86/fpu: Enabled xstate features 0x7, context size is 832 bytes, using 'standard' format.
Feb 22 08:22:51 ip-172-31-69-21 kernel: [    0.000000] x86/fpu: Using 'eager' FPU context switches.
Feb 22 08:22:51 ip-172-31-69-21 kernel: [    0.000000] e820: BIOS-provided physical RAM map:
Feb 22 08:22:51 ip-172-31-69-21 kernel: [    0.000000] BIOS-e820: [mem 0x0000000000000000-0x000000000009dfff] usable
Feb 22 08:22:51 ip-172-31-69-21 kernel: [    0.000000] BIOS-e820: [mem 0x000000000009e000-0x000000000009ffff] reserved
Feb 22 08:22:51 ip-172-31-69-21 kernel: [    0.000000] BIOS-e820: [mem 0x00000000000e0000-0x00000000000fffff] reserved
Feb 22 08:22:51 ip-172-31-69-21 kernel: [    0.000000] BIOS-e820: [mem 0x0000000000100000-0x000000003fffffff] usable
Feb 22 08:22:51 ip-172-31-69-21 kernel: [    0.000000] BIOS-e820: [mem 0x00000000fc000000-0x00000000ffffffff] reserved
Feb 22 08:22:51 ip-172-31-69-21 kernel: [    0.000000] NX (Execute Disable) protection: active
Feb 22 08:22:51 ip-172-31-69-21 kernel: [    0.000000] SMBIOS 2.7 present.
Feb 22 08:22:51 ip-172-31-69-21 kernel: [    0.000000] DMI: Xen HVM domU, BIOS 4.2.amazon 08/24/2006
Feb 22 08:22:51 ip-172-31-69-21 kernel: [    0.000000] Hypervisor detected: Xen
Feb 22 08:22:51 ip-172-31-69-21 kernel: [    0.000000] Xen version 4.2.
Feb 22 08:22:51 ip-172-31-69-21 kernel: [    0.000000] Xen Platform PCI: I/O protocol version 1
Feb 22 08:22:51 ip-172-31-69-21 kernel: [    0.000000] Netfront and the Xen platform PCI driver have been compiled for this kernel: unplug emulated NICs.
Feb 22 08:22:51 ip-172-31-69-21 kernel: [    0.000000] Blkfront and the Xen platform PCI driver have been compiled for this kernel: unplug emulated disks.
Feb 22 08:22:51 ip-172-31-69-21 kernel: [    0.000000] You might have to change the root device
Feb 22 08:22:51 ip-172-31-69-21 kernel: [    0.000000] from /dev/hd[a-d] to /dev/xvd[a-d]
Feb 22 08:22:51 ip-172-31-69-21 kernel: [    0.000000] in your root= kernel command line option
Feb 22 08:22:51 ip-172-31-69-21 kernel: [    0.000000] HVMOP_pagetable_dying not supported
Feb 22 08:22:51 ip-172-31-69-21 kernel: [    0.000000] e820: update [mem 0x00000000-0x00000fff] usable ==> reserved
Feb 22 08:22:51 ip-172-31-69-21 kernel: [    0.000000] e820: remove [mem 0x000a0000-0x000fffff] usable
Feb 22 08:22:51 ip-172-31-69-21 kernel: [    0.000000] e820: last_pfn = 0x40000 max_arch_pfn = 0x400000000
Feb 22 08:22:51 ip-172-31-69-21 kernel: [    0.000000] MTRR default type: write-back
Feb 22 08:22:51 ip-172-31-69-21 kernel: [    0.000000] MTRR fixed ranges enabled:
Feb 22 08:22:51 ip-172-31-69-21 kernel: [    0.000000]   00000-9FFFF write-back
Feb 22 08:22:51 ip-172-31-69-21 kernel: [    0.000000]   A0000-BFFFF write-combining
Feb 22 08:22:51 ip-172-31-69-21 kernel: [    0.000000]   C0000-FFFFF write-back
Feb 22 08:22:51 ip-172-31-69-21 kernel: [    0.000000] MTRR variable ranges enabled:
Feb 22 08:22:51 ip-172-31-69-21 kernel: [    0.000000]   0 base 0000F0000000 mask 3FFFF8000000 uncachable
Feb 22 08:22:51 ip-172-31-69-21 kernel: [    0.000000]   1 base 0000F8000000 mask 3FFFFC000000 uncachable
Feb 22 08:22:51 ip-172-31-69-21 kernel: [    0.000000]   2 disabled
Feb 22 08:22:51 ip-172-31-69-21 kernel: [    0.000000]   3 disabled
Feb 22 08:22:51 ip-172-31-69-21 kernel: [    0.000000]   4 disabled
Feb 22 08:22:51 ip-172-31-69-21 kernel: [    0.000000]   5 disabled
Feb 22 08:22:51 ip-172-31-69-21 kernel: [    0.000000]   6 disabled
Feb 22 08:22:51 ip-172-31-69-21 kernel: [    0.000000]   7 disabled
Feb 22 08:22:51 ip-172-31-69-21 kernel: [    0.000000] x86/PAT: Configuration [0-7]: WB  WC  UC- UC  WB  WC  UC- WT  
Feb 22 08:22:51 ip-172-31-69-21 kernel: [    0.000000] found SMP MP-table at [mem 0x000fbc20-0x000fbc2f] mapped at [ffff8800000fbc20]
Feb 22 08:22:51 ip-172-31-69-21 kernel: [    0.000000] Scanning 1 areas for low memory corruption
Feb 22 08:22:51 ip-172-31-69-21 kernel: [    0.000000] Base memory trampoline at [ffff880000098000] 98000 size 24576
Feb 22 08:22:51 ip-172-31-69-21 kernel: [    0.000000] BRK [0x02201000, 0x02201fff] PGTABLE
Feb 22 08:22:51 ip-172-31-69-21 kernel: [    0.000000] BRK [0x02202000, 0x02202fff] PGTABLE
Feb 22 08:22:51 ip-172-31-69-21 kernel: [    0.000000] BRK [0x02203000, 0x02203fff] PGTABLE
Feb 22 08:22:51 ip-172-31-69-21 kernel: [    0.000000] RAMDISK: [mem 0x367e6000-0x373eafff]
Feb 22 08:22:51 ip-172-31-69-21 kernel: [    0.000000] ACPI: Early table checksum verification disabled
Feb 22 08:22:51 ip-172-31-69-21 kernel: [    0.000000] ACPI: RSDP 0x00000000000EA020 000024 (v02 Xen   )
Feb 22 08:22:51 ip-172-31-69-21 kernel: [    0.000000] ACPI: XSDT 0x00000000FC00DDC0 000054 (v01 Xen    HVM      00000000 HVML 00000000)
Feb 22 08:22:51 ip-172-31-69-21 kernel: [    0.000000] ACPI: FACP 0x00000000FC00DA80 0000F4 (v04 Xen    HVM      00000000 HVML 00000000)
Feb 22 08:22:51 ip-172-31-69-21 kernel: [    0.000000] ACPI: DSDT 0x00000000FC001CE0 00BD19 (v02 Xen    HVM      00000000 INTL 20090123)
Feb 22 08:22:51 ip-172-31-69-21 kernel: [    0.000000] ACPI: FACS 0x00000000FC001CA0 000040
Feb 22 08:22:51 ip-172-31-69-21 kernel: [    0.000000] ACPI: FACS 0x00000000FC001CA0 000040
Feb 22 08:22:51 ip-172-31-69-21 kernel: [    0.000000] ACPI: APIC 0x00000000FC00DB80 0000D8 (v02 Xen    HVM      00000000 HVML 00000000)
Feb 22 08:22:51 ip-172-31-69-21 kernel: [    0.000000] ACPI: HPET 0x00000000FC00DCD0 000038 (v01 Xen    HVM      00000000 HVML 00000000)
Feb 22 08:22:51 ip-172-31-69-21 kernel: [    0.000000] ACPI: WAET 0x00000000FC00DD10 000028 (v01 Xen    HVM      00000000 HVML 00000000)
Feb 22 08:22:51 ip-172-31-69-21 kernel: [    0.000000] ACPI: SSDT 0x00000000FC00DD40 000031 (v02 Xen    HVM      00000000 INTL 20090123)
Feb 22 08:22:51 ip-172-31-69-21 kernel: [    0.000000] ACPI: SSDT 0x00000000FC00DD80 000031 (v02 Xen    HVM      00000000 INTL 20090123)
Feb 22 08:22:51 ip-172-31-69-21 kernel: [    0.000000] ACPI: Local APIC address 0xfee00000
Feb 22 08:22:51 ip-172-31-69-21 kernel: [    0.000000] No NUMA configuration found
Feb 22 08:22:51 ip-172-31-69-21 kernel: [    0.000000] Faking a node at [mem 0x0000000000000000-0x000000003fffffff]
Feb 22 08:22:51 ip-172-31-69-21 kernel: [    0.000000] NODE_DATA(0) allocated [mem 0x3fffb000-0x3fffffff]
Feb 22 08:22:51 ip-172-31-69-21 kernel: [    0.000000] Zone ranges:
Feb 22 08:22:51 ip-172-31-69-21 kernel: [    0.000000]   DMA      [mem 0x0000000000001000-0x0000000000ffffff]
Feb 22 08:22:51 ip-172-31-69-21 kernel: [    0.000000]   DMA32    [mem 0x0000000001000000-0x000000003fffffff]
Feb 22 08:22:51 ip-172-31-69-21 kernel: [    0.000000]   Normal   empty
Feb 22 08:22:51 ip-172-31-69-21 kernel: [    0.000000]   Device   empty
Feb 22 08:22:51 ip-172-31-69-21 kernel: [    0.000000] Movable zone start for each node
Feb 22 08:22:51 ip-172-31-69-21 kernel: [    0.000000] Early memory node ranges
Feb 22 08:22:51 ip-172-31-69-21 kernel: [    0.000000]   node   0: [mem 0x0000000000001000-0x000000000009dfff]
Feb 22 08:22:51 ip-172-31-69-21 kernel: [    0.000000]   node   0: [mem 0x0000000000100000-0x000000003fffffff]
Feb 22 08:22:51 ip-172-31-69-21 kernel: [    0.000000] Initmem setup node 0 [mem 0x0000000000001000-0x000000003fffffff]
Feb 22 08:22:51 ip-172-31-69-21 kernel: [    0.000000] On node 0 totalpages: 262045
Feb 22 08:22:51 ip-172-31-69-21 kernel: [    0.000000]   DMA zone: 64 pages used for memmap
Feb 22 08:22:51 ip-172-31-69-21 kernel: [    0.000000]   DMA zone: 21 pages reserved
Feb 22 08:22:51 ip-172-31-69-21 kernel: [    0.000000]   DMA zone: 3997 pages, LIFO batch:0
Feb 22 08:22:51 ip-172-31-69-21 kernel: [    0.000000]   DMA32 zone: 4032 pages used for memmap
Feb 22 08:22:51 ip-172-31-69-21 kernel: [    0.000000]   DMA32 zone: 258048 pages, LIFO batch:31
Feb 22 08:22:51 ip-172-31-69-21 kernel: [    0.000000] ACPI: PM-Timer IO Port: 0xb008
Feb 22 08:22:51 ip-172-31-69-21 kernel: [    0.000000] ACPI: Local APIC address 0xfee00000
Feb 22 08:22:51 ip-172-31-69-21 kernel: [    0.000000] IOAPIC[0]: apic_id 1, version 17, address 0xfec00000, GSI 0-47
Feb 22 08:22:51 ip-172-31-69-21 kernel: [    0.000000] ACPI: INT_SRC_OVR (bus 0 bus_irq 0 global_irq 2 dfl dfl)
Feb 22 08:22:51 ip-172-31-69-21 kernel: [    0.000000] ACPI: INT_SRC_OVR (bus 0 bus_irq 5 global_irq 5 low level)
Feb 22 08:22:51 ip-172-31-69-21 kernel: [    0.000000] ACPI: INT_SRC_OVR (bus 0 bus_irq 10 global_irq 10 low level)
Feb 22 08:22:51 ip-172-31-69-21 kernel: [    0.000000] ACPI: INT_SRC_OVR (bus 0 bus_irq 11 global_irq 11 low level)
Feb 22 08:22:51 ip-172-31-69-21 kernel: [    0.000000] ACPI: IRQ0 used by override.
Feb 22 08:22:51 ip-172-31-69-21 kernel: [    0.000000] ACPI: IRQ5 used by override.
Feb 22 08:22:51 ip-172-31-69-21 kernel: [    0.000000] ACPI: IRQ9 used by override.
Feb 22 08:22:51 ip-172-31-69-21 kernel: [    0.000000] ACPI: IRQ10 used by override.
Feb 22 08:22:51 ip-172-31-69-21 kernel: [    0.000000] ACPI: IRQ11 used by override.
Feb 22 08:22:51 ip-172-31-69-21 kernel: [    0.000000] Using ACPI (MADT) for SMP configuration information
Feb 22 08:22:51 ip-172-31-69-21 kernel: [    0.000000] ACPI: HPET id: 0x8086a201 base: 0xfed00000
Feb 22 08:22:51 ip-172-31-69-21 kernel: [    0.000000] smpboot: Allowing 15 CPUs, 14 hotplug CPUs
Feb 22 08:22:51 ip-172-31-69-21 kernel: [    0.000000] PM: Registered nosave memory: [mem 0x00000000-0x00000fff]
Feb 22 08:22:51 ip-172-31-69-21 kernel: [    0.000000] PM: Registered nosave memory: [mem 0x0009e000-0x0009ffff]
Feb 22 08:22:51 ip-172-31-69-21 kernel: [    0.000000] PM: Registered nosave memory: [mem 0x000a0000-0x000dffff]
Feb 22 08:22:51 ip-172-31-69-21 kernel: [    0.000000] PM: Registered nosave memory: [mem 0x000e0000-0x000fffff]
Feb 22 08:22:51 ip-172-31-69-21 kernel: [    0.000000] e820: [mem 0x40000000-0xfbffffff] available for PCI devices
Feb 22 08:22:51 ip-172-31-69-21 kernel: [    0.000000] Booting paravirtualized kernel on Xen HVM
Feb 22 08:22:51 ip-172-31-69-21 kernel: [    0.000000] clocksource: refined-jiffies: mask: 0xffffffff max_cycles: 0xffffffff, max_idle_ns: 7645519600211568 ns
Feb 22 08:22:51 ip-172-31-69-21 kernel: [    0.000000] setup_percpu: NR_CPUS:256 nr_cpumask_bits:256 nr_cpu_ids:15 nr_node_ids:1
Feb 22 08:22:51 ip-172-31-69-21 kernel: [    0.000000] PERCPU: Embedded 34 pages/cpu @ffff88003e200000 s99160 r8192 d31912 u262144
Feb 22 08:22:51 ip-172-31-69-21 kernel: [    0.000000] pcpu-alloc: s99160 r8192 d31912 u262144 alloc=1*2097152
Feb 22 08:22:51 ip-172-31-69-21 kernel: [    0.000000] pcpu-alloc: [0] 00 01 02 03 04 05 06 07 [0] 08 09 10 11 12 13 14 -- 
Feb 22 08:22:51 ip-172-31-69-21 kernel: [    0.000000] xen: PV spinlocks enabled
Feb 22 08:22:51 ip-172-31-69-21 kernel: [    0.000000] PV qspinlock hash table entries: 256 (order: 0, 4096 bytes)
Feb 22 08:22:51 ip-172-31-69-21 kernel: [    0.000000] Built 1 zonelists in Node order, mobility grouping on.  Total pages: 257928
Feb 22 08:22:51 ip-172-31-69-21 kernel: [    0.000000] Policy zone: DMA32
Feb 22 08:22:51 ip-172-31-69-21 kernel: [    0.000000] Kernel command line: BOOT_IMAGE=/boot/vmlinuz-4.4.0-1049-aws root=UUID=ccee1a8d-0785-4b3a-a578-812d59f5d3e1 ro console=tty1 console=ttyS0 nvme.io_timeout=4294967295
Feb 22 08:22:51 ip-172-31-69-21 kernel: [    0.000000] PID hash table entries: 4096 (order: 3, 32768 bytes)
Feb 22 08:22:51 ip-172-31-69-21 kernel: [    0.000000] Calgary: detecting Calgary via BIOS EBDA area
Feb 22 08:22:51 ip-172-31-69-21 kernel: [    0.000000] Calgary: Unable to locate Rio Grande table in EBDA - bailing!
Feb 22 08:22:51 ip-172-31-69-21 kernel: [    0.000000] Memory: 998628K/1048180K available (8320K kernel code, 1276K rwdata, 3872K rodata, 1484K init, 1288K bss, 49552K reserved, 0K cma-reserved)
Feb 22 08:22:51 ip-172-31-69-21 kernel: [    0.000000] SLUB: HWalign=64, Order=0-3, MinObjects=0, CPUs=15, Nodes=1
Feb 22 08:22:51 ip-172-31-69-21 kernel: [    0.000000] Kernel/User page tables isolation: enabled
Feb 22 08:22:51 ip-172-31-69-21 kernel: [    0.000000] Hierarchical RCU implementation.
Feb 22 08:22:51 ip-172-31-69-21 kernel: [    0.000000] 	Build-time adjustment of leaf fanout to 64.
Feb 22 08:22:51 ip-172-31-69-21 kernel: [    0.000000] 	RCU restricting CPUs from NR_CPUS=256 to nr_cpu_ids=15.
Feb 22 08:22:51 ip-172-31-69-21 kernel: [    0.000000] RCU: Adjusting geometry for rcu_fanout_leaf=64, nr_cpu_ids=15
Feb 22 08:22:51 ip-172-31-69-21 kernel: [    0.000000] NR_IRQS:16640 nr_irqs:952 16
Feb 22 08:22:51 ip-172-31-69-21 kernel: [    0.000000] xen:events: Using 2-level ABI
Feb 22 08:22:51 ip-172-31-69-21 kernel: [    0.000000] xen:events: Xen HVM callback vector for event delivery is enabled
Feb 22 08:22:51 ip-172-31-69-21 kernel: [    0.000000] Console: colour VGA+ 80x25
Feb 22 08:22:51 ip-172-31-69-21 kernel: [    0.000000] console [tty1] enabled
Feb 22 08:22:51 ip-172-31-69-21 kernel: [    0.000000] Cannot get hvm parameter CONSOLE_EVTCHN (18): -22!
Feb 22 08:22:51 ip-172-31-69-21 kernel: [    0.000000] console [ttyS0] enabled
Feb 22 08:22:51 ip-172-31-69-21 kernel: [    0.000000] clocksource: hpet: mask: 0xffffffff max_cycles: 0xffffffff, max_idle_ns: 30580167144 ns
Feb 22 08:22:51 ip-172-31-69-21 kernel: [    0.000000] hpet clockevent registered
Feb 22 08:22:51 ip-172-31-69-21 kernel: [    0.000000] tsc: Detected 2400.050 MHz processor
Feb 22 08:22:51 ip-172-31-69-21 kernel: [    0.008000] Calibrating delay loop (skipped), value calculated using timer frequency.. 4800.10 BogoMIPS (lpj=9600200)
Feb 22 08:22:51 ip-172-31-69-21 kernel: [    0.012004] pid_max: default: 32768 minimum: 301
Feb 22 08:22:51 ip-172-31-69-21 kernel: [    0.016015] ACPI: Core revision 20150930
Feb 22 08:22:51 ip-172-31-69-21 kernel: [    0.024910] ACPI: 3 ACPI AML tables successfully acquired and loaded
Feb 22 08:22:51 ip-172-31-69-21 kernel: [    0.028826] Security Framework initialized
Feb 22 08:22:51 ip-172-31-69-21 kernel: [    0.032004] Yama: becoming mindful.
Feb 22 08:22:51 ip-172-31-69-21 kernel: [    0.034378] AppArmor: AppArmor initialized
Feb 22 08:22:51 ip-172-31-69-21 kernel: [    0.036096] Dentry cache hash table entries: 131072 (order: 8, 1048576 bytes)
Feb 22 08:22:51 ip-172-31-69-21 kernel: [    0.040187] Inode-cache hash table entries: 65536 (order: 7, 524288 bytes)
Feb 22 08:22:51 ip-172-31-69-21 kernel: [    0.044087] Mount-cache hash table entries: 2048 (order: 2, 16384 bytes)
Feb 22 08:22:51 ip-172-31-69-21 kernel: [    0.048008] Mountpoint-cache hash table entries: 2048 (order: 2, 16384 bytes)
Feb 22 08:22:51 ip-172-31-69-21 kernel: [    0.052195] Initializing cgroup subsys io
Feb 22 08:22:51 ip-172-31-69-21 kernel: [    0.056008] Initializing cgroup subsys memory
Feb 22 08:22:51 ip-172-31-69-21 kernel: [    0.060012] Initializing cgroup subsys devices
Feb 22 08:22:51 ip-172-31-69-21 kernel: [    0.064007] Initializing cgroup subsys freezer
Feb 22 08:22:51 ip-172-31-69-21 kernel: [    0.067022] Initializing cgroup subsys net_cls
Feb 22 08:22:51 ip-172-31-69-21 kernel: [    0.068006] Initializing cgroup subsys perf_event
Feb 22 08:22:51 ip-172-31-69-21 kernel: [    0.072010] Initializing cgroup subsys net_prio
Feb 22 08:22:51 ip-172-31-69-21 kernel: [    0.076012] Initializing cgroup subsys hugetlb
Feb 22 08:22:51 ip-172-31-69-21 kernel: [    0.080005] Initializing cgroup subsys pids
Feb 22 08:22:51 ip-172-31-69-21 kernel: [    0.082811] CPU: Physical Processor ID: 0
Feb 22 08:22:51 ip-172-31-69-21 kernel: [    0.084012] FEATURE SPEC_CTRL Not Present
Feb 22 08:22:51 ip-172-31-69-21 kernel: [    0.088775] mce: CPU supports 2 MCE banks
Feb 22 08:22:51 ip-172-31-69-21 kernel: [    0.092032] Last level iTLB entries: 4KB 1024, 2MB 1024, 4MB 1024
Feb 22 08:22:51 ip-172-31-69-21 kernel: [    0.095780] Last level dTLB entries: 4KB 1024, 2MB 1024, 4MB 1024, 1GB 4
Feb 22 08:22:51 ip-172-31-69-21 kernel: [    0.118098] ftrace: allocating 31285 entries in 123 pages
Feb 22 08:22:51 ip-172-31-69-21 kernel: [    0.148098] smpboot: APIC(0) Converting physical 0 to logical package 0
Feb 22 08:22:51 ip-172-31-69-21 kernel: [    0.152005] smpboot: Max logical packages: 15
Feb 22 08:22:51 ip-172-31-69-21 kernel: [    0.156604] x2apic: IRQ remapping doesn't support X2APIC mode
Feb 22 08:22:51 ip-172-31-69-21 kernel: [    0.160005] Switched APIC routing to physical flat.
Feb 22 08:22:51 ip-172-31-69-21 kernel: [    0.166079] ..TIMER: vector=0x30 apic1=0 pin1=2 apic2=0 pin2=0
Feb 22 08:22:51 ip-172-31-69-21 kernel: [    0.172003] clocksource: xen: mask: 0xffffffffffffffff max_cycles: 0x1cd42e4dffb, max_idle_ns: 881590591483 ns
Feb 22 08:22:51 ip-172-31-69-21 kernel: [    0.176011] Xen: using vcpuop timer interface
Feb 22 08:22:51 ip-172-31-69-21 kernel: [    0.176018] installing Xen timer for CPU 0
Feb 22 08:22:51 ip-172-31-69-21 kernel: [    0.180067] smpboot: CPU0: Intel(R) Xeon(R) CPU E5-2676 v3 @ 2.40GHz (family: 0x6, model: 0x3f, stepping: 0x2)
Feb 22 08:22:51 ip-172-31-69-21 kernel: [    0.187580] cpu 0 spinlock event irq 53
Feb 22 08:22:51 ip-172-31-69-21 kernel: [    0.188017] Performance Events: unsupported p6 CPU model 63 no PMU driver, software events only.
Feb 22 08:22:51 ip-172-31-69-21 kernel: [    0.192791] x86: Booted up 1 node, 1 CPUs
Feb 22 08:22:51 ip-172-31-69-21 kernel: [    0.195715] smpboot: Total of 1 processors activated (4800.10 BogoMIPS)
Feb 22 08:22:51 ip-172-31-69-21 kernel: [    0.196012] NMI watchdog: disabled (cpu0): hardware events not enabled
Feb 22 08:22:51 ip-172-31-69-21 kernel: [    0.200006] NMI watchdog: Shutting down hard lockup detector on all cpus
Feb 22 08:22:51 ip-172-31-69-21 kernel: [    0.204364] devtmpfs: initialized
Feb 22 08:22:51 ip-172-31-69-21 kernel: [    0.208227] evm: security.selinux
Feb 22 08:22:51 ip-172-31-69-21 kernel: [    0.210667] evm: security.SMACK64
Feb 22 08:22:51 ip-172-31-69-21 kernel: [    0.212007] evm: security.SMACK64EXEC
Feb 22 08:22:51 ip-172-31-69-21 kernel: [    0.214622] evm: security.SMACK64TRANSMUTE
Feb 22 08:22:51 ip-172-31-69-21 kernel: [    0.216005] evm: security.SMACK64MMAP
Feb 22 08:22:51 ip-172-31-69-21 kernel: [    0.220005] evm: security.ima
Feb 22 08:22:51 ip-172-31-69-21 kernel: [    0.224006] evm: security.capability
Feb 22 08:22:51 ip-172-31-69-21 kernel: [    0.228000] clocksource: jiffies: mask: 0xffffffff max_cycles: 0xffffffff, max_idle_ns: 7645041785100000 ns
Feb 22 08:22:51 ip-172-31-69-21 kernel: [    0.228035] futex hash table entries: 4096 (order: 6, 262144 bytes)
Feb 22 08:22:51 ip-172-31-69-21 kernel: [    0.232079] RTC time: 12:22:43, date: 02/22/18
Feb 22 08:22:51 ip-172-31-69-21 kernel: [    0.235299] NET: Registered protocol family 16
Feb 22 08:22:51 ip-172-31-69-21 kernel: [    0.236150] cpuidle: using governor ladder
Feb 22 08:22:51 ip-172-31-69-21 kernel: [    0.239089] cpuidle: using governor menu
Feb 22 08:22:51 ip-172-31-69-21 kernel: [    0.240012] PCCT header not found.
Feb 22 08:22:51 ip-172-31-69-21 kernel: [    0.244091] ACPI: bus type PCI registered
Feb 22 08:22:51 ip-172-31-69-21 kernel: [    0.246948] acpiphp: ACPI Hot Plug PCI Controller Driver version: 0.5
Feb 22 08:22:51 ip-172-31-69-21 kernel: [    0.248311] PCI: Using configuration type 1 for base access
Feb 22 08:22:51 ip-172-31-69-21 kernel: [    0.253051] ACPI: Added _OSI(Module Device)
Feb 22 08:22:51 ip-172-31-69-21 kernel: [    0.256006] ACPI: Added _OSI(Processor Device)
Feb 22 08:22:51 ip-172-31-69-21 kernel: [    0.259099] ACPI: Added _OSI(3.0 _SCP Extensions)
Feb 22 08:22:51 ip-172-31-69-21 kernel: [    0.260006] ACPI: Added _OSI(Processor Aggregator Device)
Feb 22 08:22:51 ip-172-31-69-21 kernel: [    0.264989] xen: --> pirq=16 -> irq=9 (gsi=9)
Feb 22 08:22:51 ip-172-31-69-21 kernel: [    0.267656] ACPI: Interpreter enabled
Feb 22 08:22:51 ip-172-31-69-21 kernel: [    0.268014] ACPI: (supports S0 S4 S5)
Feb 22 08:22:51 ip-172-31-69-21 kernel: [    0.270706] ACPI: Using IOAPIC for interrupt routing
Feb 22 08:22:51 ip-172-31-69-21 kernel: [    0.272042] PCI: Using host bridge windows from ACPI; if necessary, use "pci=nocrs" and report a bug
Feb 22 08:22:51 ip-172-31-69-21 kernel: [    0.318638] ACPI: PCI Root Bridge [PCI0] (domain 0000 [bus 00-ff])
Feb 22 08:22:51 ip-172-31-69-21 kernel: [    0.320013] acpi PNP0A03:00: _OSC: OS supports [ASPM ClockPM Segments MSI]
Feb 22 08:22:51 ip-172-31-69-21 kernel: [    0.324015] acpi PNP0A03:00: _OSC failed (AE_NOT_FOUND); disabling ASPM
Feb 22 08:22:51 ip-172-31-69-21 kernel: [    0.328018] acpi PNP0A03:00: fail to add MMCONFIG information, can't access extended PCI configuration space under this bridge.
Feb 22 08:22:51 ip-172-31-69-21 kernel: [    0.332935] acpiphp: Slot [0] registered
Feb 22 08:22:51 ip-172-31-69-21 kernel: [    0.336573] acpiphp: Slot [3] registered
Feb 22 08:22:51 ip-172-31-69-21 kernel: [    0.339489] acpiphp: Slot [4] registered
Feb 22 08:22:51 ip-172-31-69-21 kernel: [    0.340304] acpiphp: Slot [5] registered
Feb 22 08:22:51 ip-172-31-69-21 kernel: [    0.343469] acpiphp: Slot [6] registered
Feb 22 08:22:51 ip-172-31-69-21 kernel: [    0.344313] acpiphp: Slot [7] registered
Feb 22 08:22:51 ip-172-31-69-21 kernel: [    0.347476] acpiphp: Slot [8] registered
Feb 22 08:22:51 ip-172-31-69-21 kernel: [    0.348284] acpiphp: Slot [9] registered
Feb 22 08:22:51 ip-172-31-69-21 kernel: [    0.351276] acpiphp: Slot [10] registered
Feb 22 08:22:51 ip-172-31-69-21 kernel: [    0.352282] acpiphp: Slot [11] registered
Feb 22 08:22:51 ip-172-31-69-21 kernel: [    0.355559] acpiphp: Slot [12] registered
Feb 22 08:22:51 ip-172-31-69-21 kernel: [    0.356286] acpiphp: Slot [13] registered
Feb 22 08:22:51 ip-172-31-69-21 kernel: [    0.359223] acpiphp: Slot [14] registered
Feb 22 08:22:51 ip-172-31-69-21 kernel: [    0.360292] acpiphp: Slot [15] registered
Feb 22 08:22:51 ip-172-31-69-21 kernel: [    0.363466] acpiphp: Slot [16] registered
Feb 22 08:22:51 ip-172-31-69-21 kernel: [    0.364329] acpiphp: Slot [17] registered
Feb 22 08:22:51 ip-172-31-69-21 kernel: [    0.367690] acpiphp: Slot [18] registered
Feb 22 08:22:51 ip-172-31-69-21 kernel: [    0.368314] acpiphp: Slot [19] registered
Feb 22 08:22:51 ip-172-31-69-21 kernel: [    0.371510] acpiphp: Slot [20] registered
Feb 22 08:22:51 ip-172-31-69-21 kernel: [    0.372288] acpiphp: Slot [21] registered
Feb 22 08:22:51 ip-172-31-69-21 kernel: [    0.375409] acpiphp: Slot [22] registered
Feb 22 08:22:51 ip-172-31-69-21 kernel: [    0.376302] acpiphp: Slot [23] registered
Feb 22 08:22:51 ip-172-31-69-21 kernel: [    0.379516] acpiphp: Slot [24] registered
Feb 22 08:22:51 ip-172-31-69-21 kernel: [    0.380346] acpiphp: Slot [25] registered
Feb 22 08:22:51 ip-172-31-69-21 kernel: [    0.383542] acpiphp: Slot [26] registered
Feb 22 08:22:51 ip-172-31-69-21 kernel: [    0.384300] acpiphp: Slot [27] registered
Feb 22 08:22:51 ip-172-31-69-21 kernel: [    0.387451] acpiphp: Slot [28] registered
Feb 22 08:22:51 ip-172-31-69-21 kernel: [    0.388309] acpiphp: Slot [29] registered
Feb 22 08:22:51 ip-172-31-69-21 kernel: [    0.391473] acpiphp: Slot [30] registered
Feb 22 08:22:51 ip-172-31-69-21 kernel: [    0.392323] acpiphp: Slot [31] registered
Feb 22 08:22:51 ip-172-31-69-21 kernel: [    0.395581] PCI host bridge to bus 0000:00
Feb 22 08:22:51 ip-172-31-69-21 kernel: [    0.396008] pci_bus 0000:00: root bus resource [io  0x0000-0x0cf7 window]
Feb 22 08:22:51 ip-172-31-69-21 kernel: [    0.399975] pci_bus 0000:00: root bus resource [io  0x0d00-0xffff window]
Feb 22 08:22:51 ip-172-31-69-21 kernel: [    0.400007] pci_bus 0000:00: root bus resource [mem 0x000a0000-0x000bffff window]
Feb 22 08:22:51 ip-172-31-69-21 kernel: [    0.404008] pci_bus 0000:00: root bus resource [mem 0xf0000000-0xfbffffff window]
Feb 22 08:22:51 ip-172-31-69-21 kernel: [    0.408006] pci_bus 0000:00: root bus resource [bus 00-ff]
Feb 22 08:22:51 ip-172-31-69-21 kernel: [    0.412205] pci 0000:00:00.0: [8086:1237] type 00 class 0x060000
Feb 22 08:22:51 ip-172-31-69-21 kernel: [    0.414189] pci 0000:00:01.0: [8086:7000] type 00 class 0x060100
Feb 22 08:22:51 ip-172-31-69-21 kernel: [    0.416966] pci 0000:00:01.1: [8086:7010] type 00 class 0x010180
Feb 22 08:22:51 ip-172-31-69-21 kernel: [    0.418497] pci 0000:00:01.1: reg 0x20: [io  0xc100-0xc10f]
Feb 22 08:22:51 ip-172-31-69-21 kernel: [    0.419159] pci 0000:00:01.1: legacy IDE quirk: reg 0x10: [io  0x01f0-0x01f7]
Feb 22 08:22:51 ip-172-31-69-21 kernel: [    0.420008] pci 0000:00:01.1: legacy IDE quirk: reg 0x14: [io  0x03f6]
Feb 22 08:22:51 ip-172-31-69-21 kernel: [    0.424007] pci 0000:00:01.1: legacy IDE quirk: reg 0x18: [io  0x0170-0x0177]
Feb 22 08:22:51 ip-172-31-69-21 kernel: [    0.428007] pci 0000:00:01.1: legacy IDE quirk: reg 0x1c: [io  0x0376]
Feb 22 08:22:51 ip-172-31-69-21 kernel: [    0.432719] pci 0000:00:01.3: [8086:7113] type 00 class 0x068000
Feb 22 08:22:51 ip-172-31-69-21 kernel: [    0.432834] * Found PM-Timer Bug on the chipset. Due to workarounds for a bug,
Feb 22 08:22:51 ip-172-31-69-21 kernel: [    0.432834] * this clock source is slow. Consider trying other clock sources
Feb 22 08:22:51 ip-172-31-69-21 kernel: [    0.437088] pci 0000:00:01.3: quirk: [io  0xb000-0xb03f] claimed by PIIX4 ACPI
Feb 22 08:22:51 ip-172-31-69-21 kernel: [    0.440878] pci 0000:00:02.0: [1013:00b8] type 00 class 0x030000
Feb 22 08:22:51 ip-172-31-69-21 kernel: [    0.441235] pci 0000:00:02.0: reg 0x10: [mem 0xf0000000-0xf1ffffff pref]
Feb 22 08:22:51 ip-172-31-69-21 kernel: [    0.441471] pci 0000:00:02.0: reg 0x14: [mem 0xf3000000-0xf3000fff]
Feb 22 08:22:51 ip-172-31-69-21 kernel: [    0.443250] pci 0000:00:03.0: [5853:0001] type 00 class 0xff8000
Feb 22 08:22:51 ip-172-31-69-21 kernel: [    0.443712] pci 0000:00:03.0: reg 0x10: [io  0xc000-0xc0ff]
Feb 22 08:22:51 ip-172-31-69-21 kernel: [    0.443937] pci 0000:00:03.0: reg 0x14: [mem 0xf2000000-0xf2ffffff pref]
Feb 22 08:22:51 ip-172-31-69-21 kernel: [    0.449009] ACPI: PCI Interrupt Link [LNKA] (IRQs *5 10 11)
Feb 22 08:22:51 ip-172-31-69-21 kernel: [    0.455296] ACPI: PCI Interrupt Link [LNKB] (IRQs 5 *10 11)
Feb 22 08:22:51 ip-172-31-69-21 kernel: [    0.459131] ACPI: PCI Interrupt Link [LNKC] (IRQs 5 10 *11)
Feb 22 08:22:51 ip-172-31-69-21 kernel: [    0.463313] ACPI: PCI Interrupt Link [LNKD] (IRQs *5 10 11)
Feb 22 08:22:51 ip-172-31-69-21 kernel: [    0.482917] ACPI: Enabled 2 GPEs in block 00 to 0F
Feb 22 08:22:51 ip-172-31-69-21 kernel: [    0.484077] xen:balloon: Initialising balloon driver
Feb 22 08:22:51 ip-172-31-69-21 kernel: [    0.488148] vgaarb: setting as boot device: PCI:0000:00:02.0
Feb 22 08:22:51 ip-172-31-69-21 kernel: [    0.491445] vgaarb: device added: PCI:0000:00:02.0,decodes=io+mem,owns=io+mem,locks=none
Feb 22 08:22:51 ip-172-31-69-21 kernel: [    0.492007] vgaarb: loaded
Feb 22 08:22:51 ip-172-31-69-21 kernel: [    0.493862] vgaarb: bridge control possible 0000:00:02.0
Feb 22 08:22:51 ip-172-31-69-21 kernel: [    0.496205] SCSI subsystem initialized
Feb 22 08:22:51 ip-172-31-69-21 kernel: [    0.498598] libata version 3.00 loaded.
Feb 22 08:22:51 ip-172-31-69-21 kernel: [    0.498620] ACPI: bus type USB registered
Feb 22 08:22:51 ip-172-31-69-21 kernel: [    0.500025] usbcore: registered new interface driver usbfs
Feb 22 08:22:51 ip-172-31-69-21 kernel: [    0.503166] usbcore: registered new interface driver hub
Feb 22 08:22:51 ip-172-31-69-21 kernel: [    0.504027] usbcore: registered new device driver usb
Feb 22 08:22:51 ip-172-31-69-21 kernel: [    0.507434] PCI: Using ACPI for IRQ routing
Feb 22 08:22:51 ip-172-31-69-21 kernel: [    0.508008] PCI: pci_cache_line_size set to 64 bytes
Feb 22 08:22:51 ip-172-31-69-21 kernel: [    0.508437] e820: reserve RAM buffer [mem 0x0009e000-0x0009ffff]
Feb 22 08:22:51 ip-172-31-69-21 kernel: [    0.508570] NetLabel: Initializing
Feb 22 08:22:51 ip-172-31-69-21 kernel: [    0.511117] NetLabel:  domain hash size = 128
Feb 22 08:22:51 ip-172-31-69-21 kernel: [    0.512006] NetLabel:  protocols = UNLABELED CIPSOv4
Feb 22 08:22:51 ip-172-31-69-21 kernel: [    0.515237] NetLabel:  unlabeled traffic allowed by default
Feb 22 08:22:51 ip-172-31-69-21 kernel: [    0.516119] HPET: 3 timers in total, 0 timers will be used for per-cpu timer
Feb 22 08:22:51 ip-172-31-69-21 kernel: [    0.520017] hpet0: at MMIO 0xfed00000, IRQs 2, 8, 0
Feb 22 08:22:51 ip-172-31-69-21 kernel: [    0.524839] hpet0: 3 comparators, 64-bit 62.500000 MHz counter
Feb 22 08:22:51 ip-172-31-69-21 kernel: [    0.530065] amd_nb: Cannot enumerate AMD northbridges
Feb 22 08:22:51 ip-172-31-69-21 kernel: [    0.532017] clocksource: Switched to clocksource xen
Feb 22 08:22:51 ip-172-31-69-21 kernel: [    0.540362] AppArmor: AppArmor Filesystem Enabled
Feb 22 08:22:51 ip-172-31-69-21 kernel: [    0.543494] pnp: PnP ACPI init
Feb 22 08:22:51 ip-172-31-69-21 kernel: [    0.545561] system 00:00: [mem 0x00000000-0x0009ffff] could not be reserved
Feb 22 08:22:51 ip-172-31-69-21 kernel: [    0.549434] system 00:00: Plug and Play ACPI device, IDs PNP0c02 (active)
Feb 22 08:22:51 ip-172-31-69-21 kernel: [    0.549522] system 00:01: [io  0x08a0-0x08a3] has been reserved
Feb 22 08:22:51 ip-172-31-69-21 kernel: [    0.552858] system 00:01: [io  0x0cc0-0x0ccf] has been reserved
Feb 22 08:22:51 ip-172-31-69-21 kernel: [    0.556184] system 00:01: [io  0x04d0-0x04d1] has been reserved
Feb 22 08:22:51 ip-172-31-69-21 systemd-modules-load[375]: Inserted module 'iscsi_tcp'
Feb 22 08:22:51 ip-172-31-69-21 systemd-modules-load[375]: Inserted module 'ib_iser'
Feb 22 08:22:51 ip-172-31-69-21 loadkeys[370]: Loading /etc/console-setup/cached.kmap.gz
Feb 22 08:22:51 ip-172-31-69-21 systemd[1]: Started Uncomplicated firewall.
Feb 22 08:22:51 ip-172-31-69-21 systemd[1]: Started Remount Root and Kernel File Systems.
Feb 22 08:22:51 ip-172-31-69-21 systemd[1]: Started Set console keymap.
Feb 22 08:22:51 ip-172-31-69-21 systemd[1]: Started Load Kernel Modules.
Feb 22 08:22:51 ip-172-31-69-21 systemd[1]: Started Create list of required static device nodes for the current kernel.
Feb 22 08:22:51 ip-172-31-69-21 systemd[1]: Started Nameserver information manager.
Feb 22 08:22:51 ip-172-31-69-21 systemd[1]: Started LVM2 metadata daemon.
Feb 22 08:22:51 ip-172-31-69-21 systemd[1]: Starting Create Static Device Nodes in /dev...
Feb 22 08:22:51 ip-172-31-69-21 systemd[1]: Starting Apply Kernel Variables...
Feb 22 08:22:51 ip-172-31-69-21 systemd[1]: Mounting FUSE Control File System...
Feb 22 08:22:51 ip-172-31-69-21 systemd[1]: Starting udev Coldplug all Devices...
Feb 22 08:22:51 ip-172-31-69-21 systemd[1]: Starting Initial cloud-init job (pre-networking)...
Feb 22 08:22:51 ip-172-31-69-21 systemd[1]: Starting Load/Save Random Seed...
Feb 22 08:22:51 ip-172-31-69-21 systemd[1]: Starting Flush Journal to Persistent Storage...
Feb 22 08:22:51 ip-172-31-69-21 systemd[1]: Mounted FUSE Control File System.
Feb 22 08:22:51 ip-172-31-69-21 systemd[1]: Started Create Static Device Nodes in /dev.
Feb 22 08:22:51 ip-172-31-69-21 systemd[1]: Started Apply Kernel Variables.
Feb 22 08:22:51 ip-172-31-69-21 systemd[1]: Started Load/Save Random Seed.
Feb 22 08:22:51 ip-172-31-69-21 systemd[1]: Started udev Coldplug all Devices.
Feb 22 08:22:51 ip-172-31-69-21 systemd[1]: Started Flush Journal to Persistent Storage.
Feb 22 08:22:51 ip-172-31-69-21 systemd[1]: Starting udev Kernel Device Manager...
Feb 22 08:22:51 ip-172-31-69-21 systemd[1]: Started udev Kernel Device Manager.
Feb 22 08:22:51 ip-172-31-69-21 systemd[1]: Started Dispatch Password Requests to Console Directory Watch.
Feb 22 08:22:51 ip-172-31-69-21 systemd[1]: Started Monitoring of LVM2 mirrors, snapshots etc. using dmeventd or progress polling.
Feb 22 08:22:51 ip-172-31-69-21 systemd[1]: Reached target Local File Systems (Pre).
Feb 22 08:22:51 ip-172-31-69-21 systemd[1]: Reached target Local File Systems.
Feb 22 08:22:51 ip-172-31-69-21 systemd[1]: Starting LSB: AppArmor initialization...
Feb 22 08:22:51 ip-172-31-69-21 systemd[1]: Starting Create Volatile Files and Directories...
Feb 22 08:22:51 ip-172-31-69-21 systemd-tmpfiles[479]: [/usr/lib/tmpfiles.d/var.conf:14] Duplicate line for path "/var/log", ignoring.
Feb 22 08:22:51 ip-172-31-69-21 systemd[1]: Starting Tell Plymouth To Write Out Runtime Data...
Feb 22 08:22:51 ip-172-31-69-21 systemd[1]: Starting Set console font and keymap...
Feb 22 08:22:51 ip-172-31-69-21 systemd[1]: Started Create Volatile Files and Directories.
Feb 22 08:22:51 ip-172-31-69-21 systemd[1]: Started Tell Plymouth To Write Out Runtime Data.
Feb 22 08:22:51 ip-172-31-69-21 apparmor[477]:  * Starting AppArmor profiles
Feb 22 08:22:51 ip-172-31-69-21 systemd[1]: Starting Network Time Synchronization...
Feb 22 08:22:51 ip-172-31-69-21 systemd[1]: Starting Update UTMP about System Boot/Shutdown...
Feb 22 08:22:51 ip-172-31-69-21 systemd[1]: Started Network Time Synchronization.
Feb 22 08:22:51 ip-172-31-69-21 systemd[1]: Reached target System Time Synchronized.
Feb 22 08:22:51 ip-172-31-69-21 apparmor[477]: Skipping profile in /etc/apparmor.d/disable: usr.sbin.rsyslogd
Feb 22 08:22:51 ip-172-31-69-21 apparmor[477]:    ...done.
Feb 22 08:22:51 ip-172-31-69-21 systemd[1]: Started LSB: AppArmor initialization.
Feb 22 08:22:51 ip-172-31-69-21 systemd[1]: Started Update UTMP about System Boot/Shutdown.
Feb 22 08:22:51 ip-172-31-69-21 systemd[1]: Found device /dev/ttyS0.
Feb 22 08:22:51 ip-172-31-69-21 systemd[1]: Found device /sys/subsystem/net/devices/eth0.
Feb 22 08:22:51 ip-172-31-69-21 systemd[1]: Listening on Load/Save RF Kill Switch Status /dev/rfkill Watch.
Feb 22 08:22:51 ip-172-31-69-21 systemd[1]: Started Set console font and keymap.
Feb 22 08:22:51 ip-172-31-69-21 dhclient[799]: Internet Systems Consortium DHCP Client 4.3.3
Feb 22 08:22:51 ip-172-31-69-21 dhclient[799]: Copyright 2004-2015 Internet Systems Consortium.
Feb 22 08:22:51 ip-172-31-69-21 dhclient[799]: All rights reserved.
Feb 22 08:22:51 ip-172-31-69-21 dhclient[799]: For info, please visit https://www.isc.org/software/dhcp/
Feb 22 08:22:51 ip-172-31-69-21 dhclient[799]: 
Feb 22 08:22:51 ip-172-31-69-21 dhclient[799]: Listening on LPF/eth0/02:e1:be:f2:a9:10
Feb 22 08:22:51 ip-172-31-69-21 dhclient[799]: Sending on   LPF/eth0/02:e1:be:f2:a9:10
Feb 22 08:22:51 ip-172-31-69-21 dhclient[799]: Sending on   Socket/fallback
Feb 22 08:22:51 ip-172-31-69-21 dhclient[799]: DHCPDISCOVER on eth0 to 255.255.255.255 port 67 interval 3 (xid=0x78495260)
Feb 22 08:22:51 ip-172-31-69-21 dhclient[799]: DHCPREQUEST of 172.31.69.21 on eth0 to 255.255.255.255 port 67 (xid=0x60524978)
Feb 22 08:22:51 ip-172-31-69-21 dhclient[799]: DHCPOFFER of 172.31.69.21 from 172.31.69.1
Feb 22 08:22:51 ip-172-31-69-21 dhclient[799]: DHCPACK of 172.31.69.21 from 172.31.69.1
Feb 22 08:22:51 ip-172-31-69-21 dhclient[799]: bound to 172.31.69.21 -- renewal in 1701 seconds.
Feb 22 08:22:51 ip-172-31-69-21 systemd[1]: Created slice system-getty.slice.
Feb 22 08:22:51 ip-172-31-69-21 systemd-udevd[474]: Process 'console-setup-tty fbcon' failed with exit code 71.
Feb 22 08:22:51 ip-172-31-69-21 cloud-init[446]: Cloud-init v. 17.1 running 'init-local' at Thu, 22 Feb 2018 12:22:48 +0000. Up 5.66 seconds.
Feb 22 08:22:51 ip-172-31-69-21 systemd[1]: Started Initial cloud-init job (pre-networking).
Feb 22 08:22:51 ip-172-31-69-21 systemd[1]: Reached target Network (Pre).
Feb 22 08:22:51 ip-172-31-69-21 systemd[1]: Starting Raise network interfaces...
Feb 22 08:22:51 ip-172-31-69-21 systemd[1]: Started ifup for eth0.
Feb 22 08:22:51 ip-172-31-69-21 dhclient[874]: Internet Systems Consortium DHCP Client 4.3.3
Feb 22 08:22:51 ip-172-31-69-21 sh[860]: Internet Systems Consortium DHCP Client 4.3.3
Feb 22 08:22:51 ip-172-31-69-21 dhclient[874]: Copyright 2004-2015 Internet Systems Consortium.
Feb 22 08:22:51 ip-172-31-69-21 sh[860]: Copyright 2004-2015 Internet Systems Consortium.
Feb 22 08:22:51 ip-172-31-69-21 dhclient[874]: All rights reserved.
Feb 22 08:22:51 ip-172-31-69-21 sh[860]: All rights reserved.
Feb 22 08:22:51 ip-172-31-69-21 dhclient[874]: For info, please visit https://www.isc.org/software/dhcp/
Feb 22 08:22:51 ip-172-31-69-21 sh[860]: For info, please visit https://www.isc.org/software/dhcp/
Feb 22 08:22:51 ip-172-31-69-21 dhclient[874]: 
Feb 22 08:22:51 ip-172-31-69-21 dhclient[874]: Listening on LPF/eth0/02:e1:be:f2:a9:10
Feb 22 08:22:51 ip-172-31-69-21 sh[860]: Listening on LPF/eth0/02:e1:be:f2:a9:10
Feb 22 08:22:51 ip-172-31-69-21 dhclient[874]: Sending on   LPF/eth0/02:e1:be:f2:a9:10
Feb 22 08:22:51 ip-172-31-69-21 sh[860]: Sending on   LPF/eth0/02:e1:be:f2:a9:10
Feb 22 08:22:51 ip-172-31-69-21 dhclient[874]: Sending on   Socket/fallback
Feb 22 08:22:51 ip-172-31-69-21 sh[860]: Sending on   Socket/fallback
Feb 22 08:22:51 ip-172-31-69-21 dhclient[874]: DHCPDISCOVER on eth0 to 255.255.255.255 port 67 interval 3 (xid=0xf6626e3e)
Feb 22 08:22:51 ip-172-31-69-21 sh[860]: DHCPDISCOVER on eth0 to 255.255.255.255 port 67 interval 3 (xid=0xf6626e3e)
Feb 22 08:22:51 ip-172-31-69-21 dhclient[874]: DHCPREQUEST of 172.31.69.21 on eth0 to 255.255.255.255 port 67 (xid=0x3e6e62f6)
Feb 22 08:22:51 ip-172-31-69-21 sh[860]: DHCPREQUEST of 172.31.69.21 on eth0 to 255.255.255.255 port 67 (xid=0x3e6e62f6)
Feb 22 08:22:51 ip-172-31-69-21 sh[860]: DHCPOFFER of 172.31.69.21 from 172.31.69.1
Feb 22 08:22:51 ip-172-31-69-21 dhclient[874]: DHCPOFFER of 172.31.69.21 from 172.31.69.1
Feb 22 08:22:51 ip-172-31-69-21 dhclient[874]: DHCPACK of 172.31.69.21 from 172.31.69.1
Feb 22 08:22:51 ip-172-31-69-21 sh[860]: DHCPACK of 172.31.69.21 from 172.31.69.1
Feb 22 08:22:51 ip-172-31-69-21 dhclient[874]: bound to 172.31.69.21 -- renewal in 1518 seconds.
Feb 22 08:22:51 ip-172-31-69-21 sh[860]: bound to 172.31.69.21 -- renewal in 1518 seconds.
Feb 22 08:22:51 ip-172-31-69-21 ifup[870]: /sbin/ifup: waiting for lock on /run/network/ifstate.eth0
Feb 22 08:22:51 ip-172-31-69-21 systemd[1]: Started Raise network interfaces.
Feb 22 08:22:51 ip-172-31-69-21 systemd[1]: Reached target Network.
Feb 22 08:22:51 ip-172-31-69-21 systemd[1]: Starting Initial cloud-init job (metadata service crawler)...
Feb 22 08:22:51 ip-172-31-69-21 cloud-init[1025]: Cloud-init v. 17.1 running 'init' at Thu, 22 Feb 2018 12:22:50 +0000. Up 7.61 seconds.
Feb 22 08:22:51 ip-172-31-69-21 cloud-init[1025]: ci-info: ++++++++++++++++++++++++++++++++++++++Net device info+++++++++++++++++++++++++++++++++++++++
Feb 22 08:22:51 ip-172-31-69-21 cloud-init[1025]: ci-info: +--------+------+----------------------------+-----------------+-------+-------------------+
Feb 22 08:22:51 ip-172-31-69-21 cloud-init[1025]: ci-info: | Device |  Up  |          Address           |       Mask      | Scope |     Hw-Address    |
Feb 22 08:22:51 ip-172-31-69-21 cloud-init[1025]: ci-info: +--------+------+----------------------------+-----------------+-------+-------------------+
Feb 22 08:22:51 ip-172-31-69-21 cloud-init[1025]: ci-info: |  eth0  | True |        172.31.69.21        | 255.255.255.224 |   .   | 02:e1:be:f2:a9:10 |
Feb 22 08:22:51 ip-172-31-69-21 cloud-init[1025]: ci-info: |  eth0  | True | fe80::e1:beff:fef2:a910/64 |        .        |  link | 02:e1:be:f2:a9:10 |
Feb 22 08:22:51 ip-172-31-69-21 cloud-init[1025]: ci-info: |   lo   | True |         127.0.0.1          |    255.0.0.0    |   .   |         .         |
Feb 22 08:22:51 ip-172-31-69-21 cloud-init[1025]: ci-info: |   lo   | True |          ::1/128           |        .        |  host |         .         |
Feb 22 08:22:51 ip-172-31-69-21 cloud-init[1025]: ci-info: +--------+------+----------------------------+-----------------+-------+-------------------+
Feb 22 08:22:51 ip-172-31-69-21 cloud-init[1025]: ci-info: ++++++++++++++++++++++++++++++Route IPv4 info++++++++++++++++++++++++++++++
Feb 22 08:22:51 ip-172-31-69-21 cloud-init[1025]: ci-info: +-------+-------------+-------------+-----------------+-----------+-------+
Feb 22 08:22:51 ip-172-31-69-21 cloud-init[1025]: ci-info: | Route | Destination |   Gateway   |     Genmask     | Interface | Flags |
Feb 22 08:22:51 ip-172-31-69-21 cloud-init[1025]: ci-info: +-------+-------------+-------------+-----------------+-----------+-------+
Feb 22 08:22:51 ip-172-31-69-21 cloud-init[1025]: ci-info: |   0   |   0.0.0.0   | 172.31.69.1 |     0.0.0.0     |    eth0   |   UG  |
Feb 22 08:22:51 ip-172-31-69-21 cloud-init[1025]: ci-info: |   1   | 172.31.69.0 |   0.0.0.0   | 255.255.255.224 |    eth0   |   U   |
Feb 22 08:22:51 ip-172-31-69-21 cloud-init[1025]: ci-info: +-------+-------------+-------------+-----------------+-----------+-------+
Feb 22 08:22:51 ip-172-31-69-21 systemd[1]: Started Initial cloud-init job (metadata service crawler).
Feb 22 08:22:51 ip-172-31-69-21 systemd[1]: Reached target Network is Online.
Feb 22 08:22:51 ip-172-31-69-21 systemd[1]: Starting iSCSI initiator daemon (iscsid)...
Feb 22 08:22:51 ip-172-31-69-21 systemd[1]: Reached target System Initialization.
Feb 22 08:22:51 ip-172-31-69-21 systemd[1]: Listening on D-Bus System Message Bus Socket.
Feb 22 08:22:51 ip-172-31-69-21 systemd[1]: Started Daily apt download activities.
Feb 22 08:22:51 ip-172-31-69-21 systemd[1]: Listening on ACPID Listen Socket.
Feb 22 08:22:51 ip-172-31-69-21 systemd[1]: Started Timer to automatically refresh installed snaps.
Feb 22 08:22:51 ip-172-31-69-21 systemd[1]: Started Daily apt upgrade and clean activities.
Feb 22 08:22:51 ip-172-31-69-21 systemd[1]: Listening on UUID daemon activation socket.
Feb 22 08:22:51 ip-172-31-69-21 systemd[1]: Starting Socket activation for snappy daemon.
Feb 22 08:22:51 ip-172-31-69-21 systemd[1]: Started Daily Cleanup of Temporary Directories.
Feb 22 08:22:51 ip-172-31-69-21 systemd[1]: Reached target Timers.
Feb 22 08:22:51 ip-172-31-69-21 systemd[1]: Started ACPI Events Check.
Feb 22 08:22:51 ip-172-31-69-21 systemd[1]: Reached target Paths.
Feb 22 08:22:51 ip-172-31-69-21 systemd[1]: Starting LXD - unix socket.
Feb 22 08:22:51 ip-172-31-69-21 systemd[1]: Reached target Cloud-config availability.
Feb 22 08:22:51 ip-172-31-69-21 systemd[1]: Listening on Socket activation for snappy daemon.
Feb 22 08:22:51 ip-172-31-69-21 systemd[1]: Listening on LXD - unix socket.
Feb 22 08:22:51 ip-172-31-69-21 iscsid: iSCSI logger with pid=1081 started!
Feb 22 08:22:51 ip-172-31-69-21 iscsid: iSCSI daemon with pid=1082 started!
Feb 22 08:22:51 ip-172-31-69-21 systemd[1]: Started iSCSI initiator daemon (iscsid).
Feb 22 08:22:51 ip-172-31-69-21 systemd[1]: Starting Login to default iSCSI targets...
Feb 22 08:22:51 ip-172-31-69-21 systemd[1]: Reached target Sockets.
Feb 22 08:22:51 ip-172-31-69-21 systemd[1]: Reached target Basic System.
Feb 22 08:22:51 ip-172-31-69-21 systemd[1]: Starting Login Service...
Feb 22 08:22:51 ip-172-31-69-21 systemd[1]: Starting System Logging Service...
Feb 22 08:22:51 ip-172-31-69-21 systemd[1]: Starting LXD - container startup/shutdown...
Feb 22 08:22:51 ip-172-31-69-21 systemd[1]: Starting Initialize hardware monitoring sensors...
Feb 22 08:22:51 ip-172-31-69-21 sensors[1095]: No sensors found!
Feb 22 08:22:51 ip-172-31-69-21 sensors[1095]: Make sure you loaded all the kernel drivers you need.
Feb 22 08:22:51 ip-172-31-69-21 sensors[1095]: Try sensors-detect to find out which these are.
Feb 22 08:22:51 ip-172-31-69-21 systemd[1]: Starting OpenBSD Secure Shell server...
Feb 22 08:22:51 ip-172-31-69-21 kernel: [    0.559606] system 00:01: Plug and Play ACPI device, IDs PNP0c02 (active)
Feb 22 08:22:51 ip-172-31-69-21 kernel: [    0.559636] xen: --> pirq=17 -> irq=8 (gsi=8)
Feb 22 08:22:51 ip-172-31-69-21 kernel: [    0.559660] pnp 00:02: Plug and Play ACPI device, IDs PNP0b00 (active)
Feb 22 08:22:51 ip-172-31-69-21 kernel: [    0.559683] xen: --> pirq=18 -> irq=12 (gsi=12)
Feb 22 08:22:51 ip-172-31-69-21 kernel: [    0.559696] pnp 00:03: Plug and Play ACPI device, IDs PNP0f13 (active)
Feb 22 08:22:51 ip-172-31-69-21 kernel: [    0.559711] xen: --> pirq=19 -> irq=1 (gsi=1)
Feb 22 08:22:51 ip-172-31-69-21 kernel: [    0.559724] pnp 00:04: Plug and Play ACPI device, IDs PNP0303 PNP030b (active)
Feb 22 08:22:51 ip-172-31-69-21 kernel: [    0.559739] xen: --> pirq=20 -> irq=6 (gsi=6)
Feb 22 08:22:51 ip-172-31-69-21 kernel: [    0.559741] pnp 00:05: [dma 2]
Feb 22 08:22:51 ip-172-31-69-21 kernel: [    0.559753] pnp 00:05: Plug and Play ACPI device, IDs PNP0700 (active)
Feb 22 08:22:51 ip-172-31-69-21 kernel: [    0.559774] xen: --> pirq=21 -> irq=4 (gsi=4)
Feb 22 08:22:51 ip-172-31-69-21 kernel: [    0.559787] pnp 00:06: Plug and Play ACPI device, IDs PNP0501 (active)
Feb 22 08:22:51 ip-172-31-69-21 kernel: [    0.559824] system 00:07: [io  0x10c0-0x1141] has been reserved
Feb 22 08:22:51 ip-172-31-69-21 kernel: [    0.563132] system 00:07: [io  0xb044-0xb047] has been reserved
Feb 22 08:22:51 ip-172-31-69-21 kernel: [    0.566700] system 00:07: Plug and Play ACPI device, IDs PNP0c02 (active)
Feb 22 08:22:51 ip-172-31-69-21 kernel: [    0.581918] pnp: PnP ACPI: found 8 devices
Feb 22 08:22:51 ip-172-31-69-21 kernel: [    0.590063] clocksource: acpi_pm: mask: 0xffffff max_cycles: 0xffffff, max_idle_ns: 2085701024 ns
Feb 22 08:22:51 ip-172-31-69-21 kernel: [    0.595653] pci_bus 0000:00: resource 4 [io  0x0000-0x0cf7 window]
Feb 22 08:22:51 ip-172-31-69-21 kernel: [    0.595655] pci_bus 0000:00: resource 5 [io  0x0d00-0xffff window]
Feb 22 08:22:51 ip-172-31-69-21 kernel: [    0.595657] pci_bus 0000:00: resource 6 [mem 0x000a0000-0x000bffff window]
Feb 22 08:22:51 ip-172-31-69-21 kernel: [    0.595658] pci_bus 0000:00: resource 7 [mem 0xf0000000-0xfbffffff window]
Feb 22 08:22:51 ip-172-31-69-21 kernel: [    0.595702] NET: Registered protocol family 2
Feb 22 08:22:51 ip-172-31-69-21 kernel: [    0.599031] TCP established hash table entries: 8192 (order: 4, 65536 bytes)
Feb 22 08:22:51 ip-172-31-69-21 kernel: [    0.603418] TCP bind hash table entries: 8192 (order: 5, 131072 bytes)
Feb 22 08:22:51 ip-172-31-69-21 kernel: [    0.607766] TCP: Hash tables configured (established 8192 bind 8192)
Feb 22 08:22:51 ip-172-31-69-21 kernel: [    0.611865] UDP hash table entries: 512 (order: 2, 16384 bytes)
Feb 22 08:22:51 ip-172-31-69-21 kernel: [    0.615603] UDP-Lite hash table entries: 512 (order: 2, 16384 bytes)
Feb 22 08:22:51 ip-172-31-69-21 kernel: [    0.619635] NET: Registered protocol family 1
Feb 22 08:22:51 ip-172-31-69-21 kernel: [    0.622847] pci 0000:00:00.0: Limiting direct PCI/PCI transfers
Feb 22 08:22:51 ip-172-31-69-21 kernel: [    0.626649] pci 0000:00:01.0: PIIX3: Enabling Passive Release
Feb 22 08:22:51 ip-172-31-69-21 kernel: [    0.630084] pci 0000:00:01.0: Activating ISA DMA hang workarounds
Feb 22 08:22:51 ip-172-31-69-21 kernel: [    0.633559] pci 0000:00:02.0: Video device with shadowed ROM
Feb 22 08:22:51 ip-172-31-69-21 kernel: [    0.633618] PCI: CLS 0 bytes, default 64
Feb 22 08:22:51 ip-172-31-69-21 kernel: [    0.633673] Trying to unpack rootfs image as initramfs...
Feb 22 08:22:51 ip-172-31-69-21 kernel: [    0.811699] Freeing initrd memory: 12308K
Feb 22 08:22:51 ip-172-31-69-21 kernel: [    0.815100] RAPL PMU detected, API unit is 2^-32 Joules, 3 fixed counters 655360 ms ovfl timer
Feb 22 08:22:51 ip-172-31-69-21 kernel: [    0.820640] hw unit of domain pp0-core 2^-14 Joules
Feb 22 08:22:51 ip-172-31-69-21 kernel: [    0.824032] hw unit of domain package 2^-14 Joules
Feb 22 08:22:51 ip-172-31-69-21 kernel: [    0.827242] hw unit of domain dram 2^-16 Joules
Feb 22 08:22:51 ip-172-31-69-21 kernel: [    0.830708] Scanning for low memory corruption every 60 seconds
Feb 22 08:22:51 ip-172-31-69-21 kernel: [    0.835052] audit: initializing netlink subsys (disabled)
Feb 22 08:22:51 ip-172-31-69-21 kernel: [    0.838193] audit: type=2000 audit(1519302163.659:1): initialized
Feb 22 08:22:51 ip-172-31-69-21 kernel: [    0.842176] Initialise system trusted keyring
Feb 22 08:22:51 ip-172-31-69-21 kernel: [    0.845072] HugeTLB registered 2 MB page size, pre-allocated 0 pages
Feb 22 08:22:51 ip-172-31-69-21 kernel: [    0.850275] zbud: loaded
Feb 22 08:22:51 ip-172-31-69-21 kernel: [    0.852593] VFS: Disk quotas dquot_6.6.0
Feb 22 08:22:51 ip-172-31-69-21 kernel: [    0.855483] VFS: Dquot-cache hash table entries: 512 (order 0, 4096 bytes)
Feb 22 08:22:51 ip-172-31-69-21 kernel: [    0.860134] squashfs: version 4.0 (2009/01/31) Phillip Lougher
Feb 22 08:22:51 ip-172-31-69-21 kernel: [    0.864221] fuse init (API version 7.23)
Feb 22 08:22:51 ip-172-31-69-21 kernel: [    0.867242] Key type big_key registered
Feb 22 08:22:51 ip-172-31-69-21 kernel: [    0.870134] Allocating IMA MOK and blacklist keyrings.
Feb 22 08:22:51 ip-172-31-69-21 kernel: [    0.873630] Key type asymmetric registered
Feb 22 08:22:51 ip-172-31-69-21 kernel: [    0.876518] Asymmetric key parser 'x509' registered
Feb 22 08:22:51 ip-172-31-69-21 kernel: [    0.879953] Block layer SCSI generic (bsg) driver version 0.4 loaded (major 249)
Feb 22 08:22:51 ip-172-31-69-21 kernel: [    0.884871] io scheduler noop registered
Feb 22 08:22:51 ip-172-31-69-21 kernel: [    0.887663] io scheduler deadline registered (default)
Feb 22 08:22:51 ip-172-31-69-21 kernel: [    0.891308] io scheduler cfq registered
Feb 22 08:22:51 ip-172-31-69-21 kernel: [    0.894192] pci_hotplug: PCI Hot Plug PCI Core version: 0.5
Feb 22 08:22:51 ip-172-31-69-21 kernel: [    0.897894] pciehp: PCI Express Hot Plug Controller Driver version: 0.4
Feb 22 08:22:51 ip-172-31-69-21 kernel: [    0.902143] intel_idle: does not run on family 6 model 63
Feb 22 08:22:51 ip-172-31-69-21 kernel: [    0.902211] input: Power Button as /devices/LNXSYSTM:00/LNXPWRBN:00/input/input0
Feb 22 08:22:51 ip-172-31-69-21 kernel: [    0.906760] ACPI: Power Button [PWRF]
Feb 22 08:22:51 ip-172-31-69-21 kernel: [    0.909234] input: Sleep Button as /devices/LNXSYSTM:00/LNXSLPBN:00/input/input1
Feb 22 08:22:51 ip-172-31-69-21 kernel: [    0.913432] ACPI: Sleep Button [SLPF]
Feb 22 08:22:51 ip-172-31-69-21 kernel: [    0.916168] xen: --> pirq=22 -> irq=28 (gsi=28)
Feb 22 08:22:51 ip-172-31-69-21 kernel: [    0.916238] xen:grant_table: Grant tables using version 1 layout
Feb 22 08:22:51 ip-172-31-69-21 kernel: [    0.919774] Grant table initialized
Feb 22 08:22:51 ip-172-31-69-21 kernel: [    0.922111] Cannot get hvm parameter CONSOLE_EVTCHN (18): -22!
Feb 22 08:22:51 ip-172-31-69-21 kernel: [    0.925478] Serial: 8250/16550 driver, 32 ports, IRQ sharing enabled
Feb 22 08:22:51 ip-172-31-69-21 kernel: [    0.956019] 00:06: ttyS0 at I/O 0x3f8 (irq = 4, base_baud = 115200) is a 16550A
Feb 22 08:22:51 ip-172-31-69-21 kernel: [    0.962259] Linux agpgart interface v0.103
Feb 22 08:22:51 ip-172-31-69-21 kernel: [    0.966921] brd: module loaded
Feb 22 08:22:51 ip-172-31-69-21 kernel: [    0.970082] loop: module loaded
Feb 22 08:22:51 ip-172-31-69-21 kernel: [    0.972465] Invalid max_queues (4), will use default max: 1.
Feb 22 08:22:51 ip-172-31-69-21 kernel: [    0.977006] ata_piix 0000:00:01.1: version 2.13
Feb 22 08:22:51 ip-172-31-69-21 kernel: [    0.977969] scsi host0: ata_piix
Feb 22 08:22:51 ip-172-31-69-21 kernel: [    0.980544] scsi host1: ata_piix
Feb 22 08:22:51 ip-172-31-69-21 kernel: [    0.982821] ata1: PATA max MWDMA2 cmd 0x1f0 ctl 0x3f6 bmdma 0xc100 irq 14
Feb 22 08:22:51 ip-172-31-69-21 kernel: [    0.986703] ata2: PATA max MWDMA2 cmd 0x170 ctl 0x376 bmdma 0xc108 irq 15
Feb 22 08:22:51 ip-172-31-69-21 kernel: [    0.992138] libphy: Fixed MDIO Bus: probed
Feb 22 08:22:51 ip-172-31-69-21 kernel: [    0.994773] tun: Universal TUN/TAP device driver, 1.6
Feb 22 08:22:51 ip-172-31-69-21 kernel: [    0.999148] tun: (C) 1999-2004 Max Krasnyansky <maxk@qualcomm.com>
Feb 22 08:22:51 ip-172-31-69-21 kernel: [    1.002774] PPP generic driver version 2.4.2
Feb 22 08:22:51 ip-172-31-69-21 kernel: [    1.006084] xen_netfront: Initialising Xen virtual ethernet driver
Feb 22 08:22:51 ip-172-31-69-21 kernel: [    1.012671] ehci_hcd: USB 2.0 'Enhanced' Host Controller (EHCI) Driver
Feb 22 08:22:51 ip-172-31-69-21 kernel: [    1.018328] ehci-pci: EHCI PCI platform driver
Feb 22 08:22:51 ip-172-31-69-21 kernel: [    1.023625] ehci-platform: EHCI generic platform driver
Feb 22 08:22:51 ip-172-31-69-21 kernel: [    1.027015] ohci_hcd: USB 1.1 'Open' Host Controller (OHCI) Driver
Feb 22 08:22:51 ip-172-31-69-21 kernel: [    1.030854] ohci-pci: OHCI PCI platform driver
Feb 22 08:22:51 ip-172-31-69-21 kernel: [    1.033765] ohci-platform: OHCI generic platform driver
Feb 22 08:22:51 ip-172-31-69-21 kernel: [    1.037091] uhci_hcd: USB Universal Host Controller Interface driver
Feb 22 08:22:51 ip-172-31-69-21 kernel: [    1.041448] i8042: PNP: PS/2 Controller [PNP0303:PS2K,PNP0f13:PS2M] at 0x60,0x64 irq 1,12
Feb 22 08:22:51 ip-172-31-69-21 kernel: [    1.050714] serio: i8042 KBD port at 0x60,0x64 irq 1
Feb 22 08:22:51 ip-172-31-69-21 kernel: [    1.054087] serio: i8042 AUX port at 0x60,0x64 irq 12
Feb 22 08:22:51 ip-172-31-69-21 kernel: [    1.058132] mousedev: PS/2 mouse device common for all mice
Feb 22 08:22:51 ip-172-31-69-21 kernel: [    1.063065] input: AT Translated Set 2 keyboard as /devices/platform/i8042/serio0/input/input2
Feb 22 08:22:51 ip-172-31-69-21 kernel: [    1.068816] rtc_cmos 00:02: rtc core: registered rtc_cmos as rtc0
Feb 22 08:22:51 ip-172-31-69-21 kernel: [    1.078206] rtc_cmos 00:02: alarms up to one day, 114 bytes nvram, hpet irqs
Feb 22 08:22:51 ip-172-31-69-21 kernel: [    1.096962] i2c /dev entries driver
Feb 22 08:22:51 ip-172-31-69-21 kernel: [    1.100594] device-mapper: uevent: version 1.0.3
Feb 22 08:22:51 ip-172-31-69-21 kernel: [    1.105196] device-mapper: ioctl: 4.34.0-ioctl (2015-10-28) initialised: dm-devel@redhat.com
Feb 22 08:22:51 ip-172-31-69-21 kernel: [    1.110695] NET: Registered protocol family 10
Feb 22 08:22:51 ip-172-31-69-21 kernel: [    1.116242] NET: Registered protocol family 17
Feb 22 08:22:51 ip-172-31-69-21 kernel: [    1.119067] Key type dns_resolver registered
Feb 22 08:22:51 ip-172-31-69-21 kernel: [    1.122593] registered taskstats version 1
Feb 22 08:22:51 ip-172-31-69-21 kernel: [    1.125666] Loading compiled-in X.509 certificates
Feb 22 08:22:51 ip-172-31-69-21 kernel: [    1.129938] Loaded X.509 cert 'Build time autogenerated kernel key: 3202f79a2fa321ecce3869d36458fe9267f31118'
Feb 22 08:22:51 ip-172-31-69-21 kernel: [    1.136563] zswap: loaded using pool lzo/zbud
Feb 22 08:22:51 ip-172-31-69-21 kernel: [    1.140879] blkfront: xvda: barrier or flush: disabled; persistent grants: disabled; indirect descriptors: enabled;
Feb 22 08:22:51 ip-172-31-69-21 kernel: [    1.149457] Key type trusted registered
Feb 22 08:22:51 ip-172-31-69-21 kernel: [    1.156182] Key type encrypted registered
Feb 22 08:22:51 ip-172-31-69-21 kernel: [    1.158998]  xvda: xvda1
Feb 22 08:22:51 ip-172-31-69-21 kernel: [    1.161076] AppArmor: AppArmor sha1 policy hashing enabled
Feb 22 08:22:51 ip-172-31-69-21 kernel: [    1.164700] ima: No TPM chip found, activating TPM-bypass!
Feb 22 08:22:51 ip-172-31-69-21 kernel: [    1.168094] evm: HMAC attrs: 0x1
Feb 22 08:22:51 ip-172-31-69-21 kernel: [    1.171032]   Magic number: 6:722:380
Feb 22 08:22:51 ip-172-31-69-21 kernel: [    1.173611] rtc_cmos 00:02: setting system clock to 2018-02-22 12:22:44 UTC (1519302164)
Feb 22 08:22:51 ip-172-31-69-21 kernel: [    1.178486] BIOS EDD facility v0.16 2004-Jun-25, 0 devices found
Feb 22 08:22:51 ip-172-31-69-21 kernel: [    1.182086] EDD information not available.
Feb 22 08:22:51 ip-172-31-69-21 kernel: [    1.184774] PM: Hibernation image not present or could not be loaded.
Feb 22 08:22:51 ip-172-31-69-21 kernel: [    1.186601] Freeing unused kernel memory: 1484K
Feb 22 08:22:51 ip-172-31-69-21 kernel: [    1.189419] Write protecting the kernel read-only data: 14336k
Feb 22 08:22:51 ip-172-31-69-21 kernel: [    1.193321] Freeing unused kernel memory: 1908K
Feb 22 08:22:51 ip-172-31-69-21 kernel: [    1.196514] Freeing unused kernel memory: 224K
Feb 22 08:22:51 ip-172-31-69-21 kernel: [    1.211179] random: udevadm: uninitialized urandom read (16 bytes read, 8 bits of entropy available)
Feb 22 08:22:51 ip-172-31-69-21 kernel: [    1.217037] random: systemd-udevd: uninitialized urandom read (16 bytes read, 8 bits of entropy available)
Feb 22 08:22:51 ip-172-31-69-21 kernel: [    1.222567] random: systemd-udevd: uninitialized urandom read (16 bytes read, 8 bits of entropy available)
Feb 22 08:22:51 ip-172-31-69-21 kernel: [    1.228036] random: udevadm: uninitialized urandom read (16 bytes read, 8 bits of entropy available)
Feb 22 08:22:51 ip-172-31-69-21 kernel: [    1.233587] random: systemd-udevd: uninitialized urandom read (16 bytes read, 8 bits of entropy available)
Feb 22 08:22:51 ip-172-31-69-21 kernel: [    1.244094] random: systemd-udevd: uninitialized urandom read (16 bytes read, 9 bits of entropy available)
Feb 22 08:22:51 ip-172-31-69-21 kernel: [    1.252298] random: udevadm: uninitialized urandom read (16 bytes read, 9 bits of entropy available)
Feb 22 08:22:51 ip-172-31-69-21 kernel: [    1.259087] random: systemd-udevd: uninitialized urandom read (16 bytes read, 9 bits of entropy available)
Feb 22 08:22:51 ip-172-31-69-21 kernel: [    1.265363] random: udevadm: uninitialized urandom read (16 bytes read, 9 bits of entropy available)
Feb 22 08:22:51 ip-172-31-69-21 kernel: [    1.271418] random: systemd-udevd: uninitialized urandom read (16 bytes read, 9 bits of entropy available)
Feb 22 08:22:51 ip-172-31-69-21 kernel: [    1.393646] AVX2 version of gcm_enc/dec engaged.
Feb 22 08:22:51 ip-172-31-69-21 kernel: [    1.398884] AES CTR mode by8 optimization enabled
Feb 22 08:22:51 ip-172-31-69-21 kernel: [    1.828106] tsc: Refined TSC clocksource calibration: 2400.000 MHz
Feb 22 08:22:51 ip-172-31-69-21 kernel: [    1.832433] clocksource: tsc: mask: 0xffffffffffffffff max_cycles: 0x22983777dd9, max_idle_ns: 440795300422 ns
Feb 22 08:22:51 ip-172-31-69-21 kernel: [    2.907860] md: linear personality registered for level -1
Feb 22 08:22:51 ip-172-31-69-21 kernel: [    2.922770] md: multipath personality registered for level -4
Feb 22 08:22:51 ip-172-31-69-21 kernel: [    2.929701] md: raid0 personality registered for level 0
Feb 22 08:22:51 ip-172-31-69-21 kernel: [    2.936555] md: raid1 personality registered for level 1
Feb 22 08:22:51 ip-172-31-69-21 kernel: [    2.992062] raid6: sse2x1   gen()  8293 MB/s
Feb 22 08:22:51 ip-172-31-69-21 kernel: [    3.040063] raid6: sse2x1   xor()  6499 MB/s
Feb 22 08:22:51 ip-172-31-69-21 kernel: [    3.096064] raid6: sse2x2   gen() 10481 MB/s
Feb 22 08:22:51 ip-172-31-69-21 kernel: [    3.144063] raid6: sse2x2   xor()  7088 MB/s
Feb 22 08:22:51 ip-172-31-69-21 kernel: [    3.200065] raid6: sse2x4   gen() 11940 MB/s
Feb 22 08:22:51 ip-172-31-69-21 kernel: [    3.252064] raid6: sse2x4   xor()  8490 MB/s
Feb 22 08:22:51 ip-172-31-69-21 kernel: [    3.304061] raid6: avx2x1   gen() 16100 MB/s
Feb 22 08:22:51 ip-172-31-69-21 kernel: [    3.352061] raid6: avx2x2   gen() 18700 MB/s
Feb 22 08:22:51 ip-172-31-69-21 kernel: [    3.400061] raid6: avx2x4   gen() 21605 MB/s
Feb 22 08:22:51 ip-172-31-69-21 kernel: [    3.403114] raid6: using algorithm avx2x4 gen() 21605 MB/s
Feb 22 08:22:51 ip-172-31-69-21 kernel: [    3.406882] raid6: using avx2x2 recovery algorithm
Feb 22 08:22:51 ip-172-31-69-21 kernel: [    3.412328] xor: automatically using best checksumming function:
Feb 22 08:22:51 ip-172-31-69-21 kernel: [    3.456061]    avx       : 26073.000 MB/sec
Feb 22 08:22:51 ip-172-31-69-21 kernel: [    3.462002] async_tx: api initialized (async)
Feb 22 08:22:51 ip-172-31-69-21 kernel: [    3.479058] md: raid6 personality registered for level 6
Feb 22 08:22:51 ip-172-31-69-21 kernel: [    3.483216] md: raid5 personality registered for level 5
Feb 22 08:22:51 ip-172-31-69-21 kernel: [    3.487038] md: raid4 personality registered for level 4
Feb 22 08:22:51 ip-172-31-69-21 kernel: [    3.496346] md: raid10 personality registered for level 10
Feb 22 08:22:51 ip-172-31-69-21 kernel: [    3.536212] Btrfs loaded
Feb 22 08:22:51 ip-172-31-69-21 kernel: [    3.581707] EXT4-fs (xvda1): mounted filesystem with ordered data mode. Opts: (null)
Feb 22 08:22:51 ip-172-31-69-21 kernel: [    4.054617] EXT4-fs (xvda1): re-mounted. Opts: discard
Feb 22 08:22:51 ip-172-31-69-21 kernel: [    4.087005] Loading iSCSI transport class v2.0-870.
Feb 22 08:22:51 ip-172-31-69-21 kernel: [    4.127426] iscsi: registered transport (tcp)
Feb 22 08:22:51 ip-172-31-69-21 kernel: [    4.211992] iscsi: registered transport (iser)
Feb 22 08:22:51 ip-172-31-69-21 kernel: [    5.242014] audit: type=1400 audit(1519302168.564:2): apparmor="STATUS" operation="profile_load" profile="unconfined" name="lxc-container-default" pid=561 comm="apparmor_parser"
Feb 22 08:22:51 ip-172-31-69-21 kernel: [    5.242019] audit: type=1400 audit(1519302168.564:3): apparmor="STATUS" operation="profile_load" profile="unconfined" name="lxc-container-default-cgns" pid=561 comm="apparmor_parser"
Feb 22 08:22:51 ip-172-31-69-21 kernel: [    5.242022] audit: type=1400 audit(1519302168.564:4): apparmor="STATUS" operation="profile_load" profile="unconfined" name="lxc-container-default-with-mounting" pid=561 comm="apparmor_parser"
Feb 22 08:22:51 ip-172-31-69-21 kernel: [    5.242025] audit: type=1400 audit(1519302168.564:5): apparmor="STATUS" operation="profile_load" profile="unconfined" name="lxc-container-default-with-nesting" pid=561 comm="apparmor_parser"
Feb 22 08:22:51 ip-172-31-69-21 kernel: [    5.265693] audit: type=1400 audit(1519302168.588:6): apparmor="STATUS" operation="profile_load" profile="unconfined" name="/sbin/dhclient" pid=562 comm="apparmor_parser"
Feb 22 08:22:51 ip-172-31-69-21 kernel: [    5.265698] audit: type=1400 audit(1519302168.588:7): apparmor="STATUS" operation="profile_load" profile="unconfined" name="/usr/lib/NetworkManager/nm-dhcp-client.action" pid=562 comm="apparmor_parser"
Feb 22 08:22:51 ip-172-31-69-21 kernel: [    5.265701] audit: type=1400 audit(1519302168.588:8): apparmor="STATUS" operation="profile_load" profile="unconfined" name="/usr/lib/NetworkManager/nm-dhcp-helper" pid=562 comm="apparmor_parser"
Feb 22 08:22:51 ip-172-31-69-21 kernel: [    5.265704] audit: type=1400 audit(1519302168.588:9): apparmor="STATUS" operation="profile_load" profile="unconfined" name="/usr/lib/connman/scripts/dhclient-script" pid=562 comm="apparmor_parser"
Feb 22 08:22:51 ip-172-31-69-21 kernel: [    5.267452] audit: type=1400 audit(1519302168.588:10): apparmor="STATUS" operation="profile_load" profile="unconfined" name="/usr/bin/lxc-start" pid=563 comm="apparmor_parser"
Feb 22 08:22:51 ip-172-31-69-21 kernel: [    6.590664] ppdev: user-space parallel port driver
Feb 22 08:22:51 ip-172-31-69-21 kernel: [    7.916706] random: nonblocking pool is initialized
Feb 22 08:22:51 ip-172-31-69-21 systemd[1]: Starting Accounts Service...
Feb 22 08:22:51 ip-172-31-69-21 systemd[1]: Started Deferred execution scheduler.
Feb 22 08:22:51 ip-172-31-69-21 systemd[1]: Started Unattended Upgrades Shutdown.
Feb 22 08:22:51 ip-172-31-69-21 systemd[1]: Starting LSB: Record successful boot for GRUB...
Feb 22 08:22:51 ip-172-31-69-21 systemd[1]: Starting /etc/rc.local Compatibility...
Feb 22 08:22:51 ip-172-31-69-21 systemd[1]: Started Regular background program processing daemon.
Feb 22 08:22:51 ip-172-31-69-21 cron[1123]: (CRON) INFO (pidfile fd = 3)
Feb 22 08:22:51 ip-172-31-69-21 cron[1123]: (CRON) INFO (Running @reboot jobs)
Feb 22 08:22:51 ip-172-31-69-21 systemd[1]: Started ACPI event daemon.
Feb 22 08:22:51 ip-172-31-69-21 systemd[1]: Starting Apply the settings specified in cloud-config...
Feb 22 08:22:51 ip-172-31-69-21 acpid: starting up with netlink and the input layer
Feb 22 08:22:51 ip-172-31-69-21 acpid: 1 rule loaded
Feb 22 08:22:51 ip-172-31-69-21 acpid: waiting for events: event logging is off
Feb 22 08:22:51 ip-172-31-69-21 systemd[1]: Starting Snappy daemon...
Feb 22 08:22:51 ip-172-31-69-21 systemd[1]: Starting LSB: MD monitoring daemon...
Feb 22 08:22:51 ip-172-31-69-21 systemd[1]: Started FUSE filesystem for LXC.
Feb 22 08:22:51 ip-172-31-69-21 systemd[1]: Started D-Bus System Message Bus.
Feb 22 08:22:51 ip-172-31-69-21 lxcfs[1140]: hierarchies:
Feb 22 08:22:51 ip-172-31-69-21 lxcfs[1140]:   0: fd:   5: devices
Feb 22 08:22:51 ip-172-31-69-21 lxcfs[1140]:   1: fd:   6: perf_event
Feb 22 08:22:51 ip-172-31-69-21 lxcfs[1140]:   2: fd:   7: hugetlb
Feb 22 08:22:51 ip-172-31-69-21 lxcfs[1140]:   3: fd:   8: blkio
Feb 22 08:22:51 ip-172-31-69-21 lxcfs[1140]:   4: fd:   9: net_cls,net_prio
Feb 22 08:22:51 ip-172-31-69-21 lxcfs[1140]:   5: fd:  10: pids
Feb 22 08:22:51 ip-172-31-69-21 lxcfs[1140]:   6: fd:  11: memory
Feb 22 08:22:51 ip-172-31-69-21 lxcfs[1140]:   7: fd:  12: cpu,cpuacct
Feb 22 08:22:51 ip-172-31-69-21 lxcfs[1140]:   8: fd:  13: cpuset
Feb 22 08:22:51 ip-172-31-69-21 lxcfs[1140]:   9: fd:  14: freezer
Feb 22 08:22:51 ip-172-31-69-21 lxcfs[1140]:  10: fd:  15: name=systemd
Feb 22 08:22:51 ip-172-31-69-21 kernel: [    8.397370] cgroup: new mount options do not match the existing superblock, will be ignored
Feb 22 08:22:51 ip-172-31-69-21 dbus[1145]: [system] AppArmor D-Bus mediation is enabled
Feb 22 08:22:51 ip-172-31-69-21 systemd[1]: Started System Logging Service.
Feb 22 08:22:51 ip-172-31-69-21 systemd[1]: Started OpenBSD Secure Shell server.
Feb 22 08:22:51 ip-172-31-69-21 systemd[1]: Started /etc/rc.local Compatibility.
Feb 22 08:22:51 ip-172-31-69-21 sensors[1153]: No sensors found!
Feb 22 08:22:51 ip-172-31-69-21 sensors[1153]: Make sure you loaded all the kernel drivers you need.
Feb 22 08:22:51 ip-172-31-69-21 sensors[1153]: Try sensors-detect to find out which these are.
Feb 22 08:22:51 ip-172-31-69-21 systemd[1]: Started Initialize hardware monitoring sensors.
Feb 22 08:22:51 ip-172-31-69-21 dbus[1145]: [system] Activating via systemd: service name='org.freedesktop.PolicyKit1' unit='polkitd.service'
Feb 22 08:22:51 ip-172-31-69-21 systemd[1]: Started LXD - container startup/shutdown.
Feb 22 08:22:51 ip-172-31-69-21 iscsiadm[1162]: iscsiadm: No records found
Feb 22 08:22:51 ip-172-31-69-21 systemd[1]: Started Login to default iSCSI targets.
Feb 22 08:22:51 ip-172-31-69-21 systemd[1]: Started LSB: Record successful boot for GRUB.
Feb 22 08:22:51 ip-172-31-69-21 mdadm[1138]:  * Starting MD monitoring service mdadm --monitor
Feb 22 08:22:51 ip-172-31-69-21 snapd[1135]: AppArmor status: apparmor is enabled and all features are available
Feb 22 08:22:51 ip-172-31-69-21 snapd[1135]: 2018/02/22 08:22:51.956517 daemon.go:306: started snapd/2.29.4.2 (series 16; classic) ubuntu/16.04 (amd64) linux/4.4.0-1049-aws.
Feb 22 08:22:51 ip-172-31-69-21 systemd[1]: Started Snappy daemon.
Feb 22 08:22:51 ip-172-31-69-21 mdadm[1138]:    ...done.
Feb 22 08:22:51 ip-172-31-69-21 systemd[1]: Started LSB: MD monitoring daemon.
Feb 22 08:22:51 ip-172-31-69-21 systemd[1]: Started Login Service.
Feb 22 08:22:52 ip-172-31-69-21 systemd[1]: Starting Authenticate and Authorize Users to Run Privileged Tasks...
Feb 22 08:22:52 ip-172-31-69-21 systemd[1]: Reached target Remote File Systems (Pre).
Feb 22 08:22:52 ip-172-31-69-21 systemd[1]: Reached target Remote File Systems.
Feb 22 08:22:52 ip-172-31-69-21 systemd[1]: Starting Permit User Sessions...
Feb 22 08:22:52 ip-172-31-69-21 systemd[1]: Starting LSB: Set the CPU Frequency Scaling governor to "ondemand"...
Feb 22 08:22:52 ip-172-31-69-21 systemd[1]: Starting LSB: automatic crash report generation...
Feb 22 08:22:52 ip-172-31-69-21 polkitd[1179]: started daemon version 0.105 using authority implementation `local' version `0.105'
Feb 22 08:22:52 ip-172-31-69-21 dbus[1145]: [system] Successfully activated service 'org.freedesktop.PolicyKit1'
Feb 22 08:22:52 ip-172-31-69-21 accounts-daemon[1105]: started daemon version 0.6.40
Feb 22 08:22:52 ip-172-31-69-21 systemd[1]: Starting LSB: daemon to balance interrupts for SMP systems...
Feb 22 08:22:52 ip-172-31-69-21 systemd[1]: Starting LSB: disk temperature monitoring daemon...
Feb 22 08:22:52 ip-172-31-69-21 systemd[1]: Started Permit User Sessions.
Feb 22 08:22:52 ip-172-31-69-21 systemd[1]: Started Authenticate and Authorize Users to Run Privileged Tasks.
Feb 22 08:22:52 ip-172-31-69-21 systemd[1]: Started Accounts Service.
Feb 22 08:22:52 ip-172-31-69-21 systemd[1]: Started LSB: Set the CPU Frequency Scaling governor to "ondemand".
Feb 22 08:22:52 ip-172-31-69-21 apport[1194]:  * Starting automatic crash report generation: apport
Feb 22 08:22:52 ip-172-31-69-21 systemd[1]: Starting Terminate Plymouth Boot Screen...
Feb 22 08:22:52 ip-172-31-69-21 systemd[1]: Starting Hold until boot process finishes up...
Feb 22 08:22:52 ip-172-31-69-21 irqbalance[1196]:  * Starting SMP IRQ Balancer: irqbalance
Feb 22 08:22:52 ip-172-31-69-21 systemd[1]: Started LSB: disk temperature monitoring daemon.
Feb 22 08:22:52 ip-172-31-69-21 systemd[1]: Started Terminate Plymouth Boot Screen.
Feb 22 08:22:52 ip-172-31-69-21 /usr/sbin/irqbalance: Balancing is ineffective on systems with a single cpu.  Shutting down
Feb 22 08:22:52 ip-172-31-69-21 irqbalance[1196]:    ...done.
Feb 22 08:22:52 ip-172-31-69-21 apport[1194]:    ...done.
Feb 22 08:22:52 ip-172-31-69-21 systemd[1]: Started Hold until boot process finishes up.
Feb 22 08:22:52 ip-172-31-69-21 systemd[1]: Started LSB: automatic crash report generation.
Feb 22 08:22:52 ip-172-31-69-21 systemd[1]: Started LSB: daemon to balance interrupts for SMP systems.
Feb 22 08:22:52 ip-172-31-69-21 systemd[1]: Started Getty on tty1.
Feb 22 08:22:52 ip-172-31-69-21 systemd[1]: Starting Set console scheme...
Feb 22 08:22:52 ip-172-31-69-21 systemd[1]: Started Serial Getty on ttyS0.
Feb 22 08:22:52 ip-172-31-69-21 systemd[1]: Reached target Login Prompts.
Feb 22 08:22:52 ip-172-31-69-21 systemd[1]: Reached target Multi-User System.
Feb 22 08:22:52 ip-172-31-69-21 systemd[1]: Reached target Graphical Interface.
Feb 22 08:22:52 ip-172-31-69-21 systemd[1]: Starting Update UTMP about System Runlevel Changes...
Feb 22 08:22:52 ip-172-31-69-21 systemd[1]: Started Set console scheme.
Feb 22 08:22:52 ip-172-31-69-21 systemd[1]: Started Update UTMP about System Runlevel Changes.
Feb 22 08:22:52 ip-172-31-69-21 cloud-init[1131]: Cloud-init v. 17.1 running 'modules:config' at Thu, 22 Feb 2018 12:22:52 +0000. Up 9.12 seconds.
Feb 22 08:22:52 ip-172-31-69-21 systemd[1]: Started Apply the settings specified in cloud-config.
Feb 22 08:22:52 ip-172-31-69-21 systemd[1]: Starting Execute cloud user/final scripts...
Feb 22 08:22:52 ip-172-31-69-21 cloud-init[1260]: Cloud-init v. 17.1 running 'modules:final' at Thu, 22 Feb 2018 12:22:52 +0000. Up 9.52 seconds.
Feb 22 08:22:52 ip-172-31-69-21 cloud-init[1260]: Cloud-init v. 17.1 finished at Thu, 22 Feb 2018 12:22:52 +0000. Datasource DataSourceEc2Local.  Up 9.64 seconds
Feb 22 08:22:53 ip-172-31-69-21 systemd[1]: Started Execute cloud user/final scripts.
Feb 22 08:22:53 ip-172-31-69-21 systemd[1]: Reached target Cloud-init target.
Feb 22 08:22:53 ip-172-31-69-21 systemd[1]: Startup finished in 3.703s (kernel) + 6.027s (userspace) = 9.730s.
Feb 22 08:23:18 ip-172-31-69-21 systemd-timesyncd[508]: Synchronized to time server 91.189.94.4:123 (ntp.ubuntu.com).
Feb 22 08:26:57 ip-172-31-69-21 systemd[1]: Created slice User Slice of ubuntu.
Feb 22 08:26:57 ip-172-31-69-21 systemd[1]: Starting User Manager for UID 1000...
Feb 22 08:26:57 ip-172-31-69-21 systemd[1]: Started Session 1 of user ubuntu.
Feb 22 08:26:57 ip-172-31-69-21 systemd[1279]: Reached target Sockets.
Feb 22 08:26:57 ip-172-31-69-21 systemd[1279]: Reached target Timers.
Feb 22 08:26:57 ip-172-31-69-21 systemd[1279]: Reached target Paths.
Feb 22 08:26:57 ip-172-31-69-21 systemd[1279]: Reached target Basic System.
Feb 22 08:26:57 ip-172-31-69-21 systemd[1279]: Reached target Default.
Feb 22 08:26:57 ip-172-31-69-21 systemd[1279]: Startup finished in 24ms.
Feb 22 08:26:57 ip-172-31-69-21 systemd[1]: Started User Manager for UID 1000.
Feb 22 08:27:17 ip-172-31-69-21 kernel: [  273.683108] Netfilter messages via NETLINK v0.30.
Feb 22 08:27:17 ip-172-31-69-21 kernel: [  273.691432] device eth0 entered promiscuous mode
Feb 22 08:38:14 ip-172-31-69-21 systemd[1]: Starting Cleanup of Temporary Directories...
Feb 22 08:38:14 ip-172-31-69-21 systemd-tmpfiles[1389]: [/usr/lib/tmpfiles.d/var.conf:14] Duplicate line for path "/var/log", ignoring.
Feb 22 08:38:14 ip-172-31-69-21 systemd[1]: Started Cleanup of Temporary Directories.
Feb 22 08:48:09 ip-172-31-69-21 dhclient[966]: DHCPREQUEST of 172.31.69.21 on eth0 to 172.31.69.1 port 67 (xid=0x3e6e62f6)
Feb 22 08:48:09 ip-172-31-69-21 dhclient[966]: DHCPACK of 172.31.69.21 from 172.31.69.1
Feb 22 08:48:09 ip-172-31-69-21 dhclient[966]: bound to 172.31.69.21 -- renewal in 1475 seconds.
Feb 22 09:12:44 ip-172-31-69-21 dhclient[966]: DHCPREQUEST of 172.31.69.21 on eth0 to 172.31.69.1 port 67 (xid=0x3e6e62f6)
Feb 22 09:12:44 ip-172-31-69-21 dhclient[966]: DHCPACK of 172.31.69.21 from 172.31.69.1
Feb 22 09:12:44 ip-172-31-69-21 dhclient[966]: bound to 172.31.69.21 -- renewal in 1356 seconds.
Feb 22 09:17:01 ip-172-31-69-21 CRON[1425]: (root) CMD (   cd / && run-parts --report /etc/cron.hourly)
Feb 22 09:35:20 ip-172-31-69-21 dhclient[966]: DHCPREQUEST of 172.31.69.21 on eth0 to 172.31.69.1 port 67 (xid=0x3e6e62f6)
Feb 22 09:35:20 ip-172-31-69-21 dhclient[966]: DHCPACK of 172.31.69.21 from 172.31.69.1
Feb 22 09:35:20 ip-172-31-69-21 dhclient[966]: bound to 172.31.69.21 -- renewal in 1760 seconds.
Feb 22 10:04:40 ip-172-31-69-21 dhclient[966]: DHCPREQUEST of 172.31.69.21 on eth0 to 172.31.69.1 port 67 (xid=0x3e6e62f6)
Feb 22 10:04:40 ip-172-31-69-21 dhclient[966]: DHCPACK of 172.31.69.21 from 172.31.69.1
Feb 22 10:04:40 ip-172-31-69-21 dhclient[966]: bound to 172.31.69.21 -- renewal in 1606 seconds.
Feb 22 10:17:01 ip-172-31-69-21 CRON[1468]: (root) CMD (   cd / && run-parts --report /etc/cron.hourly)
Feb 22 10:31:26 ip-172-31-69-21 dhclient[966]: DHCPREQUEST of 172.31.69.21 on eth0 to 172.31.69.1 port 67 (xid=0x3e6e62f6)
Feb 22 10:31:26 ip-172-31-69-21 dhclient[966]: DHCPACK of 172.31.69.21 from 172.31.69.1
Feb 22 10:31:26 ip-172-31-69-21 dhclient[966]: bound to 172.31.69.21 -- renewal in 1469 seconds.
Feb 22 10:55:55 ip-172-31-69-21 dhclient[966]: DHCPREQUEST of 172.31.69.21 on eth0 to 172.31.69.1 port 67 (xid=0x3e6e62f6)
Feb 22 10:55:55 ip-172-31-69-21 dhclient[966]: DHCPACK of 172.31.69.21 from 172.31.69.1
Feb 22 10:55:55 ip-172-31-69-21 dhclient[966]: bound to 172.31.69.21 -- renewal in 1666 seconds.
Feb 22 11:17:01 ip-172-31-69-21 CRON[1505]: (root) CMD (   cd / && run-parts --report /etc/cron.hourly)
Feb 22 11:23:41 ip-172-31-69-21 dhclient[966]: DHCPREQUEST of 172.31.69.21 on eth0 to 172.31.69.1 port 67 (xid=0x3e6e62f6)
Feb 22 11:23:41 ip-172-31-69-21 dhclient[966]: DHCPACK of 172.31.69.21 from 172.31.69.1
Feb 22 11:23:41 ip-172-31-69-21 dhclient[966]: bound to 172.31.69.21 -- renewal in 1751 seconds.
Feb 22 11:52:52 ip-172-31-69-21 dhclient[966]: DHCPREQUEST of 172.31.69.21 on eth0 to 172.31.69.1 port 67 (xid=0x3e6e62f6)
Feb 22 11:52:52 ip-172-31-69-21 dhclient[966]: DHCPACK of 172.31.69.21 from 172.31.69.1
Feb 22 11:52:52 ip-172-31-69-21 dhclient[966]: bound to 172.31.69.21 -- renewal in 1766 seconds.
Feb 22 12:17:01 ip-172-31-69-21 CRON[1548]: (root) CMD (   cd / && run-parts --report /etc/cron.hourly)
Feb 22 12:22:18 ip-172-31-69-21 dhclient[966]: DHCPREQUEST of 172.31.69.21 on eth0 to 172.31.69.1 port 67 (xid=0x3e6e62f6)
Feb 22 12:22:18 ip-172-31-69-21 dhclient[966]: DHCPACK of 172.31.69.21 from 172.31.69.1
Feb 22 12:22:18 ip-172-31-69-21 dhclient[966]: bound to 172.31.69.21 -- renewal in 1426 seconds.
Feb 22 12:46:04 ip-172-31-69-21 dhclient[966]: DHCPREQUEST of 172.31.69.21 on eth0 to 172.31.69.1 port 67 (xid=0x3e6e62f6)
Feb 22 12:46:04 ip-172-31-69-21 dhclient[966]: DHCPACK of 172.31.69.21 from 172.31.69.1
Feb 22 12:46:04 ip-172-31-69-21 dhclient[966]: bound to 172.31.69.21 -- renewal in 1377 seconds.
Feb 22 13:09:01 ip-172-31-69-21 dhclient[966]: DHCPREQUEST of 172.31.69.21 on eth0 to 172.31.69.1 port 67 (xid=0x3e6e62f6)
Feb 22 13:09:01 ip-172-31-69-21 dhclient[966]: DHCPACK of 172.31.69.21 from 172.31.69.1
Feb 22 13:09:01 ip-172-31-69-21 dhclient[966]: bound to 172.31.69.21 -- renewal in 1685 seconds.
Feb 22 13:17:01 ip-172-31-69-21 CRON[1655]: (root) CMD (   cd / && run-parts --report /etc/cron.hourly)
Feb 22 13:37:06 ip-172-31-69-21 dhclient[966]: DHCPREQUEST of 172.31.69.21 on eth0 to 172.31.69.1 port 67 (xid=0x3e6e62f6)
Feb 22 13:37:06 ip-172-31-69-21 dhclient[966]: DHCPACK of 172.31.69.21 from 172.31.69.1
Feb 22 13:37:06 ip-172-31-69-21 dhclient[966]: bound to 172.31.69.21 -- renewal in 1459 seconds.
Feb 22 13:47:01 ip-172-31-69-21 CRON[1682]: (root) CMD (nohup tcpdump > /home/ubuntu/capture/dump$(hostname -I) &  )
Feb 22 14:01:25 ip-172-31-69-21 dhclient[966]: DHCPREQUEST of 172.31.69.21 on eth0 to 172.31.69.1 port 67 (xid=0x3e6e62f6)
Feb 22 14:01:25 ip-172-31-69-21 dhclient[966]: DHCPACK of 172.31.69.21 from 172.31.69.1
Feb 22 14:01:25 ip-172-31-69-21 dhclient[966]: bound to 172.31.69.21 -- renewal in 1492 seconds.
Feb 22 14:17:01 ip-172-31-69-21 CRON[1972]: (root) CMD (   cd / && run-parts --report /etc/cron.hourly)
Feb 22 14:26:17 ip-172-31-69-21 dhclient[966]: DHCPREQUEST of 172.31.69.21 on eth0 to 172.31.69.1 port 67 (xid=0x3e6e62f6)
Feb 22 14:26:17 ip-172-31-69-21 dhclient[966]: DHCPACK of 172.31.69.21 from 172.31.69.1
Feb 22 14:26:17 ip-172-31-69-21 dhclient[966]: bound to 172.31.69.21 -- renewal in 1539 seconds.
Feb 22 14:51:56 ip-172-31-69-21 dhclient[966]: DHCPREQUEST of 172.31.69.21 on eth0 to 172.31.69.1 port 67 (xid=0x3e6e62f6)
Feb 22 14:51:56 ip-172-31-69-21 dhclient[966]: DHCPACK of 172.31.69.21 from 172.31.69.1
Feb 22 14:51:56 ip-172-31-69-21 dhclient[966]: bound to 172.31.69.21 -- renewal in 1704 seconds.
Feb 22 15:17:01 ip-172-31-69-21 CRON[2026]: (root) CMD (   cd / && run-parts --report /etc/cron.hourly)
Feb 22 15:20:21 ip-172-31-69-21 dhclient[966]: DHCPREQUEST of 172.31.69.21 on eth0 to 172.31.69.1 port 67 (xid=0x3e6e62f6)
Feb 22 15:20:21 ip-172-31-69-21 dhclient[966]: DHCPACK of 172.31.69.21 from 172.31.69.1
Feb 22 15:20:21 ip-172-31-69-21 dhclient[966]: bound to 172.31.69.21 -- renewal in 1428 seconds.
Feb 22 15:44:09 ip-172-31-69-21 dhclient[966]: DHCPREQUEST of 172.31.69.21 on eth0 to 172.31.69.1 port 67 (xid=0x3e6e62f6)
Feb 22 15:44:09 ip-172-31-69-21 dhclient[966]: DHCPACK of 172.31.69.21 from 172.31.69.1
Feb 22 15:44:09 ip-172-31-69-21 dhclient[966]: bound to 172.31.69.21 -- renewal in 1498 seconds.
Feb 22 16:09:07 ip-172-31-69-21 dhclient[966]: DHCPREQUEST of 172.31.69.21 on eth0 to 172.31.69.1 port 67 (xid=0x3e6e62f6)
Feb 22 16:09:07 ip-172-31-69-21 dhclient[966]: DHCPACK of 172.31.69.21 from 172.31.69.1
Feb 22 16:09:07 ip-172-31-69-21 dhclient[966]: bound to 172.31.69.21 -- renewal in 1723 seconds.
Feb 22 16:17:01 ip-172-31-69-21 CRON[2112]: (root) CMD (   cd / && run-parts --report /etc/cron.hourly)
Feb 22 16:37:50 ip-172-31-69-21 dhclient[966]: DHCPREQUEST of 172.31.69.21 on eth0 to 172.31.69.1 port 67 (xid=0x3e6e62f6)
Feb 22 16:37:50 ip-172-31-69-21 dhclient[966]: DHCPACK of 172.31.69.21 from 172.31.69.1
Feb 22 16:37:50 ip-172-31-69-21 dhclient[966]: bound to 172.31.69.21 -- renewal in 1387 seconds.
Feb 22 17:00:57 ip-172-31-69-21 dhclient[966]: DHCPREQUEST of 172.31.69.21 on eth0 to 172.31.69.1 port 67 (xid=0x3e6e62f6)
Feb 22 17:00:57 ip-172-31-69-21 dhclient[966]: DHCPACK of 172.31.69.21 from 172.31.69.1
Feb 22 17:00:57 ip-172-31-69-21 dhclient[966]: bound to 172.31.69.21 -- renewal in 1421 seconds.
Feb 22 17:03:54 ip-172-31-69-21 systemd[1]: Starting Daily apt download activities...
Feb 22 17:04:06 ip-172-31-69-21 systemd[1]: Started Daily apt download activities.
Feb 22 17:17:01 ip-172-31-69-21 CRON[2441]: (root) CMD (   cd / && run-parts --report /etc/cron.hourly)
Feb 22 17:24:38 ip-172-31-69-21 dhclient[966]: DHCPREQUEST of 172.31.69.21 on eth0 to 172.31.69.1 port 67 (xid=0x3e6e62f6)
Feb 22 17:24:38 ip-172-31-69-21 dhclient[966]: DHCPACK of 172.31.69.21 from 172.31.69.1
Feb 22 17:24:38 ip-172-31-69-21 dhclient[966]: bound to 172.31.69.21 -- renewal in 1521 seconds.
