Feb 22 06:38:25 ip-172-31-69-22 dhclient[920]: DHCPREQUEST of 172.31.69.22 on eth0 to 172.31.69.1 port 67 (xid=0x8e3fd6c)
Feb 22 06:38:25 ip-172-31-69-22 dhclient[920]: DHCPACK of 172.31.69.22 from 172.31.69.1
Feb 22 06:38:25 ip-172-31-69-22 dhclient[920]: bound to 172.31.69.22 -- renewal in 1532 seconds.
Feb 22 07:03:57 ip-172-31-69-22 dhclient[920]: DHCPREQUEST of 172.31.69.22 on eth0 to 172.31.69.1 port 67 (xid=0x8e3fd6c)
Feb 22 07:03:57 ip-172-31-69-22 dhclient[920]: DHCPACK of 172.31.69.22 from 172.31.69.1
Feb 22 07:03:57 ip-172-31-69-22 dhclient[920]: bound to 172.31.69.22 -- renewal in 1639 seconds.
Feb 22 07:17:01 ip-172-31-69-22 CRON[3298]: (root) CMD (   cd / && run-parts --report /etc/cron.hourly)
Feb 22 07:31:16 ip-172-31-69-22 dhclient[920]: DHCPREQUEST of 172.31.69.22 on eth0 to 172.31.69.1 port 67 (xid=0x8e3fd6c)
Feb 22 07:31:16 ip-172-31-69-22 dhclient[920]: DHCPACK of 172.31.69.22 from 172.31.69.1
Feb 22 07:31:16 ip-172-31-69-22 dhclient[920]: bound to 172.31.69.22 -- renewal in 1385 seconds.
Feb 22 07:54:21 ip-172-31-69-22 dhclient[920]: DHCPREQUEST of 172.31.69.22 on eth0 to 172.31.69.1 port 67 (xid=0x8e3fd6c)
Feb 22 07:54:21 ip-172-31-69-22 dhclient[920]: DHCPACK of 172.31.69.22 from 172.31.69.1
Feb 22 07:54:21 ip-172-31-69-22 dhclient[920]: bound to 172.31.69.22 -- renewal in 1707 seconds.
Feb 22 08:17:01 ip-172-31-69-22 CRON[3351]: (root) CMD (   cd / && run-parts --report /etc/cron.hourly)
Feb 22 08:22:17 ip-172-31-69-22 systemd[1]: Received SIGINT.
Feb 22 08:22:17 ip-172-31-69-22 systemd[1]: Stopped target Timers.
Feb 22 08:22:17 ip-172-31-69-22 systemd[1]: Stopped Timer to automatically refresh installed snaps.
Feb 22 08:22:17 ip-172-31-69-22 systemd[1]: Stopped target Graphical Interface.
Feb 22 08:22:17 ip-172-31-69-22 systemd[1]: Stopping ACPI event daemon...
Feb 22 08:22:17 ip-172-31-69-22 kernel: [85974.171783] device eth0 left promiscuous mode
Feb 22 08:22:17 ip-172-31-69-22 systemd[1]: Stopping Session 1 of user ubuntu.
Feb 22 08:22:17 ip-172-31-69-22 systemd[1]: Stopping Authenticate and Authorize Users to Run Privileged Tasks...
Feb 22 08:22:17 ip-172-31-69-22 systemd[1]: Stopped Daily Cleanup of Temporary Directories.
Feb 22 08:22:18 ip-172-31-69-22 systemd[1]: Stopped Daily apt upgrade and clean activities.
Feb 22 08:22:18 ip-172-31-69-22 systemd[1]: Stopped target Cloud-init target.
Feb 22 08:22:18 ip-172-31-69-22 systemd[1]: Stopped Execute cloud user/final scripts.
Feb 22 08:22:18 ip-172-31-69-22 systemd[1]: Stopped Apply the settings specified in cloud-config.
Feb 22 08:22:18 ip-172-31-69-22 systemd[1]: Stopped target Cloud-config availability.
Feb 22 08:22:18 ip-172-31-69-22 systemd[1]: Stopping Accounts Service...
Feb 22 08:22:18 ip-172-31-69-22 systemd[1]: Closed Load/Save RF Kill Switch Status /dev/rfkill Watch.
Feb 22 08:22:18 ip-172-31-69-22 systemd[1]: Stopping User Manager for UID 1000...
Feb 22 08:22:18 ip-172-31-69-22 systemd[1295]: Stopped target Default.
Feb 22 08:22:18 ip-172-31-69-22 systemd[1295]: Stopped target Basic System.
Feb 22 08:22:18 ip-172-31-69-22 systemd[1295]: Stopped target Timers.
Feb 22 08:22:18 ip-172-31-69-22 systemd[1295]: Stopped target Paths.
Feb 22 08:22:18 ip-172-31-69-22 systemd[1295]: Stopped target Sockets.
Feb 22 08:22:18 ip-172-31-69-22 systemd[1295]: Reached target Shutdown.
Feb 22 08:22:18 ip-172-31-69-22 systemd[1295]: Starting Exit the Session...
Feb 22 08:22:18 ip-172-31-69-22 systemd[1]: Stopped target Multi-User System.
Feb 22 08:22:18 ip-172-31-69-22 systemd[1295]: Received SIGRTMIN+24 from PID 3359 (kill).
Feb 22 08:22:18 ip-172-31-69-22 systemd[1]: Stopping D-Bus System Message Bus...
Feb 22 08:22:18 ip-172-31-69-22 systemd[1]: Stopping Unattended Upgrades Shutdown...
Feb 22 08:22:18 ip-172-31-69-22 systemd[1]: Stopped Initialize hardware monitoring sensors.
Feb 22 08:22:18 ip-172-31-69-22 systemd[1]: Stopping Snappy daemon...
Feb 22 08:22:18 ip-172-31-69-22 snapd[1157]: 2018/02/22 08:22:18.068372 main.go:78: Exiting on terminated signal.
Feb 22 08:22:18 ip-172-31-69-22 systemd[1]: Stopping Regular background program processing daemon...
Feb 22 08:22:18 ip-172-31-69-22 systemd[1]: Stopping LSB: MD monitoring daemon...
Feb 22 08:22:18 ip-172-31-69-22 rsyslogd: [origin software="rsyslogd" swVersion="8.16.0" x-pid="1136" x-info="http://www.rsyslog.com"] exiting on signal 15.
Feb 22 08:22:52 ip-172-31-69-22 rsyslogd: [origin software="rsyslogd" swVersion="8.16.0" x-pid="1129" x-info="http://www.rsyslog.com"] start
Feb 22 08:22:52 ip-172-31-69-22 rsyslogd-2222: command 'KLogPermitNonKernelFacility' is currently not permitted - did you already set it via a RainerScript command (v6+ config)? [v8.16.0 try http://www.rsyslog.com/e/2222 ]
Feb 22 08:22:52 ip-172-31-69-22 rsyslogd: rsyslogd's groupid changed to 108
Feb 22 08:22:52 ip-172-31-69-22 rsyslogd: rsyslogd's userid changed to 104
Feb 22 08:22:52 ip-172-31-69-22 rsyslogd-2039: Could not open output pipe '/dev/xconsole':: No such file or directory [v8.16.0 try http://www.rsyslog.com/e/2039 ]
Feb 22 08:22:52 ip-172-31-69-22 rsyslogd-2007: action 'action 11' suspended, next retry is Thu Feb 22 08:23:22 2018 [v8.16.0 try http://www.rsyslog.com/e/2007 ]
Feb 22 08:22:52 ip-172-31-69-22 kernel: [    0.000000] Initializing cgroup subsys cpuset
Feb 22 08:22:52 ip-172-31-69-22 kernel: [    0.000000] Initializing cgroup subsys cpu
Feb 22 08:22:52 ip-172-31-69-22 kernel: [    0.000000] Initializing cgroup subsys cpuacct
Feb 22 08:22:52 ip-172-31-69-22 kernel: [    0.000000] Linux version 4.4.0-1049-aws (buildd@lcy01-amd64-001) (gcc version 5.4.0 20160609 (Ubuntu 5.4.0-6ubuntu1~16.04.5) ) #58-Ubuntu SMP Fri Jan 12 23:17:09 UTC 2018 (Ubuntu 4.4.0-1049.58-aws 4.4.98)
Feb 22 08:22:52 ip-172-31-69-22 kernel: [    0.000000] Command line: BOOT_IMAGE=/boot/vmlinuz-4.4.0-1049-aws root=UUID=ccee1a8d-0785-4b3a-a578-812d59f5d3e1 ro console=tty1 console=ttyS0 nvme.io_timeout=4294967295
Feb 22 08:22:52 ip-172-31-69-22 kernel: [    0.000000] KERNEL supported cpus:
Feb 22 08:22:52 ip-172-31-69-22 kernel: [    0.000000]   Intel GenuineIntel
Feb 22 08:22:52 ip-172-31-69-22 kernel: [    0.000000]   AMD AuthenticAMD
Feb 22 08:22:52 ip-172-31-69-22 kernel: [    0.000000]   Centaur CentaurHauls
Feb 22 08:22:52 ip-172-31-69-22 kernel: [    0.000000] x86/fpu: xstate_offset[2]:  576, xstate_sizes[2]:  256
Feb 22 08:22:52 ip-172-31-69-22 kernel: [    0.000000] x86/fpu: Supporting XSAVE feature 0x01: 'x87 floating point registers'
Feb 22 08:22:52 ip-172-31-69-22 kernel: [    0.000000] x86/fpu: Supporting XSAVE feature 0x02: 'SSE registers'
Feb 22 08:22:52 ip-172-31-69-22 kernel: [    0.000000] x86/fpu: Supporting XSAVE feature 0x04: 'AVX registers'
Feb 22 08:22:52 ip-172-31-69-22 kernel: [    0.000000] x86/fpu: Enabled xstate features 0x7, context size is 832 bytes, using 'standard' format.
Feb 22 08:22:52 ip-172-31-69-22 kernel: [    0.000000] x86/fpu: Using 'eager' FPU context switches.
Feb 22 08:22:52 ip-172-31-69-22 kernel: [    0.000000] e820: BIOS-provided physical RAM map:
Feb 22 08:22:52 ip-172-31-69-22 kernel: [    0.000000] BIOS-e820: [mem 0x0000000000000000-0x000000000009dfff] usable
Feb 22 08:22:52 ip-172-31-69-22 kernel: [    0.000000] BIOS-e820: [mem 0x000000000009e000-0x000000000009ffff] reserved
Feb 22 08:22:52 ip-172-31-69-22 kernel: [    0.000000] BIOS-e820: [mem 0x00000000000e0000-0x00000000000fffff] reserved
Feb 22 08:22:52 ip-172-31-69-22 kernel: [    0.000000] BIOS-e820: [mem 0x0000000000100000-0x000000003fffffff] usable
Feb 22 08:22:52 ip-172-31-69-22 kernel: [    0.000000] BIOS-e820: [mem 0x00000000fc000000-0x00000000ffffffff] reserved
Feb 22 08:22:52 ip-172-31-69-22 kernel: [    0.000000] NX (Execute Disable) protection: active
Feb 22 08:22:52 ip-172-31-69-22 kernel: [    0.000000] SMBIOS 2.7 present.
Feb 22 08:22:52 ip-172-31-69-22 kernel: [    0.000000] DMI: Xen HVM domU, BIOS 4.2.amazon 08/24/2006
Feb 22 08:22:52 ip-172-31-69-22 kernel: [    0.000000] Hypervisor detected: Xen
Feb 22 08:22:52 ip-172-31-69-22 kernel: [    0.000000] Xen version 4.2.
Feb 22 08:22:52 ip-172-31-69-22 kernel: [    0.000000] Xen Platform PCI: I/O protocol version 1
Feb 22 08:22:52 ip-172-31-69-22 kernel: [    0.000000] Netfront and the Xen platform PCI driver have been compiled for this kernel: unplug emulated NICs.
Feb 22 08:22:52 ip-172-31-69-22 kernel: [    0.000000] Blkfront and the Xen platform PCI driver have been compiled for this kernel: unplug emulated disks.
Feb 22 08:22:52 ip-172-31-69-22 kernel: [    0.000000] You might have to change the root device
Feb 22 08:22:52 ip-172-31-69-22 kernel: [    0.000000] from /dev/hd[a-d] to /dev/xvd[a-d]
Feb 22 08:22:52 ip-172-31-69-22 kernel: [    0.000000] in your root= kernel command line option
Feb 22 08:22:52 ip-172-31-69-22 kernel: [    0.000000] HVMOP_pagetable_dying not supported
Feb 22 08:22:52 ip-172-31-69-22 kernel: [    0.000000] e820: update [mem 0x00000000-0x00000fff] usable ==> reserved
Feb 22 08:22:52 ip-172-31-69-22 kernel: [    0.000000] e820: remove [mem 0x000a0000-0x000fffff] usable
Feb 22 08:22:52 ip-172-31-69-22 kernel: [    0.000000] e820: last_pfn = 0x40000 max_arch_pfn = 0x400000000
Feb 22 08:22:52 ip-172-31-69-22 kernel: [    0.000000] MTRR default type: write-back
Feb 22 08:22:52 ip-172-31-69-22 kernel: [    0.000000] MTRR fixed ranges enabled:
Feb 22 08:22:52 ip-172-31-69-22 kernel: [    0.000000]   00000-9FFFF write-back
Feb 22 08:22:52 ip-172-31-69-22 kernel: [    0.000000]   A0000-BFFFF write-combining
Feb 22 08:22:52 ip-172-31-69-22 kernel: [    0.000000]   C0000-FFFFF write-back
Feb 22 08:22:52 ip-172-31-69-22 kernel: [    0.000000] MTRR variable ranges enabled:
Feb 22 08:22:52 ip-172-31-69-22 kernel: [    0.000000]   0 base 0000F0000000 mask 3FFFF8000000 uncachable
Feb 22 08:22:52 ip-172-31-69-22 kernel: [    0.000000]   1 base 0000F8000000 mask 3FFFFC000000 uncachable
Feb 22 08:22:52 ip-172-31-69-22 kernel: [    0.000000]   2 disabled
Feb 22 08:22:52 ip-172-31-69-22 kernel: [    0.000000]   3 disabled
Feb 22 08:22:52 ip-172-31-69-22 kernel: [    0.000000]   4 disabled
Feb 22 08:22:52 ip-172-31-69-22 kernel: [    0.000000]   5 disabled
Feb 22 08:22:52 ip-172-31-69-22 kernel: [    0.000000]   6 disabled
Feb 22 08:22:52 ip-172-31-69-22 kernel: [    0.000000]   7 disabled
Feb 22 08:22:52 ip-172-31-69-22 kernel: [    0.000000] x86/PAT: Configuration [0-7]: WB  WC  UC- UC  WB  WC  UC- WT  
Feb 22 08:22:52 ip-172-31-69-22 kernel: [    0.000000] found SMP MP-table at [mem 0x000fbc20-0x000fbc2f] mapped at [ffff8800000fbc20]
Feb 22 08:22:52 ip-172-31-69-22 kernel: [    0.000000] Scanning 1 areas for low memory corruption
Feb 22 08:22:52 ip-172-31-69-22 kernel: [    0.000000] Base memory trampoline at [ffff880000098000] 98000 size 24576
Feb 22 08:22:52 ip-172-31-69-22 kernel: [    0.000000] BRK [0x02201000, 0x02201fff] PGTABLE
Feb 22 08:22:52 ip-172-31-69-22 kernel: [    0.000000] BRK [0x02202000, 0x02202fff] PGTABLE
Feb 22 08:22:52 ip-172-31-69-22 kernel: [    0.000000] BRK [0x02203000, 0x02203fff] PGTABLE
Feb 22 08:22:52 ip-172-31-69-22 kernel: [    0.000000] RAMDISK: [mem 0x367e6000-0x373eafff]
Feb 22 08:22:52 ip-172-31-69-22 kernel: [    0.000000] ACPI: Early table checksum verification disabled
Feb 22 08:22:52 ip-172-31-69-22 kernel: [    0.000000] ACPI: RSDP 0x00000000000EA020 000024 (v02 Xen   )
Feb 22 08:22:52 ip-172-31-69-22 kernel: [    0.000000] ACPI: XSDT 0x00000000FC00DDC0 000054 (v01 Xen    HVM      00000000 HVML 00000000)
Feb 22 08:22:52 ip-172-31-69-22 kernel: [    0.000000] ACPI: FACP 0x00000000FC00DA80 0000F4 (v04 Xen    HVM      00000000 HVML 00000000)
Feb 22 08:22:52 ip-172-31-69-22 kernel: [    0.000000] ACPI: DSDT 0x00000000FC001CE0 00BD19 (v02 Xen    HVM      00000000 INTL 20090123)
Feb 22 08:22:52 ip-172-31-69-22 kernel: [    0.000000] ACPI: FACS 0x00000000FC001CA0 000040
Feb 22 08:22:52 ip-172-31-69-22 kernel: [    0.000000] ACPI: FACS 0x00000000FC001CA0 000040
Feb 22 08:22:52 ip-172-31-69-22 kernel: [    0.000000] ACPI: APIC 0x00000000FC00DB80 0000D8 (v02 Xen    HVM      00000000 HVML 00000000)
Feb 22 08:22:52 ip-172-31-69-22 kernel: [    0.000000] ACPI: HPET 0x00000000FC00DCD0 000038 (v01 Xen    HVM      00000000 HVML 00000000)
Feb 22 08:22:52 ip-172-31-69-22 kernel: [    0.000000] ACPI: WAET 0x00000000FC00DD10 000028 (v01 Xen    HVM      00000000 HVML 00000000)
Feb 22 08:22:52 ip-172-31-69-22 kernel: [    0.000000] ACPI: SSDT 0x00000000FC00DD40 000031 (v02 Xen    HVM      00000000 INTL 20090123)
Feb 22 08:22:52 ip-172-31-69-22 kernel: [    0.000000] ACPI: SSDT 0x00000000FC00DD80 000031 (v02 Xen    HVM      00000000 INTL 20090123)
Feb 22 08:22:52 ip-172-31-69-22 kernel: [    0.000000] ACPI: Local APIC address 0xfee00000
Feb 22 08:22:52 ip-172-31-69-22 kernel: [    0.000000] No NUMA configuration found
Feb 22 08:22:52 ip-172-31-69-22 kernel: [    0.000000] Faking a node at [mem 0x0000000000000000-0x000000003fffffff]
Feb 22 08:22:52 ip-172-31-69-22 kernel: [    0.000000] NODE_DATA(0) allocated [mem 0x3fffb000-0x3fffffff]
Feb 22 08:22:52 ip-172-31-69-22 kernel: [    0.000000] Zone ranges:
Feb 22 08:22:52 ip-172-31-69-22 kernel: [    0.000000]   DMA      [mem 0x0000000000001000-0x0000000000ffffff]
Feb 22 08:22:52 ip-172-31-69-22 kernel: [    0.000000]   DMA32    [mem 0x0000000001000000-0x000000003fffffff]
Feb 22 08:22:52 ip-172-31-69-22 kernel: [    0.000000]   Normal   empty
Feb 22 08:22:52 ip-172-31-69-22 kernel: [    0.000000]   Device   empty
Feb 22 08:22:52 ip-172-31-69-22 kernel: [    0.000000] Movable zone start for each node
Feb 22 08:22:52 ip-172-31-69-22 kernel: [    0.000000] Early memory node ranges
Feb 22 08:22:52 ip-172-31-69-22 kernel: [    0.000000]   node   0: [mem 0x0000000000001000-0x000000000009dfff]
Feb 22 08:22:52 ip-172-31-69-22 kernel: [    0.000000]   node   0: [mem 0x0000000000100000-0x000000003fffffff]
Feb 22 08:22:52 ip-172-31-69-22 kernel: [    0.000000] Initmem setup node 0 [mem 0x0000000000001000-0x000000003fffffff]
Feb 22 08:22:52 ip-172-31-69-22 kernel: [    0.000000] On node 0 totalpages: 262045
Feb 22 08:22:52 ip-172-31-69-22 kernel: [    0.000000]   DMA zone: 64 pages used for memmap
Feb 22 08:22:52 ip-172-31-69-22 kernel: [    0.000000]   DMA zone: 21 pages reserved
Feb 22 08:22:52 ip-172-31-69-22 kernel: [    0.000000]   DMA zone: 3997 pages, LIFO batch:0
Feb 22 08:22:52 ip-172-31-69-22 kernel: [    0.000000]   DMA32 zone: 4032 pages used for memmap
Feb 22 08:22:52 ip-172-31-69-22 kernel: [    0.000000]   DMA32 zone: 258048 pages, LIFO batch:31
Feb 22 08:22:52 ip-172-31-69-22 kernel: [    0.000000] ACPI: PM-Timer IO Port: 0xb008
Feb 22 08:22:52 ip-172-31-69-22 kernel: [    0.000000] ACPI: Local APIC address 0xfee00000
Feb 22 08:22:52 ip-172-31-69-22 kernel: [    0.000000] IOAPIC[0]: apic_id 1, version 17, address 0xfec00000, GSI 0-47
Feb 22 08:22:52 ip-172-31-69-22 kernel: [    0.000000] ACPI: INT_SRC_OVR (bus 0 bus_irq 0 global_irq 2 dfl dfl)
Feb 22 08:22:52 ip-172-31-69-22 kernel: [    0.000000] ACPI: INT_SRC_OVR (bus 0 bus_irq 5 global_irq 5 low level)
Feb 22 08:22:52 ip-172-31-69-22 kernel: [    0.000000] ACPI: INT_SRC_OVR (bus 0 bus_irq 10 global_irq 10 low level)
Feb 22 08:22:52 ip-172-31-69-22 kernel: [    0.000000] ACPI: INT_SRC_OVR (bus 0 bus_irq 11 global_irq 11 low level)
Feb 22 08:22:52 ip-172-31-69-22 kernel: [    0.000000] ACPI: IRQ0 used by override.
Feb 22 08:22:52 ip-172-31-69-22 kernel: [    0.000000] ACPI: IRQ5 used by override.
Feb 22 08:22:52 ip-172-31-69-22 kernel: [    0.000000] ACPI: IRQ9 used by override.
Feb 22 08:22:52 ip-172-31-69-22 kernel: [    0.000000] ACPI: IRQ10 used by override.
Feb 22 08:22:52 ip-172-31-69-22 kernel: [    0.000000] ACPI: IRQ11 used by override.
Feb 22 08:22:52 ip-172-31-69-22 kernel: [    0.000000] Using ACPI (MADT) for SMP configuration information
Feb 22 08:22:52 ip-172-31-69-22 kernel: [    0.000000] ACPI: HPET id: 0x8086a201 base: 0xfed00000
Feb 22 08:22:52 ip-172-31-69-22 kernel: [    0.000000] smpboot: Allowing 15 CPUs, 14 hotplug CPUs
Feb 22 08:22:52 ip-172-31-69-22 kernel: [    0.000000] PM: Registered nosave memory: [mem 0x00000000-0x00000fff]
Feb 22 08:22:52 ip-172-31-69-22 kernel: [    0.000000] PM: Registered nosave memory: [mem 0x0009e000-0x0009ffff]
Feb 22 08:22:52 ip-172-31-69-22 kernel: [    0.000000] PM: Registered nosave memory: [mem 0x000a0000-0x000dffff]
Feb 22 08:22:52 ip-172-31-69-22 kernel: [    0.000000] PM: Registered nosave memory: [mem 0x000e0000-0x000fffff]
Feb 22 08:22:52 ip-172-31-69-22 kernel: [    0.000000] e820: [mem 0x40000000-0xfbffffff] available for PCI devices
Feb 22 08:22:52 ip-172-31-69-22 kernel: [    0.000000] Booting paravirtualized kernel on Xen HVM
Feb 22 08:22:52 ip-172-31-69-22 kernel: [    0.000000] clocksource: refined-jiffies: mask: 0xffffffff max_cycles: 0xffffffff, max_idle_ns: 7645519600211568 ns
Feb 22 08:22:52 ip-172-31-69-22 kernel: [    0.000000] setup_percpu: NR_CPUS:256 nr_cpumask_bits:256 nr_cpu_ids:15 nr_node_ids:1
Feb 22 08:22:52 ip-172-31-69-22 kernel: [    0.000000] PERCPU: Embedded 34 pages/cpu @ffff88003e200000 s99160 r8192 d31912 u262144
Feb 22 08:22:52 ip-172-31-69-22 kernel: [    0.000000] pcpu-alloc: s99160 r8192 d31912 u262144 alloc=1*2097152
Feb 22 08:22:52 ip-172-31-69-22 kernel: [    0.000000] pcpu-alloc: [0] 00 01 02 03 04 05 06 07 [0] 08 09 10 11 12 13 14 -- 
Feb 22 08:22:52 ip-172-31-69-22 kernel: [    0.000000] xen: PV spinlocks enabled
Feb 22 08:22:52 ip-172-31-69-22 kernel: [    0.000000] PV qspinlock hash table entries: 256 (order: 0, 4096 bytes)
Feb 22 08:22:52 ip-172-31-69-22 kernel: [    0.000000] Built 1 zonelists in Node order, mobility grouping on.  Total pages: 257928
Feb 22 08:22:52 ip-172-31-69-22 kernel: [    0.000000] Policy zone: DMA32
Feb 22 08:22:52 ip-172-31-69-22 systemd-modules-load[373]: Inserted module 'iscsi_tcp'
Feb 22 08:22:52 ip-172-31-69-22 systemd-modules-load[373]: Inserted module 'ib_iser'
Feb 22 08:22:52 ip-172-31-69-22 systemd[1]: Started Remount Root and Kernel File Systems.
Feb 22 08:22:52 ip-172-31-69-22 systemd[1]: Started Uncomplicated firewall.
Feb 22 08:22:52 ip-172-31-69-22 systemd[1]: Started Load Kernel Modules.
Feb 22 08:22:52 ip-172-31-69-22 loadkeys[395]: Loading /etc/console-setup/cached.kmap.gz
Feb 22 08:22:52 ip-172-31-69-22 systemd[1]: Started Create list of required static device nodes for the current kernel.
Feb 22 08:22:52 ip-172-31-69-22 systemd[1]: Started Set console keymap.
Feb 22 08:22:52 ip-172-31-69-22 systemd[1]: Started Nameserver information manager.
Feb 22 08:22:52 ip-172-31-69-22 systemd[1]: Started LVM2 metadata daemon.
Feb 22 08:22:52 ip-172-31-69-22 systemd[1]: Starting Create Static Device Nodes in /dev...
Feb 22 08:22:52 ip-172-31-69-22 systemd[1]: Mounting FUSE Control File System...
Feb 22 08:22:52 ip-172-31-69-22 systemd[1]: Starting Apply Kernel Variables...
Feb 22 08:22:52 ip-172-31-69-22 systemd[1]: Starting udev Coldplug all Devices...
Feb 22 08:22:52 ip-172-31-69-22 systemd[1]: Starting Load/Save Random Seed...
Feb 22 08:22:52 ip-172-31-69-22 systemd[1]: Starting Initial cloud-init job (pre-networking)...
Feb 22 08:22:52 ip-172-31-69-22 systemd[1]: Starting Flush Journal to Persistent Storage...
Feb 22 08:22:52 ip-172-31-69-22 systemd[1]: Mounted FUSE Control File System.
Feb 22 08:22:52 ip-172-31-69-22 systemd[1]: Started Create Static Device Nodes in /dev.
Feb 22 08:22:52 ip-172-31-69-22 systemd[1]: Started Apply Kernel Variables.
Feb 22 08:22:52 ip-172-31-69-22 systemd[1]: Started Load/Save Random Seed.
Feb 22 08:22:52 ip-172-31-69-22 systemd[1]: Starting udev Kernel Device Manager...
Feb 22 08:22:52 ip-172-31-69-22 systemd[1]: Started Flush Journal to Persistent Storage.
Feb 22 08:22:52 ip-172-31-69-22 systemd[1]: Started udev Coldplug all Devices.
Feb 22 08:22:52 ip-172-31-69-22 systemd[1]: Started Monitoring of LVM2 mirrors, snapshots etc. using dmeventd or progress polling.
Feb 22 08:22:52 ip-172-31-69-22 systemd[1]: Started udev Kernel Device Manager.
Feb 22 08:22:52 ip-172-31-69-22 systemd[1]: Reached target Local File Systems (Pre).
Feb 22 08:22:52 ip-172-31-69-22 systemd[1]: Reached target Local File Systems.
Feb 22 08:22:52 ip-172-31-69-22 systemd[1]: Starting Set console font and keymap...
Feb 22 08:22:52 ip-172-31-69-22 systemd[1]: Starting Create Volatile Files and Directories...
Feb 22 08:22:52 ip-172-31-69-22 systemd-tmpfiles[474]: [/usr/lib/tmpfiles.d/var.conf:14] Duplicate line for path "/var/log", ignoring.
Feb 22 08:22:52 ip-172-31-69-22 systemd[1]: Starting Tell Plymouth To Write Out Runtime Data...
Feb 22 08:22:52 ip-172-31-69-22 systemd[1]: Starting LSB: AppArmor initialization...
Feb 22 08:22:52 ip-172-31-69-22 systemd[1]: Started Dispatch Password Requests to Console Directory Watch.
Feb 22 08:22:52 ip-172-31-69-22 systemd[1]: Started Create Volatile Files and Directories.
Feb 22 08:22:52 ip-172-31-69-22 systemd[1]: Started Tell Plymouth To Write Out Runtime Data.
Feb 22 08:22:52 ip-172-31-69-22 systemd[1]: Starting Network Time Synchronization...
Feb 22 08:22:52 ip-172-31-69-22 systemd[1]: Starting Update UTMP about System Boot/Shutdown...
Feb 22 08:22:52 ip-172-31-69-22 apparmor[483]:  * Starting AppArmor profiles
Feb 22 08:22:52 ip-172-31-69-22 systemd[1]: Started Update UTMP about System Boot/Shutdown.
Feb 22 08:22:52 ip-172-31-69-22 systemd[1]: Started Network Time Synchronization.
Feb 22 08:22:52 ip-172-31-69-22 systemd[1]: Reached target System Time Synchronized.
Feb 22 08:22:52 ip-172-31-69-22 apparmor[483]: Skipping profile in /etc/apparmor.d/disable: usr.sbin.rsyslogd
Feb 22 08:22:52 ip-172-31-69-22 apparmor[483]:    ...done.
Feb 22 08:22:52 ip-172-31-69-22 systemd[1]: Started LSB: AppArmor initialization.
Feb 22 08:22:52 ip-172-31-69-22 systemd[1]: Found device /dev/ttyS0.
Feb 22 08:22:52 ip-172-31-69-22 systemd[1]: Found device /sys/subsystem/net/devices/eth0.
Feb 22 08:22:52 ip-172-31-69-22 systemd[1]: Started Set console font and keymap.
Feb 22 08:22:52 ip-172-31-69-22 systemd[1]: Created slice system-getty.slice.
Feb 22 08:22:52 ip-172-31-69-22 systemd[1]: Listening on Load/Save RF Kill Switch Status /dev/rfkill Watch.
Feb 22 08:22:52 ip-172-31-69-22 dhclient[826]: Internet Systems Consortium DHCP Client 4.3.3
Feb 22 08:22:52 ip-172-31-69-22 dhclient[826]: Copyright 2004-2015 Internet Systems Consortium.
Feb 22 08:22:52 ip-172-31-69-22 dhclient[826]: All rights reserved.
Feb 22 08:22:52 ip-172-31-69-22 dhclient[826]: For info, please visit https://www.isc.org/software/dhcp/
Feb 22 08:22:52 ip-172-31-69-22 dhclient[826]: 
Feb 22 08:22:52 ip-172-31-69-22 dhclient[826]: Listening on LPF/eth0/02:af:ed:2c:d5:88
Feb 22 08:22:52 ip-172-31-69-22 dhclient[826]: Sending on   LPF/eth0/02:af:ed:2c:d5:88
Feb 22 08:22:52 ip-172-31-69-22 dhclient[826]: Sending on   Socket/fallback
Feb 22 08:22:52 ip-172-31-69-22 dhclient[826]: DHCPDISCOVER on eth0 to 255.255.255.255 port 67 interval 3 (xid=0xf18b7a0a)
Feb 22 08:22:52 ip-172-31-69-22 dhclient[826]: DHCPREQUEST of 172.31.69.22 on eth0 to 255.255.255.255 port 67 (xid=0xa7a8bf1)
Feb 22 08:22:52 ip-172-31-69-22 dhclient[826]: DHCPOFFER of 172.31.69.22 from 172.31.69.1
Feb 22 08:22:52 ip-172-31-69-22 dhclient[826]: DHCPACK of 172.31.69.22 from 172.31.69.1
Feb 22 08:22:52 ip-172-31-69-22 dhclient[826]: bound to 172.31.69.22 -- renewal in 1558 seconds.
Feb 22 08:22:52 ip-172-31-69-22 cloud-init[448]: Cloud-init v. 17.1 running 'init-local' at Thu, 22 Feb 2018 12:22:49 +0000. Up 5.57 seconds.
Feb 22 08:22:52 ip-172-31-69-22 systemd[1]: Started Initial cloud-init job (pre-networking).
Feb 22 08:22:52 ip-172-31-69-22 systemd[1]: Reached target Network (Pre).
Feb 22 08:22:52 ip-172-31-69-22 systemd[1]: Starting Raise network interfaces...
Feb 22 08:22:52 ip-172-31-69-22 systemd[1]: Started ifup for eth0.
Feb 22 08:22:52 ip-172-31-69-22 sh[894]: Internet Systems Consortium DHCP Client 4.3.3
Feb 22 08:22:52 ip-172-31-69-22 sh[894]: Copyright 2004-2015 Internet Systems Consortium.
Feb 22 08:22:52 ip-172-31-69-22 sh[894]: All rights reserved.
Feb 22 08:22:52 ip-172-31-69-22 sh[894]: For info, please visit https://www.isc.org/software/dhcp/
Feb 22 08:22:52 ip-172-31-69-22 dhclient[907]: Internet Systems Consortium DHCP Client 4.3.3
Feb 22 08:22:52 ip-172-31-69-22 dhclient[907]: Copyright 2004-2015 Internet Systems Consortium.
Feb 22 08:22:52 ip-172-31-69-22 dhclient[907]: All rights reserved.
Feb 22 08:22:52 ip-172-31-69-22 dhclient[907]: For info, please visit https://www.isc.org/software/dhcp/
Feb 22 08:22:52 ip-172-31-69-22 dhclient[907]: 
Feb 22 08:22:52 ip-172-31-69-22 dhclient[907]: Listening on LPF/eth0/02:af:ed:2c:d5:88
Feb 22 08:22:52 ip-172-31-69-22 sh[894]: Listening on LPF/eth0/02:af:ed:2c:d5:88
Feb 22 08:22:52 ip-172-31-69-22 sh[894]: Sending on   LPF/eth0/02:af:ed:2c:d5:88
Feb 22 08:22:52 ip-172-31-69-22 sh[894]: Sending on   Socket/fallback
Feb 22 08:22:52 ip-172-31-69-22 sh[894]: DHCPDISCOVER on eth0 to 255.255.255.255 port 67 interval 3 (xid=0x5b3a0e7c)
Feb 22 08:22:52 ip-172-31-69-22 dhclient[907]: Sending on   LPF/eth0/02:af:ed:2c:d5:88
Feb 22 08:22:52 ip-172-31-69-22 dhclient[907]: Sending on   Socket/fallback
Feb 22 08:22:52 ip-172-31-69-22 dhclient[907]: DHCPDISCOVER on eth0 to 255.255.255.255 port 67 interval 3 (xid=0x5b3a0e7c)
Feb 22 08:22:52 ip-172-31-69-22 dhclient[907]: DHCPREQUEST of 172.31.69.22 on eth0 to 255.255.255.255 port 67 (xid=0x7c0e3a5b)
Feb 22 08:22:52 ip-172-31-69-22 sh[894]: DHCPREQUEST of 172.31.69.22 on eth0 to 255.255.255.255 port 67 (xid=0x7c0e3a5b)
Feb 22 08:22:52 ip-172-31-69-22 sh[894]: DHCPOFFER of 172.31.69.22 from 172.31.69.1
Feb 22 08:22:52 ip-172-31-69-22 dhclient[907]: DHCPOFFER of 172.31.69.22 from 172.31.69.1
Feb 22 08:22:52 ip-172-31-69-22 dhclient[907]: DHCPACK of 172.31.69.22 from 172.31.69.1
Feb 22 08:22:52 ip-172-31-69-22 sh[894]: DHCPACK of 172.31.69.22 from 172.31.69.1
Feb 22 08:22:52 ip-172-31-69-22 dhclient[907]: bound to 172.31.69.22 -- renewal in 1755 seconds.
Feb 22 08:22:52 ip-172-31-69-22 sh[894]: bound to 172.31.69.22 -- renewal in 1755 seconds.
Feb 22 08:22:52 ip-172-31-69-22 systemd[1]: Started Raise network interfaces.
Feb 22 08:22:52 ip-172-31-69-22 systemd[1]: Starting Initial cloud-init job (metadata service crawler)...
Feb 22 08:22:52 ip-172-31-69-22 systemd[1]: Reached target Network.
Feb 22 08:22:52 ip-172-31-69-22 cloud-init[1067]: Cloud-init v. 17.1 running 'init' at Thu, 22 Feb 2018 12:22:52 +0000. Up 7.69 seconds.
Feb 22 08:22:52 ip-172-31-69-22 cloud-init[1067]: ci-info: ++++++++++++++++++++++++++++++++++++++Net device info+++++++++++++++++++++++++++++++++++++++
Feb 22 08:22:52 ip-172-31-69-22 cloud-init[1067]: ci-info: +--------+------+----------------------------+-----------------+-------+-------------------+
Feb 22 08:22:52 ip-172-31-69-22 cloud-init[1067]: ci-info: | Device |  Up  |          Address           |       Mask      | Scope |     Hw-Address    |
Feb 22 08:22:52 ip-172-31-69-22 cloud-init[1067]: ci-info: +--------+------+----------------------------+-----------------+-------+-------------------+
Feb 22 08:22:52 ip-172-31-69-22 cloud-init[1067]: ci-info: |  eth0  | True |        172.31.69.22        | 255.255.255.224 |   .   | 02:af:ed:2c:d5:88 |
Feb 22 08:22:52 ip-172-31-69-22 cloud-init[1067]: ci-info: |  eth0  | True | fe80::af:edff:fe2c:d588/64 |        .        |  link | 02:af:ed:2c:d5:88 |
Feb 22 08:22:52 ip-172-31-69-22 cloud-init[1067]: ci-info: |   lo   | True |         127.0.0.1          |    255.0.0.0    |   .   |         .         |
Feb 22 08:22:52 ip-172-31-69-22 cloud-init[1067]: ci-info: |   lo   | True |          ::1/128           |        .        |  host |         .         |
Feb 22 08:22:52 ip-172-31-69-22 cloud-init[1067]: ci-info: +--------+------+----------------------------+-----------------+-------+-------------------+
Feb 22 08:22:52 ip-172-31-69-22 cloud-init[1067]: ci-info: ++++++++++++++++++++++++++++++Route IPv4 info++++++++++++++++++++++++++++++
Feb 22 08:22:52 ip-172-31-69-22 cloud-init[1067]: ci-info: +-------+-------------+-------------+-----------------+-----------+-------+
Feb 22 08:22:52 ip-172-31-69-22 cloud-init[1067]: ci-info: | Route | Destination |   Gateway   |     Genmask     | Interface | Flags |
Feb 22 08:22:52 ip-172-31-69-22 cloud-init[1067]: ci-info: +-------+-------------+-------------+-----------------+-----------+-------+
Feb 22 08:22:52 ip-172-31-69-22 cloud-init[1067]: ci-info: |   0   |   0.0.0.0   | 172.31.69.1 |     0.0.0.0     |    eth0   |   UG  |
Feb 22 08:22:52 ip-172-31-69-22 cloud-init[1067]: ci-info: |   1   | 172.31.69.0 |   0.0.0.0   | 255.255.255.224 |    eth0   |   U   |
Feb 22 08:22:52 ip-172-31-69-22 cloud-init[1067]: ci-info: +-------+-------------+-------------+-----------------+-----------+-------+
Feb 22 08:22:52 ip-172-31-69-22 iscsid: iSCSI logger with pid=1123 started!
Feb 22 08:22:52 ip-172-31-69-22 systemd[1]: Started Initial cloud-init job (metadata service crawler).
Feb 22 08:22:52 ip-172-31-69-22 iscsid: iSCSI daemon with pid=1124 started!
Feb 22 08:22:52 ip-172-31-69-22 systemd[1]: Reached target Cloud-config availability.
Feb 22 08:22:52 ip-172-31-69-22 systemd[1]: Reached target Network is Online.
Feb 22 08:22:52 ip-172-31-69-22 systemd[1]: Starting iSCSI initiator daemon (iscsid)...
Feb 22 08:22:52 ip-172-31-69-22 systemd[1]: Reached target System Initialization.
Feb 22 08:22:52 ip-172-31-69-22 systemd[1]: Listening on ACPID Listen Socket.
Feb 22 08:22:52 ip-172-31-69-22 systemd[1]: Listening on D-Bus System Message Bus Socket.
Feb 22 08:22:52 ip-172-31-69-22 systemd[1]: Starting LXD - unix socket.
Feb 22 08:22:52 ip-172-31-69-22 systemd[1]: Started Daily apt download activities.
Feb 22 08:22:52 ip-172-31-69-22 systemd[1]: Started Daily apt upgrade and clean activities.
Feb 22 08:22:52 ip-172-31-69-22 systemd[1]: Started ACPI Events Check.
Feb 22 08:22:52 ip-172-31-69-22 systemd[1]: Reached target Paths.
Feb 22 08:22:52 ip-172-31-69-22 systemd[1]: Started Daily Cleanup of Temporary Directories.
Feb 22 08:22:52 ip-172-31-69-22 systemd[1]: Starting Socket activation for snappy daemon.
Feb 22 08:22:52 ip-172-31-69-22 systemd[1]: Listening on UUID daemon activation socket.
Feb 22 08:22:52 ip-172-31-69-22 systemd[1]: Started Timer to automatically refresh installed snaps.
Feb 22 08:22:52 ip-172-31-69-22 systemd[1]: Reached target Timers.
Feb 22 08:22:52 ip-172-31-69-22 systemd[1]: Listening on LXD - unix socket.
Feb 22 08:22:52 ip-172-31-69-22 systemd[1]: Listening on Socket activation for snappy daemon.
Feb 22 08:22:52 ip-172-31-69-22 systemd[1]: Started iSCSI initiator daemon (iscsid).
Feb 22 08:22:52 ip-172-31-69-22 systemd[1]: Starting Login to default iSCSI targets...
Feb 22 08:22:52 ip-172-31-69-22 systemd[1]: Reached target Sockets.
Feb 22 08:22:52 ip-172-31-69-22 systemd[1]: Reached target Basic System.
Feb 22 08:22:52 ip-172-31-69-22 systemd[1]: Starting System Logging Service...
Feb 22 08:22:52 ip-172-31-69-22 systemd[1]: Started Unattended Upgrades Shutdown.
Feb 22 08:22:52 ip-172-31-69-22 systemd[1]: Starting Accounts Service...
Feb 22 08:22:52 ip-172-31-69-22 systemd[1]: Starting /etc/rc.local Compatibility...
Feb 22 08:22:52 ip-172-31-69-22 systemd[1]: Starting LSB: MD monitoring daemon...
Feb 22 08:22:52 ip-172-31-69-22 systemd[1]: Starting Apply the settings specified in cloud-config...
Feb 22 08:22:52 ip-172-31-69-22 systemd[1]: Starting Snappy daemon...
Feb 22 08:22:52 ip-172-31-69-22 kernel: [    0.000000] Kernel command line: BOOT_IMAGE=/boot/vmlinuz-4.4.0-1049-aws root=UUID=ccee1a8d-0785-4b3a-a578-812d59f5d3e1 ro console=tty1 console=ttyS0 nvme.io_timeout=4294967295
Feb 22 08:22:52 ip-172-31-69-22 kernel: [    0.000000] PID hash table entries: 4096 (order: 3, 32768 bytes)
Feb 22 08:22:52 ip-172-31-69-22 kernel: [    0.000000] Calgary: detecting Calgary via BIOS EBDA area
Feb 22 08:22:52 ip-172-31-69-22 kernel: [    0.000000] Calgary: Unable to locate Rio Grande table in EBDA - bailing!
Feb 22 08:22:52 ip-172-31-69-22 kernel: [    0.000000] Memory: 998628K/1048180K available (8320K kernel code, 1276K rwdata, 3872K rodata, 1484K init, 1288K bss, 49552K reserved, 0K cma-reserved)
Feb 22 08:22:52 ip-172-31-69-22 kernel: [    0.000000] SLUB: HWalign=64, Order=0-3, MinObjects=0, CPUs=15, Nodes=1
Feb 22 08:22:52 ip-172-31-69-22 kernel: [    0.000000] Kernel/User page tables isolation: enabled
Feb 22 08:22:52 ip-172-31-69-22 kernel: [    0.000000] Hierarchical RCU implementation.
Feb 22 08:22:52 ip-172-31-69-22 kernel: [    0.000000] 	Build-time adjustment of leaf fanout to 64.
Feb 22 08:22:52 ip-172-31-69-22 kernel: [    0.000000] 	RCU restricting CPUs from NR_CPUS=256 to nr_cpu_ids=15.
Feb 22 08:22:52 ip-172-31-69-22 kernel: [    0.000000] RCU: Adjusting geometry for rcu_fanout_leaf=64, nr_cpu_ids=15
Feb 22 08:22:52 ip-172-31-69-22 kernel: [    0.000000] NR_IRQS:16640 nr_irqs:952 16
Feb 22 08:22:52 ip-172-31-69-22 kernel: [    0.000000] xen:events: Using 2-level ABI
Feb 22 08:22:52 ip-172-31-69-22 kernel: [    0.000000] xen:events: Xen HVM callback vector for event delivery is enabled
Feb 22 08:22:52 ip-172-31-69-22 kernel: [    0.000000] Console: colour VGA+ 80x25
Feb 22 08:22:52 ip-172-31-69-22 kernel: [    0.000000] console [tty1] enabled
Feb 22 08:22:52 ip-172-31-69-22 kernel: [    0.000000] Cannot get hvm parameter CONSOLE_EVTCHN (18): -22!
Feb 22 08:22:52 ip-172-31-69-22 kernel: [    0.000000] console [ttyS0] enabled
Feb 22 08:22:52 ip-172-31-69-22 kernel: [    0.000000] clocksource: hpet: mask: 0xffffffff max_cycles: 0xffffffff, max_idle_ns: 30580167144 ns
Feb 22 08:22:52 ip-172-31-69-22 kernel: [    0.000000] hpet clockevent registered
Feb 22 08:22:52 ip-172-31-69-22 kernel: [    0.000000] tsc: Detected 2400.078 MHz processor
Feb 22 08:22:52 ip-172-31-69-22 kernel: [    0.012000] Calibrating delay loop (skipped), value calculated using timer frequency.. 4800.15 BogoMIPS (lpj=9600312)
Feb 22 08:22:52 ip-172-31-69-22 kernel: [    0.014472] pid_max: default: 32768 minimum: 301
Feb 22 08:22:52 ip-172-31-69-22 kernel: [    0.016013] ACPI: Core revision 20150930
Feb 22 08:22:52 ip-172-31-69-22 kernel: [    0.027693] ACPI: 3 ACPI AML tables successfully acquired and loaded
Feb 22 08:22:52 ip-172-31-69-22 kernel: [    0.032743] Security Framework initialized
Feb 22 08:22:52 ip-172-31-69-22 kernel: [    0.036002] Yama: becoming mindful.
Feb 22 08:22:52 ip-172-31-69-22 kernel: [    0.038677] AppArmor: AppArmor initialized
Feb 22 08:22:52 ip-172-31-69-22 kernel: [    0.040096] Dentry cache hash table entries: 131072 (order: 8, 1048576 bytes)
Feb 22 08:22:52 ip-172-31-69-22 kernel: [    0.044179] Inode-cache hash table entries: 65536 (order: 7, 524288 bytes)
Feb 22 08:22:52 ip-172-31-69-22 kernel: [    0.048080] Mount-cache hash table entries: 2048 (order: 2, 16384 bytes)
Feb 22 08:22:52 ip-172-31-69-22 kernel: [    0.052005] Mountpoint-cache hash table entries: 2048 (order: 2, 16384 bytes)
Feb 22 08:22:52 ip-172-31-69-22 kernel: [    0.056187] Initializing cgroup subsys io
Feb 22 08:22:52 ip-172-31-69-22 kernel: [    0.060005] Initializing cgroup subsys memory
Feb 22 08:22:52 ip-172-31-69-22 kernel: [    0.062750] Initializing cgroup subsys devices
Feb 22 08:22:52 ip-172-31-69-22 kernel: [    0.064004] Initializing cgroup subsys freezer
Feb 22 08:22:52 ip-172-31-69-22 kernel: [    0.068007] Initializing cgroup subsys net_cls
Feb 22 08:22:52 ip-172-31-69-22 kernel: [    0.072004] Initializing cgroup subsys perf_event
Feb 22 08:22:52 ip-172-31-69-22 kernel: [    0.075282] Initializing cgroup subsys net_prio
Feb 22 08:22:52 ip-172-31-69-22 kernel: [    0.076010] Initializing cgroup subsys hugetlb
Feb 22 08:22:52 ip-172-31-69-22 kernel: [    0.080004] Initializing cgroup subsys pids
Feb 22 08:22:52 ip-172-31-69-22 kernel: [    0.084071] CPU: Physical Processor ID: 0
Feb 22 08:22:52 ip-172-31-69-22 kernel: [    0.086764] FEATURE SPEC_CTRL Not Present
Feb 22 08:22:52 ip-172-31-69-22 kernel: [    0.088751] mce: CPU supports 2 MCE banks
Feb 22 08:22:52 ip-172-31-69-22 kernel: [    0.092024] Last level iTLB entries: 4KB 1024, 2MB 1024, 4MB 1024
Feb 22 08:22:52 ip-172-31-69-22 kernel: [    0.096004] Last level dTLB entries: 4KB 1024, 2MB 1024, 4MB 1024, 1GB 4
Feb 22 08:22:52 ip-172-31-69-22 kernel: [    0.117451] ftrace: allocating 31285 entries in 123 pages
Feb 22 08:22:52 ip-172-31-69-22 kernel: [    0.144097] smpboot: APIC(0) Converting physical 0 to logical package 0
Feb 22 08:22:52 ip-172-31-69-22 kernel: [    0.152002] smpboot: Max logical packages: 15
Feb 22 08:22:52 ip-172-31-69-22 kernel: [    0.168607] x2apic: IRQ remapping doesn't support X2APIC mode
Feb 22 08:22:52 ip-172-31-69-22 kernel: [    0.172005] Switched APIC routing to physical flat.
Feb 22 08:22:52 ip-172-31-69-22 kernel: [    0.178075] ..TIMER: vector=0x30 apic1=0 pin1=2 apic2=0 pin2=0
Feb 22 08:22:52 ip-172-31-69-22 kernel: [    0.180006] clocksource: xen: mask: 0xffffffffffffffff max_cycles: 0x1cd42e4dffb, max_idle_ns: 881590591483 ns
Feb 22 08:22:52 ip-172-31-69-22 kernel: [    0.188012] Xen: using vcpuop timer interface
Feb 22 08:22:52 ip-172-31-69-22 kernel: [    0.188019] installing Xen timer for CPU 0
Feb 22 08:22:52 ip-172-31-69-22 kernel: [    0.190907] smpboot: CPU0: Intel(R) Xeon(R) CPU E5-2676 v3 @ 2.40GHz (family: 0x6, model: 0x3f, stepping: 0x2)
Feb 22 08:22:52 ip-172-31-69-22 kernel: [    0.195674] cpu 0 spinlock event irq 53
Feb 22 08:22:52 ip-172-31-69-22 kernel: [    0.196017] Performance Events: unsupported p6 CPU model 63 no PMU driver, software events only.
Feb 22 08:22:52 ip-172-31-69-22 kernel: [    0.200782] x86: Booted up 1 node, 1 CPUs
Feb 22 08:22:52 ip-172-31-69-22 kernel: [    0.203843] smpboot: Total of 1 processors activated (4800.15 BogoMIPS)
Feb 22 08:22:52 ip-172-31-69-22 kernel: [    0.204013] NMI watchdog: disabled (cpu0): hardware events not enabled
Feb 22 08:22:52 ip-172-31-69-22 kernel: [    0.208005] NMI watchdog: Shutting down hard lockup detector on all cpus
Feb 22 08:22:52 ip-172-31-69-22 kernel: [    0.212359] devtmpfs: initialized
Feb 22 08:22:52 ip-172-31-69-22 kernel: [    0.216200] evm: security.selinux
Feb 22 08:22:52 ip-172-31-69-22 kernel: [    0.218823] evm: security.SMACK64
Feb 22 08:22:52 ip-172-31-69-22 kernel: [    0.220008] evm: security.SMACK64EXEC
Feb 22 08:22:52 ip-172-31-69-22 kernel: [    0.222394] evm: security.SMACK64TRANSMUTE
Feb 22 08:22:52 ip-172-31-69-22 kernel: [    0.224004] evm: security.SMACK64MMAP
Feb 22 08:22:52 ip-172-31-69-22 kernel: [    0.226401] evm: security.ima
Feb 22 08:22:52 ip-172-31-69-22 kernel: [    0.228006] evm: security.capability
Feb 22 08:22:52 ip-172-31-69-22 kernel: [    0.230527] clocksource: jiffies: mask: 0xffffffff max_cycles: 0xffffffff, max_idle_ns: 7645041785100000 ns
Feb 22 08:22:52 ip-172-31-69-22 kernel: [    0.232030] futex hash table entries: 4096 (order: 6, 262144 bytes)
Feb 22 08:22:52 ip-172-31-69-22 kernel: [    0.235900] RTC time: 12:22:44, date: 02/22/18
Feb 22 08:22:52 ip-172-31-69-22 kernel: [    0.236139] NET: Registered protocol family 16
Feb 22 08:22:52 ip-172-31-69-22 kernel: [    0.239137] cpuidle: using governor ladder
Feb 22 08:22:52 ip-172-31-69-22 kernel: [    0.240008] cpuidle: using governor menu
Feb 22 08:22:52 ip-172-31-69-22 kernel: [    0.242433] PCCT header not found.
Feb 22 08:22:52 ip-172-31-69-22 kernel: [    0.244103] ACPI: bus type PCI registered
Feb 22 08:22:52 ip-172-31-69-22 kernel: [    0.248010] acpiphp: ACPI Hot Plug PCI Controller Driver version: 0.5
Feb 22 08:22:52 ip-172-31-69-22 kernel: [    0.252316] PCI: Using configuration type 1 for base access
Feb 22 08:22:52 ip-172-31-69-22 kernel: [    0.256748] ACPI: Added _OSI(Module Device)
Feb 22 08:22:52 ip-172-31-69-22 kernel: [    0.259352] ACPI: Added _OSI(Processor Device)
Feb 22 08:22:52 ip-172-31-69-22 kernel: [    0.260007] ACPI: Added _OSI(3.0 _SCP Extensions)
Feb 22 08:22:52 ip-172-31-69-22 kernel: [    0.264004] ACPI: Added _OSI(Processor Aggregator Device)
Feb 22 08:22:52 ip-172-31-69-22 kernel: [    0.269466] xen: --> pirq=16 -> irq=9 (gsi=9)
Feb 22 08:22:52 ip-172-31-69-22 kernel: [    0.271882] ACPI: Interpreter enabled
Feb 22 08:22:52 ip-172-31-69-22 kernel: [    0.272018] ACPI: (supports S0 S4 S5)
Feb 22 08:22:52 ip-172-31-69-22 kernel: [    0.274696] ACPI: Using IOAPIC for interrupt routing
Feb 22 08:22:52 ip-172-31-69-22 kernel: [    0.276036] PCI: Using host bridge windows from ACPI; if necessary, use "pci=nocrs" and report a bug
Feb 22 08:22:52 ip-172-31-69-22 kernel: [    0.323114] ACPI: PCI Root Bridge [PCI0] (domain 0000 [bus 00-ff])
Feb 22 08:22:52 ip-172-31-69-22 kernel: [    0.324014] acpi PNP0A03:00: _OSC: OS supports [ASPM ClockPM Segments MSI]
Feb 22 08:22:52 ip-172-31-69-22 kernel: [    0.327766] acpi PNP0A03:00: _OSC failed (AE_NOT_FOUND); disabling ASPM
Feb 22 08:22:52 ip-172-31-69-22 kernel: [    0.328021] acpi PNP0A03:00: fail to add MMCONFIG information, can't access extended PCI configuration space under this bridge.
Feb 22 08:22:52 ip-172-31-69-22 kernel: [    0.332934] acpiphp: Slot [0] registered
Feb 22 08:22:52 ip-172-31-69-22 kernel: [    0.335950] acpiphp: Slot [3] registered
Feb 22 08:22:52 ip-172-31-69-22 kernel: [    0.336276] acpiphp: Slot [4] registered
Feb 22 08:22:52 ip-172-31-69-22 kernel: [    0.339115] acpiphp: Slot [5] registered
Feb 22 08:22:52 ip-172-31-69-22 kernel: [    0.340295] acpiphp: Slot [6] registered
Feb 22 08:22:52 ip-172-31-69-22 kernel: [    0.343357] acpiphp: Slot [7] registered
Feb 22 08:22:52 ip-172-31-69-22 kernel: [    0.344246] acpiphp: Slot [8] registered
Feb 22 08:22:52 ip-172-31-69-22 kernel: [    0.347162] acpiphp: Slot [9] registered
Feb 22 08:22:52 ip-172-31-69-22 kernel: [    0.348294] acpiphp: Slot [10] registered
Feb 22 08:22:52 ip-172-31-69-22 kernel: [    0.351331] acpiphp: Slot [11] registered
Feb 22 08:22:52 ip-172-31-69-22 kernel: [    0.352327] acpiphp: Slot [12] registered
Feb 22 08:22:52 ip-172-31-69-22 kernel: [    0.355629] acpiphp: Slot [13] registered
Feb 22 08:22:52 ip-172-31-69-22 kernel: [    0.356370] acpiphp: Slot [14] registered
Feb 22 08:22:52 ip-172-31-69-22 kernel: [    0.359413] acpiphp: Slot [15] registered
Feb 22 08:22:52 ip-172-31-69-22 kernel: [    0.360326] acpiphp: Slot [16] registered
Feb 22 08:22:52 ip-172-31-69-22 kernel: [    0.363335] acpiphp: Slot [17] registered
Feb 22 08:22:52 ip-172-31-69-22 kernel: [    0.364322] acpiphp: Slot [18] registered
Feb 22 08:22:52 ip-172-31-69-22 kernel: [    0.367407] acpiphp: Slot [19] registered
Feb 22 08:22:52 ip-172-31-69-22 kernel: [    0.368313] acpiphp: Slot [20] registered
Feb 22 08:22:52 ip-172-31-69-22 kernel: [    0.371763] acpiphp: Slot [21] registered
Feb 22 08:22:52 ip-172-31-69-22 kernel: [    0.372322] acpiphp: Slot [22] registered
Feb 22 08:22:52 ip-172-31-69-22 kernel: [    0.376062] acpiphp: Slot [23] registered
Feb 22 08:22:52 ip-172-31-69-22 kernel: [    0.379453] acpiphp: Slot [24] registered
Feb 22 08:22:52 ip-172-31-69-22 kernel: [    0.380259] acpiphp: Slot [25] registered
Feb 22 08:22:52 ip-172-31-69-22 kernel: [    0.382844] acpiphp: Slot [26] registered
Feb 22 08:22:52 ip-172-31-69-22 kernel: [    0.384238] acpiphp: Slot [27] registered
Feb 22 08:22:52 ip-172-31-69-22 kernel: [    0.386935] acpiphp: Slot [28] registered
Feb 22 08:22:52 ip-172-31-69-22 kernel: [    0.388236] acpiphp: Slot [29] registered
Feb 22 08:22:52 ip-172-31-69-22 kernel: [    0.390949] acpiphp: Slot [30] registered
Feb 22 08:22:52 ip-172-31-69-22 kernel: [    0.392239] acpiphp: Slot [31] registered
Feb 22 08:22:52 ip-172-31-69-22 kernel: [    0.394868] PCI host bridge to bus 0000:00
Feb 22 08:22:52 ip-172-31-69-22 kernel: [    0.396009] pci_bus 0000:00: root bus resource [io  0x0000-0x0cf7 window]
Feb 22 08:22:52 ip-172-31-69-22 kernel: [    0.399871] pci_bus 0000:00: root bus resource [io  0x0d00-0xffff window]
Feb 22 08:22:52 ip-172-31-69-22 kernel: [    0.400008] pci_bus 0000:00: root bus resource [mem 0x000a0000-0x000bffff window]
Feb 22 08:22:52 ip-172-31-69-22 kernel: [    0.404007] pci_bus 0000:00: root bus resource [mem 0xf0000000-0xfbffffff window]
Feb 22 08:22:52 ip-172-31-69-22 kernel: [    0.408008] pci_bus 0000:00: root bus resource [bus 00-ff]
Feb 22 08:22:52 ip-172-31-69-22 kernel: [    0.411192] pci 0000:00:00.0: [8086:1237] type 00 class 0x060000
Feb 22 08:22:52 ip-172-31-69-22 kernel: [    0.412840] pci 0000:00:01.0: [8086:7000] type 00 class 0x060100
Feb 22 08:22:52 ip-172-31-69-22 kernel: [    0.414780] pci 0000:00:01.1: [8086:7010] type 00 class 0x010180
Feb 22 08:22:52 ip-172-31-69-22 kernel: [    0.415719] pci 0000:00:01.1: reg 0x20: [io  0xc100-0xc10f]
Feb 22 08:22:52 ip-172-31-69-22 kernel: [    0.416081] pci 0000:00:01.1: legacy IDE quirk: reg 0x10: [io  0x01f0-0x01f7]
Feb 22 08:22:52 ip-172-31-69-22 kernel: [    0.420008] pci 0000:00:01.1: legacy IDE quirk: reg 0x14: [io  0x03f6]
Feb 22 08:22:52 ip-172-31-69-22 kernel: [    0.424009] pci 0000:00:01.1: legacy IDE quirk: reg 0x18: [io  0x0170-0x0177]
Feb 22 08:22:52 ip-172-31-69-22 kernel: [    0.427982] pci 0000:00:01.1: legacy IDE quirk: reg 0x1c: [io  0x0376]
Feb 22 08:22:52 ip-172-31-69-22 kernel: [    0.428607] pci 0000:00:01.3: [8086:7113] type 00 class 0x068000
Feb 22 08:22:52 ip-172-31-69-22 kernel: [    0.428681] * Found PM-Timer Bug on the chipset. Due to workarounds for a bug,
Feb 22 08:22:52 ip-172-31-69-22 kernel: [    0.428681] * this clock source is slow. Consider trying other clock sources
Feb 22 08:22:52 ip-172-31-69-22 kernel: [    0.433087] pci 0000:00:01.3: quirk: [io  0xb000-0xb03f] claimed by PIIX4 ACPI
Feb 22 08:22:52 ip-172-31-69-22 kernel: [    0.436754] pci 0000:00:02.0: [1013:00b8] type 00 class 0x030000
Feb 22 08:22:52 ip-172-31-69-22 kernel: [    0.437027] pci 0000:00:02.0: reg 0x10: [mem 0xf0000000-0xf1ffffff pref]
Feb 22 08:22:52 ip-172-31-69-22 kernel: [    0.437208] pci 0000:00:02.0: reg 0x14: [mem 0xf3000000-0xf3000fff]
Feb 22 08:22:52 ip-172-31-69-22 kernel: [    0.438705] pci 0000:00:03.0: [5853:0001] type 00 class 0xff8000
Feb 22 08:22:52 ip-172-31-69-22 kernel: [    0.439112] pci 0000:00:03.0: reg 0x10: [io  0xc000-0xc0ff]
Feb 22 08:22:52 ip-172-31-69-22 kernel: [    0.439305] pci 0000:00:03.0: reg 0x14: [mem 0xf2000000-0xf2ffffff pref]
Feb 22 08:22:52 ip-172-31-69-22 kernel: [    0.441605] ACPI: PCI Interrupt Link [LNKA] (IRQs *5 10 11)
Feb 22 08:22:52 ip-172-31-69-22 kernel: [    0.446312] ACPI: PCI Interrupt Link [LNKB] (IRQs 5 *10 11)
Feb 22 08:22:52 ip-172-31-69-22 kernel: [    0.451004] ACPI: PCI Interrupt Link [LNKC] (IRQs 5 10 *11)
Feb 22 08:22:52 ip-172-31-69-22 kernel: [    0.454777] ACPI: PCI Interrupt Link [LNKD] (IRQs *5 10 11)
Feb 22 08:22:52 ip-172-31-69-22 kernel: [    0.475615] ACPI: Enabled 2 GPEs in block 00 to 0F
Feb 22 08:22:52 ip-172-31-69-22 kernel: [    0.476068] xen:balloon: Initialising balloon driver
Feb 22 08:22:52 ip-172-31-69-22 kernel: [    0.480314] vgaarb: setting as boot device: PCI:0000:00:02.0
Feb 22 08:22:52 ip-172-31-69-22 kernel: [    0.483449] vgaarb: device added: PCI:0000:00:02.0,decodes=io+mem,owns=io+mem,locks=none
Feb 22 08:22:52 ip-172-31-69-22 kernel: [    0.484009] vgaarb: loaded
Feb 22 08:22:52 ip-172-31-69-22 kernel: [    0.486067] vgaarb: bridge control possible 0000:00:02.0
Feb 22 08:22:52 ip-172-31-69-22 kernel: [    0.488218] SCSI subsystem initialized
Feb 22 08:22:52 ip-172-31-69-22 kernel: [    0.491096] libata version 3.00 loaded.
Feb 22 08:22:52 ip-172-31-69-22 kernel: [    0.491120] ACPI: bus type USB registered
Feb 22 08:22:52 ip-172-31-69-22 kernel: [    0.492025] usbcore: registered new interface driver usbfs
Feb 22 08:22:52 ip-172-31-69-22 kernel: [    0.495300] usbcore: registered new interface driver hub
Feb 22 08:22:52 ip-172-31-69-22 kernel: [    0.496032] usbcore: registered new device driver usb
Feb 22 08:22:52 ip-172-31-69-22 kernel: [    0.499115] PCI: Using ACPI for IRQ routing
Feb 22 08:22:52 ip-172-31-69-22 kernel: [    0.500006] PCI: pci_cache_line_size set to 64 bytes
Feb 22 08:22:52 ip-172-31-69-22 kernel: [    0.500319] e820: reserve RAM buffer [mem 0x0009e000-0x0009ffff]
Feb 22 08:22:52 ip-172-31-69-22 kernel: [    0.500440] NetLabel: Initializing
Feb 22 08:22:52 ip-172-31-69-22 kernel: [    0.502639] NetLabel:  domain hash size = 128
Feb 22 08:22:52 ip-172-31-69-22 kernel: [    0.504005] NetLabel:  protocols = UNLABELED CIPSOv4
Feb 22 08:22:52 ip-172-31-69-22 kernel: [    0.506966] NetLabel:  unlabeled traffic allowed by default
Feb 22 08:22:52 ip-172-31-69-22 kernel: [    0.508113] HPET: 3 timers in total, 0 timers will be used for per-cpu timer
Feb 22 08:22:52 ip-172-31-69-22 kernel: [    0.511856] hpet0: at MMIO 0xfed00000, IRQs 2, 8, 0
Feb 22 08:22:52 ip-172-31-69-22 kernel: [    0.514077] hpet0: 3 comparators, 64-bit 62.500000 MHz counter
Feb 22 08:22:52 ip-172-31-69-22 kernel: [    0.518051] amd_nb: Cannot enumerate AMD northbridges
Feb 22 08:22:52 ip-172-31-69-22 kernel: [    0.520018] clocksource: Switched to clocksource xen
Feb 22 08:22:52 ip-172-31-69-22 kernel: [    0.528588] AppArmor: AppArmor Filesystem Enabled
Feb 22 08:22:52 ip-172-31-69-22 kernel: [    0.531584] pnp: PnP ACPI init
Feb 22 08:22:52 ip-172-31-69-22 kernel: [    0.533919] system 00:00: [mem 0x00000000-0x0009ffff] could not be reserved
Feb 22 08:22:52 ip-172-31-69-22 kernel: [    0.537825] system 00:00: Plug and Play ACPI device, IDs PNP0c02 (active)
Feb 22 08:22:52 ip-172-31-69-22 kernel: [    0.537910] system 00:01: [io  0x08a0-0x08a3] has been reserved
Feb 22 08:22:52 ip-172-31-69-22 kernel: [    0.541763] system 00:01: [io  0x0cc0-0x0ccf] has been reserved
Feb 22 08:22:52 ip-172-31-69-22 kernel: [    0.545483] system 00:01: [io  0x04d0-0x04d1] has been reserved
Feb 22 08:22:52 ip-172-31-69-22 kernel: [    0.549135] system 00:01: Plug and Play ACPI device, IDs PNP0c02 (active)
Feb 22 08:22:52 ip-172-31-69-22 kernel: [    0.549170] xen: --> pirq=17 -> irq=8 (gsi=8)
Feb 22 08:22:52 ip-172-31-69-22 kernel: [    0.549198] pnp 00:02: Plug and Play ACPI device, IDs PNP0b00 (active)
Feb 22 08:22:52 ip-172-31-69-22 kernel: [    0.549223] xen: --> pirq=18 -> irq=12 (gsi=12)
Feb 22 08:22:52 ip-172-31-69-22 kernel: [    0.549235] pnp 00:03: Plug and Play ACPI device, IDs PNP0f13 (active)
Feb 22 08:22:52 ip-172-31-69-22 kernel: [    0.549256] xen: --> pirq=19 -> irq=1 (gsi=1)
Feb 22 08:22:52 ip-172-31-69-22 kernel: [    0.549269] pnp 00:04: Plug and Play ACPI device, IDs PNP0303 PNP030b (active)
Feb 22 08:22:52 ip-172-31-69-22 kernel: [    0.549284] xen: --> pirq=20 -> irq=6 (gsi=6)
Feb 22 08:22:52 ip-172-31-69-22 kernel: [    0.549286] pnp 00:05: [dma 2]
Feb 22 08:22:52 ip-172-31-69-22 kernel: [    0.549299] pnp 00:05: Plug and Play ACPI device, IDs PNP0700 (active)
Feb 22 08:22:52 ip-172-31-69-22 kernel: [    0.549322] xen: --> pirq=21 -> irq=4 (gsi=4)
Feb 22 08:22:52 ip-172-31-69-22 kernel: [    0.549334] pnp 00:06: Plug and Play ACPI device, IDs PNP0501 (active)
Feb 22 08:22:52 ip-172-31-69-22 kernel: [    0.549372] system 00:07: [io  0x10c0-0x1141] has been reserved
Feb 22 08:22:52 ip-172-31-69-22 kernel: [    0.552866] system 00:07: [io  0xb044-0xb047] has been reserved
Feb 22 08:22:52 ip-172-31-69-22 kernel: [    0.556451] system 00:07: Plug and Play ACPI device, IDs PNP0c02 (active)
Feb 22 08:22:52 ip-172-31-69-22 kernel: [    0.573085] pnp: PnP ACPI: found 8 devices
Feb 22 08:22:52 ip-172-31-69-22 kernel: [    0.581274] clocksource: acpi_pm: mask: 0xffffff max_cycles: 0xffffff, max_idle_ns: 2085701024 ns
Feb 22 08:22:52 ip-172-31-69-22 kernel: [    0.586561] pci_bus 0000:00: resource 4 [io  0x0000-0x0cf7 window]
Feb 22 08:22:52 ip-172-31-69-22 kernel: [    0.586564] pci_bus 0000:00: resource 5 [io  0x0d00-0xffff window]
Feb 22 08:22:52 ip-172-31-69-22 kernel: [    0.586565] pci_bus 0000:00: resource 6 [mem 0x000a0000-0x000bffff window]
Feb 22 08:22:52 ip-172-31-69-22 kernel: [    0.586567] pci_bus 0000:00: resource 7 [mem 0xf0000000-0xfbffffff window]
Feb 22 08:22:52 ip-172-31-69-22 kernel: [    0.586610] NET: Registered protocol family 2
Feb 22 08:22:52 ip-172-31-69-22 kernel: [    0.589462] TCP established hash table entries: 8192 (order: 4, 65536 bytes)
Feb 22 08:22:52 ip-172-31-69-22 kernel: [    0.593215] TCP bind hash table entries: 8192 (order: 5, 131072 bytes)
Feb 22 08:22:52 ip-172-31-69-22 kernel: [    0.596837] TCP: Hash tables configured (established 8192 bind 8192)
Feb 22 08:22:52 ip-172-31-69-22 kernel: [    0.600689] UDP hash table entries: 512 (order: 2, 16384 bytes)
Feb 22 08:22:52 ip-172-31-69-22 kernel: [    0.603911] UDP-Lite hash table entries: 512 (order: 2, 16384 bytes)
Feb 22 08:22:52 ip-172-31-69-22 kernel: [    0.607393] NET: Registered protocol family 1
Feb 22 08:22:52 ip-172-31-69-22 kernel: [    0.609992] pci 0000:00:00.0: Limiting direct PCI/PCI transfers
Feb 22 08:22:52 ip-172-31-69-22 kernel: [    0.613230] pci 0000:00:01.0: PIIX3: Enabling Passive Release
Feb 22 08:22:52 ip-172-31-69-22 kernel: [    0.616676] pci 0000:00:01.0: Activating ISA DMA hang workarounds
Feb 22 08:22:52 ip-172-31-69-22 kernel: [    0.620397] pci 0000:00:02.0: Video device with shadowed ROM
Feb 22 08:22:52 ip-172-31-69-22 kernel: [    0.620453] PCI: CLS 0 bytes, default 64
Feb 22 08:22:52 ip-172-31-69-22 kernel: [    0.620508] Trying to unpack rootfs image as initramfs...
Feb 22 08:22:52 ip-172-31-69-22 kernel: [    0.799323] Freeing initrd memory: 12308K
Feb 22 08:22:52 ip-172-31-69-22 kernel: [    0.802230] RAPL PMU detected, API unit is 2^-32 Joules, 3 fixed counters 655360 ms ovfl timer
Feb 22 08:22:52 ip-172-31-69-22 kernel: [    0.807489] hw unit of domain pp0-core 2^-14 Joules
Feb 22 08:22:52 ip-172-31-69-22 kernel: [    0.810528] hw unit of domain package 2^-14 Joules
Feb 22 08:22:52 ip-172-31-69-22 kernel: [    0.813223] hw unit of domain dram 2^-16 Joules
Feb 22 08:22:52 ip-172-31-69-22 kernel: [    0.815897] Scanning for low memory corruption every 60 seconds
Feb 22 08:22:52 ip-172-31-69-22 kernel: [    0.819655] audit: initializing netlink subsys (disabled)
Feb 22 08:22:52 ip-172-31-69-22 kernel: [    0.822816] audit: type=2000 audit(1519302164.873:1): initialized
Feb 22 08:22:52 ip-172-31-69-22 kernel: [    0.826430] Initialise system trusted keyring
Feb 22 08:22:52 ip-172-31-69-22 kernel: [    0.829294] HugeTLB registered 2 MB page size, pre-allocated 0 pages
Feb 22 08:22:52 ip-172-31-69-22 kernel: [    0.834792] zbud: loaded
Feb 22 08:22:52 ip-172-31-69-22 kernel: [    0.836918] VFS: Disk quotas dquot_6.6.0
Feb 22 08:22:52 ip-172-31-69-22 kernel: [    0.839391] VFS: Dquot-cache hash table entries: 512 (order 0, 4096 bytes)
Feb 22 08:22:52 ip-172-31-69-22 kernel: [    0.843230] squashfs: version 4.0 (2009/01/31) Phillip Lougher
Feb 22 08:22:52 ip-172-31-69-22 kernel: [    0.847099] fuse init (API version 7.23)
Feb 22 08:22:52 ip-172-31-69-22 kernel: [    0.849788] Key type big_key registered
Feb 22 08:22:52 ip-172-31-69-22 kernel: [    0.852305] Allocating IMA MOK and blacklist keyrings.
Feb 22 08:22:52 ip-172-31-69-22 kernel: [    0.855985] Key type asymmetric registered
Feb 22 08:22:52 ip-172-31-69-22 kernel: [    0.859401] Asymmetric key parser 'x509' registered
Feb 22 08:22:52 ip-172-31-69-22 kernel: [    0.862527] Block layer SCSI generic (bsg) driver version 0.4 loaded (major 249)
Feb 22 08:22:52 ip-172-31-69-22 kernel: [    0.867270] io scheduler noop registered
Feb 22 08:22:52 ip-172-31-69-22 kernel: [    0.870143] io scheduler deadline registered (default)
Feb 22 08:22:52 ip-172-31-69-22 kernel: [    0.873471] io scheduler cfq registered
Feb 22 08:22:52 ip-172-31-69-22 kernel: [    0.876111] pci_hotplug: PCI Hot Plug PCI Core version: 0.5
Feb 22 08:22:52 ip-172-31-69-22 kernel: [    0.879612] pciehp: PCI Express Hot Plug Controller Driver version: 0.4
Feb 22 08:22:52 ip-172-31-69-22 kernel: [    0.884341] intel_idle: does not run on family 6 model 63
Feb 22 08:22:52 ip-172-31-69-22 kernel: [    0.884409] input: Power Button as /devices/LNXSYSTM:00/LNXPWRBN:00/input/input0
Feb 22 08:22:52 ip-172-31-69-22 kernel: [    0.890408] ACPI: Power Button [PWRF]
Feb 22 08:22:52 ip-172-31-69-22 kernel: [    0.893517] input: Sleep Button as /devices/LNXSYSTM:00/LNXSLPBN:00/input/input1
Feb 22 08:22:52 ip-172-31-69-22 kernel: [    0.898187] ACPI: Sleep Button [SLPF]
Feb 22 08:22:52 ip-172-31-69-22 kernel: [    0.901004] xen: --> pirq=22 -> irq=28 (gsi=28)
Feb 22 08:22:52 ip-172-31-69-22 kernel: [    0.901085] xen:grant_table: Grant tables using version 1 layout
Feb 22 08:22:52 ip-172-31-69-22 kernel: [    0.905016] Grant table initialized
Feb 22 08:22:52 ip-172-31-69-22 kernel: [    0.907471] Cannot get hvm parameter CONSOLE_EVTCHN (18): -22!
Feb 22 08:22:52 ip-172-31-69-22 kernel: [    0.911174] Serial: 8250/16550 driver, 32 ports, IRQ sharing enabled
Feb 22 08:22:52 ip-172-31-69-22 kernel: [    0.941764] 00:06: ttyS0 at I/O 0x3f8 (irq = 4, base_baud = 115200) is a 16550A
Feb 22 08:22:52 ip-172-31-69-22 kernel: [    0.947625] Linux agpgart interface v0.103
Feb 22 08:22:52 ip-172-31-69-22 kernel: [    0.951853] brd: module loaded
Feb 22 08:22:52 ip-172-31-69-22 kernel: [    0.954716] loop: module loaded
Feb 22 08:22:52 ip-172-31-69-22 kernel: [    0.956860] Invalid max_queues (4), will use default max: 1.
Feb 22 08:22:52 ip-172-31-69-22 kernel: [    0.961633] ata_piix 0000:00:01.1: version 2.13
Feb 22 08:22:52 ip-172-31-69-22 kernel: [    0.964750] scsi host0: ata_piix
Feb 22 08:22:52 ip-172-31-69-22 kernel: [    0.967677] scsi host1: ata_piix
Feb 22 08:22:52 ip-172-31-69-22 kernel: [    0.970395] ata1: PATA max MWDMA2 cmd 0x1f0 ctl 0x3f6 bmdma 0xc100 irq 14
Feb 22 08:22:52 ip-172-31-69-22 kernel: [    0.976650] ata2: PATA max MWDMA2 cmd 0x170 ctl 0x376 bmdma 0xc108 irq 15
Feb 22 08:22:52 ip-172-31-69-22 kernel: [    0.982263] libphy: Fixed MDIO Bus: probed
Feb 22 08:22:52 ip-172-31-69-22 kernel: [    0.984780] tun: Universal TUN/TAP device driver, 1.6
Feb 22 08:22:52 ip-172-31-69-22 kernel: [    0.987567] tun: (C) 1999-2004 Max Krasnyansky <maxk@qualcomm.com>
Feb 22 08:22:52 ip-172-31-69-22 kernel: [    0.991094] PPP generic driver version 2.4.2
Feb 22 08:22:52 ip-172-31-69-22 kernel: [    0.993712] xen_netfront: Initialising Xen virtual ethernet driver
Feb 22 08:22:52 ip-172-31-69-22 kernel: [    0.999238] ehci_hcd: USB 2.0 'Enhanced' Host Controller (EHCI) Driver
Feb 22 08:22:52 ip-172-31-69-22 kernel: [    1.005030] ehci-pci: EHCI PCI platform driver
Feb 22 08:22:52 ip-172-31-69-22 kernel: [    1.009329] ehci-platform: EHCI generic platform driver
Feb 22 08:22:52 ip-172-31-69-22 kernel: [    1.012649] ohci_hcd: USB 1.1 'Open' Host Controller (OHCI) Driver
Feb 22 08:22:52 ip-172-31-69-22 kernel: [    1.016413] ohci-pci: OHCI PCI platform driver
Feb 22 08:22:52 ip-172-31-69-22 kernel: [    1.019756] ohci-platform: OHCI generic platform driver
Feb 22 08:22:52 ip-172-31-69-22 kernel: [    1.024540] uhci_hcd: USB Universal Host Controller Interface driver
Feb 22 08:22:52 ip-172-31-69-22 kernel: [    1.028606] i8042: PNP: PS/2 Controller [PNP0303:PS2K,PNP0f13:PS2M] at 0x60,0x64 irq 1,12
Feb 22 08:22:52 ip-172-31-69-22 kernel: [    1.037560] serio: i8042 KBD port at 0x60,0x64 irq 1
Feb 22 08:22:52 ip-172-31-69-22 kernel: [    1.040473] serio: i8042 AUX port at 0x60,0x64 irq 12
Feb 22 08:22:52 ip-172-31-69-22 kernel: [    1.044042] mousedev: PS/2 mouse device common for all mice
Feb 22 08:22:52 ip-172-31-69-22 kernel: [    1.051613] rtc_cmos 00:02: rtc core: registered rtc_cmos as rtc0
Feb 22 08:22:52 ip-172-31-69-22 kernel: [    1.059804] rtc_cmos 00:02: alarms up to one day, 114 bytes nvram, hpet irqs
Feb 22 08:22:52 ip-172-31-69-22 kernel: [    1.064144] input: AT Translated Set 2 keyboard as /devices/platform/i8042/serio0/input/input2
Feb 22 08:22:52 ip-172-31-69-22 kernel: [    1.089379] i2c /dev entries driver
Feb 22 08:22:52 ip-172-31-69-22 kernel: [    1.092037] device-mapper: uevent: version 1.0.3
Feb 22 08:22:52 ip-172-31-69-22 kernel: [    1.095121] device-mapper: ioctl: 4.34.0-ioctl (2015-10-28) initialised: dm-devel@redhat.com
Feb 22 08:22:52 ip-172-31-69-22 kernel: [    1.100668] NET: Registered protocol family 10
Feb 22 08:22:52 ip-172-31-69-22 kernel: [    1.103960] NET: Registered protocol family 17
Feb 22 08:22:52 ip-172-31-69-22 kernel: [    1.107165] Key type dns_resolver registered
Feb 22 08:22:52 ip-172-31-69-22 kernel: [    1.111376] registered taskstats version 1
Feb 22 08:22:52 ip-172-31-69-22 kernel: [    1.114092] blkfront: xvda: barrier or flush: disabled; persistent grants: disabled; indirect descriptors: enabled;
Feb 22 08:22:52 ip-172-31-69-22 kernel: [    1.119999] Loading compiled-in X.509 certificates
Feb 22 08:22:52 ip-172-31-69-22 kernel: [    1.123788] Loaded X.509 cert 'Build time autogenerated kernel key: 3202f79a2fa321ecce3869d36458fe9267f31118'
Feb 22 08:22:52 ip-172-31-69-22 kernel: [    1.130376] zswap: loaded using pool lzo/zbud
Feb 22 08:22:52 ip-172-31-69-22 kernel: [    1.134847] Key type trusted registered
Feb 22 08:22:52 ip-172-31-69-22 kernel: [    1.137277]  xvda: xvda1
Feb 22 08:22:52 ip-172-31-69-22 kernel: [    1.142588] Key type encrypted registered
Feb 22 08:22:52 ip-172-31-69-22 kernel: [    1.145083] AppArmor: AppArmor sha1 policy hashing enabled
Feb 22 08:22:52 ip-172-31-69-22 kernel: [    1.148341] ima: No TPM chip found, activating TPM-bypass!
Feb 22 08:22:52 ip-172-31-69-22 kernel: [    1.151449] evm: HMAC attrs: 0x1
Feb 22 08:22:52 ip-172-31-69-22 kernel: [    1.153844]   Magic number: 6:722:380
Feb 22 08:22:52 ip-172-31-69-22 kernel: [    1.156543] rtc_cmos 00:02: setting system clock to 2018-02-22 12:22:45 UTC (1519302165)
Feb 22 08:22:52 ip-172-31-69-22 kernel: [    1.161452] BIOS EDD facility v0.16 2004-Jun-25, 0 devices found
Feb 22 08:22:52 ip-172-31-69-22 kernel: [    1.164934] EDD information not available.
Feb 22 08:22:52 ip-172-31-69-22 kernel: [    1.167651] PM: Hibernation image not present or could not be loaded.
Feb 22 08:22:52 ip-172-31-69-22 kernel: [    1.169496] Freeing unused kernel memory: 1484K
Feb 22 08:22:52 ip-172-31-69-22 kernel: [    1.172440] Write protecting the kernel read-only data: 14336k
Feb 22 08:22:52 ip-172-31-69-22 kernel: [    1.176534] Freeing unused kernel memory: 1908K
Feb 22 08:22:52 ip-172-31-69-22 kernel: [    1.179946] Freeing unused kernel memory: 224K
Feb 22 08:22:52 ip-172-31-69-22 kernel: [    1.194695] random: udevadm: uninitialized urandom read (16 bytes read, 8 bits of entropy available)
Feb 22 08:22:52 ip-172-31-69-22 kernel: [    1.200373] random: systemd-udevd: uninitialized urandom read (16 bytes read, 8 bits of entropy available)
Feb 22 08:22:52 ip-172-31-69-22 kernel: [    1.205893] random: systemd-udevd: uninitialized urandom read (16 bytes read, 8 bits of entropy available)
Feb 22 08:22:52 ip-172-31-69-22 kernel: [    1.211586] random: udevadm: uninitialized urandom read (16 bytes read, 8 bits of entropy available)
Feb 22 08:22:52 ip-172-31-69-22 kernel: [    1.217436] random: systemd-udevd: uninitialized urandom read (16 bytes read, 8 bits of entropy available)
Feb 22 08:22:52 ip-172-31-69-22 kernel: [    1.228101] random: systemd-udevd: uninitialized urandom read (16 bytes read, 8 bits of entropy available)
Feb 22 08:22:52 ip-172-31-69-22 kernel: [    1.235559] random: udevadm: uninitialized urandom read (16 bytes read, 8 bits of entropy available)
Feb 22 08:22:52 ip-172-31-69-22 kernel: [    1.242637] random: systemd-udevd: uninitialized urandom read (16 bytes read, 8 bits of entropy available)
Feb 22 08:22:52 ip-172-31-69-22 kernel: [    1.248652] random: udevadm: uninitialized urandom read (16 bytes read, 8 bits of entropy available)
Feb 22 08:22:52 ip-172-31-69-22 kernel: [    1.253680] random: systemd-udevd: uninitialized urandom read (16 bytes read, 8 bits of entropy available)
Feb 22 08:22:52 ip-172-31-69-22 kernel: [    1.380728] AVX2 version of gcm_enc/dec engaged.
Feb 22 08:22:52 ip-172-31-69-22 kernel: [    1.383507] AES CTR mode by8 optimization enabled
Feb 22 08:22:52 ip-172-31-69-22 kernel: [    1.812107] tsc: Refined TSC clocksource calibration: 2400.000 MHz
Feb 22 08:22:52 ip-172-31-69-22 kernel: [    1.816343] clocksource: tsc: mask: 0xffffffffffffffff max_cycles: 0x22983777dd9, max_idle_ns: 440795300422 ns
Feb 22 08:22:52 ip-172-31-69-22 kernel: [    2.869522] md: linear personality registered for level -1
Feb 22 08:22:52 ip-172-31-69-22 kernel: [    2.876197] md: multipath personality registered for level -4
Feb 22 08:22:52 ip-172-31-69-22 kernel: [    2.882504] md: raid0 personality registered for level 0
Feb 22 08:22:52 ip-172-31-69-22 kernel: [    2.889060] md: raid1 personality registered for level 1
Feb 22 08:22:52 ip-172-31-69-22 kernel: [    2.944063] raid6: sse2x1   gen()  8375 MB/s
Feb 22 08:22:52 ip-172-31-69-22 kernel: [    2.992062] raid6: sse2x1   xor()  6516 MB/s
Feb 22 08:22:52 ip-172-31-69-22 kernel: [    3.040066] raid6: sse2x2   gen() 10397 MB/s
Feb 22 08:22:52 ip-172-31-69-22 kernel: [    3.088066] raid6: sse2x2   xor()  7128 MB/s
Feb 22 08:22:52 ip-172-31-69-22 kernel: [    3.136062] raid6: sse2x4   gen() 12057 MB/s
Feb 22 08:22:52 ip-172-31-69-22 kernel: [    3.184060] raid6: sse2x4   xor()  8540 MB/s
Feb 22 08:22:52 ip-172-31-69-22 kernel: [    3.232062] raid6: avx2x1   gen() 16301 MB/s
Feb 22 08:22:52 ip-172-31-69-22 kernel: [    3.280063] raid6: avx2x2   gen() 18633 MB/s
Feb 22 08:22:52 ip-172-31-69-22 kernel: [    3.328061] raid6: avx2x4   gen() 21912 MB/s
Feb 22 08:22:52 ip-172-31-69-22 kernel: [    3.332800] raid6: using algorithm avx2x4 gen() 21912 MB/s
Feb 22 08:22:52 ip-172-31-69-22 kernel: [    3.337566] raid6: using avx2x2 recovery algorithm
Feb 22 08:22:52 ip-172-31-69-22 kernel: [    3.344283] xor: automatically using best checksumming function:
Feb 22 08:22:52 ip-172-31-69-22 kernel: [    3.388063]    avx       : 26225.000 MB/sec
Feb 22 08:22:52 ip-172-31-69-22 kernel: [    3.394148] async_tx: api initialized (async)
Feb 22 08:22:52 ip-172-31-69-22 kernel: [    3.409631] md: raid6 personality registered for level 6
Feb 22 08:22:52 ip-172-31-69-22 kernel: [    3.413960] md: raid5 personality registered for level 5
Feb 22 08:22:52 ip-172-31-69-22 kernel: [    3.418431] md: raid4 personality registered for level 4
Feb 22 08:22:52 ip-172-31-69-22 kernel: [    3.428686] md: raid10 personality registered for level 10
Feb 22 08:22:52 ip-172-31-69-22 kernel: [    3.471555] Btrfs loaded
Feb 22 08:22:52 ip-172-31-69-22 kernel: [    3.516873] EXT4-fs (xvda1): mounted filesystem with ordered data mode. Opts: (null)
Feb 22 08:22:52 ip-172-31-69-22 kernel: [    4.013595] EXT4-fs (xvda1): re-mounted. Opts: discard
Feb 22 08:22:52 ip-172-31-69-22 kernel: [    4.063191] Loading iSCSI transport class v2.0-870.
Feb 22 08:22:52 ip-172-31-69-22 kernel: [    4.084453] iscsi: registered transport (tcp)
Feb 22 08:22:52 ip-172-31-69-22 kernel: [    4.144024] iscsi: registered transport (iser)
Feb 22 08:22:52 ip-172-31-69-22 kernel: [    4.849128] audit: type=1400 audit(1519302169.188:2): apparmor="STATUS" operation="profile_load" profile="unconfined" name="lxc-container-default" pid=577 comm="apparmor_parser"
Feb 22 08:22:52 ip-172-31-69-22 kernel: [    4.849132] audit: type=1400 audit(1519302169.188:3): apparmor="STATUS" operation="profile_load" profile="unconfined" name="lxc-container-default-cgns" pid=577 comm="apparmor_parser"
Feb 22 08:22:52 ip-172-31-69-22 kernel: [    4.849135] audit: type=1400 audit(1519302169.188:4): apparmor="STATUS" operation="profile_load" profile="unconfined" name="lxc-container-default-with-mounting" pid=577 comm="apparmor_parser"
Feb 22 08:22:52 ip-172-31-69-22 kernel: [    4.849138] audit: type=1400 audit(1519302169.188:5): apparmor="STATUS" operation="profile_load" profile="unconfined" name="lxc-container-default-with-nesting" pid=577 comm="apparmor_parser"
Feb 22 08:22:52 ip-172-31-69-22 kernel: [    4.860931] audit: type=1400 audit(1519302169.200:6): apparmor="STATUS" operation="profile_load" profile="unconfined" name="/sbin/dhclient" pid=578 comm="apparmor_parser"
Feb 22 08:22:52 ip-172-31-69-22 kernel: [    4.860935] audit: type=1400 audit(1519302169.200:7): apparmor="STATUS" operation="profile_load" profile="unconfined" name="/usr/lib/NetworkManager/nm-dhcp-client.action" pid=578 comm="apparmor_parser"
Feb 22 08:22:52 ip-172-31-69-22 kernel: [    4.860938] audit: type=1400 audit(1519302169.200:8): apparmor="STATUS" operation="profile_load" profile="unconfined" name="/usr/lib/NetworkManager/nm-dhcp-helper" pid=578 comm="apparmor_parser"
Feb 22 08:22:52 ip-172-31-69-22 kernel: [    4.860942] audit: type=1400 audit(1519302169.200:9): apparmor="STATUS" operation="profile_load" profile="unconfined" name="/usr/lib/connman/scripts/dhclient-script" pid=578 comm="apparmor_parser"
Feb 22 08:22:52 ip-172-31-69-22 kernel: [    4.864551] audit: type=1400 audit(1519302169.204:10): apparmor="STATUS" operation="profile_load" profile="unconfined" name="/usr/bin/lxc-start" pid=579 comm="apparmor_parser"
Feb 22 08:22:52 ip-172-31-69-22 kernel: [    6.414977] ppdev: user-space parallel port driver
Feb 22 08:22:52 ip-172-31-69-22 kernel: [    7.889918] random: nonblocking pool is initialized
Feb 22 08:22:52 ip-172-31-69-22 systemd[1]: Starting OpenBSD Secure Shell server...
Feb 22 08:22:52 ip-172-31-69-22 systemd[1]: Started ACPI event daemon.
Feb 22 08:22:52 ip-172-31-69-22 systemd[1]: Starting Login Service...
Feb 22 08:22:52 ip-172-31-69-22 acpid: starting up with netlink and the input layer
Feb 22 08:22:52 ip-172-31-69-22 acpid: 1 rule loaded
Feb 22 08:22:52 ip-172-31-69-22 systemd[1]: Starting LSB: Record successful boot for GRUB...
Feb 22 08:22:52 ip-172-31-69-22 acpid: waiting for events: event logging is off
Feb 22 08:22:52 ip-172-31-69-22 systemd[1]: Started Regular background program processing daemon.
Feb 22 08:22:52 ip-172-31-69-22 systemd[1]: Started FUSE filesystem for LXC.
Feb 22 08:22:52 ip-172-31-69-22 cron[1166]: (CRON) INFO (pidfile fd = 3)
Feb 22 08:22:52 ip-172-31-69-22 systemd[1]: Started D-Bus System Message Bus.
Feb 22 08:22:52 ip-172-31-69-22 lxcfs[1169]: hierarchies:
Feb 22 08:22:52 ip-172-31-69-22 lxcfs[1169]:   0: fd:   5: freezer
Feb 22 08:22:52 ip-172-31-69-22 lxcfs[1169]:   1: fd:   6: blkio
Feb 22 08:22:52 ip-172-31-69-22 lxcfs[1169]:   2: fd:   7: hugetlb
Feb 22 08:22:52 ip-172-31-69-22 lxcfs[1169]:   3: fd:   8: perf_event
Feb 22 08:22:52 ip-172-31-69-22 lxcfs[1169]:   4: fd:   9: cpu,cpuacct
Feb 22 08:22:52 ip-172-31-69-22 lxcfs[1169]:   5: fd:  10: pids
Feb 22 08:22:52 ip-172-31-69-22 lxcfs[1169]:   6: fd:  11: memory
Feb 22 08:22:52 ip-172-31-69-22 lxcfs[1169]:   7: fd:  12: cpuset
Feb 22 08:22:52 ip-172-31-69-22 lxcfs[1169]:   8: fd:  13: net_cls,net_prio
Feb 22 08:22:52 ip-172-31-69-22 lxcfs[1169]:   9: fd:  14: devices
Feb 22 08:22:52 ip-172-31-69-22 lxcfs[1169]:  10: fd:  15: name=systemd
Feb 22 08:22:52 ip-172-31-69-22 kernel: [    8.357135] cgroup: new mount options do not match the existing superblock, will be ignored
Feb 22 08:22:52 ip-172-31-69-22 cron[1166]: (CRON) INFO (Running @reboot jobs)
Feb 22 08:22:52 ip-172-31-69-22 dbus[1175]: [system] AppArmor D-Bus mediation is enabled
Feb 22 08:22:52 ip-172-31-69-22 systemd[1]: Starting Initialize hardware monitoring sensors...
Feb 22 08:22:52 ip-172-31-69-22 systemd[1]: Started Deferred execution scheduler.
Feb 22 08:22:52 ip-172-31-69-22 systemd[1]: Starting LXD - container startup/shutdown...
Feb 22 08:22:52 ip-172-31-69-22 sensors[1183]: No sensors found!
Feb 22 08:22:52 ip-172-31-69-22 sensors[1183]: Make sure you loaded all the kernel drivers you need.
Feb 22 08:22:52 ip-172-31-69-22 sensors[1183]: Try sensors-detect to find out which these are.
Feb 22 08:22:52 ip-172-31-69-22 systemd[1]: Started System Logging Service.
Feb 22 08:22:52 ip-172-31-69-22 systemd[1]: Started OpenBSD Secure Shell server.
Feb 22 08:22:52 ip-172-31-69-22 systemd[1]: Started /etc/rc.local Compatibility.
Feb 22 08:22:52 ip-172-31-69-22 dbus[1175]: [system] Activating via systemd: service name='org.freedesktop.PolicyKit1' unit='polkitd.service'
Feb 22 08:22:52 ip-172-31-69-22 sensors[1196]: No sensors found!
Feb 22 08:22:52 ip-172-31-69-22 sensors[1196]: Make sure you loaded all the kernel drivers you need.
Feb 22 08:22:52 ip-172-31-69-22 sensors[1196]: Try sensors-detect to find out which these are.
Feb 22 08:22:52 ip-172-31-69-22 systemd[1]: Started Initialize hardware monitoring sensors.
Feb 22 08:22:52 ip-172-31-69-22 iscsiadm[1201]: iscsiadm: No records found
Feb 22 08:22:52 ip-172-31-69-22 mdadm[1138]:  * Starting MD monitoring service mdadm --monitor
Feb 22 08:22:52 ip-172-31-69-22 systemd[1]: Started Login to default iSCSI targets.
Feb 22 08:22:52 ip-172-31-69-22 mdadm[1138]:    ...done.
Feb 22 08:22:52 ip-172-31-69-22 systemd[1]: Started LSB: MD monitoring daemon.
Feb 22 08:22:52 ip-172-31-69-22 snapd[1149]: AppArmor status: apparmor is enabled and all features are available
Feb 22 08:22:52 ip-172-31-69-22 snapd[1149]: 2018/02/22 08:22:52.913196 daemon.go:306: started snapd/2.29.4.2 (series 16; classic) ubuntu/16.04 (amd64) linux/4.4.0-1049-aws.
Feb 22 08:22:52 ip-172-31-69-22 systemd[1]: Started Snappy daemon.
Feb 22 08:22:52 ip-172-31-69-22 systemd[1]: Started LSB: Record successful boot for GRUB.
Feb 22 08:22:52 ip-172-31-69-22 systemd[1]: Started Login Service.
Feb 22 08:22:52 ip-172-31-69-22 systemd[1]: Starting Authenticate and Authorize Users to Run Privileged Tasks...
Feb 22 08:22:52 ip-172-31-69-22 systemd[1]: Reached target Remote File Systems (Pre).
Feb 22 08:22:53 ip-172-31-69-22 systemd[1]: Reached target Remote File Systems.
Feb 22 08:22:53 ip-172-31-69-22 systemd[1]: Starting LSB: automatic crash report generation...
Feb 22 08:22:53 ip-172-31-69-22 systemd[1]: Starting LSB: Set the CPU Frequency Scaling governor to "ondemand"...
Feb 22 08:22:53 ip-172-31-69-22 systemd[1]: Starting LSB: daemon to balance interrupts for SMP systems...
Feb 22 08:22:53 ip-172-31-69-22 systemd[1]: Starting Permit User Sessions...
Feb 22 08:22:53 ip-172-31-69-22 systemd[1]: Starting LSB: disk temperature monitoring daemon...
Feb 22 08:22:53 ip-172-31-69-22 systemd[1]: Started Permit User Sessions.
Feb 22 08:22:53 ip-172-31-69-22 polkitd[1220]: started daemon version 0.105 using authority implementation `local' version `0.105'
Feb 22 08:22:53 ip-172-31-69-22 dbus[1175]: [system] Successfully activated service 'org.freedesktop.PolicyKit1'
Feb 22 08:22:53 ip-172-31-69-22 accounts-daemon[1131]: started daemon version 0.6.40
Feb 22 08:22:53 ip-172-31-69-22 systemd[1]: Started Authenticate and Authorize Users to Run Privileged Tasks.
Feb 22 08:22:53 ip-172-31-69-22 systemd[1]: Started LXD - container startup/shutdown.
Feb 22 08:22:53 ip-172-31-69-22 systemd[1]: Started Accounts Service.
Feb 22 08:22:53 ip-172-31-69-22 apport[1225]:  * Starting automatic crash report generation: apport
Feb 22 08:22:53 ip-172-31-69-22 systemd[1]: Starting Terminate Plymouth Boot Screen...
Feb 22 08:22:53 ip-172-31-69-22 systemd[1]: Starting Hold until boot process finishes up...
Feb 22 08:22:53 ip-172-31-69-22 apport[1225]:    ...done.
Feb 22 08:22:53 ip-172-31-69-22 systemd[1]: Started LSB: Set the CPU Frequency Scaling governor to "ondemand".
Feb 22 08:22:53 ip-172-31-69-22 systemd[1]: Started LSB: automatic crash report generation.
Feb 22 08:22:53 ip-172-31-69-22 systemd[1]: Started LSB: disk temperature monitoring daemon.
Feb 22 08:22:53 ip-172-31-69-22 systemd[1]: Started Terminate Plymouth Boot Screen.
Feb 22 08:22:53 ip-172-31-69-22 systemd[1]: Started Hold until boot process finishes up.
Feb 22 08:22:53 ip-172-31-69-22 irqbalance[1233]:  * Starting SMP IRQ Balancer: irqbalance
Feb 22 08:22:53 ip-172-31-69-22 systemd[1]: Started Getty on tty1.
Feb 22 08:22:53 ip-172-31-69-22 /usr/sbin/irqbalance: Balancing is ineffective on systems with a single cpu.  Shutting down
Feb 22 08:22:53 ip-172-31-69-22 irqbalance[1233]:    ...done.
Feb 22 08:22:53 ip-172-31-69-22 systemd[1]: Starting Set console scheme...
Feb 22 08:22:53 ip-172-31-69-22 systemd[1]: Started Serial Getty on ttyS0.
Feb 22 08:22:53 ip-172-31-69-22 systemd[1]: Reached target Login Prompts.
Feb 22 08:22:53 ip-172-31-69-22 systemd[1]: Started LSB: daemon to balance interrupts for SMP systems.
Feb 22 08:22:53 ip-172-31-69-22 systemd[1]: Started Set console scheme.
Feb 22 08:22:53 ip-172-31-69-22 systemd[1]: Reached target Multi-User System.
Feb 22 08:22:53 ip-172-31-69-22 systemd[1]: Reached target Graphical Interface.
Feb 22 08:22:53 ip-172-31-69-22 systemd[1]: Starting Update UTMP about System Runlevel Changes...
Feb 22 08:22:53 ip-172-31-69-22 systemd[1]: Started Update UTMP about System Runlevel Changes.
Feb 22 08:22:53 ip-172-31-69-22 cloud-init[1142]: Cloud-init v. 17.1 running 'modules:config' at Thu, 22 Feb 2018 12:22:53 +0000. Up 9.11 seconds.
Feb 22 08:22:53 ip-172-31-69-22 systemd[1]: Started Apply the settings specified in cloud-config.
Feb 22 08:22:53 ip-172-31-69-22 systemd[1]: Starting Execute cloud user/final scripts...
Feb 22 08:22:53 ip-172-31-69-22 cloud-init[1303]: Cloud-init v. 17.1 running 'modules:final' at Thu, 22 Feb 2018 12:22:53 +0000. Up 9.52 seconds.
Feb 22 08:22:53 ip-172-31-69-22 cloud-init[1303]: Cloud-init v. 17.1 finished at Thu, 22 Feb 2018 12:22:53 +0000. Datasource DataSourceEc2Local.  Up 9.63 seconds
Feb 22 08:22:54 ip-172-31-69-22 systemd[1]: Started Execute cloud user/final scripts.
Feb 22 08:22:54 ip-172-31-69-22 systemd[1]: Reached target Cloud-init target.
Feb 22 08:22:54 ip-172-31-69-22 systemd[1]: Startup finished in 3.640s (kernel) + 6.086s (userspace) = 9.726s.
Feb 22 08:23:19 ip-172-31-69-22 systemd-timesyncd[505]: Synchronized to time server 91.189.89.198:123 (ntp.ubuntu.com).
Feb 22 08:25:57 ip-172-31-69-22 systemd[1]: Created slice User Slice of ubuntu.
Feb 22 08:25:57 ip-172-31-69-22 systemd[1]: Starting User Manager for UID 1000...
Feb 22 08:25:57 ip-172-31-69-22 systemd[1]: Started Session 1 of user ubuntu.
Feb 22 08:25:57 ip-172-31-69-22 systemd[1322]: Reached target Paths.
Feb 22 08:25:57 ip-172-31-69-22 systemd[1322]: Reached target Timers.
Feb 22 08:25:57 ip-172-31-69-22 systemd[1322]: Reached target Sockets.
Feb 22 08:25:57 ip-172-31-69-22 systemd[1322]: Reached target Basic System.
Feb 22 08:25:57 ip-172-31-69-22 systemd[1322]: Reached target Default.
Feb 22 08:25:57 ip-172-31-69-22 systemd[1322]: Startup finished in 24ms.
Feb 22 08:25:57 ip-172-31-69-22 systemd[1]: Started User Manager for UID 1000.
Feb 22 08:26:17 ip-172-31-69-22 kernel: [  213.153262] Netfilter messages via NETLINK v0.30.
Feb 22 08:26:17 ip-172-31-69-22 kernel: [  213.160480] device eth0 entered promiscuous mode
Feb 22 08:38:02 ip-172-31-69-22 systemd[1]: Starting Cleanup of Temporary Directories...
Feb 22 08:38:02 ip-172-31-69-22 systemd-tmpfiles[1430]: [/usr/lib/tmpfiles.d/var.conf:14] Duplicate line for path "/var/log", ignoring.
Feb 22 08:38:02 ip-172-31-69-22 systemd[1]: Started Cleanup of Temporary Directories.
Feb 22 08:52:06 ip-172-31-69-22 dhclient[942]: DHCPREQUEST of 172.31.69.22 on eth0 to 172.31.69.1 port 67 (xid=0x7c0e3a5b)
Feb 22 08:52:06 ip-172-31-69-22 dhclient[942]: DHCPACK of 172.31.69.22 from 172.31.69.1
Feb 22 08:52:06 ip-172-31-69-22 dhclient[942]: bound to 172.31.69.22 -- renewal in 1467 seconds.
Feb 22 09:16:33 ip-172-31-69-22 dhclient[942]: DHCPREQUEST of 172.31.69.22 on eth0 to 172.31.69.1 port 67 (xid=0x7c0e3a5b)
Feb 22 09:16:33 ip-172-31-69-22 dhclient[942]: DHCPACK of 172.31.69.22 from 172.31.69.1
Feb 22 09:16:33 ip-172-31-69-22 dhclient[942]: bound to 172.31.69.22 -- renewal in 1569 seconds.
Feb 22 09:17:01 ip-172-31-69-22 CRON[1470]: (root) CMD (   cd / && run-parts --report /etc/cron.hourly)
Feb 22 09:42:42 ip-172-31-69-22 dhclient[942]: DHCPREQUEST of 172.31.69.22 on eth0 to 172.31.69.1 port 67 (xid=0x7c0e3a5b)
Feb 22 09:42:42 ip-172-31-69-22 dhclient[942]: DHCPACK of 172.31.69.22 from 172.31.69.1
Feb 22 09:42:42 ip-172-31-69-22 dhclient[942]: bound to 172.31.69.22 -- renewal in 1572 seconds.
Feb 22 10:08:54 ip-172-31-69-22 dhclient[942]: DHCPREQUEST of 172.31.69.22 on eth0 to 172.31.69.1 port 67 (xid=0x7c0e3a5b)
Feb 22 10:08:54 ip-172-31-69-22 dhclient[942]: DHCPACK of 172.31.69.22 from 172.31.69.1
Feb 22 10:08:54 ip-172-31-69-22 dhclient[942]: bound to 172.31.69.22 -- renewal in 1592 seconds.
Feb 22 10:17:01 ip-172-31-69-22 CRON[1513]: (root) CMD (   cd / && run-parts --report /etc/cron.hourly)
Feb 22 10:35:26 ip-172-31-69-22 dhclient[942]: DHCPREQUEST of 172.31.69.22 on eth0 to 172.31.69.1 port 67 (xid=0x7c0e3a5b)
Feb 22 10:35:26 ip-172-31-69-22 dhclient[942]: DHCPACK of 172.31.69.22 from 172.31.69.1
Feb 22 10:35:26 ip-172-31-69-22 dhclient[942]: bound to 172.31.69.22 -- renewal in 1746 seconds.
Feb 22 11:04:32 ip-172-31-69-22 dhclient[942]: DHCPREQUEST of 172.31.69.22 on eth0 to 172.31.69.1 port 67 (xid=0x7c0e3a5b)
Feb 22 11:04:32 ip-172-31-69-22 dhclient[942]: DHCPACK of 172.31.69.22 from 172.31.69.1
Feb 22 11:04:32 ip-172-31-69-22 dhclient[942]: bound to 172.31.69.22 -- renewal in 1756 seconds.
Feb 22 11:17:01 ip-172-31-69-22 CRON[1550]: (root) CMD (   cd / && run-parts --report /etc/cron.hourly)
Feb 22 11:22:39 ip-172-31-69-22 systemd[1]: Starting Daily apt download activities...
Feb 22 11:22:48 ip-172-31-69-22 systemd[1]: Started Daily apt download activities.
Feb 22 11:33:48 ip-172-31-69-22 dhclient[942]: DHCPREQUEST of 172.31.69.22 on eth0 to 172.31.69.1 port 67 (xid=0x7c0e3a5b)
Feb 22 11:33:48 ip-172-31-69-22 dhclient[942]: DHCPACK of 172.31.69.22 from 172.31.69.1
Feb 22 11:33:48 ip-172-31-69-22 dhclient[942]: bound to 172.31.69.22 -- renewal in 1687 seconds.
Feb 22 12:01:55 ip-172-31-69-22 dhclient[942]: DHCPREQUEST of 172.31.69.22 on eth0 to 172.31.69.1 port 67 (xid=0x7c0e3a5b)
Feb 22 12:01:55 ip-172-31-69-22 dhclient[942]: DHCPACK of 172.31.69.22 from 172.31.69.1
Feb 22 12:01:55 ip-172-31-69-22 dhclient[942]: bound to 172.31.69.22 -- renewal in 1494 seconds.
Feb 22 12:17:01 ip-172-31-69-22 CRON[1860]: (root) CMD (   cd / && run-parts --report /etc/cron.hourly)
Feb 22 12:26:49 ip-172-31-69-22 dhclient[942]: DHCPREQUEST of 172.31.69.22 on eth0 to 172.31.69.1 port 67 (xid=0x7c0e3a5b)
Feb 22 12:26:49 ip-172-31-69-22 dhclient[942]: DHCPACK of 172.31.69.22 from 172.31.69.1
Feb 22 12:26:49 ip-172-31-69-22 dhclient[942]: bound to 172.31.69.22 -- renewal in 1673 seconds.
Feb 22 12:54:42 ip-172-31-69-22 dhclient[942]: DHCPREQUEST of 172.31.69.22 on eth0 to 172.31.69.1 port 67 (xid=0x7c0e3a5b)
Feb 22 12:54:42 ip-172-31-69-22 dhclient[942]: DHCPACK of 172.31.69.22 from 172.31.69.1
Feb 22 12:54:42 ip-172-31-69-22 dhclient[942]: bound to 172.31.69.22 -- renewal in 1651 seconds.
Feb 22 13:17:01 ip-172-31-69-22 CRON[1889]: (root) CMD (   cd / && run-parts --report /etc/cron.hourly)
Feb 22 13:22:13 ip-172-31-69-22 dhclient[942]: DHCPREQUEST of 172.31.69.22 on eth0 to 172.31.69.1 port 67 (xid=0x7c0e3a5b)
Feb 22 13:22:13 ip-172-31-69-22 dhclient[942]: DHCPACK of 172.31.69.22 from 172.31.69.1
Feb 22 13:22:13 ip-172-31-69-22 dhclient[942]: bound to 172.31.69.22 -- renewal in 1443 seconds.
Feb 22 13:30:02 ip-172-31-69-22 systemd-timesyncd[505]: Synchronized to time server 91.189.89.199:123 (ntp.ubuntu.com).
Feb 22 13:46:16 ip-172-31-69-22 dhclient[942]: DHCPREQUEST of 172.31.69.22 on eth0 to 172.31.69.1 port 67 (xid=0x7c0e3a5b)
Feb 22 13:46:16 ip-172-31-69-22 dhclient[942]: DHCPACK of 172.31.69.22 from 172.31.69.1
Feb 22 13:46:16 ip-172-31-69-22 dhclient[942]: bound to 172.31.69.22 -- renewal in 1435 seconds.
Feb 22 13:47:01 ip-172-31-69-22 CRON[1916]: (root) CMD (nohup tcpdump > /home/ubuntu/capture/dump$(hostname -I) &  )
Feb 22 14:10:12 ip-172-31-69-22 dhclient[942]: DHCPREQUEST of 172.31.69.22 on eth0 to 172.31.69.1 port 67 (xid=0x7c0e3a5b)
Feb 22 14:10:12 ip-172-31-69-22 dhclient[942]: DHCPACK of 172.31.69.22 from 172.31.69.1
Feb 22 14:10:12 ip-172-31-69-22 dhclient[942]: bound to 172.31.69.22 -- renewal in 1553 seconds.
Feb 22 14:17:01 ip-172-31-69-22 CRON[1939]: (root) CMD (   cd / && run-parts --report /etc/cron.hourly)
Feb 22 14:36:05 ip-172-31-69-22 dhclient[942]: DHCPREQUEST of 172.31.69.22 on eth0 to 172.31.69.1 port 67 (xid=0x7c0e3a5b)
Feb 22 14:36:05 ip-172-31-69-22 dhclient[942]: DHCPACK of 172.31.69.22 from 172.31.69.1
Feb 22 14:36:05 ip-172-31-69-22 dhclient[942]: bound to 172.31.69.22 -- renewal in 1409 seconds.
Feb 22 14:59:35 ip-172-31-69-22 dhclient[942]: DHCPREQUEST of 172.31.69.22 on eth0 to 172.31.69.1 port 67 (xid=0x7c0e3a5b)
Feb 22 14:59:35 ip-172-31-69-22 dhclient[942]: DHCPACK of 172.31.69.22 from 172.31.69.1
Feb 22 14:59:35 ip-172-31-69-22 dhclient[942]: bound to 172.31.69.22 -- renewal in 1552 seconds.
Feb 22 15:17:01 ip-172-31-69-22 CRON[2106]: (root) CMD (   cd / && run-parts --report /etc/cron.hourly)
Feb 22 15:25:27 ip-172-31-69-22 dhclient[942]: DHCPREQUEST of 172.31.69.22 on eth0 to 172.31.69.1 port 67 (xid=0x7c0e3a5b)
Feb 22 15:25:27 ip-172-31-69-22 dhclient[942]: DHCPACK of 172.31.69.22 from 172.31.69.1
Feb 22 15:25:27 ip-172-31-69-22 dhclient[942]: bound to 172.31.69.22 -- renewal in 1697 seconds.
Feb 22 15:53:44 ip-172-31-69-22 dhclient[942]: DHCPREQUEST of 172.31.69.22 on eth0 to 172.31.69.1 port 67 (xid=0x7c0e3a5b)
Feb 22 15:53:44 ip-172-31-69-22 dhclient[942]: DHCPACK of 172.31.69.22 from 172.31.69.1
Feb 22 15:53:44 ip-172-31-69-22 dhclient[942]: bound to 172.31.69.22 -- renewal in 1622 seconds.
Feb 22 16:17:01 ip-172-31-69-22 CRON[2135]: (root) CMD (   cd / && run-parts --report /etc/cron.hourly)
Feb 22 16:20:46 ip-172-31-69-22 dhclient[942]: DHCPREQUEST of 172.31.69.22 on eth0 to 172.31.69.1 port 67 (xid=0x7c0e3a5b)
Feb 22 16:20:46 ip-172-31-69-22 dhclient[942]: DHCPACK of 172.31.69.22 from 172.31.69.1
Feb 22 16:20:46 ip-172-31-69-22 dhclient[942]: bound to 172.31.69.22 -- renewal in 1649 seconds.
Feb 22 16:48:16 ip-172-31-69-22 dhclient[942]: DHCPREQUEST of 172.31.69.22 on eth0 to 172.31.69.1 port 67 (xid=0x7c0e3a5b)
Feb 22 16:48:16 ip-172-31-69-22 dhclient[942]: DHCPACK of 172.31.69.22 from 172.31.69.1
Feb 22 16:48:16 ip-172-31-69-22 dhclient[942]: bound to 172.31.69.22 -- renewal in 1801 seconds.
Feb 22 17:17:01 ip-172-31-69-22 CRON[2205]: (root) CMD (   cd / && run-parts --report /etc/cron.hourly)
Feb 22 17:18:17 ip-172-31-69-22 dhclient[942]: DHCPREQUEST of 172.31.69.22 on eth0 to 172.31.69.1 port 67 (xid=0x7c0e3a5b)
Feb 22 17:18:17 ip-172-31-69-22 dhclient[942]: DHCPACK of 172.31.69.22 from 172.31.69.1
Feb 22 17:18:17 ip-172-31-69-22 dhclient[942]: bound to 172.31.69.22 -- renewal in 1392 seconds.
