Feb 22 06:30:00 ip-172-31-69-25 systemd[1]: Starting Daily apt upgrade and clean activities...
Feb 22 06:30:08 ip-172-31-69-25 systemd[1]: Started Daily apt upgrade and clean activities.
Feb 22 06:33:27 ip-172-31-69-25 dhclient[976]: DHCPREQUEST of 172.31.69.25 on eth0 to 172.31.69.1 port 67 (xid=0x72e3513b)
Feb 22 06:33:27 ip-172-31-69-25 dhclient[976]: DHCPACK of 172.31.69.25 from 172.31.69.1
Feb 22 06:33:27 ip-172-31-69-25 dhclient[976]: bound to 172.31.69.25 -- renewal in 1576 seconds.
Feb 22 06:39:01 ip-172-31-69-25 CRON[7881]: (root) CMD (  [ -x /usr/lib/php/sessionclean ] && /usr/lib/php/sessionclean)
Feb 22 06:59:43 ip-172-31-69-25 dhclient[976]: DHCPREQUEST of 172.31.69.25 on eth0 to 172.31.69.1 port 67 (xid=0x72e3513b)
Feb 22 06:59:43 ip-172-31-69-25 dhclient[976]: DHCPACK of 172.31.69.25 from 172.31.69.1
Feb 22 06:59:43 ip-172-31-69-25 dhclient[976]: bound to 172.31.69.25 -- renewal in 1627 seconds.
Feb 22 07:09:01 ip-172-31-69-25 CRON[7988]: (root) CMD (  [ -x /usr/lib/php/sessionclean ] && /usr/lib/php/sessionclean)
Feb 22 07:17:01 ip-172-31-69-25 CRON[8077]: (root) CMD (   cd / && run-parts --report /etc/cron.hourly)
Feb 22 07:26:50 ip-172-31-69-25 dhclient[976]: DHCPREQUEST of 172.31.69.25 on eth0 to 172.31.69.1 port 67 (xid=0x72e3513b)
Feb 22 07:26:50 ip-172-31-69-25 dhclient[976]: DHCPACK of 172.31.69.25 from 172.31.69.1
Feb 22 07:26:50 ip-172-31-69-25 dhclient[976]: bound to 172.31.69.25 -- renewal in 1704 seconds.
Feb 22 07:39:01 ip-172-31-69-25 CRON[8104]: (root) CMD (  [ -x /usr/lib/php/sessionclean ] && /usr/lib/php/sessionclean)
Feb 22 07:55:14 ip-172-31-69-25 dhclient[976]: DHCPREQUEST of 172.31.69.25 on eth0 to 172.31.69.1 port 67 (xid=0x72e3513b)
Feb 22 07:55:14 ip-172-31-69-25 dhclient[976]: DHCPACK of 172.31.69.25 from 172.31.69.1
Feb 22 07:55:14 ip-172-31-69-25 dhclient[976]: bound to 172.31.69.25 -- renewal in 1770 seconds.
Feb 22 08:09:01 ip-172-31-69-25 CRON[8205]: (root) CMD (  [ -x /usr/lib/php/sessionclean ] && /usr/lib/php/sessionclean)
Feb 22 08:17:01 ip-172-31-69-25 CRON[8294]: (root) CMD (   cd / && run-parts --report /etc/cron.hourly)
Feb 22 08:22:18 ip-172-31-69-25 systemd[1]: Received SIGINT.
Feb 22 08:22:18 ip-172-31-69-25 systemd[1]: Stopped target Timers.
Feb 22 08:22:18 ip-172-31-69-25 systemd[1]: Stopped Daily apt upgrade and clean activities.
Feb 22 08:22:18 ip-172-31-69-25 systemd[1]: Stopped Daily Cleanup of Temporary Directories.
Feb 22 08:22:18 ip-172-31-69-25 systemd[1]: Stopping Authenticate and Authorize Users to Run Privileged Tasks...
Feb 22 08:22:18 ip-172-31-69-25 systemd[1]: Stopped target Cloud-init target.
Feb 22 08:22:18 ip-172-31-69-25 systemd[1]: Stopped target Graphical Interface.
Feb 22 08:22:18 ip-172-31-69-25 systemd[1]: Stopping Session 23 of user ubuntu.
Feb 22 08:22:18 ip-172-31-69-25 systemd[1]: Stopping User Manager for UID 1000...
Feb 22 08:22:18 ip-172-31-69-25 systemd[1750]: Stopped target Default.
Feb 22 08:22:18 ip-172-31-69-25 systemd[1750]: Stopped target Basic System.
Feb 22 08:22:18 ip-172-31-69-25 systemd[1750]: Stopped target Paths.
Feb 22 08:22:18 ip-172-31-69-25 systemd[1750]: Reached target Shutdown.
Feb 22 08:22:18 ip-172-31-69-25 systemd[1750]: Starting Exit the Session...
Feb 22 08:22:18 ip-172-31-69-25 systemd[1750]: Stopped target Timers.
Feb 22 08:22:18 ip-172-31-69-25 systemd[1750]: Stopped target Sockets.
Feb 22 08:22:18 ip-172-31-69-25 systemd[1]: Stopped target Cloud-config availability.
Feb 22 08:22:18 ip-172-31-69-25 systemd[1]: Closed Load/Save RF Kill Switch Status /dev/rfkill Watch.
Feb 22 08:22:18 ip-172-31-69-25 systemd[1750]: Received SIGRTMIN+24 from PID 8301 (kill).
Feb 22 08:22:18 ip-172-31-69-25 systemd[1]: Stopped Execute cloud user/final scripts.
Feb 22 08:22:18 ip-172-31-69-25 systemd[1]: Stopped target Multi-User System.
Feb 22 08:22:18 ip-172-31-69-25 systemd[1]: Stopping LSB: Set the CPU Frequency Scaling governor to "ondemand"...
Feb 22 08:22:18 ip-172-31-69-25 systemd[1]: Stopping The PHP 7.0 FastCGI Process Manager...
Feb 22 08:22:18 ip-172-31-69-25 systemd[1]: Stopping LXD - container startup/shutdown...
Feb 22 08:22:18 ip-172-31-69-25 systemd[1]: Stopping FUSE filesystem for LXC...
Feb 22 08:22:18 ip-172-31-69-25 systemd[1]: Stopping MySQL Community Server...
Feb 22 08:22:18 ip-172-31-69-25 systemd[1]: Stopping LSB: daemon to balance interrupts for SMP systems...
Feb 22 08:22:18 ip-172-31-69-25 systemd[1]: Stopping LSB: MD monitoring daemon...
Feb 22 08:22:18 ip-172-31-69-25 systemd[1]: Stopping Regular background program processing daemon...
Feb 22 08:22:18 ip-172-31-69-25 systemd[1]: Stopping D-Bus System Message Bus...
Feb 22 08:22:18 ip-172-31-69-25 systemd[1]: Stopping Unattended Upgrades Shutdown...
Feb 22 08:22:18 ip-172-31-69-25 systemd[1]: Stopped target Login Prompts.
Feb 22 08:22:18 ip-172-31-69-25 systemd[1]: Stopping Getty on tty1...
Feb 22 08:22:18 ip-172-31-69-25 systemd[1]: Stopping Serial Getty on ttyS0...
Feb 22 08:22:18 ip-172-31-69-25 systemd[1]: Stopped Timer to automatically refresh installed snaps.
Feb 22 08:22:18 ip-172-31-69-25 systemd[1]: Stopping LSB: Apache2 web server...
Feb 22 08:22:18 ip-172-31-69-25 systemd[1]: Stopping Accounts Service...
Feb 22 08:22:18 ip-172-31-69-25 systemd[1]: Stopping Deferred execution scheduler...
Feb 22 08:22:18 ip-172-31-69-25 systemd[1]: Stopping ACPI event daemon...
Feb 22 08:22:18 ip-172-31-69-25 systemd[1]: Stopping Snappy daemon...
Feb 22 08:22:18 ip-172-31-69-25 snapd[1161]: 2018/02/22 08:22:18.947572 main.go:78: Exiting on terminated signal.
Feb 22 08:22:18 ip-172-31-69-25 rsyslogd: [origin software="rsyslogd" swVersion="8.16.0" x-pid="1116" x-info="http://www.rsyslog.com"] exiting on signal 15.
Feb 22 08:22:49 ip-172-31-69-25 rsyslogd: [origin software="rsyslogd" swVersion="8.16.0" x-pid="1161" x-info="http://www.rsyslog.com"] start
Feb 22 08:22:49 ip-172-31-69-25 rsyslogd-2222: command 'KLogPermitNonKernelFacility' is currently not permitted - did you already set it via a RainerScript command (v6+ config)? [v8.16.0 try http://www.rsyslog.com/e/2222 ]
Feb 22 08:22:49 ip-172-31-69-25 rsyslogd: rsyslogd's groupid changed to 108
Feb 22 08:22:49 ip-172-31-69-25 rsyslogd: rsyslogd's userid changed to 104
Feb 22 08:22:49 ip-172-31-69-25 rsyslogd-2039: Could not open output pipe '/dev/xconsole':: No such file or directory [v8.16.0 try http://www.rsyslog.com/e/2039 ]
Feb 22 08:22:49 ip-172-31-69-25 rsyslogd-2007: action 'action 11' suspended, next retry is Thu Feb 22 08:23:19 2018 [v8.16.0 try http://www.rsyslog.com/e/2007 ]
Feb 22 08:22:49 ip-172-31-69-25 kernel: [    0.000000] Initializing cgroup subsys cpuset
Feb 22 08:22:49 ip-172-31-69-25 kernel: [    0.000000] Initializing cgroup subsys cpu
Feb 22 08:22:49 ip-172-31-69-25 kernel: [    0.000000] Initializing cgroup subsys cpuacct
Feb 22 08:22:49 ip-172-31-69-25 kernel: [    0.000000] Linux version 4.4.0-1049-aws (buildd@lcy01-amd64-001) (gcc version 5.4.0 20160609 (Ubuntu 5.4.0-6ubuntu1~16.04.5) ) #58-Ubuntu SMP Fri Jan 12 23:17:09 UTC 2018 (Ubuntu 4.4.0-1049.58-aws 4.4.98)
Feb 22 08:22:49 ip-172-31-69-25 kernel: [    0.000000] Command line: BOOT_IMAGE=/boot/vmlinuz-4.4.0-1049-aws root=UUID=ccee1a8d-0785-4b3a-a578-812d59f5d3e1 ro console=tty1 console=ttyS0 nvme.io_timeout=4294967295
Feb 22 08:22:49 ip-172-31-69-25 kernel: [    0.000000] KERNEL supported cpus:
Feb 22 08:22:49 ip-172-31-69-25 kernel: [    0.000000]   Intel GenuineIntel
Feb 22 08:22:49 ip-172-31-69-25 kernel: [    0.000000]   AMD AuthenticAMD
Feb 22 08:22:49 ip-172-31-69-25 kernel: [    0.000000]   Centaur CentaurHauls
Feb 22 08:22:49 ip-172-31-69-25 kernel: [    0.000000] x86/fpu: xstate_offset[2]:  576, xstate_sizes[2]:  256
Feb 22 08:22:49 ip-172-31-69-25 kernel: [    0.000000] x86/fpu: Supporting XSAVE feature 0x01: 'x87 floating point registers'
Feb 22 08:22:49 ip-172-31-69-25 kernel: [    0.000000] x86/fpu: Supporting XSAVE feature 0x02: 'SSE registers'
Feb 22 08:22:49 ip-172-31-69-25 kernel: [    0.000000] x86/fpu: Supporting XSAVE feature 0x04: 'AVX registers'
Feb 22 08:22:49 ip-172-31-69-25 kernel: [    0.000000] x86/fpu: Enabled xstate features 0x7, context size is 832 bytes, using 'standard' format.
Feb 22 08:22:49 ip-172-31-69-25 kernel: [    0.000000] x86/fpu: Using 'eager' FPU context switches.
Feb 22 08:22:49 ip-172-31-69-25 kernel: [    0.000000] e820: BIOS-provided physical RAM map:
Feb 22 08:22:49 ip-172-31-69-25 kernel: [    0.000000] BIOS-e820: [mem 0x0000000000000000-0x000000000009dfff] usable
Feb 22 08:22:49 ip-172-31-69-25 kernel: [    0.000000] BIOS-e820: [mem 0x000000000009e000-0x000000000009ffff] reserved
Feb 22 08:22:49 ip-172-31-69-25 kernel: [    0.000000] BIOS-e820: [mem 0x00000000000e0000-0x00000000000fffff] reserved
Feb 22 08:22:49 ip-172-31-69-25 kernel: [    0.000000] BIOS-e820: [mem 0x0000000000100000-0x000000003fffffff] usable
Feb 22 08:22:49 ip-172-31-69-25 kernel: [    0.000000] BIOS-e820: [mem 0x00000000fc000000-0x00000000ffffffff] reserved
Feb 22 08:22:49 ip-172-31-69-25 kernel: [    0.000000] NX (Execute Disable) protection: active
Feb 22 08:22:49 ip-172-31-69-25 kernel: [    0.000000] SMBIOS 2.7 present.
Feb 22 08:22:49 ip-172-31-69-25 kernel: [    0.000000] DMI: Xen HVM domU, BIOS 4.2.amazon 08/24/2006
Feb 22 08:22:49 ip-172-31-69-25 kernel: [    0.000000] Hypervisor detected: Xen
Feb 22 08:22:49 ip-172-31-69-25 kernel: [    0.000000] Xen version 4.2.
Feb 22 08:22:49 ip-172-31-69-25 kernel: [    0.000000] Xen Platform PCI: I/O protocol version 1
Feb 22 08:22:49 ip-172-31-69-25 kernel: [    0.000000] Netfront and the Xen platform PCI driver have been compiled for this kernel: unplug emulated NICs.
Feb 22 08:22:49 ip-172-31-69-25 kernel: [    0.000000] Blkfront and the Xen platform PCI driver have been compiled for this kernel: unplug emulated disks.
Feb 22 08:22:49 ip-172-31-69-25 kernel: [    0.000000] You might have to change the root device
Feb 22 08:22:49 ip-172-31-69-25 kernel: [    0.000000] from /dev/hd[a-d] to /dev/xvd[a-d]
Feb 22 08:22:49 ip-172-31-69-25 kernel: [    0.000000] in your root= kernel command line option
Feb 22 08:22:49 ip-172-31-69-25 kernel: [    0.000000] HVMOP_pagetable_dying not supported
Feb 22 08:22:49 ip-172-31-69-25 kernel: [    0.000000] e820: update [mem 0x00000000-0x00000fff] usable ==> reserved
Feb 22 08:22:49 ip-172-31-69-25 kernel: [    0.000000] e820: remove [mem 0x000a0000-0x000fffff] usable
Feb 22 08:22:49 ip-172-31-69-25 kernel: [    0.000000] e820: last_pfn = 0x40000 max_arch_pfn = 0x400000000
Feb 22 08:22:49 ip-172-31-69-25 kernel: [    0.000000] MTRR default type: write-back
Feb 22 08:22:49 ip-172-31-69-25 kernel: [    0.000000] MTRR fixed ranges enabled:
Feb 22 08:22:49 ip-172-31-69-25 kernel: [    0.000000]   00000-9FFFF write-back
Feb 22 08:22:49 ip-172-31-69-25 kernel: [    0.000000]   A0000-BFFFF write-combining
Feb 22 08:22:49 ip-172-31-69-25 kernel: [    0.000000]   C0000-FFFFF write-back
Feb 22 08:22:49 ip-172-31-69-25 kernel: [    0.000000] MTRR variable ranges enabled:
Feb 22 08:22:49 ip-172-31-69-25 kernel: [    0.000000]   0 base 0000F0000000 mask 3FFFF8000000 uncachable
Feb 22 08:22:49 ip-172-31-69-25 kernel: [    0.000000]   1 base 0000F8000000 mask 3FFFFC000000 uncachable
Feb 22 08:22:49 ip-172-31-69-25 kernel: [    0.000000]   2 disabled
Feb 22 08:22:49 ip-172-31-69-25 kernel: [    0.000000]   3 disabled
Feb 22 08:22:49 ip-172-31-69-25 kernel: [    0.000000]   4 disabled
Feb 22 08:22:49 ip-172-31-69-25 kernel: [    0.000000]   5 disabled
Feb 22 08:22:49 ip-172-31-69-25 kernel: [    0.000000]   6 disabled
Feb 22 08:22:49 ip-172-31-69-25 kernel: [    0.000000]   7 disabled
Feb 22 08:22:49 ip-172-31-69-25 kernel: [    0.000000] x86/PAT: Configuration [0-7]: WB  WC  UC- UC  WB  WC  UC- WT  
Feb 22 08:22:49 ip-172-31-69-25 kernel: [    0.000000] found SMP MP-table at [mem 0x000fbc20-0x000fbc2f] mapped at [ffff8800000fbc20]
Feb 22 08:22:49 ip-172-31-69-25 kernel: [    0.000000] Scanning 1 areas for low memory corruption
Feb 22 08:22:49 ip-172-31-69-25 kernel: [    0.000000] Base memory trampoline at [ffff880000098000] 98000 size 24576
Feb 22 08:22:49 ip-172-31-69-25 kernel: [    0.000000] BRK [0x02201000, 0x02201fff] PGTABLE
Feb 22 08:22:49 ip-172-31-69-25 kernel: [    0.000000] BRK [0x02202000, 0x02202fff] PGTABLE
Feb 22 08:22:49 ip-172-31-69-25 kernel: [    0.000000] BRK [0x02203000, 0x02203fff] PGTABLE
Feb 22 08:22:49 ip-172-31-69-25 kernel: [    0.000000] RAMDISK: [mem 0x367e6000-0x373eafff]
Feb 22 08:22:49 ip-172-31-69-25 kernel: [    0.000000] ACPI: Early table checksum verification disabled
Feb 22 08:22:49 ip-172-31-69-25 kernel: [    0.000000] ACPI: RSDP 0x00000000000EA020 000024 (v02 Xen   )
Feb 22 08:22:49 ip-172-31-69-25 kernel: [    0.000000] ACPI: XSDT 0x00000000FC00DDC0 000054 (v01 Xen    HVM      00000000 HVML 00000000)
Feb 22 08:22:49 ip-172-31-69-25 kernel: [    0.000000] ACPI: FACP 0x00000000FC00DA80 0000F4 (v04 Xen    HVM      00000000 HVML 00000000)
Feb 22 08:22:49 ip-172-31-69-25 kernel: [    0.000000] ACPI: DSDT 0x00000000FC001CE0 00BD19 (v02 Xen    HVM      00000000 INTL 20090123)
Feb 22 08:22:49 ip-172-31-69-25 kernel: [    0.000000] ACPI: FACS 0x00000000FC001CA0 000040
Feb 22 08:22:49 ip-172-31-69-25 kernel: [    0.000000] ACPI: FACS 0x00000000FC001CA0 000040
Feb 22 08:22:49 ip-172-31-69-25 kernel: [    0.000000] ACPI: APIC 0x00000000FC00DB80 0000D8 (v02 Xen    HVM      00000000 HVML 00000000)
Feb 22 08:22:49 ip-172-31-69-25 kernel: [    0.000000] ACPI: HPET 0x00000000FC00DCD0 000038 (v01 Xen    HVM      00000000 HVML 00000000)
Feb 22 08:22:49 ip-172-31-69-25 kernel: [    0.000000] ACPI: WAET 0x00000000FC00DD10 000028 (v01 Xen    HVM      00000000 HVML 00000000)
Feb 22 08:22:49 ip-172-31-69-25 kernel: [    0.000000] ACPI: SSDT 0x00000000FC00DD40 000031 (v02 Xen    HVM      00000000 INTL 20090123)
Feb 22 08:22:49 ip-172-31-69-25 kernel: [    0.000000] ACPI: SSDT 0x00000000FC00DD80 000031 (v02 Xen    HVM      00000000 INTL 20090123)
Feb 22 08:22:49 ip-172-31-69-25 kernel: [    0.000000] ACPI: Local APIC address 0xfee00000
Feb 22 08:22:49 ip-172-31-69-25 kernel: [    0.000000] No NUMA configuration found
Feb 22 08:22:49 ip-172-31-69-25 kernel: [    0.000000] Faking a node at [mem 0x0000000000000000-0x000000003fffffff]
Feb 22 08:22:49 ip-172-31-69-25 kernel: [    0.000000] NODE_DATA(0) allocated [mem 0x3fffb000-0x3fffffff]
Feb 22 08:22:49 ip-172-31-69-25 kernel: [    0.000000] Zone ranges:
Feb 22 08:22:49 ip-172-31-69-25 kernel: [    0.000000]   DMA      [mem 0x0000000000001000-0x0000000000ffffff]
Feb 22 08:22:49 ip-172-31-69-25 kernel: [    0.000000]   DMA32    [mem 0x0000000001000000-0x000000003fffffff]
Feb 22 08:22:49 ip-172-31-69-25 kernel: [    0.000000]   Normal   empty
Feb 22 08:22:49 ip-172-31-69-25 kernel: [    0.000000]   Device   empty
Feb 22 08:22:49 ip-172-31-69-25 kernel: [    0.000000] Movable zone start for each node
Feb 22 08:22:49 ip-172-31-69-25 kernel: [    0.000000] Early memory node ranges
Feb 22 08:22:49 ip-172-31-69-25 kernel: [    0.000000]   node   0: [mem 0x0000000000001000-0x000000000009dfff]
Feb 22 08:22:49 ip-172-31-69-25 kernel: [    0.000000]   node   0: [mem 0x0000000000100000-0x000000003fffffff]
Feb 22 08:22:49 ip-172-31-69-25 kernel: [    0.000000] Initmem setup node 0 [mem 0x0000000000001000-0x000000003fffffff]
Feb 22 08:22:49 ip-172-31-69-25 kernel: [    0.000000] On node 0 totalpages: 262045
Feb 22 08:22:49 ip-172-31-69-25 kernel: [    0.000000]   DMA zone: 64 pages used for memmap
Feb 22 08:22:49 ip-172-31-69-25 kernel: [    0.000000]   DMA zone: 21 pages reserved
Feb 22 08:22:49 ip-172-31-69-25 kernel: [    0.000000]   DMA zone: 3997 pages, LIFO batch:0
Feb 22 08:22:49 ip-172-31-69-25 kernel: [    0.000000]   DMA32 zone: 4032 pages used for memmap
Feb 22 08:22:49 ip-172-31-69-25 kernel: [    0.000000]   DMA32 zone: 258048 pages, LIFO batch:31
Feb 22 08:22:49 ip-172-31-69-25 kernel: [    0.000000] ACPI: PM-Timer IO Port: 0xb008
Feb 22 08:22:49 ip-172-31-69-25 kernel: [    0.000000] ACPI: Local APIC address 0xfee00000
Feb 22 08:22:49 ip-172-31-69-25 kernel: [    0.000000] IOAPIC[0]: apic_id 1, version 17, address 0xfec00000, GSI 0-47
Feb 22 08:22:49 ip-172-31-69-25 kernel: [    0.000000] ACPI: INT_SRC_OVR (bus 0 bus_irq 0 global_irq 2 dfl dfl)
Feb 22 08:22:49 ip-172-31-69-25 kernel: [    0.000000] ACPI: INT_SRC_OVR (bus 0 bus_irq 5 global_irq 5 low level)
Feb 22 08:22:49 ip-172-31-69-25 kernel: [    0.000000] ACPI: INT_SRC_OVR (bus 0 bus_irq 10 global_irq 10 low level)
Feb 22 08:22:49 ip-172-31-69-25 kernel: [    0.000000] ACPI: INT_SRC_OVR (bus 0 bus_irq 11 global_irq 11 low level)
Feb 22 08:22:49 ip-172-31-69-25 kernel: [    0.000000] ACPI: IRQ0 used by override.
Feb 22 08:22:49 ip-172-31-69-25 kernel: [    0.000000] ACPI: IRQ5 used by override.
Feb 22 08:22:49 ip-172-31-69-25 kernel: [    0.000000] ACPI: IRQ9 used by override.
Feb 22 08:22:49 ip-172-31-69-25 kernel: [    0.000000] ACPI: IRQ10 used by override.
Feb 22 08:22:49 ip-172-31-69-25 kernel: [    0.000000] ACPI: IRQ11 used by override.
Feb 22 08:22:49 ip-172-31-69-25 kernel: [    0.000000] Using ACPI (MADT) for SMP configuration information
Feb 22 08:22:49 ip-172-31-69-25 kernel: [    0.000000] ACPI: HPET id: 0x8086a201 base: 0xfed00000
Feb 22 08:22:49 ip-172-31-69-25 kernel: [    0.000000] smpboot: Allowing 15 CPUs, 14 hotplug CPUs
Feb 22 08:22:49 ip-172-31-69-25 kernel: [    0.000000] PM: Registered nosave memory: [mem 0x00000000-0x00000fff]
Feb 22 08:22:49 ip-172-31-69-25 kernel: [    0.000000] PM: Registered nosave memory: [mem 0x0009e000-0x0009ffff]
Feb 22 08:22:49 ip-172-31-69-25 kernel: [    0.000000] PM: Registered nosave memory: [mem 0x000a0000-0x000dffff]
Feb 22 08:22:49 ip-172-31-69-25 kernel: [    0.000000] PM: Registered nosave memory: [mem 0x000e0000-0x000fffff]
Feb 22 08:22:49 ip-172-31-69-25 kernel: [    0.000000] e820: [mem 0x40000000-0xfbffffff] available for PCI devices
Feb 22 08:22:49 ip-172-31-69-25 kernel: [    0.000000] Booting paravirtualized kernel on Xen HVM
Feb 22 08:22:49 ip-172-31-69-25 kernel: [    0.000000] clocksource: refined-jiffies: mask: 0xffffffff max_cycles: 0xffffffff, max_idle_ns: 7645519600211568 ns
Feb 22 08:22:49 ip-172-31-69-25 kernel: [    0.000000] setup_percpu: NR_CPUS:256 nr_cpumask_bits:256 nr_cpu_ids:15 nr_node_ids:1
Feb 22 08:22:49 ip-172-31-69-25 kernel: [    0.000000] PERCPU: Embedded 34 pages/cpu @ffff88003e200000 s99160 r8192 d31912 u262144
Feb 22 08:22:49 ip-172-31-69-25 kernel: [    0.000000] pcpu-alloc: s99160 r8192 d31912 u262144 alloc=1*2097152
Feb 22 08:22:49 ip-172-31-69-25 kernel: [    0.000000] pcpu-alloc: [0] 00 01 02 03 04 05 06 07 [0] 08 09 10 11 12 13 14 -- 
Feb 22 08:22:49 ip-172-31-69-25 kernel: [    0.000000] xen: PV spinlocks enabled
Feb 22 08:22:49 ip-172-31-69-25 kernel: [    0.000000] PV qspinlock hash table entries: 256 (order: 0, 4096 bytes)
Feb 22 08:22:49 ip-172-31-69-25 kernel: [    0.000000] Built 1 zonelists in Node order, mobility grouping on.  Total pages: 257928
Feb 22 08:22:49 ip-172-31-69-25 kernel: [    0.000000] Policy zone: DMA32
Feb 22 08:22:49 ip-172-31-69-25 kernel: [    0.000000] Kernel command line: BOOT_IMAGE=/boot/vmlinuz-4.4.0-1049-aws root=UUID=ccee1a8d-0785-4b3a-a578-812d59f5d3e1 ro console=tty1 console=ttyS0 nvme.io_timeout=4294967295
Feb 22 08:22:49 ip-172-31-69-25 kernel: [    0.000000] PID hash table entries: 4096 (order: 3, 32768 bytes)
Feb 22 08:22:49 ip-172-31-69-25 kernel: [    0.000000] Calgary: detecting Calgary via BIOS EBDA area
Feb 22 08:22:49 ip-172-31-69-25 kernel: [    0.000000] Calgary: Unable to locate Rio Grande table in EBDA - bailing!
Feb 22 08:22:49 ip-172-31-69-25 kernel: [    0.000000] Memory: 998628K/1048180K available (8320K kernel code, 1276K rwdata, 3872K rodata, 1484K init, 1288K bss, 49552K reserved, 0K cma-reserved)
Feb 22 08:22:49 ip-172-31-69-25 kernel: [    0.000000] SLUB: HWalign=64, Order=0-3, MinObjects=0, CPUs=15, Nodes=1
Feb 22 08:22:49 ip-172-31-69-25 kernel: [    0.000000] Kernel/User page tables isolation: enabled
Feb 22 08:22:49 ip-172-31-69-25 kernel: [    0.000000] Hierarchical RCU implementation.
Feb 22 08:22:49 ip-172-31-69-25 kernel: [    0.000000] 	Build-time adjustment of leaf fanout to 64.
Feb 22 08:22:49 ip-172-31-69-25 kernel: [    0.000000] 	RCU restricting CPUs from NR_CPUS=256 to nr_cpu_ids=15.
Feb 22 08:22:49 ip-172-31-69-25 kernel: [    0.000000] RCU: Adjusting geometry for rcu_fanout_leaf=64, nr_cpu_ids=15
Feb 22 08:22:49 ip-172-31-69-25 kernel: [    0.000000] NR_IRQS:16640 nr_irqs:952 16
Feb 22 08:22:49 ip-172-31-69-25 kernel: [    0.000000] xen:events: Using 2-level ABI
Feb 22 08:22:49 ip-172-31-69-25 kernel: [    0.000000] xen:events: Xen HVM callback vector for event delivery is enabled
Feb 22 08:22:49 ip-172-31-69-25 kernel: [    0.000000] Console: colour VGA+ 80x25
Feb 22 08:22:49 ip-172-31-69-25 kernel: [    0.000000] console [tty1] enabled
Feb 22 08:22:49 ip-172-31-69-25 kernel: [    0.000000] Cannot get hvm parameter CONSOLE_EVTCHN (18): -22!
Feb 22 08:22:49 ip-172-31-69-25 kernel: [    0.000000] console [ttyS0] enabled
Feb 22 08:22:49 ip-172-31-69-25 kernel: [    0.000000] clocksource: hpet: mask: 0xffffffff max_cycles: 0xffffffff, max_idle_ns: 30580167144 ns
Feb 22 08:22:49 ip-172-31-69-25 kernel: [    0.000000] hpet clockevent registered
Feb 22 08:22:49 ip-172-31-69-25 kernel: [    0.000000] tsc: Detected 2400.050 MHz processor
Feb 22 08:22:49 ip-172-31-69-25 kernel: [    0.008000] Calibrating delay loop (skipped), value calculated using timer frequency.. 4800.10 BogoMIPS (lpj=9600200)
Feb 22 08:22:49 ip-172-31-69-25 kernel: [    0.012007] pid_max: default: 32768 minimum: 301
Feb 22 08:22:49 ip-172-31-69-25 kernel: [    0.016017] ACPI: Core revision 20150930
Feb 22 08:22:49 ip-172-31-69-25 kernel: [    0.024657] ACPI: 3 ACPI AML tables successfully acquired and loaded
Feb 22 08:22:49 ip-172-31-69-25 kernel: [    0.028725] Security Framework initialized
Feb 22 08:22:49 ip-172-31-69-25 kernel: [    0.031163] Yama: becoming mindful.
Feb 22 08:22:49 ip-172-31-69-25 kernel: [    0.032036] AppArmor: AppArmor initialized
Feb 22 08:22:49 ip-172-31-69-25 kernel: [    0.036099] Dentry cache hash table entries: 131072 (order: 8, 1048576 bytes)
Feb 22 08:22:49 ip-172-31-69-25 kernel: [    0.040183] Inode-cache hash table entries: 65536 (order: 7, 524288 bytes)
Feb 22 08:22:49 ip-172-31-69-25 kernel: [    0.044090] Mount-cache hash table entries: 2048 (order: 2, 16384 bytes)
Feb 22 08:22:49 ip-172-31-69-25 kernel: [    0.048010] Mountpoint-cache hash table entries: 2048 (order: 2, 16384 bytes)
Feb 22 08:22:49 ip-172-31-69-25 kernel: [    0.052193] Initializing cgroup subsys io
Feb 22 08:22:49 ip-172-31-69-25 kernel: [    0.054490] Initializing cgroup subsys memory
Feb 22 08:22:49 ip-172-31-69-25 kernel: [    0.056011] Initializing cgroup subsys devices
Feb 22 08:22:49 ip-172-31-69-25 kernel: [    0.060008] Initializing cgroup subsys freezer
Feb 22 08:22:49 ip-172-31-69-25 kernel: [    0.062792] Initializing cgroup subsys net_cls
Feb 22 08:22:49 ip-172-31-69-25 kernel: [    0.064005] Initializing cgroup subsys perf_event
Feb 22 08:22:49 ip-172-31-69-25 kernel: [    0.068010] Initializing cgroup subsys net_prio
Feb 22 08:22:49 ip-172-31-69-25 kernel: [    0.072006] Initializing cgroup subsys hugetlb
Feb 22 08:22:49 ip-172-31-69-25 kernel: [    0.074887] Initializing cgroup subsys pids
Feb 22 08:22:49 ip-172-31-69-25 kernel: [    0.076066] CPU: Physical Processor ID: 0
Feb 22 08:22:49 ip-172-31-69-25 kernel: [    0.080009] FEATURE SPEC_CTRL Not Present
Feb 22 08:22:49 ip-172-31-69-25 kernel: [    0.083362] mce: CPU supports 2 MCE banks
Feb 22 08:22:49 ip-172-31-69-25 kernel: [    0.084022] Last level iTLB entries: 4KB 1024, 2MB 1024, 4MB 1024
Feb 22 08:22:49 ip-172-31-69-25 kernel: [    0.088005] Last level dTLB entries: 4KB 1024, 2MB 1024, 4MB 1024, 1GB 4
Feb 22 08:22:49 ip-172-31-69-25 kernel: [    0.110143] ftrace: allocating 31285 entries in 123 pages
Feb 22 08:22:49 ip-172-31-69-25 kernel: [    0.140095] smpboot: APIC(0) Converting physical 0 to logical package 0
Feb 22 08:22:49 ip-172-31-69-25 kernel: [    0.143587] smpboot: Max logical packages: 15
Feb 22 08:22:49 ip-172-31-69-25 kernel: [    0.144608] x2apic: IRQ remapping doesn't support X2APIC mode
Feb 22 08:22:49 ip-172-31-69-25 kernel: [    0.148006] Switched APIC routing to physical flat.
Feb 22 08:22:49 ip-172-31-69-25 kernel: [    0.154086] ..TIMER: vector=0x30 apic1=0 pin1=2 apic2=0 pin2=0
Feb 22 08:22:49 ip-172-31-69-25 kernel: [    0.156004] clocksource: xen: mask: 0xffffffffffffffff max_cycles: 0x1cd42e4dffb, max_idle_ns: 881590591483 ns
Feb 22 08:22:49 ip-172-31-69-25 kernel: [    0.160010] Xen: using vcpuop timer interface
Feb 22 08:22:49 ip-172-31-69-25 kernel: [    0.160017] installing Xen timer for CPU 0
Feb 22 08:22:49 ip-172-31-69-25 kernel: [    0.164067] smpboot: CPU0: Intel(R) Xeon(R) CPU E5-2676 v3 @ 2.40GHz (family: 0x6, model: 0x3f, stepping: 0x2)
Feb 22 08:22:49 ip-172-31-69-25 kernel: [    0.169328] cpu 0 spinlock event irq 53
Feb 22 08:22:49 ip-172-31-69-25 kernel: [    0.171669] Performance Events: unsupported p6 CPU model 63 no PMU driver, software events only.
Feb 22 08:22:49 ip-172-31-69-25 kernel: [    0.176734] x86: Booted up 1 node, 1 CPUs
Feb 22 08:22:49 ip-172-31-69-25 kernel: [    0.179137] smpboot: Total of 1 processors activated (4800.10 BogoMIPS)
Feb 22 08:22:49 ip-172-31-69-25 kernel: [    0.180013] NMI watchdog: disabled (cpu0): hardware events not enabled
Feb 22 08:22:49 ip-172-31-69-25 kernel: [    0.183470] NMI watchdog: Shutting down hard lockup detector on all cpus
Feb 22 08:22:49 ip-172-31-69-25 kernel: [    0.184374] devtmpfs: initialized
Feb 22 08:22:49 ip-172-31-69-25 kernel: [    0.187926] evm: security.selinux
Feb 22 08:22:49 ip-172-31-69-25 kernel: [    0.188009] evm: security.SMACK64
Feb 22 08:22:49 ip-172-31-69-25 kernel: [    0.190128] evm: security.SMACK64EXEC
Feb 22 08:22:49 ip-172-31-69-25 kernel: [    0.192011] evm: security.SMACK64TRANSMUTE
Feb 22 08:22:49 ip-172-31-69-25 kernel: [    0.194571] evm: security.SMACK64MMAP
Feb 22 08:22:49 ip-172-31-69-25 kernel: [    0.196005] evm: security.ima
Feb 22 08:22:49 ip-172-31-69-25 kernel: [    0.198191] evm: security.capability
Feb 22 08:22:49 ip-172-31-69-25 kernel: [    0.200178] clocksource: jiffies: mask: 0xffffffff max_cycles: 0xffffffff, max_idle_ns: 7645041785100000 ns
Feb 22 08:22:49 ip-172-31-69-25 kernel: [    0.204039] futex hash table entries: 4096 (order: 6, 262144 bytes)
Feb 22 08:22:49 ip-172-31-69-25 kernel: [    0.207810] RTC time: 12:22:41, date: 02/22/18
Feb 22 08:22:49 ip-172-31-69-25 kernel: [    0.208143] NET: Registered protocol family 16
Feb 22 08:22:49 ip-172-31-69-25 kernel: [    0.210995] cpuidle: using governor ladder
Feb 22 08:22:49 ip-172-31-69-25 kernel: [    0.212008] cpuidle: using governor menu
Feb 22 08:22:49 ip-172-31-69-25 kernel: [    0.214589] PCCT header not found.
Feb 22 08:22:49 ip-172-31-69-25 kernel: [    0.216092] ACPI: bus type PCI registered
Feb 22 08:22:49 ip-172-31-69-25 kernel: [    0.218473] acpiphp: ACPI Hot Plug PCI Controller Driver version: 0.5
Feb 22 08:22:49 ip-172-31-69-25 kernel: [    0.220270] PCI: Using configuration type 1 for base access
Feb 22 08:22:49 ip-172-31-69-25 kernel: [    0.224354] ACPI: Added _OSI(Module Device)
Feb 22 08:22:49 ip-172-31-69-25 kernel: [    0.227086] ACPI: Added _OSI(Processor Device)
Feb 22 08:22:49 ip-172-31-69-25 kernel: [    0.228007] ACPI: Added _OSI(3.0 _SCP Extensions)
Feb 22 08:22:49 ip-172-31-69-25 kernel: [    0.230683] ACPI: Added _OSI(Processor Aggregator Device)
Feb 22 08:22:49 ip-172-31-69-25 kernel: [    0.232948] xen: --> pirq=16 -> irq=9 (gsi=9)
Feb 22 08:22:49 ip-172-31-69-25 kernel: [    0.235521] ACPI: Interpreter enabled
Feb 22 08:22:49 ip-172-31-69-25 kernel: [    0.236014] ACPI: (supports S0 S4 S5)
Feb 22 08:22:49 ip-172-31-69-25 kernel: [    0.238306] ACPI: Using IOAPIC for interrupt routing
Feb 22 08:22:49 ip-172-31-69-25 kernel: [    0.240036] PCI: Using host bridge windows from ACPI; if necessary, use "pci=nocrs" and report a bug
Feb 22 08:22:49 ip-172-31-69-25 kernel: [    0.283611] ACPI: PCI Root Bridge [PCI0] (domain 0000 [bus 00-ff])
Feb 22 08:22:49 ip-172-31-69-25 kernel: [    0.284015] acpi PNP0A03:00: _OSC: OS supports [ASPM ClockPM Segments MSI]
Feb 22 08:22:49 ip-172-31-69-25 kernel: [    0.287937] acpi PNP0A03:00: _OSC failed (AE_NOT_FOUND); disabling ASPM
Feb 22 08:22:49 ip-172-31-69-25 kernel: [    0.288019] acpi PNP0A03:00: fail to add MMCONFIG information, can't access extended PCI configuration space under this bridge.
Feb 22 08:22:49 ip-172-31-69-25 kernel: [    0.292898] acpiphp: Slot [0] registered
Feb 22 08:22:49 ip-172-31-69-25 kernel: [    0.295955] acpiphp: Slot [3] registered
Feb 22 08:22:49 ip-172-31-69-25 kernel: [    0.296242] acpiphp: Slot [4] registered
Feb 22 08:22:49 ip-172-31-69-25 kernel: [    0.298903] acpiphp: Slot [5] registered
Feb 22 08:22:49 ip-172-31-69-25 kernel: [    0.300241] acpiphp: Slot [6] registered
Feb 22 08:22:49 ip-172-31-69-25 kernel: [    0.303085] acpiphp: Slot [7] registered
Feb 22 08:22:49 ip-172-31-69-25 kernel: [    0.304212] acpiphp: Slot [8] registered
Feb 22 08:22:49 ip-172-31-69-25 kernel: [    0.306580] acpiphp: Slot [9] registered
Feb 22 08:22:49 ip-172-31-69-25 kernel: [    0.308246] acpiphp: Slot [10] registered
Feb 22 08:22:49 ip-172-31-69-25 kernel: [    0.310903] acpiphp: Slot [11] registered
Feb 22 08:22:49 ip-172-31-69-25 kernel: [    0.312282] acpiphp: Slot [12] registered
Feb 22 08:22:49 ip-172-31-69-25 kernel: [    0.314911] acpiphp: Slot [13] registered
Feb 22 08:22:49 ip-172-31-69-25 kernel: [    0.316228] acpiphp: Slot [14] registered
Feb 22 08:22:49 ip-172-31-69-25 kernel: [    0.319063] acpiphp: Slot [15] registered
Feb 22 08:22:49 ip-172-31-69-25 kernel: [    0.320244] acpiphp: Slot [16] registered
Feb 22 08:22:49 ip-172-31-69-25 kernel: [    0.322889] acpiphp: Slot [17] registered
Feb 22 08:22:49 ip-172-31-69-25 kernel: [    0.324238] acpiphp: Slot [18] registered
Feb 22 08:22:49 ip-172-31-69-25 kernel: [    0.326807] acpiphp: Slot [19] registered
Feb 22 08:22:49 ip-172-31-69-25 kernel: [    0.328239] acpiphp: Slot [20] registered
Feb 22 08:22:49 ip-172-31-69-25 kernel: [    0.330773] acpiphp: Slot [21] registered
Feb 22 08:22:49 ip-172-31-69-25 kernel: [    0.332242] acpiphp: Slot [22] registered
Feb 22 08:22:49 ip-172-31-69-25 kernel: [    0.334749] acpiphp: Slot [23] registered
Feb 22 08:22:49 ip-172-31-69-25 kernel: [    0.336242] acpiphp: Slot [24] registered
Feb 22 08:22:49 ip-172-31-69-25 kernel: [    0.338794] acpiphp: Slot [25] registered
Feb 22 08:22:49 ip-172-31-69-25 kernel: [    0.340251] acpiphp: Slot [26] registered
Feb 22 08:22:49 ip-172-31-69-25 kernel: [    0.342838] acpiphp: Slot [27] registered
Feb 22 08:22:49 ip-172-31-69-25 kernel: [    0.344228] acpiphp: Slot [28] registered
Feb 22 08:22:49 ip-172-31-69-25 kernel: [    0.346854] acpiphp: Slot [29] registered
Feb 22 08:22:49 ip-172-31-69-25 kernel: [    0.348255] acpiphp: Slot [30] registered
Feb 22 08:22:49 ip-172-31-69-25 kernel: [    0.350772] acpiphp: Slot [31] registered
Feb 22 08:22:49 ip-172-31-69-25 kernel: [    0.352230] PCI host bridge to bus 0000:00
Feb 22 08:22:49 ip-172-31-69-25 kernel: [    0.354581] pci_bus 0000:00: root bus resource [io  0x0000-0x0cf7 window]
Feb 22 08:22:49 ip-172-31-69-25 kernel: [    0.356007] pci_bus 0000:00: root bus resource [io  0x0d00-0xffff window]
Feb 22 08:22:49 ip-172-31-69-25 kernel: [    0.359411] pci_bus 0000:00: root bus resource [mem 0x000a0000-0x000bffff window]
Feb 22 08:22:49 ip-172-31-69-25 kernel: [    0.360008] pci_bus 0000:00: root bus resource [mem 0xf0000000-0xfbffffff window]
Feb 22 08:22:49 ip-172-31-69-25 kernel: [    0.364004] pci_bus 0000:00: root bus resource [bus 00-ff]
Feb 22 08:22:49 ip-172-31-69-25 kernel: [    0.366974] pci 0000:00:00.0: [8086:1237] type 00 class 0x060000
Feb 22 08:22:49 ip-172-31-69-25 kernel: [    0.368237] pci 0000:00:01.0: [8086:7000] type 00 class 0x060100
Feb 22 08:22:49 ip-172-31-69-25 kernel: [    0.370098] pci 0000:00:01.1: [8086:7010] type 00 class 0x010180
Feb 22 08:22:49 ip-172-31-69-25 kernel: [    0.371045] pci 0000:00:01.1: reg 0x20: [io  0xc100-0xc10f]
Feb 22 08:22:49 ip-172-31-69-25 kernel: [    0.371456] pci 0000:00:01.1: legacy IDE quirk: reg 0x10: [io  0x01f0-0x01f7]
Feb 22 08:22:49 ip-172-31-69-25 kernel: [    0.372007] pci 0000:00:01.1: legacy IDE quirk: reg 0x14: [io  0x03f6]
Feb 22 08:22:49 ip-172-31-69-25 kernel: [    0.375354] pci 0000:00:01.1: legacy IDE quirk: reg 0x18: [io  0x0170-0x0177]
Feb 22 08:22:49 ip-172-31-69-25 kernel: [    0.376006] pci 0000:00:01.1: legacy IDE quirk: reg 0x1c: [io  0x0376]
Feb 22 08:22:49 ip-172-31-69-25 kernel: [    0.379791] pci 0000:00:01.3: [8086:7113] type 00 class 0x068000
Feb 22 08:22:49 ip-172-31-69-25 kernel: [    0.379865] * Found PM-Timer Bug on the chipset. Due to workarounds for a bug,
Feb 22 08:22:49 ip-172-31-69-25 kernel: [    0.379865] * this clock source is slow. Consider trying other clock sources
Feb 22 08:22:49 ip-172-31-69-25 kernel: [    0.381011] pci 0000:00:01.3: quirk: [io  0xb000-0xb03f] claimed by PIIX4 ACPI
Feb 22 08:22:49 ip-172-31-69-25 kernel: [    0.384726] pci 0000:00:02.0: [1013:00b8] type 00 class 0x030000
Feb 22 08:22:49 ip-172-31-69-25 kernel: [    0.384999] pci 0000:00:02.0: reg 0x10: [mem 0xf0000000-0xf1ffffff pref]
Feb 22 08:22:49 ip-172-31-69-25 kernel: [    0.385169] pci 0000:00:02.0: reg 0x14: [mem 0xf3000000-0xf3000fff]
Feb 22 08:22:49 ip-172-31-69-25 kernel: [    0.386552] pci 0000:00:03.0: [5853:0001] type 00 class 0xff8000
Feb 22 08:22:49 ip-172-31-69-25 kernel: [    0.386880] pci 0000:00:03.0: reg 0x10: [io  0xc000-0xc0ff]
Feb 22 08:22:49 ip-172-31-69-25 kernel: [    0.387045] pci 0000:00:03.0: reg 0x14: [mem 0xf2000000-0xf2ffffff pref]
Feb 22 08:22:49 ip-172-31-69-25 kernel: [    0.389159] ACPI: PCI Interrupt Link [LNKA] (IRQs *5 10 11)
Feb 22 08:22:49 ip-172-31-69-25 kernel: [    0.393639] ACPI: PCI Interrupt Link [LNKB] (IRQs 5 *10 11)
Feb 22 08:22:49 ip-172-31-69-25 kernel: [    0.398175] ACPI: PCI Interrupt Link [LNKC] (IRQs 5 10 *11)
Feb 22 08:22:49 ip-172-31-69-25 kernel: [    0.402487] ACPI: PCI Interrupt Link [LNKD] (IRQs *5 10 11)
Feb 22 08:22:49 ip-172-31-69-25 kernel: [    0.419982] ACPI: Enabled 2 GPEs in block 00 to 0F
Feb 22 08:22:49 ip-172-31-69-25 kernel: [    0.420075] xen:balloon: Initialising balloon driver
Feb 22 08:22:49 ip-172-31-69-25 kernel: [    0.424129] vgaarb: setting as boot device: PCI:0000:00:02.0
Feb 22 08:22:49 ip-172-31-69-25 kernel: [    0.427103] vgaarb: device added: PCI:0000:00:02.0,decodes=io+mem,owns=io+mem,locks=none
Feb 22 08:22:49 ip-172-31-69-25 kernel: [    0.428006] vgaarb: loaded
Feb 22 08:22:49 ip-172-31-69-25 kernel: [    0.429735] vgaarb: bridge control possible 0000:00:02.0
Feb 22 08:22:49 ip-172-31-69-25 kernel: [    0.432200] SCSI subsystem initialized
Feb 22 08:22:49 ip-172-31-69-25 kernel: [    0.434402] libata version 3.00 loaded.
Feb 22 08:22:49 ip-172-31-69-25 kernel: [    0.434423] ACPI: bus type USB registered
Feb 22 08:22:49 ip-172-31-69-25 kernel: [    0.436018] usbcore: registered new interface driver usbfs
Feb 22 08:22:49 ip-172-31-69-25 kernel: [    0.439004] usbcore: registered new interface driver hub
Feb 22 08:22:49 ip-172-31-69-25 kernel: [    0.440020] usbcore: registered new device driver usb
Feb 22 08:22:49 ip-172-31-69-25 kernel: [    0.442820] PCI: Using ACPI for IRQ routing
Feb 22 08:22:49 ip-172-31-69-25 kernel: [    0.444005] PCI: pci_cache_line_size set to 64 bytes
Feb 22 08:22:49 ip-172-31-69-25 kernel: [    0.444317] e820: reserve RAM buffer [mem 0x0009e000-0x0009ffff]
Feb 22 08:22:49 ip-172-31-69-25 kernel: [    0.444432] NetLabel: Initializing
Feb 22 08:22:49 ip-172-31-69-25 kernel: [    0.446456] NetLabel:  domain hash size = 128
Feb 22 08:22:49 ip-172-31-69-25 kernel: [    0.448006] NetLabel:  protocols = UNLABELED CIPSOv4
Feb 22 08:22:49 ip-172-31-69-25 kernel: [    0.450642] NetLabel:  unlabeled traffic allowed by default
Feb 22 08:22:49 ip-172-31-69-25 kernel: [    0.452102] HPET: 3 timers in total, 0 timers will be used for per-cpu timer
Feb 22 08:22:49 ip-172-31-69-25 kernel: [    0.455796] hpet0: at MMIO 0xfed00000, IRQs 2, 8, 0
Feb 22 08:22:49 ip-172-31-69-25 kernel: [    0.457911] hpet0: 3 comparators, 64-bit 62.500000 MHz counter
Feb 22 08:22:49 ip-172-31-69-25 kernel: [    0.463064] amd_nb: Cannot enumerate AMD northbridges
Feb 22 08:22:49 ip-172-31-69-25 kernel: [    0.464020] clocksource: Switched to clocksource xen
Feb 22 08:22:49 ip-172-31-69-25 kernel: [    0.471656] AppArmor: AppArmor Filesystem Enabled
Feb 22 08:22:49 ip-172-31-69-25 kernel: [    0.474231] pnp: PnP ACPI init
Feb 22 08:22:49 ip-172-31-69-25 kernel: [    0.476288] system 00:00: [mem 0x00000000-0x0009ffff] could not be reserved
Feb 22 08:22:49 ip-172-31-69-25 kernel: [    0.479852] system 00:00: Plug and Play ACPI device, IDs PNP0c02 (active)
Feb 22 08:22:49 ip-172-31-69-25 kernel: [    0.479927] system 00:01: [io  0x08a0-0x08a3] has been reserved
Feb 22 08:22:49 ip-172-31-69-25 kernel: [    0.483114] system 00:01: [io  0x0cc0-0x0ccf] has been reserved
Feb 22 08:22:49 ip-172-31-69-25 kernel: [    0.486216] system 00:01: [io  0x04d0-0x04d1] has been reserved
Feb 22 08:22:49 ip-172-31-69-25 kernel: [    0.489190] system 00:01: Plug and Play ACPI device, IDs PNP0c02 (active)
Feb 22 08:22:49 ip-172-31-69-25 kernel: [    0.489214] xen: --> pirq=17 -> irq=8 (gsi=8)
Feb 22 08:22:49 ip-172-31-69-25 kernel: [    0.489231] pnp 00:02: Plug and Play ACPI device, IDs PNP0b00 (active)
Feb 22 08:22:49 ip-172-31-69-25 kernel: [    0.489250] xen: --> pirq=18 -> irq=12 (gsi=12)
Feb 22 08:22:49 ip-172-31-69-25 kernel: [    0.489262] pnp 00:03: Plug and Play ACPI device, IDs PNP0f13 (active)
Feb 22 08:22:49 ip-172-31-69-25 kernel: [    0.489276] xen: --> pirq=19 -> irq=1 (gsi=1)
Feb 22 08:22:49 ip-172-31-69-25 kernel: [    0.489289] pnp 00:04: Plug and Play ACPI device, IDs PNP0303 PNP030b (active)
Feb 22 08:22:49 ip-172-31-69-25 kernel: [    0.489304] xen: --> pirq=20 -> irq=6 (gsi=6)
Feb 22 08:22:49 ip-172-31-69-25 kernel: [    0.489306] pnp 00:05: [dma 2]
Feb 22 08:22:49 ip-172-31-69-25 kernel: [    0.489319] pnp 00:05: Plug and Play ACPI device, IDs PNP0700 (active)
Feb 22 08:22:49 ip-172-31-69-25 kernel: [    0.489338] xen: --> pirq=21 -> irq=4 (gsi=4)
Feb 22 08:22:49 ip-172-31-69-25 kernel: [    0.489350] pnp 00:06: Plug and Play ACPI device, IDs PNP0501 (active)
Feb 22 08:22:49 ip-172-31-69-25 kernel: [    0.489383] system 00:07: [io  0x10c0-0x1141] has been reserved
Feb 22 08:22:49 ip-172-31-69-25 kernel: [    0.492438] system 00:07: [io  0xb044-0xb047] has been reserved
Feb 22 08:22:49 ip-172-31-69-25 kernel: [    0.495446] system 00:07: Plug and Play ACPI device, IDs PNP0c02 (active)
Feb 22 08:22:49 ip-172-31-69-25 kernel: [    0.508626] pnp: PnP ACPI: found 8 devices
Feb 22 08:22:49 ip-172-31-69-25 kernel: [    0.516345] clocksource: acpi_pm: mask: 0xffffff max_cycles: 0xffffff, max_idle_ns: 2085701024 ns
Feb 22 08:22:49 ip-172-31-69-25 kernel: [    0.520894] pci_bus 0000:00: resource 4 [io  0x0000-0x0cf7 window]
Feb 22 08:22:49 ip-172-31-69-25 kernel: [    0.520896] pci_bus 0000:00: resource 5 [io  0x0d00-0xffff window]
Feb 22 08:22:49 ip-172-31-69-25 kernel: [    0.520898] pci_bus 0000:00: resource 6 [mem 0x000a0000-0x000bffff window]
Feb 22 08:22:49 ip-172-31-69-25 kernel: [    0.520899] pci_bus 0000:00: resource 7 [mem 0xf0000000-0xfbffffff window]
Feb 22 08:22:49 ip-172-31-69-25 kernel: [    0.520939] NET: Registered protocol family 2
Feb 22 08:22:49 ip-172-31-69-25 kernel: [    0.523486] TCP established hash table entries: 8192 (order: 4, 65536 bytes)
Feb 22 08:22:49 ip-172-31-69-25 kernel: [    0.526993] TCP bind hash table entries: 8192 (order: 5, 131072 bytes)
Feb 22 08:22:49 ip-172-31-69-25 kernel: [    0.530332] TCP: Hash tables configured (established 8192 bind 8192)
Feb 22 08:22:49 ip-172-31-69-25 kernel: [    0.533538] UDP hash table entries: 512 (order: 2, 16384 bytes)
Feb 22 08:22:49 ip-172-31-69-25 kernel: [    0.536669] UDP-Lite hash table entries: 512 (order: 2, 16384 bytes)
Feb 22 08:22:49 ip-172-31-69-25 kernel: [    0.539978] NET: Registered protocol family 1
Feb 22 08:22:49 ip-172-31-69-25 kernel: [    0.542433] pci 0000:00:00.0: Limiting direct PCI/PCI transfers
Feb 22 08:22:49 ip-172-31-69-25 kernel: [    0.545666] pci 0000:00:01.0: PIIX3: Enabling Passive Release
Feb 22 08:22:49 ip-172-31-69-25 kernel: [    0.548621] pci 0000:00:01.0: Activating ISA DMA hang workarounds
Feb 22 08:22:49 ip-172-31-69-25 kernel: [    0.551715] pci 0000:00:02.0: Video device with shadowed ROM
Feb 22 08:22:49 ip-172-31-69-25 kernel: [    0.551766] PCI: CLS 0 bytes, default 64
Feb 22 08:22:49 ip-172-31-69-25 kernel: [    0.551820] Trying to unpack rootfs image as initramfs...
Feb 22 08:22:49 ip-172-31-69-25 kernel: [    0.729888] Freeing initrd memory: 12308K
Feb 22 08:22:49 ip-172-31-69-25 kernel: [    0.732650] RAPL PMU detected, API unit is 2^-32 Joules, 3 fixed counters 655360 ms ovfl timer
Feb 22 08:22:49 ip-172-31-69-25 kernel: [    0.737371] hw unit of domain pp0-core 2^-14 Joules
Feb 22 08:22:49 ip-172-31-69-25 kernel: [    0.739984] hw unit of domain package 2^-14 Joules
Feb 22 08:22:49 ip-172-31-69-25 kernel: [    0.742605] hw unit of domain dram 2^-16 Joules
Feb 22 08:22:49 ip-172-31-69-25 kernel: [    0.745192] Scanning for low memory corruption every 60 seconds
Feb 22 08:22:49 ip-172-31-69-25 kernel: [    0.748619] audit: initializing netlink subsys (disabled)
Feb 22 08:22:49 ip-172-31-69-25 kernel: [    0.751435] audit: type=2000 audit(1519302162.255:1): initialized
Feb 22 08:22:49 ip-172-31-69-25 kernel: [    0.754718] Initialise system trusted keyring
Feb 22 08:22:49 ip-172-31-69-25 kernel: [    0.757320] HugeTLB registered 2 MB page size, pre-allocated 0 pages
Feb 22 08:22:49 ip-172-31-69-25 kernel: [    0.761580] zbud: loaded
Feb 22 08:22:49 ip-172-31-69-25 kernel: [    0.763401] VFS: Disk quotas dquot_6.6.0
Feb 22 08:22:49 ip-172-31-69-25 kernel: [    0.765605] VFS: Dquot-cache hash table entries: 512 (order 0, 4096 bytes)
Feb 22 08:22:49 ip-172-31-69-25 kernel: [    0.769616] squashfs: version 4.0 (2009/01/31) Phillip Lougher
Feb 22 08:22:49 ip-172-31-69-25 kernel: [    0.772879] fuse init (API version 7.23)
Feb 22 08:22:49 ip-172-31-69-25 kernel: [    0.775200] Key type big_key registered
Feb 22 08:22:49 ip-172-31-69-25 kernel: [    0.777706] Allocating IMA MOK and blacklist keyrings.
Feb 22 08:22:49 ip-172-31-69-25 kernel: [    0.780633] Key type asymmetric registered
Feb 22 08:22:49 ip-172-31-69-25 kernel: [    0.782941] Asymmetric key parser 'x509' registered
Feb 22 08:22:49 ip-172-31-69-25 kernel: [    0.785842] Block layer SCSI generic (bsg) driver version 0.4 loaded (major 249)
Feb 22 08:22:49 ip-172-31-69-25 kernel: [    0.789888] io scheduler noop registered
Feb 22 08:22:49 ip-172-31-69-25 kernel: [    0.792140] io scheduler deadline registered (default)
Feb 22 08:22:49 ip-172-31-69-25 kernel: [    0.794886] io scheduler cfq registered
Feb 22 08:22:49 ip-172-31-69-25 kernel: [    0.797127] pci_hotplug: PCI Hot Plug PCI Core version: 0.5
Feb 22 08:22:49 ip-172-31-69-25 kernel: [    0.800012] pciehp: PCI Express Hot Plug Controller Driver version: 0.4
Feb 22 08:22:49 ip-172-31-69-25 kernel: [    0.803442] intel_idle: does not run on family 6 model 63
Feb 22 08:22:49 ip-172-31-69-25 kernel: [    0.803511] input: Power Button as /devices/LNXSYSTM:00/LNXPWRBN:00/input/input0
Feb 22 08:22:49 ip-172-31-69-25 kernel: [    0.807438] ACPI: Power Button [PWRF]
Feb 22 08:22:49 ip-172-31-69-25 kernel: [    0.809544] input: Sleep Button as /devices/LNXSYSTM:00/LNXSLPBN:00/input/input1
Feb 22 08:22:49 ip-172-31-69-25 kernel: [    0.813395] ACPI: Sleep Button [SLPF]
Feb 22 08:22:49 ip-172-31-69-25 kernel: [    0.815860] xen: --> pirq=22 -> irq=28 (gsi=28)
Feb 22 08:22:49 ip-172-31-69-25 kernel: [    0.815929] xen:grant_table: Grant tables using version 1 layout
Feb 22 08:22:49 ip-172-31-69-25 kernel: [    0.819022] Grant table initialized
Feb 22 08:22:49 ip-172-31-69-25 kernel: [    0.821165] Cannot get hvm parameter CONSOLE_EVTCHN (18): -22!
Feb 22 08:22:49 ip-172-31-69-25 kernel: [    0.824227] Serial: 8250/16550 driver, 32 ports, IRQ sharing enabled
Feb 22 08:22:49 ip-172-31-69-25 kernel: [    0.852945] 00:06: ttyS0 at I/O 0x3f8 (irq = 4, base_baud = 115200) is a 16550A
Feb 22 08:22:49 ip-172-31-69-25 kernel: [    0.858169] Linux agpgart interface v0.103
Feb 22 08:22:49 ip-172-31-69-25 kernel: [    0.862289] brd: module loaded
Feb 22 08:22:49 ip-172-31-69-25 kernel: [    0.865039] loop: module loaded
Feb 22 08:22:49 ip-172-31-69-25 kernel: [    0.866970] Invalid max_queues (4), will use default max: 1.
Feb 22 08:22:49 ip-172-31-69-25 kernel: [    0.870849] ata_piix 0000:00:01.1: version 2.13
Feb 22 08:22:49 ip-172-31-69-25 kernel: [    0.871683] scsi host0: ata_piix
Feb 22 08:22:49 ip-172-31-69-25 kernel: [    0.874107] scsi host1: ata_piix
Feb 22 08:22:49 ip-172-31-69-25 kernel: [    0.876327] ata1: PATA max MWDMA2 cmd 0x1f0 ctl 0x3f6 bmdma 0xc100 irq 14
Feb 22 08:22:49 ip-172-31-69-25 kernel: [    0.879952] ata2: PATA max MWDMA2 cmd 0x170 ctl 0x376 bmdma 0xc108 irq 15
Feb 22 08:22:49 ip-172-31-69-25 kernel: [    0.885041] libphy: Fixed MDIO Bus: probed
Feb 22 08:22:49 ip-172-31-69-25 kernel: [    0.887508] tun: Universal TUN/TAP device driver, 1.6
Feb 22 08:22:49 ip-172-31-69-25 kernel: [    0.892429] tun: (C) 1999-2004 Max Krasnyansky <maxk@qualcomm.com>
Feb 22 08:22:49 ip-172-31-69-25 kernel: [    0.896465] PPP generic driver version 2.4.2
Feb 22 08:22:49 ip-172-31-69-25 kernel: [    0.899599] xen_netfront: Initialising Xen virtual ethernet driver
Feb 22 08:22:49 ip-172-31-69-25 kernel: [    0.904532] ehci_hcd: USB 2.0 'Enhanced' Host Controller (EHCI) Driver
Feb 22 08:22:49 ip-172-31-69-25 kernel: [    0.909570] ehci-pci: EHCI PCI platform driver
Feb 22 08:22:49 ip-172-31-69-25 kernel: [    0.913129] ehci-platform: EHCI generic platform driver
Feb 22 08:22:49 ip-172-31-69-25 kernel: [    0.917554] ohci_hcd: USB 1.1 'Open' Host Controller (OHCI) Driver
Feb 22 08:22:49 ip-172-31-69-25 kernel: [    0.920968] ohci-pci: OHCI PCI platform driver
Feb 22 08:22:49 ip-172-31-69-25 kernel: [    0.923632] ohci-platform: OHCI generic platform driver
Feb 22 08:22:49 ip-172-31-69-25 kernel: [    0.926679] uhci_hcd: USB Universal Host Controller Interface driver
Feb 22 08:22:49 ip-172-31-69-25 kernel: [    0.930731] i8042: PNP: PS/2 Controller [PNP0303:PS2K,PNP0f13:PS2M] at 0x60,0x64 irq 1,12
Feb 22 08:22:49 ip-172-31-69-25 kernel: [    0.937058] serio: i8042 KBD port at 0x60,0x64 irq 1
Feb 22 08:22:49 ip-172-31-69-25 kernel: [    0.940232] serio: i8042 AUX port at 0x60,0x64 irq 12
Feb 22 08:22:49 ip-172-31-69-25 kernel: [    0.943477] mousedev: PS/2 mouse device common for all mice
Feb 22 08:22:49 ip-172-31-69-25 kernel: [    0.947411] input: AT Translated Set 2 keyboard as /devices/platform/i8042/serio0/input/input2
Feb 22 08:22:49 ip-172-31-69-25 kernel: [    0.952025] rtc_cmos 00:02: rtc core: registered rtc_cmos as rtc0
Feb 22 08:22:49 ip-172-31-69-25 kernel: [    0.956039] rtc_cmos 00:02: alarms up to one day, 114 bytes nvram, hpet irqs
Feb 22 08:22:49 ip-172-31-69-25 kernel: [    0.974607] i2c /dev entries driver
Feb 22 08:22:49 ip-172-31-69-25 kernel: [    0.976963] device-mapper: uevent: version 1.0.3
Feb 22 08:22:49 ip-172-31-69-25 kernel: [    0.979664] device-mapper: ioctl: 4.34.0-ioctl (2015-10-28) initialised: dm-devel@redhat.com
Feb 22 08:22:49 ip-172-31-69-25 kernel: [    0.984678] NET: Registered protocol family 10
Feb 22 08:22:49 ip-172-31-69-25 kernel: [    0.988157] NET: Registered protocol family 17
Feb 22 08:22:49 ip-172-31-69-25 kernel: [    0.990793] Key type dns_resolver registered
Feb 22 08:22:49 ip-172-31-69-25 kernel: [    0.994522] registered taskstats version 1
Feb 22 08:22:49 ip-172-31-69-25 kernel: [    0.998168] Loading compiled-in X.509 certificates
Feb 22 08:22:49 ip-172-31-69-25 kernel: [    1.001692] Loaded X.509 cert 'Build time autogenerated kernel key: 3202f79a2fa321ecce3869d36458fe9267f31118'
Feb 22 08:22:49 ip-172-31-69-25 kernel: [    1.007012] zswap: loaded using pool lzo/zbud
Feb 22 08:22:49 ip-172-31-69-25 kernel: [    1.009726] blkfront: xvda: barrier or flush: disabled; persistent grants: disabled; indirect descriptors: enabled;
Feb 22 08:22:49 ip-172-31-69-25 kernel: [    1.016463] Key type trusted registered
Feb 22 08:22:49 ip-172-31-69-25 kernel: [    1.020548]  xvda: xvda1
Feb 22 08:22:49 ip-172-31-69-25 kernel: [    1.023661] Key type encrypted registered
Feb 22 08:22:49 ip-172-31-69-25 kernel: [    1.026028] AppArmor: AppArmor sha1 policy hashing enabled
Feb 22 08:22:49 ip-172-31-69-25 kernel: [    1.028838] ima: No TPM chip found, activating TPM-bypass!
Feb 22 08:22:49 ip-172-31-69-25 kernel: [    1.031688] evm: HMAC attrs: 0x1
Feb 22 08:22:49 ip-172-31-69-25 kernel: [    1.033877]   Magic number: 6:722:380
Feb 22 08:22:49 ip-172-31-69-25 kernel: [    1.036079] rtc_cmos 00:02: setting system clock to 2018-02-22 12:22:42 UTC (1519302162)
Feb 22 08:22:49 ip-172-31-69-25 kernel: [    1.041206] BIOS EDD facility v0.16 2004-Jun-25, 0 devices found
Feb 22 08:22:49 ip-172-31-69-25 kernel: [    1.044292] EDD information not available.
Feb 22 08:22:49 ip-172-31-69-25 kernel: [    1.046666] PM: Hibernation image not present or could not be loaded.
Feb 22 08:22:49 ip-172-31-69-25 kernel: [    1.048254] Freeing unused kernel memory: 1484K
Feb 22 08:22:49 ip-172-31-69-25 kernel: [    1.050746] Write protecting the kernel read-only data: 14336k
Feb 22 08:22:49 ip-172-31-69-25 kernel: [    1.054313] Freeing unused kernel memory: 1908K
Feb 22 08:22:49 ip-172-31-69-25 kernel: [    1.057298] Freeing unused kernel memory: 224K
Feb 22 08:22:49 ip-172-31-69-25 kernel: [    1.072426] random: udevadm: uninitialized urandom read (16 bytes read, 8 bits of entropy available)
Feb 22 08:22:49 ip-172-31-69-25 kernel: [    1.078345] random: systemd-udevd: uninitialized urandom read (16 bytes read, 8 bits of entropy available)
Feb 22 08:22:49 ip-172-31-69-25 kernel: [    1.084018] random: systemd-udevd: uninitialized urandom read (16 bytes read, 8 bits of entropy available)
Feb 22 08:22:49 ip-172-31-69-25 kernel: [    1.089610] random: udevadm: uninitialized urandom read (16 bytes read, 8 bits of entropy available)
Feb 22 08:22:49 ip-172-31-69-25 kernel: [    1.094922] random: systemd-udevd: uninitialized urandom read (16 bytes read, 8 bits of entropy available)
Feb 22 08:22:49 ip-172-31-69-25 kernel: [    1.104101] random: systemd-udevd: uninitialized urandom read (16 bytes read, 8 bits of entropy available)
Feb 22 08:22:49 ip-172-31-69-25 kernel: [    1.111667] random: udevadm: uninitialized urandom read (16 bytes read, 8 bits of entropy available)
Feb 22 08:22:49 ip-172-31-69-25 kernel: [    1.117850] random: systemd-udevd: uninitialized urandom read (16 bytes read, 8 bits of entropy available)
Feb 22 08:22:49 ip-172-31-69-25 kernel: [    1.123646] random: udevadm: uninitialized urandom read (16 bytes read, 8 bits of entropy available)
Feb 22 08:22:49 ip-172-31-69-25 kernel: [    1.129042] random: systemd-udevd: uninitialized urandom read (16 bytes read, 8 bits of entropy available)
Feb 22 08:22:49 ip-172-31-69-25 kernel: [    1.257481] AVX2 version of gcm_enc/dec engaged.
Feb 22 08:22:49 ip-172-31-69-25 kernel: [    1.260421] AES CTR mode by8 optimization enabled
Feb 22 08:22:49 ip-172-31-69-25 kernel: [    1.744131] tsc: Refined TSC clocksource calibration: 2399.999 MHz
Feb 22 08:22:49 ip-172-31-69-25 kernel: [    1.747525] clocksource: tsc: mask: 0xffffffffffffffff max_cycles: 0x2298364cab5, max_idle_ns: 440795214892 ns
Feb 22 08:22:49 ip-172-31-69-25 kernel: [    2.753122] md: linear personality registered for level -1
Feb 22 08:22:49 ip-172-31-69-25 kernel: [    2.759126] md: multipath personality registered for level -4
Feb 22 08:22:49 ip-172-31-69-25 kernel: [    2.765242] md: raid0 personality registered for level 0
Feb 22 08:22:49 ip-172-31-69-25 kernel: [    2.771643] md: raid1 personality registered for level 1
Feb 22 08:22:49 ip-172-31-69-25 kernel: [    2.828066] raid6: sse2x1   gen()  8396 MB/s
Feb 22 08:22:49 ip-172-31-69-25 kernel: [    2.876062] raid6: sse2x1   xor()  6499 MB/s
Feb 22 08:22:49 ip-172-31-69-25 kernel: [    2.924061] raid6: sse2x2   gen() 10623 MB/s
Feb 22 08:22:49 ip-172-31-69-25 kernel: [    2.972060] raid6: sse2x2   xor()  7097 MB/s
Feb 22 08:22:49 ip-172-31-69-25 kernel: [    3.020063] raid6: sse2x4   gen() 12166 MB/s
Feb 22 08:22:49 ip-172-31-69-25 kernel: [    3.068060] raid6: sse2x4   xor()  8412 MB/s
Feb 22 08:22:49 ip-172-31-69-25 kernel: [    3.116059] raid6: avx2x1   gen() 16305 MB/s
Feb 22 08:22:49 ip-172-31-69-25 kernel: [    3.164061] raid6: avx2x2   gen() 18966 MB/s
Feb 22 08:22:49 ip-172-31-69-25 kernel: [    3.212062] raid6: avx2x4   gen() 21826 MB/s
Feb 22 08:22:49 ip-172-31-69-25 kernel: [    3.214839] raid6: using algorithm avx2x4 gen() 21826 MB/s
Feb 22 08:22:49 ip-172-31-69-25 kernel: [    3.218050] raid6: using avx2x2 recovery algorithm
Feb 22 08:22:49 ip-172-31-69-25 kernel: [    3.223169] xor: automatically using best checksumming function:
Feb 22 08:22:49 ip-172-31-69-25 kernel: [    3.264061]    avx       : 26250.000 MB/sec
Feb 22 08:22:49 ip-172-31-69-25 kernel: [    3.269001] async_tx: api initialized (async)
Feb 22 08:22:49 ip-172-31-69-25 kernel: [    3.283839] md: raid6 personality registered for level 6
Feb 22 08:22:49 ip-172-31-69-25 kernel: [    3.286989] md: raid5 personality registered for level 5
Feb 22 08:22:49 ip-172-31-69-25 kernel: [    3.290096] md: raid4 personality registered for level 4
Feb 22 08:22:49 ip-172-31-69-25 kernel: [    3.298675] md: raid10 personality registered for level 10
Feb 22 08:22:49 ip-172-31-69-25 kernel: [    3.338081] Btrfs loaded
Feb 22 08:22:49 ip-172-31-69-25 kernel: [    3.379501] EXT4-fs (xvda1): mounted filesystem with ordered data mode. Opts: (null)
Feb 22 08:22:49 ip-172-31-69-25 kernel: [    3.833544] Loading iSCSI transport class v2.0-870.
Feb 22 08:22:49 ip-172-31-69-25 kernel: [    3.842928] EXT4-fs (xvda1): re-mounted. Opts: discard
Feb 22 08:22:49 ip-172-31-69-25 kernel: [    3.858818] iscsi: registered transport (tcp)
Feb 22 08:22:49 ip-172-31-69-25 kernel: [    3.935000] iscsi: registered transport (iser)
Feb 22 08:22:49 ip-172-31-69-25 kernel: [    4.852419] audit: type=1400 audit(1519302166.312:2): apparmor="STATUS" operation="profile_load" profile="unconfined" name="lxc-container-default" pid=573 comm="apparmor_parser"
Feb 22 08:22:49 ip-172-31-69-25 kernel: [    4.852423] audit: type=1400 audit(1519302166.312:3): apparmor="STATUS" operation="profile_load" profile="unconfined" name="lxc-container-default-cgns" pid=573 comm="apparmor_parser"
Feb 22 08:22:49 ip-172-31-69-25 kernel: [    4.852426] audit: type=1400 audit(1519302166.312:4): apparmor="STATUS" operation="profile_load" profile="unconfined" name="lxc-container-default-with-mounting" pid=573 comm="apparmor_parser"
Feb 22 08:22:49 ip-172-31-69-25 kernel: [    4.852428] audit: type=1400 audit(1519302166.312:5): apparmor="STATUS" operation="profile_load" profile="unconfined" name="lxc-container-default-with-nesting" pid=573 comm="apparmor_parser"
Feb 22 08:22:49 ip-172-31-69-25 kernel: [    4.862111] audit: type=1400 audit(1519302166.320:6): apparmor="STATUS" operation="profile_load" profile="unconfined" name="/sbin/dhclient" pid=576 comm="apparmor_parser"
Feb 22 08:22:49 ip-172-31-69-25 kernel: [    4.862115] audit: type=1400 audit(1519302166.320:7): apparmor="STATUS" operation="profile_load" profile="unconfined" name="/usr/lib/NetworkManager/nm-dhcp-client.action" pid=576 comm="apparmor_parser"
Feb 22 08:22:49 ip-172-31-69-25 kernel: [    4.862118] audit: type=1400 audit(1519302166.320:8): apparmor="STATUS" operation="profile_load" profile="unconfined" name="/usr/lib/NetworkManager/nm-dhcp-helper" pid=576 comm="apparmor_parser"
Feb 22 08:22:49 ip-172-31-69-25 kernel: [    4.862121] audit: type=1400 audit(1519302166.320:9): apparmor="STATUS" operation="profile_load" profile="unconfined" name="/usr/lib/connman/scripts/dhclient-script" pid=576 comm="apparmor_parser"
Feb 22 08:22:49 ip-172-31-69-25 kernel: [    4.868573] audit: type=1400 audit(1519302166.328:10): apparmor="STATUS" operation="profile_load" profile="unconfined" name="/usr/bin/lxc-start" pid=578 comm="apparmor_parser"
Feb 22 08:22:49 ip-172-31-69-25 kernel: [    5.994750] ppdev: user-space parallel port driver
Feb 22 08:22:49 ip-172-31-69-25 kernel: [    7.766619] random: nonblocking pool is initialized
Feb 22 08:22:49 ip-172-31-69-25 systemd-modules-load[378]: Inserted module 'iscsi_tcp'
Feb 22 08:22:49 ip-172-31-69-25 systemd-modules-load[378]: Inserted module 'ib_iser'
Feb 22 08:22:49 ip-172-31-69-25 loadkeys[396]: Loading /etc/console-setup/cached.kmap.gz
Feb 22 08:22:49 ip-172-31-69-25 systemd[1]: Started Load Kernel Modules.
Feb 22 08:22:49 ip-172-31-69-25 systemd[1]: Started Remount Root and Kernel File Systems.
Feb 22 08:22:49 ip-172-31-69-25 systemd[1]: Started Create list of required static device nodes for the current kernel.
Feb 22 08:22:49 ip-172-31-69-25 systemd[1]: Started Uncomplicated firewall.
Feb 22 08:22:49 ip-172-31-69-25 systemd[1]: Started Set console keymap.
Feb 22 08:22:49 ip-172-31-69-25 systemd[1]: Started Nameserver information manager.
Feb 22 08:22:49 ip-172-31-69-25 systemd[1]: Started LVM2 metadata daemon.
Feb 22 08:22:49 ip-172-31-69-25 systemd[1]: Starting Create Static Device Nodes in /dev...
Feb 22 08:22:49 ip-172-31-69-25 systemd[1]: Starting Load/Save Random Seed...
Feb 22 08:22:49 ip-172-31-69-25 systemd[1]: Starting udev Coldplug all Devices...
Feb 22 08:22:49 ip-172-31-69-25 systemd[1]: Starting Initial cloud-init job (pre-networking)...
Feb 22 08:22:49 ip-172-31-69-25 systemd[1]: Starting Apply Kernel Variables...
Feb 22 08:22:49 ip-172-31-69-25 systemd[1]: Mounting FUSE Control File System...
Feb 22 08:22:49 ip-172-31-69-25 systemd[1]: Starting Flush Journal to Persistent Storage...
Feb 22 08:22:49 ip-172-31-69-25 systemd[1]: Mounted FUSE Control File System.
Feb 22 08:22:49 ip-172-31-69-25 systemd[1]: Started Create Static Device Nodes in /dev.
Feb 22 08:22:49 ip-172-31-69-25 systemd[1]: Started Load/Save Random Seed.
Feb 22 08:22:49 ip-172-31-69-25 systemd[1]: Started Apply Kernel Variables.
Feb 22 08:22:49 ip-172-31-69-25 systemd[1]: Starting udev Kernel Device Manager...
Feb 22 08:22:49 ip-172-31-69-25 systemd[1]: Started Flush Journal to Persistent Storage.
Feb 22 08:22:49 ip-172-31-69-25 systemd[1]: Started udev Coldplug all Devices.
Feb 22 08:22:49 ip-172-31-69-25 systemd[1]: Started udev Kernel Device Manager.
Feb 22 08:22:49 ip-172-31-69-25 systemd[1]: Started Dispatch Password Requests to Console Directory Watch.
Feb 22 08:22:49 ip-172-31-69-25 systemd[1]: Started Monitoring of LVM2 mirrors, snapshots etc. using dmeventd or progress polling.
Feb 22 08:22:49 ip-172-31-69-25 systemd[1]: Reached target Local File Systems (Pre).
Feb 22 08:22:49 ip-172-31-69-25 systemd[1]: Reached target Local File Systems.
Feb 22 08:22:49 ip-172-31-69-25 systemd[1]: Starting Tell Plymouth To Write Out Runtime Data...
Feb 22 08:22:49 ip-172-31-69-25 systemd[1]: Starting Create Volatile Files and Directories...
Feb 22 08:22:49 ip-172-31-69-25 systemd[1]: Starting Set console font and keymap...
Feb 22 08:22:49 ip-172-31-69-25 systemd-tmpfiles[490]: [/usr/lib/tmpfiles.d/var.conf:14] Duplicate line for path "/var/log", ignoring.
Feb 22 08:22:49 ip-172-31-69-25 systemd[1]: Starting LSB: AppArmor initialization...
Feb 22 08:22:49 ip-172-31-69-25 systemd[1]: Started Tell Plymouth To Write Out Runtime Data.
Feb 22 08:22:49 ip-172-31-69-25 systemd[1]: Started Create Volatile Files and Directories.
Feb 22 08:22:49 ip-172-31-69-25 systemd[1]: Starting Update UTMP about System Boot/Shutdown...
Feb 22 08:22:49 ip-172-31-69-25 systemd[1]: Starting Network Time Synchronization...
Feb 22 08:22:49 ip-172-31-69-25 systemd[1]: Started Update UTMP about System Boot/Shutdown.
Feb 22 08:22:49 ip-172-31-69-25 apparmor[496]:  * Starting AppArmor profiles
Feb 22 08:22:49 ip-172-31-69-25 systemd[1]: Started Network Time Synchronization.
Feb 22 08:22:49 ip-172-31-69-25 systemd[1]: Reached target System Time Synchronized.
Feb 22 08:22:49 ip-172-31-69-25 systemd[1]: Found device /dev/ttyS0.
Feb 22 08:22:49 ip-172-31-69-25 apparmor[496]: Skipping profile in /etc/apparmor.d/disable: usr.sbin.rsyslogd
Feb 22 08:22:49 ip-172-31-69-25 apparmor[496]:    ...done.
Feb 22 08:22:49 ip-172-31-69-25 systemd[1]: Started LSB: AppArmor initialization.
Feb 22 08:22:49 ip-172-31-69-25 systemd[1]: Found device /sys/subsystem/net/devices/eth0.
Feb 22 08:22:49 ip-172-31-69-25 systemd[1]: Listening on Load/Save RF Kill Switch Status /dev/rfkill Watch.
Feb 22 08:22:49 ip-172-31-69-25 dhclient[820]: Internet Systems Consortium DHCP Client 4.3.3
Feb 22 08:22:49 ip-172-31-69-25 dhclient[820]: Copyright 2004-2015 Internet Systems Consortium.
Feb 22 08:22:49 ip-172-31-69-25 dhclient[820]: All rights reserved.
Feb 22 08:22:49 ip-172-31-69-25 dhclient[820]: For info, please visit https://www.isc.org/software/dhcp/
Feb 22 08:22:49 ip-172-31-69-25 dhclient[820]: 
Feb 22 08:22:49 ip-172-31-69-25 dhclient[820]: Listening on LPF/eth0/02:d8:a9:4e:38:42
Feb 22 08:22:49 ip-172-31-69-25 dhclient[820]: Sending on   LPF/eth0/02:d8:a9:4e:38:42
Feb 22 08:22:49 ip-172-31-69-25 dhclient[820]: Sending on   Socket/fallback
Feb 22 08:22:49 ip-172-31-69-25 dhclient[820]: DHCPDISCOVER on eth0 to 255.255.255.255 port 67 interval 3 (xid=0x9a26cb2a)
Feb 22 08:22:49 ip-172-31-69-25 dhclient[820]: DHCPREQUEST of 172.31.69.25 on eth0 to 255.255.255.255 port 67 (xid=0x2acb269a)
Feb 22 08:22:49 ip-172-31-69-25 dhclient[820]: DHCPOFFER of 172.31.69.25 from 172.31.69.1
Feb 22 08:22:49 ip-172-31-69-25 dhclient[820]: DHCPACK of 172.31.69.25 from 172.31.69.1
Feb 22 08:22:49 ip-172-31-69-25 dhclient[820]: bound to 172.31.69.25 -- renewal in 1504 seconds.
Feb 22 08:22:49 ip-172-31-69-25 systemd[1]: Started Set console font and keymap.
Feb 22 08:22:49 ip-172-31-69-25 cloud-init[453]: Cloud-init v. 17.1 running 'init-local' at Thu, 22 Feb 2018 12:22:46 +0000. Up 5.23 seconds.
Feb 22 08:22:49 ip-172-31-69-25 systemd-udevd[485]: Process 'console-setup-tty /dev/tty4' failed with exit code 71.
Feb 22 08:22:49 ip-172-31-69-25 systemd[1]: Created slice system-getty.slice.
Feb 22 08:22:49 ip-172-31-69-25 systemd[1]: Started Initial cloud-init job (pre-networking).
Feb 22 08:22:49 ip-172-31-69-25 systemd[1]: Reached target Network (Pre).
Feb 22 08:22:49 ip-172-31-69-25 systemd[1]: Starting Raise network interfaces...
Feb 22 08:22:49 ip-172-31-69-25 systemd[1]: Started ifup for eth0.
Feb 22 08:22:49 ip-172-31-69-25 dhclient[901]: Internet Systems Consortium DHCP Client 4.3.3
Feb 22 08:22:49 ip-172-31-69-25 sh[886]: Internet Systems Consortium DHCP Client 4.3.3
Feb 22 08:22:49 ip-172-31-69-25 dhclient[901]: Copyright 2004-2015 Internet Systems Consortium.
Feb 22 08:22:49 ip-172-31-69-25 sh[886]: Copyright 2004-2015 Internet Systems Consortium.
Feb 22 08:22:49 ip-172-31-69-25 dhclient[901]: All rights reserved.
Feb 22 08:22:49 ip-172-31-69-25 sh[886]: All rights reserved.
Feb 22 08:22:49 ip-172-31-69-25 dhclient[901]: For info, please visit https://www.isc.org/software/dhcp/
Feb 22 08:22:49 ip-172-31-69-25 sh[886]: For info, please visit https://www.isc.org/software/dhcp/
Feb 22 08:22:49 ip-172-31-69-25 dhclient[901]: 
Feb 22 08:22:49 ip-172-31-69-25 dhclient[901]: Listening on LPF/eth0/02:d8:a9:4e:38:42
Feb 22 08:22:49 ip-172-31-69-25 sh[886]: Listening on LPF/eth0/02:d8:a9:4e:38:42
Feb 22 08:22:49 ip-172-31-69-25 sh[886]: Sending on   LPF/eth0/02:d8:a9:4e:38:42
Feb 22 08:22:49 ip-172-31-69-25 sh[886]: Sending on   Socket/fallback
Feb 22 08:22:49 ip-172-31-69-25 sh[886]: DHCPDISCOVER on eth0 to 255.255.255.255 port 67 interval 3 (xid=0x7cb50e1c)
Feb 22 08:22:49 ip-172-31-69-25 dhclient[901]: Sending on   LPF/eth0/02:d8:a9:4e:38:42
Feb 22 08:22:49 ip-172-31-69-25 dhclient[901]: Sending on   Socket/fallback
Feb 22 08:22:49 ip-172-31-69-25 dhclient[901]: DHCPDISCOVER on eth0 to 255.255.255.255 port 67 interval 3 (xid=0x7cb50e1c)
Feb 22 08:22:49 ip-172-31-69-25 dhclient[901]: DHCPREQUEST of 172.31.69.25 on eth0 to 255.255.255.255 port 67 (xid=0x1c0eb57c)
Feb 22 08:22:49 ip-172-31-69-25 sh[886]: DHCPREQUEST of 172.31.69.25 on eth0 to 255.255.255.255 port 67 (xid=0x1c0eb57c)
Feb 22 08:22:49 ip-172-31-69-25 sh[886]: DHCPOFFER of 172.31.69.25 from 172.31.69.1
Feb 22 08:22:49 ip-172-31-69-25 dhclient[901]: DHCPOFFER of 172.31.69.25 from 172.31.69.1
Feb 22 08:22:49 ip-172-31-69-25 dhclient[901]: DHCPACK of 172.31.69.25 from 172.31.69.1
Feb 22 08:22:49 ip-172-31-69-25 sh[886]: DHCPACK of 172.31.69.25 from 172.31.69.1
Feb 22 08:22:49 ip-172-31-69-25 dhclient[901]: bound to 172.31.69.25 -- renewal in 1503 seconds.
Feb 22 08:22:49 ip-172-31-69-25 sh[886]: bound to 172.31.69.25 -- renewal in 1503 seconds.
Feb 22 08:22:49 ip-172-31-69-25 systemd[1]: Started Raise network interfaces.
Feb 22 08:22:49 ip-172-31-69-25 systemd[1]: Reached target Network.
Feb 22 08:22:49 ip-172-31-69-25 systemd[1]: Starting Initial cloud-init job (metadata service crawler)...
Feb 22 08:22:49 ip-172-31-69-25 cloud-init[1055]: Cloud-init v. 17.1 running 'init' at Thu, 22 Feb 2018 12:22:48 +0000. Up 7.34 seconds.
Feb 22 08:22:49 ip-172-31-69-25 cloud-init[1055]: ci-info: ++++++++++++++++++++++++++++++++++++++Net device info+++++++++++++++++++++++++++++++++++++++
Feb 22 08:22:49 ip-172-31-69-25 cloud-init[1055]: ci-info: +--------+------+----------------------------+-----------------+-------+-------------------+
Feb 22 08:22:49 ip-172-31-69-25 cloud-init[1055]: ci-info: | Device |  Up  |          Address           |       Mask      | Scope |     Hw-Address    |
Feb 22 08:22:49 ip-172-31-69-25 cloud-init[1055]: ci-info: +--------+------+----------------------------+-----------------+-------+-------------------+
Feb 22 08:22:49 ip-172-31-69-25 cloud-init[1055]: ci-info: |  eth0  | True |        172.31.69.25        | 255.255.255.224 |   .   | 02:d8:a9:4e:38:42 |
Feb 22 08:22:49 ip-172-31-69-25 cloud-init[1055]: ci-info: |  eth0  | True | fe80::d8:a9ff:fe4e:3842/64 |        .        |  link | 02:d8:a9:4e:38:42 |
Feb 22 08:22:49 ip-172-31-69-25 cloud-init[1055]: ci-info: |   lo   | True |         127.0.0.1          |    255.0.0.0    |   .   |         .         |
Feb 22 08:22:49 ip-172-31-69-25 cloud-init[1055]: ci-info: |   lo   | True |          ::1/128           |        .        |  host |         .         |
Feb 22 08:22:49 ip-172-31-69-25 cloud-init[1055]: ci-info: +--------+------+----------------------------+-----------------+-------+-------------------+
Feb 22 08:22:49 ip-172-31-69-25 cloud-init[1055]: ci-info: ++++++++++++++++++++++++++++++Route IPv4 info++++++++++++++++++++++++++++++
Feb 22 08:22:49 ip-172-31-69-25 cloud-init[1055]: ci-info: +-------+-------------+-------------+-----------------+-----------+-------+
Feb 22 08:22:49 ip-172-31-69-25 cloud-init[1055]: ci-info: | Route | Destination |   Gateway   |     Genmask     | Interface | Flags |
Feb 22 08:22:49 ip-172-31-69-25 cloud-init[1055]: ci-info: +-------+-------------+-------------+-----------------+-----------+-------+
Feb 22 08:22:49 ip-172-31-69-25 cloud-init[1055]: ci-info: |   0   |   0.0.0.0   | 172.31.69.1 |     0.0.0.0     |    eth0   |   UG  |
Feb 22 08:22:49 ip-172-31-69-25 cloud-init[1055]: ci-info: |   1   | 172.31.69.0 |   0.0.0.0   | 255.255.255.224 |    eth0   |   U   |
Feb 22 08:22:49 ip-172-31-69-25 cloud-init[1055]: ci-info: +-------+-------------+-------------+-----------------+-----------+-------+
Feb 22 08:22:49 ip-172-31-69-25 systemd[1]: Started Initial cloud-init job (metadata service crawler).
Feb 22 08:22:49 ip-172-31-69-25 systemd[1]: Reached target System Initialization.
Feb 22 08:22:49 ip-172-31-69-25 systemd[1]: Starting Socket activation for snappy daemon.
Feb 22 08:22:49 ip-172-31-69-25 systemd[1]: Started ACPI Events Check.
Feb 22 08:22:49 ip-172-31-69-25 systemd[1]: Reached target Paths.
Feb 22 08:22:49 ip-172-31-69-25 systemd[1]: Starting LXD - unix socket.
Feb 22 08:22:49 ip-172-31-69-25 systemd[1]: Started Daily Cleanup of Temporary Directories.
Feb 22 08:22:49 ip-172-31-69-25 systemd[1]: Listening on UUID daemon activation socket.
Feb 22 08:22:49 ip-172-31-69-25 systemd[1]: Listening on ACPID Listen Socket.
Feb 22 08:22:49 ip-172-31-69-25 systemd[1]: Started Timer to automatically refresh installed snaps.
Feb 22 08:22:49 ip-172-31-69-25 systemd[1]: Listening on D-Bus System Message Bus Socket.
Feb 22 08:22:49 ip-172-31-69-25 systemd[1]: Reached target Cloud-config availability.
Feb 22 08:22:49 ip-172-31-69-25 systemd[1]: Reached target Network is Online.
Feb 22 08:22:49 ip-172-31-69-25 systemd[1]: Started Daily apt download activities.
Feb 22 08:22:49 ip-172-31-69-25 systemd[1]: Started Daily apt upgrade and clean activities.
Feb 22 08:22:49 ip-172-31-69-25 systemd[1]: Reached target Timers.
Feb 22 08:22:49 ip-172-31-69-25 systemd[1]: Starting iSCSI initiator daemon (iscsid)...
Feb 22 08:22:49 ip-172-31-69-25 systemd[1]: Listening on Socket activation for snappy daemon.
Feb 22 08:22:49 ip-172-31-69-25 systemd[1]: Listening on LXD - unix socket.
Feb 22 08:22:49 ip-172-31-69-25 iscsid: iSCSI logger with pid=1111 started!
Feb 22 08:22:49 ip-172-31-69-25 iscsid: iSCSI daemon with pid=1112 started!
Feb 22 08:22:49 ip-172-31-69-25 systemd[1]: Started iSCSI initiator daemon (iscsid).
Feb 22 08:22:49 ip-172-31-69-25 systemd[1]: Starting Login to default iSCSI targets...
Feb 22 08:22:49 ip-172-31-69-25 systemd[1]: Reached target Sockets.
Feb 22 08:22:49 ip-172-31-69-25 systemd[1]: Reached target Basic System.
Feb 22 08:22:49 ip-172-31-69-25 systemd[1]: Starting MySQL Community Server...
Feb 22 08:22:49 ip-172-31-69-25 systemd[1]: Starting Apply the settings specified in cloud-config...
Feb 22 08:22:49 ip-172-31-69-25 systemd[1]: Starting Accounts Service...
Feb 22 08:22:49 ip-172-31-69-25 systemd[1]: Starting LSB: MD monitoring daemon...
Feb 22 08:22:49 ip-172-31-69-25 systemd[1]: Starting The PHP 7.0 FastCGI Process Manager...
Feb 22 08:22:49 ip-172-31-69-25 systemd[1]: Started Unattended Upgrades Shutdown.
Feb 22 08:22:49 ip-172-31-69-25 systemd[1]: Starting OpenBSD Secure Shell server...
Feb 22 08:22:49 ip-172-31-69-25 systemd[1]: Starting LXD - container startup/shutdown...
Feb 22 08:22:49 ip-172-31-69-25 systemd[1]: Started D-Bus System Message Bus.
Feb 22 08:22:49 ip-172-31-69-25 dbus[1144]: [system] AppArmor D-Bus mediation is enabled
Feb 22 08:22:49 ip-172-31-69-25 systemd[1]: Started ACPI event daemon.
Feb 22 08:22:49 ip-172-31-69-25 systemd[1]: Starting LSB: Record successful boot for GRUB...
Feb 22 08:22:49 ip-172-31-69-25 acpid: starting up with netlink and the input layer
Feb 22 08:22:49 ip-172-31-69-25 systemd[1]: Starting Login Service...
Feb 22 08:22:49 ip-172-31-69-25 acpid: 1 rule loaded
Feb 22 08:22:49 ip-172-31-69-25 acpid: waiting for events: event logging is off
Feb 22 08:22:49 ip-172-31-69-25 systemd[1]: Starting System Logging Service...
Feb 22 08:22:49 ip-172-31-69-25 systemd[1]: Started Deferred execution scheduler.
Feb 22 08:22:49 ip-172-31-69-25 systemd[1]: Started Regular background program processing daemon.
Feb 22 08:22:49 ip-172-31-69-25 dbus[1144]: [system] Activating via systemd: service name='org.freedesktop.PolicyKit1' unit='polkitd.service'
Feb 22 08:22:49 ip-172-31-69-25 systemd[1]: Starting /etc/rc.local Compatibility...
Feb 22 08:22:49 ip-172-31-69-25 cron[1173]: (CRON) INFO (pidfile fd = 3)
Feb 22 08:22:49 ip-172-31-69-25 systemd[1]: Started FUSE filesystem for LXC.
Feb 22 08:22:49 ip-172-31-69-25 cron[1173]: (CRON) INFO (Running @reboot jobs)
Feb 22 08:22:49 ip-172-31-69-25 systemd[1]: Starting Snappy daemon...
Feb 22 08:22:49 ip-172-31-69-25 systemd[1]: Started OpenBSD Secure Shell server.
Feb 22 08:22:49 ip-172-31-69-25 lxcfs[1178]: hierarchies:
Feb 22 08:22:49 ip-172-31-69-25 lxcfs[1178]:   0: fd:   5: blkio
Feb 22 08:22:49 ip-172-31-69-25 lxcfs[1178]:   1: fd:   6: perf_event
Feb 22 08:22:49 ip-172-31-69-25 lxcfs[1178]:   2: fd:   7: cpuset
Feb 22 08:22:49 ip-172-31-69-25 lxcfs[1178]:   3: fd:   8: hugetlb
Feb 22 08:22:49 ip-172-31-69-25 lxcfs[1178]:   4: fd:   9: net_cls,net_prio
Feb 22 08:22:49 ip-172-31-69-25 lxcfs[1178]:   5: fd:  10: cpu,cpuacct
Feb 22 08:22:49 ip-172-31-69-25 lxcfs[1178]:   6: fd:  11: freezer
Feb 22 08:22:49 ip-172-31-69-25 lxcfs[1178]:   7: fd:  12: memory
Feb 22 08:22:49 ip-172-31-69-25 lxcfs[1178]:   8: fd:  13: devices
Feb 22 08:22:49 ip-172-31-69-25 lxcfs[1178]:   9: fd:  14: pids
Feb 22 08:22:49 ip-172-31-69-25 lxcfs[1178]:  10: fd:  15: name=systemd
Feb 22 08:22:49 ip-172-31-69-25 systemd[1]: Started System Logging Service.
Feb 22 08:22:49 ip-172-31-69-25 kernel: [    8.049255] cgroup: new mount options do not match the existing superblock, will be ignored
Feb 22 08:22:49 ip-172-31-69-25 systemd[1]: Started /etc/rc.local Compatibility.
Feb 22 08:22:49 ip-172-31-69-25 iscsiadm[1200]: iscsiadm: No records found
Feb 22 08:22:49 ip-172-31-69-25 mdadm[1125]:  * Starting MD monitoring service mdadm --monitor
Feb 22 08:22:49 ip-172-31-69-25 systemd[1]: Started Login to default iSCSI targets.
Feb 22 08:22:49 ip-172-31-69-25 mdadm[1125]:    ...done.
Feb 22 08:22:49 ip-172-31-69-25 systemd[1]: Started LSB: MD monitoring daemon.
Feb 22 08:22:49 ip-172-31-69-25 systemd[1]: Started LXD - container startup/shutdown.
Feb 22 08:22:49 ip-172-31-69-25 kernel: [    8.198753] audit_printk_skb: 18 callbacks suppressed
Feb 22 08:22:49 ip-172-31-69-25 kernel: [    8.198756] audit: type=1400 audit(1519302169.656:17): apparmor="DENIED" operation="open" profile="/usr/sbin/mysqld" name="/proc/1192/status" pid=1192 comm="mysqld" requested_mask="r" denied_mask="r" fsuid=112 ouid=112
Feb 22 08:22:49 ip-172-31-69-25 kernel: [    8.198783] audit: type=1400 audit(1519302169.656:18): apparmor="DENIED" operation="open" profile="/usr/sbin/mysqld" name="/sys/devices/system/node/" pid=1192 comm="mysqld" requested_mask="r" denied_mask="r" fsuid=112 ouid=0
Feb 22 08:22:49 ip-172-31-69-25 kernel: [    8.198814] audit: type=1400 audit(1519302169.656:19): apparmor="DENIED" operation="open" profile="/usr/sbin/mysqld" name="/proc/1192/status" pid=1192 comm="mysqld" requested_mask="r" denied_mask="r" fsuid=112 ouid=112
Feb 22 08:22:49 ip-172-31-69-25 systemd[1]: Started LSB: Record successful boot for GRUB.
Feb 22 08:22:49 ip-172-31-69-25 systemd[1]: Starting Authenticate and Authorize Users to Run Privileged Tasks...
Feb 22 08:22:49 ip-172-31-69-25 systemd[1]: Reached target Remote File Systems (Pre).
Feb 22 08:22:49 ip-172-31-69-25 systemd[1]: Reached target Remote File Systems.
Feb 22 08:22:49 ip-172-31-69-25 systemd[1]: Starting LSB: Apache2 web server...
Feb 22 08:22:49 ip-172-31-69-25 systemd[1]: Starting LSB: automatic crash report generation...
Feb 22 08:22:49 ip-172-31-69-25 systemd[1]: Starting Permit User Sessions...
Feb 22 08:22:49 ip-172-31-69-25 systemd[1]: Starting LSB: Set the CPU Frequency Scaling governor to "ondemand"...
Feb 22 08:22:49 ip-172-31-69-25 systemd[1]: Starting LSB: daemon to balance interrupts for SMP systems...
Feb 22 08:22:49 ip-172-31-69-25 systemd[1]: Started Permit User Sessions.
Feb 22 08:22:49 ip-172-31-69-25 systemd[1]: Started Login Service.
Feb 22 08:22:49 ip-172-31-69-25 snapd[1181]: AppArmor status: apparmor is enabled and all features are available
Feb 22 08:22:49 ip-172-31-69-25 polkitd[1221]: started daemon version 0.105 using authority implementation `local' version `0.105'
Feb 22 08:22:49 ip-172-31-69-25 apache2[1224]:  * Starting Apache httpd web server apache2
Feb 22 08:22:49 ip-172-31-69-25 dbus[1144]: [system] Successfully activated service 'org.freedesktop.PolicyKit1'
Feb 22 08:22:49 ip-172-31-69-25 systemd[1]: Started Authenticate and Authorize Users to Run Privileged Tasks.
Feb 22 08:22:49 ip-172-31-69-25 systemd[1]: Starting Hold until boot process finishes up...
Feb 22 08:22:49 ip-172-31-69-25 accounts-daemon[1121]: started daemon version 0.6.40
Feb 22 08:22:49 ip-172-31-69-25 systemd[1]: Starting Terminate Plymouth Boot Screen...
Feb 22 08:22:49 ip-172-31-69-25 systemd[1]: Started LSB: Set the CPU Frequency Scaling governor to "ondemand".
Feb 22 08:22:49 ip-172-31-69-25 snapd[1181]: 2018/02/22 08:22:49.881413 daemon.go:306: started snapd/2.29.4.2 (series 16; classic) ubuntu/16.04 (amd64) linux/4.4.0-1049-aws.
Feb 22 08:22:49 ip-172-31-69-25 systemd[1]: Started Hold until boot process finishes up.
Feb 22 08:22:49 ip-172-31-69-25 systemd[1]: Started Terminate Plymouth Boot Screen.
Feb 22 08:22:49 ip-172-31-69-25 systemd[1]: Started Snappy daemon.
Feb 22 08:22:49 ip-172-31-69-25 systemd[1]: Started Accounts Service.
Feb 22 08:22:49 ip-172-31-69-25 apport[1230]:  * Starting automatic crash report generation: apport
Feb 22 08:22:49 ip-172-31-69-25 irqbalance[1245]:  * Starting SMP IRQ Balancer: irqbalance
Feb 22 08:22:49 ip-172-31-69-25 systemd[1]: Starting Set console scheme...
Feb 22 08:22:49 ip-172-31-69-25 systemd[1]: Started Serial Getty on ttyS0.
Feb 22 08:22:49 ip-172-31-69-25 systemd[1]: Started Getty on tty1.
Feb 22 08:22:49 ip-172-31-69-25 /usr/sbin/irqbalance: Balancing is ineffective on systems with a single cpu.  Shutting down
Feb 22 08:22:49 ip-172-31-69-25 systemd[1]: Reached target Login Prompts.
Feb 22 08:22:49 ip-172-31-69-25 systemd[1]: Started Set console scheme.
Feb 22 08:22:49 ip-172-31-69-25 apport[1230]:    ...done.
Feb 22 08:22:49 ip-172-31-69-25 irqbalance[1245]:    ...done.
Feb 22 08:22:49 ip-172-31-69-25 systemd[1]: Started LSB: automatic crash report generation.
Feb 22 08:22:49 ip-172-31-69-25 systemd[1]: Started LSB: daemon to balance interrupts for SMP systems.
Feb 22 08:22:50 ip-172-31-69-25 systemd[1]: Started The PHP 7.0 FastCGI Process Manager.
Feb 22 08:22:50 ip-172-31-69-25 cloud-init[1118]: Cloud-init v. 17.1 running 'modules:config' at Thu, 22 Feb 2018 12:22:50 +0000. Up 8.84 seconds.
Feb 22 08:22:50 ip-172-31-69-25 systemd[1]: Started Apply the settings specified in cloud-config.
Feb 22 08:22:50 ip-172-31-69-25 systemd[1]: Started MySQL Community Server.
Feb 22 08:22:50 ip-172-31-69-25 systemd[1]: Created slice User Slice of ubuntu.
Feb 22 08:22:50 ip-172-31-69-25 systemd[1]: Started Session 1 of user ubuntu.
Feb 22 08:22:50 ip-172-31-69-25 systemd[1]: Starting User Manager for UID 1000...
Feb 22 08:22:50 ip-172-31-69-25 systemd[1361]: Reached target Paths.
Feb 22 08:22:50 ip-172-31-69-25 systemd[1361]: Reached target Sockets.
Feb 22 08:22:50 ip-172-31-69-25 systemd[1361]: Reached target Timers.
Feb 22 08:22:50 ip-172-31-69-25 systemd[1361]: Reached target Basic System.
Feb 22 08:22:50 ip-172-31-69-25 systemd[1361]: Reached target Default.
Feb 22 08:22:50 ip-172-31-69-25 systemd[1361]: Startup finished in 18ms.
Feb 22 08:22:50 ip-172-31-69-25 systemd[1]: Started User Manager for UID 1000.
Feb 22 08:22:51 ip-172-31-69-25 apache2[1224]:  *
Feb 22 08:22:51 ip-172-31-69-25 systemd[1]: Started LSB: Apache2 web server.
Feb 22 08:22:51 ip-172-31-69-25 systemd[1]: Reached target Multi-User System.
Feb 22 08:22:51 ip-172-31-69-25 systemd[1]: Reached target Graphical Interface.
Feb 22 08:22:51 ip-172-31-69-25 systemd[1]: Starting Update UTMP about System Runlevel Changes...
Feb 22 08:22:51 ip-172-31-69-25 systemd[1]: Starting Execute cloud user/final scripts...
Feb 22 08:22:51 ip-172-31-69-25 systemd[1]: Started Update UTMP about System Runlevel Changes.
Feb 22 08:22:51 ip-172-31-69-25 cloud-init[1427]: Cloud-init v. 17.1 running 'modules:final' at Thu, 22 Feb 2018 12:22:51 +0000. Up 10.05 seconds.
Feb 22 08:22:51 ip-172-31-69-25 cloud-init[1427]: Cloud-init v. 17.1 finished at Thu, 22 Feb 2018 12:22:51 +0000. Datasource DataSourceEc2Local.  Up 10.16 seconds
Feb 22 08:22:51 ip-172-31-69-25 systemd[1]: Started Execute cloud user/final scripts.
Feb 22 08:22:51 ip-172-31-69-25 systemd[1]: Reached target Cloud-init target.
Feb 22 08:22:51 ip-172-31-69-25 systemd[1]: Startup finished in 3.491s (kernel) + 6.761s (userspace) = 10.253s.
Feb 22 08:23:09 ip-172-31-69-25 kernel: [   28.385586] Netfilter messages via NETLINK v0.30.
Feb 22 08:23:09 ip-172-31-69-25 kernel: [   28.392648] device eth0 entered promiscuous mode
Feb 22 08:23:16 ip-172-31-69-25 systemd[1]: Time has been changed
Feb 22 08:23:16 ip-172-31-69-25 systemd-timesyncd[514]: Synchronized to time server 91.189.94.4:123 (ntp.ubuntu.com).
Feb 22 08:23:16 ip-172-31-69-25 systemd[1361]: Time has been changed
Feb 22 08:37:44 ip-172-31-69-25 systemd[1]: Starting Cleanup of Temporary Directories...
Feb 22 08:37:44 ip-172-31-69-25 systemd-tmpfiles[1486]: [/usr/lib/tmpfiles.d/var.conf:14] Duplicate line for path "/var/log", ignoring.
Feb 22 08:37:44 ip-172-31-69-25 systemd[1]: Started Cleanup of Temporary Directories.
Feb 22 08:39:01 ip-172-31-69-25 CRON[1494]: (root) CMD (  [ -x /usr/lib/php/sessionclean ] && /usr/lib/php/sessionclean)
Feb 22 08:47:51 ip-172-31-69-25 dhclient[936]: DHCPREQUEST of 172.31.69.25 on eth0 to 172.31.69.1 port 67 (xid=0x1c0eb57c)
Feb 22 08:47:51 ip-172-31-69-25 dhclient[936]: DHCPACK of 172.31.69.25 from 172.31.69.1
Feb 22 08:47:51 ip-172-31-69-25 dhclient[936]: bound to 172.31.69.25 -- renewal in 1616 seconds.
Feb 22 09:09:01 ip-172-31-69-25 CRON[1597]: (root) CMD (  [ -x /usr/lib/php/sessionclean ] && /usr/lib/php/sessionclean)
Feb 22 09:14:47 ip-172-31-69-25 dhclient[936]: DHCPREQUEST of 172.31.69.25 on eth0 to 172.31.69.1 port 67 (xid=0x1c0eb57c)
Feb 22 09:14:47 ip-172-31-69-25 dhclient[936]: DHCPACK of 172.31.69.25 from 172.31.69.1
Feb 22 09:14:47 ip-172-31-69-25 dhclient[936]: bound to 172.31.69.25 -- renewal in 1579 seconds.
Feb 22 09:17:01 ip-172-31-69-25 CRON[1694]: (root) CMD (   cd / && run-parts --report /etc/cron.hourly)
Feb 22 09:39:01 ip-172-31-69-25 CRON[1707]: (root) CMD (  [ -x /usr/lib/php/sessionclean ] && /usr/lib/php/sessionclean)
Feb 22 09:41:07 ip-172-31-69-25 dhclient[936]: DHCPREQUEST of 172.31.69.25 on eth0 to 172.31.69.1 port 67 (xid=0x1c0eb57c)
Feb 22 09:41:07 ip-172-31-69-25 dhclient[936]: DHCPACK of 172.31.69.25 from 172.31.69.1
Feb 22 09:41:07 ip-172-31-69-25 dhclient[936]: bound to 172.31.69.25 -- renewal in 1450 seconds.
Feb 22 10:05:17 ip-172-31-69-25 dhclient[936]: DHCPREQUEST of 172.31.69.25 on eth0 to 172.31.69.1 port 67 (xid=0x1c0eb57c)
Feb 22 10:05:17 ip-172-31-69-25 dhclient[936]: DHCPACK of 172.31.69.25 from 172.31.69.1
Feb 22 10:05:17 ip-172-31-69-25 dhclient[936]: bound to 172.31.69.25 -- renewal in 1355 seconds.
Feb 22 10:09:01 ip-172-31-69-25 CRON[1824]: (root) CMD (  [ -x /usr/lib/php/sessionclean ] && /usr/lib/php/sessionclean)
Feb 22 10:17:01 ip-172-31-69-25 CRON[1913]: (root) CMD (   cd / && run-parts --report /etc/cron.hourly)
Feb 22 10:27:52 ip-172-31-69-25 dhclient[936]: DHCPREQUEST of 172.31.69.25 on eth0 to 172.31.69.1 port 67 (xid=0x1c0eb57c)
Feb 22 10:27:52 ip-172-31-69-25 dhclient[936]: DHCPACK of 172.31.69.25 from 172.31.69.1
Feb 22 10:27:52 ip-172-31-69-25 dhclient[936]: bound to 172.31.69.25 -- renewal in 1574 seconds.
Feb 22 10:39:01 ip-172-31-69-25 CRON[1935]: (root) CMD (  [ -x /usr/lib/php/sessionclean ] && /usr/lib/php/sessionclean)
Feb 22 10:54:06 ip-172-31-69-25 dhclient[936]: DHCPREQUEST of 172.31.69.25 on eth0 to 172.31.69.1 port 67 (xid=0x1c0eb57c)
Feb 22 10:54:06 ip-172-31-69-25 dhclient[936]: DHCPACK of 172.31.69.25 from 172.31.69.1
Feb 22 10:54:06 ip-172-31-69-25 dhclient[936]: bound to 172.31.69.25 -- renewal in 1653 seconds.
Feb 22 11:09:01 ip-172-31-69-25 CRON[2041]: (root) CMD (  [ -x /usr/lib/php/sessionclean ] && /usr/lib/php/sessionclean)
Feb 22 11:17:01 ip-172-31-69-25 CRON[2126]: (root) CMD (   cd / && run-parts --report /etc/cron.hourly)
Feb 22 11:21:39 ip-172-31-69-25 dhclient[936]: DHCPREQUEST of 172.31.69.25 on eth0 to 172.31.69.1 port 67 (xid=0x1c0eb57c)
Feb 22 11:21:39 ip-172-31-69-25 dhclient[936]: DHCPACK of 172.31.69.25 from 172.31.69.1
Feb 22 11:21:39 ip-172-31-69-25 dhclient[936]: bound to 172.31.69.25 -- renewal in 1543 seconds.
Feb 22 11:39:01 ip-172-31-69-25 CRON[2153]: (root) CMD (  [ -x /usr/lib/php/sessionclean ] && /usr/lib/php/sessionclean)
Feb 22 11:47:22 ip-172-31-69-25 dhclient[936]: DHCPREQUEST of 172.31.69.25 on eth0 to 172.31.69.1 port 67 (xid=0x1c0eb57c)
Feb 22 11:47:22 ip-172-31-69-25 dhclient[936]: DHCPACK of 172.31.69.25 from 172.31.69.1
Feb 22 11:47:22 ip-172-31-69-25 dhclient[936]: bound to 172.31.69.25 -- renewal in 1513 seconds.
Feb 22 12:09:01 ip-172-31-69-25 CRON[2257]: (root) CMD (  [ -x /usr/lib/php/sessionclean ] && /usr/lib/php/sessionclean)
Feb 22 12:12:35 ip-172-31-69-25 dhclient[936]: DHCPREQUEST of 172.31.69.25 on eth0 to 172.31.69.1 port 67 (xid=0x1c0eb57c)
Feb 22 12:12:35 ip-172-31-69-25 dhclient[936]: DHCPACK of 172.31.69.25 from 172.31.69.1
Feb 22 12:12:35 ip-172-31-69-25 dhclient[936]: bound to 172.31.69.25 -- renewal in 1411 seconds.
Feb 22 12:17:01 ip-172-31-69-25 CRON[2356]: (root) CMD (   cd / && run-parts --report /etc/cron.hourly)
Feb 22 12:36:07 ip-172-31-69-25 dhclient[936]: DHCPREQUEST of 172.31.69.25 on eth0 to 172.31.69.1 port 67 (xid=0x1c0eb57c)
Feb 22 12:36:07 ip-172-31-69-25 dhclient[936]: DHCPACK of 172.31.69.25 from 172.31.69.1
Feb 22 12:36:07 ip-172-31-69-25 dhclient[936]: bound to 172.31.69.25 -- renewal in 1629 seconds.
Feb 22 12:39:01 ip-172-31-69-25 CRON[2375]: (root) CMD (  [ -x /usr/lib/php/sessionclean ] && /usr/lib/php/sessionclean)
Feb 22 12:52:02 ip-172-31-69-25 systemd[1]: Starting Daily apt download activities...
Feb 22 12:52:11 ip-172-31-69-25 systemd[1]: Started Daily apt download activities.
Feb 22 13:03:16 ip-172-31-69-25 dhclient[936]: DHCPREQUEST of 172.31.69.25 on eth0 to 172.31.69.1 port 67 (xid=0x1c0eb57c)
Feb 22 13:03:16 ip-172-31-69-25 dhclient[936]: DHCPACK of 172.31.69.25 from 172.31.69.1
Feb 22 13:03:16 ip-172-31-69-25 dhclient[936]: bound to 172.31.69.25 -- renewal in 1596 seconds.
Feb 22 13:09:01 ip-172-31-69-25 CRON[2796]: (root) CMD (  [ -x /usr/lib/php/sessionclean ] && /usr/lib/php/sessionclean)
Feb 22 13:17:01 ip-172-31-69-25 CRON[2887]: (root) CMD (   cd / && run-parts --report /etc/cron.hourly)
Feb 22 13:29:52 ip-172-31-69-25 dhclient[936]: DHCPREQUEST of 172.31.69.25 on eth0 to 172.31.69.1 port 67 (xid=0x1c0eb57c)
Feb 22 13:29:52 ip-172-31-69-25 dhclient[936]: DHCPACK of 172.31.69.25 from 172.31.69.1
Feb 22 13:29:52 ip-172-31-69-25 dhclient[936]: bound to 172.31.69.25 -- renewal in 1515 seconds.
Feb 22 13:39:01 ip-172-31-69-25 CRON[2909]: (root) CMD (  [ -x /usr/lib/php/sessionclean ] && /usr/lib/php/sessionclean)
Feb 22 13:55:07 ip-172-31-69-25 dhclient[936]: DHCPREQUEST of 172.31.69.25 on eth0 to 172.31.69.1 port 67 (xid=0x1c0eb57c)
Feb 22 13:55:07 ip-172-31-69-25 dhclient[936]: DHCPACK of 172.31.69.25 from 172.31.69.1
Feb 22 13:55:07 ip-172-31-69-25 dhclient[936]: bound to 172.31.69.25 -- renewal in 1766 seconds.
Feb 22 14:09:01 ip-172-31-69-25 CRON[3163]: (root) CMD (  [ -x /usr/lib/php/sessionclean ] && /usr/lib/php/sessionclean)
Feb 22 14:17:01 ip-172-31-69-25 CRON[3248]: (root) CMD (   cd / && run-parts --report /etc/cron.hourly)
Feb 22 14:24:33 ip-172-31-69-25 dhclient[936]: DHCPREQUEST of 172.31.69.25 on eth0 to 172.31.69.1 port 67 (xid=0x1c0eb57c)
Feb 22 14:24:33 ip-172-31-69-25 dhclient[936]: DHCPACK of 172.31.69.25 from 172.31.69.1
Feb 22 14:24:33 ip-172-31-69-25 dhclient[936]: bound to 172.31.69.25 -- renewal in 1423 seconds.
Feb 22 14:39:01 ip-172-31-69-25 CRON[3267]: (root) CMD (  [ -x /usr/lib/php/sessionclean ] && /usr/lib/php/sessionclean)
Feb 22 14:48:16 ip-172-31-69-25 dhclient[936]: DHCPREQUEST of 172.31.69.25 on eth0 to 172.31.69.1 port 67 (xid=0x1c0eb57c)
Feb 22 14:48:16 ip-172-31-69-25 dhclient[936]: DHCPACK of 172.31.69.25 from 172.31.69.1
Feb 22 14:48:16 ip-172-31-69-25 dhclient[936]: bound to 172.31.69.25 -- renewal in 1664 seconds.
Feb 22 15:09:01 ip-172-31-69-25 CRON[3376]: (root) CMD (  [ -x /usr/lib/php/sessionclean ] && /usr/lib/php/sessionclean)
Feb 22 15:16:00 ip-172-31-69-25 dhclient[936]: DHCPREQUEST of 172.31.69.25 on eth0 to 172.31.69.1 port 67 (xid=0x1c0eb57c)
Feb 22 15:16:00 ip-172-31-69-25 dhclient[936]: DHCPACK of 172.31.69.25 from 172.31.69.1
Feb 22 15:16:00 ip-172-31-69-25 dhclient[936]: bound to 172.31.69.25 -- renewal in 1673 seconds.
Feb 22 15:17:01 ip-172-31-69-25 CRON[3475]: (root) CMD (   cd / && run-parts --report /etc/cron.hourly)
Feb 22 15:39:01 ip-172-31-69-25 CRON[3480]: (root) CMD (  [ -x /usr/lib/php/sessionclean ] && /usr/lib/php/sessionclean)
Feb 22 15:43:53 ip-172-31-69-25 dhclient[936]: DHCPREQUEST of 172.31.69.25 on eth0 to 172.31.69.1 port 67 (xid=0x1c0eb57c)
Feb 22 15:43:53 ip-172-31-69-25 dhclient[936]: DHCPACK of 172.31.69.25 from 172.31.69.1
Feb 22 15:43:53 ip-172-31-69-25 dhclient[936]: bound to 172.31.69.25 -- renewal in 1642 seconds.
Feb 22 16:09:01 ip-172-31-69-25 CRON[3587]: (root) CMD (  [ -x /usr/lib/php/sessionclean ] && /usr/lib/php/sessionclean)
Feb 22 16:11:15 ip-172-31-69-25 dhclient[936]: DHCPREQUEST of 172.31.69.25 on eth0 to 172.31.69.1 port 67 (xid=0x1c0eb57c)
Feb 22 16:11:15 ip-172-31-69-25 dhclient[936]: DHCPACK of 172.31.69.25 from 172.31.69.1
Feb 22 16:11:15 ip-172-31-69-25 dhclient[936]: bound to 172.31.69.25 -- renewal in 1700 seconds.
Feb 22 16:17:01 ip-172-31-69-25 CRON[3686]: (root) CMD (   cd / && run-parts --report /etc/cron.hourly)
Feb 22 16:39:01 ip-172-31-69-25 CRON[3695]: (root) CMD (  [ -x /usr/lib/php/sessionclean ] && /usr/lib/php/sessionclean)
Feb 22 16:39:35 ip-172-31-69-25 dhclient[936]: DHCPREQUEST of 172.31.69.25 on eth0 to 172.31.69.1 port 67 (xid=0x1c0eb57c)
Feb 22 16:39:35 ip-172-31-69-25 dhclient[936]: DHCPACK of 172.31.69.25 from 172.31.69.1
Feb 22 16:39:35 ip-172-31-69-25 dhclient[936]: bound to 172.31.69.25 -- renewal in 1444 seconds.
Feb 22 17:03:39 ip-172-31-69-25 dhclient[936]: DHCPREQUEST of 172.31.69.25 on eth0 to 172.31.69.1 port 67 (xid=0x1c0eb57c)
Feb 22 17:03:39 ip-172-31-69-25 dhclient[936]: DHCPACK of 172.31.69.25 from 172.31.69.1
Feb 22 17:03:39 ip-172-31-69-25 dhclient[936]: bound to 172.31.69.25 -- renewal in 1479 seconds.
Feb 22 17:09:01 ip-172-31-69-25 CRON[3814]: (root) CMD (  [ -x /usr/lib/php/sessionclean ] && /usr/lib/php/sessionclean)
Feb 22 17:17:01 ip-172-31-69-25 CRON[3905]: (root) CMD (   cd / && run-parts --report /etc/cron.hourly)
Feb 22 17:28:18 ip-172-31-69-25 dhclient[936]: DHCPREQUEST of 172.31.69.25 on eth0 to 172.31.69.1 port 67 (xid=0x1c0eb57c)
Feb 22 17:28:18 ip-172-31-69-25 dhclient[936]: DHCPACK of 172.31.69.25 from 172.31.69.1
Feb 22 17:28:18 ip-172-31-69-25 dhclient[936]: bound to 172.31.69.25 -- renewal in 1757 seconds.
