Feb 22 06:36:28 ip-172-31-69-15 systemd[1]: Starting Daily apt upgrade and clean activities...
Feb 22 06:36:45 ip-172-31-69-15 kernel: [79642.440251] SGI XFS with ACLs, security attributes, realtime, no debug enabled
Feb 22 06:36:48 ip-172-31-69-15 systemd[1]: Started Daily apt upgrade and clean activities.
Feb 22 06:39:13 ip-172-31-69-15 dhclient[932]: DHCPREQUEST of 172.31.69.15 on eth0 to 172.31.69.1 port 67 (xid=0x15984fe1)
Feb 22 06:39:13 ip-172-31-69-15 dhclient[932]: DHCPACK of 172.31.69.15 from 172.31.69.1
Feb 22 06:39:13 ip-172-31-69-15 dhclient[932]: bound to 172.31.69.15 -- renewal in 1554 seconds.
Feb 22 07:05:07 ip-172-31-69-15 dhclient[932]: DHCPREQUEST of 172.31.69.15 on eth0 to 172.31.69.1 port 67 (xid=0x15984fe1)
Feb 22 07:05:07 ip-172-31-69-15 dhclient[932]: DHCPACK of 172.31.69.15 from 172.31.69.1
Feb 22 07:05:07 ip-172-31-69-15 dhclient[932]: bound to 172.31.69.15 -- renewal in 1603 seconds.
Feb 22 07:17:01 ip-172-31-69-15 CRON[7408]: (root) CMD (   cd / && run-parts --report /etc/cron.hourly)
Feb 22 07:31:50 ip-172-31-69-15 dhclient[932]: DHCPREQUEST of 172.31.69.15 on eth0 to 172.31.69.1 port 67 (xid=0x15984fe1)
Feb 22 07:31:50 ip-172-31-69-15 dhclient[932]: DHCPACK of 172.31.69.15 from 172.31.69.1
Feb 22 07:31:50 ip-172-31-69-15 dhclient[932]: bound to 172.31.69.15 -- renewal in 1541 seconds.
Feb 22 07:57:31 ip-172-31-69-15 dhclient[932]: DHCPREQUEST of 172.31.69.15 on eth0 to 172.31.69.1 port 67 (xid=0x15984fe1)
Feb 22 07:57:32 ip-172-31-69-15 dhclient[932]: DHCPACK of 172.31.69.15 from 172.31.69.1
Feb 22 07:57:32 ip-172-31-69-15 dhclient[932]: bound to 172.31.69.15 -- renewal in 1555 seconds.
Feb 22 08:17:01 ip-172-31-69-15 CRON[7437]: (root) CMD (   cd / && run-parts --report /etc/cron.hourly)
Feb 22 08:22:17 ip-172-31-69-15 systemd[1]: Received SIGINT.
Feb 22 08:22:17 ip-172-31-69-15 systemd[1]: Stopped target Timers.
Feb 22 08:22:17 ip-172-31-69-15 systemd[1]: Stopped Timer to automatically refresh installed snaps.
Feb 22 08:22:17 ip-172-31-69-15 systemd[1]: Stopping Authenticate and Authorize Users to Run Privileged Tasks...
Feb 22 08:22:17 ip-172-31-69-15 systemd[1]: Stopped target Cloud-init target.
Feb 22 08:22:17 ip-172-31-69-15 systemd[1]: Stopped Execute cloud user/final scripts.
Feb 22 08:22:17 ip-172-31-69-15 systemd[1]: Stopped Apply the settings specified in cloud-config.
Feb 22 08:22:17 ip-172-31-69-15 systemd[1]: Stopped target Graphical Interface.
Feb 22 08:22:17 ip-172-31-69-15 systemd[1]: Stopping Accounts Service...
Feb 22 08:22:17 ip-172-31-69-15 systemd[1]: Stopped target Cloud-config availability.
Feb 22 08:22:17 ip-172-31-69-15 systemd[1]: Stopped Daily Cleanup of Temporary Directories.
Feb 22 08:22:17 ip-172-31-69-15 systemd[1]: Stopping Session 1 of user ubuntu.
Feb 22 08:22:17 ip-172-31-69-15 kernel: [85974.862327] device eth0 left promiscuous mode
Feb 22 08:22:17 ip-172-31-69-15 systemd[1]: Stopped Daily apt upgrade and clean activities.
Feb 22 08:22:17 ip-172-31-69-15 systemd[1]: Stopped Daily apt download activities.
Feb 22 08:22:17 ip-172-31-69-15 systemd[1]: Closed Load/Save RF Kill Switch Status /dev/rfkill Watch.
Feb 22 08:22:17 ip-172-31-69-15 systemd[1]: Stopping ACPI event daemon...
Feb 22 08:22:17 ip-172-31-69-15 systemd[1]: Stopping User Manager for UID 1000...
Feb 22 08:22:17 ip-172-31-69-15 systemd[1362]: Reached target Shutdown.
Feb 22 08:22:17 ip-172-31-69-15 systemd[1362]: Starting Exit the Session...
Feb 22 08:22:17 ip-172-31-69-15 systemd[1362]: Stopped target Default.
Feb 22 08:22:17 ip-172-31-69-15 systemd[1362]: Stopped target Basic System.
Feb 22 08:22:17 ip-172-31-69-15 systemd[1362]: Stopped target Paths.
Feb 22 08:22:17 ip-172-31-69-15 systemd[1362]: Stopped target Timers.
Feb 22 08:22:17 ip-172-31-69-15 systemd[1362]: Stopped target Sockets.
Feb 22 08:22:17 ip-172-31-69-15 systemd[1]: Stopped target Multi-User System.
Feb 22 08:22:17 ip-172-31-69-15 systemd[1362]: Received SIGRTMIN+24 from PID 7445 (kill).
Feb 22 08:22:17 ip-172-31-69-15 systemd[1]: Stopping LSB: daemon to balance interrupts for SMP systems...
Feb 22 08:22:17 ip-172-31-69-15 systemd[1]: Stopping LSB: disk temperature monitoring daemon...
Feb 22 08:22:17 ip-172-31-69-15 systemd[1]: Stopping LSB: Record successful boot for GRUB...
Feb 22 08:22:17 ip-172-31-69-15 systemd[1]: Stopping D-Bus System Message Bus...
Feb 22 08:22:17 ip-172-31-69-15 systemd[1]: Stopping FUSE filesystem for LXC...
Feb 22 08:22:17 ip-172-31-69-15 rsyslogd: [origin software="rsyslogd" swVersion="8.16.0" x-pid="1146" x-info="http://www.rsyslog.com"] exiting on signal 15.
Feb 22 08:22:50 ip-172-31-69-15 rsyslogd: [origin software="rsyslogd" swVersion="8.16.0" x-pid="1134" x-info="http://www.rsyslog.com"] start
Feb 22 08:22:50 ip-172-31-69-15 rsyslogd-2222: command 'KLogPermitNonKernelFacility' is currently not permitted - did you already set it via a RainerScript command (v6+ config)? [v8.16.0 try http://www.rsyslog.com/e/2222 ]
Feb 22 08:22:50 ip-172-31-69-15 rsyslogd: rsyslogd's groupid changed to 108
Feb 22 08:22:50 ip-172-31-69-15 rsyslogd: rsyslogd's userid changed to 104
Feb 22 08:22:50 ip-172-31-69-15 rsyslogd-2039: Could not open output pipe '/dev/xconsole':: No such file or directory [v8.16.0 try http://www.rsyslog.com/e/2039 ]
Feb 22 08:22:50 ip-172-31-69-15 rsyslogd-2007: action 'action 11' suspended, next retry is Thu Feb 22 08:23:20 2018 [v8.16.0 try http://www.rsyslog.com/e/2007 ]
Feb 22 08:22:50 ip-172-31-69-15 systemd-modules-load[362]: Inserted module 'iscsi_tcp'
Feb 22 08:22:50 ip-172-31-69-15 systemd-modules-load[362]: Inserted module 'ib_iser'
Feb 22 08:22:50 ip-172-31-69-15 loadkeys[378]: Loading /etc/console-setup/cached.kmap.gz
Feb 22 08:22:50 ip-172-31-69-15 systemd[1]: Started Nameserver information manager.
Feb 22 08:22:50 ip-172-31-69-15 systemd[1]: Started LVM2 metadata daemon.
Feb 22 08:22:50 ip-172-31-69-15 systemd[1]: Starting Create Static Device Nodes in /dev...
Feb 22 08:22:50 ip-172-31-69-15 systemd[1]: Mounting FUSE Control File System...
Feb 22 08:22:50 ip-172-31-69-15 systemd[1]: Starting Apply Kernel Variables...
Feb 22 08:22:50 ip-172-31-69-15 systemd[1]: Starting Flush Journal to Persistent Storage...
Feb 22 08:22:50 ip-172-31-69-15 systemd[1]: Starting Load/Save Random Seed...
Feb 22 08:22:50 ip-172-31-69-15 systemd[1]: Starting Initial cloud-init job (pre-networking)...
Feb 22 08:22:50 ip-172-31-69-15 systemd[1]: Starting udev Coldplug all Devices...
Feb 22 08:22:50 ip-172-31-69-15 systemd[1]: Mounted FUSE Control File System.
Feb 22 08:22:50 ip-172-31-69-15 systemd[1]: Started Create Static Device Nodes in /dev.
Feb 22 08:22:50 ip-172-31-69-15 systemd[1]: Started Apply Kernel Variables.
Feb 22 08:22:50 ip-172-31-69-15 systemd[1]: Started Load/Save Random Seed.
Feb 22 08:22:50 ip-172-31-69-15 systemd[1]: Started Flush Journal to Persistent Storage.
Feb 22 08:22:50 ip-172-31-69-15 systemd[1]: Starting udev Kernel Device Manager...
Feb 22 08:22:50 ip-172-31-69-15 systemd[1]: Started udev Coldplug all Devices.
Feb 22 08:22:50 ip-172-31-69-15 systemd[1]: Started udev Kernel Device Manager.
Feb 22 08:22:50 ip-172-31-69-15 systemd[1]: Started Dispatch Password Requests to Console Directory Watch.
Feb 22 08:22:50 ip-172-31-69-15 systemd[1]: Started Monitoring of LVM2 mirrors, snapshots etc. using dmeventd or progress polling.
Feb 22 08:22:50 ip-172-31-69-15 systemd[1]: Reached target Local File Systems (Pre).
Feb 22 08:22:50 ip-172-31-69-15 systemd[1]: Reached target Local File Systems.
Feb 22 08:22:50 ip-172-31-69-15 systemd[1]: Starting Tell Plymouth To Write Out Runtime Data...
Feb 22 08:22:50 ip-172-31-69-15 systemd[1]: Starting LSB: AppArmor initialization...
Feb 22 08:22:50 ip-172-31-69-15 systemd[1]: Starting Set console font and keymap...
Feb 22 08:22:50 ip-172-31-69-15 systemd[1]: Starting Create Volatile Files and Directories...
Feb 22 08:22:50 ip-172-31-69-15 systemd-tmpfiles[486]: [/usr/lib/tmpfiles.d/var.conf:14] Duplicate line for path "/var/log", ignoring.
Feb 22 08:22:50 ip-172-31-69-15 systemd[1]: Started Tell Plymouth To Write Out Runtime Data.
Feb 22 08:22:50 ip-172-31-69-15 systemd[1]: Started Create Volatile Files and Directories.
Feb 22 08:22:50 ip-172-31-69-15 systemd[1]: Starting Network Time Synchronization...
Feb 22 08:22:50 ip-172-31-69-15 apparmor[476]:  * Starting AppArmor profiles
Feb 22 08:22:50 ip-172-31-69-15 systemd[1]: Starting Update UTMP about System Boot/Shutdown...
Feb 22 08:22:50 ip-172-31-69-15 systemd[1]: Started Update UTMP about System Boot/Shutdown.
Feb 22 08:22:50 ip-172-31-69-15 systemd[1]: Started Network Time Synchronization.
Feb 22 08:22:50 ip-172-31-69-15 apparmor[476]: Skipping profile in /etc/apparmor.d/disable: usr.sbin.rsyslogd
Feb 22 08:22:50 ip-172-31-69-15 apparmor[476]:    ...done.
Feb 22 08:22:50 ip-172-31-69-15 systemd[1]: Started LSB: AppArmor initialization.
Feb 22 08:22:50 ip-172-31-69-15 systemd[1]: Reached target System Time Synchronized.
Feb 22 08:22:50 ip-172-31-69-15 systemd[1]: Found device /dev/ttyS0.
Feb 22 08:22:50 ip-172-31-69-15 systemd[1]: Found device /sys/subsystem/net/devices/eth0.
Feb 22 08:22:50 ip-172-31-69-15 systemd[1]: Listening on Load/Save RF Kill Switch Status /dev/rfkill Watch.
Feb 22 08:22:50 ip-172-31-69-15 systemd[1]: Started Set console font and keymap.
Feb 22 08:22:50 ip-172-31-69-15 dhclient[802]: Internet Systems Consortium DHCP Client 4.3.3
Feb 22 08:22:50 ip-172-31-69-15 dhclient[802]: Copyright 2004-2015 Internet Systems Consortium.
Feb 22 08:22:50 ip-172-31-69-15 dhclient[802]: All rights reserved.
Feb 22 08:22:50 ip-172-31-69-15 dhclient[802]: For info, please visit https://www.isc.org/software/dhcp/
Feb 22 08:22:50 ip-172-31-69-15 dhclient[802]: 
Feb 22 08:22:50 ip-172-31-69-15 dhclient[802]: Listening on LPF/eth0/02:93:46:70:cd:82
Feb 22 08:22:50 ip-172-31-69-15 dhclient[802]: Sending on   LPF/eth0/02:93:46:70:cd:82
Feb 22 08:22:50 ip-172-31-69-15 dhclient[802]: Sending on   Socket/fallback
Feb 22 08:22:50 ip-172-31-69-15 dhclient[802]: DHCPDISCOVER on eth0 to 255.255.255.255 port 67 interval 3 (xid=0xb4b2c107)
Feb 22 08:22:50 ip-172-31-69-15 dhclient[802]: DHCPREQUEST of 172.31.69.15 on eth0 to 255.255.255.255 port 67 (xid=0x7c1b2b4)
Feb 22 08:22:50 ip-172-31-69-15 dhclient[802]: DHCPOFFER of 172.31.69.15 from 172.31.69.1
Feb 22 08:22:50 ip-172-31-69-15 dhclient[802]: DHCPACK of 172.31.69.15 from 172.31.69.1
Feb 22 08:22:50 ip-172-31-69-15 dhclient[802]: bound to 172.31.69.15 -- renewal in 1638 seconds.
Feb 22 08:22:50 ip-172-31-69-15 systemd[1]: Created slice system-getty.slice.
Feb 22 08:22:50 ip-172-31-69-15 cloud-init[447]: Cloud-init v. 17.1 running 'init-local' at Thu, 22 Feb 2018 12:22:47 +0000. Up 5.86 seconds.
Feb 22 08:22:50 ip-172-31-69-15 systemd[1]: Started Initial cloud-init job (pre-networking).
Feb 22 08:22:50 ip-172-31-69-15 systemd[1]: Reached target Network (Pre).
Feb 22 08:22:50 ip-172-31-69-15 systemd[1]: Started ifup for eth0.
Feb 22 08:22:50 ip-172-31-69-15 dhclient[876]: Internet Systems Consortium DHCP Client 4.3.3
Feb 22 08:22:50 ip-172-31-69-15 sh[864]: Internet Systems Consortium DHCP Client 4.3.3
Feb 22 08:22:50 ip-172-31-69-15 dhclient[876]: Copyright 2004-2015 Internet Systems Consortium.
Feb 22 08:22:50 ip-172-31-69-15 sh[864]: Copyright 2004-2015 Internet Systems Consortium.
Feb 22 08:22:50 ip-172-31-69-15 dhclient[876]: All rights reserved.
Feb 22 08:22:50 ip-172-31-69-15 sh[864]: All rights reserved.
Feb 22 08:22:50 ip-172-31-69-15 dhclient[876]: For info, please visit https://www.isc.org/software/dhcp/
Feb 22 08:22:50 ip-172-31-69-15 sh[864]: For info, please visit https://www.isc.org/software/dhcp/
Feb 22 08:22:50 ip-172-31-69-15 dhclient[876]: 
Feb 22 08:22:50 ip-172-31-69-15 dhclient[876]: Listening on LPF/eth0/02:93:46:70:cd:82
Feb 22 08:22:50 ip-172-31-69-15 sh[864]: Listening on LPF/eth0/02:93:46:70:cd:82
Feb 22 08:22:50 ip-172-31-69-15 sh[864]: Sending on   LPF/eth0/02:93:46:70:cd:82
Feb 22 08:22:50 ip-172-31-69-15 sh[864]: Sending on   Socket/fallback
Feb 22 08:22:50 ip-172-31-69-15 sh[864]: DHCPDISCOVER on eth0 to 255.255.255.255 port 67 interval 3 (xid=0xf179ff77)
Feb 22 08:22:50 ip-172-31-69-15 dhclient[876]: Sending on   LPF/eth0/02:93:46:70:cd:82
Feb 22 08:22:50 ip-172-31-69-15 dhclient[876]: Sending on   Socket/fallback
Feb 22 08:22:50 ip-172-31-69-15 dhclient[876]: DHCPDISCOVER on eth0 to 255.255.255.255 port 67 interval 3 (xid=0xf179ff77)
Feb 22 08:22:50 ip-172-31-69-15 dhclient[876]: DHCPREQUEST of 172.31.69.15 on eth0 to 255.255.255.255 port 67 (xid=0x77ff79f1)
Feb 22 08:22:50 ip-172-31-69-15 sh[864]: DHCPREQUEST of 172.31.69.15 on eth0 to 255.255.255.255 port 67 (xid=0x77ff79f1)
Feb 22 08:22:50 ip-172-31-69-15 sh[864]: DHCPOFFER of 172.31.69.15 from 172.31.69.1
Feb 22 08:22:50 ip-172-31-69-15 dhclient[876]: DHCPOFFER of 172.31.69.15 from 172.31.69.1
Feb 22 08:22:50 ip-172-31-69-15 dhclient[876]: DHCPACK of 172.31.69.15 from 172.31.69.1
Feb 22 08:22:50 ip-172-31-69-15 sh[864]: DHCPACK of 172.31.69.15 from 172.31.69.1
Feb 22 08:22:50 ip-172-31-69-15 dhclient[876]: bound to 172.31.69.15 -- renewal in 1452 seconds.
Feb 22 08:22:50 ip-172-31-69-15 sh[864]: bound to 172.31.69.15 -- renewal in 1452 seconds.
Feb 22 08:22:50 ip-172-31-69-15 systemd[1]: Starting Raise network interfaces...
Feb 22 08:22:50 ip-172-31-69-15 systemd[1]: Started Raise network interfaces.
Feb 22 08:22:50 ip-172-31-69-15 systemd[1]: Reached target Network.
Feb 22 08:22:50 ip-172-31-69-15 systemd[1]: Starting Initial cloud-init job (metadata service crawler)...
Feb 22 08:22:50 ip-172-31-69-15 cloud-init[1041]: Cloud-init v. 17.1 running 'init' at Thu, 22 Feb 2018 12:22:49 +0000. Up 8.15 seconds.
Feb 22 08:22:50 ip-172-31-69-15 cloud-init[1041]: ci-info: ++++++++++++++++++++++++++++++++++++++Net device info+++++++++++++++++++++++++++++++++++++++
Feb 22 08:22:50 ip-172-31-69-15 cloud-init[1041]: ci-info: +--------+------+----------------------------+-----------------+-------+-------------------+
Feb 22 08:22:50 ip-172-31-69-15 cloud-init[1041]: ci-info: | Device |  Up  |          Address           |       Mask      | Scope |     Hw-Address    |
Feb 22 08:22:50 ip-172-31-69-15 cloud-init[1041]: ci-info: +--------+------+----------------------------+-----------------+-------+-------------------+
Feb 22 08:22:50 ip-172-31-69-15 cloud-init[1041]: ci-info: |  eth0  | True |        172.31.69.15        | 255.255.255.224 |   .   | 02:93:46:70:cd:82 |
Feb 22 08:22:50 ip-172-31-69-15 cloud-init[1041]: ci-info: |  eth0  | True | fe80::93:46ff:fe70:cd82/64 |        .        |  link | 02:93:46:70:cd:82 |
Feb 22 08:22:50 ip-172-31-69-15 cloud-init[1041]: ci-info: |   lo   | True |         127.0.0.1          |    255.0.0.0    |   .   |         .         |
Feb 22 08:22:50 ip-172-31-69-15 cloud-init[1041]: ci-info: |   lo   | True |          ::1/128           |        .        |  host |         .         |
Feb 22 08:22:50 ip-172-31-69-15 cloud-init[1041]: ci-info: +--------+------+----------------------------+-----------------+-------+-------------------+
Feb 22 08:22:50 ip-172-31-69-15 cloud-init[1041]: ci-info: ++++++++++++++++++++++++++++++Route IPv4 info++++++++++++++++++++++++++++++
Feb 22 08:22:50 ip-172-31-69-15 cloud-init[1041]: ci-info: +-------+-------------+-------------+-----------------+-----------+-------+
Feb 22 08:22:50 ip-172-31-69-15 cloud-init[1041]: ci-info: | Route | Destination |   Gateway   |     Genmask     | Interface | Flags |
Feb 22 08:22:50 ip-172-31-69-15 cloud-init[1041]: ci-info: +-------+-------------+-------------+-----------------+-----------+-------+
Feb 22 08:22:50 ip-172-31-69-15 cloud-init[1041]: ci-info: |   0   |   0.0.0.0   | 172.31.69.1 |     0.0.0.0     |    eth0   |   UG  |
Feb 22 08:22:50 ip-172-31-69-15 cloud-init[1041]: ci-info: |   1   | 172.31.69.0 |   0.0.0.0   | 255.255.255.224 |    eth0   |   U   |
Feb 22 08:22:50 ip-172-31-69-15 cloud-init[1041]: ci-info: +-------+-------------+-------------+-----------------+-----------+-------+
Feb 22 08:22:50 ip-172-31-69-15 systemd[1]: Started Initial cloud-init job (metadata service crawler).
Feb 22 08:22:50 ip-172-31-69-15 systemd[1]: Reached target System Initialization.
Feb 22 08:22:50 ip-172-31-69-15 systemd[1]: Listening on UUID daemon activation socket.
Feb 22 08:22:50 ip-172-31-69-15 systemd[1]: Started ACPI Events Check.
Feb 22 08:22:50 ip-172-31-69-15 systemd[1]: Reached target Paths.
Feb 22 08:22:50 ip-172-31-69-15 systemd[1]: Listening on D-Bus System Message Bus Socket.
Feb 22 08:22:50 ip-172-31-69-15 systemd[1]: Started Daily Cleanup of Temporary Directories.
Feb 22 08:22:50 ip-172-31-69-15 systemd[1]: Started Timer to automatically refresh installed snaps.
Feb 22 08:22:50 ip-172-31-69-15 systemd[1]: Listening on ACPID Listen Socket.
Feb 22 08:22:50 ip-172-31-69-15 systemd[1]: Starting Socket activation for snappy daemon.
Feb 22 08:22:50 ip-172-31-69-15 systemd[1]: Starting LXD - unix socket.
Feb 22 08:22:50 ip-172-31-69-15 systemd[1]: Reached target Cloud-config availability.
Feb 22 08:22:50 ip-172-31-69-15 systemd[1]: Reached target Network is Online.
Feb 22 08:22:50 ip-172-31-69-15 systemd[1]: Starting iSCSI initiator daemon (iscsid)...
Feb 22 08:22:50 ip-172-31-69-15 systemd[1]: Started Daily apt download activities.
Feb 22 08:22:50 ip-172-31-69-15 systemd[1]: Started Daily apt upgrade and clean activities.
Feb 22 08:22:50 ip-172-31-69-15 systemd[1]: Reached target Timers.
Feb 22 08:22:50 ip-172-31-69-15 systemd[1]: Listening on Socket activation for snappy daemon.
Feb 22 08:22:50 ip-172-31-69-15 systemd[1]: Listening on LXD - unix socket.
Feb 22 08:22:50 ip-172-31-69-15 systemd[1]: Reached target Sockets.
Feb 22 08:22:50 ip-172-31-69-15 systemd[1]: Reached target Basic System.
Feb 22 08:22:50 ip-172-31-69-15 iscsid: iSCSI logger with pid=1097 started!
Feb 22 08:22:50 ip-172-31-69-15 iscsid: iSCSI daemon with pid=1098 started!
Feb 22 08:22:50 ip-172-31-69-15 systemd[1]: Started D-Bus System Message Bus.
Feb 22 08:22:50 ip-172-31-69-15 dbus[1100]: [system] AppArmor D-Bus mediation is enabled
Feb 22 08:22:50 ip-172-31-69-15 systemd[1]: Started ACPI event daemon.
Feb 22 08:22:50 ip-172-31-69-15 systemd[1]: Starting LSB: Record successful boot for GRUB...
Feb 22 08:22:50 ip-172-31-69-15 acpid: starting up with netlink and the input layer
Feb 22 08:22:50 ip-172-31-69-15 acpid: 1 rule loaded
Feb 22 08:22:50 ip-172-31-69-15 acpid: waiting for events: event logging is off
Feb 22 08:22:50 ip-172-31-69-15 systemd[1]: Starting /etc/rc.local Compatibility...
Feb 22 08:22:50 ip-172-31-69-15 systemd[1]: Started FUSE filesystem for LXC.
Feb 22 08:22:50 ip-172-31-69-15 systemd[1]: Starting Accounts Service...
Feb 22 08:22:50 ip-172-31-69-15 lxcfs[1115]: hierarchies:
Feb 22 08:22:50 ip-172-31-69-15 lxcfs[1115]:   0: fd:   5: hugetlb
Feb 22 08:22:50 ip-172-31-69-15 lxcfs[1115]:   1: fd:   6: freezer
Feb 22 08:22:50 ip-172-31-69-15 lxcfs[1115]:   2: fd:   7: perf_event
Feb 22 08:22:50 ip-172-31-69-15 lxcfs[1115]:   3: fd:   8: pids
Feb 22 08:22:50 ip-172-31-69-15 kernel: [    0.000000] Initializing cgroup subsys cpuset
Feb 22 08:22:50 ip-172-31-69-15 kernel: [    0.000000] Initializing cgroup subsys cpu
Feb 22 08:22:50 ip-172-31-69-15 kernel: [    0.000000] Initializing cgroup subsys cpuacct
Feb 22 08:22:50 ip-172-31-69-15 kernel: [    0.000000] Linux version 4.4.0-1052-aws (buildd@lgw01-amd64-031) (gcc version 5.4.0 20160609 (Ubuntu 5.4.0-6ubuntu1~16.04.9) ) #61-Ubuntu SMP Mon Feb 12 23:05:58 UTC 2018 (Ubuntu 4.4.0-1052.61-aws 4.4.98)
Feb 22 08:22:50 ip-172-31-69-15 kernel: [    0.000000] Command line: BOOT_IMAGE=/boot/vmlinuz-4.4.0-1052-aws root=UUID=ccee1a8d-0785-4b3a-a578-812d59f5d3e1 ro console=tty1 console=ttyS0 nvme.io_timeout=4294967295
Feb 22 08:22:50 ip-172-31-69-15 kernel: [    0.000000] KERNEL supported cpus:
Feb 22 08:22:50 ip-172-31-69-15 kernel: [    0.000000]   Intel GenuineIntel
Feb 22 08:22:50 ip-172-31-69-15 kernel: [    0.000000]   AMD AuthenticAMD
Feb 22 08:22:50 ip-172-31-69-15 kernel: [    0.000000]   Centaur CentaurHauls
Feb 22 08:22:50 ip-172-31-69-15 kernel: [    0.000000] x86/fpu: xstate_offset[2]:  576, xstate_sizes[2]:  256
Feb 22 08:22:50 ip-172-31-69-15 kernel: [    0.000000] x86/fpu: Supporting XSAVE feature 0x01: 'x87 floating point registers'
Feb 22 08:22:50 ip-172-31-69-15 kernel: [    0.000000] x86/fpu: Supporting XSAVE feature 0x02: 'SSE registers'
Feb 22 08:22:50 ip-172-31-69-15 kernel: [    0.000000] x86/fpu: Supporting XSAVE feature 0x04: 'AVX registers'
Feb 22 08:22:50 ip-172-31-69-15 kernel: [    0.000000] x86/fpu: Enabled xstate features 0x7, context size is 832 bytes, using 'standard' format.
Feb 22 08:22:50 ip-172-31-69-15 kernel: [    0.000000] x86/fpu: Using 'eager' FPU context switches.
Feb 22 08:22:50 ip-172-31-69-15 kernel: [    0.000000] e820: BIOS-provided physical RAM map:
Feb 22 08:22:50 ip-172-31-69-15 kernel: [    0.000000] BIOS-e820: [mem 0x0000000000000000-0x000000000009dfff] usable
Feb 22 08:22:50 ip-172-31-69-15 kernel: [    0.000000] BIOS-e820: [mem 0x000000000009e000-0x000000000009ffff] reserved
Feb 22 08:22:50 ip-172-31-69-15 kernel: [    0.000000] BIOS-e820: [mem 0x00000000000e0000-0x00000000000fffff] reserved
Feb 22 08:22:50 ip-172-31-69-15 kernel: [    0.000000] BIOS-e820: [mem 0x0000000000100000-0x000000003fffffff] usable
Feb 22 08:22:50 ip-172-31-69-15 kernel: [    0.000000] BIOS-e820: [mem 0x00000000fc000000-0x00000000ffffffff] reserved
Feb 22 08:22:50 ip-172-31-69-15 kernel: [    0.000000] NX (Execute Disable) protection: active
Feb 22 08:22:50 ip-172-31-69-15 kernel: [    0.000000] SMBIOS 2.7 present.
Feb 22 08:22:50 ip-172-31-69-15 kernel: [    0.000000] DMI: Xen HVM domU, BIOS 4.2.amazon 08/24/2006
Feb 22 08:22:50 ip-172-31-69-15 kernel: [    0.000000] Hypervisor detected: Xen
Feb 22 08:22:50 ip-172-31-69-15 kernel: [    0.000000] Xen version 4.2.
Feb 22 08:22:50 ip-172-31-69-15 kernel: [    0.000000] Xen Platform PCI: I/O protocol version 1
Feb 22 08:22:50 ip-172-31-69-15 kernel: [    0.000000] Netfront and the Xen platform PCI driver have been compiled for this kernel: unplug emulated NICs.
Feb 22 08:22:50 ip-172-31-69-15 kernel: [    0.000000] Blkfront and the Xen platform PCI driver have been compiled for this kernel: unplug emulated disks.
Feb 22 08:22:50 ip-172-31-69-15 kernel: [    0.000000] You might have to change the root device
Feb 22 08:22:50 ip-172-31-69-15 kernel: [    0.000000] from /dev/hd[a-d] to /dev/xvd[a-d]
Feb 22 08:22:50 ip-172-31-69-15 kernel: [    0.000000] in your root= kernel command line option
Feb 22 08:22:50 ip-172-31-69-15 kernel: [    0.000000] HVMOP_pagetable_dying not supported
Feb 22 08:22:50 ip-172-31-69-15 kernel: [    0.000000] e820: update [mem 0x00000000-0x00000fff] usable ==> reserved
Feb 22 08:22:50 ip-172-31-69-15 kernel: [    0.000000] e820: remove [mem 0x000a0000-0x000fffff] usable
Feb 22 08:22:50 ip-172-31-69-15 kernel: [    0.000000] e820: last_pfn = 0x40000 max_arch_pfn = 0x400000000
Feb 22 08:22:50 ip-172-31-69-15 kernel: [    0.000000] MTRR default type: write-back
Feb 22 08:22:50 ip-172-31-69-15 kernel: [    0.000000] MTRR fixed ranges enabled:
Feb 22 08:22:50 ip-172-31-69-15 kernel: [    0.000000]   00000-9FFFF write-back
Feb 22 08:22:50 ip-172-31-69-15 kernel: [    0.000000]   A0000-BFFFF write-combining
Feb 22 08:22:50 ip-172-31-69-15 kernel: [    0.000000]   C0000-FFFFF write-back
Feb 22 08:22:50 ip-172-31-69-15 kernel: [    0.000000] MTRR variable ranges enabled:
Feb 22 08:22:50 ip-172-31-69-15 kernel: [    0.000000]   0 base 0000F0000000 mask 3FFFF8000000 uncachable
Feb 22 08:22:50 ip-172-31-69-15 kernel: [    0.000000]   1 base 0000F8000000 mask 3FFFFC000000 uncachable
Feb 22 08:22:50 ip-172-31-69-15 kernel: [    0.000000]   2 disabled
Feb 22 08:22:50 ip-172-31-69-15 kernel: [    0.000000]   3 disabled
Feb 22 08:22:50 ip-172-31-69-15 kernel: [    0.000000]   4 disabled
Feb 22 08:22:50 ip-172-31-69-15 kernel: [    0.000000]   5 disabled
Feb 22 08:22:50 ip-172-31-69-15 kernel: [    0.000000]   6 disabled
Feb 22 08:22:50 ip-172-31-69-15 kernel: [    0.000000]   7 disabled
Feb 22 08:22:50 ip-172-31-69-15 kernel: [    0.000000] x86/PAT: Configuration [0-7]: WB  WC  UC- UC  WB  WC  UC- WT  
Feb 22 08:22:50 ip-172-31-69-15 kernel: [    0.000000] found SMP MP-table at [mem 0x000fbc20-0x000fbc2f] mapped at [ffff8800000fbc20]
Feb 22 08:22:50 ip-172-31-69-15 kernel: [    0.000000] Scanning 1 areas for low memory corruption
Feb 22 08:22:50 ip-172-31-69-15 kernel: [    0.000000] Base memory trampoline at [ffff880000098000] 98000 size 24576
Feb 22 08:22:50 ip-172-31-69-15 kernel: [    0.000000] BRK [0x021fd000, 0x021fdfff] PGTABLE
Feb 22 08:22:50 ip-172-31-69-15 kernel: [    0.000000] BRK [0x021fe000, 0x021fefff] PGTABLE
Feb 22 08:22:50 ip-172-31-69-15 kernel: [    0.000000] BRK [0x021ff000, 0x021fffff] PGTABLE
Feb 22 08:22:50 ip-172-31-69-15 kernel: [    0.000000] RAMDISK: [mem 0x367d8000-0x373e3fff]
Feb 22 08:22:50 ip-172-31-69-15 kernel: [    0.000000] ACPI: Early table checksum verification disabled
Feb 22 08:22:50 ip-172-31-69-15 kernel: [    0.000000] ACPI: RSDP 0x00000000000EA020 000024 (v02 Xen   )
Feb 22 08:22:50 ip-172-31-69-15 kernel: [    0.000000] ACPI: XSDT 0x00000000FC00DDC0 000054 (v01 Xen    HVM      00000000 HVML 00000000)
Feb 22 08:22:50 ip-172-31-69-15 kernel: [    0.000000] ACPI: FACP 0x00000000FC00DA80 0000F4 (v04 Xen    HVM      00000000 HVML 00000000)
Feb 22 08:22:50 ip-172-31-69-15 kernel: [    0.000000] ACPI: DSDT 0x00000000FC001CE0 00BD19 (v02 Xen    HVM      00000000 INTL 20090123)
Feb 22 08:22:50 ip-172-31-69-15 kernel: [    0.000000] ACPI: FACS 0x00000000FC001CA0 000040
Feb 22 08:22:50 ip-172-31-69-15 kernel: [    0.000000] ACPI: FACS 0x00000000FC001CA0 000040
Feb 22 08:22:50 ip-172-31-69-15 kernel: [    0.000000] ACPI: APIC 0x00000000FC00DB80 0000D8 (v02 Xen    HVM      00000000 HVML 00000000)
Feb 22 08:22:50 ip-172-31-69-15 kernel: [    0.000000] ACPI: HPET 0x00000000FC00DCD0 000038 (v01 Xen    HVM      00000000 HVML 00000000)
Feb 22 08:22:50 ip-172-31-69-15 kernel: [    0.000000] ACPI: WAET 0x00000000FC00DD10 000028 (v01 Xen    HVM      00000000 HVML 00000000)
Feb 22 08:22:50 ip-172-31-69-15 kernel: [    0.000000] ACPI: SSDT 0x00000000FC00DD40 000031 (v02 Xen    HVM      00000000 INTL 20090123)
Feb 22 08:22:50 ip-172-31-69-15 kernel: [    0.000000] ACPI: SSDT 0x00000000FC00DD80 000031 (v02 Xen    HVM      00000000 INTL 20090123)
Feb 22 08:22:50 ip-172-31-69-15 kernel: [    0.000000] ACPI: Local APIC address 0xfee00000
Feb 22 08:22:50 ip-172-31-69-15 kernel: [    0.000000] No NUMA configuration found
Feb 22 08:22:50 ip-172-31-69-15 kernel: [    0.000000] Faking a node at [mem 0x0000000000000000-0x000000003fffffff]
Feb 22 08:22:50 ip-172-31-69-15 kernel: [    0.000000] NODE_DATA(0) allocated [mem 0x3fffb000-0x3fffffff]
Feb 22 08:22:50 ip-172-31-69-15 kernel: [    0.000000] Zone ranges:
Feb 22 08:22:50 ip-172-31-69-15 kernel: [    0.000000]   DMA      [mem 0x0000000000001000-0x0000000000ffffff]
Feb 22 08:22:50 ip-172-31-69-15 kernel: [    0.000000]   DMA32    [mem 0x0000000001000000-0x000000003fffffff]
Feb 22 08:22:50 ip-172-31-69-15 kernel: [    0.000000]   Normal   empty
Feb 22 08:22:50 ip-172-31-69-15 kernel: [    0.000000]   Device   empty
Feb 22 08:22:50 ip-172-31-69-15 kernel: [    0.000000] Movable zone start for each node
Feb 22 08:22:50 ip-172-31-69-15 kernel: [    0.000000] Early memory node ranges
Feb 22 08:22:50 ip-172-31-69-15 kernel: [    0.000000]   node   0: [mem 0x0000000000001000-0x000000000009dfff]
Feb 22 08:22:50 ip-172-31-69-15 kernel: [    0.000000]   node   0: [mem 0x0000000000100000-0x000000003fffffff]
Feb 22 08:22:50 ip-172-31-69-15 kernel: [    0.000000] Initmem setup node 0 [mem 0x0000000000001000-0x000000003fffffff]
Feb 22 08:22:50 ip-172-31-69-15 kernel: [    0.000000] On node 0 totalpages: 262045
Feb 22 08:22:50 ip-172-31-69-15 kernel: [    0.000000]   DMA zone: 64 pages used for memmap
Feb 22 08:22:50 ip-172-31-69-15 kernel: [    0.000000]   DMA zone: 21 pages reserved
Feb 22 08:22:50 ip-172-31-69-15 kernel: [    0.000000]   DMA zone: 3997 pages, LIFO batch:0
Feb 22 08:22:50 ip-172-31-69-15 kernel: [    0.000000]   DMA32 zone: 4032 pages used for memmap
Feb 22 08:22:50 ip-172-31-69-15 kernel: [    0.000000]   DMA32 zone: 258048 pages, LIFO batch:31
Feb 22 08:22:50 ip-172-31-69-15 kernel: [    0.000000] ACPI: PM-Timer IO Port: 0xb008
Feb 22 08:22:50 ip-172-31-69-15 kernel: [    0.000000] ACPI: Local APIC address 0xfee00000
Feb 22 08:22:50 ip-172-31-69-15 kernel: [    0.000000] IOAPIC[0]: apic_id 1, version 17, address 0xfec00000, GSI 0-47
Feb 22 08:22:50 ip-172-31-69-15 kernel: [    0.000000] ACPI: INT_SRC_OVR (bus 0 bus_irq 0 global_irq 2 dfl dfl)
Feb 22 08:22:50 ip-172-31-69-15 kernel: [    0.000000] ACPI: INT_SRC_OVR (bus 0 bus_irq 5 global_irq 5 low level)
Feb 22 08:22:50 ip-172-31-69-15 kernel: [    0.000000] ACPI: INT_SRC_OVR (bus 0 bus_irq 10 global_irq 10 low level)
Feb 22 08:22:50 ip-172-31-69-15 kernel: [    0.000000] ACPI: INT_SRC_OVR (bus 0 bus_irq 11 global_irq 11 low level)
Feb 22 08:22:50 ip-172-31-69-15 kernel: [    0.000000] ACPI: IRQ0 used by override.
Feb 22 08:22:50 ip-172-31-69-15 kernel: [    0.000000] ACPI: IRQ5 used by override.
Feb 22 08:22:50 ip-172-31-69-15 kernel: [    0.000000] ACPI: IRQ9 used by override.
Feb 22 08:22:50 ip-172-31-69-15 kernel: [    0.000000] ACPI: IRQ10 used by override.
Feb 22 08:22:50 ip-172-31-69-15 kernel: [    0.000000] ACPI: IRQ11 used by override.
Feb 22 08:22:50 ip-172-31-69-15 kernel: [    0.000000] Using ACPI (MADT) for SMP configuration information
Feb 22 08:22:50 ip-172-31-69-15 kernel: [    0.000000] ACPI: HPET id: 0x8086a201 base: 0xfed00000
Feb 22 08:22:50 ip-172-31-69-15 kernel: [    0.000000] smpboot: Allowing 15 CPUs, 14 hotplug CPUs
Feb 22 08:22:50 ip-172-31-69-15 kernel: [    0.000000] PM: Registered nosave memory: [mem 0x00000000-0x00000fff]
Feb 22 08:22:50 ip-172-31-69-15 kernel: [    0.000000] PM: Registered nosave memory: [mem 0x0009e000-0x0009ffff]
Feb 22 08:22:50 ip-172-31-69-15 kernel: [    0.000000] PM: Registered nosave memory: [mem 0x000a0000-0x000dffff]
Feb 22 08:22:50 ip-172-31-69-15 kernel: [    0.000000] PM: Registered nosave memory: [mem 0x000e0000-0x000fffff]
Feb 22 08:22:50 ip-172-31-69-15 kernel: [    0.000000] e820: [mem 0x40000000-0xfbffffff] available for PCI devices
Feb 22 08:22:50 ip-172-31-69-15 kernel: [    0.000000] Booting paravirtualized kernel on Xen HVM
Feb 22 08:22:50 ip-172-31-69-15 kernel: [    0.000000] clocksource: refined-jiffies: mask: 0xffffffff max_cycles: 0xffffffff, max_idle_ns: 7645519600211568 ns
Feb 22 08:22:50 ip-172-31-69-15 kernel: [    0.000000] setup_percpu: NR_CPUS:256 nr_cpumask_bits:256 nr_cpu_ids:15 nr_node_ids:1
Feb 22 08:22:50 ip-172-31-69-15 kernel: [    0.000000] PERCPU: Embedded 34 pages/cpu @ffff88003e200000 s99160 r8192 d31912 u262144
Feb 22 08:22:50 ip-172-31-69-15 kernel: [    0.000000] pcpu-alloc: s99160 r8192 d31912 u262144 alloc=1*2097152
Feb 22 08:22:50 ip-172-31-69-15 kernel: [    0.000000] pcpu-alloc: [0] 00 01 02 03 04 05 06 07 [0] 08 09 10 11 12 13 14 -- 
Feb 22 08:22:50 ip-172-31-69-15 kernel: [    0.000000] xen: PV spinlocks enabled
Feb 22 08:22:50 ip-172-31-69-15 kernel: [    0.000000] PV qspinlock hash table entries: 256 (order: 0, 4096 bytes)
Feb 22 08:22:50 ip-172-31-69-15 kernel: [    0.000000] Built 1 zonelists in Node order, mobility grouping on.  Total pages: 257928
Feb 22 08:22:50 ip-172-31-69-15 kernel: [    0.000000] Policy zone: DMA32
Feb 22 08:22:50 ip-172-31-69-15 lxcfs[1115]:   4: fd:   9: cpu,cpuacct
Feb 22 08:22:50 ip-172-31-69-15 lxcfs[1115]:   5: fd:  10: net_cls,net_prio
Feb 22 08:22:50 ip-172-31-69-15 lxcfs[1115]:   6: fd:  11: memory
Feb 22 08:22:50 ip-172-31-69-15 lxcfs[1115]:   7: fd:  12: blkio
Feb 22 08:22:50 ip-172-31-69-15 lxcfs[1115]:   8: fd:  13: cpuset
Feb 22 08:22:50 ip-172-31-69-15 lxcfs[1115]:   9: fd:  14: devices
Feb 22 08:22:50 ip-172-31-69-15 lxcfs[1115]:  10: fd:  15: name=systemd
Feb 22 08:22:50 ip-172-31-69-15 systemd[1]: Starting LXD - container startup/shutdown...
Feb 22 08:22:50 ip-172-31-69-15 systemd[1]: Started Deferred execution scheduler.
Feb 22 08:22:50 ip-172-31-69-15 systemd[1]: Started Regular background program processing daemon.
Feb 22 08:22:50 ip-172-31-69-15 cron[1131]: (CRON) INFO (pidfile fd = 3)
Feb 22 08:22:50 ip-172-31-69-15 systemd[1]: Starting System Logging Service...
Feb 22 08:22:50 ip-172-31-69-15 cron[1131]: (CRON) INFO (Running @reboot jobs)
Feb 22 08:22:50 ip-172-31-69-15 systemd[1]: Starting Login Service...
Feb 22 08:22:50 ip-172-31-69-15 systemd[1]: Starting OpenBSD Secure Shell server...
Feb 22 08:22:50 ip-172-31-69-15 systemd[1]: Starting Initialize hardware monitoring sensors...
Feb 22 08:22:50 ip-172-31-69-15 systemd[1]: Starting Apply the settings specified in cloud-config...
Feb 22 08:22:50 ip-172-31-69-15 sensors[1145]: No sensors found!
Feb 22 08:22:50 ip-172-31-69-15 sensors[1145]: Make sure you loaded all the kernel drivers you need.
Feb 22 08:22:50 ip-172-31-69-15 sensors[1145]: Try sensors-detect to find out which these are.
Feb 22 08:22:50 ip-172-31-69-15 systemd[1]: Starting LSB: MD monitoring daemon...
Feb 22 08:22:50 ip-172-31-69-15 systemd[1]: Started Unattended Upgrades Shutdown.
Feb 22 08:22:50 ip-172-31-69-15 kernel: [    0.000000] Kernel command line: BOOT_IMAGE=/boot/vmlinuz-4.4.0-1052-aws root=UUID=ccee1a8d-0785-4b3a-a578-812d59f5d3e1 ro console=tty1 console=ttyS0 nvme.io_timeout=4294967295
Feb 22 08:22:50 ip-172-31-69-15 kernel: [    0.000000] PID hash table entries: 4096 (order: 3, 32768 bytes)
Feb 22 08:22:50 ip-172-31-69-15 kernel: [    0.000000] Calgary: detecting Calgary via BIOS EBDA area
Feb 22 08:22:50 ip-172-31-69-15 kernel: [    0.000000] Calgary: Unable to locate Rio Grande table in EBDA - bailing!
Feb 22 08:22:50 ip-172-31-69-15 kernel: [    0.000000] Memory: 998616K/1048180K available (8351K kernel code, 1276K rwdata, 3876K rodata, 1492K init, 1264K bss, 49564K reserved, 0K cma-reserved)
Feb 22 08:22:50 ip-172-31-69-15 kernel: [    0.000000] SLUB: HWalign=64, Order=0-3, MinObjects=0, CPUs=15, Nodes=1
Feb 22 08:22:50 ip-172-31-69-15 kernel: [    0.000000] Kernel/User page tables isolation: enabled
Feb 22 08:22:50 ip-172-31-69-15 kernel: [    0.000000] Hierarchical RCU implementation.
Feb 22 08:22:50 ip-172-31-69-15 kernel: [    0.000000] 	Build-time adjustment of leaf fanout to 64.
Feb 22 08:22:50 ip-172-31-69-15 kernel: [    0.000000] 	RCU restricting CPUs from NR_CPUS=256 to nr_cpu_ids=15.
Feb 22 08:22:50 ip-172-31-69-15 kernel: [    0.000000] RCU: Adjusting geometry for rcu_fanout_leaf=64, nr_cpu_ids=15
Feb 22 08:22:50 ip-172-31-69-15 kernel: [    0.000000] NR_IRQS:16640 nr_irqs:952 16
Feb 22 08:22:50 ip-172-31-69-15 kernel: [    0.000000] xen:events: Using 2-level ABI
Feb 22 08:22:50 ip-172-31-69-15 kernel: [    0.000000] xen:events: Xen HVM callback vector for event delivery is enabled
Feb 22 08:22:50 ip-172-31-69-15 kernel: [    0.000000] Console: colour VGA+ 80x25
Feb 22 08:22:50 ip-172-31-69-15 kernel: [    0.000000] console [tty1] enabled
Feb 22 08:22:50 ip-172-31-69-15 kernel: [    0.000000] Cannot get hvm parameter CONSOLE_EVTCHN (18): -22!
Feb 22 08:22:50 ip-172-31-69-15 kernel: [    0.000000] console [ttyS0] enabled
Feb 22 08:22:50 ip-172-31-69-15 kernel: [    0.000000] clocksource: hpet: mask: 0xffffffff max_cycles: 0xffffffff, max_idle_ns: 30580167144 ns
Feb 22 08:22:50 ip-172-31-69-15 kernel: [    0.000000] hpet clockevent registered
Feb 22 08:22:50 ip-172-31-69-15 kernel: [    0.000000] tsc: Detected 2400.072 MHz processor
Feb 22 08:22:50 ip-172-31-69-15 kernel: [    0.008000] Calibrating delay loop (skipped), value calculated using timer frequency.. 4800.14 BogoMIPS (lpj=9600288)
Feb 22 08:22:50 ip-172-31-69-15 kernel: [    0.012006] pid_max: default: 32768 minimum: 301
Feb 22 08:22:50 ip-172-31-69-15 kernel: [    0.016015] ACPI: Core revision 20150930
Feb 22 08:22:50 ip-172-31-69-15 kernel: [    0.024908] ACPI: 3 ACPI AML tables successfully acquired and loaded
Feb 22 08:22:50 ip-172-31-69-15 kernel: [    0.028817] Security Framework initialized
Feb 22 08:22:50 ip-172-31-69-15 kernel: [    0.032004] Yama: becoming mindful.
Feb 22 08:22:50 ip-172-31-69-15 kernel: [    0.034518] AppArmor: AppArmor initialized
Feb 22 08:22:50 ip-172-31-69-15 kernel: [    0.036090] Dentry cache hash table entries: 131072 (order: 8, 1048576 bytes)
Feb 22 08:22:50 ip-172-31-69-15 kernel: [    0.040182] Inode-cache hash table entries: 65536 (order: 7, 524288 bytes)
Feb 22 08:22:50 ip-172-31-69-15 kernel: [    0.044085] Mount-cache hash table entries: 2048 (order: 2, 16384 bytes)
Feb 22 08:22:50 ip-172-31-69-15 kernel: [    0.052011] Mountpoint-cache hash table entries: 2048 (order: 2, 16384 bytes)
Feb 22 08:22:50 ip-172-31-69-15 kernel: [    0.056190] Initializing cgroup subsys io
Feb 22 08:22:50 ip-172-31-69-15 kernel: [    0.060007] Initializing cgroup subsys memory
Feb 22 08:22:50 ip-172-31-69-15 kernel: [    0.064016] Initializing cgroup subsys devices
Feb 22 08:22:50 ip-172-31-69-15 kernel: [    0.066921] Initializing cgroup subsys freezer
Feb 22 08:22:50 ip-172-31-69-15 kernel: [    0.068004] Initializing cgroup subsys net_cls
Feb 22 08:22:50 ip-172-31-69-15 kernel: [    0.072009] Initializing cgroup subsys perf_event
Feb 22 08:22:50 ip-172-31-69-15 kernel: [    0.076010] Initializing cgroup subsys net_prio
Feb 22 08:22:50 ip-172-31-69-15 kernel: [    0.080011] Initializing cgroup subsys hugetlb
Feb 22 08:22:50 ip-172-31-69-15 kernel: [    0.084007] Initializing cgroup subsys pids
Feb 22 08:22:50 ip-172-31-69-15 kernel: [    0.088072] CPU: Physical Processor ID: 0
Feb 22 08:22:50 ip-172-31-69-15 kernel: [    0.092010] FEATURE SPEC_CTRL Not Present
Feb 22 08:22:50 ip-172-31-69-15 kernel: [    0.096735] mce: CPU supports 2 MCE banks
Feb 22 08:22:50 ip-172-31-69-15 kernel: [    0.100026] Last level iTLB entries: 4KB 1024, 2MB 1024, 4MB 1024
Feb 22 08:22:50 ip-172-31-69-15 kernel: [    0.104006] Last level dTLB entries: 4KB 1024, 2MB 1024, 4MB 1024, 1GB 4
Feb 22 08:22:50 ip-172-31-69-15 kernel: [    0.112004] Spectre V2 mitigation: Mitigation: Full generic retpoline
Feb 22 08:22:50 ip-172-31-69-15 kernel: [    0.116002] Spectre V2 mitigation: Speculation control IBPB not-supported IBRS not-supported
Feb 22 08:22:50 ip-172-31-69-15 kernel: [    0.143260] ftrace: allocating 31292 entries in 123 pages
Feb 22 08:22:50 ip-172-31-69-15 kernel: [    0.184096] smpboot: APIC(0) Converting physical 0 to logical package 0
Feb 22 08:22:50 ip-172-31-69-15 kernel: [    0.188008] smpboot: Max logical packages: 15
Feb 22 08:22:50 ip-172-31-69-15 kernel: [    0.192678] x2apic: IRQ remapping doesn't support X2APIC mode
Feb 22 08:22:50 ip-172-31-69-15 kernel: [    0.196004] Switched APIC routing to physical flat.
Feb 22 08:22:50 ip-172-31-69-15 kernel: [    0.202221] ..TIMER: vector=0x30 apic1=0 pin1=2 apic2=0 pin2=0
Feb 22 08:22:50 ip-172-31-69-15 kernel: [    0.204005] clocksource: xen: mask: 0xffffffffffffffff max_cycles: 0x1cd42e4dffb, max_idle_ns: 881590591483 ns
Feb 22 08:22:50 ip-172-31-69-15 kernel: [    0.208010] Xen: using vcpuop timer interface
Feb 22 08:22:50 ip-172-31-69-15 kernel: [    0.208017] installing Xen timer for CPU 0
Feb 22 08:22:50 ip-172-31-69-15 kernel: [    0.212069] smpboot: CPU0: Intel(R) Xeon(R) CPU E5-2676 v3 @ 2.40GHz (family: 0x6, model: 0x3f, stepping: 0x2)
Feb 22 08:22:50 ip-172-31-69-15 kernel: [    0.217394] cpu 0 spinlock event irq 53
Feb 22 08:22:50 ip-172-31-69-15 kernel: [    0.220015] Performance Events: unsupported p6 CPU model 63 no PMU driver, software events only.
Feb 22 08:22:50 ip-172-31-69-15 kernel: [    0.224786] x86: Booted up 1 node, 1 CPUs
Feb 22 08:22:50 ip-172-31-69-15 kernel: [    0.227297] smpboot: Total of 1 processors activated (4800.14 BogoMIPS)
Feb 22 08:22:50 ip-172-31-69-15 kernel: [    0.228011] NMI watchdog: disabled (cpu0): hardware events not enabled
Feb 22 08:22:50 ip-172-31-69-15 kernel: [    0.231865] NMI watchdog: Shutting down hard lockup detector on all cpus
Feb 22 08:22:50 ip-172-31-69-15 kernel: [    0.232388] devtmpfs: initialized
Feb 22 08:22:50 ip-172-31-69-15 kernel: [    0.236352] evm: security.selinux
Feb 22 08:22:50 ip-172-31-69-15 kernel: [    0.238552] evm: security.SMACK64
Feb 22 08:22:50 ip-172-31-69-15 kernel: [    0.240006] evm: security.SMACK64EXEC
Feb 22 08:22:50 ip-172-31-69-15 kernel: [    0.242674] evm: security.SMACK64TRANSMUTE
Feb 22 08:22:50 ip-172-31-69-15 kernel: [    0.244006] evm: security.SMACK64MMAP
Feb 22 08:22:50 ip-172-31-69-15 kernel: [    0.246776] evm: security.ima
Feb 22 08:22:50 ip-172-31-69-15 kernel: [    0.248003] evm: security.capability
Feb 22 08:22:50 ip-172-31-69-15 kernel: [    0.250807] clocksource: jiffies: mask: 0xffffffff max_cycles: 0xffffffff, max_idle_ns: 7645041785100000 ns
Feb 22 08:22:50 ip-172-31-69-15 kernel: [    0.252026] futex hash table entries: 4096 (order: 6, 262144 bytes)
Feb 22 08:22:50 ip-172-31-69-15 kernel: [    0.256240] RTC time: 12:22:41, date: 02/22/18
Feb 22 08:22:50 ip-172-31-69-15 kernel: [    0.259534] NET: Registered protocol family 16
Feb 22 08:22:50 ip-172-31-69-15 kernel: [    0.260152] cpuidle: using governor ladder
Feb 22 08:22:50 ip-172-31-69-15 kernel: [    0.263363] cpuidle: using governor menu
Feb 22 08:22:50 ip-172-31-69-15 kernel: [    0.264009] PCCT header not found.
Feb 22 08:22:50 ip-172-31-69-15 kernel: [    0.266642] ACPI: bus type PCI registered
Feb 22 08:22:50 ip-172-31-69-15 kernel: [    0.268007] acpiphp: ACPI Hot Plug PCI Controller Driver version: 0.5
Feb 22 08:22:50 ip-172-31-69-15 kernel: [    0.272316] PCI: Using configuration type 1 for base access
Feb 22 08:22:50 ip-172-31-69-15 kernel: [    0.276899] ACPI: Added _OSI(Module Device)
Feb 22 08:22:50 ip-172-31-69-15 kernel: [    0.279806] ACPI: Added _OSI(Processor Device)
Feb 22 08:22:50 ip-172-31-69-15 kernel: [    0.280005] ACPI: Added _OSI(3.0 _SCP Extensions)
Feb 22 08:22:50 ip-172-31-69-15 kernel: [    0.283124] ACPI: Added _OSI(Processor Aggregator Device)
Feb 22 08:22:50 ip-172-31-69-15 kernel: [    0.285068] xen: --> pirq=16 -> irq=9 (gsi=9)
Feb 22 08:22:50 ip-172-31-69-15 kernel: [    0.287896] ACPI: Interpreter enabled
Feb 22 08:22:50 ip-172-31-69-15 kernel: [    0.288018] ACPI: (supports S0 S4 S5)
Feb 22 08:22:50 ip-172-31-69-15 kernel: [    0.290692] ACPI: Using IOAPIC for interrupt routing
Feb 22 08:22:50 ip-172-31-69-15 kernel: [    0.292030] PCI: Using host bridge windows from ACPI; if necessary, use "pci=nocrs" and report a bug
Feb 22 08:22:50 ip-172-31-69-15 kernel: [    0.341552] ACPI: PCI Root Bridge [PCI0] (domain 0000 [bus 00-ff])
Feb 22 08:22:50 ip-172-31-69-15 kernel: [    0.344012] acpi PNP0A03:00: _OSC: OS supports [ASPM ClockPM Segments MSI]
Feb 22 08:22:50 ip-172-31-69-15 kernel: [    0.348011] acpi PNP0A03:00: _OSC failed (AE_NOT_FOUND); disabling ASPM
Feb 22 08:22:50 ip-172-31-69-15 kernel: [    0.352021] acpi PNP0A03:00: fail to add MMCONFIG information, can't access extended PCI configuration space under this bridge.
Feb 22 08:22:50 ip-172-31-69-15 kernel: [    0.356958] acpiphp: Slot [0] registered
Feb 22 08:22:50 ip-172-31-69-15 kernel: [    0.360568] acpiphp: Slot [3] registered
Feb 22 08:22:50 ip-172-31-69-15 kernel: [    0.363500] acpiphp: Slot [4] registered
Feb 22 08:22:50 ip-172-31-69-15 kernel: [    0.364307] acpiphp: Slot [5] registered
Feb 22 08:22:50 ip-172-31-69-15 kernel: [    0.367257] acpiphp: Slot [6] registered
Feb 22 08:22:50 ip-172-31-69-15 kernel: [    0.368276] acpiphp: Slot [7] registered
Feb 22 08:22:50 ip-172-31-69-15 kernel: [    0.371348] acpiphp: Slot [8] registered
Feb 22 08:22:50 ip-172-31-69-15 kernel: [    0.372292] acpiphp: Slot [9] registered
Feb 22 08:22:50 ip-172-31-69-15 kernel: [    0.375446] acpiphp: Slot [10] registered
Feb 22 08:22:50 ip-172-31-69-15 kernel: [    0.376335] acpiphp: Slot [11] registered
Feb 22 08:22:50 ip-172-31-69-15 kernel: [    0.379523] acpiphp: Slot [12] registered
Feb 22 08:22:50 ip-172-31-69-15 kernel: [    0.380281] acpiphp: Slot [13] registered
Feb 22 08:22:50 ip-172-31-69-15 kernel: [    0.383422] acpiphp: Slot [14] registered
Feb 22 08:22:50 ip-172-31-69-15 kernel: [    0.384274] acpiphp: Slot [15] registered
Feb 22 08:22:50 ip-172-31-69-15 kernel: [    0.387466] acpiphp: Slot [16] registered
Feb 22 08:22:50 ip-172-31-69-15 kernel: [    0.388277] acpiphp: Slot [17] registered
Feb 22 08:22:50 ip-172-31-69-15 kernel: [    0.391388] acpiphp: Slot [18] registered
Feb 22 08:22:50 ip-172-31-69-15 kernel: [    0.392299] acpiphp: Slot [19] registered
Feb 22 08:22:50 ip-172-31-69-15 kernel: [    0.395408] acpiphp: Slot [20] registered
Feb 22 08:22:50 ip-172-31-69-15 kernel: [    0.396317] acpiphp: Slot [21] registered
Feb 22 08:22:50 ip-172-31-69-15 kernel: [    0.399521] acpiphp: Slot [22] registered
Feb 22 08:22:50 ip-172-31-69-15 kernel: [    0.400282] acpiphp: Slot [23] registered
Feb 22 08:22:50 ip-172-31-69-15 kernel: [    0.403448] acpiphp: Slot [24] registered
Feb 22 08:22:50 ip-172-31-69-15 kernel: [    0.404283] acpiphp: Slot [25] registered
Feb 22 08:22:50 ip-172-31-69-15 kernel: [    0.407692] acpiphp: Slot [26] registered
Feb 22 08:22:50 ip-172-31-69-15 kernel: [    0.408368] acpiphp: Slot [27] registered
Feb 22 08:22:50 ip-172-31-69-15 kernel: [    0.411994] acpiphp: Slot [28] registered
Feb 22 08:22:50 ip-172-31-69-15 kernel: [    0.412303] acpiphp: Slot [29] registered
Feb 22 08:22:50 ip-172-31-69-15 kernel: [    0.415451] acpiphp: Slot [30] registered
Feb 22 08:22:50 ip-172-31-69-15 kernel: [    0.416306] acpiphp: Slot [31] registered
Feb 22 08:22:50 ip-172-31-69-15 kernel: [    0.419465] PCI host bridge to bus 0000:00
Feb 22 08:22:50 ip-172-31-69-15 kernel: [    0.420008] pci_bus 0000:00: root bus resource [io  0x0000-0x0cf7 window]
Feb 22 08:22:50 ip-172-31-69-15 kernel: [    0.424008] pci_bus 0000:00: root bus resource [io  0x0d00-0xffff window]
Feb 22 08:22:50 ip-172-31-69-15 kernel: [    0.428007] pci_bus 0000:00: root bus resource [mem 0x000a0000-0x000bffff window]
Feb 22 08:22:50 ip-172-31-69-15 kernel: [    0.432008] pci_bus 0000:00: root bus resource [mem 0xf0000000-0xfbffffff window]
Feb 22 08:22:50 ip-172-31-69-15 kernel: [    0.436007] pci_bus 0000:00: root bus resource [bus 00-ff]
Feb 22 08:22:50 ip-172-31-69-15 kernel: [    0.440000] pci 0000:00:00.0: [8086:1237] type 00 class 0x060000
Feb 22 08:22:50 ip-172-31-69-15 kernel: [    0.441540] pci 0000:00:01.0: [8086:7000] type 00 class 0x060100
Feb 22 08:22:50 ip-172-31-69-15 kernel: [    0.443963] pci 0000:00:01.1: [8086:7010] type 00 class 0x010180
Feb 22 08:22:50 ip-172-31-69-15 kernel: [    0.445081] pci 0000:00:01.1: reg 0x20: [io  0xc100-0xc10f]
Feb 22 08:22:50 ip-172-31-69-15 kernel: [    0.445596] pci 0000:00:01.1: legacy IDE quirk: reg 0x10: [io  0x01f0-0x01f7]
Feb 22 08:22:50 ip-172-31-69-15 kernel: [    0.448007] pci 0000:00:01.1: legacy IDE quirk: reg 0x14: [io  0x03f6]
Feb 22 08:22:50 ip-172-31-69-15 kernel: [    0.452007] pci 0000:00:01.1: legacy IDE quirk: reg 0x18: [io  0x0170-0x0177]
Feb 22 08:22:50 ip-172-31-69-15 kernel: [    0.456007] pci 0000:00:01.1: legacy IDE quirk: reg 0x1c: [io  0x0376]
Feb 22 08:22:50 ip-172-31-69-15 kernel: [    0.460614] pci 0000:00:01.3: [8086:7113] type 00 class 0x068000
Feb 22 08:22:50 ip-172-31-69-15 kernel: [    0.460709] * Found PM-Timer Bug on the chipset. Due to workarounds for a bug,
Feb 22 08:22:50 ip-172-31-69-15 kernel: [    0.460709] * this clock source is slow. Consider trying other clock sources
Feb 22 08:22:50 ip-172-31-69-15 kernel: [    0.465241] pci 0000:00:01.3: quirk: [io  0xb000-0xb03f] claimed by PIIX4 ACPI
Feb 22 08:22:50 ip-172-31-69-15 kernel: [    0.468926] pci 0000:00:02.0: [1013:00b8] type 00 class 0x030000
Feb 22 08:22:50 ip-172-31-69-15 kernel: [    0.469280] pci 0000:00:02.0: reg 0x10: [mem 0xf0000000-0xf1ffffff pref]
Feb 22 08:22:50 ip-172-31-69-15 kernel: [    0.469505] pci 0000:00:02.0: reg 0x14: [mem 0xf3000000-0xf3000fff]
Feb 22 08:22:50 ip-172-31-69-15 kernel: [    0.471309] pci 0000:00:03.0: [5853:0001] type 00 class 0xff8000
Feb 22 08:22:50 ip-172-31-69-15 kernel: [    0.471747] pci 0000:00:03.0: reg 0x10: [io  0xc000-0xc0ff]
Feb 22 08:22:50 ip-172-31-69-15 kernel: [    0.471956] pci 0000:00:03.0: reg 0x14: [mem 0xf2000000-0xf2ffffff pref]
Feb 22 08:22:50 ip-172-31-69-15 kernel: [    0.474552] ACPI: PCI Interrupt Link [LNKA] (IRQs *5 10 11)
Feb 22 08:22:50 ip-172-31-69-15 kernel: [    0.479275] ACPI: PCI Interrupt Link [LNKB] (IRQs 5 *10 11)
Feb 22 08:22:50 ip-172-31-69-15 kernel: [    0.483093] ACPI: PCI Interrupt Link [LNKC] (IRQs 5 10 *11)
Feb 22 08:22:50 ip-172-31-69-15 kernel: [    0.486991] ACPI: PCI Interrupt Link [LNKD] (IRQs *5 10 11)
Feb 22 08:22:50 ip-172-31-69-15 kernel: [    0.507319] ACPI: Enabled 2 GPEs in block 00 to 0F
Feb 22 08:22:50 ip-172-31-69-15 kernel: [    0.508076] xen:balloon: Initialising balloon driver
Feb 22 08:22:50 ip-172-31-69-15 kernel: [    0.516235] vgaarb: setting as boot device: PCI:0000:00:02.0
Feb 22 08:22:50 ip-172-31-69-15 kernel: [    0.519919] vgaarb: device added: PCI:0000:00:02.0,decodes=io+mem,owns=io+mem,locks=none
Feb 22 08:22:50 ip-172-31-69-15 kernel: [    0.520011] vgaarb: loaded
Feb 22 08:22:50 ip-172-31-69-15 kernel: [    0.522280] vgaarb: bridge control possible 0000:00:02.0
Feb 22 08:22:50 ip-172-31-69-15 kernel: [    0.524252] SCSI subsystem initialized
Feb 22 08:22:50 ip-172-31-69-15 kernel: [    0.528054] libata version 3.00 loaded.
Feb 22 08:22:50 ip-172-31-69-15 kernel: [    0.528078] ACPI: bus type USB registered
Feb 22 08:22:50 ip-172-31-69-15 kernel: [    0.532034] usbcore: registered new interface driver usbfs
Feb 22 08:22:50 ip-172-31-69-15 kernel: [    0.536013] usbcore: registered new interface driver hub
Feb 22 08:22:50 ip-172-31-69-15 kernel: [    0.540027] usbcore: registered new device driver usb
Feb 22 08:22:50 ip-172-31-69-15 kernel: [    0.544176] PCI: Using ACPI for IRQ routing
Feb 22 08:22:50 ip-172-31-69-15 kernel: [    0.548008] PCI: pci_cache_line_size set to 64 bytes
Feb 22 08:22:50 ip-172-31-69-15 kernel: [    0.548624] e820: reserve RAM buffer [mem 0x0009e000-0x0009ffff]
Feb 22 08:22:50 ip-172-31-69-15 kernel: [    0.548757] NetLabel: Initializing
Feb 22 08:22:50 ip-172-31-69-15 kernel: [    0.552005] NetLabel:  domain hash size = 128
Feb 22 08:22:50 ip-172-31-69-15 kernel: [    0.556003] NetLabel:  protocols = UNLABELED CIPSOv4
Feb 22 08:22:50 ip-172-31-69-15 kernel: [    0.560022] NetLabel:  unlabeled traffic allowed by default
Feb 22 08:22:50 ip-172-31-69-15 kernel: [    0.564117] HPET: 3 timers in total, 0 timers will be used for per-cpu timer
Feb 22 08:22:50 ip-172-31-69-15 kernel: [    0.568016] hpet0: at MMIO 0xfed00000, IRQs 2, 8, 0
Feb 22 08:22:50 ip-172-31-69-15 kernel: [    0.573714] hpet0: 3 comparators, 64-bit 62.500000 MHz counter
Feb 22 08:22:50 ip-172-31-69-15 kernel: [    0.580025] amd_nb: Cannot enumerate AMD northbridges
Feb 22 08:22:50 ip-172-31-69-15 kernel: [    0.584021] clocksource: Switched to clocksource xen
Feb 22 08:22:50 ip-172-31-69-15 kernel: [    0.592771] AppArmor: AppArmor Filesystem Enabled
Feb 22 08:22:50 ip-172-31-69-15 kernel: [    0.596162] pnp: PnP ACPI init
Feb 22 08:22:50 ip-172-31-69-15 kernel: [    0.598652] system 00:00: [mem 0x00000000-0x0009ffff] could not be reserved
Feb 22 08:22:50 ip-172-31-69-15 kernel: [    0.603255] system 00:00: Plug and Play ACPI device, IDs PNP0c02 (active)
Feb 22 08:22:50 ip-172-31-69-15 kernel: [    0.603337] system 00:01: [io  0x08a0-0x08a3] has been reserved
Feb 22 08:22:50 ip-172-31-69-15 kernel: [    0.607224] system 00:01: [io  0x0cc0-0x0ccf] has been reserved
Feb 22 08:22:50 ip-172-31-69-15 kernel: [    0.610963] system 00:01: [io  0x04d0-0x04d1] has been reserved
Feb 22 08:22:50 ip-172-31-69-15 kernel: [    0.614891] system 00:01: Plug and Play ACPI device, IDs PNP0c02 (active)
Feb 22 08:22:50 ip-172-31-69-15 kernel: [    0.614923] xen: --> pirq=17 -> irq=8 (gsi=8)
Feb 22 08:22:50 ip-172-31-69-15 kernel: [    0.614948] pnp 00:02: Plug and Play ACPI device, IDs PNP0b00 (active)
Feb 22 08:22:50 ip-172-31-69-15 kernel: [    0.614971] xen: --> pirq=18 -> irq=12 (gsi=12)
Feb 22 08:22:50 ip-172-31-69-15 kernel: [    0.614986] pnp 00:03: Plug and Play ACPI device, IDs PNP0f13 (active)
Feb 22 08:22:50 ip-172-31-69-15 kernel: [    0.615003] xen: --> pirq=19 -> irq=1 (gsi=1)
Feb 22 08:22:50 ip-172-31-69-15 kernel: [    0.615016] pnp 00:04: Plug and Play ACPI device, IDs PNP0303 PNP030b (active)
Feb 22 08:22:50 ip-172-31-69-15 kernel: [    0.615033] xen: --> pirq=20 -> irq=6 (gsi=6)
Feb 22 08:22:50 ip-172-31-69-15 kernel: [    0.615035] pnp 00:05: [dma 2]
Feb 22 08:22:50 ip-172-31-69-15 kernel: [    0.615048] pnp 00:05: Plug and Play ACPI device, IDs PNP0700 (active)
Feb 22 08:22:50 ip-172-31-69-15 kernel: [    0.615071] xen: --> pirq=21 -> irq=4 (gsi=4)
Feb 22 08:22:50 ip-172-31-69-15 kernel: [    0.615083] pnp 00:06: Plug and Play ACPI device, IDs PNP0501 (active)
Feb 22 08:22:50 ip-172-31-69-15 kernel: [    0.615121] system 00:07: [io  0x10c0-0x1141] has been reserved
Feb 22 08:22:50 ip-172-31-69-15 kernel: [    0.619300] system 00:07: [io  0xb044-0xb047] has been reserved
Feb 22 08:22:50 ip-172-31-69-15 kernel: [    0.623177] system 00:07: Plug and Play ACPI device, IDs PNP0c02 (active)
Feb 22 08:22:50 ip-172-31-69-15 kernel: [    0.639797] pnp: PnP ACPI: found 8 devices
Feb 22 08:22:50 ip-172-31-69-15 kernel: [    0.648272] clocksource: acpi_pm: mask: 0xffffff max_cycles: 0xffffff, max_idle_ns: 2085701024 ns
Feb 22 08:22:50 ip-172-31-69-15 kernel: [    0.655618] pci_bus 0000:00: resource 4 [io  0x0000-0x0cf7 window]
Feb 22 08:22:50 ip-172-31-69-15 kernel: [    0.655621] pci_bus 0000:00: resource 5 [io  0x0d00-0xffff window]
Feb 22 08:22:50 ip-172-31-69-15 kernel: [    0.655623] pci_bus 0000:00: resource 6 [mem 0x000a0000-0x000bffff window]
Feb 22 08:22:50 ip-172-31-69-15 kernel: [    0.655625] pci_bus 0000:00: resource 7 [mem 0xf0000000-0xfbffffff window]
Feb 22 08:22:50 ip-172-31-69-15 kernel: [    0.655666] NET: Registered protocol family 2
Feb 22 08:22:50 ip-172-31-69-15 kernel: [    0.659021] TCP established hash table entries: 8192 (order: 4, 65536 bytes)
Feb 22 08:22:50 ip-172-31-69-15 kernel: [    0.663920] TCP bind hash table entries: 8192 (order: 5, 131072 bytes)
Feb 22 08:22:50 ip-172-31-69-15 kernel: [    0.668135] TCP: Hash tables configured (established 8192 bind 8192)
Feb 22 08:22:50 ip-172-31-69-15 kernel: [    0.672371] UDP hash table entries: 512 (order: 2, 16384 bytes)
Feb 22 08:22:50 ip-172-31-69-15 kernel: [    0.676442] UDP-Lite hash table entries: 512 (order: 2, 16384 bytes)
Feb 22 08:22:50 ip-172-31-69-15 kernel: [    0.680687] NET: Registered protocol family 1
Feb 22 08:22:50 ip-172-31-69-15 kernel: [    0.684083] pci 0000:00:00.0: Limiting direct PCI/PCI transfers
Feb 22 08:22:50 ip-172-31-69-15 kernel: [    0.688296] pci 0000:00:01.0: PIIX3: Enabling Passive Release
Feb 22 08:22:50 ip-172-31-69-15 kernel: [    0.692571] pci 0000:00:01.0: Activating ISA DMA hang workarounds
Feb 22 08:22:50 ip-172-31-69-15 kernel: [    0.697188] pci 0000:00:02.0: Video device with shadowed ROM
Feb 22 08:22:50 ip-172-31-69-15 kernel: [    0.697258] PCI: CLS 0 bytes, default 64
Feb 22 08:22:50 ip-172-31-69-15 kernel: [    0.697319] Trying to unpack rootfs image as initramfs...
Feb 22 08:22:50 ip-172-31-69-15 kernel: [    0.880607] Freeing initrd memory: 12336K
Feb 22 08:22:50 ip-172-31-69-15 kernel: [    0.883816] RAPL PMU detected, API unit is 2^-32 Joules, 3 fixed counters 655360 ms ovfl timer
Feb 22 08:22:50 ip-172-31-69-15 kernel: [    0.889420] hw unit of domain pp0-core 2^-14 Joules
Feb 22 08:22:50 ip-172-31-69-15 kernel: [    0.892841] hw unit of domain package 2^-14 Joules
Feb 22 08:22:50 ip-172-31-69-15 kernel: [    0.895988] hw unit of domain dram 2^-16 Joules
Feb 22 08:22:50 ip-172-31-69-15 kernel: [    0.899445] Scanning for low memory corruption every 60 seconds
Feb 22 08:22:50 ip-172-31-69-15 kernel: [    0.903696] audit: initializing netlink subsys (disabled)
Feb 22 08:22:50 ip-172-31-69-15 kernel: [    0.907241] audit: type=2000 audit(1519302161.776:1): initialized
Feb 22 08:22:50 ip-172-31-69-15 kernel: [    0.911603] Initialise system trusted keyring
Feb 22 08:22:50 ip-172-31-69-15 kernel: [    0.915023] HugeTLB registered 2 MB page size, pre-allocated 0 pages
Feb 22 08:22:50 ip-172-31-69-15 kernel: [    0.920224] zbud: loaded
Feb 22 08:22:50 ip-172-31-69-15 kernel: [    0.923726] VFS: Disk quotas dquot_6.6.0
Feb 22 08:22:50 ip-172-31-69-15 kernel: [    0.927932] VFS: Dquot-cache hash table entries: 512 (order 0, 4096 bytes)
Feb 22 08:22:50 ip-172-31-69-15 kernel: [    0.932697] squashfs: version 4.0 (2009/01/31) Phillip Lougher
Feb 22 08:22:50 ip-172-31-69-15 kernel: [    0.937584] fuse init (API version 7.23)
Feb 22 08:22:50 ip-172-31-69-15 kernel: [    0.940701] Key type big_key registered
Feb 22 08:22:50 ip-172-31-69-15 kernel: [    0.943548] Allocating IMA MOK and blacklist keyrings.
Feb 22 08:22:50 ip-172-31-69-15 kernel: [    0.947833] Key type asymmetric registered
Feb 22 08:22:50 ip-172-31-69-15 kernel: [    0.951400] Asymmetric key parser 'x509' registered
Feb 22 08:22:50 ip-172-31-69-15 kernel: [    0.954840] Block layer SCSI generic (bsg) driver version 0.4 loaded (major 249)
Feb 22 08:22:50 ip-172-31-69-15 kernel: [    0.960122] io scheduler noop registered
Feb 22 08:22:50 ip-172-31-69-15 kernel: [    0.963448] io scheduler deadline registered (default)
Feb 22 08:22:50 ip-172-31-69-15 kernel: [    0.967245] io scheduler cfq registered
Feb 22 08:22:50 ip-172-31-69-15 kernel: [    0.970056] pci_hotplug: PCI Hot Plug PCI Core version: 0.5
Feb 22 08:22:50 ip-172-31-69-15 kernel: [    0.974278] pciehp: PCI Express Hot Plug Controller Driver version: 0.4
Feb 22 08:22:50 ip-172-31-69-15 kernel: [    0.978987] intel_idle: does not run on family 6 model 63
Feb 22 08:22:50 ip-172-31-69-15 kernel: [    0.979063] input: Power Button as /devices/LNXSYSTM:00/LNXPWRBN:00/input/input0
Feb 22 08:22:50 ip-172-31-69-15 kernel: [    0.984477] ACPI: Power Button [PWRF]
Feb 22 08:22:50 ip-172-31-69-15 kernel: [    0.987341] input: Sleep Button as /devices/LNXSYSTM:00/LNXSLPBN:00/input/input1
Feb 22 08:22:50 ip-172-31-69-15 kernel: [    0.992907] ACPI: Sleep Button [SLPF]
Feb 22 08:22:50 ip-172-31-69-15 kernel: [    0.996018] xen: --> pirq=22 -> irq=28 (gsi=28)
Feb 22 08:22:50 ip-172-31-69-15 kernel: [    0.996122] xen:grant_table: Grant tables using version 1 layout
Feb 22 08:22:50 ip-172-31-69-15 kernel: [    1.000205] Grant table initialized
Feb 22 08:22:50 ip-172-31-69-15 kernel: [    1.003003] Cannot get hvm parameter CONSOLE_EVTCHN (18): -22!
Feb 22 08:22:50 ip-172-31-69-15 kernel: [    1.007174] Serial: 8250/16550 driver, 4 ports, IRQ sharing enabled
Feb 22 08:22:50 ip-172-31-69-15 kernel: [    1.039022] 00:06: ttyS0 at I/O 0x3f8 (irq = 4, base_baud = 115200) is a 16550A
Feb 22 08:22:50 ip-172-31-69-15 kernel: [    1.045237] Linux agpgart interface v0.103
Feb 22 08:22:50 ip-172-31-69-15 kernel: [    1.050103] brd: module loaded
Feb 22 08:22:50 ip-172-31-69-15 kernel: [    1.053688] loop: module loaded
Feb 22 08:22:50 ip-172-31-69-15 kernel: [    1.056327] Invalid max_queues (4), will use default max: 1.
Feb 22 08:22:50 ip-172-31-69-15 kernel: [    1.061344] ata_piix 0000:00:01.1: version 2.13
Feb 22 08:22:50 ip-172-31-69-15 kernel: [    1.064772] scsi host0: ata_piix
Feb 22 08:22:50 ip-172-31-69-15 kernel: [    1.067753] scsi host1: ata_piix
Feb 22 08:22:50 ip-172-31-69-15 kernel: [    1.070768] ata1: PATA max MWDMA2 cmd 0x1f0 ctl 0x3f6 bmdma 0xc100 irq 14
Feb 22 08:22:50 ip-172-31-69-15 kernel: [    1.077544] ata2: PATA max MWDMA2 cmd 0x170 ctl 0x376 bmdma 0xc108 irq 15
Feb 22 08:22:50 ip-172-31-69-15 kernel: [    1.085221] libphy: Fixed MDIO Bus: probed
Feb 22 08:22:50 ip-172-31-69-15 kernel: [    1.088628] tun: Universal TUN/TAP device driver, 1.6
Feb 22 08:22:50 ip-172-31-69-15 kernel: [    1.092689] tun: (C) 1999-2004 Max Krasnyansky <maxk@qualcomm.com>
Feb 22 08:22:50 ip-172-31-69-15 kernel: [    1.096814] PPP generic driver version 2.4.2
Feb 22 08:22:50 ip-172-31-69-15 kernel: [    1.106893] xen_netfront: Initialising Xen virtual ethernet driver
Feb 22 08:22:50 ip-172-31-69-15 kernel: [    1.114725] blkfront: xvda: barrier or flush: disabled; persistent grants: disabled; indirect descriptors: enabled;
Feb 22 08:22:50 ip-172-31-69-15 kernel: [    1.122632] ehci_hcd: USB 2.0 'Enhanced' Host Controller (EHCI) Driver
Feb 22 08:22:50 ip-172-31-69-15 kernel: [    1.127293] ehci-pci: EHCI PCI platform driver
Feb 22 08:22:50 ip-172-31-69-15 kernel: [    1.131527] ehci-platform: EHCI generic platform driver
Feb 22 08:22:50 ip-172-31-69-15 kernel: [    1.135365] ohci_hcd: USB 1.1 'Open' Host Controller (OHCI) Driver
Feb 22 08:22:50 ip-172-31-69-15 kernel: [    1.140174] ohci-pci: OHCI PCI platform driver
Feb 22 08:22:50 ip-172-31-69-15 kernel: [    1.144932] ohci-platform: OHCI generic platform driver
Feb 22 08:22:50 ip-172-31-69-15 kernel: [    1.148495]  xvda: xvda1
Feb 22 08:22:50 ip-172-31-69-15 kernel: [    1.150654] uhci_hcd: USB Universal Host Controller Interface driver
Feb 22 08:22:50 ip-172-31-69-15 kernel: [    1.155122] i8042: PNP: PS/2 Controller [PNP0303:PS2K,PNP0f13:PS2M] at 0x60,0x64 irq 1,12
Feb 22 08:22:50 ip-172-31-69-15 kernel: [    1.165011] serio: i8042 KBD port at 0x60,0x64 irq 1
Feb 22 08:22:50 ip-172-31-69-15 kernel: [    1.183416] serio: i8042 AUX port at 0x60,0x64 irq 12
Feb 22 08:22:50 ip-172-31-69-15 kernel: [    1.188070] mousedev: PS/2 mouse device common for all mice
Feb 22 08:22:50 ip-172-31-69-15 kernel: [    1.193225] input: AT Translated Set 2 keyboard as /devices/platform/i8042/serio0/input/input2
Feb 22 08:22:50 ip-172-31-69-15 kernel: [    1.199088] rtc_cmos 00:02: rtc core: registered rtc_cmos as rtc0
Feb 22 08:22:50 ip-172-31-69-15 kernel: [    1.204688] rtc_cmos 00:02: alarms up to one day, 114 bytes nvram, hpet irqs
Feb 22 08:22:50 ip-172-31-69-15 kernel: [    1.209635] i2c /dev entries driver
Feb 22 08:22:50 ip-172-31-69-15 kernel: [    1.212816] device-mapper: uevent: version 1.0.3
Feb 22 08:22:50 ip-172-31-69-15 kernel: [    1.220353] device-mapper: ioctl: 4.34.0-ioctl (2015-10-28) initialised: dm-devel@redhat.com
Feb 22 08:22:50 ip-172-31-69-15 kernel: [    1.227161] NET: Registered protocol family 10
Feb 22 08:22:50 ip-172-31-69-15 kernel: [    1.231670] NET: Registered protocol family 17
Feb 22 08:22:50 ip-172-31-69-15 kernel: [    1.237154] Key type dns_resolver registered
Feb 22 08:22:50 ip-172-31-69-15 kernel: [    1.241303] microcode: CPU0 sig=0x306f2, pf=0x1, revision=0x3b
Feb 22 08:22:50 ip-172-31-69-15 kernel: [    1.245582] microcode: Microcode Update Driver: v2.01 <tigran@aivazian.fsnet.co.uk>, Peter Oruba
Feb 22 08:22:50 ip-172-31-69-15 kernel: [    1.257622] registered taskstats version 1
Feb 22 08:22:50 ip-172-31-69-15 kernel: [    1.261061] Loading compiled-in X.509 certificates
Feb 22 08:22:50 ip-172-31-69-15 kernel: [    1.265401] Loaded X.509 cert 'Build time autogenerated kernel key: eec6339c199f7c061573bf7e1d5d111f4e89c8c0'
Feb 22 08:22:50 ip-172-31-69-15 kernel: [    1.272701] zswap: loaded using pool lzo/zbud
Feb 22 08:22:50 ip-172-31-69-15 kernel: [    1.277851] Key type trusted registered
Feb 22 08:22:50 ip-172-31-69-15 kernel: [    1.283070] Key type encrypted registered
Feb 22 08:22:50 ip-172-31-69-15 kernel: [    1.286330] AppArmor: AppArmor sha1 policy hashing enabled
Feb 22 08:22:50 ip-172-31-69-15 kernel: [    1.290143] ima: No TPM chip found, activating TPM-bypass!
Feb 22 08:22:50 ip-172-31-69-15 kernel: [    1.293837] evm: HMAC attrs: 0x1
Feb 22 08:22:50 ip-172-31-69-15 kernel: [    1.296670]   Magic number: 6:722:380
Feb 22 08:22:50 ip-172-31-69-15 kernel: [    1.299458] rtc_cmos 00:02: setting system clock to 2018-02-22 12:22:42 UTC (1519302162)
Feb 22 08:22:50 ip-172-31-69-15 kernel: [    1.304775] BIOS EDD facility v0.16 2004-Jun-25, 0 devices found
Feb 22 08:22:50 ip-172-31-69-15 kernel: [    1.308710] EDD information not available.
Feb 22 08:22:50 ip-172-31-69-15 kernel: [    1.312047] PM: Hibernation image not present or could not be loaded.
Feb 22 08:22:50 ip-172-31-69-15 kernel: [    1.313923] Freeing unused kernel memory: 1492K
Feb 22 08:22:50 ip-172-31-69-15 kernel: [    1.317015] Write protecting the kernel read-only data: 14336k
Feb 22 08:22:50 ip-172-31-69-15 kernel: [    1.321703] Freeing unused kernel memory: 1876K
Feb 22 08:22:50 ip-172-31-69-15 kernel: [    1.325360] Freeing unused kernel memory: 220K
Feb 22 08:22:50 ip-172-31-69-15 kernel: [    1.340658] random: udevadm: uninitialized urandom read (16 bytes read, 9 bits of entropy available)
Feb 22 08:22:50 ip-172-31-69-15 kernel: [    1.347117] random: systemd-udevd: uninitialized urandom read (16 bytes read, 9 bits of entropy available)
Feb 22 08:22:50 ip-172-31-69-15 kernel: [    1.353401] random: systemd-udevd: uninitialized urandom read (16 bytes read, 9 bits of entropy available)
Feb 22 08:22:50 ip-172-31-69-15 kernel: [    1.360277] random: udevadm: uninitialized urandom read (16 bytes read, 9 bits of entropy available)
Feb 22 08:22:50 ip-172-31-69-15 kernel: [    1.366649] random: systemd-udevd: uninitialized urandom read (16 bytes read, 9 bits of entropy available)
Feb 22 08:22:50 ip-172-31-69-15 kernel: [    1.378974] random: systemd-udevd: uninitialized urandom read (16 bytes read, 9 bits of entropy available)
Feb 22 08:22:50 ip-172-31-69-15 kernel: [    1.386763] random: udevadm: uninitialized urandom read (16 bytes read, 9 bits of entropy available)
Feb 22 08:22:50 ip-172-31-69-15 kernel: [    1.393848] random: systemd-udevd: uninitialized urandom read (16 bytes read, 9 bits of entropy available)
Feb 22 08:22:50 ip-172-31-69-15 kernel: [    1.400555] random: udevadm: uninitialized urandom read (16 bytes read, 9 bits of entropy available)
Feb 22 08:22:50 ip-172-31-69-15 kernel: [    1.406894] random: systemd-udevd: uninitialized urandom read (16 bytes read, 9 bits of entropy available)
Feb 22 08:22:50 ip-172-31-69-15 kernel: [    1.526346] AVX2 version of gcm_enc/dec engaged.
Feb 22 08:22:50 ip-172-31-69-15 kernel: [    1.529672] AES CTR mode by8 optimization enabled
Feb 22 08:22:50 ip-172-31-69-15 kernel: [    1.896131] tsc: Refined TSC clocksource calibration: 2400.000 MHz
Feb 22 08:22:50 ip-172-31-69-15 kernel: [    1.901825] clocksource: tsc: mask: 0xffffffffffffffff max_cycles: 0x22983777dd9, max_idle_ns: 440795300422 ns
Feb 22 08:22:50 ip-172-31-69-15 kernel: [    3.069950] md: linear personality registered for level -1
Feb 22 08:22:50 ip-172-31-69-15 kernel: [    3.076500] md: multipath personality registered for level -4
Feb 22 08:22:50 ip-172-31-69-15 kernel: [    3.083842] md: raid0 personality registered for level 0
Feb 22 08:22:50 ip-172-31-69-15 kernel: [    3.092219] md: raid1 personality registered for level 1
Feb 22 08:22:50 ip-172-31-69-15 kernel: [    3.156067] raid6: sse2x1   gen()  8246 MB/s
Feb 22 08:22:50 ip-172-31-69-15 kernel: [    3.208063] raid6: sse2x1   xor()  6409 MB/s
Feb 22 08:22:50 ip-172-31-69-15 kernel: [    3.260061] raid6: sse2x2   gen() 10543 MB/s
Feb 22 08:22:50 ip-172-31-69-15 kernel: [    3.316065] raid6: sse2x2   xor()  7003 MB/s
Feb 22 08:22:50 ip-172-31-69-15 kernel: [    3.364066] raid6: sse2x4   gen() 11992 MB/s
Feb 22 08:22:50 ip-172-31-69-15 kernel: [    3.412093] raid6: sse2x4   xor()  8512 MB/s
Feb 22 08:22:50 ip-172-31-69-15 kernel: [    3.460038] raid6: avx2x1   gen() 16150 MB/s
Feb 22 08:22:50 ip-172-31-69-15 kernel: [    3.512065] raid6: avx2x2   gen() 19087 MB/s
Feb 22 08:22:50 ip-172-31-69-15 kernel: [    3.560026] raid6: avx2x4   gen() 21867 MB/s
Feb 22 08:22:50 ip-172-31-69-15 kernel: [    3.563178] raid6: using algorithm avx2x4 gen() 21867 MB/s
Feb 22 08:22:50 ip-172-31-69-15 kernel: [    3.566782] raid6: using avx2x2 recovery algorithm
Feb 22 08:22:50 ip-172-31-69-15 kernel: [    3.572246] xor: automatically using best checksumming function:
Feb 22 08:22:50 ip-172-31-69-15 kernel: [    3.616064]    avx       : 24367.000 MB/sec
Feb 22 08:22:50 ip-172-31-69-15 kernel: [    3.621458] async_tx: api initialized (async)
Feb 22 08:22:50 ip-172-31-69-15 kernel: [    3.637023] md: raid6 personality registered for level 6
Feb 22 08:22:50 ip-172-31-69-15 kernel: [    3.641083] md: raid5 personality registered for level 5
Feb 22 08:22:50 ip-172-31-69-15 kernel: [    3.644774] md: raid4 personality registered for level 4
Feb 22 08:22:50 ip-172-31-69-15 kernel: [    3.654649] md: raid10 personality registered for level 10
Feb 22 08:22:50 ip-172-31-69-15 kernel: [    3.696212] Btrfs loaded
Feb 22 08:22:50 ip-172-31-69-15 kernel: [    3.751290] EXT4-fs (xvda1): mounted filesystem with ordered data mode. Opts: (null)
Feb 22 08:22:50 ip-172-31-69-15 kernel: [    4.285743] EXT4-fs (xvda1): re-mounted. Opts: discard
Feb 22 08:22:50 ip-172-31-69-15 kernel: [    4.298977] Loading iSCSI transport class v2.0-870.
Feb 22 08:22:50 ip-172-31-69-15 kernel: [    4.320103] iscsi: registered transport (tcp)
Feb 22 08:22:50 ip-172-31-69-15 kernel: [    4.399638] iscsi: registered transport (iser)
Feb 22 08:22:50 ip-172-31-69-15 kernel: [    5.292301] audit: type=1400 audit(1519302166.492:2): apparmor="STATUS" operation="profile_load" profile="unconfined" name="lxc-container-default" pid=559 comm="apparmor_parser"
Feb 22 08:22:50 ip-172-31-69-15 kernel: [    5.292306] audit: type=1400 audit(1519302166.492:3): apparmor="STATUS" operation="profile_load" profile="unconfined" name="lxc-container-default-cgns" pid=559 comm="apparmor_parser"
Feb 22 08:22:50 ip-172-31-69-15 kernel: [    5.292310] audit: type=1400 audit(1519302166.492:4): apparmor="STATUS" operation="profile_load" profile="unconfined" name="lxc-container-default-with-mounting" pid=559 comm="apparmor_parser"
Feb 22 08:22:50 ip-172-31-69-15 kernel: [    5.292313] audit: type=1400 audit(1519302166.492:5): apparmor="STATUS" operation="profile_load" profile="unconfined" name="lxc-container-default-with-nesting" pid=559 comm="apparmor_parser"
Feb 22 08:22:50 ip-172-31-69-15 kernel: [    5.301896] audit: type=1400 audit(1519302166.500:6): apparmor="STATUS" operation="profile_load" profile="unconfined" name="/sbin/dhclient" pid=560 comm="apparmor_parser"
Feb 22 08:22:50 ip-172-31-69-15 kernel: [    5.301901] audit: type=1400 audit(1519302166.500:7): apparmor="STATUS" operation="profile_load" profile="unconfined" name="/usr/lib/NetworkManager/nm-dhcp-client.action" pid=560 comm="apparmor_parser"
Feb 22 08:22:50 ip-172-31-69-15 kernel: [    5.301904] audit: type=1400 audit(1519302166.500:8): apparmor="STATUS" operation="profile_load" profile="unconfined" name="/usr/lib/NetworkManager/nm-dhcp-helper" pid=560 comm="apparmor_parser"
Feb 22 08:22:50 ip-172-31-69-15 kernel: [    5.301908] audit: type=1400 audit(1519302166.500:9): apparmor="STATUS" operation="profile_load" profile="unconfined" name="/usr/lib/connman/scripts/dhclient-script" pid=560 comm="apparmor_parser"
Feb 22 08:22:50 ip-172-31-69-15 kernel: [    5.305259] audit: type=1400 audit(1519302166.504:10): apparmor="STATUS" operation="profile_load" profile="unconfined" name="/usr/bin/lxc-start" pid=561 comm="apparmor_parser"
Feb 22 08:22:50 ip-172-31-69-15 kernel: [    6.756928] ppdev: user-space parallel port driver
Feb 22 08:22:50 ip-172-31-69-15 kernel: [    7.720056] random: nonblocking pool is initialized
Feb 22 08:22:50 ip-172-31-69-15 kernel: [    8.806120] cgroup: new mount options do not match the existing superblock, will be ignored
Feb 22 08:22:50 ip-172-31-69-15 systemd[1]: Starting Snappy daemon...
Feb 22 08:22:50 ip-172-31-69-15 systemd[1]: Started System Logging Service.
Feb 22 08:22:50 ip-172-31-69-15 systemd[1]: Started iSCSI initiator daemon (iscsid).
Feb 22 08:22:50 ip-172-31-69-15 systemd[1]: Started /etc/rc.local Compatibility.
Feb 22 08:22:50 ip-172-31-69-15 dbus[1100]: [system] Activating via systemd: service name='org.freedesktop.PolicyKit1' unit='polkitd.service'
Feb 22 08:22:50 ip-172-31-69-15 systemd[1]: Started OpenBSD Secure Shell server.
Feb 22 08:22:50 ip-172-31-69-15 sensors[1165]: No sensors found!
Feb 22 08:22:50 ip-172-31-69-15 sensors[1165]: Make sure you loaded all the kernel drivers you need.
Feb 22 08:22:50 ip-172-31-69-15 sensors[1165]: Try sensors-detect to find out which these are.
Feb 22 08:22:50 ip-172-31-69-15 systemd[1]: Started Initialize hardware monitoring sensors.
Feb 22 08:22:50 ip-172-31-69-15 systemd[1]: Started LSB: Record successful boot for GRUB.
Feb 22 08:22:50 ip-172-31-69-15 mdadm[1155]:  * Starting MD monitoring service mdadm --monitor
Feb 22 08:22:50 ip-172-31-69-15 systemd[1]: Started Login Service.
Feb 22 08:22:50 ip-172-31-69-15 systemd[1]: Starting Authenticate and Authorize Users to Run Privileged Tasks...
Feb 22 08:22:50 ip-172-31-69-15 mdadm[1155]:    ...done.
Feb 22 08:22:50 ip-172-31-69-15 systemd[1]: Starting Login to default iSCSI targets...
Feb 22 08:22:50 ip-172-31-69-15 systemd[1]: Started LXD - container startup/shutdown.
Feb 22 08:22:50 ip-172-31-69-15 systemd[1]: Started LSB: MD monitoring daemon.
Feb 22 08:22:50 ip-172-31-69-15 polkitd[1180]: started daemon version 0.105 using authority implementation `local' version `0.105'
Feb 22 08:22:50 ip-172-31-69-15 dbus[1100]: [system] Successfully activated service 'org.freedesktop.PolicyKit1'
Feb 22 08:22:50 ip-172-31-69-15 systemd[1]: Started Authenticate and Authorize Users to Run Privileged Tasks.
Feb 22 08:22:50 ip-172-31-69-15 accounts-daemon[1118]: started daemon version 0.6.40
Feb 22 08:22:50 ip-172-31-69-15 systemd[1]: Started Accounts Service.
Feb 22 08:22:50 ip-172-31-69-15 iscsiadm[1193]: iscsiadm: No records found
Feb 22 08:22:50 ip-172-31-69-15 snapd[1161]: AppArmor status: apparmor is enabled and all features are available
Feb 22 08:22:50 ip-172-31-69-15 systemd[1]: Started Login to default iSCSI targets.
Feb 22 08:22:50 ip-172-31-69-15 snapd[1161]: 2018/02/22 08:22:50.411069 daemon.go:306: started snapd/2.29.4.2 (series 16; classic) ubuntu/16.04 (amd64) linux/4.4.0-1052-aws.
Feb 22 08:22:50 ip-172-31-69-15 systemd[1]: Started Snappy daemon.
Feb 22 08:22:50 ip-172-31-69-15 systemd[1]: Reached target Remote File Systems (Pre).
Feb 22 08:22:50 ip-172-31-69-15 systemd[1]: Reached target Remote File Systems.
Feb 22 08:22:50 ip-172-31-69-15 systemd[1]: Starting LSB: daemon to balance interrupts for SMP systems...
Feb 22 08:22:50 ip-172-31-69-15 systemd[1]: Starting Permit User Sessions...
Feb 22 08:22:50 ip-172-31-69-15 systemd[1]: Starting LSB: disk temperature monitoring daemon...
Feb 22 08:22:50 ip-172-31-69-15 systemd[1]: Starting LSB: Set the CPU Frequency Scaling governor to "ondemand"...
Feb 22 08:22:50 ip-172-31-69-15 systemd[1]: Starting LSB: automatic crash report generation...
Feb 22 08:22:50 ip-172-31-69-15 systemd[1]: Started Permit User Sessions.
Feb 22 08:22:50 ip-172-31-69-15 irqbalance[1200]:  * Starting SMP IRQ Balancer: irqbalance
Feb 22 08:22:50 ip-172-31-69-15 /usr/sbin/irqbalance: Balancing is ineffective on systems with a single cpu.  Shutting down
Feb 22 08:22:50 ip-172-31-69-15 irqbalance[1200]:    ...done.
Feb 22 08:22:50 ip-172-31-69-15 systemd[1]: Started LSB: daemon to balance interrupts for SMP systems.
Feb 22 08:22:50 ip-172-31-69-15 systemd[1]: Started LSB: disk temperature monitoring daemon.
Feb 22 08:22:50 ip-172-31-69-15 systemd[1]: Starting Hold until boot process finishes up...
Feb 22 08:22:50 ip-172-31-69-15 apport[1216]:  * Starting automatic crash report generation: apport
Feb 22 08:22:50 ip-172-31-69-15 systemd[1]: Starting Terminate Plymouth Boot Screen...
Feb 22 08:22:50 ip-172-31-69-15 systemd[1]: Started LSB: Set the CPU Frequency Scaling governor to "ondemand".
Feb 22 08:22:50 ip-172-31-69-15 systemd[1]: Started Hold until boot process finishes up.
Feb 22 08:22:50 ip-172-31-69-15 apport[1216]:    ...done.
Feb 22 08:22:50 ip-172-31-69-15 systemd[1]: Started Terminate Plymouth Boot Screen.
Feb 22 08:22:50 ip-172-31-69-15 systemd[1]: Started LSB: automatic crash report generation.
Feb 22 08:22:50 ip-172-31-69-15 systemd[1]: Started Serial Getty on ttyS0.
Feb 22 08:22:50 ip-172-31-69-15 systemd[1]: Started Getty on tty1.
Feb 22 08:22:50 ip-172-31-69-15 systemd[1]: Reached target Login Prompts.
Feb 22 08:22:50 ip-172-31-69-15 systemd[1]: Starting Set console scheme...
Feb 22 08:22:50 ip-172-31-69-15 systemd[1]: Reached target Multi-User System.
Feb 22 08:22:50 ip-172-31-69-15 systemd[1]: Reached target Graphical Interface.
Feb 22 08:22:50 ip-172-31-69-15 systemd[1]: Starting Update UTMP about System Runlevel Changes...
Feb 22 08:22:50 ip-172-31-69-15 systemd[1]: Started Set console scheme.
Feb 22 08:22:50 ip-172-31-69-15 systemd[1]: Started Update UTMP about System Runlevel Changes.
Feb 22 08:22:50 ip-172-31-69-15 cloud-init[1149]: Cloud-init v. 17.1 running 'modules:config' at Thu, 22 Feb 2018 12:22:50 +0000. Up 9.65 seconds.
Feb 22 08:22:51 ip-172-31-69-15 systemd[1]: Started Apply the settings specified in cloud-config.
Feb 22 08:22:51 ip-172-31-69-15 systemd[1]: Starting Execute cloud user/final scripts...
Feb 22 08:22:51 ip-172-31-69-15 cloud-init[1275]: Cloud-init v. 17.1 running 'modules:final' at Thu, 22 Feb 2018 12:22:51 +0000. Up 10.06 seconds.
Feb 22 08:22:51 ip-172-31-69-15 cloud-init[1275]: Cloud-init v. 17.1 finished at Thu, 22 Feb 2018 12:22:51 +0000. Datasource DataSourceEc2Local.  Up 10.17 seconds
Feb 22 08:22:51 ip-172-31-69-15 systemd[1]: Started Execute cloud user/final scripts.
Feb 22 08:22:51 ip-172-31-69-15 systemd[1]: Reached target Cloud-init target.
Feb 22 08:22:51 ip-172-31-69-15 systemd[1]: Startup finished in 3.863s (kernel) + 6.398s (userspace) = 10.262s.
Feb 22 08:23:16 ip-172-31-69-15 systemd-timesyncd[505]: Synchronized to time server 91.189.89.198:123 (ntp.ubuntu.com).
Feb 22 08:23:44 ip-172-31-69-15 systemd[1]: Created slice User Slice of ubuntu.
Feb 22 08:23:44 ip-172-31-69-15 systemd[1]: Starting User Manager for UID 1000...
Feb 22 08:23:44 ip-172-31-69-15 systemd[1]: Started Session 1 of user ubuntu.
Feb 22 08:23:44 ip-172-31-69-15 systemd[1293]: Reached target Timers.
Feb 22 08:23:44 ip-172-31-69-15 systemd[1293]: Reached target Paths.
Feb 22 08:23:44 ip-172-31-69-15 systemd[1293]: Reached target Sockets.
Feb 22 08:23:44 ip-172-31-69-15 systemd[1293]: Reached target Basic System.
Feb 22 08:23:44 ip-172-31-69-15 systemd[1293]: Reached target Default.
Feb 22 08:23:44 ip-172-31-69-15 systemd[1293]: Startup finished in 22ms.
Feb 22 08:23:44 ip-172-31-69-15 systemd[1]: Started User Manager for UID 1000.
Feb 22 08:24:05 ip-172-31-69-15 kernel: [   84.445742] Netfilter messages via NETLINK v0.30.
Feb 22 08:24:05 ip-172-31-69-15 kernel: [   84.453049] device eth0 entered promiscuous mode
Feb 22 08:37:43 ip-172-31-69-15 systemd[1]: Starting Cleanup of Temporary Directories...
Feb 22 08:37:43 ip-172-31-69-15 systemd-tmpfiles[1405]: [/usr/lib/tmpfiles.d/var.conf:14] Duplicate line for path "/var/log", ignoring.
Feb 22 08:37:43 ip-172-31-69-15 systemd[1]: Started Cleanup of Temporary Directories.
Feb 22 08:47:00 ip-172-31-69-15 dhclient[911]: DHCPREQUEST of 172.31.69.15 on eth0 to 172.31.69.1 port 67 (xid=0x77ff79f1)
Feb 22 08:47:00 ip-172-31-69-15 dhclient[911]: DHCPACK of 172.31.69.15 from 172.31.69.1
Feb 22 08:47:00 ip-172-31-69-15 dhclient[911]: bound to 172.31.69.15 -- renewal in 1772 seconds.
Feb 22 09:16:32 ip-172-31-69-15 dhclient[911]: DHCPREQUEST of 172.31.69.15 on eth0 to 172.31.69.1 port 67 (xid=0x77ff79f1)
Feb 22 09:16:32 ip-172-31-69-15 dhclient[911]: DHCPACK of 172.31.69.15 from 172.31.69.1
Feb 22 09:16:32 ip-172-31-69-15 dhclient[911]: bound to 172.31.69.15 -- renewal in 1721 seconds.
Feb 22 09:17:01 ip-172-31-69-15 CRON[1443]: (root) CMD (   cd / && run-parts --report /etc/cron.hourly)
Feb 22 09:45:13 ip-172-31-69-15 dhclient[911]: DHCPREQUEST of 172.31.69.15 on eth0 to 172.31.69.1 port 67 (xid=0x77ff79f1)
Feb 22 09:45:13 ip-172-31-69-15 dhclient[911]: DHCPACK of 172.31.69.15 from 172.31.69.1
Feb 22 09:45:13 ip-172-31-69-15 dhclient[911]: bound to 172.31.69.15 -- renewal in 1497 seconds.
Feb 22 10:10:10 ip-172-31-69-15 dhclient[911]: DHCPREQUEST of 172.31.69.15 on eth0 to 172.31.69.1 port 67 (xid=0x77ff79f1)
Feb 22 10:10:10 ip-172-31-69-15 dhclient[911]: DHCPACK of 172.31.69.15 from 172.31.69.1
Feb 22 10:10:10 ip-172-31-69-15 dhclient[911]: bound to 172.31.69.15 -- renewal in 1470 seconds.
Feb 22 10:17:01 ip-172-31-69-15 CRON[1470]: (root) CMD (   cd / && run-parts --report /etc/cron.hourly)
Feb 22 10:34:40 ip-172-31-69-15 dhclient[911]: DHCPREQUEST of 172.31.69.15 on eth0 to 172.31.69.1 port 67 (xid=0x77ff79f1)
Feb 22 10:34:40 ip-172-31-69-15 dhclient[911]: DHCPACK of 172.31.69.15 from 172.31.69.1
Feb 22 10:34:40 ip-172-31-69-15 dhclient[911]: bound to 172.31.69.15 -- renewal in 1646 seconds.
Feb 22 11:02:06 ip-172-31-69-15 dhclient[911]: DHCPREQUEST of 172.31.69.15 on eth0 to 172.31.69.1 port 67 (xid=0x77ff79f1)
Feb 22 11:02:06 ip-172-31-69-15 dhclient[911]: DHCPACK of 172.31.69.15 from 172.31.69.1
Feb 22 11:02:06 ip-172-31-69-15 dhclient[911]: bound to 172.31.69.15 -- renewal in 1356 seconds.
Feb 22 11:17:01 ip-172-31-69-15 CRON[1499]: (root) CMD (   cd / && run-parts --report /etc/cron.hourly)
Feb 22 11:24:42 ip-172-31-69-15 dhclient[911]: DHCPREQUEST of 172.31.69.15 on eth0 to 172.31.69.1 port 67 (xid=0x77ff79f1)
Feb 22 11:24:42 ip-172-31-69-15 dhclient[911]: DHCPACK of 172.31.69.15 from 172.31.69.1
Feb 22 11:24:42 ip-172-31-69-15 dhclient[911]: bound to 172.31.69.15 -- renewal in 1367 seconds.
Feb 22 11:47:29 ip-172-31-69-15 dhclient[911]: DHCPREQUEST of 172.31.69.15 on eth0 to 172.31.69.1 port 67 (xid=0x77ff79f1)
Feb 22 11:47:29 ip-172-31-69-15 dhclient[911]: DHCPACK of 172.31.69.15 from 172.31.69.1
Feb 22 11:47:29 ip-172-31-69-15 dhclient[911]: bound to 172.31.69.15 -- renewal in 1462 seconds.
Feb 22 12:11:51 ip-172-31-69-15 dhclient[911]: DHCPREQUEST of 172.31.69.15 on eth0 to 172.31.69.1 port 67 (xid=0x77ff79f1)
Feb 22 12:11:51 ip-172-31-69-15 dhclient[911]: DHCPACK of 172.31.69.15 from 172.31.69.1
Feb 22 12:11:51 ip-172-31-69-15 dhclient[911]: bound to 172.31.69.15 -- renewal in 1795 seconds.
Feb 22 12:17:01 ip-172-31-69-15 CRON[1552]: (root) CMD (   cd / && run-parts --report /etc/cron.hourly)
Feb 22 12:41:46 ip-172-31-69-15 dhclient[911]: DHCPREQUEST of 172.31.69.15 on eth0 to 172.31.69.1 port 67 (xid=0x77ff79f1)
Feb 22 12:41:46 ip-172-31-69-15 dhclient[911]: DHCPACK of 172.31.69.15 from 172.31.69.1
Feb 22 12:41:46 ip-172-31-69-15 dhclient[911]: bound to 172.31.69.15 -- renewal in 1479 seconds.
Feb 22 13:06:25 ip-172-31-69-15 dhclient[911]: DHCPREQUEST of 172.31.69.15 on eth0 to 172.31.69.1 port 67 (xid=0x77ff79f1)
Feb 22 13:06:25 ip-172-31-69-15 dhclient[911]: DHCPACK of 172.31.69.15 from 172.31.69.1
Feb 22 13:06:25 ip-172-31-69-15 dhclient[911]: bound to 172.31.69.15 -- renewal in 1521 seconds.
Feb 22 13:17:01 ip-172-31-69-15 CRON[1643]: (root) CMD (   cd / && run-parts --report /etc/cron.hourly)
Feb 22 13:30:00 ip-172-31-69-15 systemd-timesyncd[505]: Synchronized to time server 91.189.89.199:123 (ntp.ubuntu.com).
Feb 22 13:31:46 ip-172-31-69-15 dhclient[911]: DHCPREQUEST of 172.31.69.15 on eth0 to 172.31.69.1 port 67 (xid=0x77ff79f1)
Feb 22 13:31:46 ip-172-31-69-15 dhclient[911]: DHCPACK of 172.31.69.15 from 172.31.69.1
Feb 22 13:31:46 ip-172-31-69-15 dhclient[911]: bound to 172.31.69.15 -- renewal in 1751 seconds.
Feb 22 13:47:01 ip-172-31-69-15 CRON[1664]: (root) CMD (nohup tcpdump > /home/ubuntu/capture/dump$(hostname -I) &  )
Feb 22 14:00:57 ip-172-31-69-15 dhclient[911]: DHCPREQUEST of 172.31.69.15 on eth0 to 172.31.69.1 port 67 (xid=0x77ff79f1)
Feb 22 14:00:57 ip-172-31-69-15 dhclient[911]: DHCPACK of 172.31.69.15 from 172.31.69.1
Feb 22 14:00:57 ip-172-31-69-15 dhclient[911]: bound to 172.31.69.15 -- renewal in 1613 seconds.
Feb 22 14:17:01 ip-172-31-69-15 CRON[1829]: (root) CMD (   cd / && run-parts --report /etc/cron.hourly)
Feb 22 14:27:50 ip-172-31-69-15 dhclient[911]: DHCPREQUEST of 172.31.69.15 on eth0 to 172.31.69.1 port 67 (xid=0x77ff79f1)
Feb 22 14:27:50 ip-172-31-69-15 dhclient[911]: DHCPACK of 172.31.69.15 from 172.31.69.1
Feb 22 14:27:50 ip-172-31-69-15 dhclient[911]: bound to 172.31.69.15 -- renewal in 1778 seconds.
Feb 22 14:57:29 ip-172-31-69-15 dhclient[911]: DHCPREQUEST of 172.31.69.15 on eth0 to 172.31.69.1 port 67 (xid=0x77ff79f1)
Feb 22 14:57:29 ip-172-31-69-15 dhclient[911]: DHCPACK of 172.31.69.15 from 172.31.69.1
Feb 22 14:57:29 ip-172-31-69-15 dhclient[911]: bound to 172.31.69.15 -- renewal in 1449 seconds.
Feb 22 15:17:01 ip-172-31-69-15 CRON[1879]: (root) CMD (   cd / && run-parts --report /etc/cron.hourly)
Feb 22 15:21:38 ip-172-31-69-15 dhclient[911]: DHCPREQUEST of 172.31.69.15 on eth0 to 172.31.69.1 port 67 (xid=0x77ff79f1)
Feb 22 15:21:38 ip-172-31-69-15 dhclient[911]: DHCPACK of 172.31.69.15 from 172.31.69.1
Feb 22 15:21:38 ip-172-31-69-15 dhclient[911]: bound to 172.31.69.15 -- renewal in 1799 seconds.
Feb 22 15:51:37 ip-172-31-69-15 dhclient[911]: DHCPREQUEST of 172.31.69.15 on eth0 to 172.31.69.1 port 67 (xid=0x77ff79f1)
Feb 22 15:51:37 ip-172-31-69-15 dhclient[911]: DHCPACK of 172.31.69.15 from 172.31.69.1
Feb 22 15:51:37 ip-172-31-69-15 dhclient[911]: bound to 172.31.69.15 -- renewal in 1750 seconds.
Feb 22 16:14:02 ip-172-31-69-15 systemd[1]: Starting Daily apt download activities...
Feb 22 16:14:02 ip-172-31-69-15 systemd[1]: Started Daily apt download activities.
Feb 22 16:17:01 ip-172-31-69-15 CRON[2012]: (root) CMD (   cd / && run-parts --report /etc/cron.hourly)
Feb 22 16:20:47 ip-172-31-69-15 dhclient[911]: DHCPREQUEST of 172.31.69.15 on eth0 to 172.31.69.1 port 67 (xid=0x77ff79f1)
Feb 22 16:20:47 ip-172-31-69-15 dhclient[911]: DHCPACK of 172.31.69.15 from 172.31.69.1
Feb 22 16:20:47 ip-172-31-69-15 dhclient[911]: bound to 172.31.69.15 -- renewal in 1789 seconds.
Feb 22 16:50:36 ip-172-31-69-15 dhclient[911]: DHCPREQUEST of 172.31.69.15 on eth0 to 172.31.69.1 port 67 (xid=0x77ff79f1)
Feb 22 16:50:36 ip-172-31-69-15 dhclient[911]: DHCPACK of 172.31.69.15 from 172.31.69.1
Feb 22 16:50:36 ip-172-31-69-15 dhclient[911]: bound to 172.31.69.15 -- renewal in 1587 seconds.
Feb 22 17:17:01 ip-172-31-69-15 CRON[2081]: (root) CMD (   cd / && run-parts --report /etc/cron.hourly)
Feb 22 17:17:03 ip-172-31-69-15 dhclient[911]: DHCPREQUEST of 172.31.69.15 on eth0 to 172.31.69.1 port 67 (xid=0x77ff79f1)
Feb 22 17:17:03 ip-172-31-69-15 dhclient[911]: DHCPACK of 172.31.69.15 from 172.31.69.1
Feb 22 17:17:03 ip-172-31-69-15 dhclient[911]: bound to 172.31.69.15 -- renewal in 1624 seconds.
