Feb 20 06:29:28 ip-172-31-69-21 systemd[1]: Starting Daily apt download activities...
Feb 20 06:29:33 ip-172-31-69-21 systemd[1]: Started Daily apt download activities.
Feb 20 06:36:43 ip-172-31-69-21 systemd[1]: Starting Daily apt upgrade and clean activities...
Feb 20 06:36:46 ip-172-31-69-21 systemd[1]: Started Daily apt upgrade and clean activities.
Feb 20 06:41:38 ip-172-31-69-21 dhclient[936]: DHCPREQUEST of 172.31.69.21 on eth0 to 172.31.69.1 port 67 (xid=0x2f90716c)
Feb 20 06:41:38 ip-172-31-69-21 dhclient[936]: DHCPACK of 172.31.69.21 from 172.31.69.1
Feb 20 06:41:38 ip-172-31-69-21 dhclient[936]: bound to 172.31.69.21 -- renewal in 1687 seconds.
Feb 20 07:09:45 ip-172-31-69-21 dhclient[936]: DHCPREQUEST of 172.31.69.21 on eth0 to 172.31.69.1 port 67 (xid=0x2f90716c)
Feb 20 07:09:45 ip-172-31-69-21 dhclient[936]: DHCPACK of 172.31.69.21 from 172.31.69.1
Feb 20 07:09:45 ip-172-31-69-21 dhclient[936]: bound to 172.31.69.21 -- renewal in 1531 seconds.
Feb 20 07:17:01 ip-172-31-69-21 CRON[5790]: (root) CMD (   cd / && run-parts --report /etc/cron.hourly)
Feb 20 07:35:17 ip-172-31-69-21 dhclient[936]: DHCPREQUEST of 172.31.69.21 on eth0 to 172.31.69.1 port 67 (xid=0x2f90716c)
Feb 20 07:35:20 ip-172-31-69-21 dhclient[936]: DHCPREQUEST of 172.31.69.21 on eth0 to 172.31.69.1 port 67 (xid=0x2f90716c)
Feb 20 07:35:20 ip-172-31-69-21 dhclient[936]: DHCPACK of 172.31.69.21 from 172.31.69.1
Feb 20 07:35:20 ip-172-31-69-21 dhclient[936]: bound to 172.31.69.21 -- renewal in 1368 seconds.
Feb 20 07:58:08 ip-172-31-69-21 dhclient[936]: DHCPREQUEST of 172.31.69.21 on eth0 to 172.31.69.1 port 67 (xid=0x2f90716c)
Feb 20 07:58:08 ip-172-31-69-21 dhclient[936]: DHCPACK of 172.31.69.21 from 172.31.69.1
Feb 20 07:58:08 ip-172-31-69-21 dhclient[936]: bound to 172.31.69.21 -- renewal in 1732 seconds.
Feb 20 08:17:01 ip-172-31-69-21 CRON[5854]: (root) CMD (   cd / && run-parts --report /etc/cron.hourly)
Feb 20 08:27:00 ip-172-31-69-21 dhclient[936]: DHCPREQUEST of 172.31.69.21 on eth0 to 172.31.69.1 port 67 (xid=0x2f90716c)
Feb 20 08:27:00 ip-172-31-69-21 dhclient[936]: DHCPACK of 172.31.69.21 from 172.31.69.1
Feb 20 08:27:00 ip-172-31-69-21 dhclient[936]: bound to 172.31.69.21 -- renewal in 1688 seconds.
Feb 20 08:27:37 ip-172-31-69-21 systemd[1]: Received SIGINT.
Feb 20 08:27:37 ip-172-31-69-21 systemd[1]: Stopping ACPI event daemon...
Feb 20 08:27:37 ip-172-31-69-21 systemd[1]: Stopped target Cloud-init target.
Feb 20 08:27:37 ip-172-31-69-21 systemd[1]: Closed Load/Save RF Kill Switch Status /dev/rfkill Watch.
Feb 20 08:27:37 ip-172-31-69-21 systemd[1]: Stopped target Graphical Interface.
Feb 20 08:27:37 ip-172-31-69-21 systemd[1]: Stopped target Timers.
Feb 20 08:27:37 ip-172-31-69-21 systemd[1]: Stopped Timer to automatically refresh installed snaps.
Feb 20 08:27:37 ip-172-31-69-21 systemd[1]: Stopped Daily apt upgrade and clean activities.
Feb 20 08:27:37 ip-172-31-69-21 systemd[1]: Stopped Execute cloud user/final scripts.
Feb 20 08:27:37 ip-172-31-69-21 systemd[1]: Stopped Apply the settings specified in cloud-config.
Feb 20 08:27:37 ip-172-31-69-21 systemd[1]: Stopped target Multi-User System.
Feb 20 08:27:37 ip-172-31-69-21 systemd[1]: Stopping OpenBSD Secure Shell server...
Feb 20 08:27:37 ip-172-31-69-21 systemd[1]: Stopped Initialize hardware monitoring sensors.
Feb 20 08:27:37 ip-172-31-69-21 systemd[1]: Stopping LSB: MD monitoring daemon...
Feb 20 08:27:37 ip-172-31-69-21 systemd[1]: Stopping LSB: Record successful boot for GRUB...
Feb 20 06:25:01 ip-172-31-69-21 rsyslogd: message repeated 2 times: [ [origin software="rsyslogd" swVersion="8.16.0" x-pid="1144" x-info="http://www.rsyslog.com"] rsyslogd was HUPed]
Feb 20 08:27:37 ip-172-31-69-21 rsyslogd: [origin software="rsyslogd" swVersion="8.16.0" x-pid="1144" x-info="http://www.rsyslog.com"] exiting on signal 15.
Feb 20 08:28:12 ip-172-31-69-21 rsyslogd: [origin software="rsyslogd" swVersion="8.16.0" x-pid="1137" x-info="http://www.rsyslog.com"] start
Feb 20 08:28:12 ip-172-31-69-21 rsyslogd-2222: command 'KLogPermitNonKernelFacility' is currently not permitted - did you already set it via a RainerScript command (v6+ config)? [v8.16.0 try http://www.rsyslog.com/e/2222 ]
Feb 20 08:28:12 ip-172-31-69-21 rsyslogd: rsyslogd's groupid changed to 108
Feb 20 08:28:12 ip-172-31-69-21 rsyslogd: rsyslogd's userid changed to 104
Feb 20 08:28:12 ip-172-31-69-21 rsyslogd-2039: Could not open output pipe '/dev/xconsole':: No such file or directory [v8.16.0 try http://www.rsyslog.com/e/2039 ]
Feb 20 08:28:12 ip-172-31-69-21 rsyslogd-2007: action 'action 11' suspended, next retry is Tue Feb 20 08:28:42 2018 [v8.16.0 try http://www.rsyslog.com/e/2007 ]
Feb 20 08:28:12 ip-172-31-69-21 kernel: [    0.000000] Initializing cgroup subsys cpuset
Feb 20 08:28:12 ip-172-31-69-21 kernel: [    0.000000] Initializing cgroup subsys cpu
Feb 20 08:28:12 ip-172-31-69-21 kernel: [    0.000000] Initializing cgroup subsys cpuacct
Feb 20 08:28:12 ip-172-31-69-21 kernel: [    0.000000] Linux version 4.4.0-1049-aws (buildd@lcy01-amd64-001) (gcc version 5.4.0 20160609 (Ubuntu 5.4.0-6ubuntu1~16.04.5) ) #58-Ubuntu SMP Fri Jan 12 23:17:09 UTC 2018 (Ubuntu 4.4.0-1049.58-aws 4.4.98)
Feb 20 08:28:12 ip-172-31-69-21 kernel: [    0.000000] Command line: BOOT_IMAGE=/boot/vmlinuz-4.4.0-1049-aws root=UUID=ccee1a8d-0785-4b3a-a578-812d59f5d3e1 ro console=tty1 console=ttyS0 nvme.io_timeout=4294967295
Feb 20 08:28:12 ip-172-31-69-21 kernel: [    0.000000] KERNEL supported cpus:
Feb 20 08:28:12 ip-172-31-69-21 kernel: [    0.000000]   Intel GenuineIntel
Feb 20 08:28:12 ip-172-31-69-21 kernel: [    0.000000]   AMD AuthenticAMD
Feb 20 08:28:12 ip-172-31-69-21 kernel: [    0.000000]   Centaur CentaurHauls
Feb 20 08:28:12 ip-172-31-69-21 kernel: [    0.000000] x86/fpu: xstate_offset[2]:  576, xstate_sizes[2]:  256
Feb 20 08:28:12 ip-172-31-69-21 kernel: [    0.000000] x86/fpu: Supporting XSAVE feature 0x01: 'x87 floating point registers'
Feb 20 08:28:12 ip-172-31-69-21 kernel: [    0.000000] x86/fpu: Supporting XSAVE feature 0x02: 'SSE registers'
Feb 20 08:28:12 ip-172-31-69-21 kernel: [    0.000000] x86/fpu: Supporting XSAVE feature 0x04: 'AVX registers'
Feb 20 08:28:12 ip-172-31-69-21 kernel: [    0.000000] x86/fpu: Enabled xstate features 0x7, context size is 832 bytes, using 'standard' format.
Feb 20 08:28:12 ip-172-31-69-21 kernel: [    0.000000] x86/fpu: Using 'eager' FPU context switches.
Feb 20 08:28:12 ip-172-31-69-21 kernel: [    0.000000] e820: BIOS-provided physical RAM map:
Feb 20 08:28:12 ip-172-31-69-21 kernel: [    0.000000] BIOS-e820: [mem 0x0000000000000000-0x000000000009dfff] usable
Feb 20 08:28:12 ip-172-31-69-21 kernel: [    0.000000] BIOS-e820: [mem 0x000000000009e000-0x000000000009ffff] reserved
Feb 20 08:28:12 ip-172-31-69-21 kernel: [    0.000000] BIOS-e820: [mem 0x00000000000e0000-0x00000000000fffff] reserved
Feb 20 08:28:12 ip-172-31-69-21 kernel: [    0.000000] BIOS-e820: [mem 0x0000000000100000-0x000000003fffffff] usable
Feb 20 08:28:12 ip-172-31-69-21 kernel: [    0.000000] BIOS-e820: [mem 0x00000000fc000000-0x00000000ffffffff] reserved
Feb 20 08:28:12 ip-172-31-69-21 kernel: [    0.000000] NX (Execute Disable) protection: active
Feb 20 08:28:12 ip-172-31-69-21 kernel: [    0.000000] SMBIOS 2.7 present.
Feb 20 08:28:12 ip-172-31-69-21 kernel: [    0.000000] DMI: Xen HVM domU, BIOS 4.2.amazon 08/24/2006
Feb 20 08:28:12 ip-172-31-69-21 kernel: [    0.000000] Hypervisor detected: Xen
Feb 20 08:28:12 ip-172-31-69-21 kernel: [    0.000000] Xen version 4.2.
Feb 20 08:28:12 ip-172-31-69-21 kernel: [    0.000000] Xen Platform PCI: I/O protocol version 1
Feb 20 08:28:12 ip-172-31-69-21 kernel: [    0.000000] Netfront and the Xen platform PCI driver have been compiled for this kernel: unplug emulated NICs.
Feb 20 08:28:12 ip-172-31-69-21 kernel: [    0.000000] Blkfront and the Xen platform PCI driver have been compiled for this kernel: unplug emulated disks.
Feb 20 08:28:12 ip-172-31-69-21 kernel: [    0.000000] You might have to change the root device
Feb 20 08:28:12 ip-172-31-69-21 kernel: [    0.000000] from /dev/hd[a-d] to /dev/xvd[a-d]
Feb 20 08:28:12 ip-172-31-69-21 kernel: [    0.000000] in your root= kernel command line option
Feb 20 08:28:12 ip-172-31-69-21 kernel: [    0.000000] HVMOP_pagetable_dying not supported
Feb 20 08:28:12 ip-172-31-69-21 kernel: [    0.000000] e820: update [mem 0x00000000-0x00000fff] usable ==> reserved
Feb 20 08:28:12 ip-172-31-69-21 kernel: [    0.000000] e820: remove [mem 0x000a0000-0x000fffff] usable
Feb 20 08:28:12 ip-172-31-69-21 kernel: [    0.000000] e820: last_pfn = 0x40000 max_arch_pfn = 0x400000000
Feb 20 08:28:12 ip-172-31-69-21 kernel: [    0.000000] MTRR default type: write-back
Feb 20 08:28:12 ip-172-31-69-21 kernel: [    0.000000] MTRR fixed ranges enabled:
Feb 20 08:28:12 ip-172-31-69-21 kernel: [    0.000000]   00000-9FFFF write-back
Feb 20 08:28:12 ip-172-31-69-21 kernel: [    0.000000]   A0000-BFFFF write-combining
Feb 20 08:28:12 ip-172-31-69-21 kernel: [    0.000000]   C0000-FFFFF write-back
Feb 20 08:28:12 ip-172-31-69-21 kernel: [    0.000000] MTRR variable ranges enabled:
Feb 20 08:28:12 ip-172-31-69-21 kernel: [    0.000000]   0 base 0000F0000000 mask 3FFFF8000000 uncachable
Feb 20 08:28:12 ip-172-31-69-21 kernel: [    0.000000]   1 base 0000F8000000 mask 3FFFFC000000 uncachable
Feb 20 08:28:12 ip-172-31-69-21 kernel: [    0.000000]   2 disabled
Feb 20 08:28:12 ip-172-31-69-21 kernel: [    0.000000]   3 disabled
Feb 20 08:28:12 ip-172-31-69-21 kernel: [    0.000000]   4 disabled
Feb 20 08:28:12 ip-172-31-69-21 kernel: [    0.000000]   5 disabled
Feb 20 08:28:12 ip-172-31-69-21 kernel: [    0.000000]   6 disabled
Feb 20 08:28:12 ip-172-31-69-21 kernel: [    0.000000]   7 disabled
Feb 20 08:28:12 ip-172-31-69-21 kernel: [    0.000000] x86/PAT: Configuration [0-7]: WB  WC  UC- UC  WB  WC  UC- WT  
Feb 20 08:28:12 ip-172-31-69-21 kernel: [    0.000000] found SMP MP-table at [mem 0x000fbc20-0x000fbc2f] mapped at [ffff8800000fbc20]
Feb 20 08:28:12 ip-172-31-69-21 kernel: [    0.000000] Scanning 1 areas for low memory corruption
Feb 20 08:28:12 ip-172-31-69-21 kernel: [    0.000000] Base memory trampoline at [ffff880000098000] 98000 size 24576
Feb 20 08:28:12 ip-172-31-69-21 kernel: [    0.000000] BRK [0x02201000, 0x02201fff] PGTABLE
Feb 20 08:28:12 ip-172-31-69-21 kernel: [    0.000000] BRK [0x02202000, 0x02202fff] PGTABLE
Feb 20 08:28:12 ip-172-31-69-21 kernel: [    0.000000] BRK [0x02203000, 0x02203fff] PGTABLE
Feb 20 08:28:12 ip-172-31-69-21 kernel: [    0.000000] RAMDISK: [mem 0x367e6000-0x373eafff]
Feb 20 08:28:12 ip-172-31-69-21 kernel: [    0.000000] ACPI: Early table checksum verification disabled
Feb 20 08:28:12 ip-172-31-69-21 kernel: [    0.000000] ACPI: RSDP 0x00000000000EA020 000024 (v02 Xen   )
Feb 20 08:28:12 ip-172-31-69-21 kernel: [    0.000000] ACPI: XSDT 0x00000000FC00DDC0 000054 (v01 Xen    HVM      00000000 HVML 00000000)
Feb 20 08:28:12 ip-172-31-69-21 kernel: [    0.000000] ACPI: FACP 0x00000000FC00DA80 0000F4 (v04 Xen    HVM      00000000 HVML 00000000)
Feb 20 08:28:12 ip-172-31-69-21 kernel: [    0.000000] ACPI: DSDT 0x00000000FC001CE0 00BD19 (v02 Xen    HVM      00000000 INTL 20090123)
Feb 20 08:28:12 ip-172-31-69-21 kernel: [    0.000000] ACPI: FACS 0x00000000FC001CA0 000040
Feb 20 08:28:12 ip-172-31-69-21 kernel: [    0.000000] ACPI: FACS 0x00000000FC001CA0 000040
Feb 20 08:28:12 ip-172-31-69-21 kernel: [    0.000000] ACPI: APIC 0x00000000FC00DB80 0000D8 (v02 Xen    HVM      00000000 HVML 00000000)
Feb 20 08:28:12 ip-172-31-69-21 kernel: [    0.000000] ACPI: HPET 0x00000000FC00DCD0 000038 (v01 Xen    HVM      00000000 HVML 00000000)
Feb 20 08:28:12 ip-172-31-69-21 kernel: [    0.000000] ACPI: WAET 0x00000000FC00DD10 000028 (v01 Xen    HVM      00000000 HVML 00000000)
Feb 20 08:28:12 ip-172-31-69-21 kernel: [    0.000000] ACPI: SSDT 0x00000000FC00DD40 000031 (v02 Xen    HVM      00000000 INTL 20090123)
Feb 20 08:28:12 ip-172-31-69-21 kernel: [    0.000000] ACPI: SSDT 0x00000000FC00DD80 000031 (v02 Xen    HVM      00000000 INTL 20090123)
Feb 20 08:28:12 ip-172-31-69-21 kernel: [    0.000000] ACPI: Local APIC address 0xfee00000
Feb 20 08:28:12 ip-172-31-69-21 kernel: [    0.000000] No NUMA configuration found
Feb 20 08:28:12 ip-172-31-69-21 kernel: [    0.000000] Faking a node at [mem 0x0000000000000000-0x000000003fffffff]
Feb 20 08:28:12 ip-172-31-69-21 kernel: [    0.000000] NODE_DATA(0) allocated [mem 0x3fffb000-0x3fffffff]
Feb 20 08:28:12 ip-172-31-69-21 kernel: [    0.000000] Zone ranges:
Feb 20 08:28:12 ip-172-31-69-21 kernel: [    0.000000]   DMA      [mem 0x0000000000001000-0x0000000000ffffff]
Feb 20 08:28:12 ip-172-31-69-21 kernel: [    0.000000]   DMA32    [mem 0x0000000001000000-0x000000003fffffff]
Feb 20 08:28:12 ip-172-31-69-21 kernel: [    0.000000]   Normal   empty
Feb 20 08:28:12 ip-172-31-69-21 kernel: [    0.000000]   Device   empty
Feb 20 08:28:12 ip-172-31-69-21 kernel: [    0.000000] Movable zone start for each node
Feb 20 08:28:12 ip-172-31-69-21 kernel: [    0.000000] Early memory node ranges
Feb 20 08:28:12 ip-172-31-69-21 kernel: [    0.000000]   node   0: [mem 0x0000000000001000-0x000000000009dfff]
Feb 20 08:28:12 ip-172-31-69-21 kernel: [    0.000000]   node   0: [mem 0x0000000000100000-0x000000003fffffff]
Feb 20 08:28:12 ip-172-31-69-21 kernel: [    0.000000] Initmem setup node 0 [mem 0x0000000000001000-0x000000003fffffff]
Feb 20 08:28:12 ip-172-31-69-21 kernel: [    0.000000] On node 0 totalpages: 262045
Feb 20 08:28:12 ip-172-31-69-21 kernel: [    0.000000]   DMA zone: 64 pages used for memmap
Feb 20 08:28:12 ip-172-31-69-21 kernel: [    0.000000]   DMA zone: 21 pages reserved
Feb 20 08:28:12 ip-172-31-69-21 kernel: [    0.000000]   DMA zone: 3997 pages, LIFO batch:0
Feb 20 08:28:12 ip-172-31-69-21 kernel: [    0.000000]   DMA32 zone: 4032 pages used for memmap
Feb 20 08:28:12 ip-172-31-69-21 kernel: [    0.000000]   DMA32 zone: 258048 pages, LIFO batch:31
Feb 20 08:28:12 ip-172-31-69-21 kernel: [    0.000000] ACPI: PM-Timer IO Port: 0xb008
Feb 20 08:28:12 ip-172-31-69-21 kernel: [    0.000000] ACPI: Local APIC address 0xfee00000
Feb 20 08:28:12 ip-172-31-69-21 kernel: [    0.000000] IOAPIC[0]: apic_id 1, version 17, address 0xfec00000, GSI 0-47
Feb 20 08:28:12 ip-172-31-69-21 kernel: [    0.000000] ACPI: INT_SRC_OVR (bus 0 bus_irq 0 global_irq 2 dfl dfl)
Feb 20 08:28:12 ip-172-31-69-21 kernel: [    0.000000] ACPI: INT_SRC_OVR (bus 0 bus_irq 5 global_irq 5 low level)
Feb 20 08:28:12 ip-172-31-69-21 kernel: [    0.000000] ACPI: INT_SRC_OVR (bus 0 bus_irq 10 global_irq 10 low level)
Feb 20 08:28:12 ip-172-31-69-21 kernel: [    0.000000] ACPI: INT_SRC_OVR (bus 0 bus_irq 11 global_irq 11 low level)
Feb 20 08:28:12 ip-172-31-69-21 kernel: [    0.000000] ACPI: IRQ0 used by override.
Feb 20 08:28:12 ip-172-31-69-21 kernel: [    0.000000] ACPI: IRQ5 used by override.
Feb 20 08:28:12 ip-172-31-69-21 kernel: [    0.000000] ACPI: IRQ9 used by override.
Feb 20 08:28:12 ip-172-31-69-21 kernel: [    0.000000] ACPI: IRQ10 used by override.
Feb 20 08:28:12 ip-172-31-69-21 kernel: [    0.000000] ACPI: IRQ11 used by override.
Feb 20 08:28:12 ip-172-31-69-21 kernel: [    0.000000] Using ACPI (MADT) for SMP configuration information
Feb 20 08:28:12 ip-172-31-69-21 kernel: [    0.000000] ACPI: HPET id: 0x8086a201 base: 0xfed00000
Feb 20 08:28:12 ip-172-31-69-21 kernel: [    0.000000] smpboot: Allowing 15 CPUs, 14 hotplug CPUs
Feb 20 08:28:12 ip-172-31-69-21 kernel: [    0.000000] PM: Registered nosave memory: [mem 0x00000000-0x00000fff]
Feb 20 08:28:12 ip-172-31-69-21 kernel: [    0.000000] PM: Registered nosave memory: [mem 0x0009e000-0x0009ffff]
Feb 20 08:28:12 ip-172-31-69-21 kernel: [    0.000000] PM: Registered nosave memory: [mem 0x000a0000-0x000dffff]
Feb 20 08:28:12 ip-172-31-69-21 kernel: [    0.000000] PM: Registered nosave memory: [mem 0x000e0000-0x000fffff]
Feb 20 08:28:12 ip-172-31-69-21 kernel: [    0.000000] e820: [mem 0x40000000-0xfbffffff] available for PCI devices
Feb 20 08:28:12 ip-172-31-69-21 kernel: [    0.000000] Booting paravirtualized kernel on Xen HVM
Feb 20 08:28:12 ip-172-31-69-21 kernel: [    0.000000] clocksource: refined-jiffies: mask: 0xffffffff max_cycles: 0xffffffff, max_idle_ns: 7645519600211568 ns
Feb 20 08:28:12 ip-172-31-69-21 kernel: [    0.000000] setup_percpu: NR_CPUS:256 nr_cpumask_bits:256 nr_cpu_ids:15 nr_node_ids:1
Feb 20 08:28:12 ip-172-31-69-21 kernel: [    0.000000] PERCPU: Embedded 34 pages/cpu @ffff88003e200000 s99160 r8192 d31912 u262144
Feb 20 08:28:12 ip-172-31-69-21 kernel: [    0.000000] pcpu-alloc: s99160 r8192 d31912 u262144 alloc=1*2097152
Feb 20 08:28:12 ip-172-31-69-21 kernel: [    0.000000] pcpu-alloc: [0] 00 01 02 03 04 05 06 07 [0] 08 09 10 11 12 13 14 -- 
Feb 20 08:28:12 ip-172-31-69-21 kernel: [    0.000000] xen: PV spinlocks enabled
Feb 20 08:28:12 ip-172-31-69-21 kernel: [    0.000000] PV qspinlock hash table entries: 256 (order: 0, 4096 bytes)
Feb 20 08:28:12 ip-172-31-69-21 kernel: [    0.000000] Built 1 zonelists in Node order, mobility grouping on.  Total pages: 257928
Feb 20 08:28:12 ip-172-31-69-21 kernel: [    0.000000] Policy zone: DMA32
Feb 20 08:28:12 ip-172-31-69-21 kernel: [    0.000000] Kernel command line: BOOT_IMAGE=/boot/vmlinuz-4.4.0-1049-aws root=UUID=ccee1a8d-0785-4b3a-a578-812d59f5d3e1 ro console=tty1 console=ttyS0 nvme.io_timeout=4294967295
Feb 20 08:28:12 ip-172-31-69-21 kernel: [    0.000000] PID hash table entries: 4096 (order: 3, 32768 bytes)
Feb 20 08:28:12 ip-172-31-69-21 kernel: [    0.000000] Calgary: detecting Calgary via BIOS EBDA area
Feb 20 08:28:12 ip-172-31-69-21 kernel: [    0.000000] Calgary: Unable to locate Rio Grande table in EBDA - bailing!
Feb 20 08:28:12 ip-172-31-69-21 kernel: [    0.000000] Memory: 998628K/1048180K available (8320K kernel code, 1276K rwdata, 3872K rodata, 1484K init, 1288K bss, 49552K reserved, 0K cma-reserved)
Feb 20 08:28:12 ip-172-31-69-21 kernel: [    0.000000] SLUB: HWalign=64, Order=0-3, MinObjects=0, CPUs=15, Nodes=1
Feb 20 08:28:12 ip-172-31-69-21 kernel: [    0.000000] Kernel/User page tables isolation: enabled
Feb 20 08:28:12 ip-172-31-69-21 kernel: [    0.000000] Hierarchical RCU implementation.
Feb 20 08:28:12 ip-172-31-69-21 kernel: [    0.000000] 	Build-time adjustment of leaf fanout to 64.
Feb 20 08:28:12 ip-172-31-69-21 kernel: [    0.000000] 	RCU restricting CPUs from NR_CPUS=256 to nr_cpu_ids=15.
Feb 20 08:28:12 ip-172-31-69-21 kernel: [    0.000000] RCU: Adjusting geometry for rcu_fanout_leaf=64, nr_cpu_ids=15
Feb 20 08:28:12 ip-172-31-69-21 kernel: [    0.000000] NR_IRQS:16640 nr_irqs:952 16
Feb 20 08:28:12 ip-172-31-69-21 kernel: [    0.000000] xen:events: Using 2-level ABI
Feb 20 08:28:12 ip-172-31-69-21 kernel: [    0.000000] xen:events: Xen HVM callback vector for event delivery is enabled
Feb 20 08:28:12 ip-172-31-69-21 kernel: [    0.000000] Console: colour VGA+ 80x25
Feb 20 08:28:12 ip-172-31-69-21 kernel: [    0.000000] console [tty1] enabled
Feb 20 08:28:12 ip-172-31-69-21 kernel: [    0.000000] Cannot get hvm parameter CONSOLE_EVTCHN (18): -22!
Feb 20 08:28:12 ip-172-31-69-21 kernel: [    0.000000] console [ttyS0] enabled
Feb 20 08:28:12 ip-172-31-69-21 kernel: [    0.000000] clocksource: hpet: mask: 0xffffffff max_cycles: 0xffffffff, max_idle_ns: 30580167144 ns
Feb 20 08:28:12 ip-172-31-69-21 kernel: [    0.000000] hpet clockevent registered
Feb 20 08:28:12 ip-172-31-69-21 kernel: [    0.000000] tsc: Detected 2400.050 MHz processor
Feb 20 08:28:12 ip-172-31-69-21 kernel: [    0.016000] Calibrating delay loop (skipped), value calculated using timer frequency.. 4800.10 BogoMIPS (lpj=9600200)
Feb 20 08:28:12 ip-172-31-69-21 kernel: [    0.024004] pid_max: default: 32768 minimum: 301
Feb 20 08:28:12 ip-172-31-69-21 kernel: [    0.028015] ACPI: Core revision 20150930
Feb 20 08:28:12 ip-172-31-69-21 kernel: [    0.039171] ACPI: 3 ACPI AML tables successfully acquired and loaded
Feb 20 08:28:12 ip-172-31-69-21 kernel: [    0.045079] Security Framework initialized
Feb 20 08:28:12 ip-172-31-69-21 kernel: [    0.048003] Yama: becoming mindful.
Feb 20 08:28:12 ip-172-31-69-21 kernel: [    0.052027] AppArmor: AppArmor initialized
Feb 20 08:28:12 ip-172-31-69-21 kernel: [    0.056098] Dentry cache hash table entries: 131072 (order: 8, 1048576 bytes)
Feb 20 08:28:12 ip-172-31-69-21 kernel: [    0.064178] Inode-cache hash table entries: 65536 (order: 7, 524288 bytes)
Feb 20 08:28:12 ip-172-31-69-21 kernel: [    0.068087] Mount-cache hash table entries: 2048 (order: 2, 16384 bytes)
Feb 20 08:28:12 ip-172-31-69-21 kernel: [    0.076011] Mountpoint-cache hash table entries: 2048 (order: 2, 16384 bytes)
Feb 20 08:28:12 ip-172-31-69-21 kernel: [    0.080196] Initializing cgroup subsys io
Feb 20 08:28:12 ip-172-31-69-21 kernel: [    0.084008] Initializing cgroup subsys memory
Feb 20 08:28:12 ip-172-31-69-21 kernel: [    0.092014] Initializing cgroup subsys devices
Feb 20 08:28:12 ip-172-31-69-21 kernel: [    0.096009] Initializing cgroup subsys freezer
Feb 20 08:28:12 ip-172-31-69-21 kernel: [    0.100009] Initializing cgroup subsys net_cls
Feb 20 08:28:12 ip-172-31-69-21 kernel: [    0.104007] Initializing cgroup subsys perf_event
Feb 20 08:28:12 ip-172-31-69-21 kernel: [    0.108007] Initializing cgroup subsys net_prio
Feb 20 08:28:12 ip-172-31-69-21 kernel: [    0.112009] Initializing cgroup subsys hugetlb
Feb 20 08:28:12 ip-172-31-69-21 kernel: [    0.116007] Initializing cgroup subsys pids
Feb 20 08:28:12 ip-172-31-69-21 kernel: [    0.120070] CPU: Physical Processor ID: 0
Feb 20 08:28:12 ip-172-31-69-21 kernel: [    0.124011] FEATURE SPEC_CTRL Not Present
Feb 20 08:28:12 ip-172-31-69-21 kernel: [    0.132089] mce: CPU supports 2 MCE banks
Feb 20 08:28:12 ip-172-31-69-21 kernel: [    0.136027] Last level iTLB entries: 4KB 1024, 2MB 1024, 4MB 1024
Feb 20 08:28:12 ip-172-31-69-21 kernel: [    0.140006] Last level dTLB entries: 4KB 1024, 2MB 1024, 4MB 1024, 1GB 4
Feb 20 08:28:12 ip-172-31-69-21 kernel: [    0.164346] ftrace: allocating 31285 entries in 123 pages
Feb 20 08:28:12 ip-172-31-69-21 kernel: [    0.200096] smpboot: APIC(0) Converting physical 0 to logical package 0
Feb 20 08:28:12 ip-172-31-69-21 kernel: [    0.204006] smpboot: Max logical packages: 15
Feb 20 08:28:12 ip-172-31-69-21 kernel: [    0.208635] x2apic: IRQ remapping doesn't support X2APIC mode
Feb 20 08:28:12 ip-172-31-69-21 kernel: [    0.212008] Switched APIC routing to physical flat.
Feb 20 08:28:12 ip-172-31-69-21 kernel: [    0.218180] ..TIMER: vector=0x30 apic1=0 pin1=2 apic2=0 pin2=0
Feb 20 08:28:12 ip-172-31-69-21 kernel: [    0.224003] clocksource: xen: mask: 0xffffffffffffffff max_cycles: 0x1cd42e4dffb, max_idle_ns: 881590591483 ns
Feb 20 08:28:12 ip-172-31-69-21 kernel: [    0.228010] Xen: using vcpuop timer interface
Feb 20 08:28:12 ip-172-31-69-21 kernel: [    0.228018] installing Xen timer for CPU 0
Feb 20 08:28:12 ip-172-31-69-21 kernel: [    0.232068] smpboot: CPU0: Intel(R) Xeon(R) CPU E5-2676 v3 @ 2.40GHz (family: 0x6, model: 0x3f, stepping: 0x2)
Feb 20 08:28:12 ip-172-31-69-21 kernel: [    0.239620] cpu 0 spinlock event irq 53
Feb 20 08:28:12 ip-172-31-69-21 kernel: [    0.240017] Performance Events: unsupported p6 CPU model 63 no PMU driver, software events only.
Feb 20 08:28:12 ip-172-31-69-21 kernel: [    0.244788] x86: Booted up 1 node, 1 CPUs
Feb 20 08:28:12 ip-172-31-69-21 kernel: [    0.248007] smpboot: Total of 1 processors activated (4800.10 BogoMIPS)
Feb 20 08:28:12 ip-172-31-69-21 kernel: [    0.252013] NMI watchdog: disabled (cpu0): hardware events not enabled
Feb 20 08:28:12 ip-172-31-69-21 kernel: [    0.256006] NMI watchdog: Shutting down hard lockup detector on all cpus
Feb 20 08:28:12 ip-172-31-69-21 kernel: [    0.260394] devtmpfs: initialized
Feb 20 08:28:12 ip-172-31-69-21 kernel: [    0.264326] evm: security.selinux
Feb 20 08:28:12 ip-172-31-69-21 kernel: [    0.266796] evm: security.SMACK64
Feb 20 08:28:12 ip-172-31-69-21 kernel: [    0.268015] evm: security.SMACK64EXEC
Feb 20 08:28:12 ip-172-31-69-21 kernel: [    0.270639] evm: security.SMACK64TRANSMUTE
Feb 20 08:28:12 ip-172-31-69-21 kernel: [    0.272008] evm: security.SMACK64MMAP
Feb 20 08:28:12 ip-172-31-69-21 kernel: [    0.274767] evm: security.ima
Feb 20 08:28:12 ip-172-31-69-21 kernel: [    0.276009] evm: security.capability
Feb 20 08:28:12 ip-172-31-69-21 kernel: [    0.278840] clocksource: jiffies: mask: 0xffffffff max_cycles: 0xffffffff, max_idle_ns: 7645041785100000 ns
Feb 20 08:28:12 ip-172-31-69-21 kernel: [    0.280048] futex hash table entries: 4096 (order: 6, 262144 bytes)
Feb 20 08:28:12 ip-172-31-69-21 kernel: [    0.284305] RTC time: 12:28:00, date: 02/20/18
Feb 20 08:28:12 ip-172-31-69-21 kernel: [    0.287735] NET: Registered protocol family 16
Feb 20 08:28:12 ip-172-31-69-21 kernel: [    0.288178] cpuidle: using governor ladder
Feb 20 08:28:12 ip-172-31-69-21 kernel: [    0.292016] cpuidle: using governor menu
Feb 20 08:28:12 ip-172-31-69-21 kernel: [    0.294828] PCCT header not found.
Feb 20 08:28:12 ip-172-31-69-21 kernel: [    0.296099] ACPI: bus type PCI registered
Feb 20 08:28:12 ip-172-31-69-21 kernel: [    0.298994] acpiphp: ACPI Hot Plug PCI Controller Driver version: 0.5
Feb 20 08:28:12 ip-172-31-69-21 kernel: [    0.300352] PCI: Using configuration type 1 for base access
Feb 20 08:28:12 ip-172-31-69-21 kernel: [    0.305078] ACPI: Added _OSI(Module Device)
Feb 20 08:28:12 ip-172-31-69-21 kernel: [    0.308008] ACPI: Added _OSI(Processor Device)
Feb 20 08:28:12 ip-172-31-69-21 kernel: [    0.312007] ACPI: Added _OSI(3.0 _SCP Extensions)
Feb 20 08:28:12 ip-172-31-69-21 kernel: [    0.315342] ACPI: Added _OSI(Processor Aggregator Device)
Feb 20 08:28:12 ip-172-31-69-21 kernel: [    0.317009] xen: --> pirq=16 -> irq=9 (gsi=9)
Feb 20 08:28:12 ip-172-31-69-21 kernel: [    0.319461] ACPI: Interpreter enabled
Feb 20 08:28:12 ip-172-31-69-21 kernel: [    0.320023] ACPI: (supports S0 S4 S5)
Feb 20 08:28:12 ip-172-31-69-21 kernel: [    0.322832] ACPI: Using IOAPIC for interrupt routing
Feb 20 08:28:12 ip-172-31-69-21 kernel: [    0.324052] PCI: Using host bridge windows from ACPI; if necessary, use "pci=nocrs" and report a bug
Feb 20 08:28:12 ip-172-31-69-21 kernel: [    0.378836] ACPI: PCI Root Bridge [PCI0] (domain 0000 [bus 00-ff])
Feb 20 08:28:12 ip-172-31-69-21 kernel: [    0.380026] acpi PNP0A03:00: _OSC: OS supports [ASPM ClockPM Segments MSI]
Feb 20 08:28:12 ip-172-31-69-21 kernel: [    0.384025] acpi PNP0A03:00: _OSC failed (AE_NOT_FOUND); disabling ASPM
Feb 20 08:28:12 ip-172-31-69-21 kernel: [    0.388023] acpi PNP0A03:00: fail to add MMCONFIG information, can't access extended PCI configuration space under this bridge.
Feb 20 08:28:12 ip-172-31-69-21 kernel: [    0.392984] acpiphp: Slot [0] registered
Feb 20 08:28:12 ip-172-31-69-21 kernel: [    0.396684] acpiphp: Slot [3] registered
Feb 20 08:28:12 ip-172-31-69-21 kernel: [    0.399814] acpiphp: Slot [4] registered
Feb 20 08:28:12 ip-172-31-69-21 kernel: [    0.400360] acpiphp: Slot [5] registered
Feb 20 08:28:12 ip-172-31-69-21 kernel: [    0.403579] acpiphp: Slot [6] registered
Feb 20 08:28:12 ip-172-31-69-21 kernel: [    0.404308] acpiphp: Slot [7] registered
Feb 20 08:28:12 ip-172-31-69-21 kernel: [    0.407559] acpiphp: Slot [8] registered
Feb 20 08:28:12 ip-172-31-69-21 kernel: [    0.408335] acpiphp: Slot [9] registered
Feb 20 08:28:12 ip-172-31-69-21 kernel: [    0.411596] acpiphp: Slot [10] registered
Feb 20 08:28:12 ip-172-31-69-21 kernel: [    0.412321] acpiphp: Slot [11] registered
Feb 20 08:28:12 ip-172-31-69-21 kernel: [    0.415527] acpiphp: Slot [12] registered
Feb 20 08:28:12 ip-172-31-69-21 kernel: [    0.416357] acpiphp: Slot [13] registered
Feb 20 08:28:12 ip-172-31-69-21 kernel: [    0.419822] acpiphp: Slot [14] registered
Feb 20 08:28:12 ip-172-31-69-21 kernel: [    0.420318] acpiphp: Slot [15] registered
Feb 20 08:28:12 ip-172-31-69-21 kernel: [    0.423512] acpiphp: Slot [16] registered
Feb 20 08:28:12 ip-172-31-69-21 kernel: [    0.424318] acpiphp: Slot [17] registered
Feb 20 08:28:12 ip-172-31-69-21 kernel: [    0.427500] acpiphp: Slot [18] registered
Feb 20 08:28:12 ip-172-31-69-21 kernel: [    0.428317] acpiphp: Slot [19] registered
Feb 20 08:28:12 ip-172-31-69-21 kernel: [    0.432275] acpiphp: Slot [20] registered
Feb 20 08:28:12 ip-172-31-69-21 kernel: [    0.435463] acpiphp: Slot [21] registered
Feb 20 08:28:12 ip-172-31-69-21 kernel: [    0.436315] acpiphp: Slot [22] registered
Feb 20 08:28:12 ip-172-31-69-21 kernel: [    0.440000] acpiphp: Slot [23] registered
Feb 20 08:28:12 ip-172-31-69-21 kernel: [    0.440308] acpiphp: Slot [24] registered
Feb 20 08:28:12 ip-172-31-69-21 kernel: [    0.444019] acpiphp: Slot [25] registered
Feb 20 08:28:12 ip-172-31-69-21 kernel: [    0.448000] acpiphp: Slot [26] registered
Feb 20 08:28:12 ip-172-31-69-21 kernel: [    0.448322] acpiphp: Slot [27] registered
Feb 20 08:28:12 ip-172-31-69-21 kernel: [    0.451630] acpiphp: Slot [28] registered
Feb 20 08:28:12 ip-172-31-69-21 kernel: [    0.452308] acpiphp: Slot [29] registered
Feb 20 08:28:12 ip-172-31-69-21 kernel: [    0.455770] acpiphp: Slot [30] registered
Feb 20 08:28:12 ip-172-31-69-21 kernel: [    0.456314] acpiphp: Slot [31] registered
Feb 20 08:28:12 ip-172-31-69-21 kernel: [    0.459586] PCI host bridge to bus 0000:00
Feb 20 08:28:12 ip-172-31-69-21 kernel: [    0.460010] pci_bus 0000:00: root bus resource [io  0x0000-0x0cf7 window]
Feb 20 08:28:12 ip-172-31-69-21 kernel: [    0.464009] pci_bus 0000:00: root bus resource [io  0x0d00-0xffff window]
Feb 20 08:28:12 ip-172-31-69-21 kernel: [    0.468009] pci_bus 0000:00: root bus resource [mem 0x000a0000-0x000bffff window]
Feb 20 08:28:12 ip-172-31-69-21 kernel: [    0.472011] pci_bus 0000:00: root bus resource [mem 0xf0000000-0xfbffffff window]
Feb 20 08:28:12 ip-172-31-69-21 kernel: [    0.476010] pci_bus 0000:00: root bus resource [bus 00-ff]
Feb 20 08:28:12 ip-172-31-69-21 kernel: [    0.479902] pci 0000:00:00.0: [8086:1237] type 00 class 0x060000
Feb 20 08:28:12 ip-172-31-69-21 kernel: [    0.481461] pci 0000:00:01.0: [8086:7000] type 00 class 0x060100
Feb 20 08:28:12 ip-172-31-69-21 kernel: [    0.483771] pci 0000:00:01.1: [8086:7010] type 00 class 0x010180
Feb 20 08:28:12 ip-172-31-69-21 kernel: [    0.484899] pci 0000:00:01.1: reg 0x20: [io  0xc100-0xc10f]
Feb 20 08:28:12 ip-172-31-69-21 kernel: [    0.485428] pci 0000:00:01.1: legacy IDE quirk: reg 0x10: [io  0x01f0-0x01f7]
Feb 20 08:28:12 ip-172-31-69-21 kernel: [    0.488010] pci 0000:00:01.1: legacy IDE quirk: reg 0x14: [io  0x03f6]
Feb 20 08:28:12 ip-172-31-69-21 kernel: [    0.492009] pci 0000:00:01.1: legacy IDE quirk: reg 0x18: [io  0x0170-0x0177]
Feb 20 08:28:12 ip-172-31-69-21 kernel: [    0.496006] pci 0000:00:01.1: legacy IDE quirk: reg 0x1c: [io  0x0376]
Feb 20 08:28:12 ip-172-31-69-21 kernel: [    0.500719] pci 0000:00:01.3: [8086:7113] type 00 class 0x068000
Feb 20 08:28:12 ip-172-31-69-21 kernel: [    0.500818] * Found PM-Timer Bug on the chipset. Due to workarounds for a bug,
Feb 20 08:28:12 ip-172-31-69-21 kernel: [    0.500818] * this clock source is slow. Consider trying other clock sources
Feb 20 08:28:12 ip-172-31-69-21 kernel: [    0.506676] pci 0000:00:01.3: quirk: [io  0xb000-0xb03f] claimed by PIIX4 ACPI
Feb 20 08:28:12 ip-172-31-69-21 kernel: [    0.508944] pci 0000:00:02.0: [1013:00b8] type 00 class 0x030000
Feb 20 08:28:12 ip-172-31-69-21 kernel: [    0.509302] pci 0000:00:02.0: reg 0x10: [mem 0xf0000000-0xf1ffffff pref]
Feb 20 08:28:12 ip-172-31-69-21 kernel: [    0.509521] pci 0000:00:02.0: reg 0x14: [mem 0xf3000000-0xf3000fff]
Feb 20 08:28:12 ip-172-31-69-21 kernel: [    0.511662] pci 0000:00:03.0: [5853:0001] type 00 class 0xff8000
Feb 20 08:28:12 ip-172-31-69-21 kernel: [    0.512046] pci 0000:00:03.0: reg 0x10: [io  0xc000-0xc0ff]
Feb 20 08:28:12 ip-172-31-69-21 kernel: [    0.512271] pci 0000:00:03.0: reg 0x14: [mem 0xf2000000-0xf2ffffff pref]
Feb 20 08:28:12 ip-172-31-69-21 kernel: [    0.514994] ACPI: PCI Interrupt Link [LNKA] (IRQs *5 10 11)
Feb 20 08:28:12 ip-172-31-69-21 kernel: [    0.520008] ACPI: PCI Interrupt Link [LNKB] (IRQs 5 *10 11)
Feb 20 08:28:12 ip-172-31-69-21 kernel: [    0.526893] ACPI: PCI Interrupt Link [LNKC] (IRQs 5 10 *11)
Feb 20 08:28:12 ip-172-31-69-21 kernel: [    0.532078] ACPI: PCI Interrupt Link [LNKD] (IRQs *5 10 11)
Feb 20 08:28:12 ip-172-31-69-21 kernel: [    0.560000] ACPI: Enabled 2 GPEs in block 00 to 0F
Feb 20 08:28:12 ip-172-31-69-21 kernel: [    0.560091] xen:balloon: Initialising balloon driver
Feb 20 08:28:12 ip-172-31-69-21 kernel: [    0.568331] vgaarb: setting as boot device: PCI:0000:00:02.0
Feb 20 08:28:12 ip-172-31-69-21 kernel: [    0.572000] vgaarb: device added: PCI:0000:00:02.0,decodes=io+mem,owns=io+mem,locks=none
Feb 20 08:28:12 ip-172-31-69-21 kernel: [    0.572016] vgaarb: loaded
Feb 20 08:28:12 ip-172-31-69-21 kernel: [    0.575599] vgaarb: bridge control possible 0000:00:02.0
Feb 20 08:28:12 ip-172-31-69-21 kernel: [    0.576231] SCSI subsystem initialized
Feb 20 08:28:12 ip-172-31-69-21 kernel: [    0.579597] libata version 3.00 loaded.
Feb 20 08:28:12 ip-172-31-69-21 kernel: [    0.579621] ACPI: bus type USB registered
Feb 20 08:28:12 ip-172-31-69-21 kernel: [    0.580027] usbcore: registered new interface driver usbfs
Feb 20 08:28:12 ip-172-31-69-21 kernel: [    0.584030] usbcore: registered new interface driver hub
Feb 20 08:28:12 ip-172-31-69-21 kernel: [    0.588000] usbcore: registered new device driver usb
Feb 20 08:28:12 ip-172-31-69-21 kernel: [    0.592031] PCI: Using ACPI for IRQ routing
Feb 20 08:28:12 ip-172-31-69-21 kernel: [    0.596008] PCI: pci_cache_line_size set to 64 bytes
Feb 20 08:28:12 ip-172-31-69-21 kernel: [    0.596421] e820: reserve RAM buffer [mem 0x0009e000-0x0009ffff]
Feb 20 08:28:12 ip-172-31-69-21 kernel: [    0.596555] NetLabel: Initializing
Feb 20 08:28:12 ip-172-31-69-21 kernel: [    0.599576] NetLabel:  domain hash size = 128
Feb 20 08:28:12 ip-172-31-69-21 kernel: [    0.600007] NetLabel:  protocols = UNLABELED CIPSOv4
Feb 20 08:28:12 ip-172-31-69-21 kernel: [    0.604024] NetLabel:  unlabeled traffic allowed by default
Feb 20 08:28:12 ip-172-31-69-21 kernel: [    0.608000] HPET: 3 timers in total, 0 timers will be used for per-cpu timer
Feb 20 08:28:12 ip-172-31-69-21 kernel: [    0.608022] hpet0: at MMIO 0xfed00000, IRQs 2, 8, 0
Feb 20 08:28:12 ip-172-31-69-21 kernel: [    0.613678] hpet0: 3 comparators, 64-bit 62.500000 MHz counter
Feb 20 08:28:12 ip-172-31-69-21 kernel: [    0.619079] amd_nb: Cannot enumerate AMD northbridges
Feb 20 08:28:12 ip-172-31-69-21 kernel: [    0.620024] clocksource: Switched to clocksource xen
Feb 20 08:28:12 ip-172-31-69-21 kernel: [    0.628809] AppArmor: AppArmor Filesystem Enabled
Feb 20 08:28:12 ip-172-31-69-21 kernel: [    0.633348] pnp: PnP ACPI init
Feb 20 08:28:12 ip-172-31-69-21 kernel: [    0.635964] system 00:00: [mem 0x00000000-0x0009ffff] could not be reserved
Feb 20 08:28:12 ip-172-31-69-21 kernel: [    0.642117] system 00:00: Plug and Play ACPI device, IDs PNP0c02 (active)
Feb 20 08:28:12 ip-172-31-69-21 kernel: [    0.642219] system 00:01: [io  0x08a0-0x08a3] has been reserved
Feb 20 08:28:12 ip-172-31-69-21 kernel: [    0.646475] system 00:01: [io  0x0cc0-0x0ccf] has been reserved
Feb 20 08:28:12 ip-172-31-69-21 kernel: [    0.651348] system 00:01: [io  0x04d0-0x04d1] has been reserved
Feb 20 08:28:12 ip-172-31-69-21 kernel: [    0.667486] system 00:01: Plug and Play ACPI device, IDs PNP0c02 (active)
Feb 20 08:28:12 ip-172-31-69-21 kernel: [    0.667522] xen: --> pirq=17 -> irq=8 (gsi=8)
Feb 20 08:28:12 ip-172-31-69-21 kernel: [    0.667554] pnp 00:02: Plug and Play ACPI device, IDs PNP0b00 (active)
Feb 20 08:28:12 ip-172-31-69-21 kernel: [    0.667582] xen: --> pirq=18 -> irq=12 (gsi=12)
Feb 20 08:28:12 ip-172-31-69-21 kernel: [    0.667595] pnp 00:03: Plug and Play ACPI device, IDs PNP0f13 (active)
Feb 20 08:28:12 ip-172-31-69-21 kernel: [    0.667610] xen: --> pirq=19 -> irq=1 (gsi=1)
Feb 20 08:28:12 ip-172-31-69-21 kernel: [    0.667624] pnp 00:04: Plug and Play ACPI device, IDs PNP0303 PNP030b (active)
Feb 20 08:28:12 ip-172-31-69-21 kernel: [    0.667639] xen: --> pirq=20 -> irq=6 (gsi=6)
Feb 20 08:28:12 ip-172-31-69-21 kernel: [    0.667640] pnp 00:05: [dma 2]
Feb 20 08:28:12 ip-172-31-69-21 kernel: [    0.667653] pnp 00:05: Plug and Play ACPI device, IDs PNP0700 (active)
Feb 20 08:28:12 ip-172-31-69-21 kernel: [    0.667676] xen: --> pirq=21 -> irq=4 (gsi=4)
Feb 20 08:28:12 ip-172-31-69-21 kernel: [    0.667688] pnp 00:06: Plug and Play ACPI device, IDs PNP0501 (active)
Feb 20 08:28:12 ip-172-31-69-21 kernel: [    0.667726] system 00:07: [io  0x10c0-0x1141] has been reserved
Feb 20 08:28:12 ip-172-31-69-21 kernel: [    0.675166] system 00:07: [io  0xb044-0xb047] has been reserved
Feb 20 08:28:12 ip-172-31-69-21 kernel: [    0.679354] system 00:07: Plug and Play ACPI device, IDs PNP0c02 (active)
Feb 20 08:28:12 ip-172-31-69-21 kernel: [    0.699884] pnp: PnP ACPI: found 8 devices
Feb 20 08:28:12 ip-172-31-69-21 kernel: [    0.712972] clocksource: acpi_pm: mask: 0xffffff max_cycles: 0xffffff, max_idle_ns: 2085701024 ns
Feb 20 08:28:12 ip-172-31-69-21 kernel: [    0.723728] pci_bus 0000:00: resource 4 [io  0x0000-0x0cf7 window]
Feb 20 08:28:12 ip-172-31-69-21 kernel: [    0.723731] pci_bus 0000:00: resource 5 [io  0x0d00-0xffff window]
Feb 20 08:28:12 ip-172-31-69-21 kernel: [    0.723733] pci_bus 0000:00: resource 6 [mem 0x000a0000-0x000bffff window]
Feb 20 08:28:12 ip-172-31-69-21 kernel: [    0.723734] pci_bus 0000:00: resource 7 [mem 0xf0000000-0xfbffffff window]
Feb 20 08:28:12 ip-172-31-69-21 kernel: [    0.723780] NET: Registered protocol family 2
Feb 20 08:28:12 ip-172-31-69-21 kernel: [    0.729862] TCP established hash table entries: 8192 (order: 4, 65536 bytes)
Feb 20 08:28:12 ip-172-31-69-21 kernel: [    0.739841] TCP bind hash table entries: 8192 (order: 5, 131072 bytes)
Feb 20 08:28:12 ip-172-31-69-21 kernel: [    0.746980] TCP: Hash tables configured (established 8192 bind 8192)
Feb 20 08:28:12 ip-172-31-69-21 kernel: [    0.753926] UDP hash table entries: 512 (order: 2, 16384 bytes)
Feb 20 08:28:12 ip-172-31-69-21 kernel: [    0.761439] UDP-Lite hash table entries: 512 (order: 2, 16384 bytes)
Feb 20 08:28:12 ip-172-31-69-21 kernel: [    0.768682] NET: Registered protocol family 1
Feb 20 08:28:12 ip-172-31-69-21 kernel: [    0.773279] pci 0000:00:00.0: Limiting direct PCI/PCI transfers
Feb 20 08:28:12 ip-172-31-69-21 kernel: [    0.778333] pci 0000:00:01.0: PIIX3: Enabling Passive Release
Feb 20 08:28:12 ip-172-31-69-21 kernel: [    0.802055] pci 0000:00:01.0: Activating ISA DMA hang workarounds
Feb 20 08:28:12 ip-172-31-69-21 kernel: [    0.842565] pci 0000:00:02.0: Video device with shadowed ROM
Feb 20 08:28:12 ip-172-31-69-21 kernel: [    0.843506] PCI: CLS 0 bytes, default 64
Feb 20 08:28:12 ip-172-31-69-21 kernel: [    0.843567] Trying to unpack rootfs image as initramfs...
Feb 20 08:28:12 ip-172-31-69-21 kernel: [    1.046507] Freeing initrd memory: 12308K
Feb 20 08:28:12 ip-172-31-69-21 kernel: [    1.050209] RAPL PMU detected, API unit is 2^-32 Joules, 3 fixed counters 655360 ms ovfl timer
Feb 20 08:28:12 ip-172-31-69-21 kernel: [    1.058102] hw unit of domain pp0-core 2^-14 Joules
Feb 20 08:28:12 ip-172-31-69-21 kernel: [    1.061751] hw unit of domain package 2^-14 Joules
Feb 20 08:28:12 ip-172-31-69-21 kernel: [    1.064982] hw unit of domain dram 2^-16 Joules
Feb 20 08:28:12 ip-172-31-69-21 kernel: [    1.068500] Scanning for low memory corruption every 60 seconds
Feb 20 08:28:12 ip-172-31-69-21 kernel: [    1.073293] audit: initializing netlink subsys (disabled)
Feb 20 08:28:12 ip-172-31-69-21 kernel: [    1.077289] audit: type=2000 audit(1519129681.407:1): initialized
Feb 20 08:28:12 ip-172-31-69-21 kernel: [    1.081721] Initialise system trusted keyring
Feb 20 08:28:12 ip-172-31-69-21 kernel: [    1.085117] HugeTLB registered 2 MB page size, pre-allocated 0 pages
Feb 20 08:28:12 ip-172-31-69-21 kernel: [    1.091232] zbud: loaded
Feb 20 08:28:12 ip-172-31-69-21 kernel: [    1.093585] VFS: Disk quotas dquot_6.6.0
Feb 20 08:28:12 ip-172-31-69-21 kernel: [    1.096671] VFS: Dquot-cache hash table entries: 512 (order 0, 4096 bytes)
Feb 20 08:28:12 ip-172-31-69-21 kernel: [    1.102002] squashfs: version 4.0 (2009/01/31) Phillip Lougher
Feb 20 08:28:12 ip-172-31-69-21 kernel: [    1.106254] fuse init (API version 7.23)
Feb 20 08:28:12 ip-172-31-69-21 kernel: [    1.110072] Key type big_key registered
Feb 20 08:28:12 ip-172-31-69-21 kernel: [    1.113667] Allocating IMA MOK and blacklist keyrings.
Feb 20 08:28:12 ip-172-31-69-21 kernel: [    1.117331] Key type asymmetric registered
Feb 20 08:28:12 ip-172-31-69-21 kernel: [    1.120896] Asymmetric key parser 'x509' registered
Feb 20 08:28:12 ip-172-31-69-21 kernel: [    1.124977] Block layer SCSI generic (bsg) driver version 0.4 loaded (major 249)
Feb 20 08:28:12 ip-172-31-69-21 kernel: [    1.130209] io scheduler noop registered
Feb 20 08:28:12 ip-172-31-69-21 kernel: [    1.133351] io scheduler deadline registered (default)
Feb 20 08:28:12 ip-172-31-69-21 kernel: [    1.137650] io scheduler cfq registered
Feb 20 08:28:12 ip-172-31-69-21 kernel: [    1.140924] pci_hotplug: PCI Hot Plug PCI Core version: 0.5
Feb 20 08:28:12 ip-172-31-69-21 kernel: [    1.145957] pciehp: PCI Express Hot Plug Controller Driver version: 0.4
Feb 20 08:28:12 ip-172-31-69-21 kernel: [    1.150420] intel_idle: does not run on family 6 model 63
Feb 20 08:28:12 ip-172-31-69-21 kernel: [    1.150494] input: Power Button as /devices/LNXSYSTM:00/LNXPWRBN:00/input/input0
Feb 20 08:28:12 ip-172-31-69-21 kernel: [    1.155581] ACPI: Power Button [PWRF]
Feb 20 08:28:12 ip-172-31-69-21 kernel: [    1.158503] input: Sleep Button as /devices/LNXSYSTM:00/LNXSLPBN:00/input/input1
Feb 20 08:28:12 ip-172-31-69-21 kernel: [    1.163972] ACPI: Sleep Button [SLPF]
Feb 20 08:28:12 ip-172-31-69-21 kernel: [    1.167119] xen: --> pirq=22 -> irq=28 (gsi=28)
Feb 20 08:28:12 ip-172-31-69-21 kernel: [    1.167218] xen:grant_table: Grant tables using version 1 layout
Feb 20 08:28:12 ip-172-31-69-21 kernel: [    1.171395] Grant table initialized
Feb 20 08:28:12 ip-172-31-69-21 kernel: [    1.174352] Cannot get hvm parameter CONSOLE_EVTCHN (18): -22!
Feb 20 08:28:12 ip-172-31-69-21 kernel: [    1.178583] Serial: 8250/16550 driver, 32 ports, IRQ sharing enabled
Feb 20 08:28:12 ip-172-31-69-21 kernel: [    1.210256] 00:06: ttyS0 at I/O 0x3f8 (irq = 4, base_baud = 115200) is a 16550A
Feb 20 08:28:12 ip-172-31-69-21 kernel: [    1.217238] Linux agpgart interface v0.103
Feb 20 08:28:12 ip-172-31-69-21 kernel: [    1.221981] brd: module loaded
Feb 20 08:28:12 ip-172-31-69-21 kernel: [    1.225513] loop: module loaded
Feb 20 08:28:12 ip-172-31-69-21 kernel: [    1.228002] Invalid max_queues (4), will use default max: 1.
Feb 20 08:28:12 ip-172-31-69-21 kernel: [    1.232592] ata_piix 0000:00:01.1: version 2.13
Feb 20 08:28:12 ip-172-31-69-21 kernel: [    1.233395] scsi host0: ata_piix
Feb 20 08:28:12 ip-172-31-69-21 kernel: [    1.236137] scsi host1: ata_piix
Feb 20 08:28:12 ip-172-31-69-21 kernel: [    1.238843] ata1: PATA max MWDMA2 cmd 0x1f0 ctl 0x3f6 bmdma 0xc100 irq 14
Feb 20 08:28:12 ip-172-31-69-21 kernel: [    1.243882] ata2: PATA max MWDMA2 cmd 0x170 ctl 0x376 bmdma 0xc108 irq 15
Feb 20 08:28:12 ip-172-31-69-21 kernel: [    1.250592] libphy: Fixed MDIO Bus: probed
Feb 20 08:28:12 ip-172-31-69-21 kernel: [    1.253807] tun: Universal TUN/TAP device driver, 1.6
Feb 20 08:28:12 ip-172-31-69-21 kernel: [    1.257368] tun: (C) 1999-2004 Max Krasnyansky <maxk@qualcomm.com>
Feb 20 08:28:12 ip-172-31-69-21 kernel: [    1.261819] PPP generic driver version 2.4.2
Feb 20 08:28:12 ip-172-31-69-21 kernel: [    1.265106] xen_netfront: Initialising Xen virtual ethernet driver
Feb 20 08:28:12 ip-172-31-69-21 kernel: [    1.282457] blkfront: xvda: barrier or flush: disabled; persistent grants: disabled; indirect descriptors: enabled;
Feb 20 08:28:12 ip-172-31-69-21 kernel: [    1.298267] ehci_hcd: USB 2.0 'Enhanced' Host Controller (EHCI) Driver
Feb 20 08:28:12 ip-172-31-69-21 kernel: [    1.308700] ehci-pci: EHCI PCI platform driver
Feb 20 08:28:12 ip-172-31-69-21 kernel: [    1.315822] ehci-platform: EHCI generic platform driver
Feb 20 08:28:12 ip-172-31-69-21 kernel: [    1.324859] ohci_hcd: USB 1.1 'Open' Host Controller (OHCI) Driver
Feb 20 08:28:12 ip-172-31-69-21 kernel: [    1.330969] ohci-pci: OHCI PCI platform driver
Feb 20 08:28:12 ip-172-31-69-21 kernel: [    1.335356] ohci-platform: OHCI generic platform driver
Feb 20 08:28:12 ip-172-31-69-21 kernel: [    1.342916]  xvda: xvda1
Feb 20 08:28:12 ip-172-31-69-21 kernel: [    1.346289] uhci_hcd: USB Universal Host Controller Interface driver
Feb 20 08:28:12 ip-172-31-69-21 kernel: [    1.352798] i8042: PNP: PS/2 Controller [PNP0303:PS2K,PNP0f13:PS2M] at 0x60,0x64 irq 1,12
Feb 20 08:28:12 ip-172-31-69-21 kernel: [    1.360664] serio: i8042 KBD port at 0x60,0x64 irq 1
Feb 20 08:28:12 ip-172-31-69-21 kernel: [    1.364328] serio: i8042 AUX port at 0x60,0x64 irq 12
Feb 20 08:28:12 ip-172-31-69-21 kernel: [    1.368052] mousedev: PS/2 mouse device common for all mice
Feb 20 08:28:12 ip-172-31-69-21 kernel: [    1.372985] input: AT Translated Set 2 keyboard as /devices/platform/i8042/serio0/input/input2
Feb 20 08:28:12 ip-172-31-69-21 kernel: [    1.393359] rtc_cmos 00:02: rtc core: registered rtc_cmos as rtc0
Feb 20 08:28:12 ip-172-31-69-21 kernel: [    1.397505] rtc_cmos 00:02: alarms up to one day, 114 bytes nvram, hpet irqs
Feb 20 08:28:12 ip-172-31-69-21 kernel: [    1.402216] i2c /dev entries driver
Feb 20 08:28:12 ip-172-31-69-21 kernel: [    1.406087] device-mapper: uevent: version 1.0.3
Feb 20 08:28:12 ip-172-31-69-21 kernel: [    1.409465] device-mapper: ioctl: 4.34.0-ioctl (2015-10-28) initialised: dm-devel@redhat.com
Feb 20 08:28:12 ip-172-31-69-21 kernel: [    1.416282] NET: Registered protocol family 10
Feb 20 08:28:12 ip-172-31-69-21 kernel: [    1.419778] NET: Registered protocol family 17
Feb 20 08:28:12 ip-172-31-69-21 kernel: [    1.423816] Key type dns_resolver registered
Feb 20 08:28:12 ip-172-31-69-21 kernel: [    1.427367] registered taskstats version 1
Feb 20 08:28:12 ip-172-31-69-21 kernel: [    1.430368] Loading compiled-in X.509 certificates
Feb 20 08:28:12 ip-172-31-69-21 kernel: [    1.434476] Loaded X.509 cert 'Build time autogenerated kernel key: 3202f79a2fa321ecce3869d36458fe9267f31118'
Feb 20 08:28:12 ip-172-31-69-21 kernel: [    1.441424] zswap: loaded using pool lzo/zbud
Feb 20 08:28:12 ip-172-31-69-21 kernel: [    1.446184] Key type trusted registered
Feb 20 08:28:12 ip-172-31-69-21 kernel: [    1.451499] Key type encrypted registered
Feb 20 08:28:12 ip-172-31-69-21 kernel: [    1.454547] AppArmor: AppArmor sha1 policy hashing enabled
Feb 20 08:28:12 ip-172-31-69-21 kernel: [    1.460643] ima: No TPM chip found, activating TPM-bypass!
Feb 20 08:28:12 ip-172-31-69-21 kernel: [    1.465646] evm: HMAC attrs: 0x1
Feb 20 08:28:12 ip-172-31-69-21 kernel: [    1.468645]   Magic number: 6:675:481
Feb 20 08:28:12 ip-172-31-69-21 kernel: [    1.471566] ata_device dev1.0: hash matches
Feb 20 08:28:12 ip-172-31-69-21 kernel: [    1.474819]  dev1.0: hash matches
Feb 20 08:28:12 ip-172-31-69-21 kernel: [    1.497488] rtc_cmos 00:02: setting system clock to 2018-02-20 12:28:02 UTC (1519129682)
Feb 20 08:28:12 ip-172-31-69-21 kernel: [    1.503688] BIOS EDD facility v0.16 2004-Jun-25, 0 devices found
Feb 20 08:28:12 ip-172-31-69-21 kernel: [    1.507922] EDD information not available.
Feb 20 08:28:12 ip-172-31-69-21 kernel: [    1.511155] PM: Hibernation image not present or could not be loaded.
Feb 20 08:28:12 ip-172-31-69-21 kernel: [    1.512898] Freeing unused kernel memory: 1484K
Feb 20 08:28:12 ip-172-31-69-21 kernel: [    1.516115] Write protecting the kernel read-only data: 14336k
Feb 20 08:28:12 ip-172-31-69-21 kernel: [    1.520615] Freeing unused kernel memory: 1908K
Feb 20 08:28:12 ip-172-31-69-21 kernel: [    1.524360] Freeing unused kernel memory: 224K
Feb 20 08:28:12 ip-172-31-69-21 kernel: [    1.539775] random: udevadm: uninitialized urandom read (16 bytes read, 9 bits of entropy available)
Feb 20 08:28:12 ip-172-31-69-21 kernel: [    1.546346] random: systemd-udevd: uninitialized urandom read (16 bytes read, 9 bits of entropy available)
Feb 20 08:28:12 ip-172-31-69-21 kernel: [    1.552715] random: systemd-udevd: uninitialized urandom read (16 bytes read, 9 bits of entropy available)
Feb 20 08:28:12 ip-172-31-69-21 kernel: [    1.559054] random: udevadm: uninitialized urandom read (16 bytes read, 9 bits of entropy available)
Feb 20 08:28:12 ip-172-31-69-21 kernel: [    1.565195] random: systemd-udevd: uninitialized urandom read (16 bytes read, 9 bits of entropy available)
Feb 20 08:28:12 ip-172-31-69-21 kernel: [    1.576091] random: systemd-udevd: uninitialized urandom read (16 bytes read, 9 bits of entropy available)
Feb 20 08:28:12 ip-172-31-69-21 kernel: [    1.584192] random: udevadm: uninitialized urandom read (16 bytes read, 9 bits of entropy available)
Feb 20 08:28:12 ip-172-31-69-21 kernel: [    1.591293] random: systemd-udevd: uninitialized urandom read (16 bytes read, 9 bits of entropy available)
Feb 20 08:28:12 ip-172-31-69-21 kernel: [    1.598132] random: udevadm: uninitialized urandom read (16 bytes read, 9 bits of entropy available)
Feb 20 08:28:12 ip-172-31-69-21 kernel: [    1.605209] random: systemd-udevd: uninitialized urandom read (16 bytes read, 9 bits of entropy available)
Feb 20 08:28:12 ip-172-31-69-21 kernel: [    1.739174] AVX2 version of gcm_enc/dec engaged.
Feb 20 08:28:12 ip-172-31-69-21 kernel: [    1.743801] AES CTR mode by8 optimization enabled
Feb 20 08:28:12 ip-172-31-69-21 kernel: [    2.068131] tsc: Refined TSC clocksource calibration: 2400.002 MHz
Feb 20 08:28:12 ip-172-31-69-21 kernel: [    2.073990] clocksource: tsc: mask: 0xffffffffffffffff max_cycles: 0x22983938a92, max_idle_ns: 440795216168 ns
Feb 20 08:28:12 ip-172-31-69-21 kernel: [    3.253620] md: linear personality registered for level -1
Feb 20 08:28:12 ip-172-31-69-21 kernel: [    3.263648] md: multipath personality registered for level -4
Feb 20 08:28:12 ip-172-31-69-21 kernel: [    3.274763] md: raid0 personality registered for level 0
Feb 20 08:28:12 ip-172-31-69-21 kernel: [    3.286065] md: raid1 personality registered for level 1
Feb 20 08:28:12 ip-172-31-69-21 kernel: [    3.352065] raid6: sse2x1   gen()  8265 MB/s
Feb 20 08:28:12 ip-172-31-69-21 kernel: [    3.400068] raid6: sse2x1   xor()  6446 MB/s
Feb 20 08:28:12 ip-172-31-69-21 kernel: [    3.456068] raid6: sse2x2   gen() 10500 MB/s
Feb 20 08:28:12 ip-172-31-69-21 kernel: [    3.504064] raid6: sse2x2   xor()  7074 MB/s
Feb 20 08:28:12 ip-172-31-69-21 kernel: [    3.552066] raid6: sse2x4   gen() 12091 MB/s
Feb 20 08:28:12 ip-172-31-69-21 kernel: [    3.600065] raid6: sse2x4   xor()  8488 MB/s
Feb 20 08:28:12 ip-172-31-69-21 kernel: [    3.648063] raid6: avx2x1   gen() 16022 MB/s
Feb 20 08:28:12 ip-172-31-69-21 kernel: [    3.696065] raid6: avx2x2   gen() 18531 MB/s
Feb 20 08:28:12 ip-172-31-69-21 kernel: [    3.748068] raid6: avx2x4   gen() 21294 MB/s
Feb 20 08:28:12 ip-172-31-69-21 kernel: [    3.751356] raid6: using algorithm avx2x4 gen() 21294 MB/s
Feb 20 08:28:12 ip-172-31-69-21 kernel: [    3.755800] raid6: using avx2x2 recovery algorithm
Feb 20 08:28:12 ip-172-31-69-21 kernel: [    3.766434] xor: automatically using best checksumming function:
Feb 20 08:28:12 ip-172-31-69-21 kernel: [    3.828060]    avx       : 26393.000 MB/sec
Feb 20 08:28:12 ip-172-31-69-21 kernel: [    3.839322] async_tx: api initialized (async)
Feb 20 08:28:12 ip-172-31-69-21 kernel: [    3.857344] md: raid6 personality registered for level 6
Feb 20 08:28:12 ip-172-31-69-21 kernel: [    3.867961] md: raid5 personality registered for level 5
Feb 20 08:28:12 ip-172-31-69-21 kernel: [    3.879779] md: raid4 personality registered for level 4
Feb 20 08:28:12 ip-172-31-69-21 kernel: [    3.899999] md: raid10 personality registered for level 10
Feb 20 08:28:12 ip-172-31-69-21 kernel: [    3.942315] Btrfs loaded
Feb 20 08:28:12 ip-172-31-69-21 kernel: [    3.984465] EXT4-fs (xvda1): mounted filesystem with ordered data mode. Opts: (null)
Feb 20 08:28:12 ip-172-31-69-21 kernel: [    4.824787] Loading iSCSI transport class v2.0-870.
Feb 20 08:28:12 ip-172-31-69-21 kernel: [    4.860841] iscsi: registered transport (tcp)
Feb 20 08:28:12 ip-172-31-69-21 kernel: [    4.955388] EXT4-fs (xvda1): re-mounted. Opts: discard
Feb 20 08:28:12 ip-172-31-69-21 kernel: [    4.980709] iscsi: registered transport (iser)
Feb 20 08:28:12 ip-172-31-69-21 kernel: [    5.989659] audit: type=1400 audit(1519129686.988:2): apparmor="STATUS" operation="profile_load" profile="unconfined" name="lxc-container-default" pid=568 comm="apparmor_parser"
Feb 20 08:28:12 ip-172-31-69-21 kernel: [    5.989663] audit: type=1400 audit(1519129686.988:3): apparmor="STATUS" operation="profile_load" profile="unconfined" name="lxc-container-default-cgns" pid=568 comm="apparmor_parser"
Feb 20 08:28:12 ip-172-31-69-21 kernel: [    5.989666] audit: type=1400 audit(1519129686.988:4): apparmor="STATUS" operation="profile_load" profile="unconfined" name="lxc-container-default-with-mounting" pid=568 comm="apparmor_parser"
Feb 20 08:28:12 ip-172-31-69-21 kernel: [    5.989669] audit: type=1400 audit(1519129686.988:5): apparmor="STATUS" operation="profile_load" profile="unconfined" name="lxc-container-default-with-nesting" pid=568 comm="apparmor_parser"
Feb 20 08:28:12 ip-172-31-69-21 kernel: [    6.001098] audit: type=1400 audit(1519129687.000:6): apparmor="STATUS" operation="profile_load" profile="unconfined" name="/sbin/dhclient" pid=570 comm="apparmor_parser"
Feb 20 08:28:12 ip-172-31-69-21 kernel: [    6.001103] audit: type=1400 audit(1519129687.000:7): apparmor="STATUS" operation="profile_load" profile="unconfined" name="/usr/lib/NetworkManager/nm-dhcp-client.action" pid=570 comm="apparmor_parser"
Feb 20 08:28:12 ip-172-31-69-21 kernel: [    6.001106] audit: type=1400 audit(1519129687.000:8): apparmor="STATUS" operation="profile_load" profile="unconfined" name="/usr/lib/NetworkManager/nm-dhcp-helper" pid=570 comm="apparmor_parser"
Feb 20 08:28:12 ip-172-31-69-21 kernel: [    6.001112] audit: type=1400 audit(1519129687.000:9): apparmor="STATUS" operation="profile_load" profile="unconfined" name="/usr/lib/connman/scripts/dhclient-script" pid=570 comm="apparmor_parser"
Feb 20 08:28:12 ip-172-31-69-21 kernel: [    6.003059] audit: type=1400 audit(1519129687.000:10): apparmor="STATUS" operation="profile_load" profile="unconfined" name="/usr/bin/lxc-start" pid=572 comm="apparmor_parser"
Feb 20 08:28:12 ip-172-31-69-21 kernel: [    7.181199] ppdev: user-space parallel port driver
Feb 20 08:28:12 ip-172-31-69-21 kernel: [   10.792095] random: nonblocking pool is initialized
Feb 20 08:28:12 ip-172-31-69-21 kernel: [   11.377051] cgroup: new mount options do not match the existing superblock, will be ignored
Feb 20 08:28:12 ip-172-31-69-21 systemd-modules-load[378]: Inserted module 'iscsi_tcp'
Feb 20 08:28:12 ip-172-31-69-21 systemd-modules-load[378]: Inserted module 'ib_iser'
Feb 20 08:28:12 ip-172-31-69-21 loadkeys[387]: Loading /etc/console-setup/cached.kmap.gz
Feb 20 08:28:12 ip-172-31-69-21 systemd[1]: Started Load Kernel Modules.
Feb 20 08:28:12 ip-172-31-69-21 systemd[1]: Started Create list of required static device nodes for the current kernel.
Feb 20 08:28:12 ip-172-31-69-21 systemd[1]: Started Uncomplicated firewall.
Feb 20 08:28:12 ip-172-31-69-21 systemd[1]: Started Set console keymap.
Feb 20 08:28:12 ip-172-31-69-21 systemd[1]: Started Remount Root and Kernel File Systems.
Feb 20 08:28:12 ip-172-31-69-21 systemd[1]: Started Nameserver information manager.
Feb 20 08:28:12 ip-172-31-69-21 systemd[1]: Started LVM2 metadata daemon.
Feb 20 08:28:12 ip-172-31-69-21 systemd[1]: Starting Load/Save Random Seed...
Feb 20 08:28:12 ip-172-31-69-21 systemd[1]: Starting Initial cloud-init job (pre-networking)...
Feb 20 08:28:12 ip-172-31-69-21 systemd[1]: Starting udev Coldplug all Devices...
Feb 20 08:28:12 ip-172-31-69-21 systemd[1]: Starting Create Static Device Nodes in /dev...
Feb 20 08:28:12 ip-172-31-69-21 systemd[1]: Mounting FUSE Control File System...
Feb 20 08:28:12 ip-172-31-69-21 systemd[1]: Starting Apply Kernel Variables...
Feb 20 08:28:12 ip-172-31-69-21 systemd[1]: Starting Flush Journal to Persistent Storage...
Feb 20 08:28:12 ip-172-31-69-21 systemd[1]: Mounted FUSE Control File System.
Feb 20 08:28:12 ip-172-31-69-21 systemd[1]: Started Load/Save Random Seed.
Feb 20 08:28:12 ip-172-31-69-21 systemd[1]: Started Create Static Device Nodes in /dev.
Feb 20 08:28:12 ip-172-31-69-21 systemd[1]: Started Apply Kernel Variables.
Feb 20 08:28:12 ip-172-31-69-21 systemd[1]: Starting udev Kernel Device Manager...
Feb 20 08:28:12 ip-172-31-69-21 systemd[1]: Started Flush Journal to Persistent Storage.
Feb 20 08:28:12 ip-172-31-69-21 systemd[1]: Started udev Coldplug all Devices.
Feb 20 08:28:12 ip-172-31-69-21 systemd[1]: Started udev Kernel Device Manager.
Feb 20 08:28:12 ip-172-31-69-21 systemd[1]: Started Dispatch Password Requests to Console Directory Watch.
Feb 20 08:28:12 ip-172-31-69-21 systemd[1]: Started Monitoring of LVM2 mirrors, snapshots etc. using dmeventd or progress polling.
Feb 20 08:28:12 ip-172-31-69-21 systemd[1]: Reached target Local File Systems (Pre).
Feb 20 08:28:12 ip-172-31-69-21 systemd[1]: Reached target Local File Systems.
Feb 20 08:28:12 ip-172-31-69-21 systemd[1]: Starting Tell Plymouth To Write Out Runtime Data...
Feb 20 08:28:12 ip-172-31-69-21 systemd[1]: Starting LSB: AppArmor initialization...
Feb 20 08:28:12 ip-172-31-69-21 systemd[1]: Starting Create Volatile Files and Directories...
Feb 20 08:28:12 ip-172-31-69-21 systemd[1]: Starting Set console font and keymap...
Feb 20 08:28:12 ip-172-31-69-21 systemd-tmpfiles[489]: [/usr/lib/tmpfiles.d/var.conf:14] Duplicate line for path "/var/log", ignoring.
Feb 20 08:28:12 ip-172-31-69-21 systemd[1]: Started Tell Plymouth To Write Out Runtime Data.
Feb 20 08:28:12 ip-172-31-69-21 systemd[1]: Started Create Volatile Files and Directories.
Feb 20 08:28:12 ip-172-31-69-21 systemd[1]: Starting Network Time Synchronization...
Feb 20 08:28:12 ip-172-31-69-21 systemd[1]: Starting Update UTMP about System Boot/Shutdown...
Feb 20 08:28:12 ip-172-31-69-21 apparmor[485]:  * Starting AppArmor profiles
Feb 20 08:28:12 ip-172-31-69-21 systemd[1]: Started Update UTMP about System Boot/Shutdown.
Feb 20 08:28:12 ip-172-31-69-21 systemd[1]: Started Network Time Synchronization.
Feb 20 08:28:12 ip-172-31-69-21 systemd[1]: Reached target System Time Synchronized.
Feb 20 08:28:12 ip-172-31-69-21 systemd[1]: Found device /dev/ttyS0.
Feb 20 08:28:12 ip-172-31-69-21 apparmor[485]: Skipping profile in /etc/apparmor.d/disable: usr.sbin.rsyslogd
Feb 20 08:28:12 ip-172-31-69-21 apparmor[485]:    ...done.
Feb 20 08:28:12 ip-172-31-69-21 systemd[1]: Started LSB: AppArmor initialization.
Feb 20 08:28:12 ip-172-31-69-21 systemd[1]: Found device /sys/subsystem/net/devices/eth0.
Feb 20 08:28:12 ip-172-31-69-21 systemd[1]: Listening on Load/Save RF Kill Switch Status /dev/rfkill Watch.
Feb 20 08:28:12 ip-172-31-69-21 dhclient[813]: Internet Systems Consortium DHCP Client 4.3.3
Feb 20 08:28:12 ip-172-31-69-21 dhclient[813]: Copyright 2004-2015 Internet Systems Consortium.
Feb 20 08:28:12 ip-172-31-69-21 dhclient[813]: All rights reserved.
Feb 20 08:28:12 ip-172-31-69-21 dhclient[813]: For info, please visit https://www.isc.org/software/dhcp/
Feb 20 08:28:12 ip-172-31-69-21 dhclient[813]: 
Feb 20 08:28:12 ip-172-31-69-21 dhclient[813]: Listening on LPF/eth0/02:e1:be:f2:a9:10
Feb 20 08:28:12 ip-172-31-69-21 dhclient[813]: Sending on   LPF/eth0/02:e1:be:f2:a9:10
Feb 20 08:28:12 ip-172-31-69-21 dhclient[813]: Sending on   Socket/fallback
Feb 20 08:28:12 ip-172-31-69-21 dhclient[813]: DHCPDISCOVER on eth0 to 255.255.255.255 port 67 interval 3 (xid=0x6f29c209)
Feb 20 08:28:12 ip-172-31-69-21 systemd[1]: Started Set console font and keymap.
Feb 20 08:28:12 ip-172-31-69-21 systemd-udevd[479]: Process 'console-setup-tty /dev/tty6' failed with exit code 71.
Feb 20 08:28:12 ip-172-31-69-21 systemd[1]: Created slice system-getty.slice.
Feb 20 08:28:12 ip-172-31-69-21 dhclient[813]: DHCPDISCOVER on eth0 to 255.255.255.255 port 67 interval 7 (xid=0x6f29c209)
Feb 20 08:28:12 ip-172-31-69-21 dhclient[813]: DHCPREQUEST of 172.31.69.21 on eth0 to 255.255.255.255 port 67 (xid=0x9c2296f)
Feb 20 08:28:12 ip-172-31-69-21 dhclient[813]: DHCPOFFER of 172.31.69.21 from 172.31.69.1
Feb 20 08:28:12 ip-172-31-69-21 dhclient[813]: DHCPACK of 172.31.69.21 from 172.31.69.1
Feb 20 08:28:12 ip-172-31-69-21 dhclient[813]: bound to 172.31.69.21 -- renewal in 1660 seconds.
Feb 20 08:28:12 ip-172-31-69-21 cloud-init[442]: Cloud-init v. 17.1 running 'init-local' at Tue, 20 Feb 2018 12:28:07 +0000. Up 6.33 seconds.
Feb 20 08:28:12 ip-172-31-69-21 systemd[1]: Started Initial cloud-init job (pre-networking).
Feb 20 08:28:12 ip-172-31-69-21 systemd[1]: Reached target Network (Pre).
Feb 20 08:28:12 ip-172-31-69-21 systemd[1]: Starting Raise network interfaces...
Feb 20 08:28:12 ip-172-31-69-21 systemd[1]: Started ifup for eth0.
Feb 20 08:28:12 ip-172-31-69-21 dhclient[899]: Internet Systems Consortium DHCP Client 4.3.3
Feb 20 08:28:12 ip-172-31-69-21 sh[887]: Internet Systems Consortium DHCP Client 4.3.3
Feb 20 08:28:12 ip-172-31-69-21 dhclient[899]: Copyright 2004-2015 Internet Systems Consortium.
Feb 20 08:28:12 ip-172-31-69-21 sh[887]: Copyright 2004-2015 Internet Systems Consortium.
Feb 20 08:28:12 ip-172-31-69-21 dhclient[899]: All rights reserved.
Feb 20 08:28:12 ip-172-31-69-21 sh[887]: All rights reserved.
Feb 20 08:28:12 ip-172-31-69-21 dhclient[899]: For info, please visit https://www.isc.org/software/dhcp/
Feb 20 08:28:12 ip-172-31-69-21 sh[887]: For info, please visit https://www.isc.org/software/dhcp/
Feb 20 08:28:12 ip-172-31-69-21 dhclient[899]: 
Feb 20 08:28:12 ip-172-31-69-21 dhclient[899]: Listening on LPF/eth0/02:e1:be:f2:a9:10
Feb 20 08:28:12 ip-172-31-69-21 sh[887]: Listening on LPF/eth0/02:e1:be:f2:a9:10
Feb 20 08:28:12 ip-172-31-69-21 dhclient[899]: Sending on   LPF/eth0/02:e1:be:f2:a9:10
Feb 20 08:28:12 ip-172-31-69-21 sh[887]: Sending on   LPF/eth0/02:e1:be:f2:a9:10
Feb 20 08:28:12 ip-172-31-69-21 dhclient[899]: Sending on   Socket/fallback
Feb 20 08:28:12 ip-172-31-69-21 sh[887]: Sending on   Socket/fallback
Feb 20 08:28:12 ip-172-31-69-21 dhclient[899]: DHCPDISCOVER on eth0 to 255.255.255.255 port 67 interval 3 (xid=0xadceda3c)
Feb 20 08:28:12 ip-172-31-69-21 sh[887]: DHCPDISCOVER on eth0 to 255.255.255.255 port 67 interval 3 (xid=0xadceda3c)
Feb 20 08:28:12 ip-172-31-69-21 dhclient[899]: DHCPREQUEST of 172.31.69.21 on eth0 to 255.255.255.255 port 67 (xid=0x3cdacead)
Feb 20 08:28:12 ip-172-31-69-21 sh[887]: DHCPREQUEST of 172.31.69.21 on eth0 to 255.255.255.255 port 67 (xid=0x3cdacead)
Feb 20 08:28:12 ip-172-31-69-21 dhclient[899]: DHCPOFFER of 172.31.69.21 from 172.31.69.1
Feb 20 08:28:12 ip-172-31-69-21 sh[887]: DHCPOFFER of 172.31.69.21 from 172.31.69.1
Feb 20 08:28:12 ip-172-31-69-21 dhclient[899]: DHCPACK of 172.31.69.21 from 172.31.69.1
Feb 20 08:28:12 ip-172-31-69-21 sh[887]: DHCPACK of 172.31.69.21 from 172.31.69.1
Feb 20 08:28:12 ip-172-31-69-21 dhclient[899]: bound to 172.31.69.21 -- renewal in 1715 seconds.
Feb 20 08:28:12 ip-172-31-69-21 sh[887]: bound to 172.31.69.21 -- renewal in 1715 seconds.
Feb 20 08:28:12 ip-172-31-69-21 ifup[902]: /sbin/ifup: waiting for lock on /run/network/ifstate.eth0
Feb 20 08:28:12 ip-172-31-69-21 systemd[1]: Started Raise network interfaces.
Feb 20 08:28:12 ip-172-31-69-21 systemd[1]: Reached target Network.
Feb 20 08:28:12 ip-172-31-69-21 systemd[1]: Starting Initial cloud-init job (metadata service crawler)...
Feb 20 08:28:12 ip-172-31-69-21 cloud-init[1052]: Cloud-init v. 17.1 running 'init' at Tue, 20 Feb 2018 12:28:11 +0000. Up 10.81 seconds.
Feb 20 08:28:12 ip-172-31-69-21 cloud-init[1052]: ci-info: ++++++++++++++++++++++++++++++++++++++Net device info+++++++++++++++++++++++++++++++++++++++
Feb 20 08:28:12 ip-172-31-69-21 cloud-init[1052]: ci-info: +--------+------+----------------------------+-----------------+-------+-------------------+
Feb 20 08:28:12 ip-172-31-69-21 cloud-init[1052]: ci-info: | Device |  Up  |          Address           |       Mask      | Scope |     Hw-Address    |
Feb 20 08:28:12 ip-172-31-69-21 cloud-init[1052]: ci-info: +--------+------+----------------------------+-----------------+-------+-------------------+
Feb 20 08:28:12 ip-172-31-69-21 cloud-init[1052]: ci-info: |  eth0  | True |        172.31.69.21        | 255.255.255.224 |   .   | 02:e1:be:f2:a9:10 |
Feb 20 08:28:12 ip-172-31-69-21 cloud-init[1052]: ci-info: |  eth0  | True | fe80::e1:beff:fef2:a910/64 |        .        |  link | 02:e1:be:f2:a9:10 |
Feb 20 08:28:12 ip-172-31-69-21 cloud-init[1052]: ci-info: |   lo   | True |         127.0.0.1          |    255.0.0.0    |   .   |         .         |
Feb 20 08:28:12 ip-172-31-69-21 cloud-init[1052]: ci-info: |   lo   | True |          ::1/128           |        .        |  host |         .         |
Feb 20 08:28:12 ip-172-31-69-21 cloud-init[1052]: ci-info: +--------+------+----------------------------+-----------------+-------+-------------------+
Feb 20 08:28:12 ip-172-31-69-21 cloud-init[1052]: ci-info: ++++++++++++++++++++++++++++++Route IPv4 info++++++++++++++++++++++++++++++
Feb 20 08:28:12 ip-172-31-69-21 cloud-init[1052]: ci-info: +-------+-------------+-------------+-----------------+-----------+-------+
Feb 20 08:28:12 ip-172-31-69-21 cloud-init[1052]: ci-info: | Route | Destination |   Gateway   |     Genmask     | Interface | Flags |
Feb 20 08:28:12 ip-172-31-69-21 cloud-init[1052]: ci-info: +-------+-------------+-------------+-----------------+-----------+-------+
Feb 20 08:28:12 ip-172-31-69-21 cloud-init[1052]: ci-info: |   0   |   0.0.0.0   | 172.31.69.1 |     0.0.0.0     |    eth0   |   UG  |
Feb 20 08:28:12 ip-172-31-69-21 cloud-init[1052]: ci-info: |   1   | 172.31.69.0 |   0.0.0.0   | 255.255.255.224 |    eth0   |   U   |
Feb 20 08:28:12 ip-172-31-69-21 cloud-init[1052]: ci-info: +-------+-------------+-------------+-----------------+-----------+-------+
Feb 20 08:28:12 ip-172-31-69-21 systemd[1]: Started Initial cloud-init job (metadata service crawler).
Feb 20 08:28:12 ip-172-31-69-21 systemd[1]: Reached target Cloud-config availability.
Feb 20 08:28:12 ip-172-31-69-21 systemd[1]: Reached target System Initialization.
Feb 20 08:28:12 ip-172-31-69-21 systemd[1]: Starting Socket activation for snappy daemon.
Feb 20 08:28:12 ip-172-31-69-21 systemd[1]: Started ACPI Events Check.
Feb 20 08:28:12 ip-172-31-69-21 systemd[1]: Reached target Paths.
Feb 20 08:28:12 ip-172-31-69-21 systemd[1]: Started Timer to automatically refresh installed snaps.
Feb 20 08:28:12 ip-172-31-69-21 systemd[1]: Listening on UUID daemon activation socket.
Feb 20 08:28:12 ip-172-31-69-21 systemd[1]: Starting LXD - unix socket.
Feb 20 08:28:12 ip-172-31-69-21 systemd[1]: Listening on ACPID Listen Socket.
Feb 20 08:28:12 ip-172-31-69-21 systemd[1]: Started Daily Cleanup of Temporary Directories.
Feb 20 08:28:12 ip-172-31-69-21 systemd[1]: Listening on D-Bus System Message Bus Socket.
Feb 20 08:28:12 ip-172-31-69-21 systemd[1]: Reached target Network is Online.
Feb 20 08:28:12 ip-172-31-69-21 systemd[1]: Starting iSCSI initiator daemon (iscsid)...
Feb 20 08:28:12 ip-172-31-69-21 systemd[1]: Started Daily apt download activities.
Feb 20 08:28:12 ip-172-31-69-21 systemd[1]: Started Daily apt upgrade and clean activities.
Feb 20 08:28:12 ip-172-31-69-21 systemd[1]: Reached target Timers.
Feb 20 08:28:12 ip-172-31-69-21 systemd[1]: Listening on Socket activation for snappy daemon.
Feb 20 08:28:12 ip-172-31-69-21 systemd[1]: Listening on LXD - unix socket.
Feb 20 08:28:12 ip-172-31-69-21 systemd[1]: Reached target Sockets.
Feb 20 08:28:12 ip-172-31-69-21 iscsid: iSCSI logger with pid=1108 started!
Feb 20 08:28:12 ip-172-31-69-21 iscsid: iSCSI daemon with pid=1109 started!
Feb 20 08:28:12 ip-172-31-69-21 systemd[1]: Reached target Basic System.
Feb 20 08:28:12 ip-172-31-69-21 systemd[1]: Starting LSB: Record successful boot for GRUB...
Feb 20 08:28:12 ip-172-31-69-21 systemd[1]: Started FUSE filesystem for LXC.
Feb 20 08:28:12 ip-172-31-69-21 systemd[1]: Starting LSB: MD monitoring daemon...
Feb 20 08:28:12 ip-172-31-69-21 systemd[1]: Starting Accounts Service...
Feb 20 08:28:12 ip-172-31-69-21 lxcfs[1114]: hierarchies:
Feb 20 08:28:12 ip-172-31-69-21 lxcfs[1114]:   0: fd:   5: cpuset
Feb 20 08:28:12 ip-172-31-69-21 lxcfs[1114]:   1: fd:   6: memory
Feb 20 08:28:12 ip-172-31-69-21 lxcfs[1114]:   2: fd:   7: freezer
Feb 20 08:28:12 ip-172-31-69-21 lxcfs[1114]:   3: fd:   8: devices
Feb 20 08:28:12 ip-172-31-69-21 lxcfs[1114]:   4: fd:   9: pids
Feb 20 08:28:12 ip-172-31-69-21 lxcfs[1114]:   5: fd:  10: net_cls,net_prio
Feb 20 08:28:12 ip-172-31-69-21 lxcfs[1114]:   6: fd:  11: blkio
Feb 20 08:28:12 ip-172-31-69-21 lxcfs[1114]:   7: fd:  12: hugetlb
Feb 20 08:28:12 ip-172-31-69-21 lxcfs[1114]:   8: fd:  13: cpu,cpuacct
Feb 20 08:28:12 ip-172-31-69-21 lxcfs[1114]:   9: fd:  14: perf_event
Feb 20 08:28:12 ip-172-31-69-21 lxcfs[1114]:  10: fd:  15: name=systemd
Feb 20 08:28:12 ip-172-31-69-21 systemd[1]: Starting Apply the settings specified in cloud-config...
Feb 20 08:28:12 ip-172-31-69-21 systemd[1]: Starting Initialize hardware monitoring sensors...
Feb 20 08:28:12 ip-172-31-69-21 systemd[1]: Starting System Logging Service...
Feb 20 08:28:12 ip-172-31-69-21 systemd[1]: Started ACPI event daemon.
Feb 20 08:28:12 ip-172-31-69-21 sensors[1134]: No sensors found!
Feb 20 08:28:12 ip-172-31-69-21 sensors[1134]: Make sure you loaded all the kernel drivers you need.
Feb 20 08:28:12 ip-172-31-69-21 sensors[1134]: Try sensors-detect to find out which these are.
Feb 20 08:28:12 ip-172-31-69-21 systemd[1]: Starting LXD - container startup/shutdown...
Feb 20 08:28:12 ip-172-31-69-21 acpid: starting up with netlink and the input layer
Feb 20 08:28:12 ip-172-31-69-21 acpid: 1 rule loaded
Feb 20 08:28:12 ip-172-31-69-21 acpid: waiting for events: event logging is off
Feb 20 08:28:12 ip-172-31-69-21 systemd[1]: Started Regular background program processing daemon.
Feb 20 08:28:12 ip-172-31-69-21 systemd[1]: Started D-Bus System Message Bus.
Feb 20 08:28:12 ip-172-31-69-21 cron[1147]: (CRON) INFO (pidfile fd = 3)
Feb 20 08:28:12 ip-172-31-69-21 cron[1147]: (CRON) INFO (Running @reboot jobs)
Feb 20 08:28:12 ip-172-31-69-21 dbus[1150]: [system] AppArmor D-Bus mediation is enabled
Feb 20 08:28:12 ip-172-31-69-21 systemd[1]: Starting /etc/rc.local Compatibility...
Feb 20 08:28:12 ip-172-31-69-21 systemd[1]: Starting OpenBSD Secure Shell server...
Feb 20 08:28:12 ip-172-31-69-21 systemd[1]: Starting Login Service...
Feb 20 08:28:12 ip-172-31-69-21 systemd[1]: Started Deferred execution scheduler.
Feb 20 08:28:12 ip-172-31-69-21 systemd[1]: Started Unattended Upgrades Shutdown.
Feb 20 08:28:12 ip-172-31-69-21 systemd[1]: Starting Snappy daemon...
Feb 20 08:28:12 ip-172-31-69-21 dbus[1150]: [system] Activating via systemd: service name='org.freedesktop.PolicyKit1' unit='polkitd.service'
Feb 20 08:28:12 ip-172-31-69-21 systemd[1]: Started System Logging Service.
Feb 20 08:28:12 ip-172-31-69-21 systemd[1]: Started iSCSI initiator daemon (iscsid).
Feb 20 08:28:12 ip-172-31-69-21 systemd[1]: Started /etc/rc.local Compatibility.
Feb 20 08:28:12 ip-172-31-69-21 sensors[1177]: No sensors found!
Feb 20 08:28:12 ip-172-31-69-21 sensors[1177]: Make sure you loaded all the kernel drivers you need.
Feb 20 08:28:12 ip-172-31-69-21 sensors[1177]: Try sensors-detect to find out which these are.
Feb 20 08:28:12 ip-172-31-69-21 systemd[1]: Started Initialize hardware monitoring sensors.
Feb 20 08:28:12 ip-172-31-69-21 systemd[1]: Started OpenBSD Secure Shell server.
Feb 20 08:28:12 ip-172-31-69-21 mdadm[1120]:  * Starting MD monitoring service mdadm --monitor
Feb 20 08:28:12 ip-172-31-69-21 systemd[1]: Started LSB: Record successful boot for GRUB.
Feb 20 08:28:12 ip-172-31-69-21 mdadm[1120]:    ...done.
Feb 20 08:28:12 ip-172-31-69-21 systemd[1]: Started LSB: MD monitoring daemon.
Feb 20 08:28:12 ip-172-31-69-21 systemd[1]: Started LXD - container startup/shutdown.
Feb 20 08:28:12 ip-172-31-69-21 systemd[1]: Started Login Service.
Feb 20 08:28:12 ip-172-31-69-21 systemd[1]: Starting Authenticate and Authorize Users to Run Privileged Tasks...
Feb 20 08:28:12 ip-172-31-69-21 systemd[1]: Starting Login to default iSCSI targets...
Feb 20 08:28:12 ip-172-31-69-21 polkitd[1194]: started daemon version 0.105 using authority implementation `local' version `0.105'
Feb 20 08:28:12 ip-172-31-69-21 dbus[1150]: [system] Successfully activated service 'org.freedesktop.PolicyKit1'
Feb 20 08:28:12 ip-172-31-69-21 systemd[1]: Started Authenticate and Authorize Users to Run Privileged Tasks.
Feb 20 08:28:12 ip-172-31-69-21 accounts-daemon[1125]: started daemon version 0.6.40
Feb 20 08:28:12 ip-172-31-69-21 iscsiadm[1205]: iscsiadm: No records found
Feb 20 08:28:12 ip-172-31-69-21 systemd[1]: Started Accounts Service.
Feb 20 08:28:12 ip-172-31-69-21 systemd[1]: Started Login to default iSCSI targets.
Feb 20 08:28:12 ip-172-31-69-21 snapd[1174]: AppArmor status: apparmor is enabled and all features are available
Feb 20 08:28:12 ip-172-31-69-21 systemd[1]: Reached target Remote File Systems (Pre).
Feb 20 08:28:12 ip-172-31-69-21 snapd[1174]: 2018/02/20 08:28:12.880285 daemon.go:306: started snapd/2.29.4.2 (series 16; classic) ubuntu/16.04 (amd64) linux/4.4.0-1049-aws.
Feb 20 08:28:12 ip-172-31-69-21 systemd[1]: Reached target Remote File Systems.
Feb 20 08:28:12 ip-172-31-69-21 systemd[1]: Starting LSB: automatic crash report generation...
Feb 20 08:28:12 ip-172-31-69-21 systemd[1]: Starting LSB: daemon to balance interrupts for SMP systems...
Feb 20 08:28:12 ip-172-31-69-21 systemd[1]: Starting LSB: Set the CPU Frequency Scaling governor to "ondemand"...
Feb 20 08:28:12 ip-172-31-69-21 systemd[1]: Starting LSB: disk temperature monitoring daemon...
Feb 20 08:28:12 ip-172-31-69-21 systemd[1]: Starting Permit User Sessions...
Feb 20 08:28:12 ip-172-31-69-21 systemd[1]: Started Snappy daemon.
Feb 20 08:28:12 ip-172-31-69-21 systemd[1]: Started Permit User Sessions.
Feb 20 08:28:12 ip-172-31-69-21 apport[1213]:  * Starting automatic crash report generation: apport
Feb 20 08:28:13 ip-172-31-69-21 irqbalance[1215]:  * Starting SMP IRQ Balancer: irqbalance
Feb 20 08:28:13 ip-172-31-69-21 systemd[1]: Started LSB: Set the CPU Frequency Scaling governor to "ondemand".
Feb 20 08:28:13 ip-172-31-69-21 systemd[1]: Started LSB: disk temperature monitoring daemon.
Feb 20 08:28:13 ip-172-31-69-21 apport[1213]:    ...done.
Feb 20 08:28:13 ip-172-31-69-21 /usr/sbin/irqbalance: Balancing is ineffective on systems with a single cpu.  Shutting down
Feb 20 08:28:13 ip-172-31-69-21 irqbalance[1215]:    ...done.
Feb 20 08:28:13 ip-172-31-69-21 systemd[1]: Started LSB: automatic crash report generation.
Feb 20 08:28:13 ip-172-31-69-21 systemd[1]: Started LSB: daemon to balance interrupts for SMP systems.
Feb 20 08:28:13 ip-172-31-69-21 systemd[1]: Starting Terminate Plymouth Boot Screen...
Feb 20 08:28:13 ip-172-31-69-21 systemd[1]: Starting Hold until boot process finishes up...
Feb 20 08:28:13 ip-172-31-69-21 systemd[1]: Started Terminate Plymouth Boot Screen.
Feb 20 08:28:13 ip-172-31-69-21 systemd[1]: Started Hold until boot process finishes up.
Feb 20 08:28:13 ip-172-31-69-21 systemd[1]: Starting Set console scheme...
Feb 20 08:28:13 ip-172-31-69-21 systemd[1]: Started Serial Getty on ttyS0.
Feb 20 08:28:13 ip-172-31-69-21 systemd[1]: Started Getty on tty1.
Feb 20 08:28:13 ip-172-31-69-21 systemd[1]: Reached target Login Prompts.
Feb 20 08:28:13 ip-172-31-69-21 systemd[1]: Reached target Multi-User System.
Feb 20 08:28:13 ip-172-31-69-21 systemd[1]: Reached target Graphical Interface.
Feb 20 08:28:13 ip-172-31-69-21 systemd[1]: Starting Update UTMP about System Runlevel Changes...
Feb 20 08:28:13 ip-172-31-69-21 systemd[1]: Started Set console scheme.
Feb 20 08:28:13 ip-172-31-69-21 systemd[1]: Started Update UTMP about System Runlevel Changes.
Feb 20 08:28:13 ip-172-31-69-21 cloud-init[1131]: Cloud-init v. 17.1 running 'modules:config' at Tue, 20 Feb 2018 12:28:13 +0000. Up 12.27 seconds.
Feb 20 08:28:13 ip-172-31-69-21 systemd[1]: Started Apply the settings specified in cloud-config.
Feb 20 08:28:13 ip-172-31-69-21 systemd[1]: Starting Execute cloud user/final scripts...
Feb 20 08:28:13 ip-172-31-69-21 cloud-init[1289]: Cloud-init v. 17.1 running 'modules:final' at Tue, 20 Feb 2018 12:28:13 +0000. Up 12.67 seconds.
Feb 20 08:28:13 ip-172-31-69-21 cloud-init[1289]: Cloud-init v. 17.1 finished at Tue, 20 Feb 2018 12:28:13 +0000. Datasource DataSourceEc2Local.  Up 12.78 seconds
Feb 20 08:28:13 ip-172-31-69-21 systemd[1]: Started Execute cloud user/final scripts.
Feb 20 08:28:13 ip-172-31-69-21 systemd[1]: Reached target Cloud-init target.
Feb 20 08:28:13 ip-172-31-69-21 systemd[1]: Startup finished in 4.120s (kernel) + 8.774s (userspace) = 12.894s.
Feb 20 08:28:36 ip-172-31-69-21 systemd-timesyncd[507]: Synchronized to time server 91.189.91.157:123 (ntp.ubuntu.com).
Feb 20 08:33:02 ip-172-31-69-21 systemd[1]: Created slice User Slice of ubuntu.
Feb 20 08:33:02 ip-172-31-69-21 systemd[1]: Starting User Manager for UID 1000...
Feb 20 08:33:02 ip-172-31-69-21 systemd[1]: Started Session 1 of user ubuntu.
Feb 20 08:33:02 ip-172-31-69-21 systemd[1310]: Reached target Paths.
Feb 20 08:33:02 ip-172-31-69-21 systemd[1310]: Reached target Sockets.
Feb 20 08:33:02 ip-172-31-69-21 systemd[1310]: Reached target Timers.
Feb 20 08:33:02 ip-172-31-69-21 systemd[1310]: Reached target Basic System.
Feb 20 08:33:02 ip-172-31-69-21 systemd[1310]: Reached target Default.
Feb 20 08:33:02 ip-172-31-69-21 systemd[1310]: Startup finished in 24ms.
Feb 20 08:33:02 ip-172-31-69-21 systemd[1]: Started User Manager for UID 1000.
Feb 20 08:33:13 ip-172-31-69-21 kernel: [  312.444860] Netfilter messages via NETLINK v0.30.
Feb 20 08:33:13 ip-172-31-69-21 kernel: [  312.451937] device eth0 entered promiscuous mode
Feb 20 08:43:15 ip-172-31-69-21 systemd[1]: Starting Cleanup of Temporary Directories...
Feb 20 08:43:15 ip-172-31-69-21 systemd-tmpfiles[1430]: [/usr/lib/tmpfiles.d/var.conf:14] Duplicate line for path "/var/log", ignoring.
Feb 20 08:43:15 ip-172-31-69-21 systemd[1]: Started Cleanup of Temporary Directories.
Feb 20 08:56:46 ip-172-31-69-21 dhclient[992]: DHCPREQUEST of 172.31.69.21 on eth0 to 172.31.69.1 port 67 (xid=0x3cdacead)
Feb 20 08:56:46 ip-172-31-69-21 dhclient[992]: DHCPACK of 172.31.69.21 from 172.31.69.1
Feb 20 08:56:46 ip-172-31-69-21 dhclient[992]: bound to 172.31.69.21 -- renewal in 1731 seconds.
Feb 20 09:17:01 ip-172-31-69-21 CRON[1581]: (root) CMD (   cd / && run-parts --report /etc/cron.hourly)
Feb 20 09:25:37 ip-172-31-69-21 dhclient[992]: DHCPREQUEST of 172.31.69.21 on eth0 to 172.31.69.1 port 67 (xid=0x3cdacead)
Feb 20 09:25:37 ip-172-31-69-21 dhclient[992]: DHCPACK of 172.31.69.21 from 172.31.69.1
Feb 20 09:25:37 ip-172-31-69-21 dhclient[992]: bound to 172.31.69.21 -- renewal in 1555 seconds.
Feb 20 09:51:32 ip-172-31-69-21 dhclient[992]: DHCPREQUEST of 172.31.69.21 on eth0 to 172.31.69.1 port 67 (xid=0x3cdacead)
Feb 20 09:51:32 ip-172-31-69-21 dhclient[992]: DHCPACK of 172.31.69.21 from 172.31.69.1
Feb 20 09:51:32 ip-172-31-69-21 dhclient[992]: bound to 172.31.69.21 -- renewal in 1356 seconds.
Feb 20 10:14:08 ip-172-31-69-21 dhclient[992]: DHCPREQUEST of 172.31.69.21 on eth0 to 172.31.69.1 port 67 (xid=0x3cdacead)
Feb 20 10:14:08 ip-172-31-69-21 dhclient[992]: DHCPACK of 172.31.69.21 from 172.31.69.1
Feb 20 10:14:08 ip-172-31-69-21 dhclient[992]: bound to 172.31.69.21 -- renewal in 1507 seconds.
Feb 20 10:17:01 ip-172-31-69-21 CRON[1632]: (root) CMD (   cd / && run-parts --report /etc/cron.hourly)
Feb 20 10:39:15 ip-172-31-69-21 dhclient[992]: DHCPREQUEST of 172.31.69.21 on eth0 to 172.31.69.1 port 67 (xid=0x3cdacead)
Feb 20 10:39:15 ip-172-31-69-21 dhclient[992]: DHCPACK of 172.31.69.21 from 172.31.69.1
Feb 20 10:39:15 ip-172-31-69-21 dhclient[992]: bound to 172.31.69.21 -- renewal in 1374 seconds.
Feb 20 11:02:09 ip-172-31-69-21 dhclient[992]: DHCPREQUEST of 172.31.69.21 on eth0 to 172.31.69.1 port 67 (xid=0x3cdacead)
Feb 20 11:02:09 ip-172-31-69-21 dhclient[992]: DHCPACK of 172.31.69.21 from 172.31.69.1
Feb 20 11:02:09 ip-172-31-69-21 dhclient[992]: bound to 172.31.69.21 -- renewal in 1508 seconds.
Feb 20 11:17:01 ip-172-31-69-21 CRON[1685]: (root) CMD (   cd / && run-parts --report /etc/cron.hourly)
Feb 20 11:27:17 ip-172-31-69-21 dhclient[992]: DHCPREQUEST of 172.31.69.21 on eth0 to 172.31.69.1 port 67 (xid=0x3cdacead)
Feb 20 11:27:17 ip-172-31-69-21 dhclient[992]: DHCPACK of 172.31.69.21 from 172.31.69.1
Feb 20 11:27:17 ip-172-31-69-21 dhclient[992]: bound to 172.31.69.21 -- renewal in 1494 seconds.
Feb 20 11:52:11 ip-172-31-69-21 dhclient[992]: DHCPREQUEST of 172.31.69.21 on eth0 to 172.31.69.1 port 67 (xid=0x3cdacead)
Feb 20 11:52:11 ip-172-31-69-21 dhclient[992]: DHCPACK of 172.31.69.21 from 172.31.69.1
Feb 20 11:52:11 ip-172-31-69-21 dhclient[992]: bound to 172.31.69.21 -- renewal in 1561 seconds.
Feb 20 12:17:01 ip-172-31-69-21 CRON[1728]: (root) CMD (   cd / && run-parts --report /etc/cron.hourly)
Feb 20 12:18:12 ip-172-31-69-21 dhclient[992]: DHCPREQUEST of 172.31.69.21 on eth0 to 172.31.69.1 port 67 (xid=0x3cdacead)
Feb 20 12:18:12 ip-172-31-69-21 dhclient[992]: DHCPACK of 172.31.69.21 from 172.31.69.1
Feb 20 12:18:12 ip-172-31-69-21 dhclient[992]: bound to 172.31.69.21 -- renewal in 1500 seconds.
Feb 20 12:43:12 ip-172-31-69-21 dhclient[992]: DHCPREQUEST of 172.31.69.21 on eth0 to 172.31.69.1 port 67 (xid=0x3cdacead)
Feb 20 12:43:12 ip-172-31-69-21 dhclient[992]: DHCPACK of 172.31.69.21 from 172.31.69.1
Feb 20 12:43:12 ip-172-31-69-21 dhclient[992]: bound to 172.31.69.21 -- renewal in 1368 seconds.
Feb 20 13:06:00 ip-172-31-69-21 dhclient[992]: DHCPREQUEST of 172.31.69.21 on eth0 to 172.31.69.1 port 67 (xid=0x3cdacead)
Feb 20 13:06:00 ip-172-31-69-21 dhclient[992]: DHCPACK of 172.31.69.21 from 172.31.69.1
Feb 20 13:06:00 ip-172-31-69-21 dhclient[992]: bound to 172.31.69.21 -- renewal in 1642 seconds.
Feb 20 13:17:01 ip-172-31-69-21 CRON[1780]: (root) CMD (   cd / && run-parts --report /etc/cron.hourly)
Feb 20 13:33:22 ip-172-31-69-21 dhclient[992]: DHCPREQUEST of 172.31.69.21 on eth0 to 172.31.69.1 port 67 (xid=0x3cdacead)
Feb 20 13:33:22 ip-172-31-69-21 dhclient[992]: DHCPACK of 172.31.69.21 from 172.31.69.1
Feb 20 13:33:22 ip-172-31-69-21 dhclient[992]: bound to 172.31.69.21 -- renewal in 1751 seconds.
Feb 20 13:47:01 ip-172-31-69-21 CRON[1797]: (root) CMD (nohup tcpdump > /home/ubuntu/capture/dump$(hostname -I) &  )
Feb 20 14:02:33 ip-172-31-69-21 dhclient[992]: DHCPREQUEST of 172.31.69.21 on eth0 to 172.31.69.1 port 67 (xid=0x3cdacead)
Feb 20 14:02:33 ip-172-31-69-21 dhclient[992]: DHCPACK of 172.31.69.21 from 172.31.69.1
Feb 20 14:02:33 ip-172-31-69-21 dhclient[992]: bound to 172.31.69.21 -- renewal in 1790 seconds.
Feb 20 14:17:01 ip-172-31-69-21 CRON[1815]: (root) CMD (   cd / && run-parts --report /etc/cron.hourly)
Feb 20 14:32:23 ip-172-31-69-21 dhclient[992]: DHCPREQUEST of 172.31.69.21 on eth0 to 172.31.69.1 port 67 (xid=0x3cdacead)
Feb 20 14:32:23 ip-172-31-69-21 dhclient[992]: DHCPACK of 172.31.69.21 from 172.31.69.1
Feb 20 14:32:23 ip-172-31-69-21 dhclient[992]: bound to 172.31.69.21 -- renewal in 1513 seconds.
Feb 20 14:57:36 ip-172-31-69-21 dhclient[992]: DHCPREQUEST of 172.31.69.21 on eth0 to 172.31.69.1 port 67 (xid=0x3cdacead)
Feb 20 14:57:36 ip-172-31-69-21 dhclient[992]: DHCPACK of 172.31.69.21 from 172.31.69.1
Feb 20 14:57:36 ip-172-31-69-21 dhclient[992]: bound to 172.31.69.21 -- renewal in 1740 seconds.
Feb 20 15:17:01 ip-172-31-69-21 CRON[1842]: (root) CMD (   cd / && run-parts --report /etc/cron.hourly)
Feb 20 15:26:36 ip-172-31-69-21 dhclient[992]: DHCPREQUEST of 172.31.69.21 on eth0 to 172.31.69.1 port 67 (xid=0x3cdacead)
Feb 20 15:26:36 ip-172-31-69-21 dhclient[992]: DHCPACK of 172.31.69.21 from 172.31.69.1
Feb 20 15:26:36 ip-172-31-69-21 dhclient[992]: bound to 172.31.69.21 -- renewal in 1420 seconds.
Feb 20 15:50:17 ip-172-31-69-21 dhclient[992]: DHCPREQUEST of 172.31.69.21 on eth0 to 172.31.69.1 port 67 (xid=0x3cdacead)
Feb 20 15:50:17 ip-172-31-69-21 dhclient[992]: DHCPACK of 172.31.69.21 from 172.31.69.1
Feb 20 15:50:17 ip-172-31-69-21 dhclient[992]: bound to 172.31.69.21 -- renewal in 1713 seconds.
Feb 20 16:17:01 ip-172-31-69-21 CRON[1875]: (root) CMD (   cd / && run-parts --report /etc/cron.hourly)
Feb 20 16:18:50 ip-172-31-69-21 dhclient[992]: DHCPREQUEST of 172.31.69.21 on eth0 to 172.31.69.1 port 67 (xid=0x3cdacead)
Feb 20 16:18:50 ip-172-31-69-21 dhclient[992]: DHCPACK of 172.31.69.21 from 172.31.69.1
Feb 20 16:18:50 ip-172-31-69-21 dhclient[992]: bound to 172.31.69.21 -- renewal in 1546 seconds.
Feb 20 16:44:36 ip-172-31-69-21 dhclient[992]: DHCPREQUEST of 172.31.69.21 on eth0 to 172.31.69.1 port 67 (xid=0x3cdacead)
Feb 20 16:44:36 ip-172-31-69-21 dhclient[992]: DHCPACK of 172.31.69.21 from 172.31.69.1
Feb 20 16:44:36 ip-172-31-69-21 dhclient[992]: bound to 172.31.69.21 -- renewal in 1659 seconds.
Feb 20 17:12:15 ip-172-31-69-21 dhclient[992]: DHCPREQUEST of 172.31.69.21 on eth0 to 172.31.69.1 port 67 (xid=0x3cdacead)
Feb 20 17:12:15 ip-172-31-69-21 dhclient[992]: DHCPACK of 172.31.69.21 from 172.31.69.1
Feb 20 17:12:15 ip-172-31-69-21 dhclient[992]: bound to 172.31.69.21 -- renewal in 1743 seconds.
Feb 20 17:17:01 ip-172-31-69-21 CRON[1935]: (root) CMD (   cd / && run-parts --report /etc/cron.hourly)
