Feb 15 06:50:23 ip-172-31-69-18 dhclient[967]: DHCPREQUEST of 172.31.69.18 on eth0 to 172.31.69.1 port 67 (xid=0x3fe031ab)
Feb 15 06:50:23 ip-172-31-69-18 dhclient[967]: DHCPACK of 172.31.69.18 from 172.31.69.1
Feb 15 06:50:23 ip-172-31-69-18 dhclient[967]: bound to 172.31.69.18 -- renewal in 1461 seconds.
Feb 15 07:14:44 ip-172-31-69-18 dhclient[967]: DHCPREQUEST of 172.31.69.18 on eth0 to 172.31.69.1 port 67 (xid=0x3fe031ab)
Feb 15 07:14:44 ip-172-31-69-18 dhclient[967]: DHCPACK of 172.31.69.18 from 172.31.69.1
Feb 15 07:14:44 ip-172-31-69-18 dhclient[967]: bound to 172.31.69.18 -- renewal in 1556 seconds.
Feb 15 07:17:01 ip-172-31-69-18 CRON[7085]: (root) CMD (   cd / && run-parts --report /etc/cron.hourly)
Feb 15 07:40:40 ip-172-31-69-18 dhclient[967]: DHCPREQUEST of 172.31.69.18 on eth0 to 172.31.69.1 port 67 (xid=0x3fe031ab)
Feb 15 07:40:40 ip-172-31-69-18 dhclient[967]: DHCPACK of 172.31.69.18 from 172.31.69.1
Feb 15 07:40:40 ip-172-31-69-18 dhclient[967]: bound to 172.31.69.18 -- renewal in 1369 seconds.
Feb 15 08:03:29 ip-172-31-69-18 dhclient[967]: DHCPREQUEST of 172.31.69.18 on eth0 to 172.31.69.1 port 67 (xid=0x3fe031ab)
Feb 15 08:03:29 ip-172-31-69-18 dhclient[967]: DHCPACK of 172.31.69.18 from 172.31.69.1
Feb 15 08:03:29 ip-172-31-69-18 dhclient[967]: bound to 172.31.69.18 -- renewal in 1399 seconds.
Feb 15 08:17:01 ip-172-31-69-18 CRON[7116]: (root) CMD (   cd / && run-parts --report /etc/cron.hourly)
Feb 15 08:22:58 ip-172-31-69-18 systemd[1]: Received SIGINT.
Feb 15 08:22:58 ip-172-31-69-18 systemd[1]: Stopping User Manager for UID 1000...
Feb 15 08:22:58 ip-172-31-69-18 systemd[1327]: Reached target Shutdown.
Feb 15 08:22:58 ip-172-31-69-18 systemd[1327]: Stopped target Default.
Feb 15 08:22:58 ip-172-31-69-18 systemd[1327]: Stopped target Basic System.
Feb 15 08:22:58 ip-172-31-69-18 systemd[1327]: Stopped target Timers.
Feb 15 08:22:58 ip-172-31-69-18 systemd[1327]: Stopped target Paths.
Feb 15 08:22:58 ip-172-31-69-18 systemd[1327]: Stopped target Sockets.
Feb 15 08:22:58 ip-172-31-69-18 systemd[1327]: Starting Exit the Session...
Feb 15 08:22:58 ip-172-31-69-18 systemd[1]: Stopped target Cloud-init target.
Feb 15 08:22:58 ip-172-31-69-18 systemd[1327]: Received SIGRTMIN+24 from PID 7119 (kill).
Feb 15 08:22:58 ip-172-31-69-18 systemd[1]: Stopping ACPI event daemon...
Feb 15 08:22:58 ip-172-31-69-18 systemd[1]: Stopping Session 59 of user ubuntu.
Feb 15 08:22:58 ip-172-31-69-18 systemd[1]: Closed Load/Save RF Kill Switch Status /dev/rfkill Watch.
Feb 15 08:22:58 ip-172-31-69-18 systemd[1]: Stopped Execute cloud user/final scripts.
Feb 15 08:22:58 ip-172-31-69-18 systemd[1]: Stopping Session 1 of user ubuntu.
Feb 15 08:22:58 ip-172-31-69-18 systemd[1]: Stopped target Timers.
Feb 15 08:22:58 ip-172-31-69-18 systemd[1]: Stopped Timer to automatically refresh installed snaps.
Feb 15 08:22:58 ip-172-31-69-18 systemd[1]: Stopped Daily Cleanup of Temporary Directories.
Feb 15 08:22:58 ip-172-31-69-18 systemd[1]: Stopped Apply the settings specified in cloud-config.
Feb 15 08:22:58 ip-172-31-69-18 systemd[1]: Stopped target Cloud-config availability.
Feb 15 08:22:58 ip-172-31-69-18 systemd[1]: Stopped Daily apt upgrade and clean activities.
Feb 15 08:22:58 ip-172-31-69-18 kernel: [258689.163704] device eth0 left promiscuous mode
Feb 15 08:22:58 ip-172-31-69-18 systemd[1]: Stopping Session 30 of user ubuntu.
Feb 15 08:22:58 ip-172-31-69-18 systemd[1]: Stopped target Graphical Interface.
Feb 15 08:22:58 ip-172-31-69-18 systemd[1]: Stopping Accounts Service...
Feb 15 08:22:58 ip-172-31-69-18 systemd[1]: Stopped target Multi-User System.
Feb 15 08:22:58 ip-172-31-69-18 systemd[1]: Stopping Regular background program processing daemon...
Feb 15 08:22:58 ip-172-31-69-18 snapd[1117]: 2018/02/15 08:22:58.169025 main.go:78: Exiting on terminated signal.
Feb 15 08:22:58 ip-172-31-69-18 systemd[1]: Stopping Snappy daemon...
Feb 15 08:22:58 ip-172-31-69-18 systemd[1]: Stopping LSB: daemon to balance interrupts for SMP systems...
Feb 15 08:22:58 ip-172-31-69-18 systemd[1]: Stopped target Login Prompts.
Feb 15 08:22:58 ip-172-31-69-18 systemd[1]: Stopping Serial Getty on ttyS0...
Feb 15 08:22:58 ip-172-31-69-18 systemd[1]: Stopping Getty on tty1...
Feb 15 08:22:58 ip-172-31-69-18 systemd[1]: Stopping LSB: Record successful boot for GRUB...
Feb 15 08:22:58 ip-172-31-69-18 systemd[1]: Stopping LXD - container startup/shutdown...
Feb 15 08:22:58 ip-172-31-69-18 systemd[1]: Stopping FUSE filesystem for LXC...
Feb 15 08:22:58 ip-172-31-69-18 systemd[1]: Stopped Initialize hardware monitoring sensors.
Feb 15 08:22:58 ip-172-31-69-18 systemd[1]: Stopping Deferred execution scheduler...
Feb 15 08:22:58 ip-172-31-69-18 systemd[1]: Stopping LSB: Set the CPU Frequency Scaling governor to "ondemand"...
Feb 15 08:22:58 ip-172-31-69-18 systemd[1]: Stopping LSB: MD monitoring daemon...
Feb 15 08:22:58 ip-172-31-69-18 systemd[1]: Stopping Unattended Upgrades Shutdown...
Feb 15 08:22:58 ip-172-31-69-18 systemd[1]: Stopping LSB: disk temperature monitoring daemon...
Feb 15 08:22:58 ip-172-31-69-18 systemd[1]: Stopping LSB: automatic crash report generation...
Feb 15 08:22:58 ip-172-31-69-18 systemd[1]: Stopping D-Bus System Message Bus...
Feb 15 08:22:58 ip-172-31-69-18 systemd[1]: Stopped Daily apt download activities.
Feb 15 08:22:58 ip-172-31-69-18 systemd[1]: Stopped target System Time Synchronized.
Feb 15 08:22:58 ip-172-31-69-18 systemd[1]: Stopping OpenBSD Secure Shell server...
Feb 15 08:22:58 ip-172-31-69-18 systemd[1]: Stopping Authenticate and Authorize Users to Run Privileged Tasks...
Feb 15 06:25:01 ip-172-31-69-18 rsyslogd: message repeated 2 times: [ [origin software="rsyslogd" swVersion="8.16.0" x-pid="1104" x-info="http://www.rsyslog.com"] rsyslogd was HUPed]
Feb 15 08:22:58 ip-172-31-69-18 rsyslogd: [origin software="rsyslogd" swVersion="8.16.0" x-pid="1104" x-info="http://www.rsyslog.com"] exiting on signal 15.
Feb 15 08:23:32 ip-172-31-69-18 rsyslogd: [origin software="rsyslogd" swVersion="8.16.0" x-pid="1168" x-info="http://www.rsyslog.com"] start
Feb 15 08:23:32 ip-172-31-69-18 rsyslogd-2222: command 'KLogPermitNonKernelFacility' is currently not permitted - did you already set it via a RainerScript command (v6+ config)? [v8.16.0 try http://www.rsyslog.com/e/2222 ]
Feb 15 08:23:32 ip-172-31-69-18 rsyslogd: rsyslogd's groupid changed to 108
Feb 15 08:23:32 ip-172-31-69-18 rsyslogd: rsyslogd's userid changed to 104
Feb 15 08:23:32 ip-172-31-69-18 rsyslogd-2039: Could not open output pipe '/dev/xconsole':: No such file or directory [v8.16.0 try http://www.rsyslog.com/e/2039 ]
Feb 15 08:23:32 ip-172-31-69-18 rsyslogd-2007: action 'action 11' suspended, next retry is Thu Feb 15 08:24:02 2018 [v8.16.0 try http://www.rsyslog.com/e/2007 ]
Feb 15 08:23:32 ip-172-31-69-18 kernel: [    0.000000] Initializing cgroup subsys cpuset
Feb 15 08:23:32 ip-172-31-69-18 kernel: [    0.000000] Initializing cgroup subsys cpu
Feb 15 08:23:32 ip-172-31-69-18 kernel: [    0.000000] Initializing cgroup subsys cpuacct
Feb 15 08:23:32 ip-172-31-69-18 kernel: [    0.000000] Linux version 4.4.0-1049-aws (buildd@lcy01-amd64-001) (gcc version 5.4.0 20160609 (Ubuntu 5.4.0-6ubuntu1~16.04.5) ) #58-Ubuntu SMP Fri Jan 12 23:17:09 UTC 2018 (Ubuntu 4.4.0-1049.58-aws 4.4.98)
Feb 15 08:23:32 ip-172-31-69-18 kernel: [    0.000000] Command line: BOOT_IMAGE=/boot/vmlinuz-4.4.0-1049-aws root=UUID=ccee1a8d-0785-4b3a-a578-812d59f5d3e1 ro console=tty1 console=ttyS0 nvme.io_timeout=4294967295
Feb 15 08:23:32 ip-172-31-69-18 kernel: [    0.000000] KERNEL supported cpus:
Feb 15 08:23:32 ip-172-31-69-18 kernel: [    0.000000]   Intel GenuineIntel
Feb 15 08:23:32 ip-172-31-69-18 kernel: [    0.000000]   AMD AuthenticAMD
Feb 15 08:23:32 ip-172-31-69-18 kernel: [    0.000000]   Centaur CentaurHauls
Feb 15 08:23:32 ip-172-31-69-18 kernel: [    0.000000] x86/fpu: xstate_offset[2]:  576, xstate_sizes[2]:  256
Feb 15 08:23:32 ip-172-31-69-18 kernel: [    0.000000] x86/fpu: Supporting XSAVE feature 0x01: 'x87 floating point registers'
Feb 15 08:23:32 ip-172-31-69-18 kernel: [    0.000000] x86/fpu: Supporting XSAVE feature 0x02: 'SSE registers'
Feb 15 08:23:32 ip-172-31-69-18 kernel: [    0.000000] x86/fpu: Supporting XSAVE feature 0x04: 'AVX registers'
Feb 15 08:23:32 ip-172-31-69-18 kernel: [    0.000000] x86/fpu: Enabled xstate features 0x7, context size is 832 bytes, using 'standard' format.
Feb 15 08:23:32 ip-172-31-69-18 kernel: [    0.000000] x86/fpu: Using 'eager' FPU context switches.
Feb 15 08:23:32 ip-172-31-69-18 kernel: [    0.000000] e820: BIOS-provided physical RAM map:
Feb 15 08:23:32 ip-172-31-69-18 kernel: [    0.000000] BIOS-e820: [mem 0x0000000000000000-0x000000000009dfff] usable
Feb 15 08:23:32 ip-172-31-69-18 kernel: [    0.000000] BIOS-e820: [mem 0x000000000009e000-0x000000000009ffff] reserved
Feb 15 08:23:32 ip-172-31-69-18 kernel: [    0.000000] BIOS-e820: [mem 0x00000000000e0000-0x00000000000fffff] reserved
Feb 15 08:23:32 ip-172-31-69-18 kernel: [    0.000000] BIOS-e820: [mem 0x0000000000100000-0x000000003fffffff] usable
Feb 15 08:23:32 ip-172-31-69-18 kernel: [    0.000000] BIOS-e820: [mem 0x00000000fc000000-0x00000000ffffffff] reserved
Feb 15 08:23:32 ip-172-31-69-18 kernel: [    0.000000] NX (Execute Disable) protection: active
Feb 15 08:23:32 ip-172-31-69-18 kernel: [    0.000000] SMBIOS 2.7 present.
Feb 15 08:23:32 ip-172-31-69-18 kernel: [    0.000000] DMI: Xen HVM domU, BIOS 4.2.amazon 08/24/2006
Feb 15 08:23:32 ip-172-31-69-18 kernel: [    0.000000] Hypervisor detected: Xen
Feb 15 08:23:32 ip-172-31-69-18 kernel: [    0.000000] Xen version 4.2.
Feb 15 08:23:32 ip-172-31-69-18 kernel: [    0.000000] Xen Platform PCI: I/O protocol version 1
Feb 15 08:23:32 ip-172-31-69-18 kernel: [    0.000000] Netfront and the Xen platform PCI driver have been compiled for this kernel: unplug emulated NICs.
Feb 15 08:23:32 ip-172-31-69-18 kernel: [    0.000000] Blkfront and the Xen platform PCI driver have been compiled for this kernel: unplug emulated disks.
Feb 15 08:23:32 ip-172-31-69-18 kernel: [    0.000000] You might have to change the root device
Feb 15 08:23:32 ip-172-31-69-18 kernel: [    0.000000] from /dev/hd[a-d] to /dev/xvd[a-d]
Feb 15 08:23:32 ip-172-31-69-18 kernel: [    0.000000] in your root= kernel command line option
Feb 15 08:23:32 ip-172-31-69-18 kernel: [    0.000000] HVMOP_pagetable_dying not supported
Feb 15 08:23:32 ip-172-31-69-18 kernel: [    0.000000] e820: update [mem 0x00000000-0x00000fff] usable ==> reserved
Feb 15 08:23:32 ip-172-31-69-18 kernel: [    0.000000] e820: remove [mem 0x000a0000-0x000fffff] usable
Feb 15 08:23:32 ip-172-31-69-18 kernel: [    0.000000] e820: last_pfn = 0x40000 max_arch_pfn = 0x400000000
Feb 15 08:23:32 ip-172-31-69-18 kernel: [    0.000000] MTRR default type: write-back
Feb 15 08:23:32 ip-172-31-69-18 kernel: [    0.000000] MTRR fixed ranges enabled:
Feb 15 08:23:32 ip-172-31-69-18 kernel: [    0.000000]   00000-9FFFF write-back
Feb 15 08:23:32 ip-172-31-69-18 kernel: [    0.000000]   A0000-BFFFF write-combining
Feb 15 08:23:32 ip-172-31-69-18 kernel: [    0.000000]   C0000-FFFFF write-back
Feb 15 08:23:32 ip-172-31-69-18 kernel: [    0.000000] MTRR variable ranges enabled:
Feb 15 08:23:32 ip-172-31-69-18 kernel: [    0.000000]   0 base 0000F0000000 mask 3FFFF8000000 uncachable
Feb 15 08:23:32 ip-172-31-69-18 kernel: [    0.000000]   1 base 0000F8000000 mask 3FFFFC000000 uncachable
Feb 15 08:23:32 ip-172-31-69-18 kernel: [    0.000000]   2 disabled
Feb 15 08:23:32 ip-172-31-69-18 kernel: [    0.000000]   3 disabled
Feb 15 08:23:32 ip-172-31-69-18 kernel: [    0.000000]   4 disabled
Feb 15 08:23:32 ip-172-31-69-18 kernel: [    0.000000]   5 disabled
Feb 15 08:23:32 ip-172-31-69-18 kernel: [    0.000000]   6 disabled
Feb 15 08:23:32 ip-172-31-69-18 kernel: [    0.000000]   7 disabled
Feb 15 08:23:32 ip-172-31-69-18 kernel: [    0.000000] x86/PAT: Configuration [0-7]: WB  WC  UC- UC  WB  WC  UC- WT  
Feb 15 08:23:32 ip-172-31-69-18 kernel: [    0.000000] found SMP MP-table at [mem 0x000fbc20-0x000fbc2f] mapped at [ffff8800000fbc20]
Feb 15 08:23:32 ip-172-31-69-18 kernel: [    0.000000] Scanning 1 areas for low memory corruption
Feb 15 08:23:32 ip-172-31-69-18 kernel: [    0.000000] Base memory trampoline at [ffff880000098000] 98000 size 24576
Feb 15 08:23:32 ip-172-31-69-18 kernel: [    0.000000] BRK [0x02201000, 0x02201fff] PGTABLE
Feb 15 08:23:32 ip-172-31-69-18 kernel: [    0.000000] BRK [0x02202000, 0x02202fff] PGTABLE
Feb 15 08:23:32 ip-172-31-69-18 kernel: [    0.000000] BRK [0x02203000, 0x02203fff] PGTABLE
Feb 15 08:23:32 ip-172-31-69-18 kernel: [    0.000000] RAMDISK: [mem 0x367e6000-0x373eafff]
Feb 15 08:23:32 ip-172-31-69-18 kernel: [    0.000000] ACPI: Early table checksum verification disabled
Feb 15 08:23:32 ip-172-31-69-18 kernel: [    0.000000] ACPI: RSDP 0x00000000000EA020 000024 (v02 Xen   )
Feb 15 08:23:32 ip-172-31-69-18 kernel: [    0.000000] ACPI: XSDT 0x00000000FC00DDC0 000054 (v01 Xen    HVM      00000000 HVML 00000000)
Feb 15 08:23:32 ip-172-31-69-18 kernel: [    0.000000] ACPI: FACP 0x00000000FC00DA80 0000F4 (v04 Xen    HVM      00000000 HVML 00000000)
Feb 15 08:23:32 ip-172-31-69-18 kernel: [    0.000000] ACPI: DSDT 0x00000000FC001CE0 00BD19 (v02 Xen    HVM      00000000 INTL 20090123)
Feb 15 08:23:32 ip-172-31-69-18 kernel: [    0.000000] ACPI: FACS 0x00000000FC001CA0 000040
Feb 15 08:23:32 ip-172-31-69-18 kernel: [    0.000000] ACPI: FACS 0x00000000FC001CA0 000040
Feb 15 08:23:32 ip-172-31-69-18 kernel: [    0.000000] ACPI: APIC 0x00000000FC00DB80 0000D8 (v02 Xen    HVM      00000000 HVML 00000000)
Feb 15 08:23:32 ip-172-31-69-18 kernel: [    0.000000] ACPI: HPET 0x00000000FC00DCD0 000038 (v01 Xen    HVM      00000000 HVML 00000000)
Feb 15 08:23:32 ip-172-31-69-18 kernel: [    0.000000] ACPI: WAET 0x00000000FC00DD10 000028 (v01 Xen    HVM      00000000 HVML 00000000)
Feb 15 08:23:32 ip-172-31-69-18 kernel: [    0.000000] ACPI: SSDT 0x00000000FC00DD40 000031 (v02 Xen    HVM      00000000 INTL 20090123)
Feb 15 08:23:32 ip-172-31-69-18 kernel: [    0.000000] ACPI: SSDT 0x00000000FC00DD80 000031 (v02 Xen    HVM      00000000 INTL 20090123)
Feb 15 08:23:32 ip-172-31-69-18 kernel: [    0.000000] ACPI: Local APIC address 0xfee00000
Feb 15 08:23:32 ip-172-31-69-18 kernel: [    0.000000] No NUMA configuration found
Feb 15 08:23:32 ip-172-31-69-18 kernel: [    0.000000] Faking a node at [mem 0x0000000000000000-0x000000003fffffff]
Feb 15 08:23:32 ip-172-31-69-18 kernel: [    0.000000] NODE_DATA(0) allocated [mem 0x3fffb000-0x3fffffff]
Feb 15 08:23:32 ip-172-31-69-18 kernel: [    0.000000] Zone ranges:
Feb 15 08:23:32 ip-172-31-69-18 kernel: [    0.000000]   DMA      [mem 0x0000000000001000-0x0000000000ffffff]
Feb 15 08:23:32 ip-172-31-69-18 kernel: [    0.000000]   DMA32    [mem 0x0000000001000000-0x000000003fffffff]
Feb 15 08:23:32 ip-172-31-69-18 kernel: [    0.000000]   Normal   empty
Feb 15 08:23:32 ip-172-31-69-18 kernel: [    0.000000]   Device   empty
Feb 15 08:23:32 ip-172-31-69-18 kernel: [    0.000000] Movable zone start for each node
Feb 15 08:23:32 ip-172-31-69-18 kernel: [    0.000000] Early memory node ranges
Feb 15 08:23:32 ip-172-31-69-18 kernel: [    0.000000]   node   0: [mem 0x0000000000001000-0x000000000009dfff]
Feb 15 08:23:32 ip-172-31-69-18 kernel: [    0.000000]   node   0: [mem 0x0000000000100000-0x000000003fffffff]
Feb 15 08:23:32 ip-172-31-69-18 kernel: [    0.000000] Initmem setup node 0 [mem 0x0000000000001000-0x000000003fffffff]
Feb 15 08:23:32 ip-172-31-69-18 kernel: [    0.000000] On node 0 totalpages: 262045
Feb 15 08:23:32 ip-172-31-69-18 kernel: [    0.000000]   DMA zone: 64 pages used for memmap
Feb 15 08:23:32 ip-172-31-69-18 kernel: [    0.000000]   DMA zone: 21 pages reserved
Feb 15 08:23:32 ip-172-31-69-18 kernel: [    0.000000]   DMA zone: 3997 pages, LIFO batch:0
Feb 15 08:23:32 ip-172-31-69-18 kernel: [    0.000000]   DMA32 zone: 4032 pages used for memmap
Feb 15 08:23:32 ip-172-31-69-18 kernel: [    0.000000]   DMA32 zone: 258048 pages, LIFO batch:31
Feb 15 08:23:32 ip-172-31-69-18 kernel: [    0.000000] ACPI: PM-Timer IO Port: 0xb008
Feb 15 08:23:32 ip-172-31-69-18 kernel: [    0.000000] ACPI: Local APIC address 0xfee00000
Feb 15 08:23:32 ip-172-31-69-18 kernel: [    0.000000] IOAPIC[0]: apic_id 1, version 17, address 0xfec00000, GSI 0-47
Feb 15 08:23:32 ip-172-31-69-18 kernel: [    0.000000] ACPI: INT_SRC_OVR (bus 0 bus_irq 0 global_irq 2 dfl dfl)
Feb 15 08:23:32 ip-172-31-69-18 kernel: [    0.000000] ACPI: INT_SRC_OVR (bus 0 bus_irq 5 global_irq 5 low level)
Feb 15 08:23:32 ip-172-31-69-18 kernel: [    0.000000] ACPI: INT_SRC_OVR (bus 0 bus_irq 10 global_irq 10 low level)
Feb 15 08:23:32 ip-172-31-69-18 kernel: [    0.000000] ACPI: INT_SRC_OVR (bus 0 bus_irq 11 global_irq 11 low level)
Feb 15 08:23:32 ip-172-31-69-18 kernel: [    0.000000] ACPI: IRQ0 used by override.
Feb 15 08:23:32 ip-172-31-69-18 kernel: [    0.000000] ACPI: IRQ5 used by override.
Feb 15 08:23:32 ip-172-31-69-18 kernel: [    0.000000] ACPI: IRQ9 used by override.
Feb 15 08:23:32 ip-172-31-69-18 kernel: [    0.000000] ACPI: IRQ10 used by override.
Feb 15 08:23:32 ip-172-31-69-18 kernel: [    0.000000] ACPI: IRQ11 used by override.
Feb 15 08:23:32 ip-172-31-69-18 kernel: [    0.000000] Using ACPI (MADT) for SMP configuration information
Feb 15 08:23:32 ip-172-31-69-18 kernel: [    0.000000] ACPI: HPET id: 0x8086a201 base: 0xfed00000
Feb 15 08:23:32 ip-172-31-69-18 kernel: [    0.000000] smpboot: Allowing 15 CPUs, 14 hotplug CPUs
Feb 15 08:23:32 ip-172-31-69-18 kernel: [    0.000000] PM: Registered nosave memory: [mem 0x00000000-0x00000fff]
Feb 15 08:23:32 ip-172-31-69-18 kernel: [    0.000000] PM: Registered nosave memory: [mem 0x0009e000-0x0009ffff]
Feb 15 08:23:32 ip-172-31-69-18 kernel: [    0.000000] PM: Registered nosave memory: [mem 0x000a0000-0x000dffff]
Feb 15 08:23:32 ip-172-31-69-18 kernel: [    0.000000] PM: Registered nosave memory: [mem 0x000e0000-0x000fffff]
Feb 15 08:23:32 ip-172-31-69-18 kernel: [    0.000000] e820: [mem 0x40000000-0xfbffffff] available for PCI devices
Feb 15 08:23:32 ip-172-31-69-18 kernel: [    0.000000] Booting paravirtualized kernel on Xen HVM
Feb 15 08:23:32 ip-172-31-69-18 kernel: [    0.000000] clocksource: refined-jiffies: mask: 0xffffffff max_cycles: 0xffffffff, max_idle_ns: 7645519600211568 ns
Feb 15 08:23:32 ip-172-31-69-18 kernel: [    0.000000] setup_percpu: NR_CPUS:256 nr_cpumask_bits:256 nr_cpu_ids:15 nr_node_ids:1
Feb 15 08:23:32 ip-172-31-69-18 kernel: [    0.000000] PERCPU: Embedded 34 pages/cpu @ffff88003e200000 s99160 r8192 d31912 u262144
Feb 15 08:23:32 ip-172-31-69-18 kernel: [    0.000000] pcpu-alloc: s99160 r8192 d31912 u262144 alloc=1*2097152
Feb 15 08:23:32 ip-172-31-69-18 kernel: [    0.000000] pcpu-alloc: [0] 00 01 02 03 04 05 06 07 [0] 08 09 10 11 12 13 14 -- 
Feb 15 08:23:32 ip-172-31-69-18 kernel: [    0.000000] xen: PV spinlocks enabled
Feb 15 08:23:32 ip-172-31-69-18 kernel: [    0.000000] PV qspinlock hash table entries: 256 (order: 0, 4096 bytes)
Feb 15 08:23:32 ip-172-31-69-18 kernel: [    0.000000] Built 1 zonelists in Node order, mobility grouping on.  Total pages: 257928
Feb 15 08:23:32 ip-172-31-69-18 kernel: [    0.000000] Policy zone: DMA32
Feb 15 08:23:32 ip-172-31-69-18 kernel: [    0.000000] Kernel command line: BOOT_IMAGE=/boot/vmlinuz-4.4.0-1049-aws root=UUID=ccee1a8d-0785-4b3a-a578-812d59f5d3e1 ro console=tty1 console=ttyS0 nvme.io_timeout=4294967295
Feb 15 08:23:32 ip-172-31-69-18 kernel: [    0.000000] PID hash table entries: 4096 (order: 3, 32768 bytes)
Feb 15 08:23:32 ip-172-31-69-18 kernel: [    0.000000] Calgary: detecting Calgary via BIOS EBDA area
Feb 15 08:23:32 ip-172-31-69-18 kernel: [    0.000000] Calgary: Unable to locate Rio Grande table in EBDA - bailing!
Feb 15 08:23:32 ip-172-31-69-18 kernel: [    0.000000] Memory: 998628K/1048180K available (8320K kernel code, 1276K rwdata, 3872K rodata, 1484K init, 1288K bss, 49552K reserved, 0K cma-reserved)
Feb 15 08:23:32 ip-172-31-69-18 kernel: [    0.000000] SLUB: HWalign=64, Order=0-3, MinObjects=0, CPUs=15, Nodes=1
Feb 15 08:23:32 ip-172-31-69-18 kernel: [    0.000000] Kernel/User page tables isolation: enabled
Feb 15 08:23:32 ip-172-31-69-18 kernel: [    0.000000] Hierarchical RCU implementation.
Feb 15 08:23:32 ip-172-31-69-18 kernel: [    0.000000] 	Build-time adjustment of leaf fanout to 64.
Feb 15 08:23:32 ip-172-31-69-18 kernel: [    0.000000] 	RCU restricting CPUs from NR_CPUS=256 to nr_cpu_ids=15.
Feb 15 08:23:32 ip-172-31-69-18 kernel: [    0.000000] RCU: Adjusting geometry for rcu_fanout_leaf=64, nr_cpu_ids=15
Feb 15 08:23:32 ip-172-31-69-18 kernel: [    0.000000] NR_IRQS:16640 nr_irqs:952 16
Feb 15 08:23:32 ip-172-31-69-18 kernel: [    0.000000] xen:events: Using 2-level ABI
Feb 15 08:23:32 ip-172-31-69-18 kernel: [    0.000000] xen:events: Xen HVM callback vector for event delivery is enabled
Feb 15 08:23:32 ip-172-31-69-18 kernel: [    0.000000] Console: colour VGA+ 80x25
Feb 15 08:23:32 ip-172-31-69-18 kernel: [    0.000000] console [tty1] enabled
Feb 15 08:23:32 ip-172-31-69-18 kernel: [    0.000000] Cannot get hvm parameter CONSOLE_EVTCHN (18): -22!
Feb 15 08:23:32 ip-172-31-69-18 kernel: [    0.000000] console [ttyS0] enabled
Feb 15 08:23:32 ip-172-31-69-18 kernel: [    0.000000] clocksource: hpet: mask: 0xffffffff max_cycles: 0xffffffff, max_idle_ns: 30580167144 ns
Feb 15 08:23:32 ip-172-31-69-18 kernel: [    0.000000] hpet clockevent registered
Feb 15 08:23:32 ip-172-31-69-18 kernel: [    0.000000] tsc: Detected 2400.054 MHz processor
Feb 15 08:23:32 ip-172-31-69-18 kernel: [    0.008000] Calibrating delay loop (skipped), value calculated using timer frequency.. 4800.10 BogoMIPS (lpj=9600216)
Feb 15 08:23:32 ip-172-31-69-18 kernel: [    0.010072] pid_max: default: 32768 minimum: 301
Feb 15 08:23:32 ip-172-31-69-18 kernel: [    0.012016] ACPI: Core revision 20150930
Feb 15 08:23:32 ip-172-31-69-18 kernel: [    0.022642] ACPI: 3 ACPI AML tables successfully acquired and loaded
Feb 15 08:23:32 ip-172-31-69-18 kernel: [    0.024788] Security Framework initialized
Feb 15 08:23:32 ip-172-31-69-18 kernel: [    0.028004] Yama: becoming mindful.
Feb 15 08:23:32 ip-172-31-69-18 kernel: [    0.030264] AppArmor: AppArmor initialized
Feb 15 08:23:32 ip-172-31-69-18 kernel: [    0.032101] Dentry cache hash table entries: 131072 (order: 8, 1048576 bytes)
Feb 15 08:23:32 ip-172-31-69-18 kernel: [    0.036192] Inode-cache hash table entries: 65536 (order: 7, 524288 bytes)
Feb 15 08:23:32 ip-172-31-69-18 kernel: [    0.040088] Mount-cache hash table entries: 2048 (order: 2, 16384 bytes)
Feb 15 08:23:32 ip-172-31-69-18 kernel: [    0.044011] Mountpoint-cache hash table entries: 2048 (order: 2, 16384 bytes)
Feb 15 08:23:32 ip-172-31-69-18 kernel: [    0.048194] Initializing cgroup subsys io
Feb 15 08:23:32 ip-172-31-69-18 kernel: [    0.052007] Initializing cgroup subsys memory
Feb 15 08:23:32 ip-172-31-69-18 kernel: [    0.056015] Initializing cgroup subsys devices
Feb 15 08:23:32 ip-172-31-69-18 kernel: [    0.058714] Initializing cgroup subsys freezer
Feb 15 08:23:32 ip-172-31-69-18 kernel: [    0.060009] Initializing cgroup subsys net_cls
Feb 15 08:23:32 ip-172-31-69-18 kernel: [    0.064007] Initializing cgroup subsys perf_event
Feb 15 08:23:32 ip-172-31-69-18 kernel: [    0.066779] Initializing cgroup subsys net_prio
Feb 15 08:23:32 ip-172-31-69-18 kernel: [    0.068013] Initializing cgroup subsys hugetlb
Feb 15 08:23:32 ip-172-31-69-18 kernel: [    0.072006] Initializing cgroup subsys pids
Feb 15 08:23:32 ip-172-31-69-18 kernel: [    0.076073] CPU: Physical Processor ID: 0
Feb 15 08:23:32 ip-172-31-69-18 kernel: [    0.078668] FEATURE SPEC_CTRL Not Present
Feb 15 08:23:32 ip-172-31-69-18 kernel: [    0.080734] mce: CPU supports 2 MCE banks
Feb 15 08:23:32 ip-172-31-69-18 kernel: [    0.084025] Last level iTLB entries: 4KB 1024, 2MB 1024, 4MB 1024
Feb 15 08:23:32 ip-172-31-69-18 kernel: [    0.087438] Last level dTLB entries: 4KB 1024, 2MB 1024, 4MB 1024, 1GB 4
Feb 15 08:23:32 ip-172-31-69-18 kernel: [    0.108120] ftrace: allocating 31285 entries in 123 pages
Feb 15 08:23:32 ip-172-31-69-18 kernel: [    0.136100] smpboot: APIC(0) Converting physical 0 to logical package 0
Feb 15 08:23:32 ip-172-31-69-18 kernel: [    0.140006] smpboot: Max logical packages: 15
Feb 15 08:23:32 ip-172-31-69-18 kernel: [    0.144681] x2apic: IRQ remapping doesn't support X2APIC mode
Feb 15 08:23:32 ip-172-31-69-18 kernel: [    0.148005] Switched APIC routing to physical flat.
Feb 15 08:23:32 ip-172-31-69-18 kernel: [    0.154329] ..TIMER: vector=0x30 apic1=0 pin1=2 apic2=0 pin2=0
Feb 15 08:23:32 ip-172-31-69-18 kernel: [    0.156007] clocksource: xen: mask: 0xffffffffffffffff max_cycles: 0x1cd42e4dffb, max_idle_ns: 881590591483 ns
Feb 15 08:23:32 ip-172-31-69-18 kernel: [    0.160011] Xen: using vcpuop timer interface
Feb 15 08:23:32 ip-172-31-69-18 kernel: [    0.160018] installing Xen timer for CPU 0
Feb 15 08:23:32 ip-172-31-69-18 kernel: [    0.164071] smpboot: CPU0: Intel(R) Xeon(R) CPU E5-2676 v3 @ 2.40GHz (family: 0x6, model: 0x3f, stepping: 0x2)
Feb 15 08:23:32 ip-172-31-69-18 kernel: [    0.169533] cpu 0 spinlock event irq 53
Feb 15 08:23:32 ip-172-31-69-18 kernel: [    0.172000] Performance Events: unsupported p6 CPU model 63 no PMU driver, software events only.
Feb 15 08:23:32 ip-172-31-69-18 kernel: [    0.176787] x86: Booted up 1 node, 1 CPUs
Feb 15 08:23:32 ip-172-31-69-18 kernel: [    0.179327] smpboot: Total of 1 processors activated (4800.10 BogoMIPS)
Feb 15 08:23:32 ip-172-31-69-18 kernel: [    0.180016] NMI watchdog: disabled (cpu0): hardware events not enabled
Feb 15 08:23:32 ip-172-31-69-18 kernel: [    0.183737] NMI watchdog: Shutting down hard lockup detector on all cpus
Feb 15 08:23:32 ip-172-31-69-18 kernel: [    0.184409] devtmpfs: initialized
Feb 15 08:23:32 ip-172-31-69-18 kernel: [    0.188065] evm: security.selinux
Feb 15 08:23:32 ip-172-31-69-18 kernel: [    0.190352] evm: security.SMACK64
Feb 15 08:23:32 ip-172-31-69-18 kernel: [    0.192010] evm: security.SMACK64EXEC
Feb 15 08:23:32 ip-172-31-69-18 kernel: [    0.194470] evm: security.SMACK64TRANSMUTE
Feb 15 08:23:32 ip-172-31-69-18 kernel: [    0.196009] evm: security.SMACK64MMAP
Feb 15 08:23:32 ip-172-31-69-18 kernel: [    0.198420] evm: security.ima
Feb 15 08:23:32 ip-172-31-69-18 kernel: [    0.200005] evm: security.capability
Feb 15 08:23:32 ip-172-31-69-18 kernel: [    0.202654] clocksource: jiffies: mask: 0xffffffff max_cycles: 0xffffffff, max_idle_ns: 7645041785100000 ns
Feb 15 08:23:32 ip-172-31-69-18 kernel: [    0.204045] futex hash table entries: 4096 (order: 6, 262144 bytes)
Feb 15 08:23:32 ip-172-31-69-18 kernel: [    0.207976] RTC time: 12:23:21, date: 02/15/18
Feb 15 08:23:32 ip-172-31-69-18 kernel: [    0.208143] NET: Registered protocol family 16
Feb 15 08:23:32 ip-172-31-69-18 kernel: [    0.211179] cpuidle: using governor ladder
Feb 15 08:23:32 ip-172-31-69-18 kernel: [    0.212011] cpuidle: using governor menu
Feb 15 08:23:32 ip-172-31-69-18 kernel: [    0.214544] PCCT header not found.
Feb 15 08:23:32 ip-172-31-69-18 kernel: [    0.216104] ACPI: bus type PCI registered
Feb 15 08:23:32 ip-172-31-69-18 kernel: [    0.218675] acpiphp: ACPI Hot Plug PCI Controller Driver version: 0.5
Feb 15 08:23:32 ip-172-31-69-18 kernel: [    0.220324] PCI: Using configuration type 1 for base access
Feb 15 08:23:32 ip-172-31-69-18 kernel: [    0.224511] ACPI: Added _OSI(Module Device)
Feb 15 08:23:32 ip-172-31-69-18 kernel: [    0.227185] ACPI: Added _OSI(Processor Device)
Feb 15 08:23:32 ip-172-31-69-18 kernel: [    0.228009] ACPI: Added _OSI(3.0 _SCP Extensions)
Feb 15 08:23:32 ip-172-31-69-18 kernel: [    0.230915] ACPI: Added _OSI(Processor Aggregator Device)
Feb 15 08:23:32 ip-172-31-69-18 kernel: [    0.232959] xen: --> pirq=16 -> irq=9 (gsi=9)
Feb 15 08:23:32 ip-172-31-69-18 kernel: [    0.235383] ACPI: Interpreter enabled
Feb 15 08:23:32 ip-172-31-69-18 kernel: [    0.236015] ACPI: (supports S0 S4 S5)
Feb 15 08:23:32 ip-172-31-69-18 kernel: [    0.238454] ACPI: Using IOAPIC for interrupt routing
Feb 15 08:23:32 ip-172-31-69-18 kernel: [    0.240053] PCI: Using host bridge windows from ACPI; if necessary, use "pci=nocrs" and report a bug
Feb 15 08:23:32 ip-172-31-69-18 kernel: [    0.285222] ACPI: PCI Root Bridge [PCI0] (domain 0000 [bus 00-ff])
Feb 15 08:23:32 ip-172-31-69-18 kernel: [    0.288019] acpi PNP0A03:00: _OSC: OS supports [ASPM ClockPM Segments MSI]
Feb 15 08:23:32 ip-172-31-69-18 kernel: [    0.291935] acpi PNP0A03:00: _OSC failed (AE_NOT_FOUND); disabling ASPM
Feb 15 08:23:32 ip-172-31-69-18 kernel: [    0.292029] acpi PNP0A03:00: fail to add MMCONFIG information, can't access extended PCI configuration space under this bridge.
Feb 15 08:23:32 ip-172-31-69-18 kernel: [    0.296937] acpiphp: Slot [0] registered
Feb 15 08:23:32 ip-172-31-69-18 kernel: [    0.300185] acpiphp: Slot [3] registered
Feb 15 08:23:32 ip-172-31-69-18 kernel: [    0.302991] acpiphp: Slot [4] registered
Feb 15 08:23:32 ip-172-31-69-18 kernel: [    0.304265] acpiphp: Slot [5] registered
Feb 15 08:23:32 ip-172-31-69-18 kernel: [    0.307035] acpiphp: Slot [6] registered
Feb 15 08:23:32 ip-172-31-69-18 kernel: [    0.308270] acpiphp: Slot [7] registered
Feb 15 08:23:32 ip-172-31-69-18 kernel: [    0.311130] acpiphp: Slot [8] registered
Feb 15 08:23:32 ip-172-31-69-18 kernel: [    0.312284] acpiphp: Slot [9] registered
Feb 15 08:23:32 ip-172-31-69-18 kernel: [    0.315064] acpiphp: Slot [10] registered
Feb 15 08:23:32 ip-172-31-69-18 kernel: [    0.316314] acpiphp: Slot [11] registered
Feb 15 08:23:32 ip-172-31-69-18 kernel: [    0.319077] acpiphp: Slot [12] registered
Feb 15 08:23:32 ip-172-31-69-18 kernel: [    0.320259] acpiphp: Slot [13] registered
Feb 15 08:23:32 ip-172-31-69-18 kernel: [    0.323064] acpiphp: Slot [14] registered
Feb 15 08:23:32 ip-172-31-69-18 kernel: [    0.324258] acpiphp: Slot [15] registered
Feb 15 08:23:32 ip-172-31-69-18 kernel: [    0.327116] acpiphp: Slot [16] registered
Feb 15 08:23:32 ip-172-31-69-18 kernel: [    0.328331] acpiphp: Slot [17] registered
Feb 15 08:23:32 ip-172-31-69-18 kernel: [    0.331234] acpiphp: Slot [18] registered
Feb 15 08:23:32 ip-172-31-69-18 kernel: [    0.332298] acpiphp: Slot [19] registered
Feb 15 08:23:32 ip-172-31-69-18 kernel: [    0.335094] acpiphp: Slot [20] registered
Feb 15 08:23:32 ip-172-31-69-18 kernel: [    0.336288] acpiphp: Slot [21] registered
Feb 15 08:23:32 ip-172-31-69-18 kernel: [    0.339128] acpiphp: Slot [22] registered
Feb 15 08:23:32 ip-172-31-69-18 kernel: [    0.340295] acpiphp: Slot [23] registered
Feb 15 08:23:32 ip-172-31-69-18 kernel: [    0.343172] acpiphp: Slot [24] registered
Feb 15 08:23:32 ip-172-31-69-18 kernel: [    0.344284] acpiphp: Slot [25] registered
Feb 15 08:23:32 ip-172-31-69-18 kernel: [    0.347081] acpiphp: Slot [26] registered
Feb 15 08:23:32 ip-172-31-69-18 kernel: [    0.348281] acpiphp: Slot [27] registered
Feb 15 08:23:32 ip-172-31-69-18 kernel: [    0.351146] acpiphp: Slot [28] registered
Feb 15 08:23:32 ip-172-31-69-18 kernel: [    0.352278] acpiphp: Slot [29] registered
Feb 15 08:23:32 ip-172-31-69-18 kernel: [    0.355186] acpiphp: Slot [30] registered
Feb 15 08:23:32 ip-172-31-69-18 kernel: [    0.356276] acpiphp: Slot [31] registered
Feb 15 08:23:32 ip-172-31-69-18 kernel: [    0.359140] PCI host bridge to bus 0000:00
Feb 15 08:23:32 ip-172-31-69-18 kernel: [    0.360010] pci_bus 0000:00: root bus resource [io  0x0000-0x0cf7 window]
Feb 15 08:23:32 ip-172-31-69-18 kernel: [    0.363991] pci_bus 0000:00: root bus resource [io  0x0d00-0xffff window]
Feb 15 08:23:32 ip-172-31-69-18 kernel: [    0.364009] pci_bus 0000:00: root bus resource [mem 0x000a0000-0x000bffff window]
Feb 15 08:23:32 ip-172-31-69-18 kernel: [    0.368012] pci_bus 0000:00: root bus resource [mem 0xf0000000-0xfbffffff window]
Feb 15 08:23:32 ip-172-31-69-18 kernel: [    0.372008] pci_bus 0000:00: root bus resource [bus 00-ff]
Feb 15 08:23:32 ip-172-31-69-18 kernel: [    0.375463] pci 0000:00:00.0: [8086:1237] type 00 class 0x060000
Feb 15 08:23:32 ip-172-31-69-18 kernel: [    0.376852] pci 0000:00:01.0: [8086:7000] type 00 class 0x060100
Feb 15 08:23:32 ip-172-31-69-18 kernel: [    0.379003] pci 0000:00:01.1: [8086:7010] type 00 class 0x010180
Feb 15 08:23:32 ip-172-31-69-18 kernel: [    0.380009] pci 0000:00:01.1: reg 0x20: [io  0xc100-0xc10f]
Feb 15 08:23:32 ip-172-31-69-18 kernel: [    0.380461] pci 0000:00:01.1: legacy IDE quirk: reg 0x10: [io  0x01f0-0x01f7]
Feb 15 08:23:32 ip-172-31-69-18 kernel: [    0.384007] pci 0000:00:01.1: legacy IDE quirk: reg 0x14: [io  0x03f6]
Feb 15 08:23:32 ip-172-31-69-18 kernel: [    0.387826] pci 0000:00:01.1: legacy IDE quirk: reg 0x18: [io  0x0170-0x0177]
Feb 15 08:23:32 ip-172-31-69-18 kernel: [    0.388009] pci 0000:00:01.1: legacy IDE quirk: reg 0x1c: [io  0x0376]
Feb 15 08:23:32 ip-172-31-69-18 kernel: [    0.392287] pci 0000:00:01.3: [8086:7113] type 00 class 0x068000
Feb 15 08:23:32 ip-172-31-69-18 kernel: [    0.392374] * Found PM-Timer Bug on the chipset. Due to workarounds for a bug,
Feb 15 08:23:32 ip-172-31-69-18 kernel: [    0.392374] * this clock source is slow. Consider trying other clock sources
Feb 15 08:23:32 ip-172-31-69-18 kernel: [    0.397093] pci 0000:00:01.3: quirk: [io  0xb000-0xb03f] claimed by PIIX4 ACPI
Feb 15 08:23:32 ip-172-31-69-18 kernel: [    0.400868] pci 0000:00:02.0: [1013:00b8] type 00 class 0x030000
Feb 15 08:23:32 ip-172-31-69-18 kernel: [    0.401176] pci 0000:00:02.0: reg 0x10: [mem 0xf0000000-0xf1ffffff pref]
Feb 15 08:23:32 ip-172-31-69-18 kernel: [    0.401388] pci 0000:00:02.0: reg 0x14: [mem 0xf3000000-0xf3000fff]
Feb 15 08:23:32 ip-172-31-69-18 kernel: [    0.403019] pci 0000:00:03.0: [5853:0001] type 00 class 0xff8000
Feb 15 08:23:32 ip-172-31-69-18 kernel: [    0.403411] pci 0000:00:03.0: reg 0x10: [io  0xc000-0xc0ff]
Feb 15 08:23:32 ip-172-31-69-18 kernel: [    0.403640] pci 0000:00:03.0: reg 0x14: [mem 0xf2000000-0xf2ffffff pref]
Feb 15 08:23:32 ip-172-31-69-18 kernel: [    0.406115] ACPI: PCI Interrupt Link [LNKA] (IRQs *5 10 11)
Feb 15 08:23:32 ip-172-31-69-18 kernel: [    0.410888] ACPI: PCI Interrupt Link [LNKB] (IRQs 5 *10 11)
Feb 15 08:23:32 ip-172-31-69-18 kernel: [    0.414771] ACPI: PCI Interrupt Link [LNKC] (IRQs 5 10 *11)
Feb 15 08:23:32 ip-172-31-69-18 kernel: [    0.418936] ACPI: PCI Interrupt Link [LNKD] (IRQs *5 10 11)
Feb 15 08:23:32 ip-172-31-69-18 kernel: [    0.437909] ACPI: Enabled 2 GPEs in block 00 to 0F
Feb 15 08:23:32 ip-172-31-69-18 kernel: [    0.440085] xen:balloon: Initialising balloon driver
Feb 15 08:23:32 ip-172-31-69-18 kernel: [    0.444160] vgaarb: setting as boot device: PCI:0000:00:02.0
Feb 15 08:23:32 ip-172-31-69-18 kernel: [    0.447570] vgaarb: device added: PCI:0000:00:02.0,decodes=io+mem,owns=io+mem,locks=none
Feb 15 08:23:32 ip-172-31-69-18 kernel: [    0.448009] vgaarb: loaded
Feb 15 08:23:32 ip-172-31-69-18 kernel: [    0.450007] vgaarb: bridge control possible 0000:00:02.0
Feb 15 08:23:32 ip-172-31-69-18 kernel: [    0.452218] SCSI subsystem initialized
Feb 15 08:23:32 ip-172-31-69-18 kernel: [    0.454792] libata version 3.00 loaded.
Feb 15 08:23:32 ip-172-31-69-18 kernel: [    0.454816] ACPI: bus type USB registered
Feb 15 08:23:32 ip-172-31-69-18 kernel: [    0.456029] usbcore: registered new interface driver usbfs
Feb 15 08:23:32 ip-172-31-69-18 kernel: [    0.459302] usbcore: registered new interface driver hub
Feb 15 08:23:32 ip-172-31-69-18 kernel: [    0.460045] usbcore: registered new device driver usb
Feb 15 08:23:32 ip-172-31-69-18 kernel: [    0.463217] PCI: Using ACPI for IRQ routing
Feb 15 08:23:32 ip-172-31-69-18 kernel: [    0.464008] PCI: pci_cache_line_size set to 64 bytes
Feb 15 08:23:32 ip-172-31-69-18 kernel: [    0.464348] e820: reserve RAM buffer [mem 0x0009e000-0x0009ffff]
Feb 15 08:23:32 ip-172-31-69-18 kernel: [    0.464474] NetLabel: Initializing
Feb 15 08:23:32 ip-172-31-69-18 kernel: [    0.466723] NetLabel:  domain hash size = 128
Feb 15 08:23:32 ip-172-31-69-18 kernel: [    0.468008] NetLabel:  protocols = UNLABELED CIPSOv4
Feb 15 08:23:32 ip-172-31-69-18 kernel: [    0.471016] NetLabel:  unlabeled traffic allowed by default
Feb 15 08:23:32 ip-172-31-69-18 kernel: [    0.472131] HPET: 3 timers in total, 0 timers will be used for per-cpu timer
Feb 15 08:23:32 ip-172-31-69-18 kernel: [    0.476019] hpet0: at MMIO 0xfed00000, IRQs 2, 8, 0
Feb 15 08:23:32 ip-172-31-69-18 kernel: [    0.480006] hpet0: 3 comparators, 64-bit 62.500000 MHz counter
Feb 15 08:23:32 ip-172-31-69-18 kernel: [    0.485055] amd_nb: Cannot enumerate AMD northbridges
Feb 15 08:23:32 ip-172-31-69-18 kernel: [    0.488024] clocksource: Switched to clocksource xen
Feb 15 08:23:32 ip-172-31-69-18 kernel: [    0.496241] AppArmor: AppArmor Filesystem Enabled
Feb 15 08:23:32 ip-172-31-69-18 kernel: [    0.499412] pnp: PnP ACPI init
Feb 15 08:23:32 ip-172-31-69-18 kernel: [    0.501650] system 00:00: [mem 0x00000000-0x0009ffff] could not be reserved
Feb 15 08:23:32 ip-172-31-69-18 kernel: [    0.505848] system 00:00: Plug and Play ACPI device, IDs PNP0c02 (active)
Feb 15 08:23:32 ip-172-31-69-18 kernel: [    0.505941] system 00:01: [io  0x08a0-0x08a3] has been reserved
Feb 15 08:23:32 ip-172-31-69-18 kernel: [    0.509468] system 00:01: [io  0x0cc0-0x0ccf] has been reserved
Feb 15 08:23:32 ip-172-31-69-18 kernel: [    0.513007] system 00:01: [io  0x04d0-0x04d1] has been reserved
Feb 15 08:23:32 ip-172-31-69-18 kernel: [    0.516582] system 00:01: Plug and Play ACPI device, IDs PNP0c02 (active)
Feb 15 08:23:32 ip-172-31-69-18 kernel: [    0.516616] xen: --> pirq=17 -> irq=8 (gsi=8)
Feb 15 08:23:32 ip-172-31-69-18 kernel: [    0.516645] pnp 00:02: Plug and Play ACPI device, IDs PNP0b00 (active)
Feb 15 08:23:32 ip-172-31-69-18 kernel: [    0.516670] xen: --> pirq=18 -> irq=12 (gsi=12)
Feb 15 08:23:32 ip-172-31-69-18 kernel: [    0.516683] pnp 00:03: Plug and Play ACPI device, IDs PNP0f13 (active)
Feb 15 08:23:32 ip-172-31-69-18 kernel: [    0.516698] xen: --> pirq=19 -> irq=1 (gsi=1)
Feb 15 08:23:32 ip-172-31-69-18 kernel: [    0.516712] pnp 00:04: Plug and Play ACPI device, IDs PNP0303 PNP030b (active)
Feb 15 08:23:32 ip-172-31-69-18 kernel: [    0.516727] xen: --> pirq=20 -> irq=6 (gsi=6)
Feb 15 08:23:32 ip-172-31-69-18 kernel: [    0.516729] pnp 00:05: [dma 2]
Feb 15 08:23:32 ip-172-31-69-18 kernel: [    0.516742] pnp 00:05: Plug and Play ACPI device, IDs PNP0700 (active)
Feb 15 08:23:32 ip-172-31-69-18 kernel: [    0.516765] xen: --> pirq=21 -> irq=4 (gsi=4)
Feb 15 08:23:32 ip-172-31-69-18 kernel: [    0.516778] pnp 00:06: Plug and Play ACPI device, IDs PNP0501 (active)
Feb 15 08:23:32 ip-172-31-69-18 kernel: [    0.516816] system 00:07: [io  0x10c0-0x1141] has been reserved
Feb 15 08:23:32 ip-172-31-69-18 kernel: [    0.520440] system 00:07: [io  0xb044-0xb047] has been reserved
Feb 15 08:23:32 ip-172-31-69-18 kernel: [    0.523943] system 00:07: Plug and Play ACPI device, IDs PNP0c02 (active)
Feb 15 08:23:32 ip-172-31-69-18 kernel: [    0.539156] pnp: PnP ACPI: found 8 devices
Feb 15 08:23:32 ip-172-31-69-18 kernel: [    0.547253] clocksource: acpi_pm: mask: 0xffffff max_cycles: 0xffffff, max_idle_ns: 2085701024 ns
Feb 15 08:23:32 ip-172-31-69-18 kernel: [    0.552742] pci_bus 0000:00: resource 4 [io  0x0000-0x0cf7 window]
Feb 15 08:23:32 ip-172-31-69-18 kernel: [    0.552745] pci_bus 0000:00: resource 5 [io  0x0d00-0xffff window]
Feb 15 08:23:32 ip-172-31-69-18 kernel: [    0.552746] pci_bus 0000:00: resource 6 [mem 0x000a0000-0x000bffff window]
Feb 15 08:23:32 ip-172-31-69-18 kernel: [    0.552748] pci_bus 0000:00: resource 7 [mem 0xf0000000-0xfbffffff window]
Feb 15 08:23:32 ip-172-31-69-18 kernel: [    0.552793] NET: Registered protocol family 2
Feb 15 08:23:32 ip-172-31-69-18 kernel: [    0.555705] TCP established hash table entries: 8192 (order: 4, 65536 bytes)
Feb 15 08:23:32 ip-172-31-69-18 kernel: [    0.559771] TCP bind hash table entries: 8192 (order: 5, 131072 bytes)
Feb 15 08:23:32 ip-172-31-69-18 kernel: [    0.563516] TCP: Hash tables configured (established 8192 bind 8192)
Feb 15 08:23:32 ip-172-31-69-18 kernel: [    0.567339] UDP hash table entries: 512 (order: 2, 16384 bytes)
Feb 15 08:23:32 ip-172-31-69-18 kernel: [    0.570818] UDP-Lite hash table entries: 512 (order: 2, 16384 bytes)
Feb 15 08:23:32 ip-172-31-69-18 kernel: [    0.574571] NET: Registered protocol family 1
Feb 15 08:23:32 ip-172-31-69-18 kernel: [    0.577295] pci 0000:00:00.0: Limiting direct PCI/PCI transfers
Feb 15 08:23:32 ip-172-31-69-18 kernel: [    0.580739] pci 0000:00:01.0: PIIX3: Enabling Passive Release
Feb 15 08:23:32 ip-172-31-69-18 kernel: [    0.584408] pci 0000:00:01.0: Activating ISA DMA hang workarounds
Feb 15 08:23:32 ip-172-31-69-18 kernel: [    0.588036] pci 0000:00:02.0: Video device with shadowed ROM
Feb 15 08:23:32 ip-172-31-69-18 kernel: [    0.588111] PCI: CLS 0 bytes, default 64
Feb 15 08:23:32 ip-172-31-69-18 kernel: [    0.588172] Trying to unpack rootfs image as initramfs...
Feb 15 08:23:32 ip-172-31-69-18 kernel: [    0.766368] Freeing initrd memory: 12308K
Feb 15 08:23:32 ip-172-31-69-18 kernel: [    0.769279] RAPL PMU detected, API unit is 2^-32 Joules, 3 fixed counters 655360 ms ovfl timer
Feb 15 08:23:32 ip-172-31-69-18 kernel: [    0.774292] hw unit of domain pp0-core 2^-14 Joules
Feb 15 08:23:32 ip-172-31-69-18 kernel: [    0.777395] hw unit of domain package 2^-14 Joules
Feb 15 08:23:32 ip-172-31-69-18 kernel: [    0.780387] hw unit of domain dram 2^-16 Joules
Feb 15 08:23:32 ip-172-31-69-18 kernel: [    0.783376] Scanning for low memory corruption every 60 seconds
Feb 15 08:23:32 ip-172-31-69-18 kernel: [    0.787377] audit: initializing netlink subsys (disabled)
Feb 15 08:23:32 ip-172-31-69-18 kernel: [    0.790776] audit: type=2000 audit(1518697402.105:1): initialized
Feb 15 08:23:32 ip-172-31-69-18 kernel: [    0.794585] Initialise system trusted keyring
Feb 15 08:23:32 ip-172-31-69-18 kernel: [    0.797450] HugeTLB registered 2 MB page size, pre-allocated 0 pages
Feb 15 08:23:32 ip-172-31-69-18 kernel: [    0.802500] zbud: loaded
Feb 15 08:23:32 ip-172-31-69-18 kernel: [    0.804603] VFS: Disk quotas dquot_6.6.0
Feb 15 08:23:32 ip-172-31-69-18 kernel: [    0.807372] VFS: Dquot-cache hash table entries: 512 (order 0, 4096 bytes)
Feb 15 08:23:32 ip-172-31-69-18 kernel: [    0.811992] squashfs: version 4.0 (2009/01/31) Phillip Lougher
Feb 15 08:23:32 ip-172-31-69-18 kernel: [    0.816225] fuse init (API version 7.23)
Feb 15 08:23:32 ip-172-31-69-18 kernel: [    0.818905] Key type big_key registered
Feb 15 08:23:32 ip-172-31-69-18 kernel: [    0.821465] Allocating IMA MOK and blacklist keyrings.
Feb 15 08:23:32 ip-172-31-69-18 kernel: [    0.824912] Key type asymmetric registered
Feb 15 08:23:32 ip-172-31-69-18 kernel: [    0.827591] Asymmetric key parser 'x509' registered
Feb 15 08:23:32 ip-172-31-69-18 kernel: [    0.830608] Block layer SCSI generic (bsg) driver version 0.4 loaded (major 249)
Feb 15 08:23:32 ip-172-31-69-18 kernel: [    0.835381] io scheduler noop registered
Feb 15 08:23:32 ip-172-31-69-18 kernel: [    0.838263] io scheduler deadline registered (default)
Feb 15 08:23:32 ip-172-31-69-18 kernel: [    0.841495] io scheduler cfq registered
Feb 15 08:23:32 ip-172-31-69-18 kernel: [    0.844030] pci_hotplug: PCI Hot Plug PCI Core version: 0.5
Feb 15 08:23:32 ip-172-31-69-18 kernel: [    0.847477] pciehp: PCI Express Hot Plug Controller Driver version: 0.4
Feb 15 08:23:32 ip-172-31-69-18 kernel: [    0.851613] intel_idle: does not run on family 6 model 63
Feb 15 08:23:32 ip-172-31-69-18 kernel: [    0.851689] input: Power Button as /devices/LNXSYSTM:00/LNXPWRBN:00/input/input0
Feb 15 08:23:32 ip-172-31-69-18 kernel: [    0.856356] ACPI: Power Button [PWRF]
Feb 15 08:23:32 ip-172-31-69-18 kernel: [    0.858956] input: Sleep Button as /devices/LNXSYSTM:00/LNXSLPBN:00/input/input1
Feb 15 08:23:32 ip-172-31-69-18 kernel: [    0.863732] ACPI: Sleep Button [SLPF]
Feb 15 08:23:32 ip-172-31-69-18 kernel: [    0.866740] xen: --> pirq=22 -> irq=28 (gsi=28)
Feb 15 08:23:32 ip-172-31-69-18 kernel: [    0.866816] xen:grant_table: Grant tables using version 1 layout
Feb 15 08:23:32 ip-172-31-69-18 kernel: [    0.870304] Grant table initialized
Feb 15 08:23:32 ip-172-31-69-18 kernel: [    0.872703] Cannot get hvm parameter CONSOLE_EVTCHN (18): -22!
Feb 15 08:23:32 ip-172-31-69-18 kernel: [    0.876375] Serial: 8250/16550 driver, 32 ports, IRQ sharing enabled
Feb 15 08:23:32 ip-172-31-69-18 kernel: [    0.906382] 00:06: ttyS0 at I/O 0x3f8 (irq = 4, base_baud = 115200) is a 16550A
Feb 15 08:23:32 ip-172-31-69-18 kernel: [    0.912230] Linux agpgart interface v0.103
Feb 15 08:23:32 ip-172-31-69-18 kernel: [    0.916664] brd: module loaded
Feb 15 08:23:32 ip-172-31-69-18 kernel: [    0.919728] loop: module loaded
Feb 15 08:23:32 ip-172-31-69-18 kernel: [    0.921993] Invalid max_queues (4), will use default max: 1.
Feb 15 08:23:32 ip-172-31-69-18 kernel: [    0.926309] ata_piix 0000:00:01.1: version 2.13
Feb 15 08:23:32 ip-172-31-69-18 kernel: [    0.927344] scsi host0: ata_piix
Feb 15 08:23:32 ip-172-31-69-18 kernel: [    0.930048] scsi host1: ata_piix
Feb 15 08:23:32 ip-172-31-69-18 kernel: [    0.932643] ata1: PATA max MWDMA2 cmd 0x1f0 ctl 0x3f6 bmdma 0xc100 irq 14
Feb 15 08:23:32 ip-172-31-69-18 kernel: [    0.936886] ata2: PATA max MWDMA2 cmd 0x170 ctl 0x376 bmdma 0xc108 irq 15
Feb 15 08:23:32 ip-172-31-69-18 kernel: [    0.942319] libphy: Fixed MDIO Bus: probed
Feb 15 08:23:32 ip-172-31-69-18 kernel: [    0.944981] tun: Universal TUN/TAP device driver, 1.6
Feb 15 08:23:32 ip-172-31-69-18 kernel: [    0.948181] tun: (C) 1999-2004 Max Krasnyansky <maxk@qualcomm.com>
Feb 15 08:23:32 ip-172-31-69-18 kernel: [    0.951966] PPP generic driver version 2.4.2
Feb 15 08:23:32 ip-172-31-69-18 kernel: [    0.954753] xen_netfront: Initialising Xen virtual ethernet driver
Feb 15 08:23:32 ip-172-31-69-18 kernel: [    0.961253] ehci_hcd: USB 2.0 'Enhanced' Host Controller (EHCI) Driver
Feb 15 08:23:32 ip-172-31-69-18 kernel: [    0.965701] ehci-pci: EHCI PCI platform driver
Feb 15 08:23:32 ip-172-31-69-18 kernel: [    0.968775] ehci-platform: EHCI generic platform driver
Feb 15 08:23:32 ip-172-31-69-18 kernel: [    0.972003] ohci_hcd: USB 1.1 'Open' Host Controller (OHCI) Driver
Feb 15 08:23:32 ip-172-31-69-18 kernel: [    0.975801] ohci-pci: OHCI PCI platform driver
Feb 15 08:23:32 ip-172-31-69-18 kernel: [    0.978617] ohci-platform: OHCI generic platform driver
Feb 15 08:23:32 ip-172-31-69-18 kernel: [    0.981921] uhci_hcd: USB Universal Host Controller Interface driver
Feb 15 08:23:32 ip-172-31-69-18 kernel: [    0.985817] i8042: PNP: PS/2 Controller [PNP0303:PS2K,PNP0f13:PS2M] at 0x60,0x64 irq 1,12
Feb 15 08:23:32 ip-172-31-69-18 kernel: [    0.993206] serio: i8042 KBD port at 0x60,0x64 irq 1
Feb 15 08:23:32 ip-172-31-69-18 kernel: [    0.996426] serio: i8042 AUX port at 0x60,0x64 irq 12
Feb 15 08:23:32 ip-172-31-69-18 kernel: [    0.999892] mousedev: PS/2 mouse device common for all mice
Feb 15 08:23:32 ip-172-31-69-18 kernel: [    1.004283] input: AT Translated Set 2 keyboard as /devices/platform/i8042/serio0/input/input2
Feb 15 08:23:32 ip-172-31-69-18 kernel: [    1.010017] rtc_cmos 00:02: rtc core: registered rtc_cmos as rtc0
Feb 15 08:23:32 ip-172-31-69-18 kernel: [    1.014767] rtc_cmos 00:02: alarms up to one day, 114 bytes nvram, hpet irqs
Feb 15 08:23:32 ip-172-31-69-18 kernel: [    1.036983] i2c /dev entries driver
Feb 15 08:23:32 ip-172-31-69-18 kernel: [    1.039793] device-mapper: uevent: version 1.0.3
Feb 15 08:23:32 ip-172-31-69-18 kernel: [    1.043000] device-mapper: ioctl: 4.34.0-ioctl (2015-10-28) initialised: dm-devel@redhat.com
Feb 15 08:23:32 ip-172-31-69-18 kernel: [    1.048708] NET: Registered protocol family 10
Feb 15 08:23:32 ip-172-31-69-18 kernel: [    1.052043] NET: Registered protocol family 17
Feb 15 08:23:32 ip-172-31-69-18 kernel: [    1.055613] Key type dns_resolver registered
Feb 15 08:23:32 ip-172-31-69-18 kernel: [    1.058812] registered taskstats version 1
Feb 15 08:23:32 ip-172-31-69-18 kernel: [    1.064254] Loading compiled-in X.509 certificates
Feb 15 08:23:32 ip-172-31-69-18 kernel: [    1.068507] Loaded X.509 cert 'Build time autogenerated kernel key: 3202f79a2fa321ecce3869d36458fe9267f31118'
Feb 15 08:23:32 ip-172-31-69-18 kernel: [    1.074499] zswap: loaded using pool lzo/zbud
Feb 15 08:23:32 ip-172-31-69-18 kernel: [    1.078721] blkfront: xvda: barrier or flush: disabled; persistent grants: disabled; indirect descriptors: enabled;
Feb 15 08:23:32 ip-172-31-69-18 kernel: [    1.085515] Key type trusted registered
Feb 15 08:23:32 ip-172-31-69-18 kernel: [    1.090360]  xvda: xvda1
Feb 15 08:23:32 ip-172-31-69-18 kernel: [    1.093775] Key type encrypted registered
Feb 15 08:23:32 ip-172-31-69-18 kernel: [    1.097488] AppArmor: AppArmor sha1 policy hashing enabled
Feb 15 08:23:32 ip-172-31-69-18 kernel: [    1.100779] ima: No TPM chip found, activating TPM-bypass!
Feb 15 08:23:32 ip-172-31-69-18 kernel: [    1.104030] evm: HMAC attrs: 0x1
Feb 15 08:23:32 ip-172-31-69-18 kernel: [    1.106806]   Magic number: 6:197:380
Feb 15 08:23:32 ip-172-31-69-18 kernel: [    1.109408] rtc_cmos 00:02: setting system clock to 2018-02-15 12:23:22 UTC (1518697402)
Feb 15 08:23:32 ip-172-31-69-18 kernel: [    1.114377] BIOS EDD facility v0.16 2004-Jun-25, 0 devices found
Feb 15 08:23:32 ip-172-31-69-18 kernel: [    1.117975] EDD information not available.
Feb 15 08:23:32 ip-172-31-69-18 kernel: [    1.120666] PM: Hibernation image not present or could not be loaded.
Feb 15 08:23:32 ip-172-31-69-18 kernel: [    1.122314] Freeing unused kernel memory: 1484K
Feb 15 08:23:32 ip-172-31-69-18 kernel: [    1.125342] Write protecting the kernel read-only data: 14336k
Feb 15 08:23:32 ip-172-31-69-18 kernel: [    1.129329] Freeing unused kernel memory: 1908K
Feb 15 08:23:32 ip-172-31-69-18 kernel: [    1.132708] Freeing unused kernel memory: 224K
Feb 15 08:23:32 ip-172-31-69-18 kernel: [    1.148262] random: udevadm: uninitialized urandom read (16 bytes read, 9 bits of entropy available)
Feb 15 08:23:32 ip-172-31-69-18 kernel: [    1.155139] random: systemd-udevd: uninitialized urandom read (16 bytes read, 9 bits of entropy available)
Feb 15 08:23:32 ip-172-31-69-18 kernel: [    1.161729] random: systemd-udevd: uninitialized urandom read (16 bytes read, 9 bits of entropy available)
Feb 15 08:23:32 ip-172-31-69-18 kernel: [    1.168312] random: udevadm: uninitialized urandom read (16 bytes read, 9 bits of entropy available)
Feb 15 08:23:32 ip-172-31-69-18 kernel: [    1.174484] random: systemd-udevd: uninitialized urandom read (16 bytes read, 9 bits of entropy available)
Feb 15 08:23:32 ip-172-31-69-18 kernel: [    1.186696] random: systemd-udevd: uninitialized urandom read (16 bytes read, 9 bits of entropy available)
Feb 15 08:23:32 ip-172-31-69-18 kernel: [    1.195170] random: udevadm: uninitialized urandom read (16 bytes read, 9 bits of entropy available)
Feb 15 08:23:32 ip-172-31-69-18 kernel: [    1.202147] random: systemd-udevd: uninitialized urandom read (16 bytes read, 9 bits of entropy available)
Feb 15 08:23:32 ip-172-31-69-18 kernel: [    1.208780] random: udevadm: uninitialized urandom read (16 bytes read, 9 bits of entropy available)
Feb 15 08:23:32 ip-172-31-69-18 kernel: [    1.215222] random: systemd-udevd: uninitialized urandom read (16 bytes read, 9 bits of entropy available)
Feb 15 08:23:32 ip-172-31-69-18 kernel: [    1.349865] AVX2 version of gcm_enc/dec engaged.
Feb 15 08:23:32 ip-172-31-69-18 kernel: [    1.354426] AES CTR mode by8 optimization enabled
Feb 15 08:23:32 ip-172-31-69-18 kernel: [    1.780132] tsc: Refined TSC clocksource calibration: 2399.999 MHz
Feb 15 08:23:32 ip-172-31-69-18 kernel: [    1.785992] clocksource: tsc: mask: 0xffffffffffffffff max_cycles: 0x2298364cab5, max_idle_ns: 440795214892 ns
Feb 15 08:23:32 ip-172-31-69-18 kernel: [    2.902770] md: linear personality registered for level -1
Feb 15 08:23:32 ip-172-31-69-18 kernel: [    2.910721] md: multipath personality registered for level -4
Feb 15 08:23:32 ip-172-31-69-18 kernel: [    2.918984] md: raid0 personality registered for level 0
Feb 15 08:23:32 ip-172-31-69-18 kernel: [    2.927680] md: raid1 personality registered for level 1
Feb 15 08:23:32 ip-172-31-69-18 kernel: [    2.984065] raid6: sse2x1   gen()  8341 MB/s
Feb 15 08:23:32 ip-172-31-69-18 kernel: [    3.032070] raid6: sse2x1   xor()  6477 MB/s
Feb 15 08:23:32 ip-172-31-69-18 kernel: [    3.084067] raid6: sse2x2   gen() 10461 MB/s
Feb 15 08:23:32 ip-172-31-69-18 kernel: [    3.132063] raid6: sse2x2   xor()  7049 MB/s
Feb 15 08:23:32 ip-172-31-69-18 kernel: [    3.180066] raid6: sse2x4   gen() 12182 MB/s
Feb 15 08:23:32 ip-172-31-69-18 kernel: [    3.232068] raid6: sse2x4   xor()  8501 MB/s
Feb 15 08:23:32 ip-172-31-69-18 kernel: [    3.280069] raid6: avx2x1   gen() 16244 MB/s
Feb 15 08:23:32 ip-172-31-69-18 kernel: [    3.328063] raid6: avx2x2   gen() 18570 MB/s
Feb 15 08:23:32 ip-172-31-69-18 kernel: [    3.380067] raid6: avx2x4   gen() 22038 MB/s
Feb 15 08:23:32 ip-172-31-69-18 kernel: [    3.384019] raid6: using algorithm avx2x4 gen() 22038 MB/s
Feb 15 08:23:32 ip-172-31-69-18 kernel: [    3.388940] raid6: using avx2x2 recovery algorithm
Feb 15 08:23:32 ip-172-31-69-18 kernel: [    3.395493] xor: automatically using best checksumming function:
Feb 15 08:23:32 ip-172-31-69-18 kernel: [    3.440067]    avx       : 26155.000 MB/sec
Feb 15 08:23:32 ip-172-31-69-18 kernel: [    3.446265] async_tx: api initialized (async)
Feb 15 08:23:32 ip-172-31-69-18 kernel: [    3.463065] md: raid6 personality registered for level 6
Feb 15 08:23:32 ip-172-31-69-18 kernel: [    3.468427] md: raid5 personality registered for level 5
Feb 15 08:23:32 ip-172-31-69-18 kernel: [    3.473462] md: raid4 personality registered for level 4
Feb 15 08:23:32 ip-172-31-69-18 kernel: [    3.484266] md: raid10 personality registered for level 10
Feb 15 08:23:32 ip-172-31-69-18 kernel: [    3.529700] Btrfs loaded
Feb 15 08:23:32 ip-172-31-69-18 kernel: [    3.576446] EXT4-fs (xvda1): mounted filesystem with ordered data mode. Opts: (null)
Feb 15 08:23:32 ip-172-31-69-18 kernel: [    4.014203] EXT4-fs (xvda1): re-mounted. Opts: discard
Feb 15 08:23:32 ip-172-31-69-18 kernel: [    4.110504] Loading iSCSI transport class v2.0-870.
Feb 15 08:23:32 ip-172-31-69-18 kernel: [    4.138093] iscsi: registered transport (tcp)
Feb 15 08:23:32 ip-172-31-69-18 kernel: [    4.226758] iscsi: registered transport (iser)
Feb 15 08:23:32 ip-172-31-69-18 kernel: [    4.925839] audit: type=1400 audit(1518697406.312:2): apparmor="STATUS" operation="profile_load" profile="unconfined" name="lxc-container-default" pid=561 comm="apparmor_parser"
Feb 15 08:23:32 ip-172-31-69-18 kernel: [    4.925843] audit: type=1400 audit(1518697406.312:3): apparmor="STATUS" operation="profile_load" profile="unconfined" name="lxc-container-default-cgns" pid=561 comm="apparmor_parser"
Feb 15 08:23:32 ip-172-31-69-18 kernel: [    4.925847] audit: type=1400 audit(1518697406.312:4): apparmor="STATUS" operation="profile_load" profile="unconfined" name="lxc-container-default-with-mounting" pid=561 comm="apparmor_parser"
Feb 15 08:23:32 ip-172-31-69-18 kernel: [    4.925849] audit: type=1400 audit(1518697406.312:5): apparmor="STATUS" operation="profile_load" profile="unconfined" name="lxc-container-default-with-nesting" pid=561 comm="apparmor_parser"
Feb 15 08:23:32 ip-172-31-69-18 kernel: [    4.938168] audit: type=1400 audit(1518697406.324:6): apparmor="STATUS" operation="profile_load" profile="unconfined" name="/sbin/dhclient" pid=568 comm="apparmor_parser"
Feb 15 08:23:32 ip-172-31-69-18 kernel: [    4.938174] audit: type=1400 audit(1518697406.324:7): apparmor="STATUS" operation="profile_load" profile="unconfined" name="/usr/lib/NetworkManager/nm-dhcp-client.action" pid=568 comm="apparmor_parser"
Feb 15 08:23:32 ip-172-31-69-18 kernel: [    4.938177] audit: type=1400 audit(1518697406.324:8): apparmor="STATUS" operation="profile_load" profile="unconfined" name="/usr/lib/NetworkManager/nm-dhcp-helper" pid=568 comm="apparmor_parser"
Feb 15 08:23:32 ip-172-31-69-18 kernel: [    4.938180] audit: type=1400 audit(1518697406.324:9): apparmor="STATUS" operation="profile_load" profile="unconfined" name="/usr/lib/connman/scripts/dhclient-script" pid=568 comm="apparmor_parser"
Feb 15 08:23:32 ip-172-31-69-18 kernel: [    4.940186] audit: type=1400 audit(1518697406.328:10): apparmor="STATUS" operation="profile_load" profile="unconfined" name="/usr/bin/lxc-start" pid=570 comm="apparmor_parser"
Feb 15 08:23:32 ip-172-31-69-18 kernel: [    6.548973] ppdev: user-space parallel port driver
Feb 15 08:23:32 ip-172-31-69-18 kernel: [    9.784774] random: nonblocking pool is initialized
Feb 15 08:23:32 ip-172-31-69-18 kernel: [   10.769763] cgroup: new mount options do not match the existing superblock, will be ignored
Feb 15 08:23:32 ip-172-31-69-18 systemd-modules-load[383]: Inserted module 'iscsi_tcp'
Feb 15 08:23:32 ip-172-31-69-18 systemd-modules-load[383]: Inserted module 'ib_iser'
Feb 15 08:23:32 ip-172-31-69-18 loadkeys[380]: Loading /etc/console-setup/cached.kmap.gz
Feb 15 08:23:32 ip-172-31-69-18 systemd[1]: Started Uncomplicated firewall.
Feb 15 08:23:32 ip-172-31-69-18 systemd[1]: Started Remount Root and Kernel File Systems.
Feb 15 08:23:32 ip-172-31-69-18 systemd[1]: Started Set console keymap.
Feb 15 08:23:32 ip-172-31-69-18 systemd[1]: Started Load Kernel Modules.
Feb 15 08:23:32 ip-172-31-69-18 systemd[1]: Started Create list of required static device nodes for the current kernel.
Feb 15 08:23:32 ip-172-31-69-18 systemd[1]: Started Nameserver information manager.
Feb 15 08:23:32 ip-172-31-69-18 systemd[1]: Started LVM2 metadata daemon.
Feb 15 08:23:32 ip-172-31-69-18 systemd[1]: Starting Create Static Device Nodes in /dev...
Feb 15 08:23:32 ip-172-31-69-18 systemd[1]: Starting Apply Kernel Variables...
Feb 15 08:23:32 ip-172-31-69-18 systemd[1]: Mounting FUSE Control File System...
Feb 15 08:23:32 ip-172-31-69-18 systemd[1]: Starting Load/Save Random Seed...
Feb 15 08:23:32 ip-172-31-69-18 systemd[1]: Starting Initial cloud-init job (pre-networking)...
Feb 15 08:23:32 ip-172-31-69-18 systemd[1]: Starting udev Coldplug all Devices...
Feb 15 08:23:32 ip-172-31-69-18 systemd[1]: Starting Flush Journal to Persistent Storage...
Feb 15 08:23:32 ip-172-31-69-18 systemd[1]: Mounted FUSE Control File System.
Feb 15 08:23:32 ip-172-31-69-18 systemd[1]: Started Create Static Device Nodes in /dev.
Feb 15 08:23:32 ip-172-31-69-18 systemd[1]: Started Apply Kernel Variables.
Feb 15 08:23:32 ip-172-31-69-18 systemd[1]: Started Load/Save Random Seed.
Feb 15 08:23:32 ip-172-31-69-18 systemd[1]: Starting udev Kernel Device Manager...
Feb 15 08:23:32 ip-172-31-69-18 systemd[1]: Started Flush Journal to Persistent Storage.
Feb 15 08:23:32 ip-172-31-69-18 systemd[1]: Started udev Coldplug all Devices.
Feb 15 08:23:32 ip-172-31-69-18 systemd[1]: Started Monitoring of LVM2 mirrors, snapshots etc. using dmeventd or progress polling.
Feb 15 08:23:32 ip-172-31-69-18 systemd[1]: Started udev Kernel Device Manager.
Feb 15 08:23:32 ip-172-31-69-18 systemd[1]: Reached target Local File Systems (Pre).
Feb 15 08:23:32 ip-172-31-69-18 systemd[1]: Reached target Local File Systems.
Feb 15 08:23:32 ip-172-31-69-18 systemd[1]: Starting Create Volatile Files and Directories...
Feb 15 08:23:32 ip-172-31-69-18 systemd[1]: Starting Tell Plymouth To Write Out Runtime Data...
Feb 15 08:23:32 ip-172-31-69-18 systemd-tmpfiles[476]: [/usr/lib/tmpfiles.d/var.conf:14] Duplicate line for path "/var/log", ignoring.
Feb 15 08:23:32 ip-172-31-69-18 systemd[1]: Starting LSB: AppArmor initialization...
Feb 15 08:23:32 ip-172-31-69-18 systemd[1]: Starting Set console font and keymap...
Feb 15 08:23:32 ip-172-31-69-18 systemd[1]: Started Dispatch Password Requests to Console Directory Watch.
Feb 15 08:23:32 ip-172-31-69-18 systemd[1]: Started Create Volatile Files and Directories.
Feb 15 08:23:32 ip-172-31-69-18 systemd[1]: Started Tell Plymouth To Write Out Runtime Data.
Feb 15 08:23:32 ip-172-31-69-18 systemd[1]: Starting Network Time Synchronization...
Feb 15 08:23:32 ip-172-31-69-18 apparmor[481]:  * Starting AppArmor profiles
Feb 15 08:23:32 ip-172-31-69-18 systemd[1]: Starting Update UTMP about System Boot/Shutdown...
Feb 15 08:23:32 ip-172-31-69-18 systemd[1]: Started Update UTMP about System Boot/Shutdown.
Feb 15 08:23:32 ip-172-31-69-18 systemd[1]: Started Network Time Synchronization.
Feb 15 08:23:32 ip-172-31-69-18 systemd[1]: Reached target System Time Synchronized.
Feb 15 08:23:32 ip-172-31-69-18 apparmor[481]: Skipping profile in /etc/apparmor.d/disable: usr.sbin.rsyslogd
Feb 15 08:23:32 ip-172-31-69-18 apparmor[481]:    ...done.
Feb 15 08:23:32 ip-172-31-69-18 systemd[1]: Started LSB: AppArmor initialization.
Feb 15 08:23:32 ip-172-31-69-18 systemd[1]: Found device /dev/ttyS0.
Feb 15 08:23:32 ip-172-31-69-18 systemd[1]: Found device /sys/subsystem/net/devices/eth0.
Feb 15 08:23:32 ip-172-31-69-18 systemd[1]: Started Set console font and keymap.
Feb 15 08:23:32 ip-172-31-69-18 systemd[1]: Created slice system-getty.slice.
Feb 15 08:23:32 ip-172-31-69-18 systemd[1]: Listening on Load/Save RF Kill Switch Status /dev/rfkill Watch.
Feb 15 08:23:32 ip-172-31-69-18 dhclient[807]: Internet Systems Consortium DHCP Client 4.3.3
Feb 15 08:23:32 ip-172-31-69-18 dhclient[807]: Copyright 2004-2015 Internet Systems Consortium.
Feb 15 08:23:32 ip-172-31-69-18 dhclient[807]: All rights reserved.
Feb 15 08:23:32 ip-172-31-69-18 dhclient[807]: For info, please visit https://www.isc.org/software/dhcp/
Feb 15 08:23:32 ip-172-31-69-18 dhclient[807]: 
Feb 15 08:23:32 ip-172-31-69-18 dhclient[807]: Listening on LPF/eth0/02:62:a9:6f:87:18
Feb 15 08:23:32 ip-172-31-69-18 dhclient[807]: Sending on   LPF/eth0/02:62:a9:6f:87:18
Feb 15 08:23:32 ip-172-31-69-18 dhclient[807]: Sending on   Socket/fallback
Feb 15 08:23:32 ip-172-31-69-18 dhclient[807]: DHCPDISCOVER on eth0 to 255.255.255.255 port 67 interval 3 (xid=0xdab21835)
Feb 15 08:23:32 ip-172-31-69-18 dhclient[807]: DHCPDISCOVER on eth0 to 255.255.255.255 port 67 interval 6 (xid=0xdab21835)
Feb 15 08:23:32 ip-172-31-69-18 dhclient[807]: DHCPREQUEST of 172.31.69.18 on eth0 to 255.255.255.255 port 67 (xid=0x3518b2da)
Feb 15 08:23:32 ip-172-31-69-18 dhclient[807]: DHCPOFFER of 172.31.69.18 from 172.31.69.1
Feb 15 08:23:32 ip-172-31-69-18 dhclient[807]: DHCPACK of 172.31.69.18 from 172.31.69.1
Feb 15 08:23:32 ip-172-31-69-18 dhclient[807]: bound to 172.31.69.18 -- renewal in 1568 seconds.
Feb 15 08:23:32 ip-172-31-69-18 cloud-init[446]: Cloud-init v. 17.1 running 'init-local' at Thu, 15 Feb 2018 12:23:27 +0000. Up 5.67 seconds.
Feb 15 08:23:32 ip-172-31-69-18 systemd[1]: Started Initial cloud-init job (pre-networking).
Feb 15 08:23:32 ip-172-31-69-18 systemd[1]: Reached target Network (Pre).
Feb 15 08:23:32 ip-172-31-69-18 systemd[1]: Starting Raise network interfaces...
Feb 15 08:23:32 ip-172-31-69-18 systemd[1]: Started ifup for eth0.
Feb 15 08:23:32 ip-172-31-69-18 dhclient[901]: Internet Systems Consortium DHCP Client 4.3.3
Feb 15 08:23:32 ip-172-31-69-18 sh[886]: Internet Systems Consortium DHCP Client 4.3.3
Feb 15 08:23:32 ip-172-31-69-18 dhclient[901]: Copyright 2004-2015 Internet Systems Consortium.
Feb 15 08:23:32 ip-172-31-69-18 sh[886]: Copyright 2004-2015 Internet Systems Consortium.
Feb 15 08:23:32 ip-172-31-69-18 dhclient[901]: All rights reserved.
Feb 15 08:23:32 ip-172-31-69-18 sh[886]: All rights reserved.
Feb 15 08:23:32 ip-172-31-69-18 dhclient[901]: For info, please visit https://www.isc.org/software/dhcp/
Feb 15 08:23:32 ip-172-31-69-18 sh[886]: For info, please visit https://www.isc.org/software/dhcp/
Feb 15 08:23:32 ip-172-31-69-18 dhclient[901]: 
Feb 15 08:23:32 ip-172-31-69-18 dhclient[901]: Listening on LPF/eth0/02:62:a9:6f:87:18
Feb 15 08:23:32 ip-172-31-69-18 sh[886]: Listening on LPF/eth0/02:62:a9:6f:87:18
Feb 15 08:23:32 ip-172-31-69-18 dhclient[901]: Sending on   LPF/eth0/02:62:a9:6f:87:18
Feb 15 08:23:32 ip-172-31-69-18 sh[886]: Sending on   LPF/eth0/02:62:a9:6f:87:18
Feb 15 08:23:32 ip-172-31-69-18 dhclient[901]: Sending on   Socket/fallback
Feb 15 08:23:32 ip-172-31-69-18 sh[886]: Sending on   Socket/fallback
Feb 15 08:23:32 ip-172-31-69-18 dhclient[901]: DHCPDISCOVER on eth0 to 255.255.255.255 port 67 interval 3 (xid=0x37fdc004)
Feb 15 08:23:32 ip-172-31-69-18 sh[886]: DHCPDISCOVER on eth0 to 255.255.255.255 port 67 interval 3 (xid=0x37fdc004)
Feb 15 08:23:32 ip-172-31-69-18 dhclient[901]: DHCPREQUEST of 172.31.69.18 on eth0 to 255.255.255.255 port 67 (xid=0x4c0fd37)
Feb 15 08:23:32 ip-172-31-69-18 sh[886]: DHCPREQUEST of 172.31.69.18 on eth0 to 255.255.255.255 port 67 (xid=0x4c0fd37)
Feb 15 08:23:32 ip-172-31-69-18 dhclient[901]: DHCPOFFER of 172.31.69.18 from 172.31.69.1
Feb 15 08:23:32 ip-172-31-69-18 sh[886]: DHCPOFFER of 172.31.69.18 from 172.31.69.1
Feb 15 08:23:32 ip-172-31-69-18 dhclient[901]: DHCPACK of 172.31.69.18 from 172.31.69.1
Feb 15 08:23:32 ip-172-31-69-18 sh[886]: DHCPACK of 172.31.69.18 from 172.31.69.1
Feb 15 08:23:32 ip-172-31-69-18 dhclient[901]: bound to 172.31.69.18 -- renewal in 1595 seconds.
Feb 15 08:23:32 ip-172-31-69-18 sh[886]: bound to 172.31.69.18 -- renewal in 1595 seconds.
Feb 15 08:23:32 ip-172-31-69-18 ifup[900]: /sbin/ifup: waiting for lock on /run/network/ifstate.eth0
Feb 15 08:23:32 ip-172-31-69-18 systemd[1]: Started Raise network interfaces.
Feb 15 08:23:32 ip-172-31-69-18 systemd[1]: Reached target Network.
Feb 15 08:23:32 ip-172-31-69-18 systemd[1]: Starting Initial cloud-init job (metadata service crawler)...
Feb 15 08:23:32 ip-172-31-69-18 cloud-init[1051]: Cloud-init v. 17.1 running 'init' at Thu, 15 Feb 2018 12:23:31 +0000. Up 10.16 seconds.
Feb 15 08:23:32 ip-172-31-69-18 cloud-init[1051]: ci-info: ++++++++++++++++++++++++++++++++++++++Net device info+++++++++++++++++++++++++++++++++++++++
Feb 15 08:23:32 ip-172-31-69-18 cloud-init[1051]: ci-info: +--------+------+----------------------------+-----------------+-------+-------------------+
Feb 15 08:23:32 ip-172-31-69-18 cloud-init[1051]: ci-info: | Device |  Up  |          Address           |       Mask      | Scope |     Hw-Address    |
Feb 15 08:23:32 ip-172-31-69-18 cloud-init[1051]: ci-info: +--------+------+----------------------------+-----------------+-------+-------------------+
Feb 15 08:23:32 ip-172-31-69-18 cloud-init[1051]: ci-info: |  eth0  | True |        172.31.69.18        | 255.255.255.224 |   .   | 02:62:a9:6f:87:18 |
Feb 15 08:23:32 ip-172-31-69-18 cloud-init[1051]: ci-info: |  eth0  | True | fe80::62:a9ff:fe6f:8718/64 |        .        |  link | 02:62:a9:6f:87:18 |
Feb 15 08:23:32 ip-172-31-69-18 cloud-init[1051]: ci-info: |   lo   | True |         127.0.0.1          |    255.0.0.0    |   .   |         .         |
Feb 15 08:23:32 ip-172-31-69-18 cloud-init[1051]: ci-info: |   lo   | True |          ::1/128           |        .        |  host |         .         |
Feb 15 08:23:32 ip-172-31-69-18 cloud-init[1051]: ci-info: +--------+------+----------------------------+-----------------+-------+-------------------+
Feb 15 08:23:32 ip-172-31-69-18 cloud-init[1051]: ci-info: ++++++++++++++++++++++++++++++Route IPv4 info++++++++++++++++++++++++++++++
Feb 15 08:23:32 ip-172-31-69-18 cloud-init[1051]: ci-info: +-------+-------------+-------------+-----------------+-----------+-------+
Feb 15 08:23:32 ip-172-31-69-18 cloud-init[1051]: ci-info: | Route | Destination |   Gateway   |     Genmask     | Interface | Flags |
Feb 15 08:23:32 ip-172-31-69-18 cloud-init[1051]: ci-info: +-------+-------------+-------------+-----------------+-----------+-------+
Feb 15 08:23:32 ip-172-31-69-18 cloud-init[1051]: ci-info: |   0   |   0.0.0.0   | 172.31.69.1 |     0.0.0.0     |    eth0   |   UG  |
Feb 15 08:23:32 ip-172-31-69-18 cloud-init[1051]: ci-info: |   1   | 172.31.69.0 |   0.0.0.0   | 255.255.255.224 |    eth0   |   U   |
Feb 15 08:23:32 ip-172-31-69-18 cloud-init[1051]: ci-info: +-------+-------------+-------------+-----------------+-----------+-------+
Feb 15 08:23:32 ip-172-31-69-18 systemd[1]: Started Initial cloud-init job (metadata service crawler).
Feb 15 08:23:32 ip-172-31-69-18 systemd[1]: Reached target Network is Online.
Feb 15 08:23:32 ip-172-31-69-18 systemd[1]: Starting iSCSI initiator daemon (iscsid)...
Feb 15 08:23:32 ip-172-31-69-18 systemd[1]: Reached target System Initialization.
Feb 15 08:23:32 ip-172-31-69-18 systemd[1]: Listening on ACPID Listen Socket.
Feb 15 08:23:32 ip-172-31-69-18 systemd[1]: Listening on UUID daemon activation socket.
Feb 15 08:23:32 ip-172-31-69-18 systemd[1]: Starting Socket activation for snappy daemon.
Feb 15 08:23:32 ip-172-31-69-18 systemd[1]: Started Daily apt download activities.
Feb 15 08:23:32 ip-172-31-69-18 systemd[1]: Starting LXD - unix socket.
Feb 15 08:23:32 ip-172-31-69-18 systemd[1]: Listening on D-Bus System Message Bus Socket.
Feb 15 08:23:32 ip-172-31-69-18 systemd[1]: Started Daily apt upgrade and clean activities.
Feb 15 08:23:32 ip-172-31-69-18 systemd[1]: Started ACPI Events Check.
Feb 15 08:23:32 ip-172-31-69-18 systemd[1]: Reached target Paths.
Feb 15 08:23:32 ip-172-31-69-18 systemd[1]: Started Daily Cleanup of Temporary Directories.
Feb 15 08:23:32 ip-172-31-69-18 systemd[1]: Started Timer to automatically refresh installed snaps.
Feb 15 08:23:32 ip-172-31-69-18 systemd[1]: Reached target Timers.
Feb 15 08:23:32 ip-172-31-69-18 systemd[1]: Reached target Cloud-config availability.
Feb 15 08:23:32 ip-172-31-69-18 systemd[1]: Listening on Socket activation for snappy daemon.
Feb 15 08:23:32 ip-172-31-69-18 systemd[1]: Listening on LXD - unix socket.
Feb 15 08:23:32 ip-172-31-69-18 iscsid: iSCSI logger with pid=1107 started!
Feb 15 08:23:32 ip-172-31-69-18 iscsid: iSCSI daemon with pid=1108 started!
Feb 15 08:23:32 ip-172-31-69-18 systemd[1]: Started iSCSI initiator daemon (iscsid).
Feb 15 08:23:32 ip-172-31-69-18 systemd[1]: Starting Login to default iSCSI targets...
Feb 15 08:23:32 ip-172-31-69-18 systemd[1]: Reached target Sockets.
Feb 15 08:23:32 ip-172-31-69-18 systemd[1]: Reached target Basic System.
Feb 15 08:23:32 ip-172-31-69-18 systemd[1]: Starting LXD - container startup/shutdown...
Feb 15 08:23:32 ip-172-31-69-18 systemd[1]: Starting LSB: Record successful boot for GRUB...
Feb 15 08:23:32 ip-172-31-69-18 systemd[1]: Started D-Bus System Message Bus.
Feb 15 08:23:32 ip-172-31-69-18 dbus[1122]: [system] AppArmor D-Bus mediation is enabled
Feb 15 08:23:32 ip-172-31-69-18 systemd[1]: Started FUSE filesystem for LXC.
Feb 15 08:23:32 ip-172-31-69-18 systemd[1]: Starting Login Service...
Feb 15 08:23:32 ip-172-31-69-18 lxcfs[1126]: hierarchies:
Feb 15 08:23:32 ip-172-31-69-18 lxcfs[1126]:   0: fd:   5: perf_event
Feb 15 08:23:32 ip-172-31-69-18 lxcfs[1126]:   1: fd:   6: pids
Feb 15 08:23:32 ip-172-31-69-18 lxcfs[1126]:   2: fd:   7: devices
Feb 15 08:23:32 ip-172-31-69-18 lxcfs[1126]:   3: fd:   8: cpuset
Feb 15 08:23:32 ip-172-31-69-18 lxcfs[1126]:   4: fd:   9: blkio
Feb 15 08:23:32 ip-172-31-69-18 lxcfs[1126]:   5: fd:  10: cpu,cpuacct
Feb 15 08:23:32 ip-172-31-69-18 lxcfs[1126]:   6: fd:  11: hugetlb
Feb 15 08:23:32 ip-172-31-69-18 lxcfs[1126]:   7: fd:  12: net_cls,net_prio
Feb 15 08:23:32 ip-172-31-69-18 lxcfs[1126]:   8: fd:  13: memory
Feb 15 08:23:32 ip-172-31-69-18 lxcfs[1126]:   9: fd:  14: freezer
Feb 15 08:23:32 ip-172-31-69-18 lxcfs[1126]:  10: fd:  15: name=systemd
Feb 15 08:23:32 ip-172-31-69-18 systemd[1]: Started Unattended Upgrades Shutdown.
Feb 15 08:23:32 ip-172-31-69-18 systemd[1]: Starting /etc/rc.local Compatibility...
Feb 15 08:23:32 ip-172-31-69-18 systemd[1]: Started ACPI event daemon.
Feb 15 08:23:32 ip-172-31-69-18 acpid: starting up with netlink and the input layer
Feb 15 08:23:32 ip-172-31-69-18 acpid: 1 rule loaded
Feb 15 08:23:32 ip-172-31-69-18 acpid: waiting for events: event logging is off
Feb 15 08:23:32 ip-172-31-69-18 systemd[1]: Starting Initialize hardware monitoring sensors...
Feb 15 08:23:32 ip-172-31-69-18 systemd[1]: Starting Accounts Service...
Feb 15 08:23:32 ip-172-31-69-18 sensors[1143]: No sensors found!
Feb 15 08:23:32 ip-172-31-69-18 sensors[1143]: Make sure you loaded all the kernel drivers you need.
Feb 15 08:23:32 ip-172-31-69-18 sensors[1143]: Try sensors-detect to find out which these are.
Feb 15 08:23:32 ip-172-31-69-18 systemd[1]: Starting Apply the settings specified in cloud-config...
Feb 15 08:23:32 ip-172-31-69-18 systemd[1]: Starting OpenBSD Secure Shell server...
Feb 15 08:23:32 ip-172-31-69-18 systemd[1]: Starting LSB: MD monitoring daemon...
Feb 15 08:23:32 ip-172-31-69-18 systemd[1]: Started Regular background program processing daemon.
Feb 15 08:23:32 ip-172-31-69-18 systemd[1]: Starting Snappy daemon...
Feb 15 08:23:32 ip-172-31-69-18 cron[1159]: (CRON) INFO (pidfile fd = 3)
Feb 15 08:23:32 ip-172-31-69-18 systemd[1]: Starting System Logging Service...
Feb 15 08:23:32 ip-172-31-69-18 systemd[1]: Started Deferred execution scheduler.
Feb 15 08:23:32 ip-172-31-69-18 systemd[1]: Started /etc/rc.local Compatibility.
Feb 15 08:23:32 ip-172-31-69-18 cron[1159]: (CRON) INFO (Running @reboot jobs)
Feb 15 08:23:32 ip-172-31-69-18 sensors[1177]: No sensors found!
Feb 15 08:23:32 ip-172-31-69-18 sensors[1177]: Make sure you loaded all the kernel drivers you need.
Feb 15 08:23:32 ip-172-31-69-18 sensors[1177]: Try sensors-detect to find out which these are.
Feb 15 08:23:32 ip-172-31-69-18 systemd[1]: Started Initialize hardware monitoring sensors.
Feb 15 08:23:32 ip-172-31-69-18 systemd[1]: Started LXD - container startup/shutdown.
Feb 15 08:23:32 ip-172-31-69-18 systemd[1]: Started System Logging Service.
Feb 15 08:23:32 ip-172-31-69-18 systemd[1]: Started OpenBSD Secure Shell server.
Feb 15 08:23:32 ip-172-31-69-18 dbus[1122]: [system] Activating via systemd: service name='org.freedesktop.PolicyKit1' unit='polkitd.service'
Feb 15 08:23:32 ip-172-31-69-18 iscsiadm[1186]: iscsiadm: No records found
Feb 15 08:23:32 ip-172-31-69-18 systemd[1]: Started LSB: Record successful boot for GRUB.
Feb 15 08:23:32 ip-172-31-69-18 systemd[1]: Started Login to default iSCSI targets.
Feb 15 08:23:32 ip-172-31-69-18 mdadm[1156]:  * Starting MD monitoring service mdadm --monitor
Feb 15 08:23:32 ip-172-31-69-18 mdadm[1156]:    ...done.
Feb 15 08:23:32 ip-172-31-69-18 systemd[1]: Started LSB: MD monitoring daemon.
Feb 15 08:23:32 ip-172-31-69-18 systemd[1]: Started Login Service.
Feb 15 08:23:32 ip-172-31-69-18 systemd[1]: Starting Authenticate and Authorize Users to Run Privileged Tasks...
Feb 15 08:23:32 ip-172-31-69-18 snapd[1164]: AppArmor status: apparmor is enabled and all features are available
Feb 15 08:23:32 ip-172-31-69-18 snapd[1164]: 2018/02/15 08:23:32.517418 daemon.go:306: started snapd/2.29.4.2 (series 16; classic) ubuntu/16.04 (amd64) linux/4.4.0-1049-aws.
Feb 15 08:23:32 ip-172-31-69-18 systemd[1]: Reached target Remote File Systems (Pre).
Feb 15 08:23:32 ip-172-31-69-18 systemd[1]: Reached target Remote File Systems.
Feb 15 08:23:32 ip-172-31-69-18 systemd[1]: Starting LSB: Set the CPU Frequency Scaling governor to "ondemand"...
Feb 15 08:23:32 ip-172-31-69-18 systemd[1]: Starting LSB: daemon to balance interrupts for SMP systems...
Feb 15 08:23:32 ip-172-31-69-18 systemd[1]: Starting Permit User Sessions...
Feb 15 08:23:32 ip-172-31-69-18 polkitd[1206]: started daemon version 0.105 using authority implementation `local' version `0.105'
Feb 15 08:23:32 ip-172-31-69-18 dbus[1122]: [system] Successfully activated service 'org.freedesktop.PolicyKit1'
Feb 15 08:23:32 ip-172-31-69-18 systemd[1]: Starting LSB: disk temperature monitoring daemon...
Feb 15 08:23:32 ip-172-31-69-18 accounts-daemon[1147]: started daemon version 0.6.40
Feb 15 08:23:32 ip-172-31-69-18 systemd[1]: Starting LSB: automatic crash report generation...
Feb 15 08:23:32 ip-172-31-69-18 systemd[1]: Started Snappy daemon.
Feb 15 08:23:32 ip-172-31-69-18 systemd[1]: Started Permit User Sessions.
Feb 15 08:23:32 ip-172-31-69-18 systemd[1]: Started Authenticate and Authorize Users to Run Privileged Tasks.
Feb 15 08:23:32 ip-172-31-69-18 systemd[1]: Started Accounts Service.
Feb 15 08:23:32 ip-172-31-69-18 systemd[1]: Started LSB: disk temperature monitoring daemon.
Feb 15 08:23:32 ip-172-31-69-18 systemd[1]: Started LSB: Set the CPU Frequency Scaling governor to "ondemand".
Feb 15 08:23:32 ip-172-31-69-18 systemd[1]: Starting Terminate Plymouth Boot Screen...
Feb 15 08:23:32 ip-172-31-69-18 apport[1231]:  * Starting automatic crash report generation: apport
Feb 15 08:23:32 ip-172-31-69-18 irqbalance[1216]:  * Starting SMP IRQ Balancer: irqbalance
Feb 15 08:23:32 ip-172-31-69-18 systemd[1]: Starting Hold until boot process finishes up...
Feb 15 08:23:32 ip-172-31-69-18 systemd[1]: Started Hold until boot process finishes up.
Feb 15 08:23:32 ip-172-31-69-18 /usr/sbin/irqbalance: Balancing is ineffective on systems with a single cpu.  Shutting down
Feb 15 08:23:32 ip-172-31-69-18 irqbalance[1216]:    ...done.
Feb 15 08:23:32 ip-172-31-69-18 systemd[1]: Started Terminate Plymouth Boot Screen.
Feb 15 08:23:32 ip-172-31-69-18 apport[1231]:    ...done.
Feb 15 08:23:32 ip-172-31-69-18 systemd[1]: Started LSB: daemon to balance interrupts for SMP systems.
Feb 15 08:23:32 ip-172-31-69-18 systemd[1]: Started LSB: automatic crash report generation.
Feb 15 08:23:32 ip-172-31-69-18 systemd[1]: Starting Set console scheme...
Feb 15 08:23:32 ip-172-31-69-18 systemd[1]: Started Serial Getty on ttyS0.
Feb 15 08:23:32 ip-172-31-69-18 systemd[1]: Started Getty on tty1.
Feb 15 08:23:32 ip-172-31-69-18 systemd[1]: Reached target Login Prompts.
Feb 15 08:23:32 ip-172-31-69-18 systemd[1]: Reached target Multi-User System.
Feb 15 08:23:32 ip-172-31-69-18 systemd[1]: Reached target Graphical Interface.
Feb 15 08:23:32 ip-172-31-69-18 systemd[1]: Starting Update UTMP about System Runlevel Changes...
Feb 15 08:23:32 ip-172-31-69-18 systemd[1]: Started Set console scheme.
Feb 15 08:23:32 ip-172-31-69-18 systemd[1]: Started Update UTMP about System Runlevel Changes.
Feb 15 08:23:33 ip-172-31-69-18 cloud-init[1150]: Cloud-init v. 17.1 running 'modules:config' at Thu, 15 Feb 2018 12:23:33 +0000. Up 11.62 seconds.
Feb 15 08:23:33 ip-172-31-69-18 systemd[1]: Started Apply the settings specified in cloud-config.
Feb 15 08:23:33 ip-172-31-69-18 systemd[1]: Starting Execute cloud user/final scripts...
Feb 15 08:23:33 ip-172-31-69-18 cloud-init[1288]: Cloud-init v. 17.1 running 'modules:final' at Thu, 15 Feb 2018 12:23:33 +0000. Up 12.03 seconds.
Feb 15 08:23:33 ip-172-31-69-18 cloud-init[1288]: Cloud-init v. 17.1 finished at Thu, 15 Feb 2018 12:23:33 +0000. Datasource DataSourceEc2Local.  Up 12.15 seconds
Feb 15 08:23:33 ip-172-31-69-18 systemd[1]: Started Execute cloud user/final scripts.
Feb 15 08:23:33 ip-172-31-69-18 systemd[1]: Reached target Cloud-init target.
Feb 15 08:23:33 ip-172-31-69-18 systemd[1]: Startup finished in 3.684s (kernel) + 8.566s (userspace) = 12.251s.
Feb 15 08:23:57 ip-172-31-69-18 systemd[1]: Time has been changed
Feb 15 08:23:57 ip-172-31-69-18 systemd-timesyncd[505]: Synchronized to time server 91.189.94.4:123 (ntp.ubuntu.com).
Feb 15 08:29:28 ip-172-31-69-18 systemd[1]: Created slice User Slice of ubuntu.
Feb 15 08:29:28 ip-172-31-69-18 systemd[1]: Starting User Manager for UID 1000...
Feb 15 08:29:28 ip-172-31-69-18 systemd[1]: Started Session 1 of user ubuntu.
Feb 15 08:29:28 ip-172-31-69-18 systemd[1307]: Reached target Timers.
Feb 15 08:29:28 ip-172-31-69-18 systemd[1307]: Reached target Sockets.
Feb 15 08:29:28 ip-172-31-69-18 systemd[1307]: Reached target Paths.
Feb 15 08:29:28 ip-172-31-69-18 systemd[1307]: Reached target Basic System.
Feb 15 08:29:28 ip-172-31-69-18 systemd[1307]: Reached target Default.
Feb 15 08:29:28 ip-172-31-69-18 systemd[1307]: Startup finished in 23ms.
Feb 15 08:29:28 ip-172-31-69-18 systemd[1]: Started User Manager for UID 1000.
Feb 15 08:29:45 ip-172-31-69-18 kernel: [  383.409860] Netfilter messages via NETLINK v0.30.
Feb 15 08:29:45 ip-172-31-69-18 kernel: [  383.417316] device eth0 entered promiscuous mode
Feb 15 08:39:00 ip-172-31-69-18 systemd[1]: Starting Cleanup of Temporary Directories...
Feb 15 08:39:00 ip-172-31-69-18 systemd-tmpfiles[1420]: [/usr/lib/tmpfiles.d/var.conf:14] Duplicate line for path "/var/log", ignoring.
Feb 15 08:39:00 ip-172-31-69-18 systemd[1]: Started Cleanup of Temporary Directories.
Feb 15 08:50:07 ip-172-31-69-18 dhclient[991]: DHCPREQUEST of 172.31.69.18 on eth0 to 172.31.69.1 port 67 (xid=0x4c0fd37)
Feb 15 08:50:07 ip-172-31-69-18 dhclient[991]: DHCPACK of 172.31.69.18 from 172.31.69.1
Feb 15 08:50:07 ip-172-31-69-18 dhclient[991]: bound to 172.31.69.18 -- renewal in 1770 seconds.
Feb 15 09:17:01 ip-172-31-69-18 CRON[1438]: (root) CMD (   cd / && run-parts --report /etc/cron.hourly)
Feb 15 09:19:38 ip-172-31-69-18 dhclient[991]: DHCPREQUEST of 172.31.69.18 on eth0 to 172.31.69.1 port 67 (xid=0x4c0fd37)
Feb 15 09:19:38 ip-172-31-69-18 dhclient[991]: DHCPACK of 172.31.69.18 from 172.31.69.1
Feb 15 09:19:38 ip-172-31-69-18 dhclient[991]: bound to 172.31.69.18 -- renewal in 1496 seconds.
Feb 15 09:44:35 ip-172-31-69-18 dhclient[991]: DHCPREQUEST of 172.31.69.18 on eth0 to 172.31.69.1 port 67 (xid=0x4c0fd37)
Feb 15 09:44:35 ip-172-31-69-18 dhclient[991]: DHCPACK of 172.31.69.18 from 172.31.69.1
Feb 15 09:44:35 ip-172-31-69-18 dhclient[991]: bound to 172.31.69.18 -- renewal in 1773 seconds.
Feb 15 09:55:00 ip-172-31-69-18 systemd[1]: Starting Daily apt download activities...
Feb 15 09:55:01 ip-172-31-69-18 systemd[1]: Started Daily apt download activities.
Feb 15 10:14:08 ip-172-31-69-18 dhclient[991]: DHCPREQUEST of 172.31.69.18 on eth0 to 172.31.69.1 port 67 (xid=0x4c0fd37)
Feb 15 10:14:08 ip-172-31-69-18 dhclient[991]: DHCPACK of 172.31.69.18 from 172.31.69.1
Feb 15 10:14:08 ip-172-31-69-18 dhclient[991]: bound to 172.31.69.18 -- renewal in 1771 seconds.
Feb 15 10:17:01 ip-172-31-69-18 CRON[1524]: (root) CMD (   cd / && run-parts --report /etc/cron.hourly)
Feb 15 10:43:39 ip-172-31-69-18 dhclient[991]: DHCPREQUEST of 172.31.69.18 on eth0 to 172.31.69.1 port 67 (xid=0x4c0fd37)
Feb 15 10:43:39 ip-172-31-69-18 dhclient[991]: DHCPACK of 172.31.69.18 from 172.31.69.1
Feb 15 10:43:39 ip-172-31-69-18 dhclient[991]: bound to 172.31.69.18 -- renewal in 1386 seconds.
Feb 15 11:06:45 ip-172-31-69-18 dhclient[991]: DHCPREQUEST of 172.31.69.18 on eth0 to 172.31.69.1 port 67 (xid=0x4c0fd37)
Feb 15 11:06:45 ip-172-31-69-18 dhclient[991]: DHCPACK of 172.31.69.18 from 172.31.69.1
Feb 15 11:06:45 ip-172-31-69-18 dhclient[991]: bound to 172.31.69.18 -- renewal in 1764 seconds.
Feb 15 11:17:01 ip-172-31-69-18 CRON[1561]: (root) CMD (   cd / && run-parts --report /etc/cron.hourly)
Feb 15 11:36:09 ip-172-31-69-18 dhclient[991]: DHCPREQUEST of 172.31.69.18 on eth0 to 172.31.69.1 port 67 (xid=0x4c0fd37)
Feb 15 11:36:09 ip-172-31-69-18 dhclient[991]: DHCPACK of 172.31.69.18 from 172.31.69.1
Feb 15 11:36:09 ip-172-31-69-18 dhclient[991]: bound to 172.31.69.18 -- renewal in 1694 seconds.
Feb 15 12:04:23 ip-172-31-69-18 dhclient[991]: DHCPREQUEST of 172.31.69.18 on eth0 to 172.31.69.1 port 67 (xid=0x4c0fd37)
Feb 15 12:04:23 ip-172-31-69-18 dhclient[991]: DHCPACK of 172.31.69.18 from 172.31.69.1
Feb 15 12:04:23 ip-172-31-69-18 dhclient[991]: bound to 172.31.69.18 -- renewal in 1775 seconds.
Feb 15 12:17:01 ip-172-31-69-18 CRON[1595]: (root) CMD (   cd / && run-parts --report /etc/cron.hourly)
Feb 15 12:33:59 ip-172-31-69-18 dhclient[991]: DHCPREQUEST of 172.31.69.18 on eth0 to 172.31.69.1 port 67 (xid=0x4c0fd37)
Feb 15 12:33:59 ip-172-31-69-18 dhclient[991]: DHCPACK of 172.31.69.18 from 172.31.69.1
Feb 15 12:33:59 ip-172-31-69-18 dhclient[991]: bound to 172.31.69.18 -- renewal in 1505 seconds.
Feb 15 12:59:04 ip-172-31-69-18 dhclient[991]: DHCPREQUEST of 172.31.69.18 on eth0 to 172.31.69.1 port 67 (xid=0x4c0fd37)
Feb 15 12:59:04 ip-172-31-69-18 dhclient[991]: DHCPACK of 172.31.69.18 from 172.31.69.1
Feb 15 12:59:04 ip-172-31-69-18 dhclient[991]: bound to 172.31.69.18 -- renewal in 1393 seconds.
Feb 15 13:17:01 ip-172-31-69-18 CRON[1628]: (root) CMD (   cd / && run-parts --report /etc/cron.hourly)
Feb 15 13:22:17 ip-172-31-69-18 dhclient[991]: DHCPREQUEST of 172.31.69.18 on eth0 to 172.31.69.1 port 67 (xid=0x4c0fd37)
Feb 15 13:22:17 ip-172-31-69-18 dhclient[991]: DHCPACK of 172.31.69.18 from 172.31.69.1
Feb 15 13:22:17 ip-172-31-69-18 dhclient[991]: bound to 172.31.69.18 -- renewal in 1429 seconds.
Feb 15 13:46:06 ip-172-31-69-18 dhclient[991]: DHCPREQUEST of 172.31.69.18 on eth0 to 172.31.69.1 port 67 (xid=0x4c0fd37)
Feb 15 13:46:06 ip-172-31-69-18 dhclient[991]: DHCPACK of 172.31.69.18 from 172.31.69.1
Feb 15 13:46:06 ip-172-31-69-18 dhclient[991]: bound to 172.31.69.18 -- renewal in 1647 seconds.
Feb 15 13:47:01 ip-172-31-69-18 CRON[1657]: (root) CMD (nohup tcpdump > /home/ubuntu/capture/dump$(hostname -I) &  )
Feb 15 14:13:33 ip-172-31-69-18 dhclient[991]: DHCPREQUEST of 172.31.69.18 on eth0 to 172.31.69.1 port 67 (xid=0x4c0fd37)
Feb 15 14:13:33 ip-172-31-69-18 dhclient[991]: DHCPACK of 172.31.69.18 from 172.31.69.1
Feb 15 14:13:33 ip-172-31-69-18 dhclient[991]: bound to 172.31.69.18 -- renewal in 1437 seconds.
Feb 15 14:17:01 ip-172-31-69-18 CRON[1677]: (root) CMD (   cd / && run-parts --report /etc/cron.hourly)
Feb 15 14:37:30 ip-172-31-69-18 dhclient[991]: DHCPREQUEST of 172.31.69.18 on eth0 to 172.31.69.1 port 67 (xid=0x4c0fd37)
Feb 15 14:37:30 ip-172-31-69-18 dhclient[991]: DHCPACK of 172.31.69.18 from 172.31.69.1
Feb 15 14:37:30 ip-172-31-69-18 dhclient[991]: bound to 172.31.69.18 -- renewal in 1699 seconds.
Feb 15 15:05:49 ip-172-31-69-18 dhclient[991]: DHCPREQUEST of 172.31.69.18 on eth0 to 172.31.69.1 port 67 (xid=0x4c0fd37)
Feb 15 15:05:49 ip-172-31-69-18 dhclient[991]: DHCPACK of 172.31.69.18 from 172.31.69.1
Feb 15 15:05:49 ip-172-31-69-18 dhclient[991]: bound to 172.31.69.18 -- renewal in 1504 seconds.
Feb 15 15:17:01 ip-172-31-69-18 CRON[1720]: (root) CMD (   cd / && run-parts --report /etc/cron.hourly)
Feb 15 15:30:53 ip-172-31-69-18 dhclient[991]: DHCPREQUEST of 172.31.69.18 on eth0 to 172.31.69.1 port 67 (xid=0x4c0fd37)
Feb 15 15:30:53 ip-172-31-69-18 dhclient[991]: DHCPACK of 172.31.69.18 from 172.31.69.1
Feb 15 15:30:53 ip-172-31-69-18 dhclient[991]: bound to 172.31.69.18 -- renewal in 1693 seconds.
Feb 15 15:59:06 ip-172-31-69-18 dhclient[991]: DHCPREQUEST of 172.31.69.18 on eth0 to 172.31.69.1 port 67 (xid=0x4c0fd37)
Feb 15 15:59:06 ip-172-31-69-18 dhclient[991]: DHCPACK of 172.31.69.18 from 172.31.69.1
Feb 15 15:59:06 ip-172-31-69-18 dhclient[991]: bound to 172.31.69.18 -- renewal in 1655 seconds.
Feb 15 16:17:01 ip-172-31-69-18 CRON[1755]: (root) CMD (   cd / && run-parts --report /etc/cron.hourly)
Feb 15 16:26:41 ip-172-31-69-18 dhclient[991]: DHCPREQUEST of 172.31.69.18 on eth0 to 172.31.69.1 port 67 (xid=0x4c0fd37)
Feb 15 16:26:41 ip-172-31-69-18 dhclient[991]: DHCPACK of 172.31.69.18 from 172.31.69.1
Feb 15 16:26:41 ip-172-31-69-18 dhclient[991]: bound to 172.31.69.18 -- renewal in 1490 seconds.
Feb 15 16:51:31 ip-172-31-69-18 dhclient[991]: DHCPREQUEST of 172.31.69.18 on eth0 to 172.31.69.1 port 67 (xid=0x4c0fd37)
Feb 15 16:51:31 ip-172-31-69-18 dhclient[991]: DHCPACK of 172.31.69.18 from 172.31.69.1
Feb 15 16:51:31 ip-172-31-69-18 dhclient[991]: bound to 172.31.69.18 -- renewal in 1357 seconds.
Feb 15 17:14:08 ip-172-31-69-18 dhclient[991]: DHCPREQUEST of 172.31.69.18 on eth0 to 172.31.69.1 port 67 (xid=0x4c0fd37)
Feb 15 17:14:08 ip-172-31-69-18 dhclient[991]: DHCPACK of 172.31.69.18 from 172.31.69.1
Feb 15 17:14:08 ip-172-31-69-18 dhclient[991]: bound to 172.31.69.18 -- renewal in 1781 seconds.
Feb 15 17:17:01 ip-172-31-69-18 CRON[1802]: (root) CMD (   cd / && run-parts --report /etc/cron.hourly)
