Feb 15 06:36:44 ip-172-31-69-22 dhclient[931]: DHCPREQUEST of 172.31.69.22 on eth0 to 172.31.69.1 port 67 (xid=0x450e8c50)
Feb 15 06:36:44 ip-172-31-69-22 dhclient[931]: DHCPACK of 172.31.69.22 from 172.31.69.1
Feb 15 06:36:44 ip-172-31-69-22 dhclient[931]: bound to 172.31.69.22 -- renewal in 1689 seconds.
Feb 15 07:04:53 ip-172-31-69-22 dhclient[931]: DHCPREQUEST of 172.31.69.22 on eth0 to 172.31.69.1 port 67 (xid=0x450e8c50)
Feb 15 07:04:53 ip-172-31-69-22 dhclient[931]: DHCPACK of 172.31.69.22 from 172.31.69.1
Feb 15 07:04:53 ip-172-31-69-22 dhclient[931]: bound to 172.31.69.22 -- renewal in 1641 seconds.
Feb 15 07:17:01 ip-172-31-69-22 CRON[6280]: (root) CMD (   cd / && run-parts --report /etc/cron.hourly)
Feb 15 07:32:14 ip-172-31-69-22 dhclient[931]: DHCPREQUEST of 172.31.69.22 on eth0 to 172.31.69.1 port 67 (xid=0x450e8c50)
Feb 15 07:32:14 ip-172-31-69-22 dhclient[931]: DHCPACK of 172.31.69.22 from 172.31.69.1
Feb 15 07:32:14 ip-172-31-69-22 dhclient[931]: bound to 172.31.69.22 -- renewal in 1593 seconds.
Feb 15 07:58:47 ip-172-31-69-22 dhclient[931]: DHCPREQUEST of 172.31.69.22 on eth0 to 172.31.69.1 port 67 (xid=0x450e8c50)
Feb 15 07:58:47 ip-172-31-69-22 dhclient[931]: DHCPACK of 172.31.69.22 from 172.31.69.1
Feb 15 07:58:47 ip-172-31-69-22 dhclient[931]: bound to 172.31.69.22 -- renewal in 1516 seconds.
Feb 15 08:17:01 ip-172-31-69-22 CRON[6311]: (root) CMD (   cd / && run-parts --report /etc/cron.hourly)
Feb 15 08:23:01 ip-172-31-69-22 systemd[1]: Received SIGINT.
Feb 15 08:23:01 ip-172-31-69-22 systemd[1]: Stopping User Manager for UID 1000...
Feb 15 08:23:01 ip-172-31-69-22 systemd[1316]: Stopped target Default.
Feb 15 08:23:01 ip-172-31-69-22 systemd[1316]: Stopped target Basic System.
Feb 15 08:23:01 ip-172-31-69-22 systemd[1316]: Stopped target Paths.
Feb 15 08:23:01 ip-172-31-69-22 systemd[1316]: Stopped target Timers.
Feb 15 08:23:01 ip-172-31-69-22 systemd[1316]: Stopped target Sockets.
Feb 15 08:23:01 ip-172-31-69-22 systemd[1316]: Reached target Shutdown.
Feb 15 08:23:01 ip-172-31-69-22 systemd[1316]: Starting Exit the Session...
Feb 15 08:23:01 ip-172-31-69-22 systemd[1316]: Received SIGRTMIN+24 from PID 6316 (kill).
Feb 15 08:23:01 ip-172-31-69-22 systemd[1]: Stopping ACPI event daemon...
Feb 15 08:23:01 ip-172-31-69-22 systemd[1]: Stopping Authenticate and Authorize Users to Run Privileged Tasks...
Feb 15 08:23:01 ip-172-31-69-22 systemd[1]: Closed Load/Save RF Kill Switch Status /dev/rfkill Watch.
Feb 15 08:23:01 ip-172-31-69-22 systemd[1]: Stopping Session 29 of user ubuntu.
Feb 15 08:23:01 ip-172-31-69-22 systemd[1]: Stopping Session 60 of user ubuntu.
Feb 15 08:23:01 ip-172-31-69-22 systemd[1]: Stopped target Graphical Interface.
Feb 15 08:23:01 ip-172-31-69-22 systemd[1]: Stopping Accounts Service...
Feb 15 08:23:01 ip-172-31-69-22 systemd[1]: Stopped target Cloud-init target.
Feb 15 08:23:01 ip-172-31-69-22 systemd[1]: Stopped Execute cloud user/final scripts.
Feb 15 08:23:01 ip-172-31-69-22 systemd[1]: Stopped Apply the settings specified in cloud-config.
Feb 15 08:23:01 ip-172-31-69-22 kernel: [258688.106631] device eth0 left promiscuous mode
Feb 15 08:23:01 ip-172-31-69-22 systemd[1]: Stopping Session 1 of user ubuntu.
Feb 15 08:23:01 ip-172-31-69-22 systemd[1]: Stopped target Timers.
Feb 15 08:23:01 ip-172-31-69-22 systemd[1]: Stopped Daily Cleanup of Temporary Directories.
Feb 15 08:23:01 ip-172-31-69-22 systemd[1]: Stopped Daily apt upgrade and clean activities.
Feb 15 08:23:01 ip-172-31-69-22 systemd[1]: Stopped Daily apt download activities.
Feb 15 08:23:01 ip-172-31-69-22 systemd[1]: Stopped Timer to automatically refresh installed snaps.
Feb 15 08:23:01 ip-172-31-69-22 systemd[1]: Stopped target System Time Synchronized.
Feb 15 08:23:01 ip-172-31-69-22 systemd[1]: Stopped target Cloud-config availability.
Feb 15 08:23:01 ip-172-31-69-22 systemd[1]: Stopped target Multi-User System.
Feb 15 08:23:01 ip-172-31-69-22 snapd[1179]: 2018/02/15 08:23:01.245201 main.go:78: Exiting on terminated signal.
Feb 15 08:23:01 ip-172-31-69-22 systemd[1]: Stopping Snappy daemon...
Feb 15 08:23:01 ip-172-31-69-22 systemd[1]: Stopping Unattended Upgrades Shutdown...
Feb 15 06:25:01 ip-172-31-69-22 rsyslogd: message repeated 2 times: [ [origin software="rsyslogd" swVersion="8.16.0" x-pid="1155" x-info="http://www.rsyslog.com"] rsyslogd was HUPed]
Feb 15 08:23:01 ip-172-31-69-22 rsyslogd: [origin software="rsyslogd" swVersion="8.16.0" x-pid="1155" x-info="http://www.rsyslog.com"] exiting on signal 15.
Feb 15 08:23:39 ip-172-31-69-22 rsyslogd: [origin software="rsyslogd" swVersion="8.16.0" x-pid="1113" x-info="http://www.rsyslog.com"] start
Feb 15 08:23:39 ip-172-31-69-22 rsyslogd-2222: command 'KLogPermitNonKernelFacility' is currently not permitted - did you already set it via a RainerScript command (v6+ config)? [v8.16.0 try http://www.rsyslog.com/e/2222 ]
Feb 15 08:23:39 ip-172-31-69-22 rsyslogd: rsyslogd's groupid changed to 108
Feb 15 08:23:39 ip-172-31-69-22 rsyslogd: rsyslogd's userid changed to 104
Feb 15 08:23:39 ip-172-31-69-22 rsyslogd-2039: Could not open output pipe '/dev/xconsole':: No such file or directory [v8.16.0 try http://www.rsyslog.com/e/2039 ]
Feb 15 08:23:39 ip-172-31-69-22 rsyslogd-2007: action 'action 11' suspended, next retry is Thu Feb 15 08:24:09 2018 [v8.16.0 try http://www.rsyslog.com/e/2007 ]
Feb 15 08:23:39 ip-172-31-69-22 kernel: [    0.000000] Initializing cgroup subsys cpuset
Feb 15 08:23:39 ip-172-31-69-22 kernel: [    0.000000] Initializing cgroup subsys cpu
Feb 15 08:23:39 ip-172-31-69-22 kernel: [    0.000000] Initializing cgroup subsys cpuacct
Feb 15 08:23:39 ip-172-31-69-22 kernel: [    0.000000] Linux version 4.4.0-1049-aws (buildd@lcy01-amd64-001) (gcc version 5.4.0 20160609 (Ubuntu 5.4.0-6ubuntu1~16.04.5) ) #58-Ubuntu SMP Fri Jan 12 23:17:09 UTC 2018 (Ubuntu 4.4.0-1049.58-aws 4.4.98)
Feb 15 08:23:39 ip-172-31-69-22 kernel: [    0.000000] Command line: BOOT_IMAGE=/boot/vmlinuz-4.4.0-1049-aws root=UUID=ccee1a8d-0785-4b3a-a578-812d59f5d3e1 ro console=tty1 console=ttyS0 nvme.io_timeout=4294967295
Feb 15 08:23:39 ip-172-31-69-22 kernel: [    0.000000] KERNEL supported cpus:
Feb 15 08:23:39 ip-172-31-69-22 kernel: [    0.000000]   Intel GenuineIntel
Feb 15 08:23:39 ip-172-31-69-22 kernel: [    0.000000]   AMD AuthenticAMD
Feb 15 08:23:39 ip-172-31-69-22 kernel: [    0.000000]   Centaur CentaurHauls
Feb 15 08:23:39 ip-172-31-69-22 kernel: [    0.000000] x86/fpu: xstate_offset[2]:  576, xstate_sizes[2]:  256
Feb 15 08:23:39 ip-172-31-69-22 kernel: [    0.000000] x86/fpu: Supporting XSAVE feature 0x01: 'x87 floating point registers'
Feb 15 08:23:39 ip-172-31-69-22 kernel: [    0.000000] x86/fpu: Supporting XSAVE feature 0x02: 'SSE registers'
Feb 15 08:23:39 ip-172-31-69-22 kernel: [    0.000000] x86/fpu: Supporting XSAVE feature 0x04: 'AVX registers'
Feb 15 08:23:39 ip-172-31-69-22 kernel: [    0.000000] x86/fpu: Enabled xstate features 0x7, context size is 832 bytes, using 'standard' format.
Feb 15 08:23:39 ip-172-31-69-22 kernel: [    0.000000] x86/fpu: Using 'eager' FPU context switches.
Feb 15 08:23:39 ip-172-31-69-22 kernel: [    0.000000] e820: BIOS-provided physical RAM map:
Feb 15 08:23:39 ip-172-31-69-22 kernel: [    0.000000] BIOS-e820: [mem 0x0000000000000000-0x000000000009dfff] usable
Feb 15 08:23:39 ip-172-31-69-22 kernel: [    0.000000] BIOS-e820: [mem 0x000000000009e000-0x000000000009ffff] reserved
Feb 15 08:23:39 ip-172-31-69-22 kernel: [    0.000000] BIOS-e820: [mem 0x00000000000e0000-0x00000000000fffff] reserved
Feb 15 08:23:39 ip-172-31-69-22 kernel: [    0.000000] BIOS-e820: [mem 0x0000000000100000-0x000000003fffffff] usable
Feb 15 08:23:39 ip-172-31-69-22 kernel: [    0.000000] BIOS-e820: [mem 0x00000000fc000000-0x00000000ffffffff] reserved
Feb 15 08:23:39 ip-172-31-69-22 kernel: [    0.000000] NX (Execute Disable) protection: active
Feb 15 08:23:39 ip-172-31-69-22 kernel: [    0.000000] SMBIOS 2.7 present.
Feb 15 08:23:39 ip-172-31-69-22 kernel: [    0.000000] DMI: Xen HVM domU, BIOS 4.2.amazon 08/24/2006
Feb 15 08:23:39 ip-172-31-69-22 kernel: [    0.000000] Hypervisor detected: Xen
Feb 15 08:23:39 ip-172-31-69-22 kernel: [    0.000000] Xen version 4.2.
Feb 15 08:23:39 ip-172-31-69-22 kernel: [    0.000000] Xen Platform PCI: I/O protocol version 1
Feb 15 08:23:39 ip-172-31-69-22 kernel: [    0.000000] Netfront and the Xen platform PCI driver have been compiled for this kernel: unplug emulated NICs.
Feb 15 08:23:39 ip-172-31-69-22 kernel: [    0.000000] Blkfront and the Xen platform PCI driver have been compiled for this kernel: unplug emulated disks.
Feb 15 08:23:39 ip-172-31-69-22 kernel: [    0.000000] You might have to change the root device
Feb 15 08:23:39 ip-172-31-69-22 kernel: [    0.000000] from /dev/hd[a-d] to /dev/xvd[a-d]
Feb 15 08:23:39 ip-172-31-69-22 kernel: [    0.000000] in your root= kernel command line option
Feb 15 08:23:39 ip-172-31-69-22 kernel: [    0.000000] HVMOP_pagetable_dying not supported
Feb 15 08:23:39 ip-172-31-69-22 kernel: [    0.000000] e820: update [mem 0x00000000-0x00000fff] usable ==> reserved
Feb 15 08:23:39 ip-172-31-69-22 kernel: [    0.000000] e820: remove [mem 0x000a0000-0x000fffff] usable
Feb 15 08:23:39 ip-172-31-69-22 kernel: [    0.000000] e820: last_pfn = 0x40000 max_arch_pfn = 0x400000000
Feb 15 08:23:39 ip-172-31-69-22 kernel: [    0.000000] MTRR default type: write-back
Feb 15 08:23:39 ip-172-31-69-22 kernel: [    0.000000] MTRR fixed ranges enabled:
Feb 15 08:23:39 ip-172-31-69-22 kernel: [    0.000000]   00000-9FFFF write-back
Feb 15 08:23:39 ip-172-31-69-22 kernel: [    0.000000]   A0000-BFFFF write-combining
Feb 15 08:23:39 ip-172-31-69-22 kernel: [    0.000000]   C0000-FFFFF write-back
Feb 15 08:23:39 ip-172-31-69-22 kernel: [    0.000000] MTRR variable ranges enabled:
Feb 15 08:23:39 ip-172-31-69-22 kernel: [    0.000000]   0 base 0000F0000000 mask 3FFFF8000000 uncachable
Feb 15 08:23:39 ip-172-31-69-22 kernel: [    0.000000]   1 base 0000F8000000 mask 3FFFFC000000 uncachable
Feb 15 08:23:39 ip-172-31-69-22 kernel: [    0.000000]   2 disabled
Feb 15 08:23:39 ip-172-31-69-22 kernel: [    0.000000]   3 disabled
Feb 15 08:23:39 ip-172-31-69-22 kernel: [    0.000000]   4 disabled
Feb 15 08:23:39 ip-172-31-69-22 kernel: [    0.000000]   5 disabled
Feb 15 08:23:39 ip-172-31-69-22 kernel: [    0.000000]   6 disabled
Feb 15 08:23:39 ip-172-31-69-22 kernel: [    0.000000]   7 disabled
Feb 15 08:23:39 ip-172-31-69-22 kernel: [    0.000000] x86/PAT: Configuration [0-7]: WB  WC  UC- UC  WB  WC  UC- WT  
Feb 15 08:23:39 ip-172-31-69-22 kernel: [    0.000000] found SMP MP-table at [mem 0x000fbc20-0x000fbc2f] mapped at [ffff8800000fbc20]
Feb 15 08:23:39 ip-172-31-69-22 kernel: [    0.000000] Scanning 1 areas for low memory corruption
Feb 15 08:23:39 ip-172-31-69-22 kernel: [    0.000000] Base memory trampoline at [ffff880000098000] 98000 size 24576
Feb 15 08:23:39 ip-172-31-69-22 kernel: [    0.000000] BRK [0x02201000, 0x02201fff] PGTABLE
Feb 15 08:23:39 ip-172-31-69-22 kernel: [    0.000000] BRK [0x02202000, 0x02202fff] PGTABLE
Feb 15 08:23:39 ip-172-31-69-22 kernel: [    0.000000] BRK [0x02203000, 0x02203fff] PGTABLE
Feb 15 08:23:39 ip-172-31-69-22 kernel: [    0.000000] RAMDISK: [mem 0x367e6000-0x373eafff]
Feb 15 08:23:39 ip-172-31-69-22 kernel: [    0.000000] ACPI: Early table checksum verification disabled
Feb 15 08:23:39 ip-172-31-69-22 kernel: [    0.000000] ACPI: RSDP 0x00000000000EA020 000024 (v02 Xen   )
Feb 15 08:23:39 ip-172-31-69-22 kernel: [    0.000000] ACPI: XSDT 0x00000000FC00DDC0 000054 (v01 Xen    HVM      00000000 HVML 00000000)
Feb 15 08:23:39 ip-172-31-69-22 kernel: [    0.000000] ACPI: FACP 0x00000000FC00DA80 0000F4 (v04 Xen    HVM      00000000 HVML 00000000)
Feb 15 08:23:39 ip-172-31-69-22 kernel: [    0.000000] ACPI: DSDT 0x00000000FC001CE0 00BD19 (v02 Xen    HVM      00000000 INTL 20090123)
Feb 15 08:23:39 ip-172-31-69-22 kernel: [    0.000000] ACPI: FACS 0x00000000FC001CA0 000040
Feb 15 08:23:39 ip-172-31-69-22 kernel: [    0.000000] ACPI: FACS 0x00000000FC001CA0 000040
Feb 15 08:23:39 ip-172-31-69-22 kernel: [    0.000000] ACPI: APIC 0x00000000FC00DB80 0000D8 (v02 Xen    HVM      00000000 HVML 00000000)
Feb 15 08:23:39 ip-172-31-69-22 kernel: [    0.000000] ACPI: HPET 0x00000000FC00DCD0 000038 (v01 Xen    HVM      00000000 HVML 00000000)
Feb 15 08:23:39 ip-172-31-69-22 kernel: [    0.000000] ACPI: WAET 0x00000000FC00DD10 000028 (v01 Xen    HVM      00000000 HVML 00000000)
Feb 15 08:23:39 ip-172-31-69-22 kernel: [    0.000000] ACPI: SSDT 0x00000000FC00DD40 000031 (v02 Xen    HVM      00000000 INTL 20090123)
Feb 15 08:23:39 ip-172-31-69-22 kernel: [    0.000000] ACPI: SSDT 0x00000000FC00DD80 000031 (v02 Xen    HVM      00000000 INTL 20090123)
Feb 15 08:23:39 ip-172-31-69-22 kernel: [    0.000000] ACPI: Local APIC address 0xfee00000
Feb 15 08:23:39 ip-172-31-69-22 kernel: [    0.000000] No NUMA configuration found
Feb 15 08:23:39 ip-172-31-69-22 kernel: [    0.000000] Faking a node at [mem 0x0000000000000000-0x000000003fffffff]
Feb 15 08:23:39 ip-172-31-69-22 kernel: [    0.000000] NODE_DATA(0) allocated [mem 0x3fffb000-0x3fffffff]
Feb 15 08:23:39 ip-172-31-69-22 kernel: [    0.000000] Zone ranges:
Feb 15 08:23:39 ip-172-31-69-22 kernel: [    0.000000]   DMA      [mem 0x0000000000001000-0x0000000000ffffff]
Feb 15 08:23:39 ip-172-31-69-22 kernel: [    0.000000]   DMA32    [mem 0x0000000001000000-0x000000003fffffff]
Feb 15 08:23:39 ip-172-31-69-22 kernel: [    0.000000]   Normal   empty
Feb 15 08:23:39 ip-172-31-69-22 kernel: [    0.000000]   Device   empty
Feb 15 08:23:39 ip-172-31-69-22 kernel: [    0.000000] Movable zone start for each node
Feb 15 08:23:39 ip-172-31-69-22 kernel: [    0.000000] Early memory node ranges
Feb 15 08:23:39 ip-172-31-69-22 kernel: [    0.000000]   node   0: [mem 0x0000000000001000-0x000000000009dfff]
Feb 15 08:23:39 ip-172-31-69-22 kernel: [    0.000000]   node   0: [mem 0x0000000000100000-0x000000003fffffff]
Feb 15 08:23:39 ip-172-31-69-22 kernel: [    0.000000] Initmem setup node 0 [mem 0x0000000000001000-0x000000003fffffff]
Feb 15 08:23:39 ip-172-31-69-22 kernel: [    0.000000] On node 0 totalpages: 262045
Feb 15 08:23:39 ip-172-31-69-22 kernel: [    0.000000]   DMA zone: 64 pages used for memmap
Feb 15 08:23:39 ip-172-31-69-22 kernel: [    0.000000]   DMA zone: 21 pages reserved
Feb 15 08:23:39 ip-172-31-69-22 kernel: [    0.000000]   DMA zone: 3997 pages, LIFO batch:0
Feb 15 08:23:39 ip-172-31-69-22 kernel: [    0.000000]   DMA32 zone: 4032 pages used for memmap
Feb 15 08:23:39 ip-172-31-69-22 kernel: [    0.000000]   DMA32 zone: 258048 pages, LIFO batch:31
Feb 15 08:23:39 ip-172-31-69-22 kernel: [    0.000000] ACPI: PM-Timer IO Port: 0xb008
Feb 15 08:23:39 ip-172-31-69-22 kernel: [    0.000000] ACPI: Local APIC address 0xfee00000
Feb 15 08:23:39 ip-172-31-69-22 kernel: [    0.000000] IOAPIC[0]: apic_id 1, version 17, address 0xfec00000, GSI 0-47
Feb 15 08:23:39 ip-172-31-69-22 kernel: [    0.000000] ACPI: INT_SRC_OVR (bus 0 bus_irq 0 global_irq 2 dfl dfl)
Feb 15 08:23:39 ip-172-31-69-22 kernel: [    0.000000] ACPI: INT_SRC_OVR (bus 0 bus_irq 5 global_irq 5 low level)
Feb 15 08:23:39 ip-172-31-69-22 kernel: [    0.000000] ACPI: INT_SRC_OVR (bus 0 bus_irq 10 global_irq 10 low level)
Feb 15 08:23:39 ip-172-31-69-22 kernel: [    0.000000] ACPI: INT_SRC_OVR (bus 0 bus_irq 11 global_irq 11 low level)
Feb 15 08:23:39 ip-172-31-69-22 kernel: [    0.000000] ACPI: IRQ0 used by override.
Feb 15 08:23:39 ip-172-31-69-22 kernel: [    0.000000] ACPI: IRQ5 used by override.
Feb 15 08:23:39 ip-172-31-69-22 kernel: [    0.000000] ACPI: IRQ9 used by override.
Feb 15 08:23:39 ip-172-31-69-22 kernel: [    0.000000] ACPI: IRQ10 used by override.
Feb 15 08:23:39 ip-172-31-69-22 kernel: [    0.000000] ACPI: IRQ11 used by override.
Feb 15 08:23:39 ip-172-31-69-22 kernel: [    0.000000] Using ACPI (MADT) for SMP configuration information
Feb 15 08:23:39 ip-172-31-69-22 kernel: [    0.000000] ACPI: HPET id: 0x8086a201 base: 0xfed00000
Feb 15 08:23:39 ip-172-31-69-22 kernel: [    0.000000] smpboot: Allowing 15 CPUs, 14 hotplug CPUs
Feb 15 08:23:39 ip-172-31-69-22 kernel: [    0.000000] PM: Registered nosave memory: [mem 0x00000000-0x00000fff]
Feb 15 08:23:39 ip-172-31-69-22 kernel: [    0.000000] PM: Registered nosave memory: [mem 0x0009e000-0x0009ffff]
Feb 15 08:23:39 ip-172-31-69-22 kernel: [    0.000000] PM: Registered nosave memory: [mem 0x000a0000-0x000dffff]
Feb 15 08:23:39 ip-172-31-69-22 kernel: [    0.000000] PM: Registered nosave memory: [mem 0x000e0000-0x000fffff]
Feb 15 08:23:39 ip-172-31-69-22 kernel: [    0.000000] e820: [mem 0x40000000-0xfbffffff] available for PCI devices
Feb 15 08:23:39 ip-172-31-69-22 kernel: [    0.000000] Booting paravirtualized kernel on Xen HVM
Feb 15 08:23:39 ip-172-31-69-22 kernel: [    0.000000] clocksource: refined-jiffies: mask: 0xffffffff max_cycles: 0xffffffff, max_idle_ns: 7645519600211568 ns
Feb 15 08:23:39 ip-172-31-69-22 kernel: [    0.000000] setup_percpu: NR_CPUS:256 nr_cpumask_bits:256 nr_cpu_ids:15 nr_node_ids:1
Feb 15 08:23:39 ip-172-31-69-22 kernel: [    0.000000] PERCPU: Embedded 34 pages/cpu @ffff88003e200000 s99160 r8192 d31912 u262144
Feb 15 08:23:39 ip-172-31-69-22 kernel: [    0.000000] pcpu-alloc: s99160 r8192 d31912 u262144 alloc=1*2097152
Feb 15 08:23:39 ip-172-31-69-22 kernel: [    0.000000] pcpu-alloc: [0] 00 01 02 03 04 05 06 07 [0] 08 09 10 11 12 13 14 -- 
Feb 15 08:23:39 ip-172-31-69-22 kernel: [    0.000000] xen: PV spinlocks enabled
Feb 15 08:23:39 ip-172-31-69-22 kernel: [    0.000000] PV qspinlock hash table entries: 256 (order: 0, 4096 bytes)
Feb 15 08:23:39 ip-172-31-69-22 kernel: [    0.000000] Built 1 zonelists in Node order, mobility grouping on.  Total pages: 257928
Feb 15 08:23:39 ip-172-31-69-22 kernel: [    0.000000] Policy zone: DMA32
Feb 15 08:23:39 ip-172-31-69-22 kernel: [    0.000000] Kernel command line: BOOT_IMAGE=/boot/vmlinuz-4.4.0-1049-aws root=UUID=ccee1a8d-0785-4b3a-a578-812d59f5d3e1 ro console=tty1 console=ttyS0 nvme.io_timeout=4294967295
Feb 15 08:23:39 ip-172-31-69-22 kernel: [    0.000000] PID hash table entries: 4096 (order: 3, 32768 bytes)
Feb 15 08:23:39 ip-172-31-69-22 kernel: [    0.000000] Calgary: detecting Calgary via BIOS EBDA area
Feb 15 08:23:39 ip-172-31-69-22 kernel: [    0.000000] Calgary: Unable to locate Rio Grande table in EBDA - bailing!
Feb 15 08:23:39 ip-172-31-69-22 kernel: [    0.000000] Memory: 998628K/1048180K available (8320K kernel code, 1276K rwdata, 3872K rodata, 1484K init, 1288K bss, 49552K reserved, 0K cma-reserved)
Feb 15 08:23:39 ip-172-31-69-22 kernel: [    0.000000] SLUB: HWalign=64, Order=0-3, MinObjects=0, CPUs=15, Nodes=1
Feb 15 08:23:39 ip-172-31-69-22 kernel: [    0.000000] Kernel/User page tables isolation: enabled
Feb 15 08:23:39 ip-172-31-69-22 kernel: [    0.000000] Hierarchical RCU implementation.
Feb 15 08:23:39 ip-172-31-69-22 kernel: [    0.000000] 	Build-time adjustment of leaf fanout to 64.
Feb 15 08:23:39 ip-172-31-69-22 kernel: [    0.000000] 	RCU restricting CPUs from NR_CPUS=256 to nr_cpu_ids=15.
Feb 15 08:23:39 ip-172-31-69-22 kernel: [    0.000000] RCU: Adjusting geometry for rcu_fanout_leaf=64, nr_cpu_ids=15
Feb 15 08:23:39 ip-172-31-69-22 kernel: [    0.000000] NR_IRQS:16640 nr_irqs:952 16
Feb 15 08:23:39 ip-172-31-69-22 kernel: [    0.000000] xen:events: Using 2-level ABI
Feb 15 08:23:39 ip-172-31-69-22 kernel: [    0.000000] xen:events: Xen HVM callback vector for event delivery is enabled
Feb 15 08:23:39 ip-172-31-69-22 kernel: [    0.000000] Console: colour VGA+ 80x25
Feb 15 08:23:39 ip-172-31-69-22 kernel: [    0.000000] console [tty1] enabled
Feb 15 08:23:39 ip-172-31-69-22 kernel: [    0.000000] Cannot get hvm parameter CONSOLE_EVTCHN (18): -22!
Feb 15 08:23:39 ip-172-31-69-22 kernel: [    0.000000] console [ttyS0] enabled
Feb 15 08:23:39 ip-172-31-69-22 kernel: [    0.000000] clocksource: hpet: mask: 0xffffffff max_cycles: 0xffffffff, max_idle_ns: 30580167144 ns
Feb 15 08:23:39 ip-172-31-69-22 kernel: [    0.000000] hpet clockevent registered
Feb 15 08:23:39 ip-172-31-69-22 kernel: [    0.000000] tsc: Detected 2400.078 MHz processor
Feb 15 08:23:39 ip-172-31-69-22 kernel: [    0.008000] Calibrating delay loop (skipped), value calculated using timer frequency.. 4800.15 BogoMIPS (lpj=9600312)
Feb 15 08:23:39 ip-172-31-69-22 kernel: [    0.009686] pid_max: default: 32768 minimum: 301
Feb 15 08:23:39 ip-172-31-69-22 kernel: [    0.012013] ACPI: Core revision 20150930
Feb 15 08:23:39 ip-172-31-69-22 kernel: [    0.021915] ACPI: 3 ACPI AML tables successfully acquired and loaded
Feb 15 08:23:39 ip-172-31-69-22 kernel: [    0.024721] Security Framework initialized
Feb 15 08:23:39 ip-172-31-69-22 kernel: [    0.028005] Yama: becoming mindful.
Feb 15 08:23:39 ip-172-31-69-22 kernel: [    0.030175] AppArmor: AppArmor initialized
Feb 15 08:23:39 ip-172-31-69-22 kernel: [    0.032104] Dentry cache hash table entries: 131072 (order: 8, 1048576 bytes)
Feb 15 08:23:39 ip-172-31-69-22 kernel: [    0.036185] Inode-cache hash table entries: 65536 (order: 7, 524288 bytes)
Feb 15 08:23:39 ip-172-31-69-22 kernel: [    0.040087] Mount-cache hash table entries: 2048 (order: 2, 16384 bytes)
Feb 15 08:23:39 ip-172-31-69-22 kernel: [    0.044011] Mountpoint-cache hash table entries: 2048 (order: 2, 16384 bytes)
Feb 15 08:23:39 ip-172-31-69-22 kernel: [    0.048266] Initializing cgroup subsys io
Feb 15 08:23:39 ip-172-31-69-22 kernel: [    0.052006] Initializing cgroup subsys memory
Feb 15 08:23:39 ip-172-31-69-22 kernel: [    0.056017] Initializing cgroup subsys devices
Feb 15 08:23:39 ip-172-31-69-22 kernel: [    0.060009] Initializing cgroup subsys freezer
Feb 15 08:23:39 ip-172-31-69-22 kernel: [    0.062911] Initializing cgroup subsys net_cls
Feb 15 08:23:39 ip-172-31-69-22 kernel: [    0.064007] Initializing cgroup subsys perf_event
Feb 15 08:23:39 ip-172-31-69-22 kernel: [    0.068016] Initializing cgroup subsys net_prio
Feb 15 08:23:39 ip-172-31-69-22 kernel: [    0.072013] Initializing cgroup subsys hugetlb
Feb 15 08:23:39 ip-172-31-69-22 kernel: [    0.076007] Initializing cgroup subsys pids
Feb 15 08:23:39 ip-172-31-69-22 kernel: [    0.080069] CPU: Physical Processor ID: 0
Feb 15 08:23:39 ip-172-31-69-22 kernel: [    0.082402] FEATURE SPEC_CTRL Not Present
Feb 15 08:23:39 ip-172-31-69-22 kernel: [    0.084785] mce: CPU supports 2 MCE banks
Feb 15 08:23:39 ip-172-31-69-22 kernel: [    0.088026] Last level iTLB entries: 4KB 1024, 2MB 1024, 4MB 1024
Feb 15 08:23:39 ip-172-31-69-22 kernel: [    0.092004] Last level dTLB entries: 4KB 1024, 2MB 1024, 4MB 1024, 1GB 4
Feb 15 08:23:39 ip-172-31-69-22 kernel: [    0.113390] ftrace: allocating 31285 entries in 123 pages
Feb 15 08:23:39 ip-172-31-69-22 kernel: [    0.140096] smpboot: APIC(0) Converting physical 0 to logical package 0
Feb 15 08:23:39 ip-172-31-69-22 kernel: [    0.144004] smpboot: Max logical packages: 15
Feb 15 08:23:39 ip-172-31-69-22 kernel: [    0.148610] x2apic: IRQ remapping doesn't support X2APIC mode
Feb 15 08:23:39 ip-172-31-69-22 kernel: [    0.152008] Switched APIC routing to physical flat.
Feb 15 08:23:39 ip-172-31-69-22 kernel: [    0.158095] ..TIMER: vector=0x30 apic1=0 pin1=2 apic2=0 pin2=0
Feb 15 08:23:39 ip-172-31-69-22 kernel: [    0.160005] clocksource: xen: mask: 0xffffffffffffffff max_cycles: 0x1cd42e4dffb, max_idle_ns: 881590591483 ns
Feb 15 08:23:39 ip-172-31-69-22 kernel: [    0.168008] Xen: using vcpuop timer interface
Feb 15 08:23:39 ip-172-31-69-22 kernel: [    0.168016] installing Xen timer for CPU 0
Feb 15 08:23:39 ip-172-31-69-22 kernel: [    0.170632] smpboot: CPU0: Intel(R) Xeon(R) CPU E5-2676 v3 @ 2.40GHz (family: 0x6, model: 0x3f, stepping: 0x2)
Feb 15 08:23:39 ip-172-31-69-22 kernel: [    0.176033] cpu 0 spinlock event irq 53
Feb 15 08:23:39 ip-172-31-69-22 kernel: [    0.178564] Performance Events: unsupported p6 CPU model 63 no PMU driver, software events only.
Feb 15 08:23:39 ip-172-31-69-22 kernel: [    0.184748] x86: Booted up 1 node, 1 CPUs
Feb 15 08:23:39 ip-172-31-69-22 kernel: [    0.187423] smpboot: Total of 1 processors activated (4800.15 BogoMIPS)
Feb 15 08:23:39 ip-172-31-69-22 kernel: [    0.188018] NMI watchdog: disabled (cpu0): hardware events not enabled
Feb 15 08:23:39 ip-172-31-69-22 kernel: [    0.191586] NMI watchdog: Shutting down hard lockup detector on all cpus
Feb 15 08:23:39 ip-172-31-69-22 kernel: [    0.192376] devtmpfs: initialized
Feb 15 08:23:39 ip-172-31-69-22 kernel: [    0.196158] evm: security.selinux
Feb 15 08:23:39 ip-172-31-69-22 kernel: [    0.198613] evm: security.SMACK64
Feb 15 08:23:39 ip-172-31-69-22 kernel: [    0.200008] evm: security.SMACK64EXEC
Feb 15 08:23:39 ip-172-31-69-22 kernel: [    0.202730] evm: security.SMACK64TRANSMUTE
Feb 15 08:23:39 ip-172-31-69-22 kernel: [    0.204008] evm: security.SMACK64MMAP
Feb 15 08:23:39 ip-172-31-69-22 kernel: [    0.206775] evm: security.ima
Feb 15 08:23:39 ip-172-31-69-22 kernel: [    0.208007] evm: security.capability
Feb 15 08:23:39 ip-172-31-69-22 kernel: [    0.210450] clocksource: jiffies: mask: 0xffffffff max_cycles: 0xffffffff, max_idle_ns: 7645041785100000 ns
Feb 15 08:23:39 ip-172-31-69-22 kernel: [    0.212048] futex hash table entries: 4096 (order: 6, 262144 bytes)
Feb 15 08:23:39 ip-172-31-69-22 kernel: [    0.216049] RTC time: 12:23:31, date: 02/15/18
Feb 15 08:23:39 ip-172-31-69-22 kernel: [    0.218967] NET: Registered protocol family 16
Feb 15 08:23:39 ip-172-31-69-22 kernel: [    0.220168] cpuidle: using governor ladder
Feb 15 08:23:39 ip-172-31-69-22 kernel: [    0.223111] cpuidle: using governor menu
Feb 15 08:23:39 ip-172-31-69-22 kernel: [    0.224016] PCCT header not found.
Feb 15 08:23:39 ip-172-31-69-22 kernel: [    0.228094] ACPI: bus type PCI registered
Feb 15 08:23:39 ip-172-31-69-22 kernel: [    0.232012] acpiphp: ACPI Hot Plug PCI Controller Driver version: 0.5
Feb 15 08:23:39 ip-172-31-69-22 kernel: [    0.236417] PCI: Using configuration type 1 for base access
Feb 15 08:23:39 ip-172-31-69-22 kernel: [    0.241056] ACPI: Added _OSI(Module Device)
Feb 15 08:23:39 ip-172-31-69-22 kernel: [    0.244014] ACPI: Added _OSI(Processor Device)
Feb 15 08:23:39 ip-172-31-69-22 kernel: [    0.246882] ACPI: Added _OSI(3.0 _SCP Extensions)
Feb 15 08:23:39 ip-172-31-69-22 kernel: [    0.248009] ACPI: Added _OSI(Processor Aggregator Device)
Feb 15 08:23:39 ip-172-31-69-22 kernel: [    0.252448] xen: --> pirq=16 -> irq=9 (gsi=9)
Feb 15 08:23:39 ip-172-31-69-22 kernel: [    0.255106] ACPI: Interpreter enabled
Feb 15 08:23:39 ip-172-31-69-22 kernel: [    0.256021] ACPI: (supports S0 S4 S5)
Feb 15 08:23:39 ip-172-31-69-22 kernel: [    0.258686] ACPI: Using IOAPIC for interrupt routing
Feb 15 08:23:39 ip-172-31-69-22 kernel: [    0.260044] PCI: Using host bridge windows from ACPI; if necessary, use "pci=nocrs" and report a bug
Feb 15 08:23:39 ip-172-31-69-22 kernel: [    0.312553] ACPI: PCI Root Bridge [PCI0] (domain 0000 [bus 00-ff])
Feb 15 08:23:39 ip-172-31-69-22 kernel: [    0.316027] acpi PNP0A03:00: _OSC: OS supports [ASPM ClockPM Segments MSI]
Feb 15 08:23:39 ip-172-31-69-22 kernel: [    0.319828] acpi PNP0A03:00: _OSC failed (AE_NOT_FOUND); disabling ASPM
Feb 15 08:23:39 ip-172-31-69-22 kernel: [    0.320024] acpi PNP0A03:00: fail to add MMCONFIG information, can't access extended PCI configuration space under this bridge.
Feb 15 08:23:39 ip-172-31-69-22 kernel: [    0.326434] acpiphp: Slot [0] registered
Feb 15 08:23:39 ip-172-31-69-22 kernel: [    0.328804] acpiphp: Slot [3] registered
Feb 15 08:23:39 ip-172-31-69-22 kernel: [    0.331824] acpiphp: Slot [4] registered
Feb 15 08:23:39 ip-172-31-69-22 kernel: [    0.332275] acpiphp: Slot [5] registered
Feb 15 08:23:39 ip-172-31-69-22 kernel: [    0.335136] acpiphp: Slot [6] registered
Feb 15 08:23:39 ip-172-31-69-22 kernel: [    0.336258] acpiphp: Slot [7] registered
Feb 15 08:23:39 ip-172-31-69-22 kernel: [    0.339607] acpiphp: Slot [8] registered
Feb 15 08:23:39 ip-172-31-69-22 kernel: [    0.340283] acpiphp: Slot [9] registered
Feb 15 08:23:39 ip-172-31-69-22 kernel: [    0.343200] acpiphp: Slot [10] registered
Feb 15 08:23:39 ip-172-31-69-22 kernel: [    0.344283] acpiphp: Slot [11] registered
Feb 15 08:23:39 ip-172-31-69-22 kernel: [    0.347369] acpiphp: Slot [12] registered
Feb 15 08:23:39 ip-172-31-69-22 kernel: [    0.348294] acpiphp: Slot [13] registered
Feb 15 08:23:39 ip-172-31-69-22 kernel: [    0.351559] acpiphp: Slot [14] registered
Feb 15 08:23:39 ip-172-31-69-22 kernel: [    0.352359] acpiphp: Slot [15] registered
Feb 15 08:23:39 ip-172-31-69-22 kernel: [    0.356485] acpiphp: Slot [16] registered
Feb 15 08:23:39 ip-172-31-69-22 kernel: [    0.360088] acpiphp: Slot [17] registered
Feb 15 08:23:39 ip-172-31-69-22 kernel: [    0.364126] acpiphp: Slot [18] registered
Feb 15 08:23:39 ip-172-31-69-22 kernel: [    0.368305] acpiphp: Slot [19] registered
Feb 15 08:23:39 ip-172-31-69-22 kernel: [    0.371480] acpiphp: Slot [20] registered
Feb 15 08:23:39 ip-172-31-69-22 kernel: [    0.372236] acpiphp: Slot [21] registered
Feb 15 08:23:39 ip-172-31-69-22 kernel: [    0.374948] acpiphp: Slot [22] registered
Feb 15 08:23:39 ip-172-31-69-22 kernel: [    0.376243] acpiphp: Slot [23] registered
Feb 15 08:23:39 ip-172-31-69-22 kernel: [    0.379072] acpiphp: Slot [24] registered
Feb 15 08:23:39 ip-172-31-69-22 kernel: [    0.380332] acpiphp: Slot [25] registered
Feb 15 08:23:39 ip-172-31-69-22 kernel: [    0.383034] acpiphp: Slot [26] registered
Feb 15 08:23:39 ip-172-31-69-22 kernel: [    0.384283] acpiphp: Slot [27] registered
Feb 15 08:23:39 ip-172-31-69-22 kernel: [    0.386864] acpiphp: Slot [28] registered
Feb 15 08:23:39 ip-172-31-69-22 kernel: [    0.388353] acpiphp: Slot [29] registered
Feb 15 08:23:39 ip-172-31-69-22 kernel: [    0.392854] acpiphp: Slot [30] registered
Feb 15 08:23:39 ip-172-31-69-22 kernel: [    0.396409] acpiphp: Slot [31] registered
Feb 15 08:23:39 ip-172-31-69-22 kernel: [    0.400220] PCI host bridge to bus 0000:00
Feb 15 08:23:39 ip-172-31-69-22 kernel: [    0.403473] pci_bus 0000:00: root bus resource [io  0x0000-0x0cf7 window]
Feb 15 08:23:39 ip-172-31-69-22 kernel: [    0.404009] pci_bus 0000:00: root bus resource [io  0x0d00-0xffff window]
Feb 15 08:23:39 ip-172-31-69-22 kernel: [    0.408009] pci_bus 0000:00: root bus resource [mem 0x000a0000-0x000bffff window]
Feb 15 08:23:39 ip-172-31-69-22 kernel: [    0.412011] pci_bus 0000:00: root bus resource [mem 0xf0000000-0xfbffffff window]
Feb 15 08:23:39 ip-172-31-69-22 kernel: [    0.416011] pci_bus 0000:00: root bus resource [bus 00-ff]
Feb 15 08:23:39 ip-172-31-69-22 kernel: [    0.419901] pci 0000:00:00.0: [8086:1237] type 00 class 0x060000
Feb 15 08:23:39 ip-172-31-69-22 kernel: [    0.421239] pci 0000:00:01.0: [8086:7000] type 00 class 0x060100
Feb 15 08:23:39 ip-172-31-69-22 kernel: [    0.423203] pci 0000:00:01.1: [8086:7010] type 00 class 0x010180
Feb 15 08:23:39 ip-172-31-69-22 kernel: [    0.424106] pci 0000:00:01.1: reg 0x20: [io  0xc100-0xc10f]
Feb 15 08:23:39 ip-172-31-69-22 kernel: [    0.424549] pci 0000:00:01.1: legacy IDE quirk: reg 0x10: [io  0x01f0-0x01f7]
Feb 15 08:23:39 ip-172-31-69-22 kernel: [    0.428005] pci 0000:00:01.1: legacy IDE quirk: reg 0x14: [io  0x03f6]
Feb 15 08:23:39 ip-172-31-69-22 kernel: [    0.432005] pci 0000:00:01.1: legacy IDE quirk: reg 0x18: [io  0x0170-0x0177]
Feb 15 08:23:39 ip-172-31-69-22 kernel: [    0.436012] pci 0000:00:01.1: legacy IDE quirk: reg 0x1c: [io  0x0376]
Feb 15 08:23:39 ip-172-31-69-22 kernel: [    0.440303] pci 0000:00:01.3: [8086:7113] type 00 class 0x068000
Feb 15 08:23:39 ip-172-31-69-22 kernel: [    0.440384] * Found PM-Timer Bug on the chipset. Due to workarounds for a bug,
Feb 15 08:23:39 ip-172-31-69-22 kernel: [    0.440384] * this clock source is slow. Consider trying other clock sources
Feb 15 08:23:39 ip-172-31-69-22 kernel: [    0.446204] pci 0000:00:01.3: quirk: [io  0xb000-0xb03f] claimed by PIIX4 ACPI
Feb 15 08:23:39 ip-172-31-69-22 kernel: [    0.449282] pci 0000:00:02.0: [1013:00b8] type 00 class 0x030000
Feb 15 08:23:39 ip-172-31-69-22 kernel: [    0.449851] pci 0000:00:02.0: reg 0x10: [mem 0xf0000000-0xf1ffffff pref]
Feb 15 08:23:39 ip-172-31-69-22 kernel: [    0.450291] pci 0000:00:02.0: reg 0x14: [mem 0xf3000000-0xf3000fff]
Feb 15 08:23:39 ip-172-31-69-22 kernel: [    0.451894] pci 0000:00:03.0: [5853:0001] type 00 class 0xff8000
Feb 15 08:23:39 ip-172-31-69-22 kernel: [    0.452139] pci 0000:00:03.0: reg 0x10: [io  0xc000-0xc0ff]
Feb 15 08:23:39 ip-172-31-69-22 kernel: [    0.452324] pci 0000:00:03.0: reg 0x14: [mem 0xf2000000-0xf2ffffff pref]
Feb 15 08:23:39 ip-172-31-69-22 kernel: [    0.454670] ACPI: PCI Interrupt Link [LNKA] (IRQs *5 10 11)
Feb 15 08:23:39 ip-172-31-69-22 kernel: [    0.460201] ACPI: PCI Interrupt Link [LNKB] (IRQs 5 *10 11)
Feb 15 08:23:39 ip-172-31-69-22 kernel: [    0.465745] ACPI: PCI Interrupt Link [LNKC] (IRQs 5 10 *11)
Feb 15 08:23:39 ip-172-31-69-22 kernel: [    0.471112] ACPI: PCI Interrupt Link [LNKD] (IRQs *5 10 11)
Feb 15 08:23:39 ip-172-31-69-22 kernel: [    0.495803] ACPI: Enabled 2 GPEs in block 00 to 0F
Feb 15 08:23:39 ip-172-31-69-22 kernel: [    0.496083] xen:balloon: Initialising balloon driver
Feb 15 08:23:39 ip-172-31-69-22 kernel: [    0.504465] vgaarb: setting as boot device: PCI:0000:00:02.0
Feb 15 08:23:39 ip-172-31-69-22 kernel: [    0.507928] vgaarb: device added: PCI:0000:00:02.0,decodes=io+mem,owns=io+mem,locks=none
Feb 15 08:23:39 ip-172-31-69-22 kernel: [    0.508010] vgaarb: loaded
Feb 15 08:23:39 ip-172-31-69-22 kernel: [    0.509984] vgaarb: bridge control possible 0000:00:02.0
Feb 15 08:23:39 ip-172-31-69-22 kernel: [    0.512215] SCSI subsystem initialized
Feb 15 08:23:39 ip-172-31-69-22 kernel: [    0.514861] libata version 3.00 loaded.
Feb 15 08:23:39 ip-172-31-69-22 kernel: [    0.514887] ACPI: bus type USB registered
Feb 15 08:23:39 ip-172-31-69-22 kernel: [    0.516029] usbcore: registered new interface driver usbfs
Feb 15 08:23:39 ip-172-31-69-22 kernel: [    0.519519] usbcore: registered new interface driver hub
Feb 15 08:23:39 ip-172-31-69-22 kernel: [    0.520047] usbcore: registered new device driver usb
Feb 15 08:23:39 ip-172-31-69-22 kernel: [    0.523255] PCI: Using ACPI for IRQ routing
Feb 15 08:23:39 ip-172-31-69-22 kernel: [    0.524009] PCI: pci_cache_line_size set to 64 bytes
Feb 15 08:23:39 ip-172-31-69-22 kernel: [    0.524325] e820: reserve RAM buffer [mem 0x0009e000-0x0009ffff]
Feb 15 08:23:39 ip-172-31-69-22 kernel: [    0.524448] NetLabel: Initializing
Feb 15 08:23:39 ip-172-31-69-22 kernel: [    0.526708] NetLabel:  domain hash size = 128
Feb 15 08:23:39 ip-172-31-69-22 kernel: [    0.528007] NetLabel:  protocols = UNLABELED CIPSOv4
Feb 15 08:23:39 ip-172-31-69-22 kernel: [    0.531133] NetLabel:  unlabeled traffic allowed by default
Feb 15 08:23:39 ip-172-31-69-22 kernel: [    0.532135] HPET: 3 timers in total, 0 timers will be used for per-cpu timer
Feb 15 08:23:39 ip-172-31-69-22 kernel: [    0.536000] hpet0: at MMIO 0xfed00000, IRQs 2, 8, 0
Feb 15 08:23:39 ip-172-31-69-22 kernel: [    0.538154] hpet0: 3 comparators, 64-bit 62.500000 MHz counter
Feb 15 08:23:39 ip-172-31-69-22 kernel: [    0.542063] amd_nb: Cannot enumerate AMD northbridges
Feb 15 08:23:39 ip-172-31-69-22 kernel: [    0.544019] clocksource: Switched to clocksource xen
Feb 15 08:23:39 ip-172-31-69-22 kernel: [    0.552049] AppArmor: AppArmor Filesystem Enabled
Feb 15 08:23:39 ip-172-31-69-22 kernel: [    0.555141] pnp: PnP ACPI init
Feb 15 08:23:39 ip-172-31-69-22 kernel: [    0.557450] system 00:00: [mem 0x00000000-0x0009ffff] could not be reserved
Feb 15 08:23:39 ip-172-31-69-22 kernel: [    0.561470] system 00:00: Plug and Play ACPI device, IDs PNP0c02 (active)
Feb 15 08:23:39 ip-172-31-69-22 kernel: [    0.561561] system 00:01: [io  0x08a0-0x08a3] has been reserved
Feb 15 08:23:39 ip-172-31-69-22 kernel: [    0.565264] system 00:01: [io  0x0cc0-0x0ccf] has been reserved
Feb 15 08:23:39 ip-172-31-69-22 kernel: [    0.568634] system 00:01: [io  0x04d0-0x04d1] has been reserved
Feb 15 08:23:39 ip-172-31-69-22 kernel: [    0.572008] system 00:01: Plug and Play ACPI device, IDs PNP0c02 (active)
Feb 15 08:23:39 ip-172-31-69-22 kernel: [    0.572042] xen: --> pirq=17 -> irq=8 (gsi=8)
Feb 15 08:23:39 ip-172-31-69-22 kernel: [    0.572084] pnp 00:02: Plug and Play ACPI device, IDs PNP0b00 (active)
Feb 15 08:23:39 ip-172-31-69-22 kernel: [    0.572112] xen: --> pirq=18 -> irq=12 (gsi=12)
Feb 15 08:23:39 ip-172-31-69-22 kernel: [    0.572125] pnp 00:03: Plug and Play ACPI device, IDs PNP0f13 (active)
Feb 15 08:23:39 ip-172-31-69-22 kernel: [    0.572140] xen: --> pirq=19 -> irq=1 (gsi=1)
Feb 15 08:23:39 ip-172-31-69-22 kernel: [    0.572153] pnp 00:04: Plug and Play ACPI device, IDs PNP0303 PNP030b (active)
Feb 15 08:23:39 ip-172-31-69-22 kernel: [    0.572168] xen: --> pirq=20 -> irq=6 (gsi=6)
Feb 15 08:23:39 ip-172-31-69-22 kernel: [    0.572170] pnp 00:05: [dma 2]
Feb 15 08:23:39 ip-172-31-69-22 kernel: [    0.572186] pnp 00:05: Plug and Play ACPI device, IDs PNP0700 (active)
Feb 15 08:23:39 ip-172-31-69-22 kernel: [    0.572210] xen: --> pirq=21 -> irq=4 (gsi=4)
Feb 15 08:23:39 ip-172-31-69-22 kernel: [    0.572222] pnp 00:06: Plug and Play ACPI device, IDs PNP0501 (active)
Feb 15 08:23:39 ip-172-31-69-22 kernel: [    0.572260] system 00:07: [io  0x10c0-0x1141] has been reserved
Feb 15 08:23:39 ip-172-31-69-22 kernel: [    0.575589] system 00:07: [io  0xb044-0xb047] has been reserved
Feb 15 08:23:39 ip-172-31-69-22 kernel: [    0.578954] system 00:07: Plug and Play ACPI device, IDs PNP0c02 (active)
Feb 15 08:23:39 ip-172-31-69-22 kernel: [    0.604159] pnp: PnP ACPI: found 8 devices
Feb 15 08:23:39 ip-172-31-69-22 kernel: [    0.612393] clocksource: acpi_pm: mask: 0xffffff max_cycles: 0xffffff, max_idle_ns: 2085701024 ns
Feb 15 08:23:39 ip-172-31-69-22 kernel: [    0.617577] pci_bus 0000:00: resource 4 [io  0x0000-0x0cf7 window]
Feb 15 08:23:39 ip-172-31-69-22 kernel: [    0.617579] pci_bus 0000:00: resource 5 [io  0x0d00-0xffff window]
Feb 15 08:23:39 ip-172-31-69-22 kernel: [    0.617581] pci_bus 0000:00: resource 6 [mem 0x000a0000-0x000bffff window]
Feb 15 08:23:39 ip-172-31-69-22 kernel: [    0.617582] pci_bus 0000:00: resource 7 [mem 0xf0000000-0xfbffffff window]
Feb 15 08:23:39 ip-172-31-69-22 kernel: [    0.617625] NET: Registered protocol family 2
Feb 15 08:23:39 ip-172-31-69-22 kernel: [    0.620612] TCP established hash table entries: 8192 (order: 4, 65536 bytes)
Feb 15 08:23:39 ip-172-31-69-22 kernel: [    0.624691] TCP bind hash table entries: 8192 (order: 5, 131072 bytes)
Feb 15 08:23:39 ip-172-31-69-22 kernel: [    0.628825] TCP: Hash tables configured (established 8192 bind 8192)
Feb 15 08:23:39 ip-172-31-69-22 kernel: [    0.632347] UDP hash table entries: 512 (order: 2, 16384 bytes)
Feb 15 08:23:39 ip-172-31-69-22 kernel: [    0.635640] UDP-Lite hash table entries: 512 (order: 2, 16384 bytes)
Feb 15 08:23:39 ip-172-31-69-22 kernel: [    0.639317] NET: Registered protocol family 1
Feb 15 08:23:39 ip-172-31-69-22 kernel: [    0.642039] pci 0000:00:00.0: Limiting direct PCI/PCI transfers
Feb 15 08:23:39 ip-172-31-69-22 kernel: [    0.645425] pci 0000:00:01.0: PIIX3: Enabling Passive Release
Feb 15 08:23:39 ip-172-31-69-22 kernel: [    0.648536] pci 0000:00:01.0: Activating ISA DMA hang workarounds
Feb 15 08:23:39 ip-172-31-69-22 kernel: [    0.652021] pci 0000:00:02.0: Video device with shadowed ROM
Feb 15 08:23:39 ip-172-31-69-22 kernel: [    0.652087] PCI: CLS 0 bytes, default 64
Feb 15 08:23:39 ip-172-31-69-22 kernel: [    0.652149] Trying to unpack rootfs image as initramfs...
Feb 15 08:23:39 ip-172-31-69-22 kernel: [    0.830973] Freeing initrd memory: 12308K
Feb 15 08:23:39 ip-172-31-69-22 kernel: [    0.854495] RAPL PMU detected, API unit is 2^-32 Joules, 3 fixed counters 655360 ms ovfl timer
Feb 15 08:23:39 ip-172-31-69-22 kernel: [    0.861540] hw unit of domain pp0-core 2^-14 Joules
Feb 15 08:23:39 ip-172-31-69-22 kernel: [    0.865364] hw unit of domain package 2^-14 Joules
Feb 15 08:23:39 ip-172-31-69-22 kernel: [    0.869217] hw unit of domain dram 2^-16 Joules
Feb 15 08:23:39 ip-172-31-69-22 kernel: [    0.872928] Scanning for low memory corruption every 60 seconds
Feb 15 08:23:39 ip-172-31-69-22 kernel: [    0.885004] audit: initializing netlink subsys (disabled)
Feb 15 08:23:39 ip-172-31-69-22 kernel: [    0.899987] audit: type=2000 audit(1518697412.110:1): initialized
Feb 15 08:23:39 ip-172-31-69-22 kernel: [    0.910269] Initialise system trusted keyring
Feb 15 08:23:39 ip-172-31-69-22 kernel: [    0.918566] HugeTLB registered 2 MB page size, pre-allocated 0 pages
Feb 15 08:23:39 ip-172-31-69-22 kernel: [    0.930584] zbud: loaded
Feb 15 08:23:39 ip-172-31-69-22 kernel: [    0.936197] VFS: Disk quotas dquot_6.6.0
Feb 15 08:23:39 ip-172-31-69-22 kernel: [    0.942829] VFS: Dquot-cache hash table entries: 512 (order 0, 4096 bytes)
Feb 15 08:23:39 ip-172-31-69-22 kernel: [    0.952279] squashfs: version 4.0 (2009/01/31) Phillip Lougher
Feb 15 08:23:39 ip-172-31-69-22 kernel: [    0.960119] fuse init (API version 7.23)
Feb 15 08:23:39 ip-172-31-69-22 kernel: [    0.967407] Key type big_key registered
Feb 15 08:23:39 ip-172-31-69-22 kernel: [    0.974619] Allocating IMA MOK and blacklist keyrings.
Feb 15 08:23:39 ip-172-31-69-22 kernel: [    0.983130] Key type asymmetric registered
Feb 15 08:23:39 ip-172-31-69-22 kernel: [    0.989704] Asymmetric key parser 'x509' registered
Feb 15 08:23:39 ip-172-31-69-22 kernel: [    0.997563] Block layer SCSI generic (bsg) driver version 0.4 loaded (major 249)
Feb 15 08:23:39 ip-172-31-69-22 kernel: [    1.009045] io scheduler noop registered
Feb 15 08:23:39 ip-172-31-69-22 kernel: [    1.015284] io scheduler deadline registered (default)
Feb 15 08:23:39 ip-172-31-69-22 kernel: [    1.022978] io scheduler cfq registered
Feb 15 08:23:39 ip-172-31-69-22 kernel: [    1.032036] pci_hotplug: PCI Hot Plug PCI Core version: 0.5
Feb 15 08:23:39 ip-172-31-69-22 kernel: [    1.051310] pciehp: PCI Express Hot Plug Controller Driver version: 0.4
Feb 15 08:23:39 ip-172-31-69-22 kernel: [    1.057828] intel_idle: does not run on family 6 model 63
Feb 15 08:23:39 ip-172-31-69-22 kernel: [    1.057905] input: Power Button as /devices/LNXSYSTM:00/LNXPWRBN:00/input/input0
Feb 15 08:23:39 ip-172-31-69-22 kernel: [    1.064795] ACPI: Power Button [PWRF]
Feb 15 08:23:39 ip-172-31-69-22 kernel: [    1.069335] input: Sleep Button as /devices/LNXSYSTM:00/LNXSLPBN:00/input/input1
Feb 15 08:23:39 ip-172-31-69-22 kernel: [    1.083892] ACPI: Sleep Button [SLPF]
Feb 15 08:23:39 ip-172-31-69-22 kernel: [    1.091252] xen: --> pirq=22 -> irq=28 (gsi=28)
Feb 15 08:23:39 ip-172-31-69-22 kernel: [    1.091436] xen:grant_table: Grant tables using version 1 layout
Feb 15 08:23:39 ip-172-31-69-22 kernel: [    1.098892] Grant table initialized
Feb 15 08:23:39 ip-172-31-69-22 kernel: [    1.102600] Cannot get hvm parameter CONSOLE_EVTCHN (18): -22!
Feb 15 08:23:39 ip-172-31-69-22 kernel: [    1.111441] Serial: 8250/16550 driver, 32 ports, IRQ sharing enabled
Feb 15 08:23:39 ip-172-31-69-22 kernel: [    1.152100] 00:06: ttyS0 at I/O 0x3f8 (irq = 4, base_baud = 115200) is a 16550A
Feb 15 08:23:39 ip-172-31-69-22 kernel: [    1.159445] Linux agpgart interface v0.103
Feb 15 08:23:39 ip-172-31-69-22 kernel: [    1.164977] brd: module loaded
Feb 15 08:23:39 ip-172-31-69-22 kernel: [    1.169155] loop: module loaded
Feb 15 08:23:39 ip-172-31-69-22 kernel: [    1.172166] Invalid max_queues (4), will use default max: 1.
Feb 15 08:23:39 ip-172-31-69-22 kernel: [    1.177512] ata_piix 0000:00:01.1: version 2.13
Feb 15 08:23:39 ip-172-31-69-22 kernel: [    1.178418] scsi host0: ata_piix
Feb 15 08:23:39 ip-172-31-69-22 kernel: [    1.181742] scsi host1: ata_piix
Feb 15 08:23:39 ip-172-31-69-22 kernel: [    1.184952] ata1: PATA max MWDMA2 cmd 0x1f0 ctl 0x3f6 bmdma 0xc100 irq 14
Feb 15 08:23:39 ip-172-31-69-22 kernel: [    1.191193] ata2: PATA max MWDMA2 cmd 0x170 ctl 0x376 bmdma 0xc108 irq 15
Feb 15 08:23:39 ip-172-31-69-22 kernel: [    1.207162] libphy: Fixed MDIO Bus: probed
Feb 15 08:23:39 ip-172-31-69-22 kernel: [    1.214771] tun: Universal TUN/TAP device driver, 1.6
Feb 15 08:23:39 ip-172-31-69-22 kernel: [    1.238737] tun: (C) 1999-2004 Max Krasnyansky <maxk@qualcomm.com>
Feb 15 08:23:39 ip-172-31-69-22 kernel: [    1.249475] PPP generic driver version 2.4.2
Feb 15 08:23:39 ip-172-31-69-22 kernel: [    1.257390] xen_netfront: Initialising Xen virtual ethernet driver
Feb 15 08:23:39 ip-172-31-69-22 kernel: [    1.271755] ehci_hcd: USB 2.0 'Enhanced' Host Controller (EHCI) Driver
Feb 15 08:23:39 ip-172-31-69-22 kernel: [    1.280079] ehci-pci: EHCI PCI platform driver
Feb 15 08:23:39 ip-172-31-69-22 kernel: [    1.284832] ehci-platform: EHCI generic platform driver
Feb 15 08:23:39 ip-172-31-69-22 kernel: [    1.291492] ohci_hcd: USB 1.1 'Open' Host Controller (OHCI) Driver
Feb 15 08:23:39 ip-172-31-69-22 kernel: [    1.296936] ohci-pci: OHCI PCI platform driver
Feb 15 08:23:39 ip-172-31-69-22 kernel: [    1.314460] ohci-platform: OHCI generic platform driver
Feb 15 08:23:39 ip-172-31-69-22 kernel: [    1.321736] uhci_hcd: USB Universal Host Controller Interface driver
Feb 15 08:23:39 ip-172-31-69-22 kernel: [    1.330005] i8042: PNP: PS/2 Controller [PNP0303:PS2K,PNP0f13:PS2M] at 0x60,0x64 irq 1,12
Feb 15 08:23:39 ip-172-31-69-22 kernel: [    1.346527] serio: i8042 KBD port at 0x60,0x64 irq 1
Feb 15 08:23:39 ip-172-31-69-22 kernel: [    1.351082] serio: i8042 AUX port at 0x60,0x64 irq 12
Feb 15 08:23:39 ip-172-31-69-22 kernel: [    1.355833] mousedev: PS/2 mouse device common for all mice
Feb 15 08:23:39 ip-172-31-69-22 kernel: [    1.363004] input: AT Translated Set 2 keyboard as /devices/platform/i8042/serio0/input/input2
Feb 15 08:23:39 ip-172-31-69-22 kernel: [    1.370403] rtc_cmos 00:02: rtc core: registered rtc_cmos as rtc0
Feb 15 08:23:39 ip-172-31-69-22 kernel: [    1.376234] rtc_cmos 00:02: alarms up to one day, 114 bytes nvram, hpet irqs
Feb 15 08:23:39 ip-172-31-69-22 kernel: [    1.396275] i2c /dev entries driver
Feb 15 08:23:39 ip-172-31-69-22 kernel: [    1.400762] device-mapper: uevent: version 1.0.3
Feb 15 08:23:39 ip-172-31-69-22 kernel: [    1.406534] device-mapper: ioctl: 4.34.0-ioctl (2015-10-28) initialised: dm-devel@redhat.com
Feb 15 08:23:39 ip-172-31-69-22 kernel: [    1.413383] NET: Registered protocol family 10
Feb 15 08:23:39 ip-172-31-69-22 kernel: [    1.417223] NET: Registered protocol family 17
Feb 15 08:23:39 ip-172-31-69-22 kernel: [    1.421027] Key type dns_resolver registered
Feb 15 08:23:39 ip-172-31-69-22 kernel: [    1.425015] registered taskstats version 1
Feb 15 08:23:39 ip-172-31-69-22 kernel: [    1.428370] Loading compiled-in X.509 certificates
Feb 15 08:23:39 ip-172-31-69-22 kernel: [    1.433012] Loaded X.509 cert 'Build time autogenerated kernel key: 3202f79a2fa321ecce3869d36458fe9267f31118'
Feb 15 08:23:39 ip-172-31-69-22 kernel: [    1.455242] zswap: loaded using pool lzo/zbud
Feb 15 08:23:39 ip-172-31-69-22 kernel: [    1.460350] blkfront: xvda: barrier or flush: disabled; persistent grants: disabled; indirect descriptors: enabled;
Feb 15 08:23:39 ip-172-31-69-22 kernel: [    1.469289] Key type trusted registered
Feb 15 08:23:39 ip-172-31-69-22 kernel: [    1.475560] Key type encrypted registered
Feb 15 08:23:39 ip-172-31-69-22 kernel: [    1.479317]  xvda: xvda1
Feb 15 08:23:39 ip-172-31-69-22 kernel: [    1.482016] AppArmor: AppArmor sha1 policy hashing enabled
Feb 15 08:23:39 ip-172-31-69-22 kernel: [    1.486576] ima: No TPM chip found, activating TPM-bypass!
Feb 15 08:23:39 ip-172-31-69-22 kernel: [    1.491562] evm: HMAC attrs: 0x1
Feb 15 08:23:39 ip-172-31-69-22 kernel: [    1.495287]   Magic number: 6:197:380
Feb 15 08:23:39 ip-172-31-69-22 kernel: [    1.498827] rtc_cmos 00:02: setting system clock to 2018-02-15 12:23:32 UTC (1518697412)
Feb 15 08:23:39 ip-172-31-69-22 kernel: [    1.505829] BIOS EDD facility v0.16 2004-Jun-25, 0 devices found
Feb 15 08:23:39 ip-172-31-69-22 kernel: [    1.510967] EDD information not available.
Feb 15 08:23:39 ip-172-31-69-22 kernel: [    1.515023] PM: Hibernation image not present or could not be loaded.
Feb 15 08:23:39 ip-172-31-69-22 kernel: [    1.517123] Freeing unused kernel memory: 1484K
Feb 15 08:23:39 ip-172-31-69-22 kernel: [    1.522268] Write protecting the kernel read-only data: 14336k
Feb 15 08:23:39 ip-172-31-69-22 kernel: [    1.527501] Freeing unused kernel memory: 1908K
Feb 15 08:23:39 ip-172-31-69-22 kernel: [    1.531884] Freeing unused kernel memory: 224K
Feb 15 08:23:39 ip-172-31-69-22 kernel: [    1.548613] random: udevadm: uninitialized urandom read (16 bytes read, 9 bits of entropy available)
Feb 15 08:23:39 ip-172-31-69-22 kernel: [    1.556297] random: systemd-udevd: uninitialized urandom read (16 bytes read, 9 bits of entropy available)
Feb 15 08:23:39 ip-172-31-69-22 kernel: [    1.564237] random: systemd-udevd: uninitialized urandom read (16 bytes read, 9 bits of entropy available)
Feb 15 08:23:39 ip-172-31-69-22 kernel: [    1.571803] random: udevadm: uninitialized urandom read (16 bytes read, 9 bits of entropy available)
Feb 15 08:23:39 ip-172-31-69-22 kernel: [    1.578466] random: systemd-udevd: uninitialized urandom read (16 bytes read, 9 bits of entropy available)
Feb 15 08:23:39 ip-172-31-69-22 kernel: [    1.591263] random: systemd-udevd: uninitialized urandom read (16 bytes read, 9 bits of entropy available)
Feb 15 08:23:39 ip-172-31-69-22 kernel: [    1.599716] random: udevadm: uninitialized urandom read (16 bytes read, 9 bits of entropy available)
Feb 15 08:23:39 ip-172-31-69-22 kernel: [    1.607923] random: systemd-udevd: uninitialized urandom read (16 bytes read, 9 bits of entropy available)
Feb 15 08:23:39 ip-172-31-69-22 kernel: [    1.615547] random: udevadm: uninitialized urandom read (16 bytes read, 9 bits of entropy available)
Feb 15 08:23:39 ip-172-31-69-22 kernel: [    1.623370] random: systemd-udevd: uninitialized urandom read (16 bytes read, 9 bits of entropy available)
Feb 15 08:23:39 ip-172-31-69-22 kernel: [    1.745091] AVX2 version of gcm_enc/dec engaged.
Feb 15 08:23:39 ip-172-31-69-22 kernel: [    1.750005] AES CTR mode by8 optimization enabled
Feb 15 08:23:39 ip-172-31-69-22 kernel: [    1.872115] tsc: Refined TSC clocksource calibration: 2399.999 MHz
Feb 15 08:23:39 ip-172-31-69-22 kernel: [    1.875890] clocksource: tsc: mask: 0xffffffffffffffff max_cycles: 0x2298364cab5, max_idle_ns: 440795214892 ns
Feb 15 08:23:39 ip-172-31-69-22 kernel: [    3.247668] md: linear personality registered for level -1
Feb 15 08:23:39 ip-172-31-69-22 kernel: [    3.254054] md: multipath personality registered for level -4
Feb 15 08:23:39 ip-172-31-69-22 kernel: [    3.260615] md: raid0 personality registered for level 0
Feb 15 08:23:39 ip-172-31-69-22 kernel: [    3.268212] md: raid1 personality registered for level 1
Feb 15 08:23:39 ip-172-31-69-22 kernel: [    3.324066] raid6: sse2x1   gen()  8376 MB/s
Feb 15 08:23:39 ip-172-31-69-22 kernel: [    3.372071] raid6: sse2x1   xor()  6449 MB/s
Feb 15 08:23:39 ip-172-31-69-22 kernel: [    3.420069] raid6: sse2x2   gen() 10502 MB/s
Feb 15 08:23:39 ip-172-31-69-22 kernel: [    3.468066] raid6: sse2x2   xor()  7057 MB/s
Feb 15 08:23:39 ip-172-31-69-22 kernel: [    3.516069] raid6: sse2x4   gen() 12241 MB/s
Feb 15 08:23:39 ip-172-31-69-22 kernel: [    3.564064] raid6: sse2x4   xor()  8511 MB/s
Feb 15 08:23:39 ip-172-31-69-22 kernel: [    3.612064] raid6: avx2x1   gen() 16142 MB/s
Feb 15 08:23:39 ip-172-31-69-22 kernel: [    3.660064] raid6: avx2x2   gen() 18921 MB/s
Feb 15 08:23:39 ip-172-31-69-22 kernel: [    3.708066] raid6: avx2x4   gen() 21909 MB/s
Feb 15 08:23:39 ip-172-31-69-22 kernel: [    3.711136] raid6: using algorithm avx2x4 gen() 21909 MB/s
Feb 15 08:23:39 ip-172-31-69-22 kernel: [    3.714573] raid6: using avx2x2 recovery algorithm
Feb 15 08:23:39 ip-172-31-69-22 kernel: [    3.719716] xor: automatically using best checksumming function:
Feb 15 08:23:39 ip-172-31-69-22 kernel: [    3.760066]    avx       : 26122.000 MB/sec
Feb 15 08:23:39 ip-172-31-69-22 kernel: [    3.765089] async_tx: api initialized (async)
Feb 15 08:23:39 ip-172-31-69-22 kernel: [    3.780185] md: raid6 personality registered for level 6
Feb 15 08:23:39 ip-172-31-69-22 kernel: [    3.783850] md: raid5 personality registered for level 5
Feb 15 08:23:39 ip-172-31-69-22 kernel: [    3.787447] md: raid4 personality registered for level 4
Feb 15 08:23:39 ip-172-31-69-22 kernel: [    3.796778] md: raid10 personality registered for level 10
Feb 15 08:23:39 ip-172-31-69-22 kernel: [    3.840130] Btrfs loaded
Feb 15 08:23:39 ip-172-31-69-22 kernel: [    3.882712] EXT4-fs (xvda1): mounted filesystem with ordered data mode. Opts: (null)
Feb 15 08:23:39 ip-172-31-69-22 kernel: [    4.338609] Loading iSCSI transport class v2.0-870.
Feb 15 08:23:39 ip-172-31-69-22 kernel: [    4.353688] iscsi: registered transport (tcp)
Feb 15 08:23:39 ip-172-31-69-22 kernel: [    4.432203] iscsi: registered transport (iser)
Feb 15 08:23:39 ip-172-31-69-22 kernel: [    4.457624] EXT4-fs (xvda1): re-mounted. Opts: discard
Feb 15 08:23:39 ip-172-31-69-22 kernel: [    5.466663] audit: type=1400 audit(1518697416.464:2): apparmor="STATUS" operation="profile_load" profile="unconfined" name="lxc-container-default" pid=561 comm="apparmor_parser"
Feb 15 08:23:39 ip-172-31-69-22 kernel: [    5.466667] audit: type=1400 audit(1518697416.464:3): apparmor="STATUS" operation="profile_load" profile="unconfined" name="lxc-container-default-cgns" pid=561 comm="apparmor_parser"
Feb 15 08:23:39 ip-172-31-69-22 kernel: [    5.466670] audit: type=1400 audit(1518697416.464:4): apparmor="STATUS" operation="profile_load" profile="unconfined" name="lxc-container-default-with-mounting" pid=561 comm="apparmor_parser"
Feb 15 08:23:39 ip-172-31-69-22 kernel: [    5.466673] audit: type=1400 audit(1518697416.464:5): apparmor="STATUS" operation="profile_load" profile="unconfined" name="lxc-container-default-with-nesting" pid=561 comm="apparmor_parser"
Feb 15 08:23:39 ip-172-31-69-22 kernel: [    5.480478] audit: type=1400 audit(1518697416.480:6): apparmor="STATUS" operation="profile_load" profile="unconfined" name="/sbin/dhclient" pid=562 comm="apparmor_parser"
Feb 15 08:23:39 ip-172-31-69-22 kernel: [    5.480483] audit: type=1400 audit(1518697416.480:7): apparmor="STATUS" operation="profile_load" profile="unconfined" name="/usr/lib/NetworkManager/nm-dhcp-client.action" pid=562 comm="apparmor_parser"
Feb 15 08:23:39 ip-172-31-69-22 kernel: [    5.480486] audit: type=1400 audit(1518697416.480:8): apparmor="STATUS" operation="profile_load" profile="unconfined" name="/usr/lib/NetworkManager/nm-dhcp-helper" pid=562 comm="apparmor_parser"
Feb 15 08:23:39 ip-172-31-69-22 kernel: [    5.480489] audit: type=1400 audit(1518697416.480:9): apparmor="STATUS" operation="profile_load" profile="unconfined" name="/usr/lib/connman/scripts/dhclient-script" pid=562 comm="apparmor_parser"
Feb 15 08:23:39 ip-172-31-69-22 kernel: [    5.484668] audit: type=1400 audit(1518697416.484:10): apparmor="STATUS" operation="profile_load" profile="unconfined" name="/usr/bin/lxc-start" pid=563 comm="apparmor_parser"
Feb 15 08:23:39 ip-172-31-69-22 kernel: [    6.774579] ppdev: user-space parallel port driver
Feb 15 08:23:39 ip-172-31-69-22 kernel: [    8.336873] random: nonblocking pool is initialized
Feb 15 08:23:39 ip-172-31-69-22 systemd-modules-load[357]: Inserted module 'iscsi_tcp'
Feb 15 08:23:39 ip-172-31-69-22 systemd-modules-load[357]: Inserted module 'ib_iser'
Feb 15 08:23:39 ip-172-31-69-22 loadkeys[394]: Loading /etc/console-setup/cached.kmap.gz
Feb 15 08:23:39 ip-172-31-69-22 systemd[1]: Started Load Kernel Modules.
Feb 15 08:23:39 ip-172-31-69-22 systemd[1]: Started Uncomplicated firewall.
Feb 15 08:23:39 ip-172-31-69-22 systemd[1]: Started Create list of required static device nodes for the current kernel.
Feb 15 08:23:39 ip-172-31-69-22 systemd[1]: Started Remount Root and Kernel File Systems.
Feb 15 08:23:39 ip-172-31-69-22 systemd[1]: Started Set console keymap.
Feb 15 08:23:39 ip-172-31-69-22 systemd[1]: Started Nameserver information manager.
Feb 15 08:23:39 ip-172-31-69-22 systemd[1]: Started LVM2 metadata daemon.
Feb 15 08:23:39 ip-172-31-69-22 systemd[1]: Starting Load/Save Random Seed...
Feb 15 08:23:39 ip-172-31-69-22 systemd[1]: Starting Initial cloud-init job (pre-networking)...
Feb 15 08:23:39 ip-172-31-69-22 systemd[1]: Starting udev Coldplug all Devices...
Feb 15 08:23:39 ip-172-31-69-22 systemd[1]: Starting Create Static Device Nodes in /dev...
Feb 15 08:23:39 ip-172-31-69-22 systemd[1]: Starting Apply Kernel Variables...
Feb 15 08:23:39 ip-172-31-69-22 systemd[1]: Mounting FUSE Control File System...
Feb 15 08:23:39 ip-172-31-69-22 systemd[1]: Starting Flush Journal to Persistent Storage...
Feb 15 08:23:39 ip-172-31-69-22 systemd[1]: Mounted FUSE Control File System.
Feb 15 08:23:39 ip-172-31-69-22 systemd[1]: Started Load/Save Random Seed.
Feb 15 08:23:39 ip-172-31-69-22 systemd[1]: Started Create Static Device Nodes in /dev.
Feb 15 08:23:39 ip-172-31-69-22 systemd[1]: Started Apply Kernel Variables.
Feb 15 08:23:39 ip-172-31-69-22 systemd[1]: Starting udev Kernel Device Manager...
Feb 15 08:23:39 ip-172-31-69-22 systemd[1]: Started Flush Journal to Persistent Storage.
Feb 15 08:23:39 ip-172-31-69-22 systemd[1]: Started udev Coldplug all Devices.
Feb 15 08:23:39 ip-172-31-69-22 systemd[1]: Started udev Kernel Device Manager.
Feb 15 08:23:39 ip-172-31-69-22 systemd[1]: Started Dispatch Password Requests to Console Directory Watch.
Feb 15 08:23:39 ip-172-31-69-22 systemd[1]: Started Monitoring of LVM2 mirrors, snapshots etc. using dmeventd or progress polling.
Feb 15 08:23:39 ip-172-31-69-22 systemd[1]: Reached target Local File Systems (Pre).
Feb 15 08:23:39 ip-172-31-69-22 systemd[1]: Reached target Local File Systems.
Feb 15 08:23:39 ip-172-31-69-22 systemd[1]: Starting Create Volatile Files and Directories...
Feb 15 08:23:39 ip-172-31-69-22 systemd-tmpfiles[475]: [/usr/lib/tmpfiles.d/var.conf:14] Duplicate line for path "/var/log", ignoring.
Feb 15 08:23:39 ip-172-31-69-22 systemd[1]: Starting Set console font and keymap...
Feb 15 08:23:39 ip-172-31-69-22 systemd[1]: Starting Tell Plymouth To Write Out Runtime Data...
Feb 15 08:23:39 ip-172-31-69-22 systemd[1]: Starting LSB: AppArmor initialization...
Feb 15 08:23:39 ip-172-31-69-22 systemd[1]: Started Create Volatile Files and Directories.
Feb 15 08:23:39 ip-172-31-69-22 systemd[1]: Started Tell Plymouth To Write Out Runtime Data.
Feb 15 08:23:39 ip-172-31-69-22 systemd[1]: Starting Update UTMP about System Boot/Shutdown...
Feb 15 08:23:39 ip-172-31-69-22 systemd[1]: Starting Network Time Synchronization...
Feb 15 08:23:39 ip-172-31-69-22 apparmor[487]:  * Starting AppArmor profiles
Feb 15 08:23:39 ip-172-31-69-22 systemd[1]: Started Update UTMP about System Boot/Shutdown.
Feb 15 08:23:39 ip-172-31-69-22 systemd[1]: Started Network Time Synchronization.
Feb 15 08:23:39 ip-172-31-69-22 systemd[1]: Reached target System Time Synchronized.
Feb 15 08:23:39 ip-172-31-69-22 apparmor[487]: Skipping profile in /etc/apparmor.d/disable: usr.sbin.rsyslogd
Feb 15 08:23:39 ip-172-31-69-22 apparmor[487]:    ...done.
Feb 15 08:23:39 ip-172-31-69-22 systemd[1]: Started LSB: AppArmor initialization.
Feb 15 08:23:39 ip-172-31-69-22 systemd[1]: Found device /dev/ttyS0.
Feb 15 08:23:39 ip-172-31-69-22 systemd[1]: Found device /sys/subsystem/net/devices/eth0.
Feb 15 08:23:39 ip-172-31-69-22 systemd[1]: Listening on Load/Save RF Kill Switch Status /dev/rfkill Watch.
Feb 15 08:23:39 ip-172-31-69-22 systemd[1]: Started Set console font and keymap.
Feb 15 08:23:39 ip-172-31-69-22 dhclient[816]: Internet Systems Consortium DHCP Client 4.3.3
Feb 15 08:23:39 ip-172-31-69-22 dhclient[816]: Copyright 2004-2015 Internet Systems Consortium.
Feb 15 08:23:39 ip-172-31-69-22 dhclient[816]: All rights reserved.
Feb 15 08:23:39 ip-172-31-69-22 dhclient[816]: For info, please visit https://www.isc.org/software/dhcp/
Feb 15 08:23:39 ip-172-31-69-22 dhclient[816]: 
Feb 15 08:23:39 ip-172-31-69-22 dhclient[816]: Listening on LPF/eth0/02:af:ed:2c:d5:88
Feb 15 08:23:39 ip-172-31-69-22 dhclient[816]: Sending on   LPF/eth0/02:af:ed:2c:d5:88
Feb 15 08:23:39 ip-172-31-69-22 dhclient[816]: Sending on   Socket/fallback
Feb 15 08:23:39 ip-172-31-69-22 dhclient[816]: DHCPDISCOVER on eth0 to 255.255.255.255 port 67 interval 3 (xid=0xd7d41f65)
Feb 15 08:23:39 ip-172-31-69-22 dhclient[816]: DHCPREQUEST of 172.31.69.22 on eth0 to 255.255.255.255 port 67 (xid=0x651fd4d7)
Feb 15 08:23:39 ip-172-31-69-22 dhclient[816]: DHCPOFFER of 172.31.69.22 from 172.31.69.1
Feb 15 08:23:39 ip-172-31-69-22 dhclient[816]: DHCPACK of 172.31.69.22 from 172.31.69.1
Feb 15 08:23:39 ip-172-31-69-22 dhclient[816]: bound to 172.31.69.22 -- renewal in 1361 seconds.
Feb 15 08:23:39 ip-172-31-69-22 systemd[1]: Created slice system-getty.slice.
Feb 15 08:23:39 ip-172-31-69-22 cloud-init[434]: Cloud-init v. 17.1 running 'init-local' at Thu, 15 Feb 2018 12:23:36 +0000. Up 5.88 seconds.
Feb 15 08:23:39 ip-172-31-69-22 systemd[1]: Started Initial cloud-init job (pre-networking).
Feb 15 08:23:39 ip-172-31-69-22 systemd[1]: Reached target Network (Pre).
Feb 15 08:23:39 ip-172-31-69-22 systemd[1]: Started ifup for eth0.
Feb 15 08:23:39 ip-172-31-69-22 systemd[1]: Starting Raise network interfaces...
Feb 15 08:23:39 ip-172-31-69-22 dhclient[881]: Internet Systems Consortium DHCP Client 4.3.3
Feb 15 08:23:39 ip-172-31-69-22 sh[863]: Internet Systems Consortium DHCP Client 4.3.3
Feb 15 08:23:39 ip-172-31-69-22 dhclient[881]: Copyright 2004-2015 Internet Systems Consortium.
Feb 15 08:23:39 ip-172-31-69-22 sh[863]: Copyright 2004-2015 Internet Systems Consortium.
Feb 15 08:23:39 ip-172-31-69-22 dhclient[881]: All rights reserved.
Feb 15 08:23:39 ip-172-31-69-22 sh[863]: All rights reserved.
Feb 15 08:23:39 ip-172-31-69-22 dhclient[881]: For info, please visit https://www.isc.org/software/dhcp/
Feb 15 08:23:39 ip-172-31-69-22 sh[863]: For info, please visit https://www.isc.org/software/dhcp/
Feb 15 08:23:39 ip-172-31-69-22 dhclient[881]: 
Feb 15 08:23:39 ip-172-31-69-22 dhclient[881]: Listening on LPF/eth0/02:af:ed:2c:d5:88
Feb 15 08:23:39 ip-172-31-69-22 sh[863]: Listening on LPF/eth0/02:af:ed:2c:d5:88
Feb 15 08:23:39 ip-172-31-69-22 sh[863]: Sending on   LPF/eth0/02:af:ed:2c:d5:88
Feb 15 08:23:39 ip-172-31-69-22 sh[863]: Sending on   Socket/fallback
Feb 15 08:23:39 ip-172-31-69-22 sh[863]: DHCPDISCOVER on eth0 to 255.255.255.255 port 67 interval 3 (xid=0xc19aa838)
Feb 15 08:23:39 ip-172-31-69-22 dhclient[881]: Sending on   LPF/eth0/02:af:ed:2c:d5:88
Feb 15 08:23:39 ip-172-31-69-22 dhclient[881]: Sending on   Socket/fallback
Feb 15 08:23:39 ip-172-31-69-22 dhclient[881]: DHCPDISCOVER on eth0 to 255.255.255.255 port 67 interval 3 (xid=0xc19aa838)
Feb 15 08:23:39 ip-172-31-69-22 dhclient[881]: DHCPREQUEST of 172.31.69.22 on eth0 to 255.255.255.255 port 67 (xid=0x38a89ac1)
Feb 15 08:23:39 ip-172-31-69-22 sh[863]: DHCPREQUEST of 172.31.69.22 on eth0 to 255.255.255.255 port 67 (xid=0x38a89ac1)
Feb 15 08:23:39 ip-172-31-69-22 sh[863]: DHCPOFFER of 172.31.69.22 from 172.31.69.1
Feb 15 08:23:39 ip-172-31-69-22 dhclient[881]: DHCPOFFER of 172.31.69.22 from 172.31.69.1
Feb 15 08:23:39 ip-172-31-69-22 dhclient[881]: DHCPACK of 172.31.69.22 from 172.31.69.1
Feb 15 08:23:39 ip-172-31-69-22 sh[863]: DHCPACK of 172.31.69.22 from 172.31.69.1
Feb 15 08:23:39 ip-172-31-69-22 dhclient[881]: bound to 172.31.69.22 -- renewal in 1354 seconds.
Feb 15 08:23:39 ip-172-31-69-22 sh[863]: bound to 172.31.69.22 -- renewal in 1354 seconds.
Feb 15 08:23:39 ip-172-31-69-22 systemd[1]: Started Raise network interfaces.
Feb 15 08:23:39 ip-172-31-69-22 systemd[1]: Starting Initial cloud-init job (metadata service crawler)...
Feb 15 08:23:39 ip-172-31-69-22 systemd[1]: Reached target Network.
Feb 15 08:23:39 ip-172-31-69-22 cloud-init[1041]: Cloud-init v. 17.1 running 'init' at Thu, 15 Feb 2018 12:23:39 +0000. Up 8.16 seconds.
Feb 15 08:23:39 ip-172-31-69-22 cloud-init[1041]: ci-info: ++++++++++++++++++++++++++++++++++++++Net device info+++++++++++++++++++++++++++++++++++++++
Feb 15 08:23:39 ip-172-31-69-22 cloud-init[1041]: ci-info: +--------+------+----------------------------+-----------------+-------+-------------------+
Feb 15 08:23:39 ip-172-31-69-22 cloud-init[1041]: ci-info: | Device |  Up  |          Address           |       Mask      | Scope |     Hw-Address    |
Feb 15 08:23:39 ip-172-31-69-22 cloud-init[1041]: ci-info: +--------+------+----------------------------+-----------------+-------+-------------------+
Feb 15 08:23:39 ip-172-31-69-22 cloud-init[1041]: ci-info: |  eth0  | True |        172.31.69.22        | 255.255.255.224 |   .   | 02:af:ed:2c:d5:88 |
Feb 15 08:23:39 ip-172-31-69-22 cloud-init[1041]: ci-info: |  eth0  | True | fe80::af:edff:fe2c:d588/64 |        .        |  link | 02:af:ed:2c:d5:88 |
Feb 15 08:23:39 ip-172-31-69-22 cloud-init[1041]: ci-info: |   lo   | True |         127.0.0.1          |    255.0.0.0    |   .   |         .         |
Feb 15 08:23:39 ip-172-31-69-22 cloud-init[1041]: ci-info: |   lo   | True |          ::1/128           |        .        |  host |         .         |
Feb 15 08:23:39 ip-172-31-69-22 cloud-init[1041]: ci-info: +--------+------+----------------------------+-----------------+-------+-------------------+
Feb 15 08:23:39 ip-172-31-69-22 cloud-init[1041]: ci-info: ++++++++++++++++++++++++++++++Route IPv4 info++++++++++++++++++++++++++++++
Feb 15 08:23:39 ip-172-31-69-22 cloud-init[1041]: ci-info: +-------+-------------+-------------+-----------------+-----------+-------+
Feb 15 08:23:39 ip-172-31-69-22 cloud-init[1041]: ci-info: | Route | Destination |   Gateway   |     Genmask     | Interface | Flags |
Feb 15 08:23:39 ip-172-31-69-22 cloud-init[1041]: ci-info: +-------+-------------+-------------+-----------------+-----------+-------+
Feb 15 08:23:39 ip-172-31-69-22 cloud-init[1041]: ci-info: |   0   |   0.0.0.0   | 172.31.69.1 |     0.0.0.0     |    eth0   |   UG  |
Feb 15 08:23:39 ip-172-31-69-22 cloud-init[1041]: ci-info: |   1   | 172.31.69.0 |   0.0.0.0   | 255.255.255.224 |    eth0   |   U   |
Feb 15 08:23:39 ip-172-31-69-22 cloud-init[1041]: ci-info: +-------+-------------+-------------+-----------------+-----------+-------+
Feb 15 08:23:39 ip-172-31-69-22 systemd[1]: Started Initial cloud-init job (metadata service crawler).
Feb 15 08:23:39 ip-172-31-69-22 systemd[1]: Reached target Network is Online.
Feb 15 08:23:39 ip-172-31-69-22 systemd[1]: Starting iSCSI initiator daemon (iscsid)...
Feb 15 08:23:39 ip-172-31-69-22 systemd[1]: Reached target Cloud-config availability.
Feb 15 08:23:39 ip-172-31-69-22 systemd[1]: Reached target System Initialization.
Feb 15 08:23:39 ip-172-31-69-22 systemd[1]: Starting Socket activation for snappy daemon.
Feb 15 08:23:39 ip-172-31-69-22 systemd[1]: Listening on D-Bus System Message Bus Socket.
Feb 15 08:23:39 ip-172-31-69-22 systemd[1]: Started Daily Cleanup of Temporary Directories.
Feb 15 08:23:39 ip-172-31-69-22 systemd[1]: Started ACPI Events Check.
Feb 15 08:23:39 ip-172-31-69-22 systemd[1]: Reached target Paths.
Feb 15 08:23:39 ip-172-31-69-22 systemd[1]: Started Daily apt download activities.
Feb 15 08:23:39 ip-172-31-69-22 systemd[1]: Started Daily apt upgrade and clean activities.
Feb 15 08:23:39 ip-172-31-69-22 systemd[1]: Started Timer to automatically refresh installed snaps.
Feb 15 08:23:39 ip-172-31-69-22 systemd[1]: Listening on UUID daemon activation socket.
Feb 15 08:23:39 ip-172-31-69-22 systemd[1]: Reached target Timers.
Feb 15 08:23:39 ip-172-31-69-22 systemd[1]: Listening on ACPID Listen Socket.
Feb 15 08:23:39 ip-172-31-69-22 systemd[1]: Starting LXD - unix socket.
Feb 15 08:23:39 ip-172-31-69-22 systemd[1]: Listening on Socket activation for snappy daemon.
Feb 15 08:23:39 ip-172-31-69-22 systemd[1]: Listening on LXD - unix socket.
Feb 15 08:23:39 ip-172-31-69-22 iscsid: iSCSI logger with pid=1097 started!
Feb 15 08:23:39 ip-172-31-69-22 iscsid: iSCSI daemon with pid=1098 started!
Feb 15 08:23:39 ip-172-31-69-22 systemd[1]: Started iSCSI initiator daemon (iscsid).
Feb 15 08:23:39 ip-172-31-69-22 systemd[1]: Starting Login to default iSCSI targets...
Feb 15 08:23:39 ip-172-31-69-22 systemd[1]: Reached target Sockets.
Feb 15 08:23:39 ip-172-31-69-22 systemd[1]: Reached target Basic System.
Feb 15 08:23:39 ip-172-31-69-22 systemd[1]: Starting Initialize hardware monitoring sensors...
Feb 15 08:23:39 ip-172-31-69-22 systemd[1]: Started Unattended Upgrades Shutdown.
Feb 15 08:23:39 ip-172-31-69-22 sensors[1103]: No sensors found!
Feb 15 08:23:39 ip-172-31-69-22 sensors[1103]: Make sure you loaded all the kernel drivers you need.
Feb 15 08:23:39 ip-172-31-69-22 sensors[1103]: Try sensors-detect to find out which these are.
Feb 15 08:23:39 ip-172-31-69-22 systemd[1]: Started Regular background program processing daemon.
Feb 15 08:23:39 ip-172-31-69-22 cron[1107]: (CRON) INFO (pidfile fd = 3)
Feb 15 08:23:39 ip-172-31-69-22 systemd[1]: Started D-Bus System Message Bus.
Feb 15 08:23:39 ip-172-31-69-22 cron[1107]: (CRON) INFO (Running @reboot jobs)
Feb 15 08:23:39 ip-172-31-69-22 dbus[1109]: [system] AppArmor D-Bus mediation is enabled
Feb 15 08:23:39 ip-172-31-69-22 systemd[1]: Starting System Logging Service...
Feb 15 08:23:39 ip-172-31-69-22 systemd[1]: Started Deferred execution scheduler.
Feb 15 08:23:39 ip-172-31-69-22 systemd[1]: Starting /etc/rc.local Compatibility...
Feb 15 08:23:39 ip-172-31-69-22 systemd[1]: Started FUSE filesystem for LXC.
Feb 15 08:23:39 ip-172-31-69-22 systemd[1]: Starting Apply the settings specified in cloud-config...
Feb 15 08:23:39 ip-172-31-69-22 lxcfs[1121]: hierarchies:
Feb 15 08:23:39 ip-172-31-69-22 lxcfs[1121]:   0: fd:   5: freezer
Feb 15 08:23:39 ip-172-31-69-22 lxcfs[1121]:   1: fd:   6: pids
Feb 15 08:23:39 ip-172-31-69-22 lxcfs[1121]:   2: fd:   7: perf_event
Feb 15 08:23:39 ip-172-31-69-22 lxcfs[1121]:   3: fd:   8: net_cls,net_prio
Feb 15 08:23:39 ip-172-31-69-22 lxcfs[1121]:   4: fd:   9: hugetlb
Feb 15 08:23:39 ip-172-31-69-22 lxcfs[1121]:   5: fd:  10: blkio
Feb 15 08:23:39 ip-172-31-69-22 lxcfs[1121]:   6: fd:  11: memory
Feb 15 08:23:39 ip-172-31-69-22 lxcfs[1121]:   7: fd:  12: devices
Feb 15 08:23:39 ip-172-31-69-22 lxcfs[1121]:   8: fd:  13: cpu,cpuacct
Feb 15 08:23:39 ip-172-31-69-22 lxcfs[1121]:   9: fd:  14: cpuset
Feb 15 08:23:39 ip-172-31-69-22 lxcfs[1121]:  10: fd:  15: name=systemd
Feb 15 08:23:39 ip-172-31-69-22 kernel: [    8.879228] cgroup: new mount options do not match the existing superblock, will be ignored
Feb 15 08:23:39 ip-172-31-69-22 systemd[1]: Starting OpenBSD Secure Shell server...
Feb 15 08:23:39 ip-172-31-69-22 systemd[1]: Started ACPI event daemon.
Feb 15 08:23:39 ip-172-31-69-22 systemd[1]: Starting LXD - container startup/shutdown...
Feb 15 08:23:39 ip-172-31-69-22 acpid: starting up with netlink and the input layer
Feb 15 08:23:39 ip-172-31-69-22 acpid: 1 rule loaded
Feb 15 08:23:39 ip-172-31-69-22 acpid: waiting for events: event logging is off
Feb 15 08:23:39 ip-172-31-69-22 systemd[1]: Starting LSB: Record successful boot for GRUB...
Feb 15 08:23:39 ip-172-31-69-22 systemd[1]: Starting Login Service...
Feb 15 08:23:39 ip-172-31-69-22 systemd[1]: Starting Accounts Service...
Feb 15 08:23:39 ip-172-31-69-22 systemd[1]: Starting Snappy daemon...
Feb 15 08:23:39 ip-172-31-69-22 systemd[1]: Starting LSB: MD monitoring daemon...
Feb 15 08:23:39 ip-172-31-69-22 systemd[1]: Started System Logging Service.
Feb 15 08:23:39 ip-172-31-69-22 systemd[1]: Started /etc/rc.local Compatibility.
Feb 15 08:23:40 ip-172-31-69-22 sensors[1164]: No sensors found!
Feb 15 08:23:40 ip-172-31-69-22 sensors[1164]: Make sure you loaded all the kernel drivers you need.
Feb 15 08:23:40 ip-172-31-69-22 sensors[1164]: Try sensors-detect to find out which these are.
Feb 15 08:23:40 ip-172-31-69-22 systemd[1]: Started Initialize hardware monitoring sensors.
Feb 15 08:23:40 ip-172-31-69-22 systemd[1]: Started OpenBSD Secure Shell server.
Feb 15 08:23:40 ip-172-31-69-22 iscsiadm[1174]: iscsiadm: No records found
Feb 15 08:23:40 ip-172-31-69-22 dbus[1109]: [system] Activating via systemd: service name='org.freedesktop.PolicyKit1' unit='polkitd.service'
Feb 15 08:23:40 ip-172-31-69-22 systemd[1]: Started Login to default iSCSI targets.
Feb 15 08:23:40 ip-172-31-69-22 mdadm[1158]:  * Starting MD monitoring service mdadm --monitor
Feb 15 08:23:40 ip-172-31-69-22 systemd[1]: Started LSB: Record successful boot for GRUB.
Feb 15 08:23:40 ip-172-31-69-22 mdadm[1158]:    ...done.
Feb 15 08:23:40 ip-172-31-69-22 systemd[1]: Started LSB: MD monitoring daemon.
Feb 15 08:23:40 ip-172-31-69-22 systemd[1]: Started Login Service.
Feb 15 08:23:40 ip-172-31-69-22 systemd[1]: Starting Authenticate and Authorize Users to Run Privileged Tasks...
Feb 15 08:23:40 ip-172-31-69-22 systemd[1]: Reached target Remote File Systems (Pre).
Feb 15 08:23:40 ip-172-31-69-22 systemd[1]: Reached target Remote File Systems.
Feb 15 08:23:40 ip-172-31-69-22 systemd[1]: Starting LSB: automatic crash report generation...
Feb 15 08:23:40 ip-172-31-69-22 snapd[1154]: AppArmor status: apparmor is enabled and all features are available
Feb 15 08:23:40 ip-172-31-69-22 systemd[1]: Starting Permit User Sessions...
Feb 15 08:23:40 ip-172-31-69-22 systemd[1]: Starting LSB: Set the CPU Frequency Scaling governor to "ondemand"...
Feb 15 08:23:40 ip-172-31-69-22 systemd[1]: Starting LSB: daemon to balance interrupts for SMP systems...
Feb 15 08:23:40 ip-172-31-69-22 snapd[1154]: 2018/02/15 08:23:40.299359 daemon.go:306: started snapd/2.29.4.2 (series 16; classic) ubuntu/16.04 (amd64) linux/4.4.0-1049-aws.
Feb 15 08:23:40 ip-172-31-69-22 systemd[1]: Starting LSB: disk temperature monitoring daemon...
Feb 15 08:23:40 ip-172-31-69-22 systemd[1]: Started Snappy daemon.
Feb 15 08:23:40 ip-172-31-69-22 polkitd[1196]: started daemon version 0.105 using authority implementation `local' version `0.105'
Feb 15 08:23:40 ip-172-31-69-22 dbus[1109]: [system] Successfully activated service 'org.freedesktop.PolicyKit1'
Feb 15 08:23:40 ip-172-31-69-22 systemd[1]: Started LXD - container startup/shutdown.
Feb 15 08:23:40 ip-172-31-69-22 accounts-daemon[1149]: started daemon version 0.6.40
Feb 15 08:23:40 ip-172-31-69-22 systemd[1]: Started Permit User Sessions.
Feb 15 08:23:40 ip-172-31-69-22 systemd[1]: Started Authenticate and Authorize Users to Run Privileged Tasks.
Feb 15 08:23:40 ip-172-31-69-22 systemd[1]: Started Accounts Service.
Feb 15 08:23:40 ip-172-31-69-22 systemd[1]: Started LSB: Set the CPU Frequency Scaling governor to "ondemand".
Feb 15 08:23:40 ip-172-31-69-22 systemd[1]: Started LSB: disk temperature monitoring daemon.
Feb 15 08:23:40 ip-172-31-69-22 systemd[1]: Starting Hold until boot process finishes up...
Feb 15 08:23:40 ip-172-31-69-22 apport[1202]:  * Starting automatic crash report generation: apport
Feb 15 08:23:40 ip-172-31-69-22 irqbalance[1216]:  * Starting SMP IRQ Balancer: irqbalance
Feb 15 08:23:40 ip-172-31-69-22 systemd[1]: Starting Terminate Plymouth Boot Screen...
Feb 15 08:23:40 ip-172-31-69-22 systemd[1]: Started Hold until boot process finishes up.
Feb 15 08:23:40 ip-172-31-69-22 /usr/sbin/irqbalance: Balancing is ineffective on systems with a single cpu.  Shutting down
Feb 15 08:23:40 ip-172-31-69-22 irqbalance[1216]:    ...done.
Feb 15 08:23:40 ip-172-31-69-22 apport[1202]:    ...done.
Feb 15 08:23:40 ip-172-31-69-22 systemd[1]: Started LSB: automatic crash report generation.
Feb 15 08:23:40 ip-172-31-69-22 systemd[1]: Started LSB: daemon to balance interrupts for SMP systems.
Feb 15 08:23:40 ip-172-31-69-22 systemd[1]: Started Terminate Plymouth Boot Screen.
Feb 15 08:23:40 ip-172-31-69-22 systemd[1]: Starting Set console scheme...
Feb 15 08:23:40 ip-172-31-69-22 systemd[1]: Started Getty on tty1.
Feb 15 08:23:40 ip-172-31-69-22 systemd[1]: Started Serial Getty on ttyS0.
Feb 15 08:23:40 ip-172-31-69-22 systemd[1]: Reached target Login Prompts.
Feb 15 08:23:40 ip-172-31-69-22 systemd[1]: Reached target Multi-User System.
Feb 15 08:23:40 ip-172-31-69-22 systemd[1]: Reached target Graphical Interface.
Feb 15 08:23:40 ip-172-31-69-22 systemd[1]: Starting Update UTMP about System Runlevel Changes...
Feb 15 08:23:40 ip-172-31-69-22 systemd[1]: Started Set console scheme.
Feb 15 08:23:40 ip-172-31-69-22 systemd[1]: Started Update UTMP about System Runlevel Changes.
Feb 15 08:23:40 ip-172-31-69-22 cloud-init[1128]: Cloud-init v. 17.1 running 'modules:config' at Thu, 15 Feb 2018 12:23:40 +0000. Up 9.78 seconds.
Feb 15 08:23:40 ip-172-31-69-22 systemd[1]: Started Apply the settings specified in cloud-config.
Feb 15 08:23:40 ip-172-31-69-22 systemd[1]: Starting Execute cloud user/final scripts...
Feb 15 08:23:41 ip-172-31-69-22 cloud-init[1280]: Cloud-init v. 17.1 running 'modules:final' at Thu, 15 Feb 2018 12:23:41 +0000. Up 10.22 seconds.
Feb 15 08:23:41 ip-172-31-69-22 cloud-init[1280]: Cloud-init v. 17.1 finished at Thu, 15 Feb 2018 12:23:41 +0000. Datasource DataSourceEc2Local.  Up 10.34 seconds
Feb 15 08:23:41 ip-172-31-69-22 systemd[1]: Started Execute cloud user/final scripts.
Feb 15 08:23:41 ip-172-31-69-22 systemd[1]: Starting Daily apt download activities...
Feb 15 08:23:41 ip-172-31-69-22 systemd[1]: Reached target Cloud-init target.
Feb 15 08:23:49 ip-172-31-69-22 systemd[1]: Started Daily apt download activities.
Feb 15 08:23:49 ip-172-31-69-22 systemd[1]: Startup finished in 3.995s (kernel) + 14.331s (userspace) = 18.326s.
Feb 15 08:24:07 ip-172-31-69-22 systemd[1]: Time has been changed
Feb 15 08:24:07 ip-172-31-69-22 systemd-timesyncd[507]: Synchronized to time server 91.189.91.157:123 (ntp.ubuntu.com).
Feb 15 08:27:42 ip-172-31-69-22 systemd[1]: Created slice User Slice of ubuntu.
Feb 15 08:27:42 ip-172-31-69-22 systemd[1]: Starting User Manager for UID 1000...
Feb 15 08:27:42 ip-172-31-69-22 systemd[1]: Started Session 1 of user ubuntu.
Feb 15 08:27:42 ip-172-31-69-22 systemd[1566]: Reached target Sockets.
Feb 15 08:27:42 ip-172-31-69-22 systemd[1566]: Reached target Timers.
Feb 15 08:27:42 ip-172-31-69-22 systemd[1566]: Reached target Paths.
Feb 15 08:27:42 ip-172-31-69-22 systemd[1566]: Reached target Basic System.
Feb 15 08:27:42 ip-172-31-69-22 systemd[1566]: Reached target Default.
Feb 15 08:27:42 ip-172-31-69-22 systemd[1566]: Startup finished in 25ms.
Feb 15 08:27:42 ip-172-31-69-22 systemd[1]: Started User Manager for UID 1000.
Feb 15 08:28:06 ip-172-31-69-22 kernel: [  274.941873] Netfilter messages via NETLINK v0.30.
Feb 15 08:28:06 ip-172-31-69-22 kernel: [  274.949314] device eth0 entered promiscuous mode
Feb 15 08:38:55 ip-172-31-69-22 systemd[1]: Starting Cleanup of Temporary Directories...
Feb 15 08:38:55 ip-172-31-69-22 systemd-tmpfiles[1680]: [/usr/lib/tmpfiles.d/var.conf:14] Duplicate line for path "/var/log", ignoring.
Feb 15 08:38:55 ip-172-31-69-22 systemd[1]: Started Cleanup of Temporary Directories.
Feb 15 08:46:13 ip-172-31-69-22 dhclient[916]: DHCPREQUEST of 172.31.69.22 on eth0 to 172.31.69.1 port 67 (xid=0x38a89ac1)
Feb 15 08:46:13 ip-172-31-69-22 dhclient[916]: DHCPACK of 172.31.69.22 from 172.31.69.1
Feb 15 08:46:13 ip-172-31-69-22 dhclient[916]: bound to 172.31.69.22 -- renewal in 1552 seconds.
Feb 15 09:12:05 ip-172-31-69-22 dhclient[916]: DHCPREQUEST of 172.31.69.22 on eth0 to 172.31.69.1 port 67 (xid=0x38a89ac1)
Feb 15 09:12:05 ip-172-31-69-22 dhclient[916]: DHCPACK of 172.31.69.22 from 172.31.69.1
Feb 15 09:12:05 ip-172-31-69-22 dhclient[916]: bound to 172.31.69.22 -- renewal in 1464 seconds.
Feb 15 09:17:01 ip-172-31-69-22 CRON[1712]: (root) CMD (   cd / && run-parts --report /etc/cron.hourly)
Feb 15 09:36:29 ip-172-31-69-22 dhclient[916]: DHCPREQUEST of 172.31.69.22 on eth0 to 172.31.69.1 port 67 (xid=0x38a89ac1)
Feb 15 09:36:29 ip-172-31-69-22 dhclient[916]: DHCPACK of 172.31.69.22 from 172.31.69.1
Feb 15 09:36:29 ip-172-31-69-22 dhclient[916]: bound to 172.31.69.22 -- renewal in 1443 seconds.
Feb 15 10:00:32 ip-172-31-69-22 dhclient[916]: DHCPREQUEST of 172.31.69.22 on eth0 to 172.31.69.1 port 67 (xid=0x38a89ac1)
Feb 15 10:00:32 ip-172-31-69-22 dhclient[916]: DHCPACK of 172.31.69.22 from 172.31.69.1
Feb 15 10:00:32 ip-172-31-69-22 dhclient[916]: bound to 172.31.69.22 -- renewal in 1716 seconds.
Feb 15 10:17:01 ip-172-31-69-22 CRON[1742]: (root) CMD (   cd / && run-parts --report /etc/cron.hourly)
Feb 15 10:29:09 ip-172-31-69-22 dhclient[916]: DHCPREQUEST of 172.31.69.22 on eth0 to 172.31.69.1 port 67 (xid=0x38a89ac1)
Feb 15 10:29:09 ip-172-31-69-22 dhclient[916]: DHCPACK of 172.31.69.22 from 172.31.69.1
Feb 15 10:29:09 ip-172-31-69-22 dhclient[916]: bound to 172.31.69.22 -- renewal in 1694 seconds.
Feb 15 10:57:23 ip-172-31-69-22 dhclient[916]: DHCPREQUEST of 172.31.69.22 on eth0 to 172.31.69.1 port 67 (xid=0x38a89ac1)
Feb 15 10:57:23 ip-172-31-69-22 dhclient[916]: DHCPACK of 172.31.69.22 from 172.31.69.1
Feb 15 10:57:23 ip-172-31-69-22 dhclient[916]: bound to 172.31.69.22 -- renewal in 1554 seconds.
Feb 15 11:17:01 ip-172-31-69-22 CRON[1772]: (root) CMD (   cd / && run-parts --report /etc/cron.hourly)
Feb 15 11:23:17 ip-172-31-69-22 dhclient[916]: DHCPREQUEST of 172.31.69.22 on eth0 to 172.31.69.1 port 67 (xid=0x38a89ac1)
Feb 15 11:23:17 ip-172-31-69-22 dhclient[916]: DHCPACK of 172.31.69.22 from 172.31.69.1
Feb 15 11:23:17 ip-172-31-69-22 dhclient[916]: bound to 172.31.69.22 -- renewal in 1711 seconds.
Feb 15 11:51:48 ip-172-31-69-22 dhclient[916]: DHCPREQUEST of 172.31.69.22 on eth0 to 172.31.69.1 port 67 (xid=0x38a89ac1)
Feb 15 11:51:48 ip-172-31-69-22 dhclient[916]: DHCPACK of 172.31.69.22 from 172.31.69.1
Feb 15 11:51:48 ip-172-31-69-22 dhclient[916]: bound to 172.31.69.22 -- renewal in 1380 seconds.
Feb 15 12:14:48 ip-172-31-69-22 dhclient[916]: DHCPREQUEST of 172.31.69.22 on eth0 to 172.31.69.1 port 67 (xid=0x38a89ac1)
Feb 15 12:14:48 ip-172-31-69-22 dhclient[916]: DHCPACK of 172.31.69.22 from 172.31.69.1
Feb 15 12:14:48 ip-172-31-69-22 dhclient[916]: bound to 172.31.69.22 -- renewal in 1389 seconds.
Feb 15 12:17:01 ip-172-31-69-22 CRON[1812]: (root) CMD (   cd / && run-parts --report /etc/cron.hourly)
Feb 15 12:37:57 ip-172-31-69-22 dhclient[916]: DHCPREQUEST of 172.31.69.22 on eth0 to 172.31.69.1 port 67 (xid=0x38a89ac1)
Feb 15 12:37:57 ip-172-31-69-22 dhclient[916]: DHCPACK of 172.31.69.22 from 172.31.69.1
Feb 15 12:37:57 ip-172-31-69-22 dhclient[916]: bound to 172.31.69.22 -- renewal in 1637 seconds.
Feb 15 13:05:14 ip-172-31-69-22 dhclient[916]: DHCPREQUEST of 172.31.69.22 on eth0 to 172.31.69.1 port 67 (xid=0x38a89ac1)
Feb 15 13:05:14 ip-172-31-69-22 dhclient[916]: DHCPACK of 172.31.69.22 from 172.31.69.1
Feb 15 13:05:14 ip-172-31-69-22 dhclient[916]: bound to 172.31.69.22 -- renewal in 1514 seconds.
Feb 15 13:17:01 ip-172-31-69-22 CRON[1841]: (root) CMD (   cd / && run-parts --report /etc/cron.hourly)
Feb 15 13:30:28 ip-172-31-69-22 dhclient[916]: DHCPREQUEST of 172.31.69.22 on eth0 to 172.31.69.1 port 67 (xid=0x38a89ac1)
Feb 15 13:30:28 ip-172-31-69-22 dhclient[916]: DHCPACK of 172.31.69.22 from 172.31.69.1
Feb 15 13:30:28 ip-172-31-69-22 dhclient[916]: bound to 172.31.69.22 -- renewal in 1651 seconds.
Feb 15 13:47:01 ip-172-31-69-22 CRON[1858]: (root) CMD (nohup tcpdump > /home/ubuntu/capture/dump$(hostname -I) &  )
Feb 15 13:57:59 ip-172-31-69-22 dhclient[916]: DHCPREQUEST of 172.31.69.22 on eth0 to 172.31.69.1 port 67 (xid=0x38a89ac1)
Feb 15 13:57:59 ip-172-31-69-22 dhclient[916]: DHCPACK of 172.31.69.22 from 172.31.69.1
Feb 15 13:57:59 ip-172-31-69-22 dhclient[916]: bound to 172.31.69.22 -- renewal in 1465 seconds.
Feb 15 14:17:01 ip-172-31-69-22 CRON[1874]: (root) CMD (   cd / && run-parts --report /etc/cron.hourly)
Feb 15 14:22:25 ip-172-31-69-22 dhclient[916]: DHCPREQUEST of 172.31.69.22 on eth0 to 172.31.69.1 port 67 (xid=0x38a89ac1)
Feb 15 14:22:25 ip-172-31-69-22 dhclient[916]: DHCPACK of 172.31.69.22 from 172.31.69.1
Feb 15 14:22:25 ip-172-31-69-22 dhclient[916]: bound to 172.31.69.22 -- renewal in 1730 seconds.
Feb 15 14:51:15 ip-172-31-69-22 dhclient[916]: DHCPREQUEST of 172.31.69.22 on eth0 to 172.31.69.1 port 67 (xid=0x38a89ac1)
Feb 15 14:51:15 ip-172-31-69-22 dhclient[916]: DHCPACK of 172.31.69.22 from 172.31.69.1
Feb 15 14:51:15 ip-172-31-69-22 dhclient[916]: bound to 172.31.69.22 -- renewal in 1651 seconds.
Feb 15 15:17:01 ip-172-31-69-22 CRON[1903]: (root) CMD (   cd / && run-parts --report /etc/cron.hourly)
Feb 15 15:18:46 ip-172-31-69-22 dhclient[916]: DHCPREQUEST of 172.31.69.22 on eth0 to 172.31.69.1 port 67 (xid=0x38a89ac1)
Feb 15 15:18:46 ip-172-31-69-22 dhclient[916]: DHCPACK of 172.31.69.22 from 172.31.69.1
Feb 15 15:18:46 ip-172-31-69-22 dhclient[916]: bound to 172.31.69.22 -- renewal in 1630 seconds.
Feb 15 15:45:57 ip-172-31-69-22 dhclient[916]: DHCPREQUEST of 172.31.69.22 on eth0 to 172.31.69.1 port 67 (xid=0x38a89ac1)
Feb 15 15:45:57 ip-172-31-69-22 dhclient[916]: DHCPACK of 172.31.69.22 from 172.31.69.1
Feb 15 15:45:57 ip-172-31-69-22 dhclient[916]: bound to 172.31.69.22 -- renewal in 1442 seconds.
Feb 15 16:09:59 ip-172-31-69-22 dhclient[916]: DHCPREQUEST of 172.31.69.22 on eth0 to 172.31.69.1 port 67 (xid=0x38a89ac1)
Feb 15 16:09:59 ip-172-31-69-22 dhclient[916]: DHCPACK of 172.31.69.22 from 172.31.69.1
Feb 15 16:09:59 ip-172-31-69-22 dhclient[916]: bound to 172.31.69.22 -- renewal in 1685 seconds.
Feb 15 16:17:01 ip-172-31-69-22 CRON[1945]: (root) CMD (   cd / && run-parts --report /etc/cron.hourly)
Feb 15 16:38:04 ip-172-31-69-22 dhclient[916]: DHCPREQUEST of 172.31.69.22 on eth0 to 172.31.69.1 port 67 (xid=0x38a89ac1)
Feb 15 16:38:04 ip-172-31-69-22 dhclient[916]: DHCPACK of 172.31.69.22 from 172.31.69.1
Feb 15 16:38:04 ip-172-31-69-22 dhclient[916]: bound to 172.31.69.22 -- renewal in 1584 seconds.
Feb 15 17:04:28 ip-172-31-69-22 dhclient[916]: DHCPREQUEST of 172.31.69.22 on eth0 to 172.31.69.1 port 67 (xid=0x38a89ac1)
Feb 15 17:04:28 ip-172-31-69-22 dhclient[916]: DHCPACK of 172.31.69.22 from 172.31.69.1
Feb 15 17:04:28 ip-172-31-69-22 dhclient[916]: bound to 172.31.69.22 -- renewal in 1424 seconds.
Feb 15 17:17:01 ip-172-31-69-22 CRON[1978]: (root) CMD (   cd / && run-parts --report /etc/cron.hourly)
Feb 15 17:28:12 ip-172-31-69-22 dhclient[916]: DHCPREQUEST of 172.31.69.22 on eth0 to 172.31.69.1 port 67 (xid=0x38a89ac1)
Feb 15 17:28:12 ip-172-31-69-22 dhclient[916]: DHCPACK of 172.31.69.22 from 172.31.69.1
Feb 15 17:28:12 ip-172-31-69-22 dhclient[916]: bound to 172.31.69.22 -- renewal in 1739 seconds.
